2026-08-31 23:29:15
--- ESMCI::Array::print start ---
 Base name    = Array008
 Status: Base = Ready,  object = Ready
--- ESMCI::Array::print start ---
 Base name    = Array008
 Status: Base = Ready,  object = Ready
 Proxy        = no
 Root Info (Attributes):
 Proxy        = no
 Root Info (Attributes):
{
{
  "ESMF": {
  "ESMF": {
    "Instance": {
    "Instance": {
      "NamedAliasCount": 0
      "NamedAliasCount": 0
    }
    }
  }
  }
}}Array typekind/rank: Real*8 / 2 
Array typekind/rank: Real*8 / 2 
~ lower class' values ~
~ lower class' values ~
DistGrid dimCount = 2
DistGrid dimCount = 2
deCount = 4
localDeCount = 1
deCount = 4
localDeCount = 1
~ local data in LocalArray for DE 1 ~
LocalArrayPrint: Array at address 0x125009620:
~ local data in LocalArray for DE 0 ~
LocalArrayPrint: Array at address 0x13b212950:
            rank = 2, typekind = 6, base_addr = 0x105d9b340
            dim[0] = 3  dim[1] = 10  
            rank = 2, typekind = 6, base_addr = 0x101fab320
            dim[0] = 3  dim[1] = 10  
  Real, *8, Dim 2, Data values:
( 1, 1) =  1.2345
  Real, *8, Dim 2, Data values:
( 2, 1) =  1.2345
( 1, 1) =  513.58
( 2, 1) =  613.58
( 3, 1) =  1.2345
( 1, 2) =  1.2345
( 3, 1) =  713.58
( 2, 2) =  1.2345
( 3, 2) =  1.2345
( 1, 2) =  514.814
( 2, 2) =  614.814
( 1, 3) =  1.2345
( 2, 3) =  1.2345
( 3, 2) =  714.814
( 1, 3) =  516.048
( 2, 3) =  616.048
( 3, 3) =  716.048
( 1, 4) =  517.283
  skipping to end ...
( 3, 7) =  720.986
( 1, 8) =  522.221
( 2, 8) =  622.221
( 3, 8) =  722.221
( 1, 9) =  523.456
( 2, 9) =  623.456
( 3, 3) =  1.2345
( 1, 4) =  1.2345
  skipping to end ...
( 3, 7) =  1.2345
( 1, 8) =  1.2345
( 2, 8) =  1.2345
( 3, 8) =  1.2345
( 1, 9) =  1.2345
( 2, 9) =  1.2345
--- ESMCI::Array::print start ---
 Base name    = Array008
 Status: Base = Ready,  object = Ready
 Proxy        = no
 Root Info (Attributes):
( 3, 9) =  723.456
( 1,10) =  524.69
( 2,10) =  624.69
( 3,10) =  724.69
--- ESMCI::Array::print end ---
( 3, 9) =  1.2345
( 1,10) =  1.2345
( 2,10) =  1.2345
( 3,10) =  1.2345
--- ESMCI::Array::print end ---
 localPet =  1 myFarray2D2:    0.0000000000000000   0.0000000000000000   0.0000000000000000   0.0000000000000000   0.0000000000000000   0.0000000000000000   0.0000000000000000   0.0000000000000000   0.0000000000000000   0.0000000000000000   0.0000000000000000   0.0000000000000000   0.0000000000000000   0.0000000000000000   0.0000000000000000   0.0000000000000000   0.0000000000000000   0.0000000000000000   0.0000000000000000   0.0000000000000000   0.0000000000000000   0.0000000000000000   0.0000000000000000   0.0000000000000000   0.0000000000000000   0.0000000000000000   0.0000000000000000   0.0000000000000000   0.0000000000000000   0.0000000000000000
--- ESMCI::Array::print start ---
 Base name    = Array008
 Status: Base = Ready,  object = Ready
 Proxy        = no
 Root Info (Attributes):
{
  "ESMF": {
    "Instance": {
      "NamedAliasCount": 0
    }
  }
}Array typekind/rank: Real*8 / 2 
~ lower class' v--- ESMCI::Array::print start ---
 Base name    = Array008
 Status: Base = Ready,  object = Ready
 Proxy        = no
 Root Info (Attributes):
{
  "ESMF": {
    "Instance": {
      "NamedAliasCount": 0
    }
  }
}Array typekind/rank: Real*8 / 2 
~ lower class' values ~
DistGrid dimCount = 2
deCount = 4
localDeCount = 1
~ local data in LocalArray for DE 3 ~
LocalArrayPrint: Array at address 0x104e06c20:
            rank = 2, typekind = 6, base_addr = 0x104837340
            dim[0] = 3  dim[1] = 10  
  Real, *8, Dim 2, Data values:
( 1, 1) =  513.58
{
( 2, 1) =  613.58
alues ~
( 3, 1) =  713.58
( 1, 2) =  514.814
  "ESMF": {
( 2, 2) =  614.814
( 3, 2) =  714.814
( 1, 3) =  516.048
( 2, 3) =  616.048
( 3, 3) =  716.048
DistGrid dimCount = 2
( 1, 4) =  517.283
  skipping to end ...
    "Instance": {
      "NamedAliasCount": 0
( 3, 7) =  720.986
( 1, 8) =  522.221
( 2, 8) =  622.221
( 3, 8) =  722.221
    }
( 1, 9) =  523.456
( 2, 9) =  623.456
( 3, 9) =  723.456
deCount = 4
( 1,10) =  524.69
( 2,10) =  624.69
( 3,10) =  724.69
--- ESMCI::Array::print end ---
localDeCount = 1
~ local data in LocalArray for DE 1 ~
LocalArrayPrint: Array at address 0x125009620:
  }
}Array typekind/rank: Real*8 / 2 
 localPet =  3 myFarray2D2:    0.0000000000000000   0.0000000000000000   0.0000000000000000   0.0000000000000000   0.0000000000000000   0.0000000000000000   0.0000000000000000   0.0000000000000000   0.0000000000000000   0.0000000000000000   0.0000000000000000   0.0000000000000000   0.0000000000000000   0.0000000000000000   0.0000000000000000   0.0000000000000000   0.0000000000000000   0.0000000000000000   0.0000000000000000   0.0000000000000000   0.0000000000000000   0.0000000000000000   0.0000000000000000   0.0000000000000000   0.0000000000000000   0.0000000000000000   0.0000000000000000   0.0000000000000000   0.0000000000000000   0.0000000000000000
            rank = 2, typekind = 6, base_addr = 0x105d9b340
            dim[0] = 3  dim[1] = 10  
~ lower class' values ~
--- ESMCI::Array::print start ---
 Base name    = Array008
 Status: Base = Ready,  object = Ready
DistGrid dimCount = 2
 Proxy        = no
  Real, *8, Dim 2, Data values:
 Root Info (Attributes):
{
deCount = 4
( 1, 1) =  1.2345
( 2, 1) =  1.2345
  "ESMF": {
    "Instance": {
      "NamedAliasCount": 0
    }
  }
}Array typekind/rank: Real*8 / 2 
~ lower class' values ~
DistGrid dimCount = 2
deCount = 4
localDeCount = 1
~ local data in LocalArray for DE 3 ~
( 3, 1) =  1.2345
( 1, 2) =  1.2345
( 2, 2) =  1.2345
( 3, 2) =  1.2345
localDeCount = 1
~ local data in LocalArray for DE 2 ~
LocalArrayPrint: Array at address 0x134007dc0:
            rank = 2, typekind = 6, base_addr = 0x105f77340
            dim[0] = 3  dim[1] = 10  
( 1, 3) =  1.2345
LocalArrayPrint: Array at address 0x104e06c20:
  Real, *8, Dim 2, Data values:
            rank = 2, typekind = 6, base_addr = 0x104837340
            dim[0] = 3  dim[1] = 10  
  Real, *8, Dim 2, Data values:
( 1, 1) =  5.4321
( 2, 1) =  5.4321
( 2, 3) =  1.2345
( 3, 3) =  1.2345
( 1, 4) =  1.2345
( 1, 1) =  513.58
( 2, 1) =  613.58
( 3, 1) =  713.58
( 3, 1) =  5.4321
( 1, 2) =  5.4321
  skipping to end ...
( 2, 2) =  5.4321
( 1, 2) =  514.814
( 3, 7) =  1.2345
( 3, 2) =  5.4321
( 1, 3) =  5.4321
( 2, 2) =  614.814
( 1, 8) =  1.2345
( 2, 3) =  5.4321
( 3, 3) =  5.4321
( 3, 2) =  714.814
( 1, 4) =  5.4321
( 1, 3) =  516.048
( 2, 8) =  1.2345
( 3, 8) =  1.2345
( 1, 9) =  1.2345
( 2, 9) =  1.2345
  skipping to end ...
( 3, 7) =  5.4321
( 1, 8) =  5.4321
( 2, 8) =  5.4321
( 3, 8) =  5.4321
( 1, 9) =  5.4321
( 2, 9) =  5.4321
( 3, 9) =  5.4321
( 1,10) =  5.4321
( 2,10) =  5.4321
( 2, 3) =  616.048
( 3, 3) =  716.048
( 3, 9) =  1.2345
( 1,10) =  1.2345
( 3,10) =  5.4321
--- ESMCI::Array::print end ---
( 1, 4) =  517.283
( 2,10) =  1.2345
  skipping to end ...
( 3,10) =  1.2345
( 3, 7) =  720.986
--- ESMCI::Array::print end ---
( 1, 8) =  522.221
( 2, 8) =  622.221
( 3, 8) =  722.221
( 1, 9) =  523.456
( 2, 9) =  623.456
( 3, 9) =  723.456
( 1,10) =  524.69
( 2,10) =  624.69
( 3,10) =  724.69
--- ESMCI::Array::print end ---
 localPet =  0 myFarray2D2:    5.1357950000000005E+02   6.1357950000000005E+02   7.1357950000000005E+02   5.1481399999999996E+02   6.1481399999999996E+02   7.1481399999999996E+02   5.1604849999999999E+02   6.1604849999999999E+02   7.1604849999999999E+02   5.1728300000000002E+02   6.1728300000000002E+02   7.1728300000000002E+02   5.1851750000000004E+02   6.1851750000000004E+02   7.1851750000000004E+02   5.1975199999999995E+02   6.1975199999999995E+02   7.1975199999999995E+02   5.2098649999999998E+02   6.2098649999999998E+02   7.2098649999999998E+02   5.2222100000000000E+02   6.2222100000000000E+02   7.2222100000000000E+02   5.2345550000000003E+02   6.2345550000000003E+02   7.2345550000000003E+02   5.2469000000000005E+02   6.2469000000000005E+02   7.2469000000000005E+02
--- ESMCI::Array::print start ---
 Base name    = Array008
 Status: Base = Ready,  object = Ready
 Proxy        = no
 Root Info (Attributes):
{
  "ESMF": {
    "Instance": {
      "NamedAliasCount": 0
    }
  }
} localPet =  2 myFarray2D2:    0.0000000000000000   0.0000000000000000   0.0000000000000000   0.0000000000000000   0.0000000000000000   0.0000000000000000   0.0000000000000000   0.0000000000000000   0.0000000000000000   0.0000000000000000   0.0000000000000000   0.0000000000000000   0.0000000000000000   0.0000000000000000   0.0000000000000000   0.0000000000000000   0.0000000000000000   0.0000000000000000   0.0000000000000000   0.0000000000000000   0.0000000000000000   0.0000000000000000   0.0000000000000000   0.0000000000000000   0.0000000000000000   0.0000000000000000   0.0000000000000000   0.0000000000000000   0.0000000000000000   0.0000000000000000
--- ESMCI::Array::print start ---
 Base name    = Array008
 Status: Base = Ready,  object = Ready
 Proxy        = no
 Root Info (Attributes):
Array typekind/rank: Real*8 / 2 
~ lower class' values ~
DistGrid dimCount = 2
deCount = 4
localDeCount = 1
~ local data in LocalArray for DE 0 ~
{
LocalArrayPrint: Array at address 0x13b212950:
            rank = 2, typekind = 6, base_addr = 0x101fab320
            dim[0] = 3  dim[1] = 10  
  Real, *8, Dim 2, Data values:
( 1, 1) =  513.58
( 2, 1) =  613.58
( 3, 1) =  713.58
  "ESMF": {
    "Instance": {
      "NamedAliasCount": 0
( 1, 2) =  514.814
( 2, 2) =  614.814
    }
( 3, 2) =  714.814
( 1, 3) =  516.048
  }
( 2, 3) =  616.048
( 3, 3) =  716.048
}( 1, 4) =  517.283
Array typekind/rank: Real*8 / 2 
  skipping to end ...
( 3, 7) =  720.986
~ lower class' values ~
( 1, 8) =  522.221
DistGrid dimCount = 2
deCount = 4
localDeCount = 1
~ local data in LocalArray for DE 2 ~
LocalArrayPrint: Array at address 0x134007dc0:
            rank = 2, typekind = 6, base_addr = 0x105f77340
            dim[0] = 3  dim[1] = 10  
  Real, *8, Dim 2, Data values:
( 1, 1) =  513.58
( 2, 1) =  613.58
( 2, 8) =  622.221
( 3, 8) =  722.221
( 1, 9) =  523.456
( 2, 9) =  623.456
( 3, 9) =  723.456
( 1,10) =  524.69
( 2,10) =  624.69
( 3,10) =  724.69
--- ESMCI::Array::print end ---
 localPet =  3 myFarray2D2:    0.0000000000000000   0.0000000000000000   0.0000000000000000   0.0000000000000000   0.0000000000000000   0.0000000000000000   0.0000000000000000   0.0000000000000000   0.0000000000000000   0.0000000000000000   0.0000000000000000   0.0000000000000000   0.0000000000000000   0.0000000000000000   0.0000000000000000   0.0000000000000000   0.0000000000000000   0.0000000000000000   0.0000000000000000   0.0000000000000000   0.0000000000000000   0.0000000000000000   0.0000000000000000   0.0000000000000000   0.0000000000000000   0.0000000000000000   0.0000000000000000   0.0000000000000000   0.0000000000000000   0.0000000000000000
  PASS  Example ESMF_ArrayScatterGatherEx, ESMF_ArrayScatterGatherEx.F90, line 328
 localPet =  1 myFarray2D2:    0.0000000000000000   0.0000000000000000   0.0000000000000000   0.0000000000000000   0.0000000000000000   0.0000000000000000   0.0000000000000000   0.0000000000000000   0.0000000000000000   0.0000000000000000   0.0000000000000000   0.0000000000000000   0.0000000000000000   0.0000000000000000   0.0000000000000000   0.0000000000000000   0.0000000000000000   0.0000000000000000   0.0000000000000000   0.0000000000000000   0.0000000000000000   0.0000000000000000   0.0000000000000000   0.0000000000000000   0.0000000000000000   0.0000000000000000   0.0000000000000000   0.0000000000000000   0.0000000000000000   0.0000000000000000
  PASS  Example ESMF_ArrayScatterGatherEx, ESMF_ArrayScatterGatherEx.F90, line 328
( 3, 1) =  713.58
( 1, 2) =  514.814
( 2, 2) =  614.814
( 3, 2) =  714.814
( 1, 3) =  516.048
( 2, 3) =  616.048
( 3, 3) =  716.048
( 1, 4) =  517.283
  skipping to end ...
( 3, 7) =  720.986
( 1, 8) =  522.221
( 2, 8) =  622.221
( 3, 8) =  722.221
( 1, 9) =  523.456
( 2, 9) =  623.456
( 3, 9) =  723.456
( 1,10) =  524.69
( 2,10) =  624.69
( 3,10) =  724.69
--- ESMCI::Array::print end ---
 localPet =  2 myFarray2D2:    0.0000000000000000   0.0000000000000000   0.0000000000000000   0.0000000000000000   0.0000000000000000   0.0000000000000000   0.0000000000000000   0.0000000000000000   0.0000000000000000   0.0000000000000000   0.0000000000000000   0.0000000000000000   0.0000000000000000   0.0000000000000000   0.0000000000000000   0.0000000000000000   0.0000000000000000   0.0000000000000000   0.0000000000000000   0.0000000000000000   0.0000000000000000   0.0000000000000000   0.0000000000000000   0.0000000000000000   0.0000000000000000   0.0000000000000000   0.0000000000000000   0.0000000000000000   0.0000000000000000   0.0000000000000000
  PASS  Example ESMF_ArrayScatterGatherEx, ESMF_ArrayScatterGatherEx.F90, line 328
 localPet =  0 myFarray2D2:    5.4320998191833496   5.4320998191833496   5.4320998191833496   5.4320998191833496   5.4320998191833496   5.4320998191833496   5.4320998191833496   5.4320998191833496   5.4320998191833496   5.4320998191833496   5.4320998191833496   5.4320998191833496   5.4320998191833496   5.4320998191833496   5.4320998191833496   5.4320998191833496   5.4320998191833496   5.4320998191833496   5.4320998191833496   5.4320998191833496   5.4320998191833496   5.4320998191833496   5.4320998191833496   5.4320998191833496   5.4320998191833496   5.4320998191833496   5.4320998191833496   5.4320998191833496   5.4320998191833496   5.4320998191833496
  PASS  Example ESMF_ArrayScatterGatherEx, ESMF_ArrayScatterGatherEx.F90, line 328
 PASS: ESMF_ArrayScatterGatherEx.F90
 PASS: ESMF_ArrayScatterGatherEx.F90
 PASS: ESMF_ArrayScatterGatherEx.F90
 PASS: ESMF_ArrayScatterGatherEx.F90
