2026-09-03 03:19:05
20260903 035956.614 INFO             PET0 !!!!!!!!!!!!!!!!!!!!!!!!!!!!!!!!!!!!!!!!!!!!!!!!!!!!!!
20260903 035956.620 INFO             PET0 !!! THE ESMF_LOG IS SET TO OUTPUT ALL LOG MESSAGES !!!
20260903 035956.620 INFO             PET0 !!!     THIS MAY CAUSE SLOWDOWN IN PERFORMANCE     !!!
20260903 035956.620 INFO             PET0 !!! FOR PRODUCTION RUNS, USE:                      !!!
20260903 035956.620 INFO             PET0 !!!                   ESMF_LOGKIND_Multi_On_Error  !!!
20260903 035956.620 INFO             PET0 !!!!!!!!!!!!!!!!!!!!!!!!!!!!!!!!!!!!!!!!!!!!!!!!!!!!!!
20260903 035956.620 INFO             PET0 Running with ESMF Version   : develop+g4161bf9d44
20260903 035956.621 INFO             PET0 ESMF library build date/time: "Sep  3 2026" "03:17:19"
20260903 035956.621 INFO             PET0 ESMF library build location : /usr/local/esmf/esmf-testing/nag_7.2.44_openmpi_g_develop/esmf
20260903 035956.621 INFO             PET0 ESMF_COMM                   : openmpi
20260903 035956.622 INFO             PET0 ESMF_MOAB                   : enabled
20260903 035956.622 INFO             PET0 ESMF_LAPACK                 : enabled
20260903 035956.622 INFO             PET0 ESMF_NETCDF                 : enabled
20260903 035956.622 INFO             PET0 ESMF_PNETCDF                : disabled
20260903 035956.622 INFO             PET0 ESMF_PIO                    : enabled
20260903 035956.622 INFO             PET0 ESMF_YAMLCPP                : enabled
20260903 035956.750 INFO             PET0  NUMBER_OF_PROCESSORS 4
20260903 035956.750 INFO             PET0  PASS  Example ESMF_NUOPCBasicModelEx, ESMF_NUOPCBasicModelEx.F90, line 339
20260903 035956.750 INFO             PET0  Finalizing ESMF
20260903 035956.615 INFO             PET1 !!!!!!!!!!!!!!!!!!!!!!!!!!!!!!!!!!!!!!!!!!!!!!!!!!!!!!
20260903 035956.620 INFO             PET1 !!! THE ESMF_LOG IS SET TO OUTPUT ALL LOG MESSAGES !!!
20260903 035956.620 INFO             PET1 !!!     THIS MAY CAUSE SLOWDOWN IN PERFORMANCE     !!!
20260903 035956.620 INFO             PET1 !!! FOR PRODUCTION RUNS, USE:                      !!!
20260903 035956.620 INFO             PET1 !!!                   ESMF_LOGKIND_Multi_On_Error  !!!
20260903 035956.620 INFO             PET1 !!!!!!!!!!!!!!!!!!!!!!!!!!!!!!!!!!!!!!!!!!!!!!!!!!!!!!
20260903 035956.620 INFO             PET1 Running with ESMF Version   : develop+g4161bf9d44
20260903 035956.621 INFO             PET1 ESMF library build date/time: "Sep  3 2026" "03:17:19"
20260903 035956.621 INFO             PET1 ESMF library build location : /usr/local/esmf/esmf-testing/nag_7.2.44_openmpi_g_develop/esmf
20260903 035956.621 INFO             PET1 ESMF_COMM                   : openmpi
20260903 035956.622 INFO             PET1 ESMF_MOAB                   : enabled
20260903 035956.622 INFO             PET1 ESMF_LAPACK                 : enabled
20260903 035956.622 INFO             PET1 ESMF_NETCDF                 : enabled
20260903 035956.622 INFO             PET1 ESMF_PNETCDF                : disabled
20260903 035956.622 INFO             PET1 ESMF_PIO                    : enabled
20260903 035956.622 INFO             PET1 ESMF_YAMLCPP                : enabled
20260903 035956.750 INFO             PET1  NUMBER_OF_PROCESSORS 4
20260903 035956.750 INFO             PET1  PASS  Example ESMF_NUOPCBasicModelEx, ESMF_NUOPCBasicModelEx.F90, line 339
20260903 035956.750 INFO             PET1  Finalizing ESMF
20260903 035956.614 INFO             PET2 !!!!!!!!!!!!!!!!!!!!!!!!!!!!!!!!!!!!!!!!!!!!!!!!!!!!!!
20260903 035956.620 INFO             PET2 !!! THE ESMF_LOG IS SET TO OUTPUT ALL LOG MESSAGES !!!
20260903 035956.620 INFO             PET2 !!!     THIS MAY CAUSE SLOWDOWN IN PERFORMANCE     !!!
20260903 035956.620 INFO             PET2 !!! FOR PRODUCTION RUNS, USE:                      !!!
20260903 035956.620 INFO             PET2 !!!                   ESMF_LOGKIND_Multi_On_Error  !!!
20260903 035956.620 INFO             PET2 !!!!!!!!!!!!!!!!!!!!!!!!!!!!!!!!!!!!!!!!!!!!!!!!!!!!!!
20260903 035956.620 INFO             PET2 Running with ESMF Version   : develop+g4161bf9d44
20260903 035956.621 INFO             PET2 ESMF library build date/time: "Sep  3 2026" "03:17:19"
20260903 035956.621 INFO             PET2 ESMF library build location : /usr/local/esmf/esmf-testing/nag_7.2.44_openmpi_g_develop/esmf
20260903 035956.621 INFO             PET2 ESMF_COMM                   : openmpi
20260903 035956.622 INFO             PET2 ESMF_MOAB                   : enabled
20260903 035956.622 INFO             PET2 ESMF_LAPACK                 : enabled
20260903 035956.622 INFO             PET2 ESMF_NETCDF                 : enabled
20260903 035956.622 INFO             PET2 ESMF_PNETCDF                : disabled
20260903 035956.622 INFO             PET2 ESMF_PIO                    : enabled
20260903 035956.622 INFO             PET2 ESMF_YAMLCPP                : enabled
20260903 035956.750 INFO             PET2  NUMBER_OF_PROCESSORS 4
20260903 035956.750 INFO             PET2  PASS  Example ESMF_NUOPCBasicModelEx, ESMF_NUOPCBasicModelEx.F90, line 339
20260903 035956.750 INFO             PET2  Finalizing ESMF
20260903 035956.615 INFO             PET3 !!!!!!!!!!!!!!!!!!!!!!!!!!!!!!!!!!!!!!!!!!!!!!!!!!!!!!
20260903 035956.620 INFO             PET3 !!! THE ESMF_LOG IS SET TO OUTPUT ALL LOG MESSAGES !!!
20260903 035956.620 INFO             PET3 !!!     THIS MAY CAUSE SLOWDOWN IN PERFORMANCE     !!!
20260903 035956.620 INFO             PET3 !!! FOR PRODUCTION RUNS, USE:                      !!!
20260903 035956.620 INFO             PET3 !!!                   ESMF_LOGKIND_Multi_On_Error  !!!
20260903 035956.620 INFO             PET3 !!!!!!!!!!!!!!!!!!!!!!!!!!!!!!!!!!!!!!!!!!!!!!!!!!!!!!
20260903 035956.620 INFO             PET3 Running with ESMF Version   : develop+g4161bf9d44
20260903 035956.621 INFO             PET3 ESMF library build date/time: "Sep  3 2026" "03:17:19"
20260903 035956.621 INFO             PET3 ESMF library build location : /usr/local/esmf/esmf-testing/nag_7.2.44_openmpi_g_develop/esmf
20260903 035956.621 INFO             PET3 ESMF_COMM                   : openmpi
20260903 035956.622 INFO             PET3 ESMF_MOAB                   : enabled
20260903 035956.622 INFO             PET3 ESMF_LAPACK                 : enabled
20260903 035956.622 INFO             PET3 ESMF_NETCDF                 : enabled
20260903 035956.622 INFO             PET3 ESMF_PNETCDF                : disabled
20260903 035956.622 INFO             PET3 ESMF_PIO                    : enabled
20260903 035956.622 INFO             PET3 ESMF_YAMLCPP                : enabled
20260903 035956.750 INFO             PET3  NUMBER_OF_PROCESSORS 4
20260903 035956.750 INFO             PET3  PASS  Example ESMF_NUOPCBasicModelEx, ESMF_NUOPCBasicModelEx.F90, line 339
20260903 035956.750 INFO             PET3  Finalizing ESMF
