2026-09-17 23:23:38
--- ESMCI::ArrayBundle::print start ---
ArrayBundle: MyArrayBundle
arrayCount = 3
Container::print() multipmap:item=0 key=AonFly value=0x14a01a800
Container::print() multipmap:item=1 key=Array002 value=0x14a019000
--- ESMCI::ArrayBundle::print start ---
ArrayBundle: MyArrayBundle
arrayCount = 3
Container::print() multipmap:item=0 key=AonFly value=0x11e810400
Container::print() multipmap:item=1 key=Array002 value=0x11e80ec00
Container::print() multipmap:item=2 key=Array003 value=0x11e80f200
Container::print()      list:item=0 key=Array002 value=0x11e80ec00
Container::print()      list:item=1 key=Array003 value=0x11e80f200
Container::print()      list:item=2 key=AonFly value=0x11e810400
--- ESMCI::ArrayBundle::print end ---
--- ESMCI::ArrayBundle::print start ---
ArrayBundle: MyArrayBundle
arrayCount = 3
Container::print() multipmap:item=0 key=AonFly value=0x10b011600
Container::print() multipmap:item=1 key=Array002 value=0x12b04d400
Container::print() multipmap:item=2 key=Array003 value=0x12b051c00
Container::print()      list:item=0 key=Array002 value=0x12b04d400
Container::print()      list:item=1 key=Array003 value=0x12b051c00
Container::print()      list:item=2 key=AonFly value=0x10b011600
--- ESMCI::ArrayBundle::print end ---
--- ESMCI::Array::print start ---
 Base name    = AonFly
 Status: Base = Ready,  object = Ready
 Proxy        = no
 Root Info (Attributes):
Container::print() multipmap:item=2 key=Array003 value=0x14a019600
Container::print()      list:item=0 key=Array002 value=0x14a019000
Container::print()      list:item=1 key=Array003 value=0x14a019600
Container::print()      list:item=2 key=AonFly value=0x14a01a800
--- ESMCI::ArrayBundle::print end ---
--- ESMCI::Array::print start ---
 Base name    = AonFly
 Status: Base = Ready,  object = Ready
 Proxy        = no
 Root Info (Attributes):
--- ESMCI::Array::print start ---
 Base name    = AonFly
 Status: Base = Ready,  object = Ready
 Proxy        = no
 Root Info (Attributes):
--- ESMCI::ArrayBundle::print start ---
ArrayBundle: MyArrayBundle
arrayCount = 3
Container::print() multipmap:item=0 key=AonFly value=0x148068400
Container::print() multipmap:item=1 key=Array002 value=0x14804fe00
Container::print() multipmap:item=2 key=Array003 value=0x148046800
Container::print()      list:item=0 key=Array002 value=0x14804fe00
Container::print()      list:item=1 key=Array003 value=0x148046800
Container::print()      list:item=2 key=AonFly value=0x148068400
--- ESMCI::ArrayBundle::print end ---
--- ESMCI::Array::print start ---
 Base name    = AonFly
 Status: Base = Ready,  object = Ready
 Proxy        = no
 Root Info (Attributes):
{
  "ESMF": {
{
  "ESMF": {
    "Instance": {
{
  "ESMF": {
    "Instance": {
      "NamedAliasCount": 0
    "Instance": {
      "NamedAliasCount": 0
    }
  }
      "NamedAliasCount": 0
    }
  }
}    }
  }
}Array typekind/rank: Real*4 / 2 
}Array typekind/rank: Real*4 / 2 
~ lower class' values ~
DistGrid dimCount = 2
deCount = 6
localDeCount = 2
~ local data in LocalArray for DE 0 ~
Array typekind/rank: Real*4 / 2 
~ lower class' values ~
DistGrid dimCount = 2
deCount = 6
localDeCount = 1
~ local data in LocalArray for DE 2 ~
LocalArrayPrint: Array at address 0x149712490:
LocalArrayPrint: Array at address 0x11b207120:
            rank = 2, typekind = 5, base_addr = 0x101b9b400
            rank = 2, typekind = 5, base_addr = 0x103883350
            dim[0] = 3  dim[1] = 2  
~ lower class' values ~
DistGrid dimCount = 2
deCount = 6
localDeCount = 2
~ local data in LocalArray for DE 1 ~
LocalArrayPrint: Array at address 0x147e23a60:
            rank = 2, typekind = 5, base_addr = 0x1042bb450
            dim[0] = 2  dim[1] = 2  
            dim[0] = 3  dim[1] = 2  
  Real, *4, Dim 2, Data values:
  Real, *4, Dim 2, Data values:
( 1, 1) =  0
  Real, *4, Dim 2, Data values:
( 1, 1) =  0
( 1, 1) =  0
( 2, 1) =  0
( 3, 1) =  0
( 2, 1) =  0
( 1, 2) =  0
( 2, 1) =  0
( 3, 1) =  0
( 1, 2) =  0
( 1, 2) =  0
( 2, 2) =  0
( 3, 2) =  0
~ local data in LocalArray for DE 4 ~
LocalArrayPrint: Array at address 0x11b207450:
            rank = 2, typekind = 5, base_addr = 0x101b9b430
            dim[0] = 3  dim[1] = 1  
  Real, *4, Dim 2, Data values:
( 2, 2) =  0
~ local data in LocalArray for DE 5 ~
LocalArrayPrint: Array at address 0x147e23d90:
            rank = 2, typekind = 5, base_addr = 0x1042bb470
            dim[0] = 2  dim[1] = 1  
  Real, *4, Dim 2, Data values:
( 1, 1) =  0
( 2, 1) =  0
( 1, 1) =  0
--- ESMCI::Array::print end ---
--- ESMCI::Array::print start ---
( 2, 2) =  0
( 3, 2) =  0
--- ESMCI::Array::print end ---
--- ESMCI::Array::print start ---
 Base name    = Array002
 Status: Base = Ready,  object = Ready
 Proxy        = no
 Root Info (Attributes):
( 2, 1) =  0
( 3, 1) =  0
 Base name    = Array002
--- ESMCI::Array::print end ---
 Status: Base = Ready,  object = Ready
 Proxy        = no
{
  "ESMF": {
--- ESMCI::Array::print start ---
 Base name    = Array002
 Root Info (Attributes):
    "Instance": {
      "NamedAliasCount": 0
    }
  }
}Array typekind/rank: Real*8 / 2 
~ lower class' values ~
DistGrid dimCount = 2
deCount = 6
 Status: Base = Ready,  object = Ready
 Proxy        = no
 Root Info (Attributes):
{
  "ESMF": {
    "Instance": {
      "NamedAliasCount": 0
    }
{
  "ESMF": {
    "Instance": {
      "NamedAliasCount": 0
    }
  }
}Array typekind/rank: Real*8 / 2 
localDeCount = 1
~ local data in LocalArray for DE 2 ~
LocalArrayPrint: Array at address 0x149711330:
  }
~ lower class' values ~
DistGrid dimCount = 2
deCount = 6
}Array typekind/rank: Real*8 / 2 
~ lower class' values ~
DistGrid dimCount = 2
deCount = 6
localDeCount = 2
~ local data in LocalArray for DE 0 ~
LocalArrayPrint: Array at address 0x12ae19a10:
            rank = 2, typekind = 6, base_addr = 0x101b9b2e0
localDeCount = 2
~ local data in LocalArray for DE 1 ~
LocalArrayPrint: Array at address 0x147e22360:
            rank = 2, typekind = 6, base_addr = 0x1042bb320
            dim[0] = 2  dim[1] = 2  
  Real, *8, Dim 2, Data values:
( 1, 1) =  0
( 2, 1) =  0
( 1, 2) =  0
            rank = 2, typekind = 6, base_addr = 0x1038832e0
            dim[0] = 3  dim[1] = 2  
  Real, *8, Dim 2, Data values:
( 1, 1) =  2.18371e-314
( 2, 1) =  6.01347e-154
( 3, 1) =  6.01347e-154
( 1, 2) =  6.10916e+223
( 2, 2) =  4.33046e-312
( 3, 2) =  0
--- ESMCI::Array::print end ---
--- ESMCI::Array::print start ---
            dim[0] = 3  dim[1] = 2  
( 2, 2) =  0
~ local data in LocalArray for DE 5 ~
  Real, *8, Dim 2, Data values:
( 1, 1) =  2.1648e-314
( 2, 1) =  6.01347e-154
 Base name    = Array003
 Status: Base = Ready,  object = Ready
 Proxy        = no
LocalArrayPrint: Array at address 0x147e22690:
            rank = 2, typekind = 6, base_addr = 0x1042bb350
            dim[0] = 2  dim[1] = 1  
  Real, *8, Dim 2, Data values:
( 1, 1) =  0
( 2, 1) =  0
--- ESMCI::Array::print end ---
--- ESMCI::Array::print start ---
 Base name    = Array003
 Root Info (Attributes):
{
  "ESMF": {
    "Instance": {
      "NamedAliasCount": 0
    }
  }
}Array typekind/rank: Real*8 / 2 
 Status: Base = Ready,  object = Ready
 Proxy        = no
 Root Info (Attributes):
~ lower class' values ~
( 3, 1) =  6.01347e-154
( 1, 2) =  6.10916e+223
( 2, 2) =  4.33046e-312
( 3, 2) =  0
~ local data in LocalArray for DE 4 ~
LocalArrayPrint: Array at address 0x12ae19d40:
            rank = 2, typekind = 6, base_addr = 0x101b9b320
            dim[0] = 3  dim[1] = 1  
  Real, *8, Dim 2, Data values:
DistGrid dimCount = 2
( 1, 1) =  0
deCount = 6
localDeCount = 1
( 2, 1) =  0
( 3, 1) =  0
--- ESMCI::Array::print end ---
--- ESMCI::Array::print start ---
 Base name    = Array003
 Status: Base = Ready,  object = Ready
 Proxy        = no
 Root Info (Attributes):
{
{
  "ESMF": {
    "Instance": {
      "NamedAliasCount": 0
    }
  }
}Array typekind/rank: Real*8 / 2 
~ lower class' values ~
DistGrid dimCount = 2
deCount = 6
~ local data in LocalArray for DE 2 ~
LocalArrayPrint: Array at address 0x149711660:
            rank = 2, typekind = 6, base_addr = 0x1038832a0
            dim[0] = 3  dim[1] = 2  
  Real, *8, Dim 2, Data values:
( 1, 1) =  2.18371e-314
( 2, 1) =  6.01347e-154
( 3, 1) =  6.01347e-154
  "ESMF": {
    "Instance": {
( 1, 2) =  6.10916e+223
( 2, 2) =  4.33046e-312
      "NamedAliasCount": 0
    }
localDeCount = 2
~ local data in LocalArray for DE 1 ~
LocalArrayPrint: Array at address 0x147e229c0:
( 3, 2) =  0
--- ESMCI::Array::print end ---
  }
            rank = 2, typekind = 6, base_addr = 0x1042bb370
            dim[0] = 2  dim[1] = 2  
}Array typekind/rank: Real*8 / 2 
~ lower class' values ~
DistGrid dimCount = 2
deCount = 6
localDeCount = 2
~ local data in LocalArray for DE 0 ~
LocalArrayPrint: Array at address 0x12ae1a260:
            rank = 2, typekind = 6, base_addr = 0x101b9b2a0
  Real, *8, Dim 2, Data values:
( 1, 1) =  0
( 2, 1) =  0
( 1, 2) =  0
( 2, 2) =  0
~ local data in LocalArray for DE 5 ~
LocalArrayPrint: Array at address 0x147e22cf0:
            rank = 2, typekind = 6, base_addr = 0x1042bb3a0
            dim[0] = 2  dim[1] = 1  
  PASS  Example ESMF_ArrayBundleEx, ESMF_ArrayBundleEx.F90, line 267
            dim[0] = 3  dim[1] = 2  
  Real, *8, Dim 2, Data values:
  Real, *8, Dim 2, Data values:
( 1, 1) =  2.1648e-314
( 1, 1) =  0
( 2, 1) =  6.01347e-154
( 2, 1) =  0
--- ESMCI::Array::print end ---
( 3, 1) =  6.01347e-154
( 1, 2) =  6.10916e+223
( 2, 2) =  4.33046e-312
( 3, 2) =  0
~ local data in LocalArray for DE 4 ~
LocalArrayPrint: Array at address 0x12ae1a590:
            rank = 2, typekind = 6, base_addr = 0x101b9b350
            dim[0] = 3  dim[1] = 1  
  Real, *8, Dim 2, Data values:
( 1, 1) =  0
( 2, 1) =  0
( 3, 1) =  0
--- ESMCI::Array::print end ---
  PASS  Example ESMF_ArrayBundleEx, ESMF_ArrayBundleEx.F90, line 267
{
  "ESMF": {
    "Instance": {
      "NamedAliasCount": 0
    }
  }
}Array typekind/rank: Real*4 / 2 
~ lower class' values ~
DistGrid dimCount = 2
deCount = 6
localDeCount = 1
~ local data in LocalArray for DE 3 ~
LocalArrayPrint: Array at address 0x11e00ab10:
            rank = 2, typekind = 5, base_addr = 0x103e6b3d0
            dim[0] = 2  dim[1] = 2  
  Real, *4, Dim 2, Data values:
( 1, 1) =  0
( 2, 1) =  0
( 1, 2) =  0
  PASS  Example ESMF_ArrayBundleEx, ESMF_ArrayBundleEx.F90, line 267
( 2, 2) =  0
--- ESMCI::Array::print end ---
--- ESMCI::Array::print start ---
 Base name    = Array002
 Status: Base = Ready,  object = Ready
 Proxy        = no
 Root Info (Attributes):
{
  "ESMF": {
    "Instance": {
      "NamedAliasCount": 0
    }
  }
}Array typekind/rank: Real*8 / 2 
~ lower class' values ~
DistGrid dimCount = 2
deCount = 6
localDeCount = 1
~ local data in LocalArray for DE 3 ~
LocalArrayPrint: Array at address 0x11e009a80:
            rank = 2, typekind = 6, base_addr = 0x103e6b320
            dim[0] = 2  dim[1] = 2  
  Real, *8, Dim 2, Data values:
( 1, 1) =  0
( 2, 1) =  0
( 1, 2) =  0
( 2, 2) =  0
--- ESMCI::Array::print end ---
--- ESMCI::Array::print start ---
 Base name    = Array003
 Status: Base = Ready,  object = Ready
 Proxy        = no
 Root Info (Attributes):
{
  "ESMF": {
    "Instance": {
      "NamedAliasCount": 0
    }
  }
}Array typekind/rank: Real*8 / 2 
~ lower class' values ~
DistGrid dimCount = 2
deCount = 6
localDeCount = 1
~ local data in LocalArray for DE 3 ~
LocalArrayPrint: Array at address 0x11e009db0:
            rank = 2, typekind = 6, base_addr = 0x103e6b350
            dim[0] = 2  dim[1] = 2  
  Real, *8, Dim 2, Data values:
( 1, 1) =  0
( 2, 1) =  0
( 1, 2) =  0
( 2, 2) =  0
--- ESMCI::Array::print end ---
  PASS  Example ESMF_ArrayBundleEx, ESMF_ArrayBundleEx.F90, line 267
 PASS: ESMF_ArrayBundleEx.F90
 PASS: ESMF_ArrayBundleEx.F90
 PASS: ESMF_ArrayBundleEx.F90
 PASS: ESMF_ArrayBundleEx.F90
