2026-09-02 04:59:31
20260902 054236.095 INFO             PET0 !!!!!!!!!!!!!!!!!!!!!!!!!!!!!!!!!!!!!!!!!!!!!!!!!!!!!!
20260902 054236.095 INFO             PET0 !!! THE ESMF_LOG IS SET TO OUTPUT ALL LOG MESSAGES !!!
20260902 054236.095 INFO             PET0 !!!     THIS MAY CAUSE SLOWDOWN IN PERFORMANCE     !!!
20260902 054236.095 INFO             PET0 !!! FOR PRODUCTION RUNS, USE:                      !!!
20260902 054236.095 INFO             PET0 !!!                   ESMF_LOGKIND_Multi_On_Error  !!!
20260902 054236.095 INFO             PET0 !!!!!!!!!!!!!!!!!!!!!!!!!!!!!!!!!!!!!!!!!!!!!!!!!!!!!!
20260902 054236.095 INFO             PET0 Running with ESMF Version   : develop+g4161bf9d44
20260902 054236.095 INFO             PET0 ESMF library build date/time: "Sep  2 2026" "04:57:37"
20260902 054236.095 INFO             PET0 ESMF library build location : /tmp/cce_20.0.2_mpi_g_develop/esmf
20260902 054236.095 INFO             PET0 ESMF_COMM                   : mpi
20260902 054236.095 INFO             PET0 ESMF_MOAB                   : enabled
20260902 054236.095 INFO             PET0 ESMF_LAPACK                 : enabled
20260902 054236.095 INFO             PET0 ESMF_NETCDF                 : enabled
20260902 054236.095 INFO             PET0 ESMF_PNETCDF                : disabled
20260902 054236.095 INFO             PET0 ESMF_PIO                    : enabled
20260902 054236.095 INFO             PET0 ESMF_YAMLCPP                : enabled
20260902 054236.095 INFO             PET1 !!!!!!!!!!!!!!!!!!!!!!!!!!!!!!!!!!!!!!!!!!!!!!!!!!!!!!
20260902 054236.095 INFO             PET1 !!! THE ESMF_LOG IS SET TO OUTPUT ALL LOG MESSAGES !!!
20260902 054236.095 INFO             PET1 !!!     THIS MAY CAUSE SLOWDOWN IN PERFORMANCE     !!!
20260902 054236.095 INFO             PET1 !!! FOR PRODUCTION RUNS, USE:                      !!!
20260902 054236.095 INFO             PET1 !!!                   ESMF_LOGKIND_Multi_On_Error  !!!
20260902 054236.095 INFO             PET1 !!!!!!!!!!!!!!!!!!!!!!!!!!!!!!!!!!!!!!!!!!!!!!!!!!!!!!
20260902 054236.095 INFO             PET1 Running with ESMF Version   : develop+g4161bf9d44
20260902 054236.095 INFO             PET1 ESMF library build date/time: "Sep  2 2026" "04:57:37"
20260902 054236.095 INFO             PET1 ESMF library build location : /tmp/cce_20.0.2_mpi_g_develop/esmf
20260902 054236.095 INFO             PET1 ESMF_COMM                   : mpi
20260902 054236.095 INFO             PET1 ESMF_MOAB                   : enabled
20260902 054236.095 INFO             PET1 ESMF_LAPACK                 : enabled
20260902 054236.095 INFO             PET1 ESMF_NETCDF                 : enabled
20260902 054236.095 INFO             PET1 ESMF_PNETCDF                : disabled
20260902 054236.095 INFO             PET1 ESMF_PIO                    : enabled
20260902 054236.095 INFO             PET1 ESMF_YAMLCPP                : enabled
20260902 054236.103 ERROR            PET1 ESMF_FieldBundleRedistEx.F90:181 ESMF_FieldBundleRedistEx Not valid  - Validation check failed!
20260902 054236.103 INFO             PET1  Finalizing ESMF with endflag==ESMF_END_ABORT
20260902 054236.095 INFO             PET2 !!!!!!!!!!!!!!!!!!!!!!!!!!!!!!!!!!!!!!!!!!!!!!!!!!!!!!
20260902 054236.095 INFO             PET2 !!! THE ESMF_LOG IS SET TO OUTPUT ALL LOG MESSAGES !!!
20260902 054236.095 INFO             PET2 !!!     THIS MAY CAUSE SLOWDOWN IN PERFORMANCE     !!!
20260902 054236.095 INFO             PET2 !!! FOR PRODUCTION RUNS, USE:                      !!!
20260902 054236.095 INFO             PET2 !!!                   ESMF_LOGKIND_Multi_On_Error  !!!
20260902 054236.095 INFO             PET2 !!!!!!!!!!!!!!!!!!!!!!!!!!!!!!!!!!!!!!!!!!!!!!!!!!!!!!
20260902 054236.095 INFO             PET2 Running with ESMF Version   : develop+g4161bf9d44
20260902 054236.095 INFO             PET2 ESMF library build date/time: "Sep  2 2026" "04:57:37"
20260902 054236.095 INFO             PET2 ESMF library build location : /tmp/cce_20.0.2_mpi_g_develop/esmf
20260902 054236.095 INFO             PET2 ESMF_COMM                   : mpi
20260902 054236.095 INFO             PET2 ESMF_MOAB                   : enabled
20260902 054236.095 INFO             PET2 ESMF_LAPACK                 : enabled
20260902 054236.095 INFO             PET2 ESMF_NETCDF                 : enabled
20260902 054236.095 INFO             PET2 ESMF_PNETCDF                : disabled
20260902 054236.095 INFO             PET2 ESMF_PIO                    : enabled
20260902 054236.095 INFO             PET2 ESMF_YAMLCPP                : enabled
20260902 054236.103 ERROR            PET2 ESMF_FieldBundleRedistEx.F90:181 ESMF_FieldBundleRedistEx Not valid  - Validation check failed!
20260902 054236.103 INFO             PET2  Finalizing ESMF with endflag==ESMF_END_ABORT
20260902 054236.095 INFO             PET3 !!!!!!!!!!!!!!!!!!!!!!!!!!!!!!!!!!!!!!!!!!!!!!!!!!!!!!
20260902 054236.095 INFO             PET3 !!! THE ESMF_LOG IS SET TO OUTPUT ALL LOG MESSAGES !!!
20260902 054236.095 INFO             PET3 !!!     THIS MAY CAUSE SLOWDOWN IN PERFORMANCE     !!!
20260902 054236.095 INFO             PET3 !!! FOR PRODUCTION RUNS, USE:                      !!!
20260902 054236.095 INFO             PET3 !!!                   ESMF_LOGKIND_Multi_On_Error  !!!
20260902 054236.095 INFO             PET3 !!!!!!!!!!!!!!!!!!!!!!!!!!!!!!!!!!!!!!!!!!!!!!!!!!!!!!
20260902 054236.095 INFO             PET3 Running with ESMF Version   : develop+g4161bf9d44
20260902 054236.095 INFO             PET3 ESMF library build date/time: "Sep  2 2026" "04:57:37"
20260902 054236.095 INFO             PET3 ESMF library build location : /tmp/cce_20.0.2_mpi_g_develop/esmf
20260902 054236.095 INFO             PET3 ESMF_COMM                   : mpi
20260902 054236.095 INFO             PET3 ESMF_MOAB                   : enabled
20260902 054236.095 INFO             PET3 ESMF_LAPACK                 : enabled
20260902 054236.095 INFO             PET3 ESMF_NETCDF                 : enabled
20260902 054236.095 INFO             PET3 ESMF_PNETCDF                : disabled
20260902 054236.095 INFO             PET3 ESMF_PIO                    : enabled
20260902 054236.095 INFO             PET3 ESMF_YAMLCPP                : enabled
20260902 054236.103 ERROR            PET3 ESMF_FieldBundleRedistEx.F90:181 ESMF_FieldBundleRedistEx Not valid  - Validation check failed!
20260902 054236.103 INFO             PET3  Finalizing ESMF with endflag==ESMF_END_ABORT
