2026-09-22 04:54:06
20260922 055418.222 INFO             PET0 !!!!!!!!!!!!!!!!!!!!!!!!!!!!!!!!!!!!!!!!!!!!!!!!!!!!!!
20260922 055418.222 INFO             PET0 !!! THE ESMF_LOG IS SET TO OUTPUT ALL LOG MESSAGES !!!
20260922 055418.222 INFO             PET0 !!!     THIS MAY CAUSE SLOWDOWN IN PERFORMANCE     !!!
20260922 055418.222 INFO             PET0 !!! FOR PRODUCTION RUNS, USE:                      !!!
20260922 055418.222 INFO             PET0 !!!                   ESMF_LOGKIND_Multi_On_Error  !!!
20260922 055418.222 INFO             PET0 !!!!!!!!!!!!!!!!!!!!!!!!!!!!!!!!!!!!!!!!!!!!!!!!!!!!!!
20260922 055418.222 INFO             PET0 Running with ESMF Version   : v9.0.0b19
20260922 055418.222 INFO             PET0 ESMF library build date/time: "Sep 22 2026" "04:51:36"
20260922 055418.222 INFO             PET0 ESMF library build location : /tmp/nvhpc_25.5_mpi_g_develop/esmf
20260922 055418.222 INFO             PET0 ESMF_COMM                   : mpi
20260922 055418.222 INFO             PET0 ESMF_MOAB                   : enabled
20260922 055418.222 INFO             PET0 ESMF_LAPACK                 : enabled
20260922 055418.222 INFO             PET0 ESMF_NETCDF                 : enabled
20260922 055418.222 INFO             PET0 ESMF_PNETCDF                : disabled
20260922 055418.222 INFO             PET0 ESMF_PIO                    : enabled
20260922 055418.222 INFO             PET0 ESMF_YAMLCPP                : enabled
20260922 055418.228 INFO             PET0 =============================================
20260922 055418.229 INFO             PET0 ESMX (Earth System Model eXecutable) STARTING
20260922 055418.229 INFO             PET0 =============================================
20260922 055418.248 DEBUG            PET0 Generic SetVM() is executing for: ESMX_Driver
20260922 055418.249 DEBUG            PET0 Generic SetVM() found no NUOPC Hint for: ESMX_Driver
20260922 055418.249 DEBUG            PET0 Generic SetVM() therefore is NOT calling ESMF_GridCompSetVMMaxPEs() for: ESMX_Driver
20260922 055418.260 INFO             PET0 ESMX_Driver: InitializeGeneric intro.
20260922 055418.260 INFO             PET0   >>>ESMX_Driver: entered Initialize (phase=<none>) without valid internal Clock.
20260922 055418.260 INFO             PET0   ESMX_Driver: InitializeP0 intro.
20260922 055418.260 INFO             PET0     >>>ESMX_Driver: entered Initialize (phase=<none>) without valid internal Clock.
20260922 055418.261 INFO             PET0     <<<ESMX_Driver: leaving Initialize (phase=<none>) without valid internal Clock.
20260922 055418.261 INFO             PET0   ESMX_Driver: InitializeP0 extro.
20260922 055418.261 INFO             PET0   ESMX_Driver: InitializeIPDv02p1 intro.
20260922 055418.261 INFO             PET0     >>>ESMX_Driver: entered Initialize (phase=<none>) without valid internal Clock.
20260922 055418.279 INFO             PET0     ESMX_Driver - Creating model component ABC without petList.
20260922 055418.279 DEBUG            PET0     Generic SetVM() is executing for: ABC
20260922 055418.279 DEBUG            PET0     Generic SetVM() found no NUOPC Hint for: ABC
20260922 055418.279 DEBUG            PET0     Generic SetVM() therefore is NOT calling ESMF_GridCompSetVMMaxPEs() for: ABC
20260922 055418.290 INFO             PET0     ABC: InitializeP0 intro.
20260922 055418.290 INFO             PET0       >>>ABC: entered Initialize (phase=<none>) without valid internal Clock.
20260922 055418.292 INFO             PET0       <<<ABC: leaving Initialize (phase=<none>) without valid internal Clock.
20260922 055418.292 INFO             PET0     ABC: InitializeP0 extro.
20260922 055418.304 INFO             PET0     ESMX_Driver: IInitAdvertise intro.
20260922 055418.304 INFO             PET0       >>>ESMX_Driver: entered Initialize (phase=<none>) with current time: 2012 10 24  8  0  0   0
20260922 055418.304 INFO             PET0       <<<ESMX_Driver: leaving Initialize (phase=<none>) with current time: 2012 10 24  8  0  0   0
20260922 055418.304 INFO             PET0     ESMX_Driver: IInitAdvertise extro.
20260922 055418.304 INFO             PET0     ABC: InitializeIPDvXp01 intro.
20260922 055418.304 INFO             PET0       >>>ABC: entered Initialize (phase=IPDvXp01) without valid internal Clock.
20260922 055418.304 INFO             PET0       <<<ABC: leaving Initialize (phase=IPDvXp01) without valid internal Clock.
20260922 055418.304 INFO             PET0     ABC: InitializeIPDvXp01 extro.
20260922 055418.305 INFO             PET0     ESMX_Driver: IInitAdvertiseFinish intro.
20260922 055418.305 INFO             PET0       >>>ESMX_Driver: entered Initialize (phase=<none>) with current time: 2012 10 24  8  0  0   0
20260922 055418.306 INFO             PET0       <<<ESMX_Driver: leaving Initialize (phase=<none>) with current time: 2012 10 24  8  0  0   0
20260922 055418.306 INFO             PET0     ESMX_Driver: IInitAdvertiseFinish extro.
20260922 055418.306 INFO             PET0     ESMX_Driver: IInitModifyCplLists intro.
20260922 055418.306 INFO             PET0       >>>ESMX_Driver: entered Initialize (phase=<none>) with current time: 2012 10 24  8  0  0   0
20260922 055418.306 INFO             PET0       <<<ESMX_Driver: leaving Initialize (phase=<none>) with current time: 2012 10 24  8  0  0   0
20260922 055418.306 INFO             PET0     ESMX_Driver: IInitModifyCplLists extro.
20260922 055418.306 INFO             PET0     <<<ESMX_Driver: leaving Initialize (phase=<none>) with current time: 2012 10 24  8  0  0   0
20260922 055418.306 INFO             PET0   ESMX_Driver: InitializeIPDv02p1 extro.
20260922 055418.306 INFO             PET0   ESMX_Driver: InitializeIPDv02p3 intro.
20260922 055418.306 INFO             PET0     >>>ESMX_Driver: entered Initialize (phase=<none>) with current time: 2012 10 24  8  0  0   0
20260922 055418.307 INFO             PET0     ESMX_Driver: IInitCheck intro.
20260922 055418.307 INFO             PET0       >>>ESMX_Driver: entered Initialize (phase=<none>) with current time: 2012 10 24  8  0  0   0
20260922 055418.307 INFO             PET0       <<<ESMX_Driver: leaving Initialize (phase=<none>) with current time: 2012 10 24  8  0  0   0
20260922 055418.307 INFO             PET0     ESMX_Driver: IInitCheck extro.
20260922 055418.307 INFO             PET0     ABC: InitializeIPDvXp04 intro.
20260922 055418.307 INFO             PET0       >>>ABC: entered Initialize (phase=IPDvXp04) without valid internal Clock.
20260922 055418.307 INFO             PET0       <<<ABC: leaving Initialize (phase=IPDvXp04) without valid internal Clock.
20260922 055418.307 INFO             PET0     ABC: InitializeIPDvXp04 extro.
20260922 055418.308 INFO             PET0     ESMX_Driver: IInitRealize intro.
20260922 055418.309 INFO             PET0       >>>ESMX_Driver: entered Initialize (phase=<none>) with current time: 2012 10 24  8  0  0   0
20260922 055418.309 INFO             PET0       <<<ESMX_Driver: leaving Initialize (phase=<none>) with current time: 2012 10 24  8  0  0   0
20260922 055418.309 INFO             PET0     ESMX_Driver: IInitRealize extro.
20260922 055418.309 INFO             PET0     ABC: InitializeIPDvXp07 intro.
20260922 055418.309 INFO             PET0       >>>ABC: entered Initialize (phase=IPDvXp07) without valid internal Clock.
20260922 055418.309 INFO             PET0       <<<ABC: leaving Initialize (phase=IPDvXp07) with current time: 2012 10 24  8  0  0   0
20260922 055418.309 INFO             PET0     ABC: InitializeIPDvXp07 extro.
20260922 055418.309 INFO             PET0     <<<ESMX_Driver: leaving Initialize (phase=<none>) with current time: 2012 10 24  8  0  0   0
20260922 055418.309 INFO             PET0   ESMX_Driver: InitializeIPDv02p3 extro.
20260922 055418.309 INFO             PET0   ESMX_Driver: InitializeIPDv02p5 intro.
20260922 055418.310 INFO             PET0     >>>ESMX_Driver: entered Initialize (phase=<none>) with current time: 2012 10 24  8  0  0   0
20260922 055418.310 INFO             PET0     ESMX_Driver: InitializeIPDv02p5Data intro.
20260922 055418.310 INFO             PET0       >>>ESMX_Driver: entered Initialize (phase=<none>) with current time: 2012 10 24  8  0  0   0
20260922 055418.310 INFO             PET0       ESMX_Driver: InternalInitializeComplete intro.
20260922 055418.310 INFO             PET0         >>>ESMX_Driver: entered Initialize (phase=<none>) with current time: 2012 10 24  8  0  0   0
20260922 055418.310 INFO             PET0         <<<ESMX_Driver: leaving Initialize (phase=<none>) with current time: 2012 10 24  8  0  0   0
20260922 055418.310 INFO             PET0       ESMX_Driver: InternalInitializeComplete extro.
20260922 055418.310 INFO             PET0       ABC: InitializeIPDvXp08 intro.
20260922 055418.311 INFO             PET0         >>>ABC: entered Initialize (phase=IPDv05p8) with current time: 2012 10 24  8  0  0   0
20260922 055418.311 INFO             PET0         <<<ABC: leaving Initialize (phase=IPDv05p8) with current time: 2012 10 24  8  0  0   0
20260922 055418.311 INFO             PET0       ABC: InitializeIPDvXp08 extro.
20260922 055418.320 INFO             PET0       ESMX_Driver: loopDataDependentInitialize intro.
20260922 055418.320 INFO             PET0         >>>ESMX_Driver: entered Initialize (phase=<none>) with current time: 2012 10 24  8  0  0   0
20260922 055418.320 INFO             PET0         <<<ESMX_Driver: leaving Initialize (phase=<none>) with current time: 2012 10 24  8  0  0   0
20260922 055418.320 INFO             PET0       ESMX_Driver: loopDataDependentInitialize extro.
20260922 055418.320 INFO             PET0       <<<ESMX_Driver: leaving Initialize (phase=<none>) with current time: 2012 10 24  8  0  0   0
20260922 055418.320 INFO             PET0     ESMX_Driver: InitializeIPDv02p5Data extro.
20260922 055418.320 INFO             PET0     <<<ESMX_Driver: leaving Initialize (phase=<none>) with current time: 2012 10 24  8  0  0   0
20260922 055418.320 INFO             PET0   ESMX_Driver: InitializeIPDv02p5 extro.
20260922 055418.320 INFO             PET0   <<<ESMX_Driver: leaving Initialize (phase=<none>) with current time: 2012 10 24  8  0  0   0
20260922 055418.320 INFO             PET0 ESMX_Driver: InitializeGeneric extro.
20260922 055418.321 INFO             PET0 ESMX_Driver: Run intro.
20260922 055418.321 INFO             PET0   >>>ESMX_Driver: entered Run (phase=RunPhase1) with current time: 2012 10 24  8  0  0   0
20260922 055418.321 INFO             PET0   ABC: Run intro.
20260922 055418.321 INFO             PET0     >>>ABC: entered Run (phase=RunPhase1) with current time: 2012 10 24  8  0  0   0
20260922 055418.321 INFO             PET0     <<<ABC: leaving Run (phase=RunPhase1) with current time: 2012 10 24 20  0  0   0
20260922 055418.321 INFO             PET0   ABC: Run extro.
20260922 055418.321 INFO             PET0   <<<ESMX_Driver: leaving Run (phase=RunPhase1) with current time: 2012 10 24 20  0  0   0
20260922 055418.321 INFO             PET0 ESMX_Driver: Run extro.
20260922 055418.321 INFO             PET0 ESMX_Driver: Finalize intro.
20260922 055418.321 INFO             PET0   >>>ESMX_Driver: entered Finalize (phase=FinalizePhase1) with current time: 2012 10 24 20  0  0   0
20260922 055418.321 INFO             PET0   Calling Finalize phase 1 for modelComp: ABC
20260922 055418.322 INFO             PET0   ABC: Finalize intro.
20260922 055418.322 INFO             PET0     >>>ABC: entered Finalize (phase=FinalizePhase1) with current time: 2012 10 24 20  0  0   0
20260922 055418.322 INFO             PET0     <<<ABC: leaving Finalize (phase=FinalizePhase1) with current time: 2012 10 24 20  0  0   0
20260922 055418.322 INFO             PET0   ABC: Finalize extro.
20260922 055418.322 INFO             PET0   Delete modelComp: ABC
20260922 055418.322 INFO             PET0   <<<ESMX_Driver: leaving Finalize (phase=FinalizePhase1) with current time: 2012 10 24 20  0  0   0
20260922 055418.322 INFO             PET0 ESMX_Driver: Finalize extro.
20260922 055418.322 INFO             PET0 =============================================
20260922 055418.322 INFO             PET0 ESMX (Earth System Model eXecutable) FINISHED
20260922 055418.322 INFO             PET0 =============================================
20260922 055418.322 INFO             PET0  Finalizing ESMF
20260922 055418.222 INFO             PET1 !!!!!!!!!!!!!!!!!!!!!!!!!!!!!!!!!!!!!!!!!!!!!!!!!!!!!!
20260922 055418.222 INFO             PET1 !!! THE ESMF_LOG IS SET TO OUTPUT ALL LOG MESSAGES !!!
20260922 055418.222 INFO             PET1 !!!     THIS MAY CAUSE SLOWDOWN IN PERFORMANCE     !!!
20260922 055418.222 INFO             PET1 !!! FOR PRODUCTION RUNS, USE:                      !!!
20260922 055418.222 INFO             PET1 !!!                   ESMF_LOGKIND_Multi_On_Error  !!!
20260922 055418.222 INFO             PET1 !!!!!!!!!!!!!!!!!!!!!!!!!!!!!!!!!!!!!!!!!!!!!!!!!!!!!!
20260922 055418.222 INFO             PET1 Running with ESMF Version   : v9.0.0b19
20260922 055418.222 INFO             PET1 ESMF library build date/time: "Sep 22 2026" "04:51:36"
20260922 055418.222 INFO             PET1 ESMF library build location : /tmp/nvhpc_25.5_mpi_g_develop/esmf
20260922 055418.222 INFO             PET1 ESMF_COMM                   : mpi
20260922 055418.222 INFO             PET1 ESMF_MOAB                   : enabled
20260922 055418.222 INFO             PET1 ESMF_LAPACK                 : enabled
20260922 055418.222 INFO             PET1 ESMF_NETCDF                 : enabled
20260922 055418.222 INFO             PET1 ESMF_PNETCDF                : disabled
20260922 055418.222 INFO             PET1 ESMF_PIO                    : enabled
20260922 055418.222 INFO             PET1 ESMF_YAMLCPP                : enabled
20260922 055418.229 INFO             PET1 =============================================
20260922 055418.229 INFO             PET1 ESMX (Earth System Model eXecutable) STARTING
20260922 055418.229 INFO             PET1 =============================================
20260922 055418.252 DEBUG            PET1 Generic SetVM() is executing for: ESMX_Driver
20260922 055418.253 DEBUG            PET1 Generic SetVM() found no NUOPC Hint for: ESMX_Driver
20260922 055418.253 DEBUG            PET1 Generic SetVM() therefore is NOT calling ESMF_GridCompSetVMMaxPEs() for: ESMX_Driver
20260922 055418.264 INFO             PET1 ESMX_Driver: InitializeGeneric intro.
20260922 055418.264 INFO             PET1   >>>ESMX_Driver: entered Initialize (phase=<none>) without valid internal Clock.
20260922 055418.264 INFO             PET1   ESMX_Driver: InitializeP0 intro.
20260922 055418.264 INFO             PET1     >>>ESMX_Driver: entered Initialize (phase=<none>) without valid internal Clock.
20260922 055418.265 INFO             PET1     <<<ESMX_Driver: leaving Initialize (phase=<none>) without valid internal Clock.
20260922 055418.265 INFO             PET1   ESMX_Driver: InitializeP0 extro.
20260922 055418.265 INFO             PET1   ESMX_Driver: InitializeIPDv02p1 intro.
20260922 055418.265 INFO             PET1     >>>ESMX_Driver: entered Initialize (phase=<none>) without valid internal Clock.
20260922 055418.279 INFO             PET1     ESMX_Driver - Creating model component ABC without petList.
20260922 055418.279 DEBUG            PET1     Generic SetVM() is executing for: ABC
20260922 055418.279 DEBUG            PET1     Generic SetVM() found no NUOPC Hint for: ABC
20260922 055418.279 DEBUG            PET1     Generic SetVM() therefore is NOT calling ESMF_GridCompSetVMMaxPEs() for: ABC
20260922 055418.296 INFO             PET1     ABC: InitializeP0 intro.
20260922 055418.297 INFO             PET1       >>>ABC: entered Initialize (phase=<none>) without valid internal Clock.
20260922 055418.299 INFO             PET1       <<<ABC: leaving Initialize (phase=<none>) without valid internal Clock.
20260922 055418.299 INFO             PET1     ABC: InitializeP0 extro.
20260922 055418.306 INFO             PET1     ESMX_Driver: IInitAdvertise intro.
20260922 055418.306 INFO             PET1       >>>ESMX_Driver: entered Initialize (phase=<none>) with current time: 2012 10 24  8  0  0   0
20260922 055418.306 INFO             PET1       <<<ESMX_Driver: leaving Initialize (phase=<none>) with current time: 2012 10 24  8  0  0   0
20260922 055418.306 INFO             PET1     ESMX_Driver: IInitAdvertise extro.
20260922 055418.307 INFO             PET1     ABC: InitializeIPDvXp01 intro.
20260922 055418.307 INFO             PET1       >>>ABC: entered Initialize (phase=IPDvXp01) without valid internal Clock.
20260922 055418.307 INFO             PET1       <<<ABC: leaving Initialize (phase=IPDvXp01) without valid internal Clock.
20260922 055418.307 INFO             PET1     ABC: InitializeIPDvXp01 extro.
20260922 055418.309 INFO             PET1     ESMX_Driver: IInitAdvertiseFinish intro.
20260922 055418.309 INFO             PET1       >>>ESMX_Driver: entered Initialize (phase=<none>) with current time: 2012 10 24  8  0  0   0
20260922 055418.309 INFO             PET1       <<<ESMX_Driver: leaving Initialize (phase=<none>) with current time: 2012 10 24  8  0  0   0
20260922 055418.309 INFO             PET1     ESMX_Driver: IInitAdvertiseFinish extro.
20260922 055418.310 INFO             PET1     ESMX_Driver: IInitModifyCplLists intro.
20260922 055418.310 INFO             PET1       >>>ESMX_Driver: entered Initialize (phase=<none>) with current time: 2012 10 24  8  0  0   0
20260922 055418.310 INFO             PET1       <<<ESMX_Driver: leaving Initialize (phase=<none>) with current time: 2012 10 24  8  0  0   0
20260922 055418.310 INFO             PET1     ESMX_Driver: IInitModifyCplLists extro.
20260922 055418.310 INFO             PET1     <<<ESMX_Driver: leaving Initialize (phase=<none>) with current time: 2012 10 24  8  0  0   0
20260922 055418.310 INFO             PET1   ESMX_Driver: InitializeIPDv02p1 extro.
20260922 055418.311 INFO             PET1   ESMX_Driver: InitializeIPDv02p3 intro.
20260922 055418.311 INFO             PET1     >>>ESMX_Driver: entered Initialize (phase=<none>) with current time: 2012 10 24  8  0  0   0
20260922 055418.311 INFO             PET1     ESMX_Driver: IInitCheck intro.
20260922 055418.311 INFO             PET1       >>>ESMX_Driver: entered Initialize (phase=<none>) with current time: 2012 10 24  8  0  0   0
20260922 055418.312 INFO             PET1       <<<ESMX_Driver: leaving Initialize (phase=<none>) with current time: 2012 10 24  8  0  0   0
20260922 055418.312 INFO             PET1     ESMX_Driver: IInitCheck extro.
20260922 055418.312 INFO             PET1     ABC: InitializeIPDvXp04 intro.
20260922 055418.312 INFO             PET1       >>>ABC: entered Initialize (phase=IPDvXp04) without valid internal Clock.
20260922 055418.312 INFO             PET1       <<<ABC: leaving Initialize (phase=IPDvXp04) without valid internal Clock.
20260922 055418.312 INFO             PET1     ABC: InitializeIPDvXp04 extro.
20260922 055418.314 INFO             PET1     ESMX_Driver: IInitRealize intro.
20260922 055418.314 INFO             PET1       >>>ESMX_Driver: entered Initialize (phase=<none>) with current time: 2012 10 24  8  0  0   0
20260922 055418.314 INFO             PET1       <<<ESMX_Driver: leaving Initialize (phase=<none>) with current time: 2012 10 24  8  0  0   0
20260922 055418.314 INFO             PET1     ESMX_Driver: IInitRealize extro.
20260922 055418.315 INFO             PET1     ABC: InitializeIPDvXp07 intro.
20260922 055418.315 INFO             PET1       >>>ABC: entered Initialize (phase=IPDvXp07) without valid internal Clock.
20260922 055418.315 INFO             PET1       <<<ABC: leaving Initialize (phase=IPDvXp07) with current time: 2012 10 24  8  0  0   0
20260922 055418.315 INFO             PET1     ABC: InitializeIPDvXp07 extro.
20260922 055418.316 INFO             PET1     <<<ESMX_Driver: leaving Initialize (phase=<none>) with current time: 2012 10 24  8  0  0   0
20260922 055418.316 INFO             PET1   ESMX_Driver: InitializeIPDv02p3 extro.
20260922 055418.316 INFO             PET1   ESMX_Driver: InitializeIPDv02p5 intro.
20260922 055418.316 INFO             PET1     >>>ESMX_Driver: entered Initialize (phase=<none>) with current time: 2012 10 24  8  0  0   0
20260922 055418.316 INFO             PET1     ESMX_Driver: InitializeIPDv02p5Data intro.
20260922 055418.316 INFO             PET1       >>>ESMX_Driver: entered Initialize (phase=<none>) with current time: 2012 10 24  8  0  0   0
20260922 055418.317 INFO             PET1       ESMX_Driver: InternalInitializeComplete intro.
20260922 055418.317 INFO             PET1         >>>ESMX_Driver: entered Initialize (phase=<none>) with current time: 2012 10 24  8  0  0   0
20260922 055418.317 INFO             PET1         <<<ESMX_Driver: leaving Initialize (phase=<none>) with current time: 2012 10 24  8  0  0   0
20260922 055418.317 INFO             PET1       ESMX_Driver: InternalInitializeComplete extro.
20260922 055418.317 INFO             PET1       ABC: InitializeIPDvXp08 intro.
20260922 055418.318 INFO             PET1         >>>ABC: entered Initialize (phase=IPDv05p8) with current time: 2012 10 24  8  0  0   0
20260922 055418.318 INFO             PET1         <<<ABC: leaving Initialize (phase=IPDv05p8) with current time: 2012 10 24  8  0  0   0
20260922 055418.318 INFO             PET1       ABC: InitializeIPDvXp08 extro.
20260922 055418.320 INFO             PET1       ESMX_Driver: loopDataDependentInitialize intro.
20260922 055418.320 INFO             PET1         >>>ESMX_Driver: entered Initialize (phase=<none>) with current time: 2012 10 24  8  0  0   0
20260922 055418.320 INFO             PET1         <<<ESMX_Driver: leaving Initialize (phase=<none>) with current time: 2012 10 24  8  0  0   0
20260922 055418.320 INFO             PET1       ESMX_Driver: loopDataDependentInitialize extro.
20260922 055418.320 INFO             PET1       <<<ESMX_Driver: leaving Initialize (phase=<none>) with current time: 2012 10 24  8  0  0   0
20260922 055418.320 INFO             PET1     ESMX_Driver: InitializeIPDv02p5Data extro.
20260922 055418.321 INFO             PET1     <<<ESMX_Driver: leaving Initialize (phase=<none>) with current time: 2012 10 24  8  0  0   0
20260922 055418.321 INFO             PET1   ESMX_Driver: InitializeIPDv02p5 extro.
20260922 055418.321 INFO             PET1   <<<ESMX_Driver: leaving Initialize (phase=<none>) with current time: 2012 10 24  8  0  0   0
20260922 055418.321 INFO             PET1 ESMX_Driver: InitializeGeneric extro.
20260922 055418.321 INFO             PET1 ESMX_Driver: Run intro.
20260922 055418.321 INFO             PET1   >>>ESMX_Driver: entered Run (phase=RunPhase1) with current time: 2012 10 24  8  0  0   0
20260922 055418.322 INFO             PET1   ABC: Run intro.
20260922 055418.322 INFO             PET1     >>>ABC: entered Run (phase=RunPhase1) with current time: 2012 10 24  8  0  0   0
20260922 055418.322 INFO             PET1     <<<ABC: leaving Run (phase=RunPhase1) with current time: 2012 10 24 20  0  0   0
20260922 055418.322 INFO             PET1   ABC: Run extro.
20260922 055418.322 INFO             PET1   <<<ESMX_Driver: leaving Run (phase=RunPhase1) with current time: 2012 10 24 20  0  0   0
20260922 055418.322 INFO             PET1 ESMX_Driver: Run extro.
20260922 055418.322 INFO             PET1 ESMX_Driver: Finalize intro.
20260922 055418.322 INFO             PET1   >>>ESMX_Driver: entered Finalize (phase=FinalizePhase1) with current time: 2012 10 24 20  0  0   0
20260922 055418.322 INFO             PET1   Calling Finalize phase 1 for modelComp: ABC
20260922 055418.323 INFO             PET1   ABC: Finalize intro.
20260922 055418.323 INFO             PET1     >>>ABC: entered Finalize (phase=FinalizePhase1) with current time: 2012 10 24 20  0  0   0
20260922 055418.323 INFO             PET1     <<<ABC: leaving Finalize (phase=FinalizePhase1) with current time: 2012 10 24 20  0  0   0
20260922 055418.323 INFO             PET1   ABC: Finalize extro.
20260922 055418.323 INFO             PET1   Delete modelComp: ABC
20260922 055418.323 INFO             PET1   <<<ESMX_Driver: leaving Finalize (phase=FinalizePhase1) with current time: 2012 10 24 20  0  0   0
20260922 055418.323 INFO             PET1 ESMX_Driver: Finalize extro.
20260922 055418.323 INFO             PET1 =============================================
20260922 055418.323 INFO             PET1 ESMX (Earth System Model eXecutable) FINISHED
20260922 055418.323 INFO             PET1 =============================================
20260922 055418.323 INFO             PET1  Finalizing ESMF
20260922 055418.222 INFO             PET2 !!!!!!!!!!!!!!!!!!!!!!!!!!!!!!!!!!!!!!!!!!!!!!!!!!!!!!
20260922 055418.225 INFO             PET2 !!! THE ESMF_LOG IS SET TO OUTPUT ALL LOG MESSAGES !!!
20260922 055418.225 INFO             PET2 !!!     THIS MAY CAUSE SLOWDOWN IN PERFORMANCE     !!!
20260922 055418.225 INFO             PET2 !!! FOR PRODUCTION RUNS, USE:                      !!!
20260922 055418.225 INFO             PET2 !!!                   ESMF_LOGKIND_Multi_On_Error  !!!
20260922 055418.225 INFO             PET2 !!!!!!!!!!!!!!!!!!!!!!!!!!!!!!!!!!!!!!!!!!!!!!!!!!!!!!
20260922 055418.225 INFO             PET2 Running with ESMF Version   : v9.0.0b19
20260922 055418.225 INFO             PET2 ESMF library build date/time: "Sep 22 2026" "04:51:36"
20260922 055418.225 INFO             PET2 ESMF library build location : /tmp/nvhpc_25.5_mpi_g_develop/esmf
20260922 055418.225 INFO             PET2 ESMF_COMM                   : mpi
20260922 055418.225 INFO             PET2 ESMF_MOAB                   : enabled
20260922 055418.225 INFO             PET2 ESMF_LAPACK                 : enabled
20260922 055418.225 INFO             PET2 ESMF_NETCDF                 : enabled
20260922 055418.225 INFO             PET2 ESMF_PNETCDF                : disabled
20260922 055418.225 INFO             PET2 ESMF_PIO                    : enabled
20260922 055418.225 INFO             PET2 ESMF_YAMLCPP                : enabled
20260922 055418.233 INFO             PET2 =============================================
20260922 055418.233 INFO             PET2 ESMX (Earth System Model eXecutable) STARTING
20260922 055418.233 INFO             PET2 =============================================
20260922 055418.252 DEBUG            PET2 Generic SetVM() is executing for: ESMX_Driver
20260922 055418.252 DEBUG            PET2 Generic SetVM() found no NUOPC Hint for: ESMX_Driver
20260922 055418.252 DEBUG            PET2 Generic SetVM() therefore is NOT calling ESMF_GridCompSetVMMaxPEs() for: ESMX_Driver
20260922 055418.264 INFO             PET2 ESMX_Driver: InitializeGeneric intro.
20260922 055418.264 INFO             PET2   >>>ESMX_Driver: entered Initialize (phase=<none>) without valid internal Clock.
20260922 055418.264 INFO             PET2   ESMX_Driver: InitializeP0 intro.
20260922 055418.264 INFO             PET2     >>>ESMX_Driver: entered Initialize (phase=<none>) without valid internal Clock.
20260922 055418.265 INFO             PET2     <<<ESMX_Driver: leaving Initialize (phase=<none>) without valid internal Clock.
20260922 055418.265 INFO             PET2   ESMX_Driver: InitializeP0 extro.
20260922 055418.265 INFO             PET2   ESMX_Driver: InitializeIPDv02p1 intro.
20260922 055418.265 INFO             PET2     >>>ESMX_Driver: entered Initialize (phase=<none>) without valid internal Clock.
20260922 055418.279 INFO             PET2     ESMX_Driver - Creating model component ABC without petList.
20260922 055418.279 DEBUG            PET2     Generic SetVM() is executing for: ABC
20260922 055418.279 DEBUG            PET2     Generic SetVM() found no NUOPC Hint for: ABC
20260922 055418.279 DEBUG            PET2     Generic SetVM() therefore is NOT calling ESMF_GridCompSetVMMaxPEs() for: ABC
20260922 055418.296 INFO             PET2     ABC: InitializeP0 intro.
20260922 055418.297 INFO             PET2       >>>ABC: entered Initialize (phase=<none>) without valid internal Clock.
20260922 055418.299 INFO             PET2       <<<ABC: leaving Initialize (phase=<none>) without valid internal Clock.
20260922 055418.299 INFO             PET2     ABC: InitializeP0 extro.
20260922 055418.306 INFO             PET2     ESMX_Driver: IInitAdvertise intro.
20260922 055418.306 INFO             PET2       >>>ESMX_Driver: entered Initialize (phase=<none>) with current time: 2012 10 24  8  0  0   0
20260922 055418.306 INFO             PET2       <<<ESMX_Driver: leaving Initialize (phase=<none>) with current time: 2012 10 24  8  0  0   0
20260922 055418.306 INFO             PET2     ESMX_Driver: IInitAdvertise extro.
20260922 055418.307 INFO             PET2     ABC: InitializeIPDvXp01 intro.
20260922 055418.307 INFO             PET2       >>>ABC: entered Initialize (phase=IPDvXp01) without valid internal Clock.
20260922 055418.307 INFO             PET2       <<<ABC: leaving Initialize (phase=IPDvXp01) without valid internal Clock.
20260922 055418.307 INFO             PET2     ABC: InitializeIPDvXp01 extro.
20260922 055418.309 INFO             PET2     ESMX_Driver: IInitAdvertiseFinish intro.
20260922 055418.309 INFO             PET2       >>>ESMX_Driver: entered Initialize (phase=<none>) with current time: 2012 10 24  8  0  0   0
20260922 055418.309 INFO             PET2       <<<ESMX_Driver: leaving Initialize (phase=<none>) with current time: 2012 10 24  8  0  0   0
20260922 055418.309 INFO             PET2     ESMX_Driver: IInitAdvertiseFinish extro.
20260922 055418.310 INFO             PET2     ESMX_Driver: IInitModifyCplLists intro.
20260922 055418.310 INFO             PET2       >>>ESMX_Driver: entered Initialize (phase=<none>) with current time: 2012 10 24  8  0  0   0
20260922 055418.310 INFO             PET2       <<<ESMX_Driver: leaving Initialize (phase=<none>) with current time: 2012 10 24  8  0  0   0
20260922 055418.310 INFO             PET2     ESMX_Driver: IInitModifyCplLists extro.
20260922 055418.310 INFO             PET2     <<<ESMX_Driver: leaving Initialize (phase=<none>) with current time: 2012 10 24  8  0  0   0
20260922 055418.310 INFO             PET2   ESMX_Driver: InitializeIPDv02p1 extro.
20260922 055418.311 INFO             PET2   ESMX_Driver: InitializeIPDv02p3 intro.
20260922 055418.311 INFO             PET2     >>>ESMX_Driver: entered Initialize (phase=<none>) with current time: 2012 10 24  8  0  0   0
20260922 055418.311 INFO             PET2     ESMX_Driver: IInitCheck intro.
20260922 055418.311 INFO             PET2       >>>ESMX_Driver: entered Initialize (phase=<none>) with current time: 2012 10 24  8  0  0   0
20260922 055418.312 INFO             PET2       <<<ESMX_Driver: leaving Initialize (phase=<none>) with current time: 2012 10 24  8  0  0   0
20260922 055418.312 INFO             PET2     ESMX_Driver: IInitCheck extro.
20260922 055418.312 INFO             PET2     ABC: InitializeIPDvXp04 intro.
20260922 055418.312 INFO             PET2       >>>ABC: entered Initialize (phase=IPDvXp04) without valid internal Clock.
20260922 055418.312 INFO             PET2       <<<ABC: leaving Initialize (phase=IPDvXp04) without valid internal Clock.
20260922 055418.312 INFO             PET2     ABC: InitializeIPDvXp04 extro.
20260922 055418.314 INFO             PET2     ESMX_Driver: IInitRealize intro.
20260922 055418.314 INFO             PET2       >>>ESMX_Driver: entered Initialize (phase=<none>) with current time: 2012 10 24  8  0  0   0
20260922 055418.314 INFO             PET2       <<<ESMX_Driver: leaving Initialize (phase=<none>) with current time: 2012 10 24  8  0  0   0
20260922 055418.314 INFO             PET2     ESMX_Driver: IInitRealize extro.
20260922 055418.315 INFO             PET2     ABC: InitializeIPDvXp07 intro.
20260922 055418.315 INFO             PET2       >>>ABC: entered Initialize (phase=IPDvXp07) without valid internal Clock.
20260922 055418.315 INFO             PET2       <<<ABC: leaving Initialize (phase=IPDvXp07) with current time: 2012 10 24  8  0  0   0
20260922 055418.315 INFO             PET2     ABC: InitializeIPDvXp07 extro.
20260922 055418.316 INFO             PET2     <<<ESMX_Driver: leaving Initialize (phase=<none>) with current time: 2012 10 24  8  0  0   0
20260922 055418.316 INFO             PET2   ESMX_Driver: InitializeIPDv02p3 extro.
20260922 055418.316 INFO             PET2   ESMX_Driver: InitializeIPDv02p5 intro.
20260922 055418.316 INFO             PET2     >>>ESMX_Driver: entered Initialize (phase=<none>) with current time: 2012 10 24  8  0  0   0
20260922 055418.316 INFO             PET2     ESMX_Driver: InitializeIPDv02p5Data intro.
20260922 055418.316 INFO             PET2       >>>ESMX_Driver: entered Initialize (phase=<none>) with current time: 2012 10 24  8  0  0   0
20260922 055418.317 INFO             PET2       ESMX_Driver: InternalInitializeComplete intro.
20260922 055418.317 INFO             PET2         >>>ESMX_Driver: entered Initialize (phase=<none>) with current time: 2012 10 24  8  0  0   0
20260922 055418.317 INFO             PET2         <<<ESMX_Driver: leaving Initialize (phase=<none>) with current time: 2012 10 24  8  0  0   0
20260922 055418.317 INFO             PET2       ESMX_Driver: InternalInitializeComplete extro.
20260922 055418.317 INFO             PET2       ABC: InitializeIPDvXp08 intro.
20260922 055418.318 INFO             PET2         >>>ABC: entered Initialize (phase=IPDv05p8) with current time: 2012 10 24  8  0  0   0
20260922 055418.318 INFO             PET2         <<<ABC: leaving Initialize (phase=IPDv05p8) with current time: 2012 10 24  8  0  0   0
20260922 055418.318 INFO             PET2       ABC: InitializeIPDvXp08 extro.
20260922 055418.320 INFO             PET2       ESMX_Driver: loopDataDependentInitialize intro.
20260922 055418.320 INFO             PET2         >>>ESMX_Driver: entered Initialize (phase=<none>) with current time: 2012 10 24  8  0  0   0
20260922 055418.320 INFO             PET2         <<<ESMX_Driver: leaving Initialize (phase=<none>) with current time: 2012 10 24  8  0  0   0
20260922 055418.320 INFO             PET2       ESMX_Driver: loopDataDependentInitialize extro.
20260922 055418.320 INFO             PET2       <<<ESMX_Driver: leaving Initialize (phase=<none>) with current time: 2012 10 24  8  0  0   0
20260922 055418.320 INFO             PET2     ESMX_Driver: InitializeIPDv02p5Data extro.
20260922 055418.321 INFO             PET2     <<<ESMX_Driver: leaving Initialize (phase=<none>) with current time: 2012 10 24  8  0  0   0
20260922 055418.321 INFO             PET2   ESMX_Driver: InitializeIPDv02p5 extro.
20260922 055418.321 INFO             PET2   <<<ESMX_Driver: leaving Initialize (phase=<none>) with current time: 2012 10 24  8  0  0   0
20260922 055418.321 INFO             PET2 ESMX_Driver: InitializeGeneric extro.
20260922 055418.321 INFO             PET2 ESMX_Driver: Run intro.
20260922 055418.321 INFO             PET2   >>>ESMX_Driver: entered Run (phase=RunPhase1) with current time: 2012 10 24  8  0  0   0
20260922 055418.322 INFO             PET2   ABC: Run intro.
20260922 055418.322 INFO             PET2     >>>ABC: entered Run (phase=RunPhase1) with current time: 2012 10 24  8  0  0   0
20260922 055418.322 INFO             PET2     <<<ABC: leaving Run (phase=RunPhase1) with current time: 2012 10 24 20  0  0   0
20260922 055418.322 INFO             PET2   ABC: Run extro.
20260922 055418.322 INFO             PET2   <<<ESMX_Driver: leaving Run (phase=RunPhase1) with current time: 2012 10 24 20  0  0   0
20260922 055418.322 INFO             PET2 ESMX_Driver: Run extro.
20260922 055418.322 INFO             PET2 ESMX_Driver: Finalize intro.
20260922 055418.322 INFO             PET2   >>>ESMX_Driver: entered Finalize (phase=FinalizePhase1) with current time: 2012 10 24 20  0  0   0
20260922 055418.322 INFO             PET2   Calling Finalize phase 1 for modelComp: ABC
20260922 055418.323 INFO             PET2   ABC: Finalize intro.
20260922 055418.323 INFO             PET2     >>>ABC: entered Finalize (phase=FinalizePhase1) with current time: 2012 10 24 20  0  0   0
20260922 055418.323 INFO             PET2     <<<ABC: leaving Finalize (phase=FinalizePhase1) with current time: 2012 10 24 20  0  0   0
20260922 055418.323 INFO             PET2   ABC: Finalize extro.
20260922 055418.323 INFO             PET2   Delete modelComp: ABC
20260922 055418.323 INFO             PET2   <<<ESMX_Driver: leaving Finalize (phase=FinalizePhase1) with current time: 2012 10 24 20  0  0   0
20260922 055418.323 INFO             PET2 ESMX_Driver: Finalize extro.
20260922 055418.323 INFO             PET2 =============================================
20260922 055418.323 INFO             PET2 ESMX (Earth System Model eXecutable) FINISHED
20260922 055418.323 INFO             PET2 =============================================
20260922 055418.323 INFO             PET2  Finalizing ESMF
20260922 055418.222 INFO             PET3 !!!!!!!!!!!!!!!!!!!!!!!!!!!!!!!!!!!!!!!!!!!!!!!!!!!!!!
20260922 055418.222 INFO             PET3 !!! THE ESMF_LOG IS SET TO OUTPUT ALL LOG MESSAGES !!!
20260922 055418.222 INFO             PET3 !!!     THIS MAY CAUSE SLOWDOWN IN PERFORMANCE     !!!
20260922 055418.222 INFO             PET3 !!! FOR PRODUCTION RUNS, USE:                      !!!
20260922 055418.222 INFO             PET3 !!!                   ESMF_LOGKIND_Multi_On_Error  !!!
20260922 055418.222 INFO             PET3 !!!!!!!!!!!!!!!!!!!!!!!!!!!!!!!!!!!!!!!!!!!!!!!!!!!!!!
20260922 055418.222 INFO             PET3 Running with ESMF Version   : v9.0.0b19
20260922 055418.222 INFO             PET3 ESMF library build date/time: "Sep 22 2026" "04:51:36"
20260922 055418.222 INFO             PET3 ESMF library build location : /tmp/nvhpc_25.5_mpi_g_develop/esmf
20260922 055418.222 INFO             PET3 ESMF_COMM                   : mpi
20260922 055418.222 INFO             PET3 ESMF_MOAB                   : enabled
20260922 055418.222 INFO             PET3 ESMF_LAPACK                 : enabled
20260922 055418.222 INFO             PET3 ESMF_NETCDF                 : enabled
20260922 055418.222 INFO             PET3 ESMF_PNETCDF                : disabled
20260922 055418.222 INFO             PET3 ESMF_PIO                    : enabled
20260922 055418.222 INFO             PET3 ESMF_YAMLCPP                : enabled
20260922 055418.232 INFO             PET3 =============================================
20260922 055418.232 INFO             PET3 ESMX (Earth System Model eXecutable) STARTING
20260922 055418.232 INFO             PET3 =============================================
20260922 055418.248 DEBUG            PET3 Generic SetVM() is executing for: ESMX_Driver
20260922 055418.249 DEBUG            PET3 Generic SetVM() found no NUOPC Hint for: ESMX_Driver
20260922 055418.249 DEBUG            PET3 Generic SetVM() therefore is NOT calling ESMF_GridCompSetVMMaxPEs() for: ESMX_Driver
20260922 055418.260 INFO             PET3 ESMX_Driver: InitializeGeneric intro.
20260922 055418.260 INFO             PET3   >>>ESMX_Driver: entered Initialize (phase=<none>) without valid internal Clock.
20260922 055418.260 INFO             PET3   ESMX_Driver: InitializeP0 intro.
20260922 055418.260 INFO             PET3     >>>ESMX_Driver: entered Initialize (phase=<none>) without valid internal Clock.
20260922 055418.260 INFO             PET3     <<<ESMX_Driver: leaving Initialize (phase=<none>) without valid internal Clock.
20260922 055418.260 INFO             PET3   ESMX_Driver: InitializeP0 extro.
20260922 055418.260 INFO             PET3   ESMX_Driver: InitializeIPDv02p1 intro.
20260922 055418.261 INFO             PET3     >>>ESMX_Driver: entered Initialize (phase=<none>) without valid internal Clock.
20260922 055418.279 INFO             PET3     ESMX_Driver - Creating model component ABC without petList.
20260922 055418.279 DEBUG            PET3     Generic SetVM() is executing for: ABC
20260922 055418.279 DEBUG            PET3     Generic SetVM() found no NUOPC Hint for: ABC
20260922 055418.279 DEBUG            PET3     Generic SetVM() therefore is NOT calling ESMF_GridCompSetVMMaxPEs() for: ABC
20260922 055418.290 INFO             PET3     ABC: InitializeP0 intro.
20260922 055418.290 INFO             PET3       >>>ABC: entered Initialize (phase=<none>) without valid internal Clock.
20260922 055418.292 INFO             PET3       <<<ABC: leaving Initialize (phase=<none>) without valid internal Clock.
20260922 055418.292 INFO             PET3     ABC: InitializeP0 extro.
20260922 055418.304 INFO             PET3     ESMX_Driver: IInitAdvertise intro.
20260922 055418.304 INFO             PET3       >>>ESMX_Driver: entered Initialize (phase=<none>) with current time: 2012 10 24  8  0  0   0
20260922 055418.304 INFO             PET3       <<<ESMX_Driver: leaving Initialize (phase=<none>) with current time: 2012 10 24  8  0  0   0
20260922 055418.304 INFO             PET3     ESMX_Driver: IInitAdvertise extro.
20260922 055418.304 INFO             PET3     ABC: InitializeIPDvXp01 intro.
20260922 055418.304 INFO             PET3       >>>ABC: entered Initialize (phase=IPDvXp01) without valid internal Clock.
20260922 055418.305 INFO             PET3       <<<ABC: leaving Initialize (phase=IPDvXp01) without valid internal Clock.
20260922 055418.305 INFO             PET3     ABC: InitializeIPDvXp01 extro.
20260922 055418.308 INFO             PET3     ESMX_Driver: IInitAdvertiseFinish intro.
20260922 055418.308 INFO             PET3       >>>ESMX_Driver: entered Initialize (phase=<none>) with current time: 2012 10 24  8  0  0   0
20260922 055418.309 INFO             PET3       <<<ESMX_Driver: leaving Initialize (phase=<none>) with current time: 2012 10 24  8  0  0   0
20260922 055418.309 INFO             PET3     ESMX_Driver: IInitAdvertiseFinish extro.
20260922 055418.309 INFO             PET3     ESMX_Driver: IInitModifyCplLists intro.
20260922 055418.309 INFO             PET3       >>>ESMX_Driver: entered Initialize (phase=<none>) with current time: 2012 10 24  8  0  0   0
20260922 055418.309 INFO             PET3       <<<ESMX_Driver: leaving Initialize (phase=<none>) with current time: 2012 10 24  8  0  0   0
20260922 055418.309 INFO             PET3     ESMX_Driver: IInitModifyCplLists extro.
20260922 055418.309 INFO             PET3     <<<ESMX_Driver: leaving Initialize (phase=<none>) with current time: 2012 10 24  8  0  0   0
20260922 055418.309 INFO             PET3   ESMX_Driver: InitializeIPDv02p1 extro.
20260922 055418.309 INFO             PET3   ESMX_Driver: InitializeIPDv02p3 intro.
20260922 055418.309 INFO             PET3     >>>ESMX_Driver: entered Initialize (phase=<none>) with current time: 2012 10 24  8  0  0   0
20260922 055418.310 INFO             PET3     ESMX_Driver: IInitCheck intro.
20260922 055418.310 INFO             PET3       >>>ESMX_Driver: entered Initialize (phase=<none>) with current time: 2012 10 24  8  0  0   0
20260922 055418.310 INFO             PET3       <<<ESMX_Driver: leaving Initialize (phase=<none>) with current time: 2012 10 24  8  0  0   0
20260922 055418.310 INFO             PET3     ESMX_Driver: IInitCheck extro.
20260922 055418.310 INFO             PET3     ABC: InitializeIPDvXp04 intro.
20260922 055418.310 INFO             PET3       >>>ABC: entered Initialize (phase=IPDvXp04) without valid internal Clock.
20260922 055418.310 INFO             PET3       <<<ABC: leaving Initialize (phase=IPDvXp04) without valid internal Clock.
20260922 055418.310 INFO             PET3     ABC: InitializeIPDvXp04 extro.
20260922 055418.314 INFO             PET3     ESMX_Driver: IInitRealize intro.
20260922 055418.314 INFO             PET3       >>>ESMX_Driver: entered Initialize (phase=<none>) with current time: 2012 10 24  8  0  0   0
20260922 055418.314 INFO             PET3       <<<ESMX_Driver: leaving Initialize (phase=<none>) with current time: 2012 10 24  8  0  0   0
20260922 055418.314 INFO             PET3     ESMX_Driver: IInitRealize extro.
20260922 055418.314 INFO             PET3     ABC: InitializeIPDvXp07 intro.
20260922 055418.314 INFO             PET3       >>>ABC: entered Initialize (phase=IPDvXp07) without valid internal Clock.
20260922 055418.314 INFO             PET3       <<<ABC: leaving Initialize (phase=IPDvXp07) with current time: 2012 10 24  8  0  0   0
20260922 055418.314 INFO             PET3     ABC: InitializeIPDvXp07 extro.
20260922 055418.314 INFO             PET3     <<<ESMX_Driver: leaving Initialize (phase=<none>) with current time: 2012 10 24  8  0  0   0
20260922 055418.314 INFO             PET3   ESMX_Driver: InitializeIPDv02p3 extro.
20260922 055418.315 INFO             PET3   ESMX_Driver: InitializeIPDv02p5 intro.
20260922 055418.315 INFO             PET3     >>>ESMX_Driver: entered Initialize (phase=<none>) with current time: 2012 10 24  8  0  0   0
20260922 055418.315 INFO             PET3     ESMX_Driver: InitializeIPDv02p5Data intro.
20260922 055418.315 INFO             PET3       >>>ESMX_Driver: entered Initialize (phase=<none>) with current time: 2012 10 24  8  0  0   0
20260922 055418.315 INFO             PET3       ESMX_Driver: InternalInitializeComplete intro.
20260922 055418.315 INFO             PET3         >>>ESMX_Driver: entered Initialize (phase=<none>) with current time: 2012 10 24  8  0  0   0
20260922 055418.315 INFO             PET3         <<<ESMX_Driver: leaving Initialize (phase=<none>) with current time: 2012 10 24  8  0  0   0
20260922 055418.315 INFO             PET3       ESMX_Driver: InternalInitializeComplete extro.
20260922 055418.316 INFO             PET3       ABC: InitializeIPDvXp08 intro.
20260922 055418.316 INFO             PET3         >>>ABC: entered Initialize (phase=IPDv05p8) with current time: 2012 10 24  8  0  0   0
20260922 055418.316 INFO             PET3         <<<ABC: leaving Initialize (phase=IPDv05p8) with current time: 2012 10 24  8  0  0   0
20260922 055418.316 INFO             PET3       ABC: InitializeIPDvXp08 extro.
20260922 055418.320 INFO             PET3       ESMX_Driver: loopDataDependentInitialize intro.
20260922 055418.320 INFO             PET3         >>>ESMX_Driver: entered Initialize (phase=<none>) with current time: 2012 10 24  8  0  0   0
20260922 055418.320 INFO             PET3         <<<ESMX_Driver: leaving Initialize (phase=<none>) with current time: 2012 10 24  8  0  0   0
20260922 055418.320 INFO             PET3       ESMX_Driver: loopDataDependentInitialize extro.
20260922 055418.320 INFO             PET3       <<<ESMX_Driver: leaving Initialize (phase=<none>) with current time: 2012 10 24  8  0  0   0
20260922 055418.320 INFO             PET3     ESMX_Driver: InitializeIPDv02p5Data extro.
20260922 055418.320 INFO             PET3     <<<ESMX_Driver: leaving Initialize (phase=<none>) with current time: 2012 10 24  8  0  0   0
20260922 055418.320 INFO             PET3   ESMX_Driver: InitializeIPDv02p5 extro.
20260922 055418.320 INFO             PET3   <<<ESMX_Driver: leaving Initialize (phase=<none>) with current time: 2012 10 24  8  0  0   0
20260922 055418.320 INFO             PET3 ESMX_Driver: InitializeGeneric extro.
20260922 055418.321 INFO             PET3 ESMX_Driver: Run intro.
20260922 055418.321 INFO             PET3   >>>ESMX_Driver: entered Run (phase=RunPhase1) with current time: 2012 10 24  8  0  0   0
20260922 055418.321 INFO             PET3   ABC: Run intro.
20260922 055418.321 INFO             PET3     >>>ABC: entered Run (phase=RunPhase1) with current time: 2012 10 24  8  0  0   0
20260922 055418.321 INFO             PET3     <<<ABC: leaving Run (phase=RunPhase1) with current time: 2012 10 24 20  0  0   0
20260922 055418.321 INFO             PET3   ABC: Run extro.
20260922 055418.321 INFO             PET3   <<<ESMX_Driver: leaving Run (phase=RunPhase1) with current time: 2012 10 24 20  0  0   0
20260922 055418.321 INFO             PET3 ESMX_Driver: Run extro.
20260922 055418.321 INFO             PET3 ESMX_Driver: Finalize intro.
20260922 055418.321 INFO             PET3   >>>ESMX_Driver: entered Finalize (phase=FinalizePhase1) with current time: 2012 10 24 20  0  0   0
20260922 055418.321 INFO             PET3   Calling Finalize phase 1 for modelComp: ABC
20260922 055418.322 INFO             PET3   ABC: Finalize intro.
20260922 055418.322 INFO             PET3     >>>ABC: entered Finalize (phase=FinalizePhase1) with current time: 2012 10 24 20  0  0   0
20260922 055418.322 INFO             PET3     <<<ABC: leaving Finalize (phase=FinalizePhase1) with current time: 2012 10 24 20  0  0   0
20260922 055418.322 INFO             PET3   ABC: Finalize extro.
20260922 055418.322 INFO             PET3   Delete modelComp: ABC
20260922 055418.322 INFO             PET3   <<<ESMX_Driver: leaving Finalize (phase=FinalizePhase1) with current time: 2012 10 24 20  0  0   0
20260922 055418.322 INFO             PET3 ESMX_Driver: Finalize extro.
20260922 055418.322 INFO             PET3 =============================================
20260922 055418.322 INFO             PET3 ESMX (Earth System Model eXecutable) FINISHED
20260922 055418.322 INFO             PET3 =============================================
20260922 055418.322 INFO             PET3  Finalizing ESMF
