2026-09-14 04:57:55
20260914 060111.888 INFO             PET0 !!!!!!!!!!!!!!!!!!!!!!!!!!!!!!!!!!!!!!!!!!!!!!!!!!!!!!
20260914 060111.889 INFO             PET0 !!! THE ESMF_LOG IS SET TO OUTPUT ALL LOG MESSAGES !!!
20260914 060111.889 INFO             PET0 !!!     THIS MAY CAUSE SLOWDOWN IN PERFORMANCE     !!!
20260914 060111.889 INFO             PET0 !!! FOR PRODUCTION RUNS, USE:                      !!!
20260914 060111.889 INFO             PET0 !!!                   ESMF_LOGKIND_Multi_On_Error  !!!
20260914 060111.889 INFO             PET0 !!!!!!!!!!!!!!!!!!!!!!!!!!!!!!!!!!!!!!!!!!!!!!!!!!!!!!
20260914 060111.889 INFO             PET0 Running with ESMF Version   : v9.0.0b18
20260914 060111.889 INFO             PET0 ESMF library build date/time: "Sep 14 2026" "04:55:24"
20260914 060111.889 INFO             PET0 ESMF library build location : /tmp/nvhpc_25.5_mpi_g_develop/esmf
20260914 060111.889 INFO             PET0 ESMF_COMM                   : mpi
20260914 060111.889 INFO             PET0 ESMF_MOAB                   : enabled
20260914 060111.889 INFO             PET0 ESMF_LAPACK                 : enabled
20260914 060111.889 INFO             PET0 ESMF_NETCDF                 : enabled
20260914 060111.889 INFO             PET0 ESMF_PNETCDF                : disabled
20260914 060111.889 INFO             PET0 ESMF_PIO                    : enabled
20260914 060111.889 INFO             PET0 ESMF_YAMLCPP                : enabled
20260914 060111.894 INFO             PET0 =============================================
20260914 060111.894 INFO             PET0 ESMX (Earth System Model eXecutable) STARTING
20260914 060111.894 INFO             PET0 =============================================
20260914 060111.910 DEBUG            PET0 Generic SetVM() is executing for: ESMX_Driver
20260914 060111.911 DEBUG            PET0 Generic SetVM() found no NUOPC Hint for: ESMX_Driver
20260914 060111.911 DEBUG            PET0 Generic SetVM() therefore is NOT calling ESMF_GridCompSetVMMaxPEs() for: ESMX_Driver
20260914 060111.921 INFO             PET0 ESMX_Driver: InitializeGeneric intro.
20260914 060111.922 INFO             PET0   >>>ESMX_Driver: entered Initialize (phase=<none>) without valid internal Clock.
20260914 060111.922 INFO             PET0   ESMX_Driver: InitializeP0 intro.
20260914 060111.922 INFO             PET0     >>>ESMX_Driver: entered Initialize (phase=<none>) without valid internal Clock.
20260914 060111.922 INFO             PET0     <<<ESMX_Driver: leaving Initialize (phase=<none>) without valid internal Clock.
20260914 060111.922 INFO             PET0   ESMX_Driver: InitializeP0 extro.
20260914 060111.922 INFO             PET0   ESMX_Driver: InitializeIPDv02p1 intro.
20260914 060111.922 INFO             PET0     >>>ESMX_Driver: entered Initialize (phase=<none>) without valid internal Clock.
20260914 060111.939 INFO             PET0     ESMX_Driver - Creating model component MDL without petList.
20260914 060111.940 DEBUG            PET0     Generic SetVM() is executing for: MDL
20260914 060111.940 DEBUG            PET0     Generic SetVM() found no NUOPC Hint for: MDL
20260914 060111.940 DEBUG            PET0     Generic SetVM() therefore is NOT calling ESMF_GridCompSetVMMaxPEs() for: MDL
20260914 060111.955 INFO             PET0     ESMX_Driver: IInitAdvertise intro.
20260914 060111.955 INFO             PET0       >>>ESMX_Driver: entered Initialize (phase=<none>) with current time: 2012 10 24 18  0  0   0
20260914 060111.955 INFO             PET0       <<<ESMX_Driver: leaving Initialize (phase=<none>) with current time: 2012 10 24 18  0  0   0
20260914 060111.955 INFO             PET0     ESMX_Driver: IInitAdvertise extro.
20260914 060111.955 INFO             PET0     Message from inside C component Advertise() method
20260914 060111.956 INFO             PET0     ESMX_Driver: IInitAdvertiseFinish intro.
20260914 060111.956 INFO             PET0       >>>ESMX_Driver: entered Initialize (phase=<none>) with current time: 2012 10 24 18  0  0   0
20260914 060111.956 INFO             PET0       <<<ESMX_Driver: leaving Initialize (phase=<none>) with current time: 2012 10 24 18  0  0   0
20260914 060111.956 INFO             PET0     ESMX_Driver: IInitAdvertiseFinish extro.
20260914 060111.957 INFO             PET0     ESMX_Driver: IInitModifyCplLists intro.
20260914 060111.957 INFO             PET0       >>>ESMX_Driver: entered Initialize (phase=<none>) with current time: 2012 10 24 18  0  0   0
20260914 060111.957 INFO             PET0       <<<ESMX_Driver: leaving Initialize (phase=<none>) with current time: 2012 10 24 18  0  0   0
20260914 060111.957 INFO             PET0     ESMX_Driver: IInitModifyCplLists extro.
20260914 060111.957 INFO             PET0     <<<ESMX_Driver: leaving Initialize (phase=<none>) with current time: 2012 10 24 18  0  0   0
20260914 060111.957 INFO             PET0   ESMX_Driver: InitializeIPDv02p1 extro.
20260914 060111.957 INFO             PET0   ESMX_Driver: InitializeIPDv02p3 intro.
20260914 060111.957 INFO             PET0     >>>ESMX_Driver: entered Initialize (phase=<none>) with current time: 2012 10 24 18  0  0   0
20260914 060111.958 INFO             PET0     ESMX_Driver: IInitCheck intro.
20260914 060111.958 INFO             PET0       >>>ESMX_Driver: entered Initialize (phase=<none>) with current time: 2012 10 24 18  0  0   0
20260914 060111.958 INFO             PET0       <<<ESMX_Driver: leaving Initialize (phase=<none>) with current time: 2012 10 24 18  0  0   0
20260914 060111.958 INFO             PET0     ESMX_Driver: IInitCheck extro.
20260914 060111.958 INFO             PET0     ESMX_Driver: IInitRealize intro.
20260914 060111.958 INFO             PET0       >>>ESMX_Driver: entered Initialize (phase=<none>) with current time: 2012 10 24 18  0  0   0
20260914 060111.958 INFO             PET0       <<<ESMX_Driver: leaving Initialize (phase=<none>) with current time: 2012 10 24 18  0  0   0
20260914 060111.958 INFO             PET0     ESMX_Driver: IInitRealize extro.
20260914 060111.959 INFO             PET0     <<<ESMX_Driver: leaving Initialize (phase=<none>) with current time: 2012 10 24 18  0  0   0
20260914 060111.959 INFO             PET0   ESMX_Driver: InitializeIPDv02p3 extro.
20260914 060111.959 INFO             PET0   ESMX_Driver: InitializeIPDv02p5 intro.
20260914 060111.959 INFO             PET0     >>>ESMX_Driver: entered Initialize (phase=<none>) with current time: 2012 10 24 18  0  0   0
20260914 060111.959 INFO             PET0     ESMX_Driver: InitializeIPDv02p5Data intro.
20260914 060111.959 INFO             PET0       >>>ESMX_Driver: entered Initialize (phase=<none>) with current time: 2012 10 24 18  0  0   0
20260914 060111.959 INFO             PET0       ESMX_Driver: InternalInitializeComplete intro.
20260914 060111.960 INFO             PET0         >>>ESMX_Driver: entered Initialize (phase=<none>) with current time: 2012 10 24 18  0  0   0
20260914 060111.960 INFO             PET0         <<<ESMX_Driver: leaving Initialize (phase=<none>) with current time: 2012 10 24 18  0  0   0
20260914 060111.960 INFO             PET0       ESMX_Driver: InternalInitializeComplete extro.
20260914 060111.967 INFO             PET0       ESMX_Driver: loopDataDependentInitialize intro.
20260914 060111.968 INFO             PET0         >>>ESMX_Driver: entered Initialize (phase=<none>) with current time: 2012 10 24 18  0  0   0
20260914 060111.968 INFO             PET0         <<<ESMX_Driver: leaving Initialize (phase=<none>) with current time: 2012 10 24 18  0  0   0
20260914 060111.968 INFO             PET0       ESMX_Driver: loopDataDependentInitialize extro.
20260914 060111.968 INFO             PET0       <<<ESMX_Driver: leaving Initialize (phase=<none>) with current time: 2012 10 24 18  0  0   0
20260914 060111.968 INFO             PET0     ESMX_Driver: InitializeIPDv02p5Data extro.
20260914 060111.968 INFO             PET0     <<<ESMX_Driver: leaving Initialize (phase=<none>) with current time: 2012 10 24 18  0  0   0
20260914 060111.968 INFO             PET0   ESMX_Driver: InitializeIPDv02p5 extro.
20260914 060111.968 INFO             PET0   <<<ESMX_Driver: leaving Initialize (phase=<none>) with current time: 2012 10 24 18  0  0   0
20260914 060111.968 INFO             PET0 ESMX_Driver: InitializeGeneric extro.
20260914 060111.969 INFO             PET0 ESMX_Driver: Run intro.
20260914 060111.969 INFO             PET0   >>>ESMX_Driver: entered Run (phase=RunPhase1) with current time: 2012 10 24 18  0  0   0
20260914 060111.969 INFO             PET0   Message from inside C component Advance() method
20260914 060111.969 INFO             PET0   <<<ESMX_Driver: leaving Run (phase=RunPhase1) with current time: 2012 10 24 19  0  0   0
20260914 060111.969 INFO             PET0 ESMX_Driver: Run extro.
20260914 060111.969 INFO             PET0 ESMX_Driver: Finalize intro.
20260914 060111.969 INFO             PET0   >>>ESMX_Driver: entered Finalize (phase=FinalizePhase1) with current time: 2012 10 24 19  0  0   0
20260914 060111.969 INFO             PET0   Calling Finalize phase 1 for modelComp: MDL
20260914 060111.969 INFO             PET0   Delete modelComp: MDL
20260914 060111.970 INFO             PET0   <<<ESMX_Driver: leaving Finalize (phase=FinalizePhase1) with current time: 2012 10 24 19  0  0   0
20260914 060111.970 INFO             PET0 ESMX_Driver: Finalize extro.
20260914 060111.970 INFO             PET0 =============================================
20260914 060111.970 INFO             PET0 ESMX (Earth System Model eXecutable) FINISHED
20260914 060111.970 INFO             PET0 =============================================
20260914 060111.970 INFO             PET0  Finalizing ESMF
20260914 060111.888 INFO             PET1 !!!!!!!!!!!!!!!!!!!!!!!!!!!!!!!!!!!!!!!!!!!!!!!!!!!!!!
20260914 060111.889 INFO             PET1 !!! THE ESMF_LOG IS SET TO OUTPUT ALL LOG MESSAGES !!!
20260914 060111.889 INFO             PET1 !!!     THIS MAY CAUSE SLOWDOWN IN PERFORMANCE     !!!
20260914 060111.889 INFO             PET1 !!! FOR PRODUCTION RUNS, USE:                      !!!
20260914 060111.889 INFO             PET1 !!!                   ESMF_LOGKIND_Multi_On_Error  !!!
20260914 060111.889 INFO             PET1 !!!!!!!!!!!!!!!!!!!!!!!!!!!!!!!!!!!!!!!!!!!!!!!!!!!!!!
20260914 060111.889 INFO             PET1 Running with ESMF Version   : v9.0.0b18
20260914 060111.889 INFO             PET1 ESMF library build date/time: "Sep 14 2026" "04:55:24"
20260914 060111.889 INFO             PET1 ESMF library build location : /tmp/nvhpc_25.5_mpi_g_develop/esmf
20260914 060111.889 INFO             PET1 ESMF_COMM                   : mpi
20260914 060111.889 INFO             PET1 ESMF_MOAB                   : enabled
20260914 060111.889 INFO             PET1 ESMF_LAPACK                 : enabled
20260914 060111.889 INFO             PET1 ESMF_NETCDF                 : enabled
20260914 060111.889 INFO             PET1 ESMF_PNETCDF                : disabled
20260914 060111.889 INFO             PET1 ESMF_PIO                    : enabled
20260914 060111.889 INFO             PET1 ESMF_YAMLCPP                : enabled
20260914 060111.896 INFO             PET1 =============================================
20260914 060111.896 INFO             PET1 ESMX (Earth System Model eXecutable) STARTING
20260914 060111.896 INFO             PET1 =============================================
20260914 060111.914 DEBUG            PET1 Generic SetVM() is executing for: ESMX_Driver
20260914 060111.914 DEBUG            PET1 Generic SetVM() found no NUOPC Hint for: ESMX_Driver
20260914 060111.914 DEBUG            PET1 Generic SetVM() therefore is NOT calling ESMF_GridCompSetVMMaxPEs() for: ESMX_Driver
20260914 060111.925 INFO             PET1 ESMX_Driver: InitializeGeneric intro.
20260914 060111.926 INFO             PET1   >>>ESMX_Driver: entered Initialize (phase=<none>) without valid internal Clock.
20260914 060111.926 INFO             PET1   ESMX_Driver: InitializeP0 intro.
20260914 060111.926 INFO             PET1     >>>ESMX_Driver: entered Initialize (phase=<none>) without valid internal Clock.
20260914 060111.926 INFO             PET1     <<<ESMX_Driver: leaving Initialize (phase=<none>) without valid internal Clock.
20260914 060111.926 INFO             PET1   ESMX_Driver: InitializeP0 extro.
20260914 060111.926 INFO             PET1   ESMX_Driver: InitializeIPDv02p1 intro.
20260914 060111.927 INFO             PET1     >>>ESMX_Driver: entered Initialize (phase=<none>) without valid internal Clock.
20260914 060111.939 INFO             PET1     ESMX_Driver - Creating model component MDL without petList.
20260914 060111.940 DEBUG            PET1     Generic SetVM() is executing for: MDL
20260914 060111.940 DEBUG            PET1     Generic SetVM() found no NUOPC Hint for: MDL
20260914 060111.940 DEBUG            PET1     Generic SetVM() therefore is NOT calling ESMF_GridCompSetVMMaxPEs() for: MDL
20260914 060111.957 INFO             PET1     ESMX_Driver: IInitAdvertise intro.
20260914 060111.957 INFO             PET1       >>>ESMX_Driver: entered Initialize (phase=<none>) with current time: 2012 10 24 18  0  0   0
20260914 060111.957 INFO             PET1       <<<ESMX_Driver: leaving Initialize (phase=<none>) with current time: 2012 10 24 18  0  0   0
20260914 060111.957 INFO             PET1     ESMX_Driver: IInitAdvertise extro.
20260914 060111.958 INFO             PET1     Message from inside C component Advertise() method
20260914 060111.959 INFO             PET1     ESMX_Driver: IInitAdvertiseFinish intro.
20260914 060111.960 INFO             PET1       >>>ESMX_Driver: entered Initialize (phase=<none>) with current time: 2012 10 24 18  0  0   0
20260914 060111.960 INFO             PET1       <<<ESMX_Driver: leaving Initialize (phase=<none>) with current time: 2012 10 24 18  0  0   0
20260914 060111.960 INFO             PET1     ESMX_Driver: IInitAdvertiseFinish extro.
20260914 060111.960 INFO             PET1     ESMX_Driver: IInitModifyCplLists intro.
20260914 060111.961 INFO             PET1       >>>ESMX_Driver: entered Initialize (phase=<none>) with current time: 2012 10 24 18  0  0   0
20260914 060111.961 INFO             PET1       <<<ESMX_Driver: leaving Initialize (phase=<none>) with current time: 2012 10 24 18  0  0   0
20260914 060111.961 INFO             PET1     ESMX_Driver: IInitModifyCplLists extro.
20260914 060111.961 INFO             PET1     <<<ESMX_Driver: leaving Initialize (phase=<none>) with current time: 2012 10 24 18  0  0   0
20260914 060111.961 INFO             PET1   ESMX_Driver: InitializeIPDv02p1 extro.
20260914 060111.961 INFO             PET1   ESMX_Driver: InitializeIPDv02p3 intro.
20260914 060111.961 INFO             PET1     >>>ESMX_Driver: entered Initialize (phase=<none>) with current time: 2012 10 24 18  0  0   0
20260914 060111.962 INFO             PET1     ESMX_Driver: IInitCheck intro.
20260914 060111.962 INFO             PET1       >>>ESMX_Driver: entered Initialize (phase=<none>) with current time: 2012 10 24 18  0  0   0
20260914 060111.962 INFO             PET1       <<<ESMX_Driver: leaving Initialize (phase=<none>) with current time: 2012 10 24 18  0  0   0
20260914 060111.962 INFO             PET1     ESMX_Driver: IInitCheck extro.
20260914 060111.963 INFO             PET1     ESMX_Driver: IInitRealize intro.
20260914 060111.963 INFO             PET1       >>>ESMX_Driver: entered Initialize (phase=<none>) with current time: 2012 10 24 18  0  0   0
20260914 060111.963 INFO             PET1       <<<ESMX_Driver: leaving Initialize (phase=<none>) with current time: 2012 10 24 18  0  0   0
20260914 060111.963 INFO             PET1     ESMX_Driver: IInitRealize extro.
20260914 060111.964 INFO             PET1     <<<ESMX_Driver: leaving Initialize (phase=<none>) with current time: 2012 10 24 18  0  0   0
20260914 060111.964 INFO             PET1   ESMX_Driver: InitializeIPDv02p3 extro.
20260914 060111.964 INFO             PET1   ESMX_Driver: InitializeIPDv02p5 intro.
20260914 060111.964 INFO             PET1     >>>ESMX_Driver: entered Initialize (phase=<none>) with current time: 2012 10 24 18  0  0   0
20260914 060111.964 INFO             PET1     ESMX_Driver: InitializeIPDv02p5Data intro.
20260914 060111.965 INFO             PET1       >>>ESMX_Driver: entered Initialize (phase=<none>) with current time: 2012 10 24 18  0  0   0
20260914 060111.965 INFO             PET1       ESMX_Driver: InternalInitializeComplete intro.
20260914 060111.965 INFO             PET1         >>>ESMX_Driver: entered Initialize (phase=<none>) with current time: 2012 10 24 18  0  0   0
20260914 060111.965 INFO             PET1         <<<ESMX_Driver: leaving Initialize (phase=<none>) with current time: 2012 10 24 18  0  0   0
20260914 060111.965 INFO             PET1       ESMX_Driver: InternalInitializeComplete extro.
20260914 060111.968 INFO             PET1       ESMX_Driver: loopDataDependentInitialize intro.
20260914 060111.968 INFO             PET1         >>>ESMX_Driver: entered Initialize (phase=<none>) with current time: 2012 10 24 18  0  0   0
20260914 060111.968 INFO             PET1         <<<ESMX_Driver: leaving Initialize (phase=<none>) with current time: 2012 10 24 18  0  0   0
20260914 060111.968 INFO             PET1       ESMX_Driver: loopDataDependentInitialize extro.
20260914 060111.968 INFO             PET1       <<<ESMX_Driver: leaving Initialize (phase=<none>) with current time: 2012 10 24 18  0  0   0
20260914 060111.968 INFO             PET1     ESMX_Driver: InitializeIPDv02p5Data extro.
20260914 060111.969 INFO             PET1     <<<ESMX_Driver: leaving Initialize (phase=<none>) with current time: 2012 10 24 18  0  0   0
20260914 060111.969 INFO             PET1   ESMX_Driver: InitializeIPDv02p5 extro.
20260914 060111.969 INFO             PET1   <<<ESMX_Driver: leaving Initialize (phase=<none>) with current time: 2012 10 24 18  0  0   0
20260914 060111.969 INFO             PET1 ESMX_Driver: InitializeGeneric extro.
20260914 060111.969 INFO             PET1 ESMX_Driver: Run intro.
20260914 060111.969 INFO             PET1   >>>ESMX_Driver: entered Run (phase=RunPhase1) with current time: 2012 10 24 18  0  0   0
20260914 060111.970 INFO             PET1   Message from inside C component Advance() method
20260914 060111.970 INFO             PET1   <<<ESMX_Driver: leaving Run (phase=RunPhase1) with current time: 2012 10 24 19  0  0   0
20260914 060111.970 INFO             PET1 ESMX_Driver: Run extro.
20260914 060111.970 INFO             PET1 ESMX_Driver: Finalize intro.
20260914 060111.970 INFO             PET1   >>>ESMX_Driver: entered Finalize (phase=FinalizePhase1) with current time: 2012 10 24 19  0  0   0
20260914 060111.970 INFO             PET1   Calling Finalize phase 1 for modelComp: MDL
20260914 060111.971 INFO             PET1   Delete modelComp: MDL
20260914 060111.971 INFO             PET1   <<<ESMX_Driver: leaving Finalize (phase=FinalizePhase1) with current time: 2012 10 24 19  0  0   0
20260914 060111.971 INFO             PET1 ESMX_Driver: Finalize extro.
20260914 060111.971 INFO             PET1 =============================================
20260914 060111.971 INFO             PET1 ESMX (Earth System Model eXecutable) FINISHED
20260914 060111.971 INFO             PET1 =============================================
20260914 060111.971 INFO             PET1  Finalizing ESMF
20260914 060111.890 INFO             PET2 !!!!!!!!!!!!!!!!!!!!!!!!!!!!!!!!!!!!!!!!!!!!!!!!!!!!!!
20260914 060111.890 INFO             PET2 !!! THE ESMF_LOG IS SET TO OUTPUT ALL LOG MESSAGES !!!
20260914 060111.890 INFO             PET2 !!!     THIS MAY CAUSE SLOWDOWN IN PERFORMANCE     !!!
20260914 060111.890 INFO             PET2 !!! FOR PRODUCTION RUNS, USE:                      !!!
20260914 060111.890 INFO             PET2 !!!                   ESMF_LOGKIND_Multi_On_Error  !!!
20260914 060111.890 INFO             PET2 !!!!!!!!!!!!!!!!!!!!!!!!!!!!!!!!!!!!!!!!!!!!!!!!!!!!!!
20260914 060111.890 INFO             PET2 Running with ESMF Version   : v9.0.0b18
20260914 060111.890 INFO             PET2 ESMF library build date/time: "Sep 14 2026" "04:55:24"
20260914 060111.890 INFO             PET2 ESMF library build location : /tmp/nvhpc_25.5_mpi_g_develop/esmf
20260914 060111.890 INFO             PET2 ESMF_COMM                   : mpi
20260914 060111.890 INFO             PET2 ESMF_MOAB                   : enabled
20260914 060111.890 INFO             PET2 ESMF_LAPACK                 : enabled
20260914 060111.890 INFO             PET2 ESMF_NETCDF                 : enabled
20260914 060111.890 INFO             PET2 ESMF_PNETCDF                : disabled
20260914 060111.890 INFO             PET2 ESMF_PIO                    : enabled
20260914 060111.890 INFO             PET2 ESMF_YAMLCPP                : enabled
20260914 060111.895 INFO             PET2 =============================================
20260914 060111.895 INFO             PET2 ESMX (Earth System Model eXecutable) STARTING
20260914 060111.895 INFO             PET2 =============================================
20260914 060111.914 DEBUG            PET2 Generic SetVM() is executing for: ESMX_Driver
20260914 060111.914 DEBUG            PET2 Generic SetVM() found no NUOPC Hint for: ESMX_Driver
20260914 060111.914 DEBUG            PET2 Generic SetVM() therefore is NOT calling ESMF_GridCompSetVMMaxPEs() for: ESMX_Driver
20260914 060111.925 INFO             PET2 ESMX_Driver: InitializeGeneric intro.
20260914 060111.926 INFO             PET2   >>>ESMX_Driver: entered Initialize (phase=<none>) without valid internal Clock.
20260914 060111.926 INFO             PET2   ESMX_Driver: InitializeP0 intro.
20260914 060111.926 INFO             PET2     >>>ESMX_Driver: entered Initialize (phase=<none>) without valid internal Clock.
20260914 060111.926 INFO             PET2     <<<ESMX_Driver: leaving Initialize (phase=<none>) without valid internal Clock.
20260914 060111.926 INFO             PET2   ESMX_Driver: InitializeP0 extro.
20260914 060111.926 INFO             PET2   ESMX_Driver: InitializeIPDv02p1 intro.
20260914 060111.927 INFO             PET2     >>>ESMX_Driver: entered Initialize (phase=<none>) without valid internal Clock.
20260914 060111.939 INFO             PET2     ESMX_Driver - Creating model component MDL without petList.
20260914 060111.940 DEBUG            PET2     Generic SetVM() is executing for: MDL
20260914 060111.940 DEBUG            PET2     Generic SetVM() found no NUOPC Hint for: MDL
20260914 060111.940 DEBUG            PET2     Generic SetVM() therefore is NOT calling ESMF_GridCompSetVMMaxPEs() for: MDL
20260914 060111.957 INFO             PET2     ESMX_Driver: IInitAdvertise intro.
20260914 060111.957 INFO             PET2       >>>ESMX_Driver: entered Initialize (phase=<none>) with current time: 2012 10 24 18  0  0   0
20260914 060111.957 INFO             PET2       <<<ESMX_Driver: leaving Initialize (phase=<none>) with current time: 2012 10 24 18  0  0   0
20260914 060111.957 INFO             PET2     ESMX_Driver: IInitAdvertise extro.
20260914 060111.958 INFO             PET2     Message from inside C component Advertise() method
20260914 060111.959 INFO             PET2     ESMX_Driver: IInitAdvertiseFinish intro.
20260914 060111.960 INFO             PET2       >>>ESMX_Driver: entered Initialize (phase=<none>) with current time: 2012 10 24 18  0  0   0
20260914 060111.960 INFO             PET2       <<<ESMX_Driver: leaving Initialize (phase=<none>) with current time: 2012 10 24 18  0  0   0
20260914 060111.960 INFO             PET2     ESMX_Driver: IInitAdvertiseFinish extro.
20260914 060111.960 INFO             PET2     ESMX_Driver: IInitModifyCplLists intro.
20260914 060111.961 INFO             PET2       >>>ESMX_Driver: entered Initialize (phase=<none>) with current time: 2012 10 24 18  0  0   0
20260914 060111.961 INFO             PET2       <<<ESMX_Driver: leaving Initialize (phase=<none>) with current time: 2012 10 24 18  0  0   0
20260914 060111.961 INFO             PET2     ESMX_Driver: IInitModifyCplLists extro.
20260914 060111.961 INFO             PET2     <<<ESMX_Driver: leaving Initialize (phase=<none>) with current time: 2012 10 24 18  0  0   0
20260914 060111.961 INFO             PET2   ESMX_Driver: InitializeIPDv02p1 extro.
20260914 060111.961 INFO             PET2   ESMX_Driver: InitializeIPDv02p3 intro.
20260914 060111.961 INFO             PET2     >>>ESMX_Driver: entered Initialize (phase=<none>) with current time: 2012 10 24 18  0  0   0
20260914 060111.962 INFO             PET2     ESMX_Driver: IInitCheck intro.
20260914 060111.962 INFO             PET2       >>>ESMX_Driver: entered Initialize (phase=<none>) with current time: 2012 10 24 18  0  0   0
20260914 060111.962 INFO             PET2       <<<ESMX_Driver: leaving Initialize (phase=<none>) with current time: 2012 10 24 18  0  0   0
20260914 060111.962 INFO             PET2     ESMX_Driver: IInitCheck extro.
20260914 060111.963 INFO             PET2     ESMX_Driver: IInitRealize intro.
20260914 060111.963 INFO             PET2       >>>ESMX_Driver: entered Initialize (phase=<none>) with current time: 2012 10 24 18  0  0   0
20260914 060111.963 INFO             PET2       <<<ESMX_Driver: leaving Initialize (phase=<none>) with current time: 2012 10 24 18  0  0   0
20260914 060111.963 INFO             PET2     ESMX_Driver: IInitRealize extro.
20260914 060111.964 INFO             PET2     <<<ESMX_Driver: leaving Initialize (phase=<none>) with current time: 2012 10 24 18  0  0   0
20260914 060111.964 INFO             PET2   ESMX_Driver: InitializeIPDv02p3 extro.
20260914 060111.964 INFO             PET2   ESMX_Driver: InitializeIPDv02p5 intro.
20260914 060111.964 INFO             PET2     >>>ESMX_Driver: entered Initialize (phase=<none>) with current time: 2012 10 24 18  0  0   0
20260914 060111.964 INFO             PET2     ESMX_Driver: InitializeIPDv02p5Data intro.
20260914 060111.965 INFO             PET2       >>>ESMX_Driver: entered Initialize (phase=<none>) with current time: 2012 10 24 18  0  0   0
20260914 060111.965 INFO             PET2       ESMX_Driver: InternalInitializeComplete intro.
20260914 060111.965 INFO             PET2         >>>ESMX_Driver: entered Initialize (phase=<none>) with current time: 2012 10 24 18  0  0   0
20260914 060111.965 INFO             PET2         <<<ESMX_Driver: leaving Initialize (phase=<none>) with current time: 2012 10 24 18  0  0   0
20260914 060111.965 INFO             PET2       ESMX_Driver: InternalInitializeComplete extro.
20260914 060111.968 INFO             PET2       ESMX_Driver: loopDataDependentInitialize intro.
20260914 060111.968 INFO             PET2         >>>ESMX_Driver: entered Initialize (phase=<none>) with current time: 2012 10 24 18  0  0   0
20260914 060111.968 INFO             PET2         <<<ESMX_Driver: leaving Initialize (phase=<none>) with current time: 2012 10 24 18  0  0   0
20260914 060111.968 INFO             PET2       ESMX_Driver: loopDataDependentInitialize extro.
20260914 060111.968 INFO             PET2       <<<ESMX_Driver: leaving Initialize (phase=<none>) with current time: 2012 10 24 18  0  0   0
20260914 060111.968 INFO             PET2     ESMX_Driver: InitializeIPDv02p5Data extro.
20260914 060111.969 INFO             PET2     <<<ESMX_Driver: leaving Initialize (phase=<none>) with current time: 2012 10 24 18  0  0   0
20260914 060111.969 INFO             PET2   ESMX_Driver: InitializeIPDv02p5 extro.
20260914 060111.969 INFO             PET2   <<<ESMX_Driver: leaving Initialize (phase=<none>) with current time: 2012 10 24 18  0  0   0
20260914 060111.969 INFO             PET2 ESMX_Driver: InitializeGeneric extro.
20260914 060111.969 INFO             PET2 ESMX_Driver: Run intro.
20260914 060111.969 INFO             PET2   >>>ESMX_Driver: entered Run (phase=RunPhase1) with current time: 2012 10 24 18  0  0   0
20260914 060111.970 INFO             PET2   Message from inside C component Advance() method
20260914 060111.970 INFO             PET2   <<<ESMX_Driver: leaving Run (phase=RunPhase1) with current time: 2012 10 24 19  0  0   0
20260914 060111.970 INFO             PET2 ESMX_Driver: Run extro.
20260914 060111.970 INFO             PET2 ESMX_Driver: Finalize intro.
20260914 060111.970 INFO             PET2   >>>ESMX_Driver: entered Finalize (phase=FinalizePhase1) with current time: 2012 10 24 19  0  0   0
20260914 060111.970 INFO             PET2   Calling Finalize phase 1 for modelComp: MDL
20260914 060111.971 INFO             PET2   Delete modelComp: MDL
20260914 060111.971 INFO             PET2   <<<ESMX_Driver: leaving Finalize (phase=FinalizePhase1) with current time: 2012 10 24 19  0  0   0
20260914 060111.971 INFO             PET2 ESMX_Driver: Finalize extro.
20260914 060111.971 INFO             PET2 =============================================
20260914 060111.971 INFO             PET2 ESMX (Earth System Model eXecutable) FINISHED
20260914 060111.971 INFO             PET2 =============================================
20260914 060111.971 INFO             PET2  Finalizing ESMF
20260914 060111.888 INFO             PET3 !!!!!!!!!!!!!!!!!!!!!!!!!!!!!!!!!!!!!!!!!!!!!!!!!!!!!!
20260914 060111.888 INFO             PET3 !!! THE ESMF_LOG IS SET TO OUTPUT ALL LOG MESSAGES !!!
20260914 060111.888 INFO             PET3 !!!     THIS MAY CAUSE SLOWDOWN IN PERFORMANCE     !!!
20260914 060111.888 INFO             PET3 !!! FOR PRODUCTION RUNS, USE:                      !!!
20260914 060111.888 INFO             PET3 !!!                   ESMF_LOGKIND_Multi_On_Error  !!!
20260914 060111.888 INFO             PET3 !!!!!!!!!!!!!!!!!!!!!!!!!!!!!!!!!!!!!!!!!!!!!!!!!!!!!!
20260914 060111.888 INFO             PET3 Running with ESMF Version   : v9.0.0b18
20260914 060111.888 INFO             PET3 ESMF library build date/time: "Sep 14 2026" "04:55:24"
20260914 060111.888 INFO             PET3 ESMF library build location : /tmp/nvhpc_25.5_mpi_g_develop/esmf
20260914 060111.888 INFO             PET3 ESMF_COMM                   : mpi
20260914 060111.889 INFO             PET3 ESMF_MOAB                   : enabled
20260914 060111.889 INFO             PET3 ESMF_LAPACK                 : enabled
20260914 060111.889 INFO             PET3 ESMF_NETCDF                 : enabled
20260914 060111.889 INFO             PET3 ESMF_PNETCDF                : disabled
20260914 060111.889 INFO             PET3 ESMF_PIO                    : enabled
20260914 060111.889 INFO             PET3 ESMF_YAMLCPP                : enabled
20260914 060111.894 INFO             PET3 =============================================
20260914 060111.894 INFO             PET3 ESMX (Earth System Model eXecutable) STARTING
20260914 060111.894 INFO             PET3 =============================================
20260914 060111.910 DEBUG            PET3 Generic SetVM() is executing for: ESMX_Driver
20260914 060111.910 DEBUG            PET3 Generic SetVM() found no NUOPC Hint for: ESMX_Driver
20260914 060111.910 DEBUG            PET3 Generic SetVM() therefore is NOT calling ESMF_GridCompSetVMMaxPEs() for: ESMX_Driver
20260914 060111.921 INFO             PET3 ESMX_Driver: InitializeGeneric intro.
20260914 060111.921 INFO             PET3   >>>ESMX_Driver: entered Initialize (phase=<none>) without valid internal Clock.
20260914 060111.921 INFO             PET3   ESMX_Driver: InitializeP0 intro.
20260914 060111.922 INFO             PET3     >>>ESMX_Driver: entered Initialize (phase=<none>) without valid internal Clock.
20260914 060111.922 INFO             PET3     <<<ESMX_Driver: leaving Initialize (phase=<none>) without valid internal Clock.
20260914 060111.922 INFO             PET3   ESMX_Driver: InitializeP0 extro.
20260914 060111.922 INFO             PET3   ESMX_Driver: InitializeIPDv02p1 intro.
20260914 060111.922 INFO             PET3     >>>ESMX_Driver: entered Initialize (phase=<none>) without valid internal Clock.
20260914 060111.939 INFO             PET3     ESMX_Driver - Creating model component MDL without petList.
20260914 060111.940 DEBUG            PET3     Generic SetVM() is executing for: MDL
20260914 060111.940 DEBUG            PET3     Generic SetVM() found no NUOPC Hint for: MDL
20260914 060111.940 DEBUG            PET3     Generic SetVM() therefore is NOT calling ESMF_GridCompSetVMMaxPEs() for: MDL
20260914 060111.955 INFO             PET3     ESMX_Driver: IInitAdvertise intro.
20260914 060111.955 INFO             PET3       >>>ESMX_Driver: entered Initialize (phase=<none>) with current time: 2012 10 24 18  0  0   0
20260914 060111.955 INFO             PET3       <<<ESMX_Driver: leaving Initialize (phase=<none>) with current time: 2012 10 24 18  0  0   0
20260914 060111.955 INFO             PET3     ESMX_Driver: IInitAdvertise extro.
20260914 060111.955 INFO             PET3     Message from inside C component Advertise() method
20260914 060111.959 INFO             PET3     ESMX_Driver: IInitAdvertiseFinish intro.
20260914 060111.959 INFO             PET3       >>>ESMX_Driver: entered Initialize (phase=<none>) with current time: 2012 10 24 18  0  0   0
20260914 060111.959 INFO             PET3       <<<ESMX_Driver: leaving Initialize (phase=<none>) with current time: 2012 10 24 18  0  0   0
20260914 060111.959 INFO             PET3     ESMX_Driver: IInitAdvertiseFinish extro.
20260914 060111.959 INFO             PET3     ESMX_Driver: IInitModifyCplLists intro.
20260914 060111.960 INFO             PET3       >>>ESMX_Driver: entered Initialize (phase=<none>) with current time: 2012 10 24 18  0  0   0
20260914 060111.960 INFO             PET3       <<<ESMX_Driver: leaving Initialize (phase=<none>) with current time: 2012 10 24 18  0  0   0
20260914 060111.960 INFO             PET3     ESMX_Driver: IInitModifyCplLists extro.
20260914 060111.960 INFO             PET3     <<<ESMX_Driver: leaving Initialize (phase=<none>) with current time: 2012 10 24 18  0  0   0
20260914 060111.960 INFO             PET3   ESMX_Driver: InitializeIPDv02p1 extro.
20260914 060111.960 INFO             PET3   ESMX_Driver: InitializeIPDv02p3 intro.
20260914 060111.960 INFO             PET3     >>>ESMX_Driver: entered Initialize (phase=<none>) with current time: 2012 10 24 18  0  0   0
20260914 060111.960 INFO             PET3     ESMX_Driver: IInitCheck intro.
20260914 060111.960 INFO             PET3       >>>ESMX_Driver: entered Initialize (phase=<none>) with current time: 2012 10 24 18  0  0   0
20260914 060111.960 INFO             PET3       <<<ESMX_Driver: leaving Initialize (phase=<none>) with current time: 2012 10 24 18  0  0   0
20260914 060111.961 INFO             PET3     ESMX_Driver: IInitCheck extro.
20260914 060111.961 INFO             PET3     ESMX_Driver: IInitRealize intro.
20260914 060111.961 INFO             PET3       >>>ESMX_Driver: entered Initialize (phase=<none>) with current time: 2012 10 24 18  0  0   0
20260914 060111.961 INFO             PET3       <<<ESMX_Driver: leaving Initialize (phase=<none>) with current time: 2012 10 24 18  0  0   0
20260914 060111.961 INFO             PET3     ESMX_Driver: IInitRealize extro.
20260914 060111.961 INFO             PET3     <<<ESMX_Driver: leaving Initialize (phase=<none>) with current time: 2012 10 24 18  0  0   0
20260914 060111.961 INFO             PET3   ESMX_Driver: InitializeIPDv02p3 extro.
20260914 060111.962 INFO             PET3   ESMX_Driver: InitializeIPDv02p5 intro.
20260914 060111.962 INFO             PET3     >>>ESMX_Driver: entered Initialize (phase=<none>) with current time: 2012 10 24 18  0  0   0
20260914 060111.962 INFO             PET3     ESMX_Driver: InitializeIPDv02p5Data intro.
20260914 060111.962 INFO             PET3       >>>ESMX_Driver: entered Initialize (phase=<none>) with current time: 2012 10 24 18  0  0   0
20260914 060111.962 INFO             PET3       ESMX_Driver: InternalInitializeComplete intro.
20260914 060111.962 INFO             PET3         >>>ESMX_Driver: entered Initialize (phase=<none>) with current time: 2012 10 24 18  0  0   0
20260914 060111.962 INFO             PET3         <<<ESMX_Driver: leaving Initialize (phase=<none>) with current time: 2012 10 24 18  0  0   0
20260914 060111.962 INFO             PET3       ESMX_Driver: InternalInitializeComplete extro.
20260914 060111.967 INFO             PET3       ESMX_Driver: loopDataDependentInitialize intro.
20260914 060111.968 INFO             PET3         >>>ESMX_Driver: entered Initialize (phase=<none>) with current time: 2012 10 24 18  0  0   0
20260914 060111.968 INFO             PET3         <<<ESMX_Driver: leaving Initialize (phase=<none>) with current time: 2012 10 24 18  0  0   0
20260914 060111.968 INFO             PET3       ESMX_Driver: loopDataDependentInitialize extro.
20260914 060111.968 INFO             PET3       <<<ESMX_Driver: leaving Initialize (phase=<none>) with current time: 2012 10 24 18  0  0   0
20260914 060111.968 INFO             PET3     ESMX_Driver: InitializeIPDv02p5Data extro.
20260914 060111.968 INFO             PET3     <<<ESMX_Driver: leaving Initialize (phase=<none>) with current time: 2012 10 24 18  0  0   0
20260914 060111.968 INFO             PET3   ESMX_Driver: InitializeIPDv02p5 extro.
20260914 060111.968 INFO             PET3   <<<ESMX_Driver: leaving Initialize (phase=<none>) with current time: 2012 10 24 18  0  0   0
20260914 060111.968 INFO             PET3 ESMX_Driver: InitializeGeneric extro.
20260914 060111.969 INFO             PET3 ESMX_Driver: Run intro.
20260914 060111.969 INFO             PET3   >>>ESMX_Driver: entered Run (phase=RunPhase1) with current time: 2012 10 24 18  0  0   0
20260914 060111.969 INFO             PET3   Message from inside C component Advance() method
20260914 060111.969 INFO             PET3   <<<ESMX_Driver: leaving Run (phase=RunPhase1) with current time: 2012 10 24 19  0  0   0
20260914 060111.969 INFO             PET3 ESMX_Driver: Run extro.
20260914 060111.969 INFO             PET3 ESMX_Driver: Finalize intro.
20260914 060111.969 INFO             PET3   >>>ESMX_Driver: entered Finalize (phase=FinalizePhase1) with current time: 2012 10 24 19  0  0   0
20260914 060111.969 INFO             PET3   Calling Finalize phase 1 for modelComp: MDL
20260914 060111.969 INFO             PET3   Delete modelComp: MDL
20260914 060111.969 INFO             PET3   <<<ESMX_Driver: leaving Finalize (phase=FinalizePhase1) with current time: 2012 10 24 19  0  0   0
20260914 060111.970 INFO             PET3 ESMX_Driver: Finalize extro.
20260914 060111.970 INFO             PET3 =============================================
20260914 060111.970 INFO             PET3 ESMX (Earth System Model eXecutable) FINISHED
20260914 060111.970 INFO             PET3 =============================================
20260914 060111.970 INFO             PET3  Finalizing ESMF
