2026-08-31 01:35:55
20260831 021302.118 INFO             PET0 !!!!!!!!!!!!!!!!!!!!!!!!!!!!!!!!!!!!!!!!!!!!!!!!!!!!!!
20260831 021302.118 INFO             PET0 !!! THE ESMF_LOG IS SET TO OUTPUT ALL LOG MESSAGES !!!
20260831 021302.118 INFO             PET0 !!!     THIS MAY CAUSE SLOWDOWN IN PERFORMANCE     !!!
20260831 021302.118 INFO             PET0 !!! FOR PRODUCTION RUNS, USE:                      !!!
20260831 021302.118 INFO             PET0 !!!                   ESMF_LOGKIND_Multi_On_Error  !!!
20260831 021302.118 INFO             PET0 !!!!!!!!!!!!!!!!!!!!!!!!!!!!!!!!!!!!!!!!!!!!!!!!!!!!!!
20260831 021302.118 INFO             PET0 Running with ESMF Version   : develop+g1082792c4b
20260831 021302.118 INFO             PET0 ESMF library build date/time: "Aug 31 2026" "01:34:09"
20260831 021302.118 INFO             PET0 ESMF library build location : /glade/derecho/scratch/sacks/esmf-testing/intel_2024.2.1-oneAPI_mpi_O_develop/esmf
20260831 021302.118 INFO             PET0 ESMF_COMM                   : mpi
20260831 021302.118 INFO             PET0 ESMF_MOAB                   : enabled
20260831 021302.118 INFO             PET0 ESMF_LAPACK                 : enabled
20260831 021302.118 INFO             PET0 ESMF_NETCDF                 : enabled
20260831 021302.118 INFO             PET0 ESMF_PNETCDF                : disabled
20260831 021302.118 INFO             PET0 ESMF_PIO                    : enabled
20260831 021302.118 INFO             PET0 ESMF_YAMLCPP                : enabled
20260831 021302.119 INFO             PET0 =============================================
20260831 021302.119 INFO             PET0 ESMX (Earth System Model eXecutable) STARTING
20260831 021302.119 INFO             PET0 =============================================
20260831 021302.121 DEBUG            PET0 Generic SetVM() is executing for: ESMX_Driver
20260831 021302.121 DEBUG            PET0 Generic SetVM() found no NUOPC Hint for: ESMX_Driver
20260831 021302.121 DEBUG            PET0 Generic SetVM() therefore is NOT calling ESMF_GridCompSetVMMaxPEs() for: ESMX_Driver
20260831 021302.124 INFO             PET0 =============================================
20260831 021302.124 INFO             PET0 ESMX (Earth System Model eXecutable) FINISHED
20260831 021302.124 INFO             PET0 =============================================
20260831 021302.124 INFO             PET0  Finalizing ESMF
20260831 021302.119 INFO             PET1 !!!!!!!!!!!!!!!!!!!!!!!!!!!!!!!!!!!!!!!!!!!!!!!!!!!!!!
20260831 021302.119 INFO             PET1 !!! THE ESMF_LOG IS SET TO OUTPUT ALL LOG MESSAGES !!!
20260831 021302.119 INFO             PET1 !!!     THIS MAY CAUSE SLOWDOWN IN PERFORMANCE     !!!
20260831 021302.119 INFO             PET1 !!! FOR PRODUCTION RUNS, USE:                      !!!
20260831 021302.119 INFO             PET1 !!!                   ESMF_LOGKIND_Multi_On_Error  !!!
20260831 021302.119 INFO             PET1 !!!!!!!!!!!!!!!!!!!!!!!!!!!!!!!!!!!!!!!!!!!!!!!!!!!!!!
20260831 021302.119 INFO             PET1 Running with ESMF Version   : develop+g1082792c4b
20260831 021302.119 INFO             PET1 ESMF library build date/time: "Aug 31 2026" "01:34:09"
20260831 021302.119 INFO             PET1 ESMF library build location : /glade/derecho/scratch/sacks/esmf-testing/intel_2024.2.1-oneAPI_mpi_O_develop/esmf
20260831 021302.119 INFO             PET1 ESMF_COMM                   : mpi
20260831 021302.119 INFO             PET1 ESMF_MOAB                   : enabled
20260831 021302.119 INFO             PET1 ESMF_LAPACK                 : enabled
20260831 021302.119 INFO             PET1 ESMF_NETCDF                 : enabled
20260831 021302.119 INFO             PET1 ESMF_PNETCDF                : disabled
20260831 021302.119 INFO             PET1 ESMF_PIO                    : enabled
20260831 021302.119 INFO             PET1 ESMF_YAMLCPP                : enabled
20260831 021302.119 INFO             PET1 =============================================
20260831 021302.119 INFO             PET1 ESMX (Earth System Model eXecutable) STARTING
20260831 021302.119 INFO             PET1 =============================================
20260831 021302.121 DEBUG            PET1 Generic SetVM() is executing for: ESMX_Driver
20260831 021302.121 DEBUG            PET1 Generic SetVM() found no NUOPC Hint for: ESMX_Driver
20260831 021302.121 DEBUG            PET1 Generic SetVM() therefore is NOT calling ESMF_GridCompSetVMMaxPEs() for: ESMX_Driver
20260831 021302.124 INFO             PET1 =============================================
20260831 021302.124 INFO             PET1 ESMX (Earth System Model eXecutable) FINISHED
20260831 021302.124 INFO             PET1 =============================================
20260831 021302.124 INFO             PET1  Finalizing ESMF
20260831 021302.118 INFO             PET2 !!!!!!!!!!!!!!!!!!!!!!!!!!!!!!!!!!!!!!!!!!!!!!!!!!!!!!
20260831 021302.118 INFO             PET2 !!! THE ESMF_LOG IS SET TO OUTPUT ALL LOG MESSAGES !!!
20260831 021302.118 INFO             PET2 !!!     THIS MAY CAUSE SLOWDOWN IN PERFORMANCE     !!!
20260831 021302.118 INFO             PET2 !!! FOR PRODUCTION RUNS, USE:                      !!!
20260831 021302.118 INFO             PET2 !!!                   ESMF_LOGKIND_Multi_On_Error  !!!
20260831 021302.118 INFO             PET2 !!!!!!!!!!!!!!!!!!!!!!!!!!!!!!!!!!!!!!!!!!!!!!!!!!!!!!
20260831 021302.118 INFO             PET2 Running with ESMF Version   : develop+g1082792c4b
20260831 021302.118 INFO             PET2 ESMF library build date/time: "Aug 31 2026" "01:34:09"
20260831 021302.118 INFO             PET2 ESMF library build location : /glade/derecho/scratch/sacks/esmf-testing/intel_2024.2.1-oneAPI_mpi_O_develop/esmf
20260831 021302.118 INFO             PET2 ESMF_COMM                   : mpi
20260831 021302.119 INFO             PET2 ESMF_MOAB                   : enabled
20260831 021302.119 INFO             PET2 ESMF_LAPACK                 : enabled
20260831 021302.119 INFO             PET2 ESMF_NETCDF                 : enabled
20260831 021302.119 INFO             PET2 ESMF_PNETCDF                : disabled
20260831 021302.119 INFO             PET2 ESMF_PIO                    : enabled
20260831 021302.119 INFO             PET2 ESMF_YAMLCPP                : enabled
20260831 021302.119 INFO             PET2 =============================================
20260831 021302.119 INFO             PET2 ESMX (Earth System Model eXecutable) STARTING
20260831 021302.119 INFO             PET2 =============================================
20260831 021302.121 DEBUG            PET2 Generic SetVM() is executing for: ESMX_Driver
20260831 021302.121 DEBUG            PET2 Generic SetVM() found no NUOPC Hint for: ESMX_Driver
20260831 021302.121 DEBUG            PET2 Generic SetVM() therefore is NOT calling ESMF_GridCompSetVMMaxPEs() for: ESMX_Driver
20260831 021302.124 INFO             PET2 =============================================
20260831 021302.124 INFO             PET2 ESMX (Earth System Model eXecutable) FINISHED
20260831 021302.124 INFO             PET2 =============================================
20260831 021302.124 INFO             PET2  Finalizing ESMF
20260831 021302.118 INFO             PET3 !!!!!!!!!!!!!!!!!!!!!!!!!!!!!!!!!!!!!!!!!!!!!!!!!!!!!!
20260831 021302.118 INFO             PET3 !!! THE ESMF_LOG IS SET TO OUTPUT ALL LOG MESSAGES !!!
20260831 021302.118 INFO             PET3 !!!     THIS MAY CAUSE SLOWDOWN IN PERFORMANCE     !!!
20260831 021302.118 INFO             PET3 !!! FOR PRODUCTION RUNS, USE:                      !!!
20260831 021302.118 INFO             PET3 !!!                   ESMF_LOGKIND_Multi_On_Error  !!!
20260831 021302.118 INFO             PET3 !!!!!!!!!!!!!!!!!!!!!!!!!!!!!!!!!!!!!!!!!!!!!!!!!!!!!!
20260831 021302.118 INFO             PET3 Running with ESMF Version   : develop+g1082792c4b
20260831 021302.118 INFO             PET3 ESMF library build date/time: "Aug 31 2026" "01:34:09"
20260831 021302.118 INFO             PET3 ESMF library build location : /glade/derecho/scratch/sacks/esmf-testing/intel_2024.2.1-oneAPI_mpi_O_develop/esmf
20260831 021302.118 INFO             PET3 ESMF_COMM                   : mpi
20260831 021302.119 INFO             PET3 ESMF_MOAB                   : enabled
20260831 021302.119 INFO             PET3 ESMF_LAPACK                 : enabled
20260831 021302.119 INFO             PET3 ESMF_NETCDF                 : enabled
20260831 021302.119 INFO             PET3 ESMF_PNETCDF                : disabled
20260831 021302.119 INFO             PET3 ESMF_PIO                    : enabled
20260831 021302.119 INFO             PET3 ESMF_YAMLCPP                : enabled
20260831 021302.119 INFO             PET3 =============================================
20260831 021302.119 INFO             PET3 ESMX (Earth System Model eXecutable) STARTING
20260831 021302.119 INFO             PET3 =============================================
20260831 021302.121 DEBUG            PET3 Generic SetVM() is executing for: ESMX_Driver
20260831 021302.121 DEBUG            PET3 Generic SetVM() found no NUOPC Hint for: ESMX_Driver
20260831 021302.121 DEBUG            PET3 Generic SetVM() therefore is NOT calling ESMF_GridCompSetVMMaxPEs() for: ESMX_Driver
20260831 021302.124 INFO             PET3 =============================================
20260831 021302.124 INFO             PET3 ESMX (Earth System Model eXecutable) FINISHED
20260831 021302.124 INFO             PET3 =============================================
20260831 021302.124 INFO             PET3  Finalizing ESMF
