2026-09-04 23:53:06
20260905 014453.754 INFO             PET0 !!!!!!!!!!!!!!!!!!!!!!!!!!!!!!!!!!!!!!!!!!!!!!!!!!!!!!
20260905 014453.754 INFO             PET0 !!! THE ESMF_LOG IS SET TO OUTPUT ALL LOG MESSAGES !!!
20260905 014453.754 INFO             PET0 !!!     THIS MAY CAUSE SLOWDOWN IN PERFORMANCE     !!!
20260905 014453.754 INFO             PET0 !!! FOR PRODUCTION RUNS, USE:                      !!!
20260905 014453.754 INFO             PET0 !!!                   ESMF_LOGKIND_Multi_On_Error  !!!
20260905 014453.754 INFO             PET0 !!!!!!!!!!!!!!!!!!!!!!!!!!!!!!!!!!!!!!!!!!!!!!!!!!!!!!
20260905 014453.754 INFO             PET0 Running with ESMF Version   : feature/esmx-cmake+gdd1288b46b
20260905 014453.754 INFO             PET0 ESMF library build date/time: "Sep  4 2026" "23:48:55"
20260905 014453.754 INFO             PET0 ESMF library build location : /scratch3/NCEPDEV/stmp/Gerhard.Theurich/ESMF-Nightly-Testing-Hera/nvhpc_24.1_openmpi_g_feature_esmx-cmake/esmf
20260905 014453.754 INFO             PET0 ESMF_COMM                   : openmpi
20260905 014453.755 INFO             PET0 ESMF_MOAB                   : enabled
20260905 014453.755 INFO             PET0 ESMF_LAPACK                 : enabled
20260905 014453.755 INFO             PET0 ESMF_NETCDF                 : disabled
20260905 014453.755 INFO             PET0 ESMF_PNETCDF                : disabled
20260905 014453.755 INFO             PET0 ESMF_PIO                    : disabled
20260905 014453.755 INFO             PET0 ESMF_YAMLCPP                : enabled
20260905 014453.768 INFO             PET0 =============================================
20260905 014453.768 INFO             PET0 ESMX (Earth System Model eXecutable) STARTING
20260905 014453.768 INFO             PET0 =============================================
20260905 014453.805 DEBUG            PET0 Generic SetVM() is executing for: ESMX_Driver
20260905 014453.806 DEBUG            PET0 Generic SetVM() found no NUOPC Hint for: ESMX_Driver
20260905 014453.806 DEBUG            PET0 Generic SetVM() therefore is NOT calling ESMF_GridCompSetVMMaxPEs() for: ESMX_Driver
20260905 014453.824 INFO             PET0 ESMX_Driver: InitializeGeneric intro.
20260905 014453.824 INFO             PET0   >>>ESMX_Driver: entered Initialize (phase=<none>) without valid internal Clock.
20260905 014453.824 INFO             PET0   ESMX_Driver: InitializeP0 intro.
20260905 014453.825 INFO             PET0     >>>ESMX_Driver: entered Initialize (phase=<none>) without valid internal Clock.
20260905 014453.825 INFO             PET0     <<<ESMX_Driver: leaving Initialize (phase=<none>) without valid internal Clock.
20260905 014453.825 INFO             PET0   ESMX_Driver: InitializeP0 extro.
20260905 014453.825 INFO             PET0   ESMX_Driver: InitializeIPDv02p1 intro.
20260905 014453.826 INFO             PET0     >>>ESMX_Driver: entered Initialize (phase=<none>) without valid internal Clock.
20260905 014453.851 INFO             PET0     ESMX_Driver - Creating model component ABC without petList.
20260905 014453.852 DEBUG            PET0     Generic SetVM() is executing for: ABC
20260905 014453.852 DEBUG            PET0     Generic SetVM() found no NUOPC Hint for: ABC
20260905 014453.852 DEBUG            PET0     Generic SetVM() therefore is NOT calling ESMF_GridCompSetVMMaxPEs() for: ABC
20260905 014453.882 INFO             PET0     ABC: InitializeP0 intro.
20260905 014453.883 INFO             PET0       >>>ABC: entered Initialize (phase=<none>) without valid internal Clock.
20260905 014453.887 INFO             PET0       <<<ABC: leaving Initialize (phase=<none>) without valid internal Clock.
20260905 014453.887 INFO             PET0     ABC: InitializeP0 extro.
20260905 014453.898 INFO             PET0     ESMX_Driver: IInitAdvertise intro.
20260905 014453.898 INFO             PET0       >>>ESMX_Driver: entered Initialize (phase=<none>) with current time: 2012 10 24  8  0  0   0
20260905 014453.899 INFO             PET0       <<<ESMX_Driver: leaving Initialize (phase=<none>) with current time: 2012 10 24  8  0  0   0
20260905 014453.899 INFO             PET0     ESMX_Driver: IInitAdvertise extro.
20260905 014453.899 INFO             PET0     ABC: InitializeIPDvXp01 intro.
20260905 014453.900 INFO             PET0       >>>ABC: entered Initialize (phase=IPDvXp01) without valid internal Clock.
20260905 014453.900 INFO             PET0       <<<ABC: leaving Initialize (phase=IPDvXp01) without valid internal Clock.
20260905 014453.900 INFO             PET0     ABC: InitializeIPDvXp01 extro.
20260905 014453.902 INFO             PET0     ESMX_Driver: IInitAdvertiseFinish intro.
20260905 014453.903 INFO             PET0       >>>ESMX_Driver: entered Initialize (phase=<none>) with current time: 2012 10 24  8  0  0   0
20260905 014453.903 INFO             PET0       <<<ESMX_Driver: leaving Initialize (phase=<none>) with current time: 2012 10 24  8  0  0   0
20260905 014453.903 INFO             PET0     ESMX_Driver: IInitAdvertiseFinish extro.
20260905 014453.904 INFO             PET0     ESMX_Driver: IInitModifyCplLists intro.
20260905 014453.904 INFO             PET0       >>>ESMX_Driver: entered Initialize (phase=<none>) with current time: 2012 10 24  8  0  0   0
20260905 014453.905 INFO             PET0       <<<ESMX_Driver: leaving Initialize (phase=<none>) with current time: 2012 10 24  8  0  0   0
20260905 014453.905 INFO             PET0     ESMX_Driver: IInitModifyCplLists extro.
20260905 014453.905 INFO             PET0     <<<ESMX_Driver: leaving Initialize (phase=<none>) with current time: 2012 10 24  8  0  0   0
20260905 014453.905 INFO             PET0   ESMX_Driver: InitializeIPDv02p1 extro.
20260905 014453.905 INFO             PET0   ESMX_Driver: InitializeIPDv02p3 intro.
20260905 014453.906 INFO             PET0     >>>ESMX_Driver: entered Initialize (phase=<none>) with current time: 2012 10 24  8  0  0   0
20260905 014453.906 INFO             PET0     ESMX_Driver: IInitCheck intro.
20260905 014453.907 INFO             PET0       >>>ESMX_Driver: entered Initialize (phase=<none>) with current time: 2012 10 24  8  0  0   0
20260905 014453.907 INFO             PET0       <<<ESMX_Driver: leaving Initialize (phase=<none>) with current time: 2012 10 24  8  0  0   0
20260905 014453.907 INFO             PET0     ESMX_Driver: IInitCheck extro.
20260905 014453.908 INFO             PET0     ABC: InitializeIPDvXp04 intro.
20260905 014453.908 INFO             PET0       >>>ABC: entered Initialize (phase=IPDvXp04) without valid internal Clock.
20260905 014453.908 INFO             PET0       <<<ABC: leaving Initialize (phase=IPDvXp04) without valid internal Clock.
20260905 014453.908 INFO             PET0     ABC: InitializeIPDvXp04 extro.
20260905 014453.911 INFO             PET0     ESMX_Driver: IInitRealize intro.
20260905 014453.911 INFO             PET0       >>>ESMX_Driver: entered Initialize (phase=<none>) with current time: 2012 10 24  8  0  0   0
20260905 014453.911 INFO             PET0       <<<ESMX_Driver: leaving Initialize (phase=<none>) with current time: 2012 10 24  8  0  0   0
20260905 014453.911 INFO             PET0     ESMX_Driver: IInitRealize extro.
20260905 014453.912 INFO             PET0     ABC: InitializeIPDvXp07 intro.
20260905 014453.912 INFO             PET0       >>>ABC: entered Initialize (phase=IPDvXp07) without valid internal Clock.
20260905 014453.913 INFO             PET0       <<<ABC: leaving Initialize (phase=IPDvXp07) with current time: 2012 10 24  8  0  0   0
20260905 014453.913 INFO             PET0     ABC: InitializeIPDvXp07 extro.
20260905 014453.913 INFO             PET0     <<<ESMX_Driver: leaving Initialize (phase=<none>) with current time: 2012 10 24  8  0  0   0
20260905 014453.913 INFO             PET0   ESMX_Driver: InitializeIPDv02p3 extro.
20260905 014453.913 INFO             PET0   ESMX_Driver: InitializeIPDv02p5 intro.
20260905 014453.914 INFO             PET0     >>>ESMX_Driver: entered Initialize (phase=<none>) with current time: 2012 10 24  8  0  0   0
20260905 014453.914 INFO             PET0     ESMX_Driver: InitializeIPDv02p5Data intro.
20260905 014453.914 INFO             PET0       >>>ESMX_Driver: entered Initialize (phase=<none>) with current time: 2012 10 24  8  0  0   0
20260905 014453.915 INFO             PET0       ESMX_Driver: InternalInitializeComplete intro.
20260905 014453.915 INFO             PET0         >>>ESMX_Driver: entered Initialize (phase=<none>) with current time: 2012 10 24  8  0  0   0
20260905 014453.916 INFO             PET0         <<<ESMX_Driver: leaving Initialize (phase=<none>) with current time: 2012 10 24  8  0  0   0
20260905 014453.916 INFO             PET0       ESMX_Driver: InternalInitializeComplete extro.
20260905 014453.916 INFO             PET0       ABC: InitializeIPDvXp08 intro.
20260905 014453.917 INFO             PET0         >>>ABC: entered Initialize (phase=IPDv05p8) with current time: 2012 10 24  8  0  0   0
20260905 014453.917 INFO             PET0         <<<ABC: leaving Initialize (phase=IPDv05p8) with current time: 2012 10 24  8  0  0   0
20260905 014453.917 INFO             PET0       ABC: InitializeIPDvXp08 extro.
20260905 014453.921 INFO             PET0       ESMX_Driver: loopDataDependentInitialize intro.
20260905 014453.921 INFO             PET0         >>>ESMX_Driver: entered Initialize (phase=<none>) with current time: 2012 10 24  8  0  0   0
20260905 014453.922 INFO             PET0         <<<ESMX_Driver: leaving Initialize (phase=<none>) with current time: 2012 10 24  8  0  0   0
20260905 014453.922 INFO             PET0       ESMX_Driver: loopDataDependentInitialize extro.
20260905 014453.922 INFO             PET0       <<<ESMX_Driver: leaving Initialize (phase=<none>) with current time: 2012 10 24  8  0  0   0
20260905 014453.922 INFO             PET0     ESMX_Driver: InitializeIPDv02p5Data extro.
20260905 014453.922 INFO             PET0     <<<ESMX_Driver: leaving Initialize (phase=<none>) with current time: 2012 10 24  8  0  0   0
20260905 014453.922 INFO             PET0   ESMX_Driver: InitializeIPDv02p5 extro.
20260905 014453.923 INFO             PET0   <<<ESMX_Driver: leaving Initialize (phase=<none>) with current time: 2012 10 24  8  0  0   0
20260905 014453.923 INFO             PET0 ESMX_Driver: InitializeGeneric extro.
20260905 014453.923 INFO             PET0 ESMX_Driver: Run intro.
20260905 014453.923 INFO             PET0   >>>ESMX_Driver: entered Run (phase=RunPhase1) with current time: 2012 10 24  8  0  0   0
20260905 014453.924 INFO             PET0   ABC: Run intro.
20260905 014453.924 INFO             PET0     >>>ABC: entered Run (phase=RunPhase1) with current time: 2012 10 24  8  0  0   0
20260905 014453.925 INFO             PET0     <<<ABC: leaving Run (phase=RunPhase1) with current time: 2012 10 24 20  0  0   0
20260905 014453.925 INFO             PET0   ABC: Run extro.
20260905 014453.925 INFO             PET0   <<<ESMX_Driver: leaving Run (phase=RunPhase1) with current time: 2012 10 24 20  0  0   0
20260905 014453.925 INFO             PET0 ESMX_Driver: Run extro.
20260905 014453.925 INFO             PET0 ESMX_Driver: Finalize intro.
20260905 014453.925 INFO             PET0   >>>ESMX_Driver: entered Finalize (phase=FinalizePhase1) with current time: 2012 10 24 20  0  0   0
20260905 014453.925 INFO             PET0   Calling Finalize phase 1 for modelComp: ABC
20260905 014453.925 INFO             PET0   ABC: Finalize intro.
20260905 014453.926 INFO             PET0     >>>ABC: entered Finalize (phase=FinalizePhase1) with current time: 2012 10 24 20  0  0   0
20260905 014453.926 INFO             PET0     <<<ABC: leaving Finalize (phase=FinalizePhase1) with current time: 2012 10 24 20  0  0   0
20260905 014453.926 INFO             PET0   ABC: Finalize extro.
20260905 014453.926 INFO             PET0   Delete modelComp: ABC
20260905 014453.926 INFO             PET0   <<<ESMX_Driver: leaving Finalize (phase=FinalizePhase1) with current time: 2012 10 24 20  0  0   0
20260905 014453.926 INFO             PET0 ESMX_Driver: Finalize extro.
20260905 014453.926 INFO             PET0 =============================================
20260905 014453.926 INFO             PET0 ESMX (Earth System Model eXecutable) FINISHED
20260905 014453.926 INFO             PET0 =============================================
20260905 014453.926 INFO             PET0  Finalizing ESMF
20260905 014453.756 INFO             PET1 !!!!!!!!!!!!!!!!!!!!!!!!!!!!!!!!!!!!!!!!!!!!!!!!!!!!!!
20260905 014453.756 INFO             PET1 !!! THE ESMF_LOG IS SET TO OUTPUT ALL LOG MESSAGES !!!
20260905 014453.756 INFO             PET1 !!!     THIS MAY CAUSE SLOWDOWN IN PERFORMANCE     !!!
20260905 014453.756 INFO             PET1 !!! FOR PRODUCTION RUNS, USE:                      !!!
20260905 014453.756 INFO             PET1 !!!                   ESMF_LOGKIND_Multi_On_Error  !!!
20260905 014453.756 INFO             PET1 !!!!!!!!!!!!!!!!!!!!!!!!!!!!!!!!!!!!!!!!!!!!!!!!!!!!!!
20260905 014453.756 INFO             PET1 Running with ESMF Version   : feature/esmx-cmake+gdd1288b46b
20260905 014453.756 INFO             PET1 ESMF library build date/time: "Sep  4 2026" "23:48:55"
20260905 014453.756 INFO             PET1 ESMF library build location : /scratch3/NCEPDEV/stmp/Gerhard.Theurich/ESMF-Nightly-Testing-Hera/nvhpc_24.1_openmpi_g_feature_esmx-cmake/esmf
20260905 014453.756 INFO             PET1 ESMF_COMM                   : openmpi
20260905 014453.757 INFO             PET1 ESMF_MOAB                   : enabled
20260905 014453.757 INFO             PET1 ESMF_LAPACK                 : enabled
20260905 014453.757 INFO             PET1 ESMF_NETCDF                 : disabled
20260905 014453.757 INFO             PET1 ESMF_PNETCDF                : disabled
20260905 014453.757 INFO             PET1 ESMF_PIO                    : disabled
20260905 014453.757 INFO             PET1 ESMF_YAMLCPP                : enabled
20260905 014453.768 INFO             PET1 =============================================
20260905 014453.768 INFO             PET1 ESMX (Earth System Model eXecutable) STARTING
20260905 014453.768 INFO             PET1 =============================================
20260905 014453.805 DEBUG            PET1 Generic SetVM() is executing for: ESMX_Driver
20260905 014453.806 DEBUG            PET1 Generic SetVM() found no NUOPC Hint for: ESMX_Driver
20260905 014453.806 DEBUG            PET1 Generic SetVM() therefore is NOT calling ESMF_GridCompSetVMMaxPEs() for: ESMX_Driver
20260905 014453.824 INFO             PET1 ESMX_Driver: InitializeGeneric intro.
20260905 014453.824 INFO             PET1   >>>ESMX_Driver: entered Initialize (phase=<none>) without valid internal Clock.
20260905 014453.824 INFO             PET1   ESMX_Driver: InitializeP0 intro.
20260905 014453.825 INFO             PET1     >>>ESMX_Driver: entered Initialize (phase=<none>) without valid internal Clock.
20260905 014453.825 INFO             PET1     <<<ESMX_Driver: leaving Initialize (phase=<none>) without valid internal Clock.
20260905 014453.825 INFO             PET1   ESMX_Driver: InitializeP0 extro.
20260905 014453.825 INFO             PET1   ESMX_Driver: InitializeIPDv02p1 intro.
20260905 014453.826 INFO             PET1     >>>ESMX_Driver: entered Initialize (phase=<none>) without valid internal Clock.
20260905 014453.851 INFO             PET1     ESMX_Driver - Creating model component ABC without petList.
20260905 014453.852 DEBUG            PET1     Generic SetVM() is executing for: ABC
20260905 014453.852 DEBUG            PET1     Generic SetVM() found no NUOPC Hint for: ABC
20260905 014453.852 DEBUG            PET1     Generic SetVM() therefore is NOT calling ESMF_GridCompSetVMMaxPEs() for: ABC
20260905 014453.882 INFO             PET1     ABC: InitializeP0 intro.
20260905 014453.883 INFO             PET1       >>>ABC: entered Initialize (phase=<none>) without valid internal Clock.
20260905 014453.887 INFO             PET1       <<<ABC: leaving Initialize (phase=<none>) without valid internal Clock.
20260905 014453.887 INFO             PET1     ABC: InitializeP0 extro.
20260905 014453.899 INFO             PET1     ESMX_Driver: IInitAdvertise intro.
20260905 014453.899 INFO             PET1       >>>ESMX_Driver: entered Initialize (phase=<none>) with current time: 2012 10 24  8  0  0   0
20260905 014453.899 INFO             PET1       <<<ESMX_Driver: leaving Initialize (phase=<none>) with current time: 2012 10 24  8  0  0   0
20260905 014453.899 INFO             PET1     ESMX_Driver: IInitAdvertise extro.
20260905 014453.900 INFO             PET1     ABC: InitializeIPDvXp01 intro.
20260905 014453.900 INFO             PET1       >>>ABC: entered Initialize (phase=IPDvXp01) without valid internal Clock.
20260905 014453.900 INFO             PET1       <<<ABC: leaving Initialize (phase=IPDvXp01) without valid internal Clock.
20260905 014453.900 INFO             PET1     ABC: InitializeIPDvXp01 extro.
20260905 014453.903 INFO             PET1     ESMX_Driver: IInitAdvertiseFinish intro.
20260905 014453.904 INFO             PET1       >>>ESMX_Driver: entered Initialize (phase=<none>) with current time: 2012 10 24  8  0  0   0
20260905 014453.904 INFO             PET1       <<<ESMX_Driver: leaving Initialize (phase=<none>) with current time: 2012 10 24  8  0  0   0
20260905 014453.904 INFO             PET1     ESMX_Driver: IInitAdvertiseFinish extro.
20260905 014453.905 INFO             PET1     ESMX_Driver: IInitModifyCplLists intro.
20260905 014453.905 INFO             PET1       >>>ESMX_Driver: entered Initialize (phase=<none>) with current time: 2012 10 24  8  0  0   0
20260905 014453.905 INFO             PET1       <<<ESMX_Driver: leaving Initialize (phase=<none>) with current time: 2012 10 24  8  0  0   0
20260905 014453.906 INFO             PET1     ESMX_Driver: IInitModifyCplLists extro.
20260905 014453.906 INFO             PET1     <<<ESMX_Driver: leaving Initialize (phase=<none>) with current time: 2012 10 24  8  0  0   0
20260905 014453.906 INFO             PET1   ESMX_Driver: InitializeIPDv02p1 extro.
20260905 014453.906 INFO             PET1   ESMX_Driver: InitializeIPDv02p3 intro.
20260905 014453.906 INFO             PET1     >>>ESMX_Driver: entered Initialize (phase=<none>) with current time: 2012 10 24  8  0  0   0
20260905 014453.907 INFO             PET1     ESMX_Driver: IInitCheck intro.
20260905 014453.907 INFO             PET1       >>>ESMX_Driver: entered Initialize (phase=<none>) with current time: 2012 10 24  8  0  0   0
20260905 014453.908 INFO             PET1       <<<ESMX_Driver: leaving Initialize (phase=<none>) with current time: 2012 10 24  8  0  0   0
20260905 014453.908 INFO             PET1     ESMX_Driver: IInitCheck extro.
20260905 014453.908 INFO             PET1     ABC: InitializeIPDvXp04 intro.
20260905 014453.909 INFO             PET1       >>>ABC: entered Initialize (phase=IPDvXp04) without valid internal Clock.
20260905 014453.909 INFO             PET1       <<<ABC: leaving Initialize (phase=IPDvXp04) without valid internal Clock.
20260905 014453.909 INFO             PET1     ABC: InitializeIPDvXp04 extro.
20260905 014453.912 INFO             PET1     ESMX_Driver: IInitRealize intro.
20260905 014453.912 INFO             PET1       >>>ESMX_Driver: entered Initialize (phase=<none>) with current time: 2012 10 24  8  0  0   0
20260905 014453.913 INFO             PET1       <<<ESMX_Driver: leaving Initialize (phase=<none>) with current time: 2012 10 24  8  0  0   0
20260905 014453.913 INFO             PET1     ESMX_Driver: IInitRealize extro.
20260905 014453.913 INFO             PET1     ABC: InitializeIPDvXp07 intro.
20260905 014453.914 INFO             PET1       >>>ABC: entered Initialize (phase=IPDvXp07) without valid internal Clock.
20260905 014453.914 INFO             PET1       <<<ABC: leaving Initialize (phase=IPDvXp07) with current time: 2012 10 24  8  0  0   0
20260905 014453.914 INFO             PET1     ABC: InitializeIPDvXp07 extro.
20260905 014453.914 INFO             PET1     <<<ESMX_Driver: leaving Initialize (phase=<none>) with current time: 2012 10 24  8  0  0   0
20260905 014453.914 INFO             PET1   ESMX_Driver: InitializeIPDv02p3 extro.
20260905 014453.914 INFO             PET1   ESMX_Driver: InitializeIPDv02p5 intro.
20260905 014453.915 INFO             PET1     >>>ESMX_Driver: entered Initialize (phase=<none>) with current time: 2012 10 24  8  0  0   0
20260905 014453.915 INFO             PET1     ESMX_Driver: InitializeIPDv02p5Data intro.
20260905 014453.915 INFO             PET1       >>>ESMX_Driver: entered Initialize (phase=<none>) with current time: 2012 10 24  8  0  0   0
20260905 014453.916 INFO             PET1       ESMX_Driver: InternalInitializeComplete intro.
20260905 014453.916 INFO             PET1         >>>ESMX_Driver: entered Initialize (phase=<none>) with current time: 2012 10 24  8  0  0   0
20260905 014453.917 INFO             PET1         <<<ESMX_Driver: leaving Initialize (phase=<none>) with current time: 2012 10 24  8  0  0   0
20260905 014453.917 INFO             PET1       ESMX_Driver: InternalInitializeComplete extro.
20260905 014453.917 INFO             PET1       ABC: InitializeIPDvXp08 intro.
20260905 014453.918 INFO             PET1         >>>ABC: entered Initialize (phase=IPDv05p8) with current time: 2012 10 24  8  0  0   0
20260905 014453.918 INFO             PET1         <<<ABC: leaving Initialize (phase=IPDv05p8) with current time: 2012 10 24  8  0  0   0
20260905 014453.918 INFO             PET1       ABC: InitializeIPDvXp08 extro.
20260905 014453.921 INFO             PET1       ESMX_Driver: loopDataDependentInitialize intro.
20260905 014453.921 INFO             PET1         >>>ESMX_Driver: entered Initialize (phase=<none>) with current time: 2012 10 24  8  0  0   0
20260905 014453.922 INFO             PET1         <<<ESMX_Driver: leaving Initialize (phase=<none>) with current time: 2012 10 24  8  0  0   0
20260905 014453.922 INFO             PET1       ESMX_Driver: loopDataDependentInitialize extro.
20260905 014453.922 INFO             PET1       <<<ESMX_Driver: leaving Initialize (phase=<none>) with current time: 2012 10 24  8  0  0   0
20260905 014453.922 INFO             PET1     ESMX_Driver: InitializeIPDv02p5Data extro.
20260905 014453.922 INFO             PET1     <<<ESMX_Driver: leaving Initialize (phase=<none>) with current time: 2012 10 24  8  0  0   0
20260905 014453.922 INFO             PET1   ESMX_Driver: InitializeIPDv02p5 extro.
20260905 014453.923 INFO             PET1   <<<ESMX_Driver: leaving Initialize (phase=<none>) with current time: 2012 10 24  8  0  0   0
20260905 014453.923 INFO             PET1 ESMX_Driver: InitializeGeneric extro.
20260905 014453.923 INFO             PET1 ESMX_Driver: Run intro.
20260905 014453.923 INFO             PET1   >>>ESMX_Driver: entered Run (phase=RunPhase1) with current time: 2012 10 24  8  0  0   0
20260905 014453.924 INFO             PET1   ABC: Run intro.
20260905 014453.924 INFO             PET1     >>>ABC: entered Run (phase=RunPhase1) with current time: 2012 10 24  8  0  0   0
20260905 014453.925 INFO             PET1     <<<ABC: leaving Run (phase=RunPhase1) with current time: 2012 10 24 20  0  0   0
20260905 014453.925 INFO             PET1   ABC: Run extro.
20260905 014453.925 INFO             PET1   <<<ESMX_Driver: leaving Run (phase=RunPhase1) with current time: 2012 10 24 20  0  0   0
20260905 014453.925 INFO             PET1 ESMX_Driver: Run extro.
20260905 014453.925 INFO             PET1 ESMX_Driver: Finalize intro.
20260905 014453.925 INFO             PET1   >>>ESMX_Driver: entered Finalize (phase=FinalizePhase1) with current time: 2012 10 24 20  0  0   0
20260905 014453.925 INFO             PET1   Calling Finalize phase 1 for modelComp: ABC
20260905 014453.925 INFO             PET1   ABC: Finalize intro.
20260905 014453.926 INFO             PET1     >>>ABC: entered Finalize (phase=FinalizePhase1) with current time: 2012 10 24 20  0  0   0
20260905 014453.926 INFO             PET1     <<<ABC: leaving Finalize (phase=FinalizePhase1) with current time: 2012 10 24 20  0  0   0
20260905 014453.926 INFO             PET1   ABC: Finalize extro.
20260905 014453.926 INFO             PET1   Delete modelComp: ABC
20260905 014453.926 INFO             PET1   <<<ESMX_Driver: leaving Finalize (phase=FinalizePhase1) with current time: 2012 10 24 20  0  0   0
20260905 014453.926 INFO             PET1 ESMX_Driver: Finalize extro.
20260905 014453.926 INFO             PET1 =============================================
20260905 014453.926 INFO             PET1 ESMX (Earth System Model eXecutable) FINISHED
20260905 014453.926 INFO             PET1 =============================================
20260905 014453.926 INFO             PET1  Finalizing ESMF
20260905 014453.756 INFO             PET2 !!!!!!!!!!!!!!!!!!!!!!!!!!!!!!!!!!!!!!!!!!!!!!!!!!!!!!
20260905 014453.756 INFO             PET2 !!! THE ESMF_LOG IS SET TO OUTPUT ALL LOG MESSAGES !!!
20260905 014453.756 INFO             PET2 !!!     THIS MAY CAUSE SLOWDOWN IN PERFORMANCE     !!!
20260905 014453.756 INFO             PET2 !!! FOR PRODUCTION RUNS, USE:                      !!!
20260905 014453.756 INFO             PET2 !!!                   ESMF_LOGKIND_Multi_On_Error  !!!
20260905 014453.756 INFO             PET2 !!!!!!!!!!!!!!!!!!!!!!!!!!!!!!!!!!!!!!!!!!!!!!!!!!!!!!
20260905 014453.756 INFO             PET2 Running with ESMF Version   : feature/esmx-cmake+gdd1288b46b
20260905 014453.756 INFO             PET2 ESMF library build date/time: "Sep  4 2026" "23:48:55"
20260905 014453.756 INFO             PET2 ESMF library build location : /scratch3/NCEPDEV/stmp/Gerhard.Theurich/ESMF-Nightly-Testing-Hera/nvhpc_24.1_openmpi_g_feature_esmx-cmake/esmf
20260905 014453.756 INFO             PET2 ESMF_COMM                   : openmpi
20260905 014453.756 INFO             PET2 ESMF_MOAB                   : enabled
20260905 014453.756 INFO             PET2 ESMF_LAPACK                 : enabled
20260905 014453.757 INFO             PET2 ESMF_NETCDF                 : disabled
20260905 014453.757 INFO             PET2 ESMF_PNETCDF                : disabled
20260905 014453.757 INFO             PET2 ESMF_PIO                    : disabled
20260905 014453.757 INFO             PET2 ESMF_YAMLCPP                : enabled
20260905 014453.768 INFO             PET2 =============================================
20260905 014453.768 INFO             PET2 ESMX (Earth System Model eXecutable) STARTING
20260905 014453.768 INFO             PET2 =============================================
20260905 014453.805 DEBUG            PET2 Generic SetVM() is executing for: ESMX_Driver
20260905 014453.806 DEBUG            PET2 Generic SetVM() found no NUOPC Hint for: ESMX_Driver
20260905 014453.806 DEBUG            PET2 Generic SetVM() therefore is NOT calling ESMF_GridCompSetVMMaxPEs() for: ESMX_Driver
20260905 014453.824 INFO             PET2 ESMX_Driver: InitializeGeneric intro.
20260905 014453.824 INFO             PET2   >>>ESMX_Driver: entered Initialize (phase=<none>) without valid internal Clock.
20260905 014453.824 INFO             PET2   ESMX_Driver: InitializeP0 intro.
20260905 014453.825 INFO             PET2     >>>ESMX_Driver: entered Initialize (phase=<none>) without valid internal Clock.
20260905 014453.825 INFO             PET2     <<<ESMX_Driver: leaving Initialize (phase=<none>) without valid internal Clock.
20260905 014453.825 INFO             PET2   ESMX_Driver: InitializeP0 extro.
20260905 014453.825 INFO             PET2   ESMX_Driver: InitializeIPDv02p1 intro.
20260905 014453.826 INFO             PET2     >>>ESMX_Driver: entered Initialize (phase=<none>) without valid internal Clock.
20260905 014453.851 INFO             PET2     ESMX_Driver - Creating model component ABC without petList.
20260905 014453.852 DEBUG            PET2     Generic SetVM() is executing for: ABC
20260905 014453.852 DEBUG            PET2     Generic SetVM() found no NUOPC Hint for: ABC
20260905 014453.852 DEBUG            PET2     Generic SetVM() therefore is NOT calling ESMF_GridCompSetVMMaxPEs() for: ABC
20260905 014453.882 INFO             PET2     ABC: InitializeP0 intro.
20260905 014453.883 INFO             PET2       >>>ABC: entered Initialize (phase=<none>) without valid internal Clock.
20260905 014453.887 INFO             PET2       <<<ABC: leaving Initialize (phase=<none>) without valid internal Clock.
20260905 014453.887 INFO             PET2     ABC: InitializeP0 extro.
20260905 014453.898 INFO             PET2     ESMX_Driver: IInitAdvertise intro.
20260905 014453.899 INFO             PET2       >>>ESMX_Driver: entered Initialize (phase=<none>) with current time: 2012 10 24  8  0  0   0
20260905 014453.899 INFO             PET2       <<<ESMX_Driver: leaving Initialize (phase=<none>) with current time: 2012 10 24  8  0  0   0
20260905 014453.899 INFO             PET2     ESMX_Driver: IInitAdvertise extro.
20260905 014453.900 INFO             PET2     ABC: InitializeIPDvXp01 intro.
20260905 014453.900 INFO             PET2       >>>ABC: entered Initialize (phase=IPDvXp01) without valid internal Clock.
20260905 014453.900 INFO             PET2       <<<ABC: leaving Initialize (phase=IPDvXp01) without valid internal Clock.
20260905 014453.900 INFO             PET2     ABC: InitializeIPDvXp01 extro.
20260905 014453.903 INFO             PET2     ESMX_Driver: IInitAdvertiseFinish intro.
20260905 014453.904 INFO             PET2       >>>ESMX_Driver: entered Initialize (phase=<none>) with current time: 2012 10 24  8  0  0   0
20260905 014453.904 INFO             PET2       <<<ESMX_Driver: leaving Initialize (phase=<none>) with current time: 2012 10 24  8  0  0   0
20260905 014453.904 INFO             PET2     ESMX_Driver: IInitAdvertiseFinish extro.
20260905 014453.905 INFO             PET2     ESMX_Driver: IInitModifyCplLists intro.
20260905 014453.905 INFO             PET2       >>>ESMX_Driver: entered Initialize (phase=<none>) with current time: 2012 10 24  8  0  0   0
20260905 014453.905 INFO             PET2       <<<ESMX_Driver: leaving Initialize (phase=<none>) with current time: 2012 10 24  8  0  0   0
20260905 014453.905 INFO             PET2     ESMX_Driver: IInitModifyCplLists extro.
20260905 014453.906 INFO             PET2     <<<ESMX_Driver: leaving Initialize (phase=<none>) with current time: 2012 10 24  8  0  0   0
20260905 014453.906 INFO             PET2   ESMX_Driver: InitializeIPDv02p1 extro.
20260905 014453.906 INFO             PET2   ESMX_Driver: InitializeIPDv02p3 intro.
20260905 014453.906 INFO             PET2     >>>ESMX_Driver: entered Initialize (phase=<none>) with current time: 2012 10 24  8  0  0   0
20260905 014453.907 INFO             PET2     ESMX_Driver: IInitCheck intro.
20260905 014453.907 INFO             PET2       >>>ESMX_Driver: entered Initialize (phase=<none>) with current time: 2012 10 24  8  0  0   0
20260905 014453.908 INFO             PET2       <<<ESMX_Driver: leaving Initialize (phase=<none>) with current time: 2012 10 24  8  0  0   0
20260905 014453.908 INFO             PET2     ESMX_Driver: IInitCheck extro.
20260905 014453.908 INFO             PET2     ABC: InitializeIPDvXp04 intro.
20260905 014453.909 INFO             PET2       >>>ABC: entered Initialize (phase=IPDvXp04) without valid internal Clock.
20260905 014453.909 INFO             PET2       <<<ABC: leaving Initialize (phase=IPDvXp04) without valid internal Clock.
20260905 014453.909 INFO             PET2     ABC: InitializeIPDvXp04 extro.
20260905 014453.912 INFO             PET2     ESMX_Driver: IInitRealize intro.
20260905 014453.912 INFO             PET2       >>>ESMX_Driver: entered Initialize (phase=<none>) with current time: 2012 10 24  8  0  0   0
20260905 014453.912 INFO             PET2       <<<ESMX_Driver: leaving Initialize (phase=<none>) with current time: 2012 10 24  8  0  0   0
20260905 014453.912 INFO             PET2     ESMX_Driver: IInitRealize extro.
20260905 014453.913 INFO             PET2     ABC: InitializeIPDvXp07 intro.
20260905 014453.913 INFO             PET2       >>>ABC: entered Initialize (phase=IPDvXp07) without valid internal Clock.
20260905 014453.914 INFO             PET2       <<<ABC: leaving Initialize (phase=IPDvXp07) with current time: 2012 10 24  8  0  0   0
20260905 014453.914 INFO             PET2     ABC: InitializeIPDvXp07 extro.
20260905 014453.914 INFO             PET2     <<<ESMX_Driver: leaving Initialize (phase=<none>) with current time: 2012 10 24  8  0  0   0
20260905 014453.914 INFO             PET2   ESMX_Driver: InitializeIPDv02p3 extro.
20260905 014453.914 INFO             PET2   ESMX_Driver: InitializeIPDv02p5 intro.
20260905 014453.915 INFO             PET2     >>>ESMX_Driver: entered Initialize (phase=<none>) with current time: 2012 10 24  8  0  0   0
20260905 014453.915 INFO             PET2     ESMX_Driver: InitializeIPDv02p5Data intro.
20260905 014453.915 INFO             PET2       >>>ESMX_Driver: entered Initialize (phase=<none>) with current time: 2012 10 24  8  0  0   0
20260905 014453.916 INFO             PET2       ESMX_Driver: InternalInitializeComplete intro.
20260905 014453.916 INFO             PET2         >>>ESMX_Driver: entered Initialize (phase=<none>) with current time: 2012 10 24  8  0  0   0
20260905 014453.917 INFO             PET2         <<<ESMX_Driver: leaving Initialize (phase=<none>) with current time: 2012 10 24  8  0  0   0
20260905 014453.917 INFO             PET2       ESMX_Driver: InternalInitializeComplete extro.
20260905 014453.917 INFO             PET2       ABC: InitializeIPDvXp08 intro.
20260905 014453.917 INFO             PET2         >>>ABC: entered Initialize (phase=IPDv05p8) with current time: 2012 10 24  8  0  0   0
20260905 014453.918 INFO             PET2         <<<ABC: leaving Initialize (phase=IPDv05p8) with current time: 2012 10 24  8  0  0   0
20260905 014453.918 INFO             PET2       ABC: InitializeIPDvXp08 extro.
20260905 014453.921 INFO             PET2       ESMX_Driver: loopDataDependentInitialize intro.
20260905 014453.921 INFO             PET2         >>>ESMX_Driver: entered Initialize (phase=<none>) with current time: 2012 10 24  8  0  0   0
20260905 014453.922 INFO             PET2         <<<ESMX_Driver: leaving Initialize (phase=<none>) with current time: 2012 10 24  8  0  0   0
20260905 014453.922 INFO             PET2       ESMX_Driver: loopDataDependentInitialize extro.
20260905 014453.922 INFO             PET2       <<<ESMX_Driver: leaving Initialize (phase=<none>) with current time: 2012 10 24  8  0  0   0
20260905 014453.922 INFO             PET2     ESMX_Driver: InitializeIPDv02p5Data extro.
20260905 014453.922 INFO             PET2     <<<ESMX_Driver: leaving Initialize (phase=<none>) with current time: 2012 10 24  8  0  0   0
20260905 014453.922 INFO             PET2   ESMX_Driver: InitializeIPDv02p5 extro.
20260905 014453.923 INFO             PET2   <<<ESMX_Driver: leaving Initialize (phase=<none>) with current time: 2012 10 24  8  0  0   0
20260905 014453.923 INFO             PET2 ESMX_Driver: InitializeGeneric extro.
20260905 014453.923 INFO             PET2 ESMX_Driver: Run intro.
20260905 014453.923 INFO             PET2   >>>ESMX_Driver: entered Run (phase=RunPhase1) with current time: 2012 10 24  8  0  0   0
20260905 014453.924 INFO             PET2   ABC: Run intro.
20260905 014453.924 INFO             PET2     >>>ABC: entered Run (phase=RunPhase1) with current time: 2012 10 24  8  0  0   0
20260905 014453.924 INFO             PET2     <<<ABC: leaving Run (phase=RunPhase1) with current time: 2012 10 24 20  0  0   0
20260905 014453.925 INFO             PET2   ABC: Run extro.
20260905 014453.925 INFO             PET2   <<<ESMX_Driver: leaving Run (phase=RunPhase1) with current time: 2012 10 24 20  0  0   0
20260905 014453.925 INFO             PET2 ESMX_Driver: Run extro.
20260905 014453.925 INFO             PET2 ESMX_Driver: Finalize intro.
20260905 014453.925 INFO             PET2   >>>ESMX_Driver: entered Finalize (phase=FinalizePhase1) with current time: 2012 10 24 20  0  0   0
20260905 014453.925 INFO             PET2   Calling Finalize phase 1 for modelComp: ABC
20260905 014453.925 INFO             PET2   ABC: Finalize intro.
20260905 014453.926 INFO             PET2     >>>ABC: entered Finalize (phase=FinalizePhase1) with current time: 2012 10 24 20  0  0   0
20260905 014453.926 INFO             PET2     <<<ABC: leaving Finalize (phase=FinalizePhase1) with current time: 2012 10 24 20  0  0   0
20260905 014453.926 INFO             PET2   ABC: Finalize extro.
20260905 014453.926 INFO             PET2   Delete modelComp: ABC
20260905 014453.926 INFO             PET2   <<<ESMX_Driver: leaving Finalize (phase=FinalizePhase1) with current time: 2012 10 24 20  0  0   0
20260905 014453.926 INFO             PET2 ESMX_Driver: Finalize extro.
20260905 014453.926 INFO             PET2 =============================================
20260905 014453.926 INFO             PET2 ESMX (Earth System Model eXecutable) FINISHED
20260905 014453.926 INFO             PET2 =============================================
20260905 014453.926 INFO             PET2  Finalizing ESMF
20260905 014453.757 INFO             PET3 !!!!!!!!!!!!!!!!!!!!!!!!!!!!!!!!!!!!!!!!!!!!!!!!!!!!!!
20260905 014453.757 INFO             PET3 !!! THE ESMF_LOG IS SET TO OUTPUT ALL LOG MESSAGES !!!
20260905 014453.757 INFO             PET3 !!!     THIS MAY CAUSE SLOWDOWN IN PERFORMANCE     !!!
20260905 014453.757 INFO             PET3 !!! FOR PRODUCTION RUNS, USE:                      !!!
20260905 014453.757 INFO             PET3 !!!                   ESMF_LOGKIND_Multi_On_Error  !!!
20260905 014453.757 INFO             PET3 !!!!!!!!!!!!!!!!!!!!!!!!!!!!!!!!!!!!!!!!!!!!!!!!!!!!!!
20260905 014453.757 INFO             PET3 Running with ESMF Version   : feature/esmx-cmake+gdd1288b46b
20260905 014453.757 INFO             PET3 ESMF library build date/time: "Sep  4 2026" "23:48:55"
20260905 014453.757 INFO             PET3 ESMF library build location : /scratch3/NCEPDEV/stmp/Gerhard.Theurich/ESMF-Nightly-Testing-Hera/nvhpc_24.1_openmpi_g_feature_esmx-cmake/esmf
20260905 014453.757 INFO             PET3 ESMF_COMM                   : openmpi
20260905 014453.757 INFO             PET3 ESMF_MOAB                   : enabled
20260905 014453.757 INFO             PET3 ESMF_LAPACK                 : enabled
20260905 014453.757 INFO             PET3 ESMF_NETCDF                 : disabled
20260905 014453.757 INFO             PET3 ESMF_PNETCDF                : disabled
20260905 014453.757 INFO             PET3 ESMF_PIO                    : disabled
20260905 014453.757 INFO             PET3 ESMF_YAMLCPP                : enabled
20260905 014453.768 INFO             PET3 =============================================
20260905 014453.768 INFO             PET3 ESMX (Earth System Model eXecutable) STARTING
20260905 014453.768 INFO             PET3 =============================================
20260905 014453.805 DEBUG            PET3 Generic SetVM() is executing for: ESMX_Driver
20260905 014453.806 DEBUG            PET3 Generic SetVM() found no NUOPC Hint for: ESMX_Driver
20260905 014453.806 DEBUG            PET3 Generic SetVM() therefore is NOT calling ESMF_GridCompSetVMMaxPEs() for: ESMX_Driver
20260905 014453.824 INFO             PET3 ESMX_Driver: InitializeGeneric intro.
20260905 014453.824 INFO             PET3   >>>ESMX_Driver: entered Initialize (phase=<none>) without valid internal Clock.
20260905 014453.824 INFO             PET3   ESMX_Driver: InitializeP0 intro.
20260905 014453.825 INFO             PET3     >>>ESMX_Driver: entered Initialize (phase=<none>) without valid internal Clock.
20260905 014453.825 INFO             PET3     <<<ESMX_Driver: leaving Initialize (phase=<none>) without valid internal Clock.
20260905 014453.825 INFO             PET3   ESMX_Driver: InitializeP0 extro.
20260905 014453.825 INFO             PET3   ESMX_Driver: InitializeIPDv02p1 intro.
20260905 014453.826 INFO             PET3     >>>ESMX_Driver: entered Initialize (phase=<none>) without valid internal Clock.
20260905 014453.851 INFO             PET3     ESMX_Driver - Creating model component ABC without petList.
20260905 014453.852 DEBUG            PET3     Generic SetVM() is executing for: ABC
20260905 014453.852 DEBUG            PET3     Generic SetVM() found no NUOPC Hint for: ABC
20260905 014453.852 DEBUG            PET3     Generic SetVM() therefore is NOT calling ESMF_GridCompSetVMMaxPEs() for: ABC
20260905 014453.882 INFO             PET3     ABC: InitializeP0 intro.
20260905 014453.882 INFO             PET3       >>>ABC: entered Initialize (phase=<none>) without valid internal Clock.
20260905 014453.887 INFO             PET3       <<<ABC: leaving Initialize (phase=<none>) without valid internal Clock.
20260905 014453.887 INFO             PET3     ABC: InitializeP0 extro.
20260905 014453.899 INFO             PET3     ESMX_Driver: IInitAdvertise intro.
20260905 014453.899 INFO             PET3       >>>ESMX_Driver: entered Initialize (phase=<none>) with current time: 2012 10 24  8  0  0   0
20260905 014453.899 INFO             PET3       <<<ESMX_Driver: leaving Initialize (phase=<none>) with current time: 2012 10 24  8  0  0   0
20260905 014453.899 INFO             PET3     ESMX_Driver: IInitAdvertise extro.
20260905 014453.900 INFO             PET3     ABC: InitializeIPDvXp01 intro.
20260905 014453.900 INFO             PET3       >>>ABC: entered Initialize (phase=IPDvXp01) without valid internal Clock.
20260905 014453.900 INFO             PET3       <<<ABC: leaving Initialize (phase=IPDvXp01) without valid internal Clock.
20260905 014453.900 INFO             PET3     ABC: InitializeIPDvXp01 extro.
20260905 014453.903 INFO             PET3     ESMX_Driver: IInitAdvertiseFinish intro.
20260905 014453.904 INFO             PET3       >>>ESMX_Driver: entered Initialize (phase=<none>) with current time: 2012 10 24  8  0  0   0
20260905 014453.904 INFO             PET3       <<<ESMX_Driver: leaving Initialize (phase=<none>) with current time: 2012 10 24  8  0  0   0
20260905 014453.904 INFO             PET3     ESMX_Driver: IInitAdvertiseFinish extro.
20260905 014453.905 INFO             PET3     ESMX_Driver: IInitModifyCplLists intro.
20260905 014453.905 INFO             PET3       >>>ESMX_Driver: entered Initialize (phase=<none>) with current time: 2012 10 24  8  0  0   0
20260905 014453.905 INFO             PET3       <<<ESMX_Driver: leaving Initialize (phase=<none>) with current time: 2012 10 24  8  0  0   0
20260905 014453.905 INFO             PET3     ESMX_Driver: IInitModifyCplLists extro.
20260905 014453.906 INFO             PET3     <<<ESMX_Driver: leaving Initialize (phase=<none>) with current time: 2012 10 24  8  0  0   0
20260905 014453.906 INFO             PET3   ESMX_Driver: InitializeIPDv02p1 extro.
20260905 014453.906 INFO             PET3   ESMX_Driver: InitializeIPDv02p3 intro.
20260905 014453.906 INFO             PET3     >>>ESMX_Driver: entered Initialize (phase=<none>) with current time: 2012 10 24  8  0  0   0
20260905 014453.907 INFO             PET3     ESMX_Driver: IInitCheck intro.
20260905 014453.907 INFO             PET3       >>>ESMX_Driver: entered Initialize (phase=<none>) with current time: 2012 10 24  8  0  0   0
20260905 014453.908 INFO             PET3       <<<ESMX_Driver: leaving Initialize (phase=<none>) with current time: 2012 10 24  8  0  0   0
20260905 014453.908 INFO             PET3     ESMX_Driver: IInitCheck extro.
20260905 014453.908 INFO             PET3     ABC: InitializeIPDvXp04 intro.
20260905 014453.909 INFO             PET3       >>>ABC: entered Initialize (phase=IPDvXp04) without valid internal Clock.
20260905 014453.909 INFO             PET3       <<<ABC: leaving Initialize (phase=IPDvXp04) without valid internal Clock.
20260905 014453.909 INFO             PET3     ABC: InitializeIPDvXp04 extro.
20260905 014453.912 INFO             PET3     ESMX_Driver: IInitRealize intro.
20260905 014453.912 INFO             PET3       >>>ESMX_Driver: entered Initialize (phase=<none>) with current time: 2012 10 24  8  0  0   0
20260905 014453.912 INFO             PET3       <<<ESMX_Driver: leaving Initialize (phase=<none>) with current time: 2012 10 24  8  0  0   0
20260905 014453.913 INFO             PET3     ESMX_Driver: IInitRealize extro.
20260905 014453.913 INFO             PET3     ABC: InitializeIPDvXp07 intro.
20260905 014453.914 INFO             PET3       >>>ABC: entered Initialize (phase=IPDvXp07) without valid internal Clock.
20260905 014453.914 INFO             PET3       <<<ABC: leaving Initialize (phase=IPDvXp07) with current time: 2012 10 24  8  0  0   0
20260905 014453.914 INFO             PET3     ABC: InitializeIPDvXp07 extro.
20260905 014453.914 INFO             PET3     <<<ESMX_Driver: leaving Initialize (phase=<none>) with current time: 2012 10 24  8  0  0   0
20260905 014453.914 INFO             PET3   ESMX_Driver: InitializeIPDv02p3 extro.
20260905 014453.914 INFO             PET3   ESMX_Driver: InitializeIPDv02p5 intro.
20260905 014453.915 INFO             PET3     >>>ESMX_Driver: entered Initialize (phase=<none>) with current time: 2012 10 24  8  0  0   0
20260905 014453.915 INFO             PET3     ESMX_Driver: InitializeIPDv02p5Data intro.
20260905 014453.915 INFO             PET3       >>>ESMX_Driver: entered Initialize (phase=<none>) with current time: 2012 10 24  8  0  0   0
20260905 014453.916 INFO             PET3       ESMX_Driver: InternalInitializeComplete intro.
20260905 014453.916 INFO             PET3         >>>ESMX_Driver: entered Initialize (phase=<none>) with current time: 2012 10 24  8  0  0   0
20260905 014453.917 INFO             PET3         <<<ESMX_Driver: leaving Initialize (phase=<none>) with current time: 2012 10 24  8  0  0   0
20260905 014453.917 INFO             PET3       ESMX_Driver: InternalInitializeComplete extro.
20260905 014453.917 INFO             PET3       ABC: InitializeIPDvXp08 intro.
20260905 014453.918 INFO             PET3         >>>ABC: entered Initialize (phase=IPDv05p8) with current time: 2012 10 24  8  0  0   0
20260905 014453.918 INFO             PET3         <<<ABC: leaving Initialize (phase=IPDv05p8) with current time: 2012 10 24  8  0  0   0
20260905 014453.918 INFO             PET3       ABC: InitializeIPDvXp08 extro.
20260905 014453.921 INFO             PET3       ESMX_Driver: loopDataDependentInitialize intro.
20260905 014453.921 INFO             PET3         >>>ESMX_Driver: entered Initialize (phase=<none>) with current time: 2012 10 24  8  0  0   0
20260905 014453.922 INFO             PET3         <<<ESMX_Driver: leaving Initialize (phase=<none>) with current time: 2012 10 24  8  0  0   0
20260905 014453.922 INFO             PET3       ESMX_Driver: loopDataDependentInitialize extro.
20260905 014453.922 INFO             PET3       <<<ESMX_Driver: leaving Initialize (phase=<none>) with current time: 2012 10 24  8  0  0   0
20260905 014453.922 INFO             PET3     ESMX_Driver: InitializeIPDv02p5Data extro.
20260905 014453.922 INFO             PET3     <<<ESMX_Driver: leaving Initialize (phase=<none>) with current time: 2012 10 24  8  0  0   0
20260905 014453.922 INFO             PET3   ESMX_Driver: InitializeIPDv02p5 extro.
20260905 014453.923 INFO             PET3   <<<ESMX_Driver: leaving Initialize (phase=<none>) with current time: 2012 10 24  8  0  0   0
20260905 014453.923 INFO             PET3 ESMX_Driver: InitializeGeneric extro.
20260905 014453.923 INFO             PET3 ESMX_Driver: Run intro.
20260905 014453.923 INFO             PET3   >>>ESMX_Driver: entered Run (phase=RunPhase1) with current time: 2012 10 24  8  0  0   0
20260905 014453.924 INFO             PET3   ABC: Run intro.
20260905 014453.924 INFO             PET3     >>>ABC: entered Run (phase=RunPhase1) with current time: 2012 10 24  8  0  0   0
20260905 014453.924 INFO             PET3     <<<ABC: leaving Run (phase=RunPhase1) with current time: 2012 10 24 20  0  0   0
20260905 014453.925 INFO             PET3   ABC: Run extro.
20260905 014453.925 INFO             PET3   <<<ESMX_Driver: leaving Run (phase=RunPhase1) with current time: 2012 10 24 20  0  0   0
20260905 014453.925 INFO             PET3 ESMX_Driver: Run extro.
20260905 014453.925 INFO             PET3 ESMX_Driver: Finalize intro.
20260905 014453.925 INFO             PET3   >>>ESMX_Driver: entered Finalize (phase=FinalizePhase1) with current time: 2012 10 24 20  0  0   0
20260905 014453.925 INFO             PET3   Calling Finalize phase 1 for modelComp: ABC
20260905 014453.925 INFO             PET3   ABC: Finalize intro.
20260905 014453.926 INFO             PET3     >>>ABC: entered Finalize (phase=FinalizePhase1) with current time: 2012 10 24 20  0  0   0
20260905 014453.926 INFO             PET3     <<<ABC: leaving Finalize (phase=FinalizePhase1) with current time: 2012 10 24 20  0  0   0
20260905 014453.926 INFO             PET3   ABC: Finalize extro.
20260905 014453.926 INFO             PET3   Delete modelComp: ABC
20260905 014453.926 INFO             PET3   <<<ESMX_Driver: leaving Finalize (phase=FinalizePhase1) with current time: 2012 10 24 20  0  0   0
20260905 014453.926 INFO             PET3 ESMX_Driver: Finalize extro.
20260905 014453.926 INFO             PET3 =============================================
20260905 014453.926 INFO             PET3 ESMX (Earth System Model eXecutable) FINISHED
20260905 014453.926 INFO             PET3 =============================================
20260905 014453.926 INFO             PET3  Finalizing ESMF
