2026-09-16 02:42:35
20260916 033328.236 INFO             PET0 !!!!!!!!!!!!!!!!!!!!!!!!!!!!!!!!!!!!!!!!!!!!!!!!!!!!!!
20260916 033328.245 INFO             PET0 !!! THE ESMF_LOG IS SET TO OUTPUT ALL LOG MESSAGES !!!
20260916 033328.245 INFO             PET0 !!!     THIS MAY CAUSE SLOWDOWN IN PERFORMANCE     !!!
20260916 033328.245 INFO             PET0 !!! FOR PRODUCTION RUNS, USE:                      !!!
20260916 033328.245 INFO             PET0 !!!                   ESMF_LOGKIND_Multi_On_Error  !!!
20260916 033328.245 INFO             PET0 !!!!!!!!!!!!!!!!!!!!!!!!!!!!!!!!!!!!!!!!!!!!!!!!!!!!!!
20260916 033328.245 INFO             PET0 Running with ESMF Version   : v9.0.0b18
20260916 033328.245 INFO             PET0 ESMF library build date/time: "Sep 16 2026" "02:40:59"
20260916 033328.245 INFO             PET0 ESMF library build location : /usr/local/esmf/esmf-testing/gfortranclang_14.2.0_17.0.0_mpich_g_develop/esmf
20260916 033328.245 INFO             PET0 ESMF_COMM                   : mpich
20260916 033328.245 INFO             PET0 ESMF_MOAB                   : enabled
20260916 033328.245 INFO             PET0 ESMF_LAPACK                 : enabled
20260916 033328.245 INFO             PET0 ESMF_NETCDF                 : enabled
20260916 033328.245 INFO             PET0 ESMF_PNETCDF                : disabled
20260916 033328.245 INFO             PET0 ESMF_PIO                    : enabled
20260916 033328.245 INFO             PET0 ESMF_YAMLCPP                : enabled
20260916 033328.288 INFO             PET0 =============================================
20260916 033328.288 INFO             PET0 ESMX (Earth System Model eXecutable) STARTING
20260916 033328.288 INFO             PET0 =============================================
20260916 033328.301 DEBUG            PET0 Generic SetVM() is executing for: ESMX_Driver
20260916 033328.301 DEBUG            PET0 Generic SetVM() found no NUOPC Hint for: ESMX_Driver
20260916 033328.301 DEBUG            PET0 Generic SetVM() therefore is NOT calling ESMF_GridCompSetVMMaxPEs() for: ESMX_Driver
20260916 033328.315 INFO             PET0 ESMX_Driver: InitializeGeneric intro.
20260916 033328.315 INFO             PET0   >>>ESMX_Driver: entered Initialize (phase=<none>) without valid internal Clock.
20260916 033328.315 INFO             PET0   ESMX_Driver: InitializeP0 intro.
20260916 033328.315 INFO             PET0     >>>ESMX_Driver: entered Initialize (phase=<none>) without valid internal Clock.
20260916 033328.315 INFO             PET0     <<<ESMX_Driver: leaving Initialize (phase=<none>) without valid internal Clock.
20260916 033328.315 INFO             PET0   ESMX_Driver: InitializeP0 extro.
20260916 033328.316 INFO             PET0   ESMX_Driver: InitializeIPDv02p1 intro.
20260916 033328.316 INFO             PET0     >>>ESMX_Driver: entered Initialize (phase=<none>) without valid internal Clock.
20260916 033328.328 INFO             PET0     ESMX_Driver - Creating model component ABC without petList.
20260916 033328.328 DEBUG            PET0     Generic SetVM() is executing for: ABC
20260916 033328.328 DEBUG            PET0     Generic SetVM() found no NUOPC Hint for: ABC
20260916 033328.329 DEBUG            PET0     Generic SetVM() therefore is NOT calling ESMF_GridCompSetVMMaxPEs() for: ABC
20260916 033328.348 INFO             PET0     ABC: InitializeP0 intro.
20260916 033328.349 INFO             PET0       >>>ABC: entered Initialize (phase=<none>) without valid internal Clock.
20260916 033328.350 INFO             PET0       <<<ABC: leaving Initialize (phase=<none>) without valid internal Clock.
20260916 033328.351 INFO             PET0     ABC: InitializeP0 extro.
20260916 033328.354 INFO             PET0     ESMX_Driver: IInitAdvertise intro.
20260916 033328.354 INFO             PET0       >>>ESMX_Driver: entered Initialize (phase=<none>) with current time: 2012 10 24  8  0  0   0
20260916 033328.354 INFO             PET0       <<<ESMX_Driver: leaving Initialize (phase=<none>) with current time: 2012 10 24  8  0  0   0
20260916 033328.354 INFO             PET0     ESMX_Driver: IInitAdvertise extro.
20260916 033328.354 INFO             PET0     ABC: InitializeIPDvXp01 intro.
20260916 033328.354 INFO             PET0       >>>ABC: entered Initialize (phase=IPDvXp01) without valid internal Clock.
20260916 033328.354 INFO             PET0       <<<ABC: leaving Initialize (phase=IPDvXp01) without valid internal Clock.
20260916 033328.354 INFO             PET0     ABC: InitializeIPDvXp01 extro.
20260916 033328.355 INFO             PET0     ESMX_Driver: IInitAdvertiseFinish intro.
20260916 033328.355 INFO             PET0       >>>ESMX_Driver: entered Initialize (phase=<none>) with current time: 2012 10 24  8  0  0   0
20260916 033328.355 INFO             PET0       <<<ESMX_Driver: leaving Initialize (phase=<none>) with current time: 2012 10 24  8  0  0   0
20260916 033328.355 INFO             PET0     ESMX_Driver: IInitAdvertiseFinish extro.
20260916 033328.355 INFO             PET0     ESMX_Driver: IInitModifyCplLists intro.
20260916 033328.355 INFO             PET0       >>>ESMX_Driver: entered Initialize (phase=<none>) with current time: 2012 10 24  8  0  0   0
20260916 033328.355 INFO             PET0       <<<ESMX_Driver: leaving Initialize (phase=<none>) with current time: 2012 10 24  8  0  0   0
20260916 033328.355 INFO             PET0     ESMX_Driver: IInitModifyCplLists extro.
20260916 033328.355 INFO             PET0     <<<ESMX_Driver: leaving Initialize (phase=<none>) with current time: 2012 10 24  8  0  0   0
20260916 033328.355 INFO             PET0   ESMX_Driver: InitializeIPDv02p1 extro.
20260916 033328.355 INFO             PET0   ESMX_Driver: InitializeIPDv02p3 intro.
20260916 033328.356 INFO             PET0     >>>ESMX_Driver: entered Initialize (phase=<none>) with current time: 2012 10 24  8  0  0   0
20260916 033328.356 INFO             PET0     ESMX_Driver: IInitCheck intro.
20260916 033328.356 INFO             PET0       >>>ESMX_Driver: entered Initialize (phase=<none>) with current time: 2012 10 24  8  0  0   0
20260916 033328.356 INFO             PET0       <<<ESMX_Driver: leaving Initialize (phase=<none>) with current time: 2012 10 24  8  0  0   0
20260916 033328.356 INFO             PET0     ESMX_Driver: IInitCheck extro.
20260916 033328.356 INFO             PET0     ABC: InitializeIPDvXp04 intro.
20260916 033328.356 INFO             PET0       >>>ABC: entered Initialize (phase=IPDvXp04) without valid internal Clock.
20260916 033328.356 INFO             PET0       <<<ABC: leaving Initialize (phase=IPDvXp04) without valid internal Clock.
20260916 033328.356 INFO             PET0     ABC: InitializeIPDvXp04 extro.
20260916 033328.357 INFO             PET0     ESMX_Driver: IInitRealize intro.
20260916 033328.357 INFO             PET0       >>>ESMX_Driver: entered Initialize (phase=<none>) with current time: 2012 10 24  8  0  0   0
20260916 033328.357 INFO             PET0       <<<ESMX_Driver: leaving Initialize (phase=<none>) with current time: 2012 10 24  8  0  0   0
20260916 033328.357 INFO             PET0     ESMX_Driver: IInitRealize extro.
20260916 033328.362 INFO             PET0     ABC: InitializeIPDvXp07 intro.
20260916 033328.362 INFO             PET0       >>>ABC: entered Initialize (phase=IPDvXp07) without valid internal Clock.
20260916 033328.362 INFO             PET0       <<<ABC: leaving Initialize (phase=IPDvXp07) with current time: 2012 10 24  8  0  0   0
20260916 033328.362 INFO             PET0     ABC: InitializeIPDvXp07 extro.
20260916 033328.362 INFO             PET0     <<<ESMX_Driver: leaving Initialize (phase=<none>) with current time: 2012 10 24  8  0  0   0
20260916 033328.362 INFO             PET0   ESMX_Driver: InitializeIPDv02p3 extro.
20260916 033328.362 INFO             PET0   ESMX_Driver: InitializeIPDv02p5 intro.
20260916 033328.362 INFO             PET0     >>>ESMX_Driver: entered Initialize (phase=<none>) with current time: 2012 10 24  8  0  0   0
20260916 033328.362 INFO             PET0     ESMX_Driver: InitializeIPDv02p5Data intro.
20260916 033328.362 INFO             PET0       >>>ESMX_Driver: entered Initialize (phase=<none>) with current time: 2012 10 24  8  0  0   0
20260916 033328.362 INFO             PET0       ESMX_Driver: InternalInitializeComplete intro.
20260916 033328.362 INFO             PET0         >>>ESMX_Driver: entered Initialize (phase=<none>) with current time: 2012 10 24  8  0  0   0
20260916 033328.362 INFO             PET0         <<<ESMX_Driver: leaving Initialize (phase=<none>) with current time: 2012 10 24  8  0  0   0
20260916 033328.362 INFO             PET0       ESMX_Driver: InternalInitializeComplete extro.
20260916 033328.362 INFO             PET0       ABC: InitializeIPDvXp08 intro.
20260916 033328.362 INFO             PET0         >>>ABC: entered Initialize (phase=IPDv05p8) with current time: 2012 10 24  8  0  0   0
20260916 033328.363 INFO             PET0         <<<ABC: leaving Initialize (phase=IPDv05p8) with current time: 2012 10 24  8  0  0   0
20260916 033328.363 INFO             PET0       ABC: InitializeIPDvXp08 extro.
20260916 033328.379 INFO             PET0       ESMX_Driver: loopDataDependentInitialize intro.
20260916 033328.379 INFO             PET0         >>>ESMX_Driver: entered Initialize (phase=<none>) with current time: 2012 10 24  8  0  0   0
20260916 033328.393 INFO             PET0         <<<ESMX_Driver: leaving Initialize (phase=<none>) with current time: 2012 10 24  8  0  0   0
20260916 033328.393 INFO             PET0       ESMX_Driver: loopDataDependentInitialize extro.
20260916 033328.393 INFO             PET0       <<<ESMX_Driver: leaving Initialize (phase=<none>) with current time: 2012 10 24  8  0  0   0
20260916 033328.393 INFO             PET0     ESMX_Driver: InitializeIPDv02p5Data extro.
20260916 033328.394 INFO             PET0     <<<ESMX_Driver: leaving Initialize (phase=<none>) with current time: 2012 10 24  8  0  0   0
20260916 033328.394 INFO             PET0   ESMX_Driver: InitializeIPDv02p5 extro.
20260916 033328.394 INFO             PET0   <<<ESMX_Driver: leaving Initialize (phase=<none>) with current time: 2012 10 24  8  0  0   0
20260916 033328.394 INFO             PET0 ESMX_Driver: InitializeGeneric extro.
20260916 033328.394 INFO             PET0 ESMX_Driver: Run intro.
20260916 033328.394 INFO             PET0   >>>ESMX_Driver: entered Run (phase=RunPhase1) with current time: 2012 10 24  8  0  0   0
20260916 033328.394 INFO             PET0   ABC: Run intro.
20260916 033328.394 INFO             PET0     >>>ABC: entered Run (phase=RunPhase1) with current time: 2012 10 24  8  0  0   0
20260916 033328.394 INFO             PET0     <<<ABC: leaving Run (phase=RunPhase1) with current time: 2012 10 24 20  0  0   0
20260916 033328.394 INFO             PET0   ABC: Run extro.
20260916 033328.394 INFO             PET0   <<<ESMX_Driver: leaving Run (phase=RunPhase1) with current time: 2012 10 24 20  0  0   0
20260916 033328.394 INFO             PET0 ESMX_Driver: Run extro.
20260916 033328.394 INFO             PET0 ESMX_Driver: Finalize intro.
20260916 033328.394 INFO             PET0   >>>ESMX_Driver: entered Finalize (phase=FinalizePhase1) with current time: 2012 10 24 20  0  0   0
20260916 033328.394 INFO             PET0   Calling Finalize phase 1 for modelComp: ABC
20260916 033328.394 INFO             PET0   ABC: Finalize intro.
20260916 033328.394 INFO             PET0     >>>ABC: entered Finalize (phase=FinalizePhase1) with current time: 2012 10 24 20  0  0   0
20260916 033328.394 INFO             PET0     <<<ABC: leaving Finalize (phase=FinalizePhase1) with current time: 2012 10 24 20  0  0   0
20260916 033328.394 INFO             PET0   ABC: Finalize extro.
20260916 033328.394 INFO             PET0   Delete modelComp: ABC
20260916 033328.394 INFO             PET0   <<<ESMX_Driver: leaving Finalize (phase=FinalizePhase1) with current time: 2012 10 24 20  0  0   0
20260916 033328.394 INFO             PET0 ESMX_Driver: Finalize extro.
20260916 033328.394 INFO             PET0 =============================================
20260916 033328.394 INFO             PET0 ESMX (Earth System Model eXecutable) FINISHED
20260916 033328.394 INFO             PET0 =============================================
20260916 033328.394 INFO             PET0  Finalizing ESMF
20260916 033328.236 INFO             PET1 !!!!!!!!!!!!!!!!!!!!!!!!!!!!!!!!!!!!!!!!!!!!!!!!!!!!!!
20260916 033328.269 INFO             PET1 !!! THE ESMF_LOG IS SET TO OUTPUT ALL LOG MESSAGES !!!
20260916 033328.269 INFO             PET1 !!!     THIS MAY CAUSE SLOWDOWN IN PERFORMANCE     !!!
20260916 033328.269 INFO             PET1 !!! FOR PRODUCTION RUNS, USE:                      !!!
20260916 033328.269 INFO             PET1 !!!                   ESMF_LOGKIND_Multi_On_Error  !!!
20260916 033328.269 INFO             PET1 !!!!!!!!!!!!!!!!!!!!!!!!!!!!!!!!!!!!!!!!!!!!!!!!!!!!!!
20260916 033328.269 INFO             PET1 Running with ESMF Version   : v9.0.0b18
20260916 033328.269 INFO             PET1 ESMF library build date/time: "Sep 16 2026" "02:40:59"
20260916 033328.269 INFO             PET1 ESMF library build location : /usr/local/esmf/esmf-testing/gfortranclang_14.2.0_17.0.0_mpich_g_develop/esmf
20260916 033328.269 INFO             PET1 ESMF_COMM                   : mpich
20260916 033328.269 INFO             PET1 ESMF_MOAB                   : enabled
20260916 033328.269 INFO             PET1 ESMF_LAPACK                 : enabled
20260916 033328.269 INFO             PET1 ESMF_NETCDF                 : enabled
20260916 033328.269 INFO             PET1 ESMF_PNETCDF                : disabled
20260916 033328.269 INFO             PET1 ESMF_PIO                    : enabled
20260916 033328.269 INFO             PET1 ESMF_YAMLCPP                : enabled
20260916 033328.292 INFO             PET1 =============================================
20260916 033328.292 INFO             PET1 ESMX (Earth System Model eXecutable) STARTING
20260916 033328.292 INFO             PET1 =============================================
20260916 033328.307 DEBUG            PET1 Generic SetVM() is executing for: ESMX_Driver
20260916 033328.307 DEBUG            PET1 Generic SetVM() found no NUOPC Hint for: ESMX_Driver
20260916 033328.307 DEBUG            PET1 Generic SetVM() therefore is NOT calling ESMF_GridCompSetVMMaxPEs() for: ESMX_Driver
20260916 033328.313 INFO             PET1 ESMX_Driver: InitializeGeneric intro.
20260916 033328.313 INFO             PET1   >>>ESMX_Driver: entered Initialize (phase=<none>) without valid internal Clock.
20260916 033328.313 INFO             PET1   ESMX_Driver: InitializeP0 intro.
20260916 033328.313 INFO             PET1     >>>ESMX_Driver: entered Initialize (phase=<none>) without valid internal Clock.
20260916 033328.313 INFO             PET1     <<<ESMX_Driver: leaving Initialize (phase=<none>) without valid internal Clock.
20260916 033328.313 INFO             PET1   ESMX_Driver: InitializeP0 extro.
20260916 033328.313 INFO             PET1   ESMX_Driver: InitializeIPDv02p1 intro.
20260916 033328.314 INFO             PET1     >>>ESMX_Driver: entered Initialize (phase=<none>) without valid internal Clock.
20260916 033328.331 INFO             PET1     ESMX_Driver - Creating model component ABC without petList.
20260916 033328.331 DEBUG            PET1     Generic SetVM() is executing for: ABC
20260916 033328.331 DEBUG            PET1     Generic SetVM() found no NUOPC Hint for: ABC
20260916 033328.331 DEBUG            PET1     Generic SetVM() therefore is NOT calling ESMF_GridCompSetVMMaxPEs() for: ABC
20260916 033328.359 INFO             PET1     ABC: InitializeP0 intro.
20260916 033328.359 INFO             PET1       >>>ABC: entered Initialize (phase=<none>) without valid internal Clock.
20260916 033328.360 INFO             PET1       <<<ABC: leaving Initialize (phase=<none>) without valid internal Clock.
20260916 033328.360 INFO             PET1     ABC: InitializeP0 extro.
20260916 033328.365 INFO             PET1     ESMX_Driver: IInitAdvertise intro.
20260916 033328.365 INFO             PET1       >>>ESMX_Driver: entered Initialize (phase=<none>) with current time: 2012 10 24  8  0  0   0
20260916 033328.365 INFO             PET1       <<<ESMX_Driver: leaving Initialize (phase=<none>) with current time: 2012 10 24  8  0  0   0
20260916 033328.365 INFO             PET1     ESMX_Driver: IInitAdvertise extro.
20260916 033328.365 INFO             PET1     ABC: InitializeIPDvXp01 intro.
20260916 033328.365 INFO             PET1       >>>ABC: entered Initialize (phase=IPDvXp01) without valid internal Clock.
20260916 033328.366 INFO             PET1       <<<ABC: leaving Initialize (phase=IPDvXp01) without valid internal Clock.
20260916 033328.366 INFO             PET1     ABC: InitializeIPDvXp01 extro.
20260916 033328.367 INFO             PET1     ESMX_Driver: IInitAdvertiseFinish intro.
20260916 033328.367 INFO             PET1       >>>ESMX_Driver: entered Initialize (phase=<none>) with current time: 2012 10 24  8  0  0   0
20260916 033328.370 INFO             PET1       <<<ESMX_Driver: leaving Initialize (phase=<none>) with current time: 2012 10 24  8  0  0   0
20260916 033328.370 INFO             PET1     ESMX_Driver: IInitAdvertiseFinish extro.
20260916 033328.370 INFO             PET1     ESMX_Driver: IInitModifyCplLists intro.
20260916 033328.370 INFO             PET1       >>>ESMX_Driver: entered Initialize (phase=<none>) with current time: 2012 10 24  8  0  0   0
20260916 033328.372 INFO             PET1       <<<ESMX_Driver: leaving Initialize (phase=<none>) with current time: 2012 10 24  8  0  0   0
20260916 033328.372 INFO             PET1     ESMX_Driver: IInitModifyCplLists extro.
20260916 033328.372 INFO             PET1     <<<ESMX_Driver: leaving Initialize (phase=<none>) with current time: 2012 10 24  8  0  0   0
20260916 033328.372 INFO             PET1   ESMX_Driver: InitializeIPDv02p1 extro.
20260916 033328.373 INFO             PET1   ESMX_Driver: InitializeIPDv02p3 intro.
20260916 033328.373 INFO             PET1     >>>ESMX_Driver: entered Initialize (phase=<none>) with current time: 2012 10 24  8  0  0   0
20260916 033328.373 INFO             PET1     ESMX_Driver: IInitCheck intro.
20260916 033328.373 INFO             PET1       >>>ESMX_Driver: entered Initialize (phase=<none>) with current time: 2012 10 24  8  0  0   0
20260916 033328.373 INFO             PET1       <<<ESMX_Driver: leaving Initialize (phase=<none>) with current time: 2012 10 24  8  0  0   0
20260916 033328.373 INFO             PET1     ESMX_Driver: IInitCheck extro.
20260916 033328.373 INFO             PET1     ABC: InitializeIPDvXp04 intro.
20260916 033328.373 INFO             PET1       >>>ABC: entered Initialize (phase=IPDvXp04) without valid internal Clock.
20260916 033328.373 INFO             PET1       <<<ABC: leaving Initialize (phase=IPDvXp04) without valid internal Clock.
20260916 033328.373 INFO             PET1     ABC: InitializeIPDvXp04 extro.
20260916 033328.374 INFO             PET1     ESMX_Driver: IInitRealize intro.
20260916 033328.374 INFO             PET1       >>>ESMX_Driver: entered Initialize (phase=<none>) with current time: 2012 10 24  8  0  0   0
20260916 033328.374 INFO             PET1       <<<ESMX_Driver: leaving Initialize (phase=<none>) with current time: 2012 10 24  8  0  0   0
20260916 033328.374 INFO             PET1     ESMX_Driver: IInitRealize extro.
20260916 033328.374 INFO             PET1     ABC: InitializeIPDvXp07 intro.
20260916 033328.374 INFO             PET1       >>>ABC: entered Initialize (phase=IPDvXp07) without valid internal Clock.
20260916 033328.374 INFO             PET1       <<<ABC: leaving Initialize (phase=IPDvXp07) with current time: 2012 10 24  8  0  0   0
20260916 033328.374 INFO             PET1     ABC: InitializeIPDvXp07 extro.
20260916 033328.374 INFO             PET1     <<<ESMX_Driver: leaving Initialize (phase=<none>) with current time: 2012 10 24  8  0  0   0
20260916 033328.374 INFO             PET1   ESMX_Driver: InitializeIPDv02p3 extro.
20260916 033328.374 INFO             PET1   ESMX_Driver: InitializeIPDv02p5 intro.
20260916 033328.374 INFO             PET1     >>>ESMX_Driver: entered Initialize (phase=<none>) with current time: 2012 10 24  8  0  0   0
20260916 033328.374 INFO             PET1     ESMX_Driver: InitializeIPDv02p5Data intro.
20260916 033328.374 INFO             PET1       >>>ESMX_Driver: entered Initialize (phase=<none>) with current time: 2012 10 24  8  0  0   0
20260916 033328.374 INFO             PET1       ESMX_Driver: InternalInitializeComplete intro.
20260916 033328.375 INFO             PET1         >>>ESMX_Driver: entered Initialize (phase=<none>) with current time: 2012 10 24  8  0  0   0
20260916 033328.375 INFO             PET1         <<<ESMX_Driver: leaving Initialize (phase=<none>) with current time: 2012 10 24  8  0  0   0
20260916 033328.375 INFO             PET1       ESMX_Driver: InternalInitializeComplete extro.
20260916 033328.375 INFO             PET1       ABC: InitializeIPDvXp08 intro.
20260916 033328.375 INFO             PET1         >>>ABC: entered Initialize (phase=IPDv05p8) with current time: 2012 10 24  8  0  0   0
20260916 033328.375 INFO             PET1         <<<ABC: leaving Initialize (phase=IPDv05p8) with current time: 2012 10 24  8  0  0   0
20260916 033328.375 INFO             PET1       ABC: InitializeIPDvXp08 extro.
20260916 033328.376 INFO             PET1       ESMX_Driver: loopDataDependentInitialize intro.
20260916 033328.376 INFO             PET1         >>>ESMX_Driver: entered Initialize (phase=<none>) with current time: 2012 10 24  8  0  0   0
20260916 033328.388 INFO             PET1         <<<ESMX_Driver: leaving Initialize (phase=<none>) with current time: 2012 10 24  8  0  0   0
20260916 033328.388 INFO             PET1       ESMX_Driver: loopDataDependentInitialize extro.
20260916 033328.388 INFO             PET1       <<<ESMX_Driver: leaving Initialize (phase=<none>) with current time: 2012 10 24  8  0  0   0
20260916 033328.388 INFO             PET1     ESMX_Driver: InitializeIPDv02p5Data extro.
20260916 033328.388 INFO             PET1     <<<ESMX_Driver: leaving Initialize (phase=<none>) with current time: 2012 10 24  8  0  0   0
20260916 033328.388 INFO             PET1   ESMX_Driver: InitializeIPDv02p5 extro.
20260916 033328.388 INFO             PET1   <<<ESMX_Driver: leaving Initialize (phase=<none>) with current time: 2012 10 24  8  0  0   0
20260916 033328.388 INFO             PET1 ESMX_Driver: InitializeGeneric extro.
20260916 033328.388 INFO             PET1 ESMX_Driver: Run intro.
20260916 033328.388 INFO             PET1   >>>ESMX_Driver: entered Run (phase=RunPhase1) with current time: 2012 10 24  8  0  0   0
20260916 033328.388 INFO             PET1   ABC: Run intro.
20260916 033328.388 INFO             PET1     >>>ABC: entered Run (phase=RunPhase1) with current time: 2012 10 24  8  0  0   0
20260916 033328.388 INFO             PET1     <<<ABC: leaving Run (phase=RunPhase1) with current time: 2012 10 24 20  0  0   0
20260916 033328.388 INFO             PET1   ABC: Run extro.
20260916 033328.388 INFO             PET1   <<<ESMX_Driver: leaving Run (phase=RunPhase1) with current time: 2012 10 24 20  0  0   0
20260916 033328.388 INFO             PET1 ESMX_Driver: Run extro.
20260916 033328.388 INFO             PET1 ESMX_Driver: Finalize intro.
20260916 033328.388 INFO             PET1   >>>ESMX_Driver: entered Finalize (phase=FinalizePhase1) with current time: 2012 10 24 20  0  0   0
20260916 033328.388 INFO             PET1   Calling Finalize phase 1 for modelComp: ABC
20260916 033328.389 INFO             PET1   ABC: Finalize intro.
20260916 033328.389 INFO             PET1     >>>ABC: entered Finalize (phase=FinalizePhase1) with current time: 2012 10 24 20  0  0   0
20260916 033328.389 INFO             PET1     <<<ABC: leaving Finalize (phase=FinalizePhase1) with current time: 2012 10 24 20  0  0   0
20260916 033328.389 INFO             PET1   ABC: Finalize extro.
20260916 033328.389 INFO             PET1   Delete modelComp: ABC
20260916 033328.389 INFO             PET1   <<<ESMX_Driver: leaving Finalize (phase=FinalizePhase1) with current time: 2012 10 24 20  0  0   0
20260916 033328.389 INFO             PET1 ESMX_Driver: Finalize extro.
20260916 033328.389 INFO             PET1 =============================================
20260916 033328.389 INFO             PET1 ESMX (Earth System Model eXecutable) FINISHED
20260916 033328.389 INFO             PET1 =============================================
20260916 033328.389 INFO             PET1  Finalizing ESMF
20260916 033328.242 INFO             PET2 !!!!!!!!!!!!!!!!!!!!!!!!!!!!!!!!!!!!!!!!!!!!!!!!!!!!!!
20260916 033328.273 INFO             PET2 !!! THE ESMF_LOG IS SET TO OUTPUT ALL LOG MESSAGES !!!
20260916 033328.273 INFO             PET2 !!!     THIS MAY CAUSE SLOWDOWN IN PERFORMANCE     !!!
20260916 033328.273 INFO             PET2 !!! FOR PRODUCTION RUNS, USE:                      !!!
20260916 033328.273 INFO             PET2 !!!                   ESMF_LOGKIND_Multi_On_Error  !!!
20260916 033328.273 INFO             PET2 !!!!!!!!!!!!!!!!!!!!!!!!!!!!!!!!!!!!!!!!!!!!!!!!!!!!!!
20260916 033328.273 INFO             PET2 Running with ESMF Version   : v9.0.0b18
20260916 033328.273 INFO             PET2 ESMF library build date/time: "Sep 16 2026" "02:40:59"
20260916 033328.273 INFO             PET2 ESMF library build location : /usr/local/esmf/esmf-testing/gfortranclang_14.2.0_17.0.0_mpich_g_develop/esmf
20260916 033328.273 INFO             PET2 ESMF_COMM                   : mpich
20260916 033328.273 INFO             PET2 ESMF_MOAB                   : enabled
20260916 033328.273 INFO             PET2 ESMF_LAPACK                 : enabled
20260916 033328.273 INFO             PET2 ESMF_NETCDF                 : enabled
20260916 033328.273 INFO             PET2 ESMF_PNETCDF                : disabled
20260916 033328.273 INFO             PET2 ESMF_PIO                    : enabled
20260916 033328.273 INFO             PET2 ESMF_YAMLCPP                : enabled
20260916 033328.289 INFO             PET2 =============================================
20260916 033328.289 INFO             PET2 ESMX (Earth System Model eXecutable) STARTING
20260916 033328.289 INFO             PET2 =============================================
20260916 033328.302 DEBUG            PET2 Generic SetVM() is executing for: ESMX_Driver
20260916 033328.302 DEBUG            PET2 Generic SetVM() found no NUOPC Hint for: ESMX_Driver
20260916 033328.302 DEBUG            PET2 Generic SetVM() therefore is NOT calling ESMF_GridCompSetVMMaxPEs() for: ESMX_Driver
20260916 033328.316 INFO             PET2 ESMX_Driver: InitializeGeneric intro.
20260916 033328.316 INFO             PET2   >>>ESMX_Driver: entered Initialize (phase=<none>) without valid internal Clock.
20260916 033328.316 INFO             PET2   ESMX_Driver: InitializeP0 intro.
20260916 033328.316 INFO             PET2     >>>ESMX_Driver: entered Initialize (phase=<none>) without valid internal Clock.
20260916 033328.316 INFO             PET2     <<<ESMX_Driver: leaving Initialize (phase=<none>) without valid internal Clock.
20260916 033328.316 INFO             PET2   ESMX_Driver: InitializeP0 extro.
20260916 033328.316 INFO             PET2   ESMX_Driver: InitializeIPDv02p1 intro.
20260916 033328.316 INFO             PET2     >>>ESMX_Driver: entered Initialize (phase=<none>) without valid internal Clock.
20260916 033328.328 INFO             PET2     ESMX_Driver - Creating model component ABC without petList.
20260916 033328.328 DEBUG            PET2     Generic SetVM() is executing for: ABC
20260916 033328.328 DEBUG            PET2     Generic SetVM() found no NUOPC Hint for: ABC
20260916 033328.329 DEBUG            PET2     Generic SetVM() therefore is NOT calling ESMF_GridCompSetVMMaxPEs() for: ABC
20260916 033328.352 INFO             PET2     ABC: InitializeP0 intro.
20260916 033328.353 INFO             PET2       >>>ABC: entered Initialize (phase=<none>) without valid internal Clock.
20260916 033328.353 INFO             PET2       <<<ABC: leaving Initialize (phase=<none>) without valid internal Clock.
20260916 033328.353 INFO             PET2     ABC: InitializeP0 extro.
20260916 033328.355 INFO             PET2     ESMX_Driver: IInitAdvertise intro.
20260916 033328.355 INFO             PET2       >>>ESMX_Driver: entered Initialize (phase=<none>) with current time: 2012 10 24  8  0  0   0
20260916 033328.355 INFO             PET2       <<<ESMX_Driver: leaving Initialize (phase=<none>) with current time: 2012 10 24  8  0  0   0
20260916 033328.355 INFO             PET2     ESMX_Driver: IInitAdvertise extro.
20260916 033328.355 INFO             PET2     ABC: InitializeIPDvXp01 intro.
20260916 033328.355 INFO             PET2       >>>ABC: entered Initialize (phase=IPDvXp01) without valid internal Clock.
20260916 033328.355 INFO             PET2       <<<ABC: leaving Initialize (phase=IPDvXp01) without valid internal Clock.
20260916 033328.357 INFO             PET2     ABC: InitializeIPDvXp01 extro.
20260916 033328.358 INFO             PET2     ESMX_Driver: IInitAdvertiseFinish intro.
20260916 033328.358 INFO             PET2       >>>ESMX_Driver: entered Initialize (phase=<none>) with current time: 2012 10 24  8  0  0   0
20260916 033328.360 INFO             PET2       <<<ESMX_Driver: leaving Initialize (phase=<none>) with current time: 2012 10 24  8  0  0   0
20260916 033328.360 INFO             PET2     ESMX_Driver: IInitAdvertiseFinish extro.
20260916 033328.361 INFO             PET2     ESMX_Driver: IInitModifyCplLists intro.
20260916 033328.361 INFO             PET2       >>>ESMX_Driver: entered Initialize (phase=<none>) with current time: 2012 10 24  8  0  0   0
20260916 033328.361 INFO             PET2       <<<ESMX_Driver: leaving Initialize (phase=<none>) with current time: 2012 10 24  8  0  0   0
20260916 033328.361 INFO             PET2     ESMX_Driver: IInitModifyCplLists extro.
20260916 033328.361 INFO             PET2     <<<ESMX_Driver: leaving Initialize (phase=<none>) with current time: 2012 10 24  8  0  0   0
20260916 033328.361 INFO             PET2   ESMX_Driver: InitializeIPDv02p1 extro.
20260916 033328.362 INFO             PET2   ESMX_Driver: InitializeIPDv02p3 intro.
20260916 033328.362 INFO             PET2     >>>ESMX_Driver: entered Initialize (phase=<none>) with current time: 2012 10 24  8  0  0   0
20260916 033328.363 INFO             PET2     ESMX_Driver: IInitCheck intro.
20260916 033328.363 INFO             PET2       >>>ESMX_Driver: entered Initialize (phase=<none>) with current time: 2012 10 24  8  0  0   0
20260916 033328.365 INFO             PET2       <<<ESMX_Driver: leaving Initialize (phase=<none>) with current time: 2012 10 24  8  0  0   0
20260916 033328.365 INFO             PET2     ESMX_Driver: IInitCheck extro.
20260916 033328.366 INFO             PET2     ABC: InitializeIPDvXp04 intro.
20260916 033328.366 INFO             PET2       >>>ABC: entered Initialize (phase=IPDvXp04) without valid internal Clock.
20260916 033328.366 INFO             PET2       <<<ABC: leaving Initialize (phase=IPDvXp04) without valid internal Clock.
20260916 033328.366 INFO             PET2     ABC: InitializeIPDvXp04 extro.
20260916 033328.366 INFO             PET2     ESMX_Driver: IInitRealize intro.
20260916 033328.366 INFO             PET2       >>>ESMX_Driver: entered Initialize (phase=<none>) with current time: 2012 10 24  8  0  0   0
20260916 033328.366 INFO             PET2       <<<ESMX_Driver: leaving Initialize (phase=<none>) with current time: 2012 10 24  8  0  0   0
20260916 033328.366 INFO             PET2     ESMX_Driver: IInitRealize extro.
20260916 033328.367 INFO             PET2     ABC: InitializeIPDvXp07 intro.
20260916 033328.367 INFO             PET2       >>>ABC: entered Initialize (phase=IPDvXp07) without valid internal Clock.
20260916 033328.367 INFO             PET2       <<<ABC: leaving Initialize (phase=IPDvXp07) with current time: 2012 10 24  8  0  0   0
20260916 033328.367 INFO             PET2     ABC: InitializeIPDvXp07 extro.
20260916 033328.367 INFO             PET2     <<<ESMX_Driver: leaving Initialize (phase=<none>) with current time: 2012 10 24  8  0  0   0
20260916 033328.367 INFO             PET2   ESMX_Driver: InitializeIPDv02p3 extro.
20260916 033328.367 INFO             PET2   ESMX_Driver: InitializeIPDv02p5 intro.
20260916 033328.367 INFO             PET2     >>>ESMX_Driver: entered Initialize (phase=<none>) with current time: 2012 10 24  8  0  0   0
20260916 033328.367 INFO             PET2     ESMX_Driver: InitializeIPDv02p5Data intro.
20260916 033328.367 INFO             PET2       >>>ESMX_Driver: entered Initialize (phase=<none>) with current time: 2012 10 24  8  0  0   0
20260916 033328.367 INFO             PET2       ESMX_Driver: InternalInitializeComplete intro.
20260916 033328.367 INFO             PET2         >>>ESMX_Driver: entered Initialize (phase=<none>) with current time: 2012 10 24  8  0  0   0
20260916 033328.367 INFO             PET2         <<<ESMX_Driver: leaving Initialize (phase=<none>) with current time: 2012 10 24  8  0  0   0
20260916 033328.367 INFO             PET2       ESMX_Driver: InternalInitializeComplete extro.
20260916 033328.367 INFO             PET2       ABC: InitializeIPDvXp08 intro.
20260916 033328.367 INFO             PET2         >>>ABC: entered Initialize (phase=IPDv05p8) with current time: 2012 10 24  8  0  0   0
20260916 033328.368 INFO             PET2         <<<ABC: leaving Initialize (phase=IPDv05p8) with current time: 2012 10 24  8  0  0   0
20260916 033328.368 INFO             PET2       ABC: InitializeIPDvXp08 extro.
20260916 033328.379 INFO             PET2       ESMX_Driver: loopDataDependentInitialize intro.
20260916 033328.379 INFO             PET2         >>>ESMX_Driver: entered Initialize (phase=<none>) with current time: 2012 10 24  8  0  0   0
20260916 033328.391 INFO             PET2         <<<ESMX_Driver: leaving Initialize (phase=<none>) with current time: 2012 10 24  8  0  0   0
20260916 033328.391 INFO             PET2       ESMX_Driver: loopDataDependentInitialize extro.
20260916 033328.391 INFO             PET2       <<<ESMX_Driver: leaving Initialize (phase=<none>) with current time: 2012 10 24  8  0  0   0
20260916 033328.391 INFO             PET2     ESMX_Driver: InitializeIPDv02p5Data extro.
20260916 033328.391 INFO             PET2     <<<ESMX_Driver: leaving Initialize (phase=<none>) with current time: 2012 10 24  8  0  0   0
20260916 033328.391 INFO             PET2   ESMX_Driver: InitializeIPDv02p5 extro.
20260916 033328.391 INFO             PET2   <<<ESMX_Driver: leaving Initialize (phase=<none>) with current time: 2012 10 24  8  0  0   0
20260916 033328.391 INFO             PET2 ESMX_Driver: InitializeGeneric extro.
20260916 033328.391 INFO             PET2 ESMX_Driver: Run intro.
20260916 033328.391 INFO             PET2   >>>ESMX_Driver: entered Run (phase=RunPhase1) with current time: 2012 10 24  8  0  0   0
20260916 033328.392 INFO             PET2   ABC: Run intro.
20260916 033328.392 INFO             PET2     >>>ABC: entered Run (phase=RunPhase1) with current time: 2012 10 24  8  0  0   0
20260916 033328.392 INFO             PET2     <<<ABC: leaving Run (phase=RunPhase1) with current time: 2012 10 24 20  0  0   0
20260916 033328.392 INFO             PET2   ABC: Run extro.
20260916 033328.392 INFO             PET2   <<<ESMX_Driver: leaving Run (phase=RunPhase1) with current time: 2012 10 24 20  0  0   0
20260916 033328.392 INFO             PET2 ESMX_Driver: Run extro.
20260916 033328.392 INFO             PET2 ESMX_Driver: Finalize intro.
20260916 033328.392 INFO             PET2   >>>ESMX_Driver: entered Finalize (phase=FinalizePhase1) with current time: 2012 10 24 20  0  0   0
20260916 033328.392 INFO             PET2   Calling Finalize phase 1 for modelComp: ABC
20260916 033328.392 INFO             PET2   ABC: Finalize intro.
20260916 033328.392 INFO             PET2     >>>ABC: entered Finalize (phase=FinalizePhase1) with current time: 2012 10 24 20  0  0   0
20260916 033328.392 INFO             PET2     <<<ABC: leaving Finalize (phase=FinalizePhase1) with current time: 2012 10 24 20  0  0   0
20260916 033328.392 INFO             PET2   ABC: Finalize extro.
20260916 033328.392 INFO             PET2   Delete modelComp: ABC
20260916 033328.392 INFO             PET2   <<<ESMX_Driver: leaving Finalize (phase=FinalizePhase1) with current time: 2012 10 24 20  0  0   0
20260916 033328.392 INFO             PET2 ESMX_Driver: Finalize extro.
20260916 033328.392 INFO             PET2 =============================================
20260916 033328.392 INFO             PET2 ESMX (Earth System Model eXecutable) FINISHED
20260916 033328.392 INFO             PET2 =============================================
20260916 033328.392 INFO             PET2  Finalizing ESMF
20260916 033328.238 INFO             PET3 !!!!!!!!!!!!!!!!!!!!!!!!!!!!!!!!!!!!!!!!!!!!!!!!!!!!!!
20260916 033328.246 INFO             PET3 !!! THE ESMF_LOG IS SET TO OUTPUT ALL LOG MESSAGES !!!
20260916 033328.246 INFO             PET3 !!!     THIS MAY CAUSE SLOWDOWN IN PERFORMANCE     !!!
20260916 033328.246 INFO             PET3 !!! FOR PRODUCTION RUNS, USE:                      !!!
20260916 033328.246 INFO             PET3 !!!                   ESMF_LOGKIND_Multi_On_Error  !!!
20260916 033328.246 INFO             PET3 !!!!!!!!!!!!!!!!!!!!!!!!!!!!!!!!!!!!!!!!!!!!!!!!!!!!!!
20260916 033328.246 INFO             PET3 Running with ESMF Version   : v9.0.0b18
20260916 033328.246 INFO             PET3 ESMF library build date/time: "Sep 16 2026" "02:40:59"
20260916 033328.246 INFO             PET3 ESMF library build location : /usr/local/esmf/esmf-testing/gfortranclang_14.2.0_17.0.0_mpich_g_develop/esmf
20260916 033328.246 INFO             PET3 ESMF_COMM                   : mpich
20260916 033328.246 INFO             PET3 ESMF_MOAB                   : enabled
20260916 033328.246 INFO             PET3 ESMF_LAPACK                 : enabled
20260916 033328.246 INFO             PET3 ESMF_NETCDF                 : enabled
20260916 033328.246 INFO             PET3 ESMF_PNETCDF                : disabled
20260916 033328.246 INFO             PET3 ESMF_PIO                    : enabled
20260916 033328.246 INFO             PET3 ESMF_YAMLCPP                : enabled
20260916 033328.293 INFO             PET3 =============================================
20260916 033328.293 INFO             PET3 ESMX (Earth System Model eXecutable) STARTING
20260916 033328.293 INFO             PET3 =============================================
20260916 033328.303 DEBUG            PET3 Generic SetVM() is executing for: ESMX_Driver
20260916 033328.304 DEBUG            PET3 Generic SetVM() found no NUOPC Hint for: ESMX_Driver
20260916 033328.304 DEBUG            PET3 Generic SetVM() therefore is NOT calling ESMF_GridCompSetVMMaxPEs() for: ESMX_Driver
20260916 033328.313 INFO             PET3 ESMX_Driver: InitializeGeneric intro.
20260916 033328.313 INFO             PET3   >>>ESMX_Driver: entered Initialize (phase=<none>) without valid internal Clock.
20260916 033328.313 INFO             PET3   ESMX_Driver: InitializeP0 intro.
20260916 033328.313 INFO             PET3     >>>ESMX_Driver: entered Initialize (phase=<none>) without valid internal Clock.
20260916 033328.313 INFO             PET3     <<<ESMX_Driver: leaving Initialize (phase=<none>) without valid internal Clock.
20260916 033328.313 INFO             PET3   ESMX_Driver: InitializeP0 extro.
20260916 033328.313 INFO             PET3   ESMX_Driver: InitializeIPDv02p1 intro.
20260916 033328.313 INFO             PET3     >>>ESMX_Driver: entered Initialize (phase=<none>) without valid internal Clock.
20260916 033328.328 INFO             PET3     ESMX_Driver - Creating model component ABC without petList.
20260916 033328.328 DEBUG            PET3     Generic SetVM() is executing for: ABC
20260916 033328.328 DEBUG            PET3     Generic SetVM() found no NUOPC Hint for: ABC
20260916 033328.328 DEBUG            PET3     Generic SetVM() therefore is NOT calling ESMF_GridCompSetVMMaxPEs() for: ABC
20260916 033328.349 INFO             PET3     ABC: InitializeP0 intro.
20260916 033328.349 INFO             PET3       >>>ABC: entered Initialize (phase=<none>) without valid internal Clock.
20260916 033328.351 INFO             PET3       <<<ABC: leaving Initialize (phase=<none>) without valid internal Clock.
20260916 033328.351 INFO             PET3     ABC: InitializeP0 extro.
20260916 033328.355 INFO             PET3     ESMX_Driver: IInitAdvertise intro.
20260916 033328.355 INFO             PET3       >>>ESMX_Driver: entered Initialize (phase=<none>) with current time: 2012 10 24  8  0  0   0
20260916 033328.355 INFO             PET3       <<<ESMX_Driver: leaving Initialize (phase=<none>) with current time: 2012 10 24  8  0  0   0
20260916 033328.355 INFO             PET3     ESMX_Driver: IInitAdvertise extro.
20260916 033328.355 INFO             PET3     ABC: InitializeIPDvXp01 intro.
20260916 033328.355 INFO             PET3       >>>ABC: entered Initialize (phase=IPDvXp01) without valid internal Clock.
20260916 033328.355 INFO             PET3       <<<ABC: leaving Initialize (phase=IPDvXp01) without valid internal Clock.
20260916 033328.355 INFO             PET3     ABC: InitializeIPDvXp01 extro.
20260916 033328.360 INFO             PET3     ESMX_Driver: IInitAdvertiseFinish intro.
20260916 033328.360 INFO             PET3       >>>ESMX_Driver: entered Initialize (phase=<none>) with current time: 2012 10 24  8  0  0   0
20260916 033328.360 INFO             PET3       <<<ESMX_Driver: leaving Initialize (phase=<none>) with current time: 2012 10 24  8  0  0   0
20260916 033328.360 INFO             PET3     ESMX_Driver: IInitAdvertiseFinish extro.
20260916 033328.360 INFO             PET3     ESMX_Driver: IInitModifyCplLists intro.
20260916 033328.360 INFO             PET3       >>>ESMX_Driver: entered Initialize (phase=<none>) with current time: 2012 10 24  8  0  0   0
20260916 033328.360 INFO             PET3       <<<ESMX_Driver: leaving Initialize (phase=<none>) with current time: 2012 10 24  8  0  0   0
20260916 033328.360 INFO             PET3     ESMX_Driver: IInitModifyCplLists extro.
20260916 033328.360 INFO             PET3     <<<ESMX_Driver: leaving Initialize (phase=<none>) with current time: 2012 10 24  8  0  0   0
20260916 033328.360 INFO             PET3   ESMX_Driver: InitializeIPDv02p1 extro.
20260916 033328.360 INFO             PET3   ESMX_Driver: InitializeIPDv02p3 intro.
20260916 033328.361 INFO             PET3     >>>ESMX_Driver: entered Initialize (phase=<none>) with current time: 2012 10 24  8  0  0   0
20260916 033328.361 INFO             PET3     ESMX_Driver: IInitCheck intro.
20260916 033328.361 INFO             PET3       >>>ESMX_Driver: entered Initialize (phase=<none>) with current time: 2012 10 24  8  0  0   0
20260916 033328.361 INFO             PET3       <<<ESMX_Driver: leaving Initialize (phase=<none>) with current time: 2012 10 24  8  0  0   0
20260916 033328.361 INFO             PET3     ESMX_Driver: IInitCheck extro.
20260916 033328.361 INFO             PET3     ABC: InitializeIPDvXp04 intro.
20260916 033328.361 INFO             PET3       >>>ABC: entered Initialize (phase=IPDvXp04) without valid internal Clock.
20260916 033328.361 INFO             PET3       <<<ABC: leaving Initialize (phase=IPDvXp04) without valid internal Clock.
20260916 033328.361 INFO             PET3     ABC: InitializeIPDvXp04 extro.
20260916 033328.367 INFO             PET3     ESMX_Driver: IInitRealize intro.
20260916 033328.367 INFO             PET3       >>>ESMX_Driver: entered Initialize (phase=<none>) with current time: 2012 10 24  8  0  0   0
20260916 033328.367 INFO             PET3       <<<ESMX_Driver: leaving Initialize (phase=<none>) with current time: 2012 10 24  8  0  0   0
20260916 033328.367 INFO             PET3     ESMX_Driver: IInitRealize extro.
20260916 033328.368 INFO             PET3     ABC: InitializeIPDvXp07 intro.
20260916 033328.368 INFO             PET3       >>>ABC: entered Initialize (phase=IPDvXp07) without valid internal Clock.
20260916 033328.375 INFO             PET3       <<<ABC: leaving Initialize (phase=IPDvXp07) with current time: 2012 10 24  8  0  0   0
20260916 033328.375 INFO             PET3     ABC: InitializeIPDvXp07 extro.
20260916 033328.375 INFO             PET3     <<<ESMX_Driver: leaving Initialize (phase=<none>) with current time: 2012 10 24  8  0  0   0
20260916 033328.375 INFO             PET3   ESMX_Driver: InitializeIPDv02p3 extro.
20260916 033328.375 INFO             PET3   ESMX_Driver: InitializeIPDv02p5 intro.
20260916 033328.375 INFO             PET3     >>>ESMX_Driver: entered Initialize (phase=<none>) with current time: 2012 10 24  8  0  0   0
20260916 033328.375 INFO             PET3     ESMX_Driver: InitializeIPDv02p5Data intro.
20260916 033328.375 INFO             PET3       >>>ESMX_Driver: entered Initialize (phase=<none>) with current time: 2012 10 24  8  0  0   0
20260916 033328.375 INFO             PET3       ESMX_Driver: InternalInitializeComplete intro.
20260916 033328.375 INFO             PET3         >>>ESMX_Driver: entered Initialize (phase=<none>) with current time: 2012 10 24  8  0  0   0
20260916 033328.375 INFO             PET3         <<<ESMX_Driver: leaving Initialize (phase=<none>) with current time: 2012 10 24  8  0  0   0
20260916 033328.375 INFO             PET3       ESMX_Driver: InternalInitializeComplete extro.
20260916 033328.375 INFO             PET3       ABC: InitializeIPDvXp08 intro.
20260916 033328.376 INFO             PET3         >>>ABC: entered Initialize (phase=IPDv05p8) with current time: 2012 10 24  8  0  0   0
20260916 033328.376 INFO             PET3         <<<ABC: leaving Initialize (phase=IPDv05p8) with current time: 2012 10 24  8  0  0   0
20260916 033328.376 INFO             PET3       ABC: InitializeIPDvXp08 extro.
20260916 033328.376 INFO             PET3       ESMX_Driver: loopDataDependentInitialize intro.
20260916 033328.376 INFO             PET3         >>>ESMX_Driver: entered Initialize (phase=<none>) with current time: 2012 10 24  8  0  0   0
20260916 033328.388 INFO             PET3         <<<ESMX_Driver: leaving Initialize (phase=<none>) with current time: 2012 10 24  8  0  0   0
20260916 033328.388 INFO             PET3       ESMX_Driver: loopDataDependentInitialize extro.
20260916 033328.388 INFO             PET3       <<<ESMX_Driver: leaving Initialize (phase=<none>) with current time: 2012 10 24  8  0  0   0
20260916 033328.388 INFO             PET3     ESMX_Driver: InitializeIPDv02p5Data extro.
20260916 033328.388 INFO             PET3     <<<ESMX_Driver: leaving Initialize (phase=<none>) with current time: 2012 10 24  8  0  0   0
20260916 033328.388 INFO             PET3   ESMX_Driver: InitializeIPDv02p5 extro.
20260916 033328.388 INFO             PET3   <<<ESMX_Driver: leaving Initialize (phase=<none>) with current time: 2012 10 24  8  0  0   0
20260916 033328.388 INFO             PET3 ESMX_Driver: InitializeGeneric extro.
20260916 033328.388 INFO             PET3 ESMX_Driver: Run intro.
20260916 033328.388 INFO             PET3   >>>ESMX_Driver: entered Run (phase=RunPhase1) with current time: 2012 10 24  8  0  0   0
20260916 033328.388 INFO             PET3   ABC: Run intro.
20260916 033328.388 INFO             PET3     >>>ABC: entered Run (phase=RunPhase1) with current time: 2012 10 24  8  0  0   0
20260916 033328.388 INFO             PET3     <<<ABC: leaving Run (phase=RunPhase1) with current time: 2012 10 24 20  0  0   0
20260916 033328.388 INFO             PET3   ABC: Run extro.
20260916 033328.388 INFO             PET3   <<<ESMX_Driver: leaving Run (phase=RunPhase1) with current time: 2012 10 24 20  0  0   0
20260916 033328.388 INFO             PET3 ESMX_Driver: Run extro.
20260916 033328.388 INFO             PET3 ESMX_Driver: Finalize intro.
20260916 033328.388 INFO             PET3   >>>ESMX_Driver: entered Finalize (phase=FinalizePhase1) with current time: 2012 10 24 20  0  0   0
20260916 033328.388 INFO             PET3   Calling Finalize phase 1 for modelComp: ABC
20260916 033328.388 INFO             PET3   ABC: Finalize intro.
20260916 033328.389 INFO             PET3     >>>ABC: entered Finalize (phase=FinalizePhase1) with current time: 2012 10 24 20  0  0   0
20260916 033328.389 INFO             PET3     <<<ABC: leaving Finalize (phase=FinalizePhase1) with current time: 2012 10 24 20  0  0   0
20260916 033328.389 INFO             PET3   ABC: Finalize extro.
20260916 033328.389 INFO             PET3   Delete modelComp: ABC
20260916 033328.389 INFO             PET3   <<<ESMX_Driver: leaving Finalize (phase=FinalizePhase1) with current time: 2012 10 24 20  0  0   0
20260916 033328.389 INFO             PET3 ESMX_Driver: Finalize extro.
20260916 033328.389 INFO             PET3 =============================================
20260916 033328.389 INFO             PET3 ESMX (Earth System Model eXecutable) FINISHED
20260916 033328.389 INFO             PET3 =============================================
20260916 033328.389 INFO             PET3  Finalizing ESMF
