2026-09-09 02:33:22
20260909 032027.327 INFO             PET0 !!!!!!!!!!!!!!!!!!!!!!!!!!!!!!!!!!!!!!!!!!!!!!!!!!!!!!
20260909 032027.329 INFO             PET0 !!! THE ESMF_LOG IS SET TO OUTPUT ALL LOG MESSAGES !!!
20260909 032027.329 INFO             PET0 !!!     THIS MAY CAUSE SLOWDOWN IN PERFORMANCE     !!!
20260909 032027.329 INFO             PET0 !!! FOR PRODUCTION RUNS, USE:                      !!!
20260909 032027.329 INFO             PET0 !!!                   ESMF_LOGKIND_Multi_On_Error  !!!
20260909 032027.329 INFO             PET0 !!!!!!!!!!!!!!!!!!!!!!!!!!!!!!!!!!!!!!!!!!!!!!!!!!!!!!
20260909 032027.329 INFO             PET0 Running with ESMF Version   : develop+g4161bf9d44
20260909 032027.329 INFO             PET0 ESMF library build date/time: "Sep  9 2026" "02:31:35"
20260909 032027.329 INFO             PET0 ESMF library build location : /usr/local/esmf/esmf-testing/gfortranclang_14.2.0_17.0.0_mpich_g_develop/esmf
20260909 032027.329 INFO             PET0 ESMF_COMM                   : mpich
20260909 032027.329 INFO             PET0 ESMF_MOAB                   : enabled
20260909 032027.329 INFO             PET0 ESMF_LAPACK                 : enabled
20260909 032027.329 INFO             PET0 ESMF_NETCDF                 : enabled
20260909 032027.329 INFO             PET0 ESMF_PNETCDF                : disabled
20260909 032027.329 INFO             PET0 ESMF_PIO                    : enabled
20260909 032027.329 INFO             PET0 ESMF_YAMLCPP                : enabled
20260909 032027.333 INFO             PET0 =============================================
20260909 032027.333 INFO             PET0 ESMX (Earth System Model eXecutable) STARTING
20260909 032027.333 INFO             PET0 =============================================
20260909 032027.345 DEBUG            PET0 Generic SetVM() is executing for: ESMX_Driver
20260909 032027.346 DEBUG            PET0 Generic SetVM() found no NUOPC Hint for: ESMX_Driver
20260909 032027.346 DEBUG            PET0 Generic SetVM() therefore is NOT calling ESMF_GridCompSetVMMaxPEs() for: ESMX_Driver
20260909 032027.361 INFO             PET0 =============================================
20260909 032027.361 INFO             PET0 ESMX (Earth System Model eXecutable) FINISHED
20260909 032027.361 INFO             PET0 =============================================
20260909 032027.361 INFO             PET0  Finalizing ESMF
20260909 032027.327 INFO             PET1 !!!!!!!!!!!!!!!!!!!!!!!!!!!!!!!!!!!!!!!!!!!!!!!!!!!!!!
20260909 032027.328 INFO             PET1 !!! THE ESMF_LOG IS SET TO OUTPUT ALL LOG MESSAGES !!!
20260909 032027.328 INFO             PET1 !!!     THIS MAY CAUSE SLOWDOWN IN PERFORMANCE     !!!
20260909 032027.328 INFO             PET1 !!! FOR PRODUCTION RUNS, USE:                      !!!
20260909 032027.328 INFO             PET1 !!!                   ESMF_LOGKIND_Multi_On_Error  !!!
20260909 032027.328 INFO             PET1 !!!!!!!!!!!!!!!!!!!!!!!!!!!!!!!!!!!!!!!!!!!!!!!!!!!!!!
20260909 032027.328 INFO             PET1 Running with ESMF Version   : develop+g4161bf9d44
20260909 032027.328 INFO             PET1 ESMF library build date/time: "Sep  9 2026" "02:31:35"
20260909 032027.328 INFO             PET1 ESMF library build location : /usr/local/esmf/esmf-testing/gfortranclang_14.2.0_17.0.0_mpich_g_develop/esmf
20260909 032027.328 INFO             PET1 ESMF_COMM                   : mpich
20260909 032027.328 INFO             PET1 ESMF_MOAB                   : enabled
20260909 032027.328 INFO             PET1 ESMF_LAPACK                 : enabled
20260909 032027.328 INFO             PET1 ESMF_NETCDF                 : enabled
20260909 032027.328 INFO             PET1 ESMF_PNETCDF                : disabled
20260909 032027.328 INFO             PET1 ESMF_PIO                    : enabled
20260909 032027.328 INFO             PET1 ESMF_YAMLCPP                : enabled
20260909 032027.340 INFO             PET1 =============================================
20260909 032027.340 INFO             PET1 ESMX (Earth System Model eXecutable) STARTING
20260909 032027.340 INFO             PET1 =============================================
20260909 032027.347 DEBUG            PET1 Generic SetVM() is executing for: ESMX_Driver
20260909 032027.347 DEBUG            PET1 Generic SetVM() found no NUOPC Hint for: ESMX_Driver
20260909 032027.347 DEBUG            PET1 Generic SetVM() therefore is NOT calling ESMF_GridCompSetVMMaxPEs() for: ESMX_Driver
20260909 032027.361 INFO             PET1 =============================================
20260909 032027.361 INFO             PET1 ESMX (Earth System Model eXecutable) FINISHED
20260909 032027.361 INFO             PET1 =============================================
20260909 032027.361 INFO             PET1  Finalizing ESMF
20260909 032027.330 INFO             PET2 !!!!!!!!!!!!!!!!!!!!!!!!!!!!!!!!!!!!!!!!!!!!!!!!!!!!!!
20260909 032027.331 INFO             PET2 !!! THE ESMF_LOG IS SET TO OUTPUT ALL LOG MESSAGES !!!
20260909 032027.331 INFO             PET2 !!!     THIS MAY CAUSE SLOWDOWN IN PERFORMANCE     !!!
20260909 032027.331 INFO             PET2 !!! FOR PRODUCTION RUNS, USE:                      !!!
20260909 032027.331 INFO             PET2 !!!                   ESMF_LOGKIND_Multi_On_Error  !!!
20260909 032027.331 INFO             PET2 !!!!!!!!!!!!!!!!!!!!!!!!!!!!!!!!!!!!!!!!!!!!!!!!!!!!!!
20260909 032027.331 INFO             PET2 Running with ESMF Version   : develop+g4161bf9d44
20260909 032027.331 INFO             PET2 ESMF library build date/time: "Sep  9 2026" "02:31:35"
20260909 032027.331 INFO             PET2 ESMF library build location : /usr/local/esmf/esmf-testing/gfortranclang_14.2.0_17.0.0_mpich_g_develop/esmf
20260909 032027.331 INFO             PET2 ESMF_COMM                   : mpich
20260909 032027.332 INFO             PET2 ESMF_MOAB                   : enabled
20260909 032027.332 INFO             PET2 ESMF_LAPACK                 : enabled
20260909 032027.332 INFO             PET2 ESMF_NETCDF                 : enabled
20260909 032027.332 INFO             PET2 ESMF_PNETCDF                : disabled
20260909 032027.332 INFO             PET2 ESMF_PIO                    : enabled
20260909 032027.332 INFO             PET2 ESMF_YAMLCPP                : enabled
20260909 032027.334 INFO             PET2 =============================================
20260909 032027.334 INFO             PET2 ESMX (Earth System Model eXecutable) STARTING
20260909 032027.334 INFO             PET2 =============================================
20260909 032027.343 DEBUG            PET2 Generic SetVM() is executing for: ESMX_Driver
20260909 032027.343 DEBUG            PET2 Generic SetVM() found no NUOPC Hint for: ESMX_Driver
20260909 032027.343 DEBUG            PET2 Generic SetVM() therefore is NOT calling ESMF_GridCompSetVMMaxPEs() for: ESMX_Driver
20260909 032027.361 INFO             PET2 =============================================
20260909 032027.361 INFO             PET2 ESMX (Earth System Model eXecutable) FINISHED
20260909 032027.361 INFO             PET2 =============================================
20260909 032027.361 INFO             PET2  Finalizing ESMF
20260909 032027.327 INFO             PET3 !!!!!!!!!!!!!!!!!!!!!!!!!!!!!!!!!!!!!!!!!!!!!!!!!!!!!!
20260909 032027.329 INFO             PET3 !!! THE ESMF_LOG IS SET TO OUTPUT ALL LOG MESSAGES !!!
20260909 032027.329 INFO             PET3 !!!     THIS MAY CAUSE SLOWDOWN IN PERFORMANCE     !!!
20260909 032027.329 INFO             PET3 !!! FOR PRODUCTION RUNS, USE:                      !!!
20260909 032027.329 INFO             PET3 !!!                   ESMF_LOGKIND_Multi_On_Error  !!!
20260909 032027.329 INFO             PET3 !!!!!!!!!!!!!!!!!!!!!!!!!!!!!!!!!!!!!!!!!!!!!!!!!!!!!!
20260909 032027.329 INFO             PET3 Running with ESMF Version   : develop+g4161bf9d44
20260909 032027.329 INFO             PET3 ESMF library build date/time: "Sep  9 2026" "02:31:35"
20260909 032027.329 INFO             PET3 ESMF library build location : /usr/local/esmf/esmf-testing/gfortranclang_14.2.0_17.0.0_mpich_g_develop/esmf
20260909 032027.329 INFO             PET3 ESMF_COMM                   : mpich
20260909 032027.329 INFO             PET3 ESMF_MOAB                   : enabled
20260909 032027.329 INFO             PET3 ESMF_LAPACK                 : enabled
20260909 032027.329 INFO             PET3 ESMF_NETCDF                 : enabled
20260909 032027.329 INFO             PET3 ESMF_PNETCDF                : disabled
20260909 032027.329 INFO             PET3 ESMF_PIO                    : enabled
20260909 032027.329 INFO             PET3 ESMF_YAMLCPP                : enabled
20260909 032027.338 INFO             PET3 =============================================
20260909 032027.338 INFO             PET3 ESMX (Earth System Model eXecutable) STARTING
20260909 032027.338 INFO             PET3 =============================================
20260909 032027.343 DEBUG            PET3 Generic SetVM() is executing for: ESMX_Driver
20260909 032027.344 DEBUG            PET3 Generic SetVM() found no NUOPC Hint for: ESMX_Driver
20260909 032027.344 DEBUG            PET3 Generic SetVM() therefore is NOT calling ESMF_GridCompSetVMMaxPEs() for: ESMX_Driver
20260909 032027.361 INFO             PET3 =============================================
20260909 032027.361 INFO             PET3 ESMX (Earth System Model eXecutable) FINISHED
20260909 032027.361 INFO             PET3 =============================================
20260909 032027.361 INFO             PET3  Finalizing ESMF
