2026-09-17 02:44:02
20260917 033438.548 INFO             PET0 !!!!!!!!!!!!!!!!!!!!!!!!!!!!!!!!!!!!!!!!!!!!!!!!!!!!!!
20260917 033438.550 INFO             PET0 !!! THE ESMF_LOG IS SET TO OUTPUT ALL LOG MESSAGES !!!
20260917 033438.550 INFO             PET0 !!!     THIS MAY CAUSE SLOWDOWN IN PERFORMANCE     !!!
20260917 033438.550 INFO             PET0 !!! FOR PRODUCTION RUNS, USE:                      !!!
20260917 033438.550 INFO             PET0 !!!                   ESMF_LOGKIND_Multi_On_Error  !!!
20260917 033438.550 INFO             PET0 !!!!!!!!!!!!!!!!!!!!!!!!!!!!!!!!!!!!!!!!!!!!!!!!!!!!!!
20260917 033438.550 INFO             PET0 Running with ESMF Version   : v9.0.0b18
20260917 033438.550 INFO             PET0 ESMF library build date/time: "Sep 17 2026" "02:42:25"
20260917 033438.550 INFO             PET0 ESMF library build location : /usr/local/esmf/esmf-testing/gfortranclang_14.2.0_17.0.0_mpich_g_develop/esmf
20260917 033438.550 INFO             PET0 ESMF_COMM                   : mpich
20260917 033438.550 INFO             PET0 ESMF_MOAB                   : enabled
20260917 033438.550 INFO             PET0 ESMF_LAPACK                 : enabled
20260917 033438.550 INFO             PET0 ESMF_NETCDF                 : enabled
20260917 033438.550 INFO             PET0 ESMF_PNETCDF                : disabled
20260917 033438.550 INFO             PET0 ESMF_PIO                    : enabled
20260917 033438.550 INFO             PET0 ESMF_YAMLCPP                : enabled
20260917 033438.553 INFO             PET0 =============================================
20260917 033438.553 INFO             PET0 ESMX (Earth System Model eXecutable) STARTING
20260917 033438.553 INFO             PET0 =============================================
20260917 033438.578 DEBUG            PET0 Generic SetVM() is executing for: ESMX_Driver
20260917 033438.578 DEBUG            PET0 Generic SetVM() found no NUOPC Hint for: ESMX_Driver
20260917 033438.578 DEBUG            PET0 Generic SetVM() therefore is NOT calling ESMF_GridCompSetVMMaxPEs() for: ESMX_Driver
20260917 033438.620 INFO             PET0 ESMX_Driver: InitializeGeneric intro.
20260917 033438.622 INFO             PET0   >>>ESMX_Driver: entered Initialize (phase=<none>) without valid internal Clock.
20260917 033438.622 INFO             PET0   ESMX_Driver: InitializeP0 intro.
20260917 033438.622 INFO             PET0     >>>ESMX_Driver: entered Initialize (phase=<none>) without valid internal Clock.
20260917 033438.623 INFO             PET0     <<<ESMX_Driver: leaving Initialize (phase=<none>) without valid internal Clock.
20260917 033438.623 INFO             PET0   ESMX_Driver: InitializeP0 extro.
20260917 033438.623 INFO             PET0   ESMX_Driver: InitializeIPDv02p1 intro.
20260917 033438.623 INFO             PET0     >>>ESMX_Driver: entered Initialize (phase=<none>) without valid internal Clock.
20260917 033438.629 INFO             PET0     ESMX_Driver: IInitAdvertise intro.
20260917 033438.629 INFO             PET0       >>>ESMX_Driver: entered Initialize (phase=<none>) with current time: 2012 10 24  8  0  0   0
20260917 033438.630 INFO             PET0       <<<ESMX_Driver: leaving Initialize (phase=<none>) with current time: 2012 10 24  8  0  0   0
20260917 033438.630 INFO             PET0     ESMX_Driver: IInitAdvertise extro.
20260917 033438.630 INFO             PET0     ESMX_Driver: IInitAdvertiseFinish intro.
20260917 033438.630 INFO             PET0       >>>ESMX_Driver: entered Initialize (phase=<none>) with current time: 2012 10 24  8  0  0   0
20260917 033438.630 INFO             PET0       <<<ESMX_Driver: leaving Initialize (phase=<none>) with current time: 2012 10 24  8  0  0   0
20260917 033438.630 INFO             PET0     ESMX_Driver: IInitAdvertiseFinish extro.
20260917 033438.630 INFO             PET0     ESMX_Driver: IInitModifyCplLists intro.
20260917 033438.630 INFO             PET0       >>>ESMX_Driver: entered Initialize (phase=<none>) with current time: 2012 10 24  8  0  0   0
20260917 033438.630 INFO             PET0       <<<ESMX_Driver: leaving Initialize (phase=<none>) with current time: 2012 10 24  8  0  0   0
20260917 033438.630 INFO             PET0     ESMX_Driver: IInitModifyCplLists extro.
20260917 033438.630 INFO             PET0     <<<ESMX_Driver: leaving Initialize (phase=<none>) with current time: 2012 10 24  8  0  0   0
20260917 033438.630 INFO             PET0   ESMX_Driver: InitializeIPDv02p1 extro.
20260917 033438.630 INFO             PET0   ESMX_Driver: InitializeIPDv02p3 intro.
20260917 033438.630 INFO             PET0     >>>ESMX_Driver: entered Initialize (phase=<none>) with current time: 2012 10 24  8  0  0   0
20260917 033438.630 INFO             PET0     ESMX_Driver: IInitCheck intro.
20260917 033438.631 INFO             PET0       >>>ESMX_Driver: entered Initialize (phase=<none>) with current time: 2012 10 24  8  0  0   0
20260917 033438.631 INFO             PET0       <<<ESMX_Driver: leaving Initialize (phase=<none>) with current time: 2012 10 24  8  0  0   0
20260917 033438.631 INFO             PET0     ESMX_Driver: IInitCheck extro.
20260917 033438.631 INFO             PET0     ESMX_Driver: IInitRealize intro.
20260917 033438.631 INFO             PET0       >>>ESMX_Driver: entered Initialize (phase=<none>) with current time: 2012 10 24  8  0  0   0
20260917 033438.631 INFO             PET0       <<<ESMX_Driver: leaving Initialize (phase=<none>) with current time: 2012 10 24  8  0  0   0
20260917 033438.631 INFO             PET0     ESMX_Driver: IInitRealize extro.
20260917 033438.631 INFO             PET0     <<<ESMX_Driver: leaving Initialize (phase=<none>) with current time: 2012 10 24  8  0  0   0
20260917 033438.631 INFO             PET0   ESMX_Driver: InitializeIPDv02p3 extro.
20260917 033438.631 INFO             PET0   ESMX_Driver: InitializeIPDv02p5 intro.
20260917 033438.631 INFO             PET0     >>>ESMX_Driver: entered Initialize (phase=<none>) with current time: 2012 10 24  8  0  0   0
20260917 033438.631 INFO             PET0     ESMX_Driver: InitializeIPDv02p5Data intro.
20260917 033438.631 INFO             PET0       >>>ESMX_Driver: entered Initialize (phase=<none>) with current time: 2012 10 24  8  0  0   0
20260917 033438.631 INFO             PET0       ESMX_Driver: InternalInitializeComplete intro.
20260917 033438.631 INFO             PET0         >>>ESMX_Driver: entered Initialize (phase=<none>) with current time: 2012 10 24  8  0  0   0
20260917 033438.631 INFO             PET0         <<<ESMX_Driver: leaving Initialize (phase=<none>) with current time: 2012 10 24  8  0  0   0
20260917 033438.632 INFO             PET0       ESMX_Driver: InternalInitializeComplete extro.
20260917 033438.640 INFO             PET0       ESMX_Driver: loopDataDependentInitialize intro.
20260917 033438.640 INFO             PET0         >>>ESMX_Driver: entered Initialize (phase=<none>) with current time: 2012 10 24  8  0  0   0
20260917 033438.645 INFO             PET0         <<<ESMX_Driver: leaving Initialize (phase=<none>) with current time: 2012 10 24  8  0  0   0
20260917 033438.645 INFO             PET0       ESMX_Driver: loopDataDependentInitialize extro.
20260917 033438.645 INFO             PET0       <<<ESMX_Driver: leaving Initialize (phase=<none>) with current time: 2012 10 24  8  0  0   0
20260917 033438.645 INFO             PET0     ESMX_Driver: InitializeIPDv02p5Data extro.
20260917 033438.645 INFO             PET0     <<<ESMX_Driver: leaving Initialize (phase=<none>) with current time: 2012 10 24  8  0  0   0
20260917 033438.645 INFO             PET0   ESMX_Driver: InitializeIPDv02p5 extro.
20260917 033438.645 INFO             PET0   <<<ESMX_Driver: leaving Initialize (phase=<none>) with current time: 2012 10 24  8  0  0   0
20260917 033438.645 INFO             PET0 ESMX_Driver: InitializeGeneric extro.
20260917 033438.645 INFO             PET0 ESMX_Driver: Run intro.
20260917 033438.645 INFO             PET0   >>>ESMX_Driver: entered Run (phase=RunPhase1) with current time: 2012 10 24  8  0  0   0
20260917 033438.645 INFO             PET0   <<<ESMX_Driver: leaving Run (phase=RunPhase1) with current time: 2012 10 24  8  0  0   0
20260917 033438.645 INFO             PET0 ESMX_Driver: Run extro.
20260917 033438.645 INFO             PET0 ESMX_Driver: Finalize intro.
20260917 033438.645 INFO             PET0   >>>ESMX_Driver: entered Finalize (phase=FinalizePhase1) with current time: 2012 10 24  8  0  0   0
20260917 033438.645 INFO             PET0   <<<ESMX_Driver: leaving Finalize (phase=FinalizePhase1) with current time: 2012 10 24  8  0  0   0
20260917 033438.645 INFO             PET0 ESMX_Driver: Finalize extro.
20260917 033438.645 INFO             PET0 =============================================
20260917 033438.645 INFO             PET0 ESMX (Earth System Model eXecutable) FINISHED
20260917 033438.645 INFO             PET0 =============================================
20260917 033438.645 INFO             PET0  Finalizing ESMF
20260917 033438.548 INFO             PET1 !!!!!!!!!!!!!!!!!!!!!!!!!!!!!!!!!!!!!!!!!!!!!!!!!!!!!!
20260917 033438.549 INFO             PET1 !!! THE ESMF_LOG IS SET TO OUTPUT ALL LOG MESSAGES !!!
20260917 033438.549 INFO             PET1 !!!     THIS MAY CAUSE SLOWDOWN IN PERFORMANCE     !!!
20260917 033438.549 INFO             PET1 !!! FOR PRODUCTION RUNS, USE:                      !!!
20260917 033438.549 INFO             PET1 !!!                   ESMF_LOGKIND_Multi_On_Error  !!!
20260917 033438.549 INFO             PET1 !!!!!!!!!!!!!!!!!!!!!!!!!!!!!!!!!!!!!!!!!!!!!!!!!!!!!!
20260917 033438.549 INFO             PET1 Running with ESMF Version   : v9.0.0b18
20260917 033438.549 INFO             PET1 ESMF library build date/time: "Sep 17 2026" "02:42:25"
20260917 033438.549 INFO             PET1 ESMF library build location : /usr/local/esmf/esmf-testing/gfortranclang_14.2.0_17.0.0_mpich_g_develop/esmf
20260917 033438.549 INFO             PET1 ESMF_COMM                   : mpich
20260917 033438.549 INFO             PET1 ESMF_MOAB                   : enabled
20260917 033438.549 INFO             PET1 ESMF_LAPACK                 : enabled
20260917 033438.549 INFO             PET1 ESMF_NETCDF                 : enabled
20260917 033438.549 INFO             PET1 ESMF_PNETCDF                : disabled
20260917 033438.549 INFO             PET1 ESMF_PIO                    : enabled
20260917 033438.549 INFO             PET1 ESMF_YAMLCPP                : enabled
20260917 033438.553 INFO             PET1 =============================================
20260917 033438.553 INFO             PET1 ESMX (Earth System Model eXecutable) STARTING
20260917 033438.553 INFO             PET1 =============================================
20260917 033438.573 DEBUG            PET1 Generic SetVM() is executing for: ESMX_Driver
20260917 033438.574 DEBUG            PET1 Generic SetVM() found no NUOPC Hint for: ESMX_Driver
20260917 033438.574 DEBUG            PET1 Generic SetVM() therefore is NOT calling ESMF_GridCompSetVMMaxPEs() for: ESMX_Driver
20260917 033438.625 INFO             PET1 ESMX_Driver: InitializeGeneric intro.
20260917 033438.625 INFO             PET1   >>>ESMX_Driver: entered Initialize (phase=<none>) without valid internal Clock.
20260917 033438.625 INFO             PET1   ESMX_Driver: InitializeP0 intro.
20260917 033438.625 INFO             PET1     >>>ESMX_Driver: entered Initialize (phase=<none>) without valid internal Clock.
20260917 033438.626 INFO             PET1     <<<ESMX_Driver: leaving Initialize (phase=<none>) without valid internal Clock.
20260917 033438.626 INFO             PET1   ESMX_Driver: InitializeP0 extro.
20260917 033438.626 INFO             PET1   ESMX_Driver: InitializeIPDv02p1 intro.
20260917 033438.626 INFO             PET1     >>>ESMX_Driver: entered Initialize (phase=<none>) without valid internal Clock.
20260917 033438.627 INFO             PET1     ESMX_Driver: IInitAdvertise intro.
20260917 033438.627 INFO             PET1       >>>ESMX_Driver: entered Initialize (phase=<none>) with current time: 2012 10 24  8  0  0   0
20260917 033438.627 INFO             PET1       <<<ESMX_Driver: leaving Initialize (phase=<none>) with current time: 2012 10 24  8  0  0   0
20260917 033438.627 INFO             PET1     ESMX_Driver: IInitAdvertise extro.
20260917 033438.627 INFO             PET1     ESMX_Driver: IInitAdvertiseFinish intro.
20260917 033438.627 INFO             PET1       >>>ESMX_Driver: entered Initialize (phase=<none>) with current time: 2012 10 24  8  0  0   0
20260917 033438.628 INFO             PET1       <<<ESMX_Driver: leaving Initialize (phase=<none>) with current time: 2012 10 24  8  0  0   0
20260917 033438.628 INFO             PET1     ESMX_Driver: IInitAdvertiseFinish extro.
20260917 033438.628 INFO             PET1     ESMX_Driver: IInitModifyCplLists intro.
20260917 033438.628 INFO             PET1       >>>ESMX_Driver: entered Initialize (phase=<none>) with current time: 2012 10 24  8  0  0   0
20260917 033438.628 INFO             PET1       <<<ESMX_Driver: leaving Initialize (phase=<none>) with current time: 2012 10 24  8  0  0   0
20260917 033438.628 INFO             PET1     ESMX_Driver: IInitModifyCplLists extro.
20260917 033438.628 INFO             PET1     <<<ESMX_Driver: leaving Initialize (phase=<none>) with current time: 2012 10 24  8  0  0   0
20260917 033438.628 INFO             PET1   ESMX_Driver: InitializeIPDv02p1 extro.
20260917 033438.628 INFO             PET1   ESMX_Driver: InitializeIPDv02p3 intro.
20260917 033438.629 INFO             PET1     >>>ESMX_Driver: entered Initialize (phase=<none>) with current time: 2012 10 24  8  0  0   0
20260917 033438.630 INFO             PET1     ESMX_Driver: IInitCheck intro.
20260917 033438.630 INFO             PET1       >>>ESMX_Driver: entered Initialize (phase=<none>) with current time: 2012 10 24  8  0  0   0
20260917 033438.630 INFO             PET1       <<<ESMX_Driver: leaving Initialize (phase=<none>) with current time: 2012 10 24  8  0  0   0
20260917 033438.630 INFO             PET1     ESMX_Driver: IInitCheck extro.
20260917 033438.631 INFO             PET1     ESMX_Driver: IInitRealize intro.
20260917 033438.631 INFO             PET1       >>>ESMX_Driver: entered Initialize (phase=<none>) with current time: 2012 10 24  8  0  0   0
20260917 033438.631 INFO             PET1       <<<ESMX_Driver: leaving Initialize (phase=<none>) with current time: 2012 10 24  8  0  0   0
20260917 033438.631 INFO             PET1     ESMX_Driver: IInitRealize extro.
20260917 033438.631 INFO             PET1     <<<ESMX_Driver: leaving Initialize (phase=<none>) with current time: 2012 10 24  8  0  0   0
20260917 033438.631 INFO             PET1   ESMX_Driver: InitializeIPDv02p3 extro.
20260917 033438.631 INFO             PET1   ESMX_Driver: InitializeIPDv02p5 intro.
20260917 033438.632 INFO             PET1     >>>ESMX_Driver: entered Initialize (phase=<none>) with current time: 2012 10 24  8  0  0   0
20260917 033438.632 INFO             PET1     ESMX_Driver: InitializeIPDv02p5Data intro.
20260917 033438.632 INFO             PET1       >>>ESMX_Driver: entered Initialize (phase=<none>) with current time: 2012 10 24  8  0  0   0
20260917 033438.632 INFO             PET1       ESMX_Driver: InternalInitializeComplete intro.
20260917 033438.632 INFO             PET1         >>>ESMX_Driver: entered Initialize (phase=<none>) with current time: 2012 10 24  8  0  0   0
20260917 033438.633 INFO             PET1         <<<ESMX_Driver: leaving Initialize (phase=<none>) with current time: 2012 10 24  8  0  0   0
20260917 033438.633 INFO             PET1       ESMX_Driver: InternalInitializeComplete extro.
20260917 033438.644 INFO             PET1       ESMX_Driver: loopDataDependentInitialize intro.
20260917 033438.644 INFO             PET1         >>>ESMX_Driver: entered Initialize (phase=<none>) with current time: 2012 10 24  8  0  0   0
20260917 033438.645 INFO             PET1         <<<ESMX_Driver: leaving Initialize (phase=<none>) with current time: 2012 10 24  8  0  0   0
20260917 033438.645 INFO             PET1       ESMX_Driver: loopDataDependentInitialize extro.
20260917 033438.645 INFO             PET1       <<<ESMX_Driver: leaving Initialize (phase=<none>) with current time: 2012 10 24  8  0  0   0
20260917 033438.645 INFO             PET1     ESMX_Driver: InitializeIPDv02p5Data extro.
20260917 033438.645 INFO             PET1     <<<ESMX_Driver: leaving Initialize (phase=<none>) with current time: 2012 10 24  8  0  0   0
20260917 033438.645 INFO             PET1   ESMX_Driver: InitializeIPDv02p5 extro.
20260917 033438.645 INFO             PET1   <<<ESMX_Driver: leaving Initialize (phase=<none>) with current time: 2012 10 24  8  0  0   0
20260917 033438.645 INFO             PET1 ESMX_Driver: InitializeGeneric extro.
20260917 033438.646 INFO             PET1 ESMX_Driver: Run intro.
20260917 033438.646 INFO             PET1   >>>ESMX_Driver: entered Run (phase=RunPhase1) with current time: 2012 10 24  8  0  0   0
20260917 033438.646 INFO             PET1   <<<ESMX_Driver: leaving Run (phase=RunPhase1) with current time: 2012 10 24  8  0  0   0
20260917 033438.653 INFO             PET1 ESMX_Driver: Run extro.
20260917 033438.653 INFO             PET1 ESMX_Driver: Finalize intro.
20260917 033438.653 INFO             PET1   >>>ESMX_Driver: entered Finalize (phase=FinalizePhase1) with current time: 2012 10 24  8  0  0   0
20260917 033438.654 INFO             PET1   <<<ESMX_Driver: leaving Finalize (phase=FinalizePhase1) with current time: 2012 10 24  8  0  0   0
20260917 033438.654 INFO             PET1 ESMX_Driver: Finalize extro.
20260917 033438.654 INFO             PET1 =============================================
20260917 033438.654 INFO             PET1 ESMX (Earth System Model eXecutable) FINISHED
20260917 033438.654 INFO             PET1 =============================================
20260917 033438.654 INFO             PET1  Finalizing ESMF
20260917 033438.548 INFO             PET2 !!!!!!!!!!!!!!!!!!!!!!!!!!!!!!!!!!!!!!!!!!!!!!!!!!!!!!
20260917 033438.549 INFO             PET2 !!! THE ESMF_LOG IS SET TO OUTPUT ALL LOG MESSAGES !!!
20260917 033438.549 INFO             PET2 !!!     THIS MAY CAUSE SLOWDOWN IN PERFORMANCE     !!!
20260917 033438.549 INFO             PET2 !!! FOR PRODUCTION RUNS, USE:                      !!!
20260917 033438.549 INFO             PET2 !!!                   ESMF_LOGKIND_Multi_On_Error  !!!
20260917 033438.549 INFO             PET2 !!!!!!!!!!!!!!!!!!!!!!!!!!!!!!!!!!!!!!!!!!!!!!!!!!!!!!
20260917 033438.549 INFO             PET2 Running with ESMF Version   : v9.0.0b18
20260917 033438.550 INFO             PET2 ESMF library build date/time: "Sep 17 2026" "02:42:25"
20260917 033438.550 INFO             PET2 ESMF library build location : /usr/local/esmf/esmf-testing/gfortranclang_14.2.0_17.0.0_mpich_g_develop/esmf
20260917 033438.550 INFO             PET2 ESMF_COMM                   : mpich
20260917 033438.550 INFO             PET2 ESMF_MOAB                   : enabled
20260917 033438.550 INFO             PET2 ESMF_LAPACK                 : enabled
20260917 033438.550 INFO             PET2 ESMF_NETCDF                 : enabled
20260917 033438.550 INFO             PET2 ESMF_PNETCDF                : disabled
20260917 033438.550 INFO             PET2 ESMF_PIO                    : enabled
20260917 033438.550 INFO             PET2 ESMF_YAMLCPP                : enabled
20260917 033438.552 INFO             PET2 =============================================
20260917 033438.552 INFO             PET2 ESMX (Earth System Model eXecutable) STARTING
20260917 033438.552 INFO             PET2 =============================================
20260917 033438.582 DEBUG            PET2 Generic SetVM() is executing for: ESMX_Driver
20260917 033438.583 DEBUG            PET2 Generic SetVM() found no NUOPC Hint for: ESMX_Driver
20260917 033438.583 DEBUG            PET2 Generic SetVM() therefore is NOT calling ESMF_GridCompSetVMMaxPEs() for: ESMX_Driver
20260917 033438.627 INFO             PET2 ESMX_Driver: InitializeGeneric intro.
20260917 033438.627 INFO             PET2   >>>ESMX_Driver: entered Initialize (phase=<none>) without valid internal Clock.
20260917 033438.627 INFO             PET2   ESMX_Driver: InitializeP0 intro.
20260917 033438.627 INFO             PET2     >>>ESMX_Driver: entered Initialize (phase=<none>) without valid internal Clock.
20260917 033438.627 INFO             PET2     <<<ESMX_Driver: leaving Initialize (phase=<none>) without valid internal Clock.
20260917 033438.627 INFO             PET2   ESMX_Driver: InitializeP0 extro.
20260917 033438.627 INFO             PET2   ESMX_Driver: InitializeIPDv02p1 intro.
20260917 033438.627 INFO             PET2     >>>ESMX_Driver: entered Initialize (phase=<none>) without valid internal Clock.
20260917 033438.629 INFO             PET2     ESMX_Driver: IInitAdvertise intro.
20260917 033438.629 INFO             PET2       >>>ESMX_Driver: entered Initialize (phase=<none>) with current time: 2012 10 24  8  0  0   0
20260917 033438.629 INFO             PET2       <<<ESMX_Driver: leaving Initialize (phase=<none>) with current time: 2012 10 24  8  0  0   0
20260917 033438.629 INFO             PET2     ESMX_Driver: IInitAdvertise extro.
20260917 033438.629 INFO             PET2     ESMX_Driver: IInitAdvertiseFinish intro.
20260917 033438.629 INFO             PET2       >>>ESMX_Driver: entered Initialize (phase=<none>) with current time: 2012 10 24  8  0  0   0
20260917 033438.629 INFO             PET2       <<<ESMX_Driver: leaving Initialize (phase=<none>) with current time: 2012 10 24  8  0  0   0
20260917 033438.629 INFO             PET2     ESMX_Driver: IInitAdvertiseFinish extro.
20260917 033438.629 INFO             PET2     ESMX_Driver: IInitModifyCplLists intro.
20260917 033438.629 INFO             PET2       >>>ESMX_Driver: entered Initialize (phase=<none>) with current time: 2012 10 24  8  0  0   0
20260917 033438.629 INFO             PET2       <<<ESMX_Driver: leaving Initialize (phase=<none>) with current time: 2012 10 24  8  0  0   0
20260917 033438.630 INFO             PET2     ESMX_Driver: IInitModifyCplLists extro.
20260917 033438.630 INFO             PET2     <<<ESMX_Driver: leaving Initialize (phase=<none>) with current time: 2012 10 24  8  0  0   0
20260917 033438.630 INFO             PET2   ESMX_Driver: InitializeIPDv02p1 extro.
20260917 033438.630 INFO             PET2   ESMX_Driver: InitializeIPDv02p3 intro.
20260917 033438.630 INFO             PET2     >>>ESMX_Driver: entered Initialize (phase=<none>) with current time: 2012 10 24  8  0  0   0
20260917 033438.630 INFO             PET2     ESMX_Driver: IInitCheck intro.
20260917 033438.630 INFO             PET2       >>>ESMX_Driver: entered Initialize (phase=<none>) with current time: 2012 10 24  8  0  0   0
20260917 033438.630 INFO             PET2       <<<ESMX_Driver: leaving Initialize (phase=<none>) with current time: 2012 10 24  8  0  0   0
20260917 033438.630 INFO             PET2     ESMX_Driver: IInitCheck extro.
20260917 033438.638 INFO             PET2     ESMX_Driver: IInitRealize intro.
20260917 033438.638 INFO             PET2       >>>ESMX_Driver: entered Initialize (phase=<none>) with current time: 2012 10 24  8  0  0   0
20260917 033438.638 INFO             PET2       <<<ESMX_Driver: leaving Initialize (phase=<none>) with current time: 2012 10 24  8  0  0   0
20260917 033438.638 INFO             PET2     ESMX_Driver: IInitRealize extro.
20260917 033438.638 INFO             PET2     <<<ESMX_Driver: leaving Initialize (phase=<none>) with current time: 2012 10 24  8  0  0   0
20260917 033438.638 INFO             PET2   ESMX_Driver: InitializeIPDv02p3 extro.
20260917 033438.639 INFO             PET2   ESMX_Driver: InitializeIPDv02p5 intro.
20260917 033438.639 INFO             PET2     >>>ESMX_Driver: entered Initialize (phase=<none>) with current time: 2012 10 24  8  0  0   0
20260917 033438.639 INFO             PET2     ESMX_Driver: InitializeIPDv02p5Data intro.
20260917 033438.639 INFO             PET2       >>>ESMX_Driver: entered Initialize (phase=<none>) with current time: 2012 10 24  8  0  0   0
20260917 033438.640 INFO             PET2       ESMX_Driver: InternalInitializeComplete intro.
20260917 033438.640 INFO             PET2         >>>ESMX_Driver: entered Initialize (phase=<none>) with current time: 2012 10 24  8  0  0   0
20260917 033438.640 INFO             PET2         <<<ESMX_Driver: leaving Initialize (phase=<none>) with current time: 2012 10 24  8  0  0   0
20260917 033438.640 INFO             PET2       ESMX_Driver: InternalInitializeComplete extro.
20260917 033438.640 INFO             PET2       ESMX_Driver: loopDataDependentInitialize intro.
20260917 033438.640 INFO             PET2         >>>ESMX_Driver: entered Initialize (phase=<none>) with current time: 2012 10 24  8  0  0   0
20260917 033438.645 INFO             PET2         <<<ESMX_Driver: leaving Initialize (phase=<none>) with current time: 2012 10 24  8  0  0   0
20260917 033438.645 INFO             PET2       ESMX_Driver: loopDataDependentInitialize extro.
20260917 033438.645 INFO             PET2       <<<ESMX_Driver: leaving Initialize (phase=<none>) with current time: 2012 10 24  8  0  0   0
20260917 033438.645 INFO             PET2     ESMX_Driver: InitializeIPDv02p5Data extro.
20260917 033438.645 INFO             PET2     <<<ESMX_Driver: leaving Initialize (phase=<none>) with current time: 2012 10 24  8  0  0   0
20260917 033438.645 INFO             PET2   ESMX_Driver: InitializeIPDv02p5 extro.
20260917 033438.645 INFO             PET2   <<<ESMX_Driver: leaving Initialize (phase=<none>) with current time: 2012 10 24  8  0  0   0
20260917 033438.645 INFO             PET2 ESMX_Driver: InitializeGeneric extro.
20260917 033438.645 INFO             PET2 ESMX_Driver: Run intro.
20260917 033438.645 INFO             PET2   >>>ESMX_Driver: entered Run (phase=RunPhase1) with current time: 2012 10 24  8  0  0   0
20260917 033438.645 INFO             PET2   <<<ESMX_Driver: leaving Run (phase=RunPhase1) with current time: 2012 10 24  8  0  0   0
20260917 033438.645 INFO             PET2 ESMX_Driver: Run extro.
20260917 033438.645 INFO             PET2 ESMX_Driver: Finalize intro.
20260917 033438.645 INFO             PET2   >>>ESMX_Driver: entered Finalize (phase=FinalizePhase1) with current time: 2012 10 24  8  0  0   0
20260917 033438.645 INFO             PET2   <<<ESMX_Driver: leaving Finalize (phase=FinalizePhase1) with current time: 2012 10 24  8  0  0   0
20260917 033438.645 INFO             PET2 ESMX_Driver: Finalize extro.
20260917 033438.645 INFO             PET2 =============================================
20260917 033438.645 INFO             PET2 ESMX (Earth System Model eXecutable) FINISHED
20260917 033438.645 INFO             PET2 =============================================
20260917 033438.645 INFO             PET2  Finalizing ESMF
20260917 033438.548 INFO             PET3 !!!!!!!!!!!!!!!!!!!!!!!!!!!!!!!!!!!!!!!!!!!!!!!!!!!!!!
20260917 033438.550 INFO             PET3 !!! THE ESMF_LOG IS SET TO OUTPUT ALL LOG MESSAGES !!!
20260917 033438.550 INFO             PET3 !!!     THIS MAY CAUSE SLOWDOWN IN PERFORMANCE     !!!
20260917 033438.550 INFO             PET3 !!! FOR PRODUCTION RUNS, USE:                      !!!
20260917 033438.550 INFO             PET3 !!!                   ESMF_LOGKIND_Multi_On_Error  !!!
20260917 033438.550 INFO             PET3 !!!!!!!!!!!!!!!!!!!!!!!!!!!!!!!!!!!!!!!!!!!!!!!!!!!!!!
20260917 033438.550 INFO             PET3 Running with ESMF Version   : v9.0.0b18
20260917 033438.550 INFO             PET3 ESMF library build date/time: "Sep 17 2026" "02:42:25"
20260917 033438.550 INFO             PET3 ESMF library build location : /usr/local/esmf/esmf-testing/gfortranclang_14.2.0_17.0.0_mpich_g_develop/esmf
20260917 033438.550 INFO             PET3 ESMF_COMM                   : mpich
20260917 033438.550 INFO             PET3 ESMF_MOAB                   : enabled
20260917 033438.550 INFO             PET3 ESMF_LAPACK                 : enabled
20260917 033438.550 INFO             PET3 ESMF_NETCDF                 : enabled
20260917 033438.550 INFO             PET3 ESMF_PNETCDF                : disabled
20260917 033438.550 INFO             PET3 ESMF_PIO                    : enabled
20260917 033438.550 INFO             PET3 ESMF_YAMLCPP                : enabled
20260917 033438.552 INFO             PET3 =============================================
20260917 033438.552 INFO             PET3 ESMX (Earth System Model eXecutable) STARTING
20260917 033438.552 INFO             PET3 =============================================
20260917 033438.584 DEBUG            PET3 Generic SetVM() is executing for: ESMX_Driver
20260917 033438.584 DEBUG            PET3 Generic SetVM() found no NUOPC Hint for: ESMX_Driver
20260917 033438.584 DEBUG            PET3 Generic SetVM() therefore is NOT calling ESMF_GridCompSetVMMaxPEs() for: ESMX_Driver
20260917 033438.626 INFO             PET3 ESMX_Driver: InitializeGeneric intro.
20260917 033438.626 INFO             PET3   >>>ESMX_Driver: entered Initialize (phase=<none>) without valid internal Clock.
20260917 033438.626 INFO             PET3   ESMX_Driver: InitializeP0 intro.
20260917 033438.626 INFO             PET3     >>>ESMX_Driver: entered Initialize (phase=<none>) without valid internal Clock.
20260917 033438.626 INFO             PET3     <<<ESMX_Driver: leaving Initialize (phase=<none>) without valid internal Clock.
20260917 033438.626 INFO             PET3   ESMX_Driver: InitializeP0 extro.
20260917 033438.626 INFO             PET3   ESMX_Driver: InitializeIPDv02p1 intro.
20260917 033438.626 INFO             PET3     >>>ESMX_Driver: entered Initialize (phase=<none>) without valid internal Clock.
20260917 033438.627 INFO             PET3     ESMX_Driver: IInitAdvertise intro.
20260917 033438.628 INFO             PET3       >>>ESMX_Driver: entered Initialize (phase=<none>) with current time: 2012 10 24  8  0  0   0
20260917 033438.628 INFO             PET3       <<<ESMX_Driver: leaving Initialize (phase=<none>) with current time: 2012 10 24  8  0  0   0
20260917 033438.628 INFO             PET3     ESMX_Driver: IInitAdvertise extro.
20260917 033438.628 INFO             PET3     ESMX_Driver: IInitAdvertiseFinish intro.
20260917 033438.628 INFO             PET3       >>>ESMX_Driver: entered Initialize (phase=<none>) with current time: 2012 10 24  8  0  0   0
20260917 033438.628 INFO             PET3       <<<ESMX_Driver: leaving Initialize (phase=<none>) with current time: 2012 10 24  8  0  0   0
20260917 033438.628 INFO             PET3     ESMX_Driver: IInitAdvertiseFinish extro.
20260917 033438.628 INFO             PET3     ESMX_Driver: IInitModifyCplLists intro.
20260917 033438.628 INFO             PET3       >>>ESMX_Driver: entered Initialize (phase=<none>) with current time: 2012 10 24  8  0  0   0
20260917 033438.628 INFO             PET3       <<<ESMX_Driver: leaving Initialize (phase=<none>) with current time: 2012 10 24  8  0  0   0
20260917 033438.628 INFO             PET3     ESMX_Driver: IInitModifyCplLists extro.
20260917 033438.628 INFO             PET3     <<<ESMX_Driver: leaving Initialize (phase=<none>) with current time: 2012 10 24  8  0  0   0
20260917 033438.628 INFO             PET3   ESMX_Driver: InitializeIPDv02p1 extro.
20260917 033438.628 INFO             PET3   ESMX_Driver: InitializeIPDv02p3 intro.
20260917 033438.628 INFO             PET3     >>>ESMX_Driver: entered Initialize (phase=<none>) with current time: 2012 10 24  8  0  0   0
20260917 033438.629 INFO             PET3     ESMX_Driver: IInitCheck intro.
20260917 033438.629 INFO             PET3       >>>ESMX_Driver: entered Initialize (phase=<none>) with current time: 2012 10 24  8  0  0   0
20260917 033438.629 INFO             PET3       <<<ESMX_Driver: leaving Initialize (phase=<none>) with current time: 2012 10 24  8  0  0   0
20260917 033438.629 INFO             PET3     ESMX_Driver: IInitCheck extro.
20260917 033438.635 INFO             PET3     ESMX_Driver: IInitRealize intro.
20260917 033438.635 INFO             PET3       >>>ESMX_Driver: entered Initialize (phase=<none>) with current time: 2012 10 24  8  0  0   0
20260917 033438.635 INFO             PET3       <<<ESMX_Driver: leaving Initialize (phase=<none>) with current time: 2012 10 24  8  0  0   0
20260917 033438.636 INFO             PET3     ESMX_Driver: IInitRealize extro.
20260917 033438.637 INFO             PET3     <<<ESMX_Driver: leaving Initialize (phase=<none>) with current time: 2012 10 24  8  0  0   0
20260917 033438.637 INFO             PET3   ESMX_Driver: InitializeIPDv02p3 extro.
20260917 033438.637 INFO             PET3   ESMX_Driver: InitializeIPDv02p5 intro.
20260917 033438.637 INFO             PET3     >>>ESMX_Driver: entered Initialize (phase=<none>) with current time: 2012 10 24  8  0  0   0
20260917 033438.637 INFO             PET3     ESMX_Driver: InitializeIPDv02p5Data intro.
20260917 033438.638 INFO             PET3       >>>ESMX_Driver: entered Initialize (phase=<none>) with current time: 2012 10 24  8  0  0   0
20260917 033438.638 INFO             PET3       ESMX_Driver: InternalInitializeComplete intro.
20260917 033438.638 INFO             PET3         >>>ESMX_Driver: entered Initialize (phase=<none>) with current time: 2012 10 24  8  0  0   0
20260917 033438.638 INFO             PET3         <<<ESMX_Driver: leaving Initialize (phase=<none>) with current time: 2012 10 24  8  0  0   0
20260917 033438.638 INFO             PET3       ESMX_Driver: InternalInitializeComplete extro.
20260917 033438.641 INFO             PET3       ESMX_Driver: loopDataDependentInitialize intro.
20260917 033438.641 INFO             PET3         >>>ESMX_Driver: entered Initialize (phase=<none>) with current time: 2012 10 24  8  0  0   0
20260917 033438.645 INFO             PET3         <<<ESMX_Driver: leaving Initialize (phase=<none>) with current time: 2012 10 24  8  0  0   0
20260917 033438.645 INFO             PET3       ESMX_Driver: loopDataDependentInitialize extro.
20260917 033438.645 INFO             PET3       <<<ESMX_Driver: leaving Initialize (phase=<none>) with current time: 2012 10 24  8  0  0   0
20260917 033438.645 INFO             PET3     ESMX_Driver: InitializeIPDv02p5Data extro.
20260917 033438.645 INFO             PET3     <<<ESMX_Driver: leaving Initialize (phase=<none>) with current time: 2012 10 24  8  0  0   0
20260917 033438.645 INFO             PET3   ESMX_Driver: InitializeIPDv02p5 extro.
20260917 033438.645 INFO             PET3   <<<ESMX_Driver: leaving Initialize (phase=<none>) with current time: 2012 10 24  8  0  0   0
20260917 033438.647 INFO             PET3 ESMX_Driver: InitializeGeneric extro.
20260917 033438.647 INFO             PET3 ESMX_Driver: Run intro.
20260917 033438.647 INFO             PET3   >>>ESMX_Driver: entered Run (phase=RunPhase1) with current time: 2012 10 24  8  0  0   0
20260917 033438.648 INFO             PET3   <<<ESMX_Driver: leaving Run (phase=RunPhase1) with current time: 2012 10 24  8  0  0   0
20260917 033438.648 INFO             PET3 ESMX_Driver: Run extro.
20260917 033438.648 INFO             PET3 ESMX_Driver: Finalize intro.
20260917 033438.648 INFO             PET3   >>>ESMX_Driver: entered Finalize (phase=FinalizePhase1) with current time: 2012 10 24  8  0  0   0
20260917 033438.648 INFO             PET3   <<<ESMX_Driver: leaving Finalize (phase=FinalizePhase1) with current time: 2012 10 24  8  0  0   0
20260917 033438.648 INFO             PET3 ESMX_Driver: Finalize extro.
20260917 033438.648 INFO             PET3 =============================================
20260917 033438.648 INFO             PET3 ESMX (Earth System Model eXecutable) FINISHED
20260917 033438.648 INFO             PET3 =============================================
20260917 033438.648 INFO             PET3  Finalizing ESMF
