2026-09-23 01:43:37
20260923 034356.960 INFO             PET0 !!!!!!!!!!!!!!!!!!!!!!!!!!!!!!!!!!!!!!!!!!!!!!!!!!!!!!
20260923 034357.006 INFO             PET0 !!! THE ESMF_LOG IS SET TO OUTPUT ALL LOG MESSAGES !!!
20260923 034357.006 INFO             PET0 !!!     THIS MAY CAUSE SLOWDOWN IN PERFORMANCE     !!!
20260923 034357.006 INFO             PET0 !!! FOR PRODUCTION RUNS, USE:                      !!!
20260923 034357.006 INFO             PET0 !!!                   ESMF_LOGKIND_Multi_On_Error  !!!
20260923 034357.006 INFO             PET0 !!!!!!!!!!!!!!!!!!!!!!!!!!!!!!!!!!!!!!!!!!!!!!!!!!!!!!
20260923 034357.006 INFO             PET0 Running with ESMF Version   : v9.0.0b19
20260923 034357.006 INFO             PET0 ESMF library build date/time: "Sep 23 2026" "01:29:39"
20260923 034357.006 INFO             PET0 ESMF library build location : /usr/local/esmf/esmf-testing/gfortranclang_14.2.0_17.0.0_mpich_g_develop/esmf
20260923 034357.006 INFO             PET0 ESMF_COMM                   : mpich
20260923 034357.007 INFO             PET0 ESMF_MOAB                   : enabled
20260923 034357.007 INFO             PET0 ESMF_LAPACK                 : enabled
20260923 034357.007 INFO             PET0 ESMF_NETCDF                 : enabled
20260923 034357.007 INFO             PET0 ESMF_PNETCDF                : disabled
20260923 034357.007 INFO             PET0 ESMF_PIO                    : enabled
20260923 034357.007 INFO             PET0 ESMF_YAMLCPP                : enabled
20260923 034357.034 INFO             PET0 =============================================
20260923 034357.034 INFO             PET0 ESMX (Earth System Model eXecutable) STARTING
20260923 034357.034 INFO             PET0 =============================================
20260923 034357.059 DEBUG            PET0 Generic SetVM() is executing for: ESMX_Driver
20260923 034357.063 DEBUG            PET0 Generic SetVM() found no NUOPC Hint for: ESMX_Driver
20260923 034357.063 DEBUG            PET0 Generic SetVM() therefore is NOT calling ESMF_GridCompSetVMMaxPEs() for: ESMX_Driver
20260923 034357.079 INFO             PET0 ESMX_Driver: InitializeGeneric intro.
20260923 034357.079 INFO             PET0   >>>ESMX_Driver: entered Initialize (phase=<none>) without valid internal Clock.
20260923 034357.079 INFO             PET0   ESMX_Driver: InitializeP0 intro.
20260923 034357.079 INFO             PET0     >>>ESMX_Driver: entered Initialize (phase=<none>) without valid internal Clock.
20260923 034357.080 INFO             PET0     <<<ESMX_Driver: leaving Initialize (phase=<none>) without valid internal Clock.
20260923 034357.080 INFO             PET0   ESMX_Driver: InitializeP0 extro.
20260923 034357.080 INFO             PET0   ESMX_Driver: InitializeIPDv02p1 intro.
20260923 034357.080 INFO             PET0     >>>ESMX_Driver: entered Initialize (phase=<none>) without valid internal Clock.
20260923 034357.086 INFO             PET0     ESMX_Driver - Creating model component MDL without petList.
20260923 034357.453 DEBUG            PET0     Generic SetVM() is executing for: MDL
20260923 034357.463 DEBUG            PET0     Generic SetVM() found no NUOPC Hint for: MDL
20260923 034357.465 DEBUG            PET0     Generic SetVM() therefore is NOT calling ESMF_GridCompSetVMMaxPEs() for: MDL
20260923 034357.512 INFO             PET0     ESMX_Driver: IInitAdvertise intro.
20260923 034357.513 INFO             PET0       >>>ESMX_Driver: entered Initialize (phase=<none>) with current time: 2012 10 24 18  0  0   0
20260923 034357.513 INFO             PET0       <<<ESMX_Driver: leaving Initialize (phase=<none>) with current time: 2012 10 24 18  0  0   0
20260923 034357.513 INFO             PET0     ESMX_Driver: IInitAdvertise extro.
20260923 034357.513 INFO             PET0     Message from inside C component Advertise() method
20260923 034357.518 INFO             PET0     ESMX_Driver: IInitAdvertiseFinish intro.
20260923 034357.518 INFO             PET0       >>>ESMX_Driver: entered Initialize (phase=<none>) with current time: 2012 10 24 18  0  0   0
20260923 034357.518 INFO             PET0       <<<ESMX_Driver: leaving Initialize (phase=<none>) with current time: 2012 10 24 18  0  0   0
20260923 034357.518 INFO             PET0     ESMX_Driver: IInitAdvertiseFinish extro.
20260923 034357.523 INFO             PET0     ESMX_Driver: IInitModifyCplLists intro.
20260923 034357.523 INFO             PET0       >>>ESMX_Driver: entered Initialize (phase=<none>) with current time: 2012 10 24 18  0  0   0
20260923 034357.523 INFO             PET0       <<<ESMX_Driver: leaving Initialize (phase=<none>) with current time: 2012 10 24 18  0  0   0
20260923 034357.523 INFO             PET0     ESMX_Driver: IInitModifyCplLists extro.
20260923 034357.523 INFO             PET0     <<<ESMX_Driver: leaving Initialize (phase=<none>) with current time: 2012 10 24 18  0  0   0
20260923 034357.523 INFO             PET0   ESMX_Driver: InitializeIPDv02p1 extro.
20260923 034357.526 INFO             PET0   ESMX_Driver: InitializeIPDv02p3 intro.
20260923 034357.526 INFO             PET0     >>>ESMX_Driver: entered Initialize (phase=<none>) with current time: 2012 10 24 18  0  0   0
20260923 034357.526 INFO             PET0     ESMX_Driver: IInitCheck intro.
20260923 034357.527 INFO             PET0       >>>ESMX_Driver: entered Initialize (phase=<none>) with current time: 2012 10 24 18  0  0   0
20260923 034357.527 INFO             PET0       <<<ESMX_Driver: leaving Initialize (phase=<none>) with current time: 2012 10 24 18  0  0   0
20260923 034357.527 INFO             PET0     ESMX_Driver: IInitCheck extro.
20260923 034357.527 INFO             PET0     ESMX_Driver: IInitRealize intro.
20260923 034357.527 INFO             PET0       >>>ESMX_Driver: entered Initialize (phase=<none>) with current time: 2012 10 24 18  0  0   0
20260923 034357.527 INFO             PET0       <<<ESMX_Driver: leaving Initialize (phase=<none>) with current time: 2012 10 24 18  0  0   0
20260923 034357.527 INFO             PET0     ESMX_Driver: IInitRealize extro.
20260923 034357.527 INFO             PET0     <<<ESMX_Driver: leaving Initialize (phase=<none>) with current time: 2012 10 24 18  0  0   0
20260923 034357.527 INFO             PET0   ESMX_Driver: InitializeIPDv02p3 extro.
20260923 034357.527 INFO             PET0   ESMX_Driver: InitializeIPDv02p5 intro.
20260923 034357.527 INFO             PET0     >>>ESMX_Driver: entered Initialize (phase=<none>) with current time: 2012 10 24 18  0  0   0
20260923 034357.527 INFO             PET0     ESMX_Driver: InitializeIPDv02p5Data intro.
20260923 034357.527 INFO             PET0       >>>ESMX_Driver: entered Initialize (phase=<none>) with current time: 2012 10 24 18  0  0   0
20260923 034357.528 INFO             PET0       ESMX_Driver: InternalInitializeComplete intro.
20260923 034357.528 INFO             PET0         >>>ESMX_Driver: entered Initialize (phase=<none>) with current time: 2012 10 24 18  0  0   0
20260923 034357.528 INFO             PET0         <<<ESMX_Driver: leaving Initialize (phase=<none>) with current time: 2012 10 24 18  0  0   0
20260923 034357.528 INFO             PET0       ESMX_Driver: InternalInitializeComplete extro.
20260923 034357.531 INFO             PET0       ESMX_Driver: loopDataDependentInitialize intro.
20260923 034357.531 INFO             PET0         >>>ESMX_Driver: entered Initialize (phase=<none>) with current time: 2012 10 24 18  0  0   0
20260923 034357.531 INFO             PET0         <<<ESMX_Driver: leaving Initialize (phase=<none>) with current time: 2012 10 24 18  0  0   0
20260923 034357.531 INFO             PET0       ESMX_Driver: loopDataDependentInitialize extro.
20260923 034357.531 INFO             PET0       <<<ESMX_Driver: leaving Initialize (phase=<none>) with current time: 2012 10 24 18  0  0   0
20260923 034357.531 INFO             PET0     ESMX_Driver: InitializeIPDv02p5Data extro.
20260923 034357.531 INFO             PET0     <<<ESMX_Driver: leaving Initialize (phase=<none>) with current time: 2012 10 24 18  0  0   0
20260923 034357.531 INFO             PET0   ESMX_Driver: InitializeIPDv02p5 extro.
20260923 034357.531 INFO             PET0   <<<ESMX_Driver: leaving Initialize (phase=<none>) with current time: 2012 10 24 18  0  0   0
20260923 034357.531 INFO             PET0 ESMX_Driver: InitializeGeneric extro.
20260923 034357.531 INFO             PET0 ESMX_Driver: Run intro.
20260923 034357.531 INFO             PET0   >>>ESMX_Driver: entered Run (phase=RunPhase1) with current time: 2012 10 24 18  0  0   0
20260923 034357.537 INFO             PET0   Message from inside C component Advance() method
20260923 034357.537 INFO             PET0   <<<ESMX_Driver: leaving Run (phase=RunPhase1) with current time: 2012 10 24 19  0  0   0
20260923 034357.537 INFO             PET0 ESMX_Driver: Run extro.
20260923 034357.537 INFO             PET0 ESMX_Driver: Finalize intro.
20260923 034357.537 INFO             PET0   >>>ESMX_Driver: entered Finalize (phase=FinalizePhase1) with current time: 2012 10 24 19  0  0   0
20260923 034357.537 INFO             PET0   Calling Finalize phase 1 for modelComp: MDL
20260923 034357.537 INFO             PET0   Delete modelComp: MDL
20260923 034357.537 INFO             PET0   <<<ESMX_Driver: leaving Finalize (phase=FinalizePhase1) with current time: 2012 10 24 19  0  0   0
20260923 034357.537 INFO             PET0 ESMX_Driver: Finalize extro.
20260923 034357.537 INFO             PET0 =============================================
20260923 034357.537 INFO             PET0 ESMX (Earth System Model eXecutable) FINISHED
20260923 034357.537 INFO             PET0 =============================================
20260923 034357.537 INFO             PET0  Finalizing ESMF
20260923 034356.958 INFO             PET1 !!!!!!!!!!!!!!!!!!!!!!!!!!!!!!!!!!!!!!!!!!!!!!!!!!!!!!
20260923 034357.001 INFO             PET1 !!! THE ESMF_LOG IS SET TO OUTPUT ALL LOG MESSAGES !!!
20260923 034357.001 INFO             PET1 !!!     THIS MAY CAUSE SLOWDOWN IN PERFORMANCE     !!!
20260923 034357.001 INFO             PET1 !!! FOR PRODUCTION RUNS, USE:                      !!!
20260923 034357.001 INFO             PET1 !!!                   ESMF_LOGKIND_Multi_On_Error  !!!
20260923 034357.001 INFO             PET1 !!!!!!!!!!!!!!!!!!!!!!!!!!!!!!!!!!!!!!!!!!!!!!!!!!!!!!
20260923 034357.001 INFO             PET1 Running with ESMF Version   : v9.0.0b19
20260923 034357.001 INFO             PET1 ESMF library build date/time: "Sep 23 2026" "01:29:39"
20260923 034357.001 INFO             PET1 ESMF library build location : /usr/local/esmf/esmf-testing/gfortranclang_14.2.0_17.0.0_mpich_g_develop/esmf
20260923 034357.001 INFO             PET1 ESMF_COMM                   : mpich
20260923 034357.001 INFO             PET1 ESMF_MOAB                   : enabled
20260923 034357.001 INFO             PET1 ESMF_LAPACK                 : enabled
20260923 034357.001 INFO             PET1 ESMF_NETCDF                 : enabled
20260923 034357.001 INFO             PET1 ESMF_PNETCDF                : disabled
20260923 034357.001 INFO             PET1 ESMF_PIO                    : enabled
20260923 034357.001 INFO             PET1 ESMF_YAMLCPP                : enabled
20260923 034357.034 INFO             PET1 =============================================
20260923 034357.034 INFO             PET1 ESMX (Earth System Model eXecutable) STARTING
20260923 034357.034 INFO             PET1 =============================================
20260923 034357.059 DEBUG            PET1 Generic SetVM() is executing for: ESMX_Driver
20260923 034357.063 DEBUG            PET1 Generic SetVM() found no NUOPC Hint for: ESMX_Driver
20260923 034357.063 DEBUG            PET1 Generic SetVM() therefore is NOT calling ESMF_GridCompSetVMMaxPEs() for: ESMX_Driver
20260923 034357.079 INFO             PET1 ESMX_Driver: InitializeGeneric intro.
20260923 034357.079 INFO             PET1   >>>ESMX_Driver: entered Initialize (phase=<none>) without valid internal Clock.
20260923 034357.079 INFO             PET1   ESMX_Driver: InitializeP0 intro.
20260923 034357.079 INFO             PET1     >>>ESMX_Driver: entered Initialize (phase=<none>) without valid internal Clock.
20260923 034357.080 INFO             PET1     <<<ESMX_Driver: leaving Initialize (phase=<none>) without valid internal Clock.
20260923 034357.080 INFO             PET1   ESMX_Driver: InitializeP0 extro.
20260923 034357.080 INFO             PET1   ESMX_Driver: InitializeIPDv02p1 intro.
20260923 034357.080 INFO             PET1     >>>ESMX_Driver: entered Initialize (phase=<none>) without valid internal Clock.
20260923 034357.086 INFO             PET1     ESMX_Driver - Creating model component MDL without petList.
20260923 034357.464 DEBUG            PET1     Generic SetVM() is executing for: MDL
20260923 034357.468 DEBUG            PET1     Generic SetVM() found no NUOPC Hint for: MDL
20260923 034357.468 DEBUG            PET1     Generic SetVM() therefore is NOT calling ESMF_GridCompSetVMMaxPEs() for: MDL
20260923 034357.512 INFO             PET1     ESMX_Driver: IInitAdvertise intro.
20260923 034357.513 INFO             PET1       >>>ESMX_Driver: entered Initialize (phase=<none>) with current time: 2012 10 24 18  0  0   0
20260923 034357.514 INFO             PET1       <<<ESMX_Driver: leaving Initialize (phase=<none>) with current time: 2012 10 24 18  0  0   0
20260923 034357.514 INFO             PET1     ESMX_Driver: IInitAdvertise extro.
20260923 034357.515 INFO             PET1     Message from inside C component Advertise() method
20260923 034357.522 INFO             PET1     ESMX_Driver: IInitAdvertiseFinish intro.
20260923 034357.522 INFO             PET1       >>>ESMX_Driver: entered Initialize (phase=<none>) with current time: 2012 10 24 18  0  0   0
20260923 034357.522 INFO             PET1       <<<ESMX_Driver: leaving Initialize (phase=<none>) with current time: 2012 10 24 18  0  0   0
20260923 034357.522 INFO             PET1     ESMX_Driver: IInitAdvertiseFinish extro.
20260923 034357.522 INFO             PET1     ESMX_Driver: IInitModifyCplLists intro.
20260923 034357.522 INFO             PET1       >>>ESMX_Driver: entered Initialize (phase=<none>) with current time: 2012 10 24 18  0  0   0
20260923 034357.523 INFO             PET1       <<<ESMX_Driver: leaving Initialize (phase=<none>) with current time: 2012 10 24 18  0  0   0
20260923 034357.523 INFO             PET1     ESMX_Driver: IInitModifyCplLists extro.
20260923 034357.523 INFO             PET1     <<<ESMX_Driver: leaving Initialize (phase=<none>) with current time: 2012 10 24 18  0  0   0
20260923 034357.523 INFO             PET1   ESMX_Driver: InitializeIPDv02p1 extro.
20260923 034357.523 INFO             PET1   ESMX_Driver: InitializeIPDv02p3 intro.
20260923 034357.523 INFO             PET1     >>>ESMX_Driver: entered Initialize (phase=<none>) with current time: 2012 10 24 18  0  0   0
20260923 034357.523 INFO             PET1     ESMX_Driver: IInitCheck intro.
20260923 034357.523 INFO             PET1       >>>ESMX_Driver: entered Initialize (phase=<none>) with current time: 2012 10 24 18  0  0   0
20260923 034357.523 INFO             PET1       <<<ESMX_Driver: leaving Initialize (phase=<none>) with current time: 2012 10 24 18  0  0   0
20260923 034357.523 INFO             PET1     ESMX_Driver: IInitCheck extro.
20260923 034357.523 INFO             PET1     ESMX_Driver: IInitRealize intro.
20260923 034357.523 INFO             PET1       >>>ESMX_Driver: entered Initialize (phase=<none>) with current time: 2012 10 24 18  0  0   0
20260923 034357.523 INFO             PET1       <<<ESMX_Driver: leaving Initialize (phase=<none>) with current time: 2012 10 24 18  0  0   0
20260923 034357.523 INFO             PET1     ESMX_Driver: IInitRealize extro.
20260923 034357.527 INFO             PET1     <<<ESMX_Driver: leaving Initialize (phase=<none>) with current time: 2012 10 24 18  0  0   0
20260923 034357.527 INFO             PET1   ESMX_Driver: InitializeIPDv02p3 extro.
20260923 034357.527 INFO             PET1   ESMX_Driver: InitializeIPDv02p5 intro.
20260923 034357.528 INFO             PET1     >>>ESMX_Driver: entered Initialize (phase=<none>) with current time: 2012 10 24 18  0  0   0
20260923 034357.528 INFO             PET1     ESMX_Driver: InitializeIPDv02p5Data intro.
20260923 034357.528 INFO             PET1       >>>ESMX_Driver: entered Initialize (phase=<none>) with current time: 2012 10 24 18  0  0   0
20260923 034357.528 INFO             PET1       ESMX_Driver: InternalInitializeComplete intro.
20260923 034357.528 INFO             PET1         >>>ESMX_Driver: entered Initialize (phase=<none>) with current time: 2012 10 24 18  0  0   0
20260923 034357.528 INFO             PET1         <<<ESMX_Driver: leaving Initialize (phase=<none>) with current time: 2012 10 24 18  0  0   0
20260923 034357.528 INFO             PET1       ESMX_Driver: InternalInitializeComplete extro.
20260923 034357.531 INFO             PET1       ESMX_Driver: loopDataDependentInitialize intro.
20260923 034357.531 INFO             PET1         >>>ESMX_Driver: entered Initialize (phase=<none>) with current time: 2012 10 24 18  0  0   0
20260923 034357.531 INFO             PET1         <<<ESMX_Driver: leaving Initialize (phase=<none>) with current time: 2012 10 24 18  0  0   0
20260923 034357.531 INFO             PET1       ESMX_Driver: loopDataDependentInitialize extro.
20260923 034357.531 INFO             PET1       <<<ESMX_Driver: leaving Initialize (phase=<none>) with current time: 2012 10 24 18  0  0   0
20260923 034357.531 INFO             PET1     ESMX_Driver: InitializeIPDv02p5Data extro.
20260923 034357.531 INFO             PET1     <<<ESMX_Driver: leaving Initialize (phase=<none>) with current time: 2012 10 24 18  0  0   0
20260923 034357.531 INFO             PET1   ESMX_Driver: InitializeIPDv02p5 extro.
20260923 034357.531 INFO             PET1   <<<ESMX_Driver: leaving Initialize (phase=<none>) with current time: 2012 10 24 18  0  0   0
20260923 034357.531 INFO             PET1 ESMX_Driver: InitializeGeneric extro.
20260923 034357.531 INFO             PET1 ESMX_Driver: Run intro.
20260923 034357.531 INFO             PET1   >>>ESMX_Driver: entered Run (phase=RunPhase1) with current time: 2012 10 24 18  0  0   0
20260923 034357.537 INFO             PET1   Message from inside C component Advance() method
20260923 034357.537 INFO             PET1   <<<ESMX_Driver: leaving Run (phase=RunPhase1) with current time: 2012 10 24 19  0  0   0
20260923 034357.537 INFO             PET1 ESMX_Driver: Run extro.
20260923 034357.537 INFO             PET1 ESMX_Driver: Finalize intro.
20260923 034357.537 INFO             PET1   >>>ESMX_Driver: entered Finalize (phase=FinalizePhase1) with current time: 2012 10 24 19  0  0   0
20260923 034357.537 INFO             PET1   Calling Finalize phase 1 for modelComp: MDL
20260923 034357.537 INFO             PET1   Delete modelComp: MDL
20260923 034357.537 INFO             PET1   <<<ESMX_Driver: leaving Finalize (phase=FinalizePhase1) with current time: 2012 10 24 19  0  0   0
20260923 034357.537 INFO             PET1 ESMX_Driver: Finalize extro.
20260923 034357.537 INFO             PET1 =============================================
20260923 034357.537 INFO             PET1 ESMX (Earth System Model eXecutable) FINISHED
20260923 034357.537 INFO             PET1 =============================================
20260923 034357.537 INFO             PET1  Finalizing ESMF
20260923 034356.954 INFO             PET2 !!!!!!!!!!!!!!!!!!!!!!!!!!!!!!!!!!!!!!!!!!!!!!!!!!!!!!
20260923 034357.006 INFO             PET2 !!! THE ESMF_LOG IS SET TO OUTPUT ALL LOG MESSAGES !!!
20260923 034357.006 INFO             PET2 !!!     THIS MAY CAUSE SLOWDOWN IN PERFORMANCE     !!!
20260923 034357.006 INFO             PET2 !!! FOR PRODUCTION RUNS, USE:                      !!!
20260923 034357.006 INFO             PET2 !!!                   ESMF_LOGKIND_Multi_On_Error  !!!
20260923 034357.006 INFO             PET2 !!!!!!!!!!!!!!!!!!!!!!!!!!!!!!!!!!!!!!!!!!!!!!!!!!!!!!
20260923 034357.006 INFO             PET2 Running with ESMF Version   : v9.0.0b19
20260923 034357.006 INFO             PET2 ESMF library build date/time: "Sep 23 2026" "01:29:39"
20260923 034357.006 INFO             PET2 ESMF library build location : /usr/local/esmf/esmf-testing/gfortranclang_14.2.0_17.0.0_mpich_g_develop/esmf
20260923 034357.006 INFO             PET2 ESMF_COMM                   : mpich
20260923 034357.006 INFO             PET2 ESMF_MOAB                   : enabled
20260923 034357.006 INFO             PET2 ESMF_LAPACK                 : enabled
20260923 034357.006 INFO             PET2 ESMF_NETCDF                 : enabled
20260923 034357.006 INFO             PET2 ESMF_PNETCDF                : disabled
20260923 034357.006 INFO             PET2 ESMF_PIO                    : enabled
20260923 034357.006 INFO             PET2 ESMF_YAMLCPP                : enabled
20260923 034357.034 INFO             PET2 =============================================
20260923 034357.034 INFO             PET2 ESMX (Earth System Model eXecutable) STARTING
20260923 034357.034 INFO             PET2 =============================================
20260923 034357.059 DEBUG            PET2 Generic SetVM() is executing for: ESMX_Driver
20260923 034357.063 DEBUG            PET2 Generic SetVM() found no NUOPC Hint for: ESMX_Driver
20260923 034357.063 DEBUG            PET2 Generic SetVM() therefore is NOT calling ESMF_GridCompSetVMMaxPEs() for: ESMX_Driver
20260923 034357.079 INFO             PET2 ESMX_Driver: InitializeGeneric intro.
20260923 034357.079 INFO             PET2   >>>ESMX_Driver: entered Initialize (phase=<none>) without valid internal Clock.
20260923 034357.079 INFO             PET2   ESMX_Driver: InitializeP0 intro.
20260923 034357.079 INFO             PET2     >>>ESMX_Driver: entered Initialize (phase=<none>) without valid internal Clock.
20260923 034357.080 INFO             PET2     <<<ESMX_Driver: leaving Initialize (phase=<none>) without valid internal Clock.
20260923 034357.080 INFO             PET2   ESMX_Driver: InitializeP0 extro.
20260923 034357.080 INFO             PET2   ESMX_Driver: InitializeIPDv02p1 intro.
20260923 034357.080 INFO             PET2     >>>ESMX_Driver: entered Initialize (phase=<none>) without valid internal Clock.
20260923 034357.086 INFO             PET2     ESMX_Driver - Creating model component MDL without petList.
20260923 034357.455 DEBUG            PET2     Generic SetVM() is executing for: MDL
20260923 034357.463 DEBUG            PET2     Generic SetVM() found no NUOPC Hint for: MDL
20260923 034357.463 DEBUG            PET2     Generic SetVM() therefore is NOT calling ESMF_GridCompSetVMMaxPEs() for: MDL
20260923 034357.517 INFO             PET2     ESMX_Driver: IInitAdvertise intro.
20260923 034357.517 INFO             PET2       >>>ESMX_Driver: entered Initialize (phase=<none>) with current time: 2012 10 24 18  0  0   0
20260923 034357.517 INFO             PET2       <<<ESMX_Driver: leaving Initialize (phase=<none>) with current time: 2012 10 24 18  0  0   0
20260923 034357.517 INFO             PET2     ESMX_Driver: IInitAdvertise extro.
20260923 034357.517 INFO             PET2     Message from inside C component Advertise() method
20260923 034357.518 INFO             PET2     ESMX_Driver: IInitAdvertiseFinish intro.
20260923 034357.518 INFO             PET2       >>>ESMX_Driver: entered Initialize (phase=<none>) with current time: 2012 10 24 18  0  0   0
20260923 034357.518 INFO             PET2       <<<ESMX_Driver: leaving Initialize (phase=<none>) with current time: 2012 10 24 18  0  0   0
20260923 034357.518 INFO             PET2     ESMX_Driver: IInitAdvertiseFinish extro.
20260923 034357.519 INFO             PET2     ESMX_Driver: IInitModifyCplLists intro.
20260923 034357.519 INFO             PET2       >>>ESMX_Driver: entered Initialize (phase=<none>) with current time: 2012 10 24 18  0  0   0
20260923 034357.520 INFO             PET2       <<<ESMX_Driver: leaving Initialize (phase=<none>) with current time: 2012 10 24 18  0  0   0
20260923 034357.520 INFO             PET2     ESMX_Driver: IInitModifyCplLists extro.
20260923 034357.520 INFO             PET2     <<<ESMX_Driver: leaving Initialize (phase=<none>) with current time: 2012 10 24 18  0  0   0
20260923 034357.520 INFO             PET2   ESMX_Driver: InitializeIPDv02p1 extro.
20260923 034357.520 INFO             PET2   ESMX_Driver: InitializeIPDv02p3 intro.
20260923 034357.520 INFO             PET2     >>>ESMX_Driver: entered Initialize (phase=<none>) with current time: 2012 10 24 18  0  0   0
20260923 034357.520 INFO             PET2     ESMX_Driver: IInitCheck intro.
20260923 034357.520 INFO             PET2       >>>ESMX_Driver: entered Initialize (phase=<none>) with current time: 2012 10 24 18  0  0   0
20260923 034357.523 INFO             PET2       <<<ESMX_Driver: leaving Initialize (phase=<none>) with current time: 2012 10 24 18  0  0   0
20260923 034357.523 INFO             PET2     ESMX_Driver: IInitCheck extro.
20260923 034357.524 INFO             PET2     ESMX_Driver: IInitRealize intro.
20260923 034357.524 INFO             PET2       >>>ESMX_Driver: entered Initialize (phase=<none>) with current time: 2012 10 24 18  0  0   0
20260923 034357.524 INFO             PET2       <<<ESMX_Driver: leaving Initialize (phase=<none>) with current time: 2012 10 24 18  0  0   0
20260923 034357.524 INFO             PET2     ESMX_Driver: IInitRealize extro.
20260923 034357.524 INFO             PET2     <<<ESMX_Driver: leaving Initialize (phase=<none>) with current time: 2012 10 24 18  0  0   0
20260923 034357.524 INFO             PET2   ESMX_Driver: InitializeIPDv02p3 extro.
20260923 034357.528 INFO             PET2   ESMX_Driver: InitializeIPDv02p5 intro.
20260923 034357.528 INFO             PET2     >>>ESMX_Driver: entered Initialize (phase=<none>) with current time: 2012 10 24 18  0  0   0
20260923 034357.528 INFO             PET2     ESMX_Driver: InitializeIPDv02p5Data intro.
20260923 034357.528 INFO             PET2       >>>ESMX_Driver: entered Initialize (phase=<none>) with current time: 2012 10 24 18  0  0   0
20260923 034357.528 INFO             PET2       ESMX_Driver: InternalInitializeComplete intro.
20260923 034357.528 INFO             PET2         >>>ESMX_Driver: entered Initialize (phase=<none>) with current time: 2012 10 24 18  0  0   0
20260923 034357.528 INFO             PET2         <<<ESMX_Driver: leaving Initialize (phase=<none>) with current time: 2012 10 24 18  0  0   0
20260923 034357.528 INFO             PET2       ESMX_Driver: InternalInitializeComplete extro.
20260923 034357.531 INFO             PET2       ESMX_Driver: loopDataDependentInitialize intro.
20260923 034357.531 INFO             PET2         >>>ESMX_Driver: entered Initialize (phase=<none>) with current time: 2012 10 24 18  0  0   0
20260923 034357.531 INFO             PET2         <<<ESMX_Driver: leaving Initialize (phase=<none>) with current time: 2012 10 24 18  0  0   0
20260923 034357.531 INFO             PET2       ESMX_Driver: loopDataDependentInitialize extro.
20260923 034357.531 INFO             PET2       <<<ESMX_Driver: leaving Initialize (phase=<none>) with current time: 2012 10 24 18  0  0   0
20260923 034357.531 INFO             PET2     ESMX_Driver: InitializeIPDv02p5Data extro.
20260923 034357.531 INFO             PET2     <<<ESMX_Driver: leaving Initialize (phase=<none>) with current time: 2012 10 24 18  0  0   0
20260923 034357.531 INFO             PET2   ESMX_Driver: InitializeIPDv02p5 extro.
20260923 034357.531 INFO             PET2   <<<ESMX_Driver: leaving Initialize (phase=<none>) with current time: 2012 10 24 18  0  0   0
20260923 034357.531 INFO             PET2 ESMX_Driver: InitializeGeneric extro.
20260923 034357.531 INFO             PET2 ESMX_Driver: Run intro.
20260923 034357.531 INFO             PET2   >>>ESMX_Driver: entered Run (phase=RunPhase1) with current time: 2012 10 24 18  0  0   0
20260923 034357.537 INFO             PET2   Message from inside C component Advance() method
20260923 034357.537 INFO             PET2   <<<ESMX_Driver: leaving Run (phase=RunPhase1) with current time: 2012 10 24 19  0  0   0
20260923 034357.537 INFO             PET2 ESMX_Driver: Run extro.
20260923 034357.537 INFO             PET2 ESMX_Driver: Finalize intro.
20260923 034357.537 INFO             PET2   >>>ESMX_Driver: entered Finalize (phase=FinalizePhase1) with current time: 2012 10 24 19  0  0   0
20260923 034357.537 INFO             PET2   Calling Finalize phase 1 for modelComp: MDL
20260923 034357.537 INFO             PET2   Delete modelComp: MDL
20260923 034357.537 INFO             PET2   <<<ESMX_Driver: leaving Finalize (phase=FinalizePhase1) with current time: 2012 10 24 19  0  0   0
20260923 034357.537 INFO             PET2 ESMX_Driver: Finalize extro.
20260923 034357.537 INFO             PET2 =============================================
20260923 034357.537 INFO             PET2 ESMX (Earth System Model eXecutable) FINISHED
20260923 034357.537 INFO             PET2 =============================================
20260923 034357.537 INFO             PET2  Finalizing ESMF
20260923 034356.954 INFO             PET3 !!!!!!!!!!!!!!!!!!!!!!!!!!!!!!!!!!!!!!!!!!!!!!!!!!!!!!
20260923 034357.005 INFO             PET3 !!! THE ESMF_LOG IS SET TO OUTPUT ALL LOG MESSAGES !!!
20260923 034357.005 INFO             PET3 !!!     THIS MAY CAUSE SLOWDOWN IN PERFORMANCE     !!!
20260923 034357.005 INFO             PET3 !!! FOR PRODUCTION RUNS, USE:                      !!!
20260923 034357.005 INFO             PET3 !!!                   ESMF_LOGKIND_Multi_On_Error  !!!
20260923 034357.005 INFO             PET3 !!!!!!!!!!!!!!!!!!!!!!!!!!!!!!!!!!!!!!!!!!!!!!!!!!!!!!
20260923 034357.005 INFO             PET3 Running with ESMF Version   : v9.0.0b19
20260923 034357.005 INFO             PET3 ESMF library build date/time: "Sep 23 2026" "01:29:39"
20260923 034357.005 INFO             PET3 ESMF library build location : /usr/local/esmf/esmf-testing/gfortranclang_14.2.0_17.0.0_mpich_g_develop/esmf
20260923 034357.005 INFO             PET3 ESMF_COMM                   : mpich
20260923 034357.006 INFO             PET3 ESMF_MOAB                   : enabled
20260923 034357.006 INFO             PET3 ESMF_LAPACK                 : enabled
20260923 034357.006 INFO             PET3 ESMF_NETCDF                 : enabled
20260923 034357.006 INFO             PET3 ESMF_PNETCDF                : disabled
20260923 034357.006 INFO             PET3 ESMF_PIO                    : enabled
20260923 034357.006 INFO             PET3 ESMF_YAMLCPP                : enabled
20260923 034357.034 INFO             PET3 =============================================
20260923 034357.034 INFO             PET3 ESMX (Earth System Model eXecutable) STARTING
20260923 034357.034 INFO             PET3 =============================================
20260923 034357.059 DEBUG            PET3 Generic SetVM() is executing for: ESMX_Driver
20260923 034357.063 DEBUG            PET3 Generic SetVM() found no NUOPC Hint for: ESMX_Driver
20260923 034357.063 DEBUG            PET3 Generic SetVM() therefore is NOT calling ESMF_GridCompSetVMMaxPEs() for: ESMX_Driver
20260923 034357.081 INFO             PET3 ESMX_Driver: InitializeGeneric intro.
20260923 034357.081 INFO             PET3   >>>ESMX_Driver: entered Initialize (phase=<none>) without valid internal Clock.
20260923 034357.082 INFO             PET3   ESMX_Driver: InitializeP0 intro.
20260923 034357.082 INFO             PET3     >>>ESMX_Driver: entered Initialize (phase=<none>) without valid internal Clock.
20260923 034357.082 INFO             PET3     <<<ESMX_Driver: leaving Initialize (phase=<none>) without valid internal Clock.
20260923 034357.082 INFO             PET3   ESMX_Driver: InitializeP0 extro.
20260923 034357.082 INFO             PET3   ESMX_Driver: InitializeIPDv02p1 intro.
20260923 034357.082 INFO             PET3     >>>ESMX_Driver: entered Initialize (phase=<none>) without valid internal Clock.
20260923 034357.086 INFO             PET3     ESMX_Driver - Creating model component MDL without petList.
20260923 034357.462 DEBUG            PET3     Generic SetVM() is executing for: MDL
20260923 034357.463 DEBUG            PET3     Generic SetVM() found no NUOPC Hint for: MDL
20260923 034357.463 DEBUG            PET3     Generic SetVM() therefore is NOT calling ESMF_GridCompSetVMMaxPEs() for: MDL
20260923 034357.517 INFO             PET3     ESMX_Driver: IInitAdvertise intro.
20260923 034357.517 INFO             PET3       >>>ESMX_Driver: entered Initialize (phase=<none>) with current time: 2012 10 24 18  0  0   0
20260923 034357.517 INFO             PET3       <<<ESMX_Driver: leaving Initialize (phase=<none>) with current time: 2012 10 24 18  0  0   0
20260923 034357.517 INFO             PET3     ESMX_Driver: IInitAdvertise extro.
20260923 034357.517 INFO             PET3     Message from inside C component Advertise() method
20260923 034357.518 INFO             PET3     ESMX_Driver: IInitAdvertiseFinish intro.
20260923 034357.518 INFO             PET3       >>>ESMX_Driver: entered Initialize (phase=<none>) with current time: 2012 10 24 18  0  0   0
20260923 034357.518 INFO             PET3       <<<ESMX_Driver: leaving Initialize (phase=<none>) with current time: 2012 10 24 18  0  0   0
20260923 034357.518 INFO             PET3     ESMX_Driver: IInitAdvertiseFinish extro.
20260923 034357.519 INFO             PET3     ESMX_Driver: IInitModifyCplLists intro.
20260923 034357.519 INFO             PET3       >>>ESMX_Driver: entered Initialize (phase=<none>) with current time: 2012 10 24 18  0  0   0
20260923 034357.523 INFO             PET3       <<<ESMX_Driver: leaving Initialize (phase=<none>) with current time: 2012 10 24 18  0  0   0
20260923 034357.523 INFO             PET3     ESMX_Driver: IInitModifyCplLists extro.
20260923 034357.524 INFO             PET3     <<<ESMX_Driver: leaving Initialize (phase=<none>) with current time: 2012 10 24 18  0  0   0
20260923 034357.524 INFO             PET3   ESMX_Driver: InitializeIPDv02p1 extro.
20260923 034357.524 INFO             PET3   ESMX_Driver: InitializeIPDv02p3 intro.
20260923 034357.524 INFO             PET3     >>>ESMX_Driver: entered Initialize (phase=<none>) with current time: 2012 10 24 18  0  0   0
20260923 034357.524 INFO             PET3     ESMX_Driver: IInitCheck intro.
20260923 034357.525 INFO             PET3       >>>ESMX_Driver: entered Initialize (phase=<none>) with current time: 2012 10 24 18  0  0   0
20260923 034357.525 INFO             PET3       <<<ESMX_Driver: leaving Initialize (phase=<none>) with current time: 2012 10 24 18  0  0   0
20260923 034357.525 INFO             PET3     ESMX_Driver: IInitCheck extro.
20260923 034357.525 INFO             PET3     ESMX_Driver: IInitRealize intro.
20260923 034357.526 INFO             PET3       >>>ESMX_Driver: entered Initialize (phase=<none>) with current time: 2012 10 24 18  0  0   0
20260923 034357.526 INFO             PET3       <<<ESMX_Driver: leaving Initialize (phase=<none>) with current time: 2012 10 24 18  0  0   0
20260923 034357.526 INFO             PET3     ESMX_Driver: IInitRealize extro.
20260923 034357.526 INFO             PET3     <<<ESMX_Driver: leaving Initialize (phase=<none>) with current time: 2012 10 24 18  0  0   0
20260923 034357.526 INFO             PET3   ESMX_Driver: InitializeIPDv02p3 extro.
20260923 034357.527 INFO             PET3   ESMX_Driver: InitializeIPDv02p5 intro.
20260923 034357.527 INFO             PET3     >>>ESMX_Driver: entered Initialize (phase=<none>) with current time: 2012 10 24 18  0  0   0
20260923 034357.527 INFO             PET3     ESMX_Driver: InitializeIPDv02p5Data intro.
20260923 034357.527 INFO             PET3       >>>ESMX_Driver: entered Initialize (phase=<none>) with current time: 2012 10 24 18  0  0   0
20260923 034357.528 INFO             PET3       ESMX_Driver: InternalInitializeComplete intro.
20260923 034357.528 INFO             PET3         >>>ESMX_Driver: entered Initialize (phase=<none>) with current time: 2012 10 24 18  0  0   0
20260923 034357.528 INFO             PET3         <<<ESMX_Driver: leaving Initialize (phase=<none>) with current time: 2012 10 24 18  0  0   0
20260923 034357.528 INFO             PET3       ESMX_Driver: InternalInitializeComplete extro.
20260923 034357.531 INFO             PET3       ESMX_Driver: loopDataDependentInitialize intro.
20260923 034357.531 INFO             PET3         >>>ESMX_Driver: entered Initialize (phase=<none>) with current time: 2012 10 24 18  0  0   0
20260923 034357.531 INFO             PET3         <<<ESMX_Driver: leaving Initialize (phase=<none>) with current time: 2012 10 24 18  0  0   0
20260923 034357.531 INFO             PET3       ESMX_Driver: loopDataDependentInitialize extro.
20260923 034357.531 INFO             PET3       <<<ESMX_Driver: leaving Initialize (phase=<none>) with current time: 2012 10 24 18  0  0   0
20260923 034357.531 INFO             PET3     ESMX_Driver: InitializeIPDv02p5Data extro.
20260923 034357.531 INFO             PET3     <<<ESMX_Driver: leaving Initialize (phase=<none>) with current time: 2012 10 24 18  0  0   0
20260923 034357.531 INFO             PET3   ESMX_Driver: InitializeIPDv02p5 extro.
20260923 034357.531 INFO             PET3   <<<ESMX_Driver: leaving Initialize (phase=<none>) with current time: 2012 10 24 18  0  0   0
20260923 034357.531 INFO             PET3 ESMX_Driver: InitializeGeneric extro.
20260923 034357.531 INFO             PET3 ESMX_Driver: Run intro.
20260923 034357.531 INFO             PET3   >>>ESMX_Driver: entered Run (phase=RunPhase1) with current time: 2012 10 24 18  0  0   0
20260923 034357.537 INFO             PET3   Message from inside C component Advance() method
20260923 034357.537 INFO             PET3   <<<ESMX_Driver: leaving Run (phase=RunPhase1) with current time: 2012 10 24 19  0  0   0
20260923 034357.537 INFO             PET3 ESMX_Driver: Run extro.
20260923 034357.537 INFO             PET3 ESMX_Driver: Finalize intro.
20260923 034357.537 INFO             PET3   >>>ESMX_Driver: entered Finalize (phase=FinalizePhase1) with current time: 2012 10 24 19  0  0   0
20260923 034357.537 INFO             PET3   Calling Finalize phase 1 for modelComp: MDL
20260923 034357.537 INFO             PET3   Delete modelComp: MDL
20260923 034357.537 INFO             PET3   <<<ESMX_Driver: leaving Finalize (phase=FinalizePhase1) with current time: 2012 10 24 19  0  0   0
20260923 034357.537 INFO             PET3 ESMX_Driver: Finalize extro.
20260923 034357.537 INFO             PET3 =============================================
20260923 034357.537 INFO             PET3 ESMX (Earth System Model eXecutable) FINISHED
20260923 034357.537 INFO             PET3 =============================================
20260923 034357.537 INFO             PET3  Finalizing ESMF
