2026-09-05 23:38:02
20260906 001458.456 INFO             PET0 !!!!!!!!!!!!!!!!!!!!!!!!!!!!!!!!!!!!!!!!!!!!!!!!!!!!!!
20260906 001458.456 INFO             PET0 !!! THE ESMF_LOG IS SET TO OUTPUT ALL LOG MESSAGES !!!
20260906 001458.456 INFO             PET0 !!!     THIS MAY CAUSE SLOWDOWN IN PERFORMANCE     !!!
20260906 001458.456 INFO             PET0 !!! FOR PRODUCTION RUNS, USE:                      !!!
20260906 001458.456 INFO             PET0 !!!                   ESMF_LOGKIND_Multi_On_Error  !!!
20260906 001458.456 INFO             PET0 !!!!!!!!!!!!!!!!!!!!!!!!!!!!!!!!!!!!!!!!!!!!!!!!!!!!!!
20260906 001458.456 INFO             PET0 Running with ESMF Version   : feature/esmx-cmake+gdd1288b46b
20260906 001458.457 INFO             PET0 ESMF library build date/time: "Sep  5 2026" "23:35:16"
20260906 001458.458 INFO             PET0 ESMF library build location : /scratch3/NCEPDEV/stmp/Gerhard.Theurich/ESMF-Nightly-Testing-Hera/intel_2023.2.0_mpiuni_O_feature_esmx-cmake/esmf
20260906 001458.458 INFO             PET0 ESMF_COMM                   : mpiuni
20260906 001458.458 INFO             PET0 ESMF_MOAB                   : enabled
20260906 001458.458 INFO             PET0 ESMF_LAPACK                 : enabled
20260906 001458.458 INFO             PET0 ESMF_NETCDF                 : enabled
20260906 001458.458 INFO             PET0 ESMF_PNETCDF                : disabled
20260906 001458.458 INFO             PET0 ESMF_PIO                    : enabled
20260906 001458.458 INFO             PET0 ESMF_YAMLCPP                : enabled
20260906 001458.461 INFO             PET0 Log Write 2
20260906 001458.462 ERROR            PET0 Invalid object  - Convergence failure
20260906 001458.464 ERROR            PET0 ESMCI_Time.C:866 ESMCI::Time::syncToRealTime() Wrong argument specified  - ; calkindflag is NOCALENDAR. Only GREGORIAN and JULIAN are supported when syncing to real time.
20260906 001458.465 ERROR            PET0 ESMF_Time.F90:1495 ESMF_TimeSyncToRealTime() Wrong argument specified  - Internal subroutine call returned Error
20260906 001458.465 ERROR            PET0 Wrong argument specified  - getting wall clock time
20260906 001458.471 INFO             PET0  NUMBER_OF_PROCESSORS           1
20260906 001458.472 INFO             PET0  PASS  Example ESMF_LogErrEx, ESMF_LogErrEx.F90, line 186
20260906 001458.472 INFO             PET0  Finalizing ESMF
