2026-09-01 16:13:28
20260901 170916.604 INFO             PET0 !!!!!!!!!!!!!!!!!!!!!!!!!!!!!!!!!!!!!!!!!!!!!!!!!!!!!!
20260901 170916.605 INFO             PET0 !!! THE ESMF_LOG IS SET TO OUTPUT ALL LOG MESSAGES !!!
20260901 170916.605 INFO             PET0 !!!     THIS MAY CAUSE SLOWDOWN IN PERFORMANCE     !!!
20260901 170916.605 INFO             PET0 !!! FOR PRODUCTION RUNS, USE:                      !!!
20260901 170916.605 INFO             PET0 !!!                   ESMF_LOGKIND_Multi_On_Error  !!!
20260901 170916.605 INFO             PET0 !!!!!!!!!!!!!!!!!!!!!!!!!!!!!!!!!!!!!!!!!!!!!!!!!!!!!!
20260901 170916.605 INFO             PET0 Running with ESMF Version   : fix/esmx-data-internal-state+g8c62426d6f
20260901 170916.605 INFO             PET0 ESMF library build date/time: "Sep  1 2026" "16:10:42"
20260901 170916.605 INFO             PET0 ESMF library build location : /scratch3/NCEPDEV/stmp/Gerhard.Theurich/ESMF-Nightly-Testing-Hera/intel_2023.2.0-oneAPI_intelmpi_O_fix_esmx-data-internal-state/esmf
20260901 170916.605 INFO             PET0 ESMF_COMM                   : intelmpi
20260901 170916.605 INFO             PET0 ESMF_MOAB                   : enabled
20260901 170916.605 INFO             PET0 ESMF_LAPACK                 : enabled
20260901 170916.605 INFO             PET0 ESMF_NETCDF                 : enabled
20260901 170916.605 INFO             PET0 ESMF_PNETCDF                : disabled
20260901 170916.605 INFO             PET0 ESMF_PIO                    : enabled
20260901 170916.605 INFO             PET0 ESMF_YAMLCPP                : enabled
20260901 170916.610 INFO             PET0  NUMBER_OF_PROCESSORS           1
20260901 170916.610 INFO             PET0  PASS  Example ESMF_XGridSparseMatEx, ESMF_XGridSparseMatEx.F90, line 642
20260901 170916.610 INFO             PET0  Finalizing ESMF
