2026-09-18 07:48:17
20260918 085602.504 INFO             PET0 !!!!!!!!!!!!!!!!!!!!!!!!!!!!!!!!!!!!!!!!!!!!!!!!!!!!!!
20260918 085602.504 INFO             PET0 !!! THE ESMF_LOG IS SET TO OUTPUT ALL LOG MESSAGES !!!
20260918 085602.504 INFO             PET0 !!!     THIS MAY CAUSE SLOWDOWN IN PERFORMANCE     !!!
20260918 085602.504 INFO             PET0 !!! FOR PRODUCTION RUNS, USE:                      !!!
20260918 085602.504 INFO             PET0 !!!                   ESMF_LOGKIND_Multi_On_Error  !!!
20260918 085602.504 INFO             PET0 !!!!!!!!!!!!!!!!!!!!!!!!!!!!!!!!!!!!!!!!!!!!!!!!!!!!!!
20260918 085602.504 INFO             PET0 Running with ESMF Version   : develop+gb6b90e9e0c
20260918 085602.504 INFO             PET0 ESMF library build date/time: "Sep 18 2026" "07:43:57"
20260918 085602.504 INFO             PET0 ESMF library build location : /scratch3/NCEPDEV/stmp/Gerhard.Theurich/ESMF-Nightly-Testing-Hera/nvhpc_24.1_mpiuni_O_develop/esmf
20260918 085602.504 INFO             PET0 ESMF_COMM                   : mpiuni
20260918 085602.505 INFO             PET0 ESMF_MOAB                   : enabled
20260918 085602.505 INFO             PET0 ESMF_LAPACK                 : enabled
20260918 085602.505 INFO             PET0 ESMF_NETCDF                 : disabled
20260918 085602.505 INFO             PET0 ESMF_PNETCDF                : disabled
20260918 085602.505 INFO             PET0 ESMF_PIO                    : disabled
20260918 085602.505 INFO             PET0 ESMF_YAMLCPP                : enabled
20260918 085602.510 INFO             PET0 ESMF_FieldRedistStoreNF(): Just entered routine.
20260918 085602.757 INFO             PET0 ESMF_FieldRedistStoreNF(): Leaving routine.
20260918 085602.765 INFO             PET0  NUMBER_OF_PROCESSORS            1
20260918 085602.766 INFO             PET0  PASS  Example ESMF_RHandleFromFileEx, ESMF_RHandleFromFileEx.F90, line 192
20260918 085602.766 INFO             PET0  Finalizing ESMF
