2026-09-06 23:41:36
20260907 001951.544 INFO             PET0 !!!!!!!!!!!!!!!!!!!!!!!!!!!!!!!!!!!!!!!!!!!!!!!!!!!!!!
20260907 001951.544 INFO             PET0 !!! THE ESMF_LOG IS SET TO OUTPUT ALL LOG MESSAGES !!!
20260907 001951.544 INFO             PET0 !!!     THIS MAY CAUSE SLOWDOWN IN PERFORMANCE     !!!
20260907 001951.544 INFO             PET0 !!! FOR PRODUCTION RUNS, USE:                      !!!
20260907 001951.544 INFO             PET0 !!!                   ESMF_LOGKIND_Multi_On_Error  !!!
20260907 001951.544 INFO             PET0 !!!!!!!!!!!!!!!!!!!!!!!!!!!!!!!!!!!!!!!!!!!!!!!!!!!!!!
20260907 001951.544 INFO             PET0 Running with ESMF Version   : feature/esmx-cmake+gdd1288b46b
20260907 001951.544 INFO             PET0 ESMF library build date/time: "Sep  6 2026" "23:39:04"
20260907 001951.544 INFO             PET0 ESMF library build location : /scratch3/NCEPDEV/stmp/Gerhard.Theurich/ESMF-Nightly-Testing-Hera/intel_2023.2.0-oneAPI_mpiuni_O_feature_esmx-cmake/esmf
20260907 001951.544 INFO             PET0 ESMF_COMM                   : mpiuni
20260907 001951.545 INFO             PET0 ESMF_MOAB                   : enabled
20260907 001951.545 INFO             PET0 ESMF_LAPACK                 : enabled
20260907 001951.545 INFO             PET0 ESMF_NETCDF                 : enabled
20260907 001951.545 INFO             PET0 ESMF_PNETCDF                : disabled
20260907 001951.545 INFO             PET0 ESMF_PIO                    : enabled
20260907 001951.545 INFO             PET0 ESMF_YAMLCPP                : enabled
20260907 001951.548 INFO             PET0  NUMBER_OF_PROCESSORS           1
20260907 001951.548 INFO             PET0  PASS  Example ESMF_FieldBundleCreateEx, ESMF_FieldBundleCreateEx.F90, line 561
20260907 001951.548 INFO             PET0  Finalizing ESMF
