2026-09-05 23:39:11
20260906 001815.524 INFO             PET0 !!!!!!!!!!!!!!!!!!!!!!!!!!!!!!!!!!!!!!!!!!!!!!!!!!!!!!
20260906 001815.524 INFO             PET0 !!! THE ESMF_LOG IS SET TO OUTPUT ALL LOG MESSAGES !!!
20260906 001815.524 INFO             PET0 !!!     THIS MAY CAUSE SLOWDOWN IN PERFORMANCE     !!!
20260906 001815.524 INFO             PET0 !!! FOR PRODUCTION RUNS, USE:                      !!!
20260906 001815.524 INFO             PET0 !!!                   ESMF_LOGKIND_Multi_On_Error  !!!
20260906 001815.524 INFO             PET0 !!!!!!!!!!!!!!!!!!!!!!!!!!!!!!!!!!!!!!!!!!!!!!!!!!!!!!
20260906 001815.524 INFO             PET0 Running with ESMF Version   : feature/esmx-cmake+gdd1288b46b
20260906 001815.524 INFO             PET0 ESMF library build date/time: "Sep  5 2026" "23:36:42"
20260906 001815.524 INFO             PET0 ESMF library build location : /scratch3/NCEPDEV/stmp/Gerhard.Theurich/ESMF-Nightly-Testing-Hera/intel_2023.2.0-oneAPI_mpiuni_O_feature_esmx-cmake/esmf
20260906 001815.524 INFO             PET0 ESMF_COMM                   : mpiuni
20260906 001815.525 INFO             PET0 ESMF_MOAB                   : enabled
20260906 001815.525 INFO             PET0 ESMF_LAPACK                 : enabled
20260906 001815.525 INFO             PET0 ESMF_NETCDF                 : enabled
20260906 001815.525 INFO             PET0 ESMF_PNETCDF                : disabled
20260906 001815.525 INFO             PET0 ESMF_PIO                    : enabled
20260906 001815.525 INFO             PET0 ESMF_YAMLCPP                : enabled
20260906 001815.541 INFO             PET0  NUMBER_OF_PROCESSORS           1
20260906 001815.541 INFO             PET0  PASS  Example ESMF_NUOPCBasicModelEx, ESMF_NUOPCBasicModelEx.F90, line 339
20260906 001815.541 INFO             PET0  Finalizing ESMF
