2026-09-01 21:48:13
20260901 231939.448 INFO             PET0 !!!!!!!!!!!!!!!!!!!!!!!!!!!!!!!!!!!!!!!!!!!!!!!!!!!!!!
20260901 231939.448 INFO             PET0 !!! THE ESMF_LOG IS SET TO OUTPUT ALL LOG MESSAGES !!!
20260901 231939.448 INFO             PET0 !!!     THIS MAY CAUSE SLOWDOWN IN PERFORMANCE     !!!
20260901 231939.448 INFO             PET0 !!! FOR PRODUCTION RUNS, USE:                      !!!
20260901 231939.448 INFO             PET0 !!!                   ESMF_LOGKIND_Multi_On_Error  !!!
20260901 231939.448 INFO             PET0 !!!!!!!!!!!!!!!!!!!!!!!!!!!!!!!!!!!!!!!!!!!!!!!!!!!!!!
20260901 231939.448 INFO             PET0 Running with ESMF Version   : fix/esmx-data-internal-state+g253b1dc64d
20260901 231939.448 INFO             PET0 ESMF library build date/time: "Sep  1 2026" "21:43:51"
20260901 231939.448 INFO             PET0 ESMF library build location : /scratch3/NCEPDEV/stmp/Gerhard.Theurich/ESMF-Nightly-Testing-Hera/nvhpc_24.1_openmpi_g_fix_esmx-data-internal-state/esmf
20260901 231939.448 INFO             PET0 ESMF_COMM                   : openmpi
20260901 231939.449 INFO             PET0 ESMF_MOAB                   : enabled
20260901 231939.449 INFO             PET0 ESMF_LAPACK                 : enabled
20260901 231939.449 INFO             PET0 ESMF_NETCDF                 : disabled
20260901 231939.449 INFO             PET0 ESMF_PNETCDF                : disabled
20260901 231939.449 INFO             PET0 ESMF_PIO                    : disabled
20260901 231939.449 INFO             PET0 ESMF_YAMLCPP                : enabled
20260901 231939.451 ERROR            PET0 ESMCI_Info.C:1289 Info::set(<json>) Cannot set value  - Error/Return Code 540 (ESMC_RC_CANNOT_SET) - Key '/myIntegerKey' already in map and force=false.
20260901 231939.452 ERROR            PET0 ESMCI_Info.C:1292 Info::set(<json>) Cannot set value  - Internal subroutine call returned Error
20260901 231939.452 ERROR            PET0 ESMCI_Info.C:1334 Info::set(<json>) Cannot set value  - Internal subroutine call returned Error
20260901 231939.452 ERROR            PET0 ESMCI_Info.C:1337 Info::set(<json>) Cannot set value  - Internal subroutine call returned Error
20260901 231939.453 ERROR            PET0 ESMCI_Info.C:1385 Info::set(<scalar>) Cannot set value  - Internal subroutine call returned Error
20260901 231939.455 ERROR            PET0 ESMC_InfoCDefGeneric.C:387 ESMC_InfoSetI4() Cannot set value  - Internal subroutine call returned Error
20260901 231939.455 ERROR            PET0 ESMF_Info.F90:2937 ESMF_InfoSetI4() Cannot set value  - Internal subroutine call returned Error
20260901 231939.457 INFO             PET0  NUMBER_OF_PROCESSORS            4
20260901 231939.457 INFO             PET0  PASS  Example ESMF_InfoTutorialEx, ESMF_InfoTutorialEx.F90, line 335
20260901 231939.457 INFO             PET0  Finalizing ESMF
20260901 231939.447 INFO             PET1 !!!!!!!!!!!!!!!!!!!!!!!!!!!!!!!!!!!!!!!!!!!!!!!!!!!!!!
20260901 231939.447 INFO             PET1 !!! THE ESMF_LOG IS SET TO OUTPUT ALL LOG MESSAGES !!!
20260901 231939.447 INFO             PET1 !!!     THIS MAY CAUSE SLOWDOWN IN PERFORMANCE     !!!
20260901 231939.447 INFO             PET1 !!! FOR PRODUCTION RUNS, USE:                      !!!
20260901 231939.447 INFO             PET1 !!!                   ESMF_LOGKIND_Multi_On_Error  !!!
20260901 231939.447 INFO             PET1 !!!!!!!!!!!!!!!!!!!!!!!!!!!!!!!!!!!!!!!!!!!!!!!!!!!!!!
20260901 231939.447 INFO             PET1 Running with ESMF Version   : fix/esmx-data-internal-state+g253b1dc64d
20260901 231939.447 INFO             PET1 ESMF library build date/time: "Sep  1 2026" "21:43:51"
20260901 231939.447 INFO             PET1 ESMF library build location : /scratch3/NCEPDEV/stmp/Gerhard.Theurich/ESMF-Nightly-Testing-Hera/nvhpc_24.1_openmpi_g_fix_esmx-data-internal-state/esmf
20260901 231939.447 INFO             PET1 ESMF_COMM                   : openmpi
20260901 231939.448 INFO             PET1 ESMF_MOAB                   : enabled
20260901 231939.448 INFO             PET1 ESMF_LAPACK                 : enabled
20260901 231939.448 INFO             PET1 ESMF_NETCDF                 : disabled
20260901 231939.448 INFO             PET1 ESMF_PNETCDF                : disabled
20260901 231939.448 INFO             PET1 ESMF_PIO                    : disabled
20260901 231939.448 INFO             PET1 ESMF_YAMLCPP                : enabled
20260901 231939.451 ERROR            PET1 ESMCI_Info.C:1289 Info::set(<json>) Cannot set value  - Error/Return Code 540 (ESMC_RC_CANNOT_SET) - Key '/myIntegerKey' already in map and force=false.
20260901 231939.452 ERROR            PET1 ESMCI_Info.C:1292 Info::set(<json>) Cannot set value  - Internal subroutine call returned Error
20260901 231939.452 ERROR            PET1 ESMCI_Info.C:1334 Info::set(<json>) Cannot set value  - Internal subroutine call returned Error
20260901 231939.452 ERROR            PET1 ESMCI_Info.C:1337 Info::set(<json>) Cannot set value  - Internal subroutine call returned Error
20260901 231939.453 ERROR            PET1 ESMCI_Info.C:1385 Info::set(<scalar>) Cannot set value  - Internal subroutine call returned Error
20260901 231939.455 ERROR            PET1 ESMC_InfoCDefGeneric.C:387 ESMC_InfoSetI4() Cannot set value  - Internal subroutine call returned Error
20260901 231939.455 ERROR            PET1 ESMF_Info.F90:2937 ESMF_InfoSetI4() Cannot set value  - Internal subroutine call returned Error
20260901 231939.457 INFO             PET1  NUMBER_OF_PROCESSORS            4
20260901 231939.457 INFO             PET1  PASS  Example ESMF_InfoTutorialEx, ESMF_InfoTutorialEx.F90, line 335
20260901 231939.457 INFO             PET1  Finalizing ESMF
20260901 231939.448 INFO             PET2 !!!!!!!!!!!!!!!!!!!!!!!!!!!!!!!!!!!!!!!!!!!!!!!!!!!!!!
20260901 231939.448 INFO             PET2 !!! THE ESMF_LOG IS SET TO OUTPUT ALL LOG MESSAGES !!!
20260901 231939.448 INFO             PET2 !!!     THIS MAY CAUSE SLOWDOWN IN PERFORMANCE     !!!
20260901 231939.448 INFO             PET2 !!! FOR PRODUCTION RUNS, USE:                      !!!
20260901 231939.448 INFO             PET2 !!!                   ESMF_LOGKIND_Multi_On_Error  !!!
20260901 231939.448 INFO             PET2 !!!!!!!!!!!!!!!!!!!!!!!!!!!!!!!!!!!!!!!!!!!!!!!!!!!!!!
20260901 231939.448 INFO             PET2 Running with ESMF Version   : fix/esmx-data-internal-state+g253b1dc64d
20260901 231939.448 INFO             PET2 ESMF library build date/time: "Sep  1 2026" "21:43:51"
20260901 231939.448 INFO             PET2 ESMF library build location : /scratch3/NCEPDEV/stmp/Gerhard.Theurich/ESMF-Nightly-Testing-Hera/nvhpc_24.1_openmpi_g_fix_esmx-data-internal-state/esmf
20260901 231939.448 INFO             PET2 ESMF_COMM                   : openmpi
20260901 231939.448 INFO             PET2 ESMF_MOAB                   : enabled
20260901 231939.448 INFO             PET2 ESMF_LAPACK                 : enabled
20260901 231939.448 INFO             PET2 ESMF_NETCDF                 : disabled
20260901 231939.448 INFO             PET2 ESMF_PNETCDF                : disabled
20260901 231939.448 INFO             PET2 ESMF_PIO                    : disabled
20260901 231939.448 INFO             PET2 ESMF_YAMLCPP                : enabled
20260901 231939.451 ERROR            PET2 ESMCI_Info.C:1289 Info::set(<json>) Cannot set value  - Error/Return Code 540 (ESMC_RC_CANNOT_SET) - Key '/myIntegerKey' already in map and force=false.
20260901 231939.452 ERROR            PET2 ESMCI_Info.C:1292 Info::set(<json>) Cannot set value  - Internal subroutine call returned Error
20260901 231939.452 ERROR            PET2 ESMCI_Info.C:1334 Info::set(<json>) Cannot set value  - Internal subroutine call returned Error
20260901 231939.452 ERROR            PET2 ESMCI_Info.C:1337 Info::set(<json>) Cannot set value  - Internal subroutine call returned Error
20260901 231939.453 ERROR            PET2 ESMCI_Info.C:1385 Info::set(<scalar>) Cannot set value  - Internal subroutine call returned Error
20260901 231939.455 ERROR            PET2 ESMC_InfoCDefGeneric.C:387 ESMC_InfoSetI4() Cannot set value  - Internal subroutine call returned Error
20260901 231939.455 ERROR            PET2 ESMF_Info.F90:2937 ESMF_InfoSetI4() Cannot set value  - Internal subroutine call returned Error
20260901 231939.457 INFO             PET2  NUMBER_OF_PROCESSORS            4
20260901 231939.457 INFO             PET2  PASS  Example ESMF_InfoTutorialEx, ESMF_InfoTutorialEx.F90, line 335
20260901 231939.457 INFO             PET2  Finalizing ESMF
20260901 231939.447 INFO             PET3 !!!!!!!!!!!!!!!!!!!!!!!!!!!!!!!!!!!!!!!!!!!!!!!!!!!!!!
20260901 231939.447 INFO             PET3 !!! THE ESMF_LOG IS SET TO OUTPUT ALL LOG MESSAGES !!!
20260901 231939.447 INFO             PET3 !!!     THIS MAY CAUSE SLOWDOWN IN PERFORMANCE     !!!
20260901 231939.447 INFO             PET3 !!! FOR PRODUCTION RUNS, USE:                      !!!
20260901 231939.447 INFO             PET3 !!!                   ESMF_LOGKIND_Multi_On_Error  !!!
20260901 231939.447 INFO             PET3 !!!!!!!!!!!!!!!!!!!!!!!!!!!!!!!!!!!!!!!!!!!!!!!!!!!!!!
20260901 231939.447 INFO             PET3 Running with ESMF Version   : fix/esmx-data-internal-state+g253b1dc64d
20260901 231939.447 INFO             PET3 ESMF library build date/time: "Sep  1 2026" "21:43:51"
20260901 231939.447 INFO             PET3 ESMF library build location : /scratch3/NCEPDEV/stmp/Gerhard.Theurich/ESMF-Nightly-Testing-Hera/nvhpc_24.1_openmpi_g_fix_esmx-data-internal-state/esmf
20260901 231939.448 INFO             PET3 ESMF_COMM                   : openmpi
20260901 231939.448 INFO             PET3 ESMF_MOAB                   : enabled
20260901 231939.448 INFO             PET3 ESMF_LAPACK                 : enabled
20260901 231939.448 INFO             PET3 ESMF_NETCDF                 : disabled
20260901 231939.448 INFO             PET3 ESMF_PNETCDF                : disabled
20260901 231939.448 INFO             PET3 ESMF_PIO                    : disabled
20260901 231939.448 INFO             PET3 ESMF_YAMLCPP                : enabled
20260901 231939.451 ERROR            PET3 ESMCI_Info.C:1289 Info::set(<json>) Cannot set value  - Error/Return Code 540 (ESMC_RC_CANNOT_SET) - Key '/myIntegerKey' already in map and force=false.
20260901 231939.452 ERROR            PET3 ESMCI_Info.C:1292 Info::set(<json>) Cannot set value  - Internal subroutine call returned Error
20260901 231939.452 ERROR            PET3 ESMCI_Info.C:1334 Info::set(<json>) Cannot set value  - Internal subroutine call returned Error
20260901 231939.452 ERROR            PET3 ESMCI_Info.C:1337 Info::set(<json>) Cannot set value  - Internal subroutine call returned Error
20260901 231939.453 ERROR            PET3 ESMCI_Info.C:1385 Info::set(<scalar>) Cannot set value  - Internal subroutine call returned Error
20260901 231939.455 ERROR            PET3 ESMC_InfoCDefGeneric.C:387 ESMC_InfoSetI4() Cannot set value  - Internal subroutine call returned Error
20260901 231939.455 ERROR            PET3 ESMF_Info.F90:2937 ESMF_InfoSetI4() Cannot set value  - Internal subroutine call returned Error
20260901 231939.457 INFO             PET3  NUMBER_OF_PROCESSORS            4
20260901 231939.457 INFO             PET3  PASS  Example ESMF_InfoTutorialEx, ESMF_InfoTutorialEx.F90, line 335
20260901 231939.457 INFO             PET3  Finalizing ESMF
