2026-09-11 21:53:40
20260911 221656.897 INFO             PET0 !!!!!!!!!!!!!!!!!!!!!!!!!!!!!!!!!!!!!!!!!!!!!!!!!!!!!!
20260911 221656.897 INFO             PET0 !!! THE ESMF_LOG IS SET TO OUTPUT ALL LOG MESSAGES !!!
20260911 221656.897 INFO             PET0 !!!     THIS MAY CAUSE SLOWDOWN IN PERFORMANCE     !!!
20260911 221656.897 INFO             PET0 !!! FOR PRODUCTION RUNS, USE:                      !!!
20260911 221656.897 INFO             PET0 !!!                   ESMF_LOGKIND_Multi_On_Error  !!!
20260911 221656.897 INFO             PET0 !!!!!!!!!!!!!!!!!!!!!!!!!!!!!!!!!!!!!!!!!!!!!!!!!!!!!!
20260911 221656.897 INFO             PET0 Running with ESMF Version   : v9.0.0b18
20260911 221656.897 INFO             PET0 ESMF library build date/time: "Sep 11 2026" "21:52:33"
20260911 221656.897 INFO             PET0 ESMF library build location : /home/gerhard/ESMF-Nightly-Testing/gfortran_11.2.0_mpich_O_develop/esmf
20260911 221656.897 INFO             PET0 ESMF_COMM                   : mpich
20260911 221656.897 INFO             PET0 ESMF_MOAB                   : enabled
20260911 221656.897 INFO             PET0 ESMF_LAPACK                 : enabled
20260911 221656.897 INFO             PET0 ESMF_NETCDF                 : enabled
20260911 221656.897 INFO             PET0 ESMF_PNETCDF                : disabled
20260911 221656.897 INFO             PET0 ESMF_PIO                    : enabled
20260911 221656.897 INFO             PET0 ESMF_YAMLCPP                : enabled
20260911 221656.898 INFO             PET0 =============================================
20260911 221656.898 INFO             PET0 ESMX (Earth System Model eXecutable) STARTING
20260911 221656.898 INFO             PET0 =============================================
20260911 221656.899 DEBUG            PET0 Generic SetVM() is executing for: ESMX_Driver
20260911 221656.899 DEBUG            PET0 Generic SetVM() found no NUOPC Hint for: ESMX_Driver
20260911 221656.899 DEBUG            PET0 Generic SetVM() therefore is NOT calling ESMF_GridCompSetVMMaxPEs() for: ESMX_Driver
20260911 221656.901 INFO             PET0 ESMX_Driver: InitializeGeneric intro.
20260911 221656.901 INFO             PET0   >>>ESMX_Driver: entered Initialize (phase=<none>) without valid internal Clock.
20260911 221656.901 INFO             PET0   ESMX_Driver: InitializeP0 intro.
20260911 221656.901 INFO             PET0     >>>ESMX_Driver: entered Initialize (phase=<none>) without valid internal Clock.
20260911 221656.901 INFO             PET0     <<<ESMX_Driver: leaving Initialize (phase=<none>) without valid internal Clock.
20260911 221656.901 INFO             PET0   ESMX_Driver: InitializeP0 extro.
20260911 221656.901 INFO             PET0   ESMX_Driver: InitializeIPDv02p1 intro.
20260911 221656.901 INFO             PET0     >>>ESMX_Driver: entered Initialize (phase=<none>) without valid internal Clock.
20260911 221656.902 INFO             PET0     ESMX_Driver - Creating model component MDL without petList.
20260911 221656.924 DEBUG            PET0     Generic SetVM() is executing for: MDL
20260911 221656.924 DEBUG            PET0     Generic SetVM() found no NUOPC Hint for: MDL
20260911 221656.924 DEBUG            PET0     Generic SetVM() therefore is NOT calling ESMF_GridCompSetVMMaxPEs() for: MDL
20260911 221656.926 INFO             PET0     ESMX_Driver: IInitAdvertise intro.
20260911 221656.926 INFO             PET0       >>>ESMX_Driver: entered Initialize (phase=<none>) with current time: 2012 10 24 18  0  0   0
20260911 221656.926 INFO             PET0       <<<ESMX_Driver: leaving Initialize (phase=<none>) with current time: 2012 10 24 18  0  0   0
20260911 221656.926 INFO             PET0     ESMX_Driver: IInitAdvertise extro.
20260911 221656.927 INFO             PET0     Message from inside C component Advertise() method
20260911 221657.041 INFO             PET0     include("/home/gerhard/ESMF-Nightly-Testing/gfortran_11.2.0_mpich_O_develop/nuopc-app-prototypes/ESMX_SingleModelInJuliaProto/SiMoCoJulia/simocojulia_model.jl")
20260911 221657.081 INFO             PET0     path to C library: /home/gerhard/ESMF-Nightly-Testing/gfortran_11.2.0_mpich_O_develop/nuopc-app-prototypes/ESMX_SingleModelInJuliaProto/build/SiMoCoJulia/libSiMoCoJulia.so
20260911 221657.081 INFO             PET0     ESMX_Driver: IInitAdvertiseFinish intro.
20260911 221657.081 INFO             PET0       >>>ESMX_Driver: entered Initialize (phase=<none>) with current time: 2012 10 24 18  0  0   0
20260911 221657.081 INFO             PET0       <<<ESMX_Driver: leaving Initialize (phase=<none>) with current time: 2012 10 24 18  0  0   0
20260911 221657.081 INFO             PET0     ESMX_Driver: IInitAdvertiseFinish extro.
20260911 221657.081 INFO             PET0     ESMX_Driver: IInitModifyCplLists intro.
20260911 221657.081 INFO             PET0       >>>ESMX_Driver: entered Initialize (phase=<none>) with current time: 2012 10 24 18  0  0   0
20260911 221657.081 INFO             PET0       <<<ESMX_Driver: leaving Initialize (phase=<none>) with current time: 2012 10 24 18  0  0   0
20260911 221657.081 INFO             PET0     ESMX_Driver: IInitModifyCplLists extro.
20260911 221657.081 INFO             PET0     <<<ESMX_Driver: leaving Initialize (phase=<none>) with current time: 2012 10 24 18  0  0   0
20260911 221657.081 INFO             PET0   ESMX_Driver: InitializeIPDv02p1 extro.
20260911 221657.082 INFO             PET0   ESMX_Driver: InitializeIPDv02p3 intro.
20260911 221657.082 INFO             PET0     >>>ESMX_Driver: entered Initialize (phase=<none>) with current time: 2012 10 24 18  0  0   0
20260911 221657.082 INFO             PET0     ESMX_Driver: IInitCheck intro.
20260911 221657.082 INFO             PET0       >>>ESMX_Driver: entered Initialize (phase=<none>) with current time: 2012 10 24 18  0  0   0
20260911 221657.082 INFO             PET0       <<<ESMX_Driver: leaving Initialize (phase=<none>) with current time: 2012 10 24 18  0  0   0
20260911 221657.082 INFO             PET0     ESMX_Driver: IInitCheck extro.
20260911 221657.082 INFO             PET0     ESMX_Driver: IInitRealize intro.
20260911 221657.082 INFO             PET0       >>>ESMX_Driver: entered Initialize (phase=<none>) with current time: 2012 10 24 18  0  0   0
20260911 221657.082 INFO             PET0       <<<ESMX_Driver: leaving Initialize (phase=<none>) with current time: 2012 10 24 18  0  0   0
20260911 221657.082 INFO             PET0     ESMX_Driver: IInitRealize extro.
20260911 221657.082 INFO             PET0     <<<ESMX_Driver: leaving Initialize (phase=<none>) with current time: 2012 10 24 18  0  0   0
20260911 221657.082 INFO             PET0   ESMX_Driver: InitializeIPDv02p3 extro.
20260911 221657.082 INFO             PET0   ESMX_Driver: InitializeIPDv02p5 intro.
20260911 221657.082 INFO             PET0     >>>ESMX_Driver: entered Initialize (phase=<none>) with current time: 2012 10 24 18  0  0   0
20260911 221657.082 INFO             PET0     ESMX_Driver: InitializeIPDv02p5Data intro.
20260911 221657.082 INFO             PET0       >>>ESMX_Driver: entered Initialize (phase=<none>) with current time: 2012 10 24 18  0  0   0
20260911 221657.082 INFO             PET0       ESMX_Driver: InternalInitializeComplete intro.
20260911 221657.082 INFO             PET0         >>>ESMX_Driver: entered Initialize (phase=<none>) with current time: 2012 10 24 18  0  0   0
20260911 221657.082 INFO             PET0         <<<ESMX_Driver: leaving Initialize (phase=<none>) with current time: 2012 10 24 18  0  0   0
20260911 221657.082 INFO             PET0       ESMX_Driver: InternalInitializeComplete extro.
20260911 221657.083 INFO             PET0       ESMX_Driver: loopDataDependentInitialize intro.
20260911 221657.083 INFO             PET0         >>>ESMX_Driver: entered Initialize (phase=<none>) with current time: 2012 10 24 18  0  0   0
20260911 221657.083 INFO             PET0         <<<ESMX_Driver: leaving Initialize (phase=<none>) with current time: 2012 10 24 18  0  0   0
20260911 221657.083 INFO             PET0       ESMX_Driver: loopDataDependentInitialize extro.
20260911 221657.083 INFO             PET0       <<<ESMX_Driver: leaving Initialize (phase=<none>) with current time: 2012 10 24 18  0  0   0
20260911 221657.083 INFO             PET0     ESMX_Driver: InitializeIPDv02p5Data extro.
20260911 221657.083 INFO             PET0     <<<ESMX_Driver: leaving Initialize (phase=<none>) with current time: 2012 10 24 18  0  0   0
20260911 221657.083 INFO             PET0   ESMX_Driver: InitializeIPDv02p5 extro.
20260911 221657.083 INFO             PET0   <<<ESMX_Driver: leaving Initialize (phase=<none>) with current time: 2012 10 24 18  0  0   0
20260911 221657.083 INFO             PET0 ESMX_Driver: InitializeGeneric extro.
20260911 221657.083 INFO             PET0 ESMX_Driver: Run intro.
20260911 221657.083 INFO             PET0   >>>ESMX_Driver: entered Run (phase=RunPhase1) with current time: 2012 10 24 18  0  0   0
20260911 221657.083 INFO             PET0   Message from inside C component Advance() method
20260911 221657.098 INFO             PET0   model_state times_called: 1
20260911 221657.099 INFO             PET0   Message from inside C component Advance() method
20260911 221657.099 INFO             PET0   model_state times_called: 2
20260911 221657.099 INFO             PET0   Message from inside C component Advance() method
20260911 221657.099 INFO             PET0   model_state times_called: 3
20260911 221657.099 INFO             PET0   Message from inside C component Advance() method
20260911 221657.099 INFO             PET0   model_state times_called: 4
20260911 221657.099 INFO             PET0   <<<ESMX_Driver: leaving Run (phase=RunPhase1) with current time: 2012 10 24 19  0  0   0
20260911 221657.099 INFO             PET0 ESMX_Driver: Run extro.
20260911 221657.099 INFO             PET0 ESMX_Driver: Finalize intro.
20260911 221657.099 INFO             PET0   >>>ESMX_Driver: entered Finalize (phase=FinalizePhase1) with current time: 2012 10 24 19  0  0   0
20260911 221657.099 INFO             PET0   Calling Finalize phase 1 for modelComp: MDL
20260911 221657.099 INFO             PET0   Message from inside C component Finalize() method
20260911 221657.099 INFO             PET0   Delete modelComp: MDL
20260911 221657.099 INFO             PET0   <<<ESMX_Driver: leaving Finalize (phase=FinalizePhase1) with current time: 2012 10 24 19  0  0   0
20260911 221657.099 INFO             PET0 ESMX_Driver: Finalize extro.
20260911 221657.099 INFO             PET0 =============================================
20260911 221657.099 INFO             PET0 ESMX (Earth System Model eXecutable) FINISHED
20260911 221657.099 INFO             PET0 =============================================
20260911 221657.099 INFO             PET0  Finalizing ESMF
20260911 221656.897 INFO             PET1 !!!!!!!!!!!!!!!!!!!!!!!!!!!!!!!!!!!!!!!!!!!!!!!!!!!!!!
20260911 221656.897 INFO             PET1 !!! THE ESMF_LOG IS SET TO OUTPUT ALL LOG MESSAGES !!!
20260911 221656.897 INFO             PET1 !!!     THIS MAY CAUSE SLOWDOWN IN PERFORMANCE     !!!
20260911 221656.897 INFO             PET1 !!! FOR PRODUCTION RUNS, USE:                      !!!
20260911 221656.897 INFO             PET1 !!!                   ESMF_LOGKIND_Multi_On_Error  !!!
20260911 221656.897 INFO             PET1 !!!!!!!!!!!!!!!!!!!!!!!!!!!!!!!!!!!!!!!!!!!!!!!!!!!!!!
20260911 221656.897 INFO             PET1 Running with ESMF Version   : v9.0.0b18
20260911 221656.897 INFO             PET1 ESMF library build date/time: "Sep 11 2026" "21:52:33"
20260911 221656.897 INFO             PET1 ESMF library build location : /home/gerhard/ESMF-Nightly-Testing/gfortran_11.2.0_mpich_O_develop/esmf
20260911 221656.897 INFO             PET1 ESMF_COMM                   : mpich
20260911 221656.897 INFO             PET1 ESMF_MOAB                   : enabled
20260911 221656.897 INFO             PET1 ESMF_LAPACK                 : enabled
20260911 221656.897 INFO             PET1 ESMF_NETCDF                 : enabled
20260911 221656.897 INFO             PET1 ESMF_PNETCDF                : disabled
20260911 221656.897 INFO             PET1 ESMF_PIO                    : enabled
20260911 221656.897 INFO             PET1 ESMF_YAMLCPP                : enabled
20260911 221656.898 INFO             PET1 =============================================
20260911 221656.898 INFO             PET1 ESMX (Earth System Model eXecutable) STARTING
20260911 221656.898 INFO             PET1 =============================================
20260911 221656.899 DEBUG            PET1 Generic SetVM() is executing for: ESMX_Driver
20260911 221656.899 DEBUG            PET1 Generic SetVM() found no NUOPC Hint for: ESMX_Driver
20260911 221656.899 DEBUG            PET1 Generic SetVM() therefore is NOT calling ESMF_GridCompSetVMMaxPEs() for: ESMX_Driver
20260911 221656.901 INFO             PET1 ESMX_Driver: InitializeGeneric intro.
20260911 221656.901 INFO             PET1   >>>ESMX_Driver: entered Initialize (phase=<none>) without valid internal Clock.
20260911 221656.901 INFO             PET1   ESMX_Driver: InitializeP0 intro.
20260911 221656.901 INFO             PET1     >>>ESMX_Driver: entered Initialize (phase=<none>) without valid internal Clock.
20260911 221656.901 INFO             PET1     <<<ESMX_Driver: leaving Initialize (phase=<none>) without valid internal Clock.
20260911 221656.901 INFO             PET1   ESMX_Driver: InitializeP0 extro.
20260911 221656.901 INFO             PET1   ESMX_Driver: InitializeIPDv02p1 intro.
20260911 221656.901 INFO             PET1     >>>ESMX_Driver: entered Initialize (phase=<none>) without valid internal Clock.
20260911 221656.902 INFO             PET1     ESMX_Driver - Creating model component MDL without petList.
20260911 221656.924 DEBUG            PET1     Generic SetVM() is executing for: MDL
20260911 221656.924 DEBUG            PET1     Generic SetVM() found no NUOPC Hint for: MDL
20260911 221656.924 DEBUG            PET1     Generic SetVM() therefore is NOT calling ESMF_GridCompSetVMMaxPEs() for: MDL
20260911 221656.926 INFO             PET1     ESMX_Driver: IInitAdvertise intro.
20260911 221656.926 INFO             PET1       >>>ESMX_Driver: entered Initialize (phase=<none>) with current time: 2012 10 24 18  0  0   0
20260911 221656.926 INFO             PET1       <<<ESMX_Driver: leaving Initialize (phase=<none>) with current time: 2012 10 24 18  0  0   0
20260911 221656.926 INFO             PET1     ESMX_Driver: IInitAdvertise extro.
20260911 221656.927 INFO             PET1     Message from inside C component Advertise() method
20260911 221657.041 INFO             PET1     include("/home/gerhard/ESMF-Nightly-Testing/gfortran_11.2.0_mpich_O_develop/nuopc-app-prototypes/ESMX_SingleModelInJuliaProto/SiMoCoJulia/simocojulia_model.jl")
20260911 221657.081 INFO             PET1     path to C library: /home/gerhard/ESMF-Nightly-Testing/gfortran_11.2.0_mpich_O_develop/nuopc-app-prototypes/ESMX_SingleModelInJuliaProto/build/SiMoCoJulia/libSiMoCoJulia.so
20260911 221657.081 INFO             PET1     ESMX_Driver: IInitAdvertiseFinish intro.
20260911 221657.081 INFO             PET1       >>>ESMX_Driver: entered Initialize (phase=<none>) with current time: 2012 10 24 18  0  0   0
20260911 221657.081 INFO             PET1       <<<ESMX_Driver: leaving Initialize (phase=<none>) with current time: 2012 10 24 18  0  0   0
20260911 221657.081 INFO             PET1     ESMX_Driver: IInitAdvertiseFinish extro.
20260911 221657.081 INFO             PET1     ESMX_Driver: IInitModifyCplLists intro.
20260911 221657.081 INFO             PET1       >>>ESMX_Driver: entered Initialize (phase=<none>) with current time: 2012 10 24 18  0  0   0
20260911 221657.081 INFO             PET1       <<<ESMX_Driver: leaving Initialize (phase=<none>) with current time: 2012 10 24 18  0  0   0
20260911 221657.081 INFO             PET1     ESMX_Driver: IInitModifyCplLists extro.
20260911 221657.082 INFO             PET1     <<<ESMX_Driver: leaving Initialize (phase=<none>) with current time: 2012 10 24 18  0  0   0
20260911 221657.082 INFO             PET1   ESMX_Driver: InitializeIPDv02p1 extro.
20260911 221657.082 INFO             PET1   ESMX_Driver: InitializeIPDv02p3 intro.
20260911 221657.082 INFO             PET1     >>>ESMX_Driver: entered Initialize (phase=<none>) with current time: 2012 10 24 18  0  0   0
20260911 221657.082 INFO             PET1     ESMX_Driver: IInitCheck intro.
20260911 221657.082 INFO             PET1       >>>ESMX_Driver: entered Initialize (phase=<none>) with current time: 2012 10 24 18  0  0   0
20260911 221657.082 INFO             PET1       <<<ESMX_Driver: leaving Initialize (phase=<none>) with current time: 2012 10 24 18  0  0   0
20260911 221657.082 INFO             PET1     ESMX_Driver: IInitCheck extro.
20260911 221657.082 INFO             PET1     ESMX_Driver: IInitRealize intro.
20260911 221657.082 INFO             PET1       >>>ESMX_Driver: entered Initialize (phase=<none>) with current time: 2012 10 24 18  0  0   0
20260911 221657.082 INFO             PET1       <<<ESMX_Driver: leaving Initialize (phase=<none>) with current time: 2012 10 24 18  0  0   0
20260911 221657.082 INFO             PET1     ESMX_Driver: IInitRealize extro.
20260911 221657.082 INFO             PET1     <<<ESMX_Driver: leaving Initialize (phase=<none>) with current time: 2012 10 24 18  0  0   0
20260911 221657.082 INFO             PET1   ESMX_Driver: InitializeIPDv02p3 extro.
20260911 221657.082 INFO             PET1   ESMX_Driver: InitializeIPDv02p5 intro.
20260911 221657.082 INFO             PET1     >>>ESMX_Driver: entered Initialize (phase=<none>) with current time: 2012 10 24 18  0  0   0
20260911 221657.082 INFO             PET1     ESMX_Driver: InitializeIPDv02p5Data intro.
20260911 221657.082 INFO             PET1       >>>ESMX_Driver: entered Initialize (phase=<none>) with current time: 2012 10 24 18  0  0   0
20260911 221657.082 INFO             PET1       ESMX_Driver: InternalInitializeComplete intro.
20260911 221657.082 INFO             PET1         >>>ESMX_Driver: entered Initialize (phase=<none>) with current time: 2012 10 24 18  0  0   0
20260911 221657.082 INFO             PET1         <<<ESMX_Driver: leaving Initialize (phase=<none>) with current time: 2012 10 24 18  0  0   0
20260911 221657.082 INFO             PET1       ESMX_Driver: InternalInitializeComplete extro.
20260911 221657.083 INFO             PET1       ESMX_Driver: loopDataDependentInitialize intro.
20260911 221657.083 INFO             PET1         >>>ESMX_Driver: entered Initialize (phase=<none>) with current time: 2012 10 24 18  0  0   0
20260911 221657.083 INFO             PET1         <<<ESMX_Driver: leaving Initialize (phase=<none>) with current time: 2012 10 24 18  0  0   0
20260911 221657.083 INFO             PET1       ESMX_Driver: loopDataDependentInitialize extro.
20260911 221657.083 INFO             PET1       <<<ESMX_Driver: leaving Initialize (phase=<none>) with current time: 2012 10 24 18  0  0   0
20260911 221657.083 INFO             PET1     ESMX_Driver: InitializeIPDv02p5Data extro.
20260911 221657.083 INFO             PET1     <<<ESMX_Driver: leaving Initialize (phase=<none>) with current time: 2012 10 24 18  0  0   0
20260911 221657.083 INFO             PET1   ESMX_Driver: InitializeIPDv02p5 extro.
20260911 221657.083 INFO             PET1   <<<ESMX_Driver: leaving Initialize (phase=<none>) with current time: 2012 10 24 18  0  0   0
20260911 221657.083 INFO             PET1 ESMX_Driver: InitializeGeneric extro.
20260911 221657.083 INFO             PET1 ESMX_Driver: Run intro.
20260911 221657.083 INFO             PET1   >>>ESMX_Driver: entered Run (phase=RunPhase1) with current time: 2012 10 24 18  0  0   0
20260911 221657.083 INFO             PET1   Message from inside C component Advance() method
20260911 221657.098 INFO             PET1   model_state times_called: 1
20260911 221657.099 INFO             PET1   Message from inside C component Advance() method
20260911 221657.099 INFO             PET1   model_state times_called: 2
20260911 221657.099 INFO             PET1   Message from inside C component Advance() method
20260911 221657.099 INFO             PET1   model_state times_called: 3
20260911 221657.099 INFO             PET1   Message from inside C component Advance() method
20260911 221657.099 INFO             PET1   model_state times_called: 4
20260911 221657.099 INFO             PET1   <<<ESMX_Driver: leaving Run (phase=RunPhase1) with current time: 2012 10 24 19  0  0   0
20260911 221657.099 INFO             PET1 ESMX_Driver: Run extro.
20260911 221657.099 INFO             PET1 ESMX_Driver: Finalize intro.
20260911 221657.099 INFO             PET1   >>>ESMX_Driver: entered Finalize (phase=FinalizePhase1) with current time: 2012 10 24 19  0  0   0
20260911 221657.099 INFO             PET1   Calling Finalize phase 1 for modelComp: MDL
20260911 221657.099 INFO             PET1   Message from inside C component Finalize() method
20260911 221657.099 INFO             PET1   Delete modelComp: MDL
20260911 221657.099 INFO             PET1   <<<ESMX_Driver: leaving Finalize (phase=FinalizePhase1) with current time: 2012 10 24 19  0  0   0
20260911 221657.099 INFO             PET1 ESMX_Driver: Finalize extro.
20260911 221657.099 INFO             PET1 =============================================
20260911 221657.099 INFO             PET1 ESMX (Earth System Model eXecutable) FINISHED
20260911 221657.099 INFO             PET1 =============================================
20260911 221657.099 INFO             PET1  Finalizing ESMF
20260911 221656.897 INFO             PET2 !!!!!!!!!!!!!!!!!!!!!!!!!!!!!!!!!!!!!!!!!!!!!!!!!!!!!!
20260911 221656.897 INFO             PET2 !!! THE ESMF_LOG IS SET TO OUTPUT ALL LOG MESSAGES !!!
20260911 221656.897 INFO             PET2 !!!     THIS MAY CAUSE SLOWDOWN IN PERFORMANCE     !!!
20260911 221656.897 INFO             PET2 !!! FOR PRODUCTION RUNS, USE:                      !!!
20260911 221656.897 INFO             PET2 !!!                   ESMF_LOGKIND_Multi_On_Error  !!!
20260911 221656.897 INFO             PET2 !!!!!!!!!!!!!!!!!!!!!!!!!!!!!!!!!!!!!!!!!!!!!!!!!!!!!!
20260911 221656.897 INFO             PET2 Running with ESMF Version   : v9.0.0b18
20260911 221656.897 INFO             PET2 ESMF library build date/time: "Sep 11 2026" "21:52:33"
20260911 221656.897 INFO             PET2 ESMF library build location : /home/gerhard/ESMF-Nightly-Testing/gfortran_11.2.0_mpich_O_develop/esmf
20260911 221656.897 INFO             PET2 ESMF_COMM                   : mpich
20260911 221656.897 INFO             PET2 ESMF_MOAB                   : enabled
20260911 221656.897 INFO             PET2 ESMF_LAPACK                 : enabled
20260911 221656.897 INFO             PET2 ESMF_NETCDF                 : enabled
20260911 221656.897 INFO             PET2 ESMF_PNETCDF                : disabled
20260911 221656.897 INFO             PET2 ESMF_PIO                    : enabled
20260911 221656.897 INFO             PET2 ESMF_YAMLCPP                : enabled
20260911 221656.898 INFO             PET2 =============================================
20260911 221656.898 INFO             PET2 ESMX (Earth System Model eXecutable) STARTING
20260911 221656.898 INFO             PET2 =============================================
20260911 221656.899 DEBUG            PET2 Generic SetVM() is executing for: ESMX_Driver
20260911 221656.899 DEBUG            PET2 Generic SetVM() found no NUOPC Hint for: ESMX_Driver
20260911 221656.899 DEBUG            PET2 Generic SetVM() therefore is NOT calling ESMF_GridCompSetVMMaxPEs() for: ESMX_Driver
20260911 221656.901 INFO             PET2 ESMX_Driver: InitializeGeneric intro.
20260911 221656.901 INFO             PET2   >>>ESMX_Driver: entered Initialize (phase=<none>) without valid internal Clock.
20260911 221656.901 INFO             PET2   ESMX_Driver: InitializeP0 intro.
20260911 221656.901 INFO             PET2     >>>ESMX_Driver: entered Initialize (phase=<none>) without valid internal Clock.
20260911 221656.901 INFO             PET2     <<<ESMX_Driver: leaving Initialize (phase=<none>) without valid internal Clock.
20260911 221656.901 INFO             PET2   ESMX_Driver: InitializeP0 extro.
20260911 221656.901 INFO             PET2   ESMX_Driver: InitializeIPDv02p1 intro.
20260911 221656.901 INFO             PET2     >>>ESMX_Driver: entered Initialize (phase=<none>) without valid internal Clock.
20260911 221656.902 INFO             PET2     ESMX_Driver - Creating model component MDL without petList.
20260911 221656.924 DEBUG            PET2     Generic SetVM() is executing for: MDL
20260911 221656.924 DEBUG            PET2     Generic SetVM() found no NUOPC Hint for: MDL
20260911 221656.924 DEBUG            PET2     Generic SetVM() therefore is NOT calling ESMF_GridCompSetVMMaxPEs() for: MDL
20260911 221656.926 INFO             PET2     ESMX_Driver: IInitAdvertise intro.
20260911 221656.926 INFO             PET2       >>>ESMX_Driver: entered Initialize (phase=<none>) with current time: 2012 10 24 18  0  0   0
20260911 221656.926 INFO             PET2       <<<ESMX_Driver: leaving Initialize (phase=<none>) with current time: 2012 10 24 18  0  0   0
20260911 221656.926 INFO             PET2     ESMX_Driver: IInitAdvertise extro.
20260911 221656.927 INFO             PET2     Message from inside C component Advertise() method
20260911 221657.041 INFO             PET2     include("/home/gerhard/ESMF-Nightly-Testing/gfortran_11.2.0_mpich_O_develop/nuopc-app-prototypes/ESMX_SingleModelInJuliaProto/SiMoCoJulia/simocojulia_model.jl")
20260911 221657.081 INFO             PET2     path to C library: /home/gerhard/ESMF-Nightly-Testing/gfortran_11.2.0_mpich_O_develop/nuopc-app-prototypes/ESMX_SingleModelInJuliaProto/build/SiMoCoJulia/libSiMoCoJulia.so
20260911 221657.081 INFO             PET2     ESMX_Driver: IInitAdvertiseFinish intro.
20260911 221657.081 INFO             PET2       >>>ESMX_Driver: entered Initialize (phase=<none>) with current time: 2012 10 24 18  0  0   0
20260911 221657.081 INFO             PET2       <<<ESMX_Driver: leaving Initialize (phase=<none>) with current time: 2012 10 24 18  0  0   0
20260911 221657.081 INFO             PET2     ESMX_Driver: IInitAdvertiseFinish extro.
20260911 221657.081 INFO             PET2     ESMX_Driver: IInitModifyCplLists intro.
20260911 221657.081 INFO             PET2       >>>ESMX_Driver: entered Initialize (phase=<none>) with current time: 2012 10 24 18  0  0   0
20260911 221657.081 INFO             PET2       <<<ESMX_Driver: leaving Initialize (phase=<none>) with current time: 2012 10 24 18  0  0   0
20260911 221657.081 INFO             PET2     ESMX_Driver: IInitModifyCplLists extro.
20260911 221657.082 INFO             PET2     <<<ESMX_Driver: leaving Initialize (phase=<none>) with current time: 2012 10 24 18  0  0   0
20260911 221657.082 INFO             PET2   ESMX_Driver: InitializeIPDv02p1 extro.
20260911 221657.082 INFO             PET2   ESMX_Driver: InitializeIPDv02p3 intro.
20260911 221657.082 INFO             PET2     >>>ESMX_Driver: entered Initialize (phase=<none>) with current time: 2012 10 24 18  0  0   0
20260911 221657.082 INFO             PET2     ESMX_Driver: IInitCheck intro.
20260911 221657.082 INFO             PET2       >>>ESMX_Driver: entered Initialize (phase=<none>) with current time: 2012 10 24 18  0  0   0
20260911 221657.082 INFO             PET2       <<<ESMX_Driver: leaving Initialize (phase=<none>) with current time: 2012 10 24 18  0  0   0
20260911 221657.082 INFO             PET2     ESMX_Driver: IInitCheck extro.
20260911 221657.082 INFO             PET2     ESMX_Driver: IInitRealize intro.
20260911 221657.082 INFO             PET2       >>>ESMX_Driver: entered Initialize (phase=<none>) with current time: 2012 10 24 18  0  0   0
20260911 221657.082 INFO             PET2       <<<ESMX_Driver: leaving Initialize (phase=<none>) with current time: 2012 10 24 18  0  0   0
20260911 221657.082 INFO             PET2     ESMX_Driver: IInitRealize extro.
20260911 221657.082 INFO             PET2     <<<ESMX_Driver: leaving Initialize (phase=<none>) with current time: 2012 10 24 18  0  0   0
20260911 221657.082 INFO             PET2   ESMX_Driver: InitializeIPDv02p3 extro.
20260911 221657.082 INFO             PET2   ESMX_Driver: InitializeIPDv02p5 intro.
20260911 221657.082 INFO             PET2     >>>ESMX_Driver: entered Initialize (phase=<none>) with current time: 2012 10 24 18  0  0   0
20260911 221657.082 INFO             PET2     ESMX_Driver: InitializeIPDv02p5Data intro.
20260911 221657.082 INFO             PET2       >>>ESMX_Driver: entered Initialize (phase=<none>) with current time: 2012 10 24 18  0  0   0
20260911 221657.082 INFO             PET2       ESMX_Driver: InternalInitializeComplete intro.
20260911 221657.082 INFO             PET2         >>>ESMX_Driver: entered Initialize (phase=<none>) with current time: 2012 10 24 18  0  0   0
20260911 221657.082 INFO             PET2         <<<ESMX_Driver: leaving Initialize (phase=<none>) with current time: 2012 10 24 18  0  0   0
20260911 221657.082 INFO             PET2       ESMX_Driver: InternalInitializeComplete extro.
20260911 221657.083 INFO             PET2       ESMX_Driver: loopDataDependentInitialize intro.
20260911 221657.083 INFO             PET2         >>>ESMX_Driver: entered Initialize (phase=<none>) with current time: 2012 10 24 18  0  0   0
20260911 221657.083 INFO             PET2         <<<ESMX_Driver: leaving Initialize (phase=<none>) with current time: 2012 10 24 18  0  0   0
20260911 221657.083 INFO             PET2       ESMX_Driver: loopDataDependentInitialize extro.
20260911 221657.083 INFO             PET2       <<<ESMX_Driver: leaving Initialize (phase=<none>) with current time: 2012 10 24 18  0  0   0
20260911 221657.083 INFO             PET2     ESMX_Driver: InitializeIPDv02p5Data extro.
20260911 221657.083 INFO             PET2     <<<ESMX_Driver: leaving Initialize (phase=<none>) with current time: 2012 10 24 18  0  0   0
20260911 221657.083 INFO             PET2   ESMX_Driver: InitializeIPDv02p5 extro.
20260911 221657.083 INFO             PET2   <<<ESMX_Driver: leaving Initialize (phase=<none>) with current time: 2012 10 24 18  0  0   0
20260911 221657.083 INFO             PET2 ESMX_Driver: InitializeGeneric extro.
20260911 221657.083 INFO             PET2 ESMX_Driver: Run intro.
20260911 221657.083 INFO             PET2   >>>ESMX_Driver: entered Run (phase=RunPhase1) with current time: 2012 10 24 18  0  0   0
20260911 221657.083 INFO             PET2   Message from inside C component Advance() method
20260911 221657.099 INFO             PET2   model_state times_called: 1
20260911 221657.099 INFO             PET2   Message from inside C component Advance() method
20260911 221657.099 INFO             PET2   model_state times_called: 2
20260911 221657.099 INFO             PET2   Message from inside C component Advance() method
20260911 221657.099 INFO             PET2   model_state times_called: 3
20260911 221657.099 INFO             PET2   Message from inside C component Advance() method
20260911 221657.099 INFO             PET2   model_state times_called: 4
20260911 221657.099 INFO             PET2   <<<ESMX_Driver: leaving Run (phase=RunPhase1) with current time: 2012 10 24 19  0  0   0
20260911 221657.099 INFO             PET2 ESMX_Driver: Run extro.
20260911 221657.099 INFO             PET2 ESMX_Driver: Finalize intro.
20260911 221657.099 INFO             PET2   >>>ESMX_Driver: entered Finalize (phase=FinalizePhase1) with current time: 2012 10 24 19  0  0   0
20260911 221657.099 INFO             PET2   Calling Finalize phase 1 for modelComp: MDL
20260911 221657.099 INFO             PET2   Message from inside C component Finalize() method
20260911 221657.099 INFO             PET2   Delete modelComp: MDL
20260911 221657.099 INFO             PET2   <<<ESMX_Driver: leaving Finalize (phase=FinalizePhase1) with current time: 2012 10 24 19  0  0   0
20260911 221657.099 INFO             PET2 ESMX_Driver: Finalize extro.
20260911 221657.099 INFO             PET2 =============================================
20260911 221657.099 INFO             PET2 ESMX (Earth System Model eXecutable) FINISHED
20260911 221657.099 INFO             PET2 =============================================
20260911 221657.099 INFO             PET2  Finalizing ESMF
20260911 221656.897 INFO             PET3 !!!!!!!!!!!!!!!!!!!!!!!!!!!!!!!!!!!!!!!!!!!!!!!!!!!!!!
20260911 221656.897 INFO             PET3 !!! THE ESMF_LOG IS SET TO OUTPUT ALL LOG MESSAGES !!!
20260911 221656.897 INFO             PET3 !!!     THIS MAY CAUSE SLOWDOWN IN PERFORMANCE     !!!
20260911 221656.897 INFO             PET3 !!! FOR PRODUCTION RUNS, USE:                      !!!
20260911 221656.897 INFO             PET3 !!!                   ESMF_LOGKIND_Multi_On_Error  !!!
20260911 221656.897 INFO             PET3 !!!!!!!!!!!!!!!!!!!!!!!!!!!!!!!!!!!!!!!!!!!!!!!!!!!!!!
20260911 221656.897 INFO             PET3 Running with ESMF Version   : v9.0.0b18
20260911 221656.897 INFO             PET3 ESMF library build date/time: "Sep 11 2026" "21:52:33"
20260911 221656.897 INFO             PET3 ESMF library build location : /home/gerhard/ESMF-Nightly-Testing/gfortran_11.2.0_mpich_O_develop/esmf
20260911 221656.897 INFO             PET3 ESMF_COMM                   : mpich
20260911 221656.897 INFO             PET3 ESMF_MOAB                   : enabled
20260911 221656.897 INFO             PET3 ESMF_LAPACK                 : enabled
20260911 221656.897 INFO             PET3 ESMF_NETCDF                 : enabled
20260911 221656.897 INFO             PET3 ESMF_PNETCDF                : disabled
20260911 221656.897 INFO             PET3 ESMF_PIO                    : enabled
20260911 221656.897 INFO             PET3 ESMF_YAMLCPP                : enabled
20260911 221656.898 INFO             PET3 =============================================
20260911 221656.898 INFO             PET3 ESMX (Earth System Model eXecutable) STARTING
20260911 221656.898 INFO             PET3 =============================================
20260911 221656.899 DEBUG            PET3 Generic SetVM() is executing for: ESMX_Driver
20260911 221656.899 DEBUG            PET3 Generic SetVM() found no NUOPC Hint for: ESMX_Driver
20260911 221656.899 DEBUG            PET3 Generic SetVM() therefore is NOT calling ESMF_GridCompSetVMMaxPEs() for: ESMX_Driver
20260911 221656.901 INFO             PET3 ESMX_Driver: InitializeGeneric intro.
20260911 221656.901 INFO             PET3   >>>ESMX_Driver: entered Initialize (phase=<none>) without valid internal Clock.
20260911 221656.901 INFO             PET3   ESMX_Driver: InitializeP0 intro.
20260911 221656.901 INFO             PET3     >>>ESMX_Driver: entered Initialize (phase=<none>) without valid internal Clock.
20260911 221656.901 INFO             PET3     <<<ESMX_Driver: leaving Initialize (phase=<none>) without valid internal Clock.
20260911 221656.901 INFO             PET3   ESMX_Driver: InitializeP0 extro.
20260911 221656.901 INFO             PET3   ESMX_Driver: InitializeIPDv02p1 intro.
20260911 221656.901 INFO             PET3     >>>ESMX_Driver: entered Initialize (phase=<none>) without valid internal Clock.
20260911 221656.902 INFO             PET3     ESMX_Driver - Creating model component MDL without petList.
20260911 221656.924 DEBUG            PET3     Generic SetVM() is executing for: MDL
20260911 221656.924 DEBUG            PET3     Generic SetVM() found no NUOPC Hint for: MDL
20260911 221656.924 DEBUG            PET3     Generic SetVM() therefore is NOT calling ESMF_GridCompSetVMMaxPEs() for: MDL
20260911 221656.926 INFO             PET3     ESMX_Driver: IInitAdvertise intro.
20260911 221656.926 INFO             PET3       >>>ESMX_Driver: entered Initialize (phase=<none>) with current time: 2012 10 24 18  0  0   0
20260911 221656.926 INFO             PET3       <<<ESMX_Driver: leaving Initialize (phase=<none>) with current time: 2012 10 24 18  0  0   0
20260911 221656.926 INFO             PET3     ESMX_Driver: IInitAdvertise extro.
20260911 221656.927 INFO             PET3     Message from inside C component Advertise() method
20260911 221657.041 INFO             PET3     include("/home/gerhard/ESMF-Nightly-Testing/gfortran_11.2.0_mpich_O_develop/nuopc-app-prototypes/ESMX_SingleModelInJuliaProto/SiMoCoJulia/simocojulia_model.jl")
20260911 221657.081 INFO             PET3     path to C library: /home/gerhard/ESMF-Nightly-Testing/gfortran_11.2.0_mpich_O_develop/nuopc-app-prototypes/ESMX_SingleModelInJuliaProto/build/SiMoCoJulia/libSiMoCoJulia.so
20260911 221657.081 INFO             PET3     ESMX_Driver: IInitAdvertiseFinish intro.
20260911 221657.081 INFO             PET3       >>>ESMX_Driver: entered Initialize (phase=<none>) with current time: 2012 10 24 18  0  0   0
20260911 221657.081 INFO             PET3       <<<ESMX_Driver: leaving Initialize (phase=<none>) with current time: 2012 10 24 18  0  0   0
20260911 221657.081 INFO             PET3     ESMX_Driver: IInitAdvertiseFinish extro.
20260911 221657.081 INFO             PET3     ESMX_Driver: IInitModifyCplLists intro.
20260911 221657.081 INFO             PET3       >>>ESMX_Driver: entered Initialize (phase=<none>) with current time: 2012 10 24 18  0  0   0
20260911 221657.081 INFO             PET3       <<<ESMX_Driver: leaving Initialize (phase=<none>) with current time: 2012 10 24 18  0  0   0
20260911 221657.081 INFO             PET3     ESMX_Driver: IInitModifyCplLists extro.
20260911 221657.082 INFO             PET3     <<<ESMX_Driver: leaving Initialize (phase=<none>) with current time: 2012 10 24 18  0  0   0
20260911 221657.082 INFO             PET3   ESMX_Driver: InitializeIPDv02p1 extro.
20260911 221657.082 INFO             PET3   ESMX_Driver: InitializeIPDv02p3 intro.
20260911 221657.082 INFO             PET3     >>>ESMX_Driver: entered Initialize (phase=<none>) with current time: 2012 10 24 18  0  0   0
20260911 221657.082 INFO             PET3     ESMX_Driver: IInitCheck intro.
20260911 221657.082 INFO             PET3       >>>ESMX_Driver: entered Initialize (phase=<none>) with current time: 2012 10 24 18  0  0   0
20260911 221657.082 INFO             PET3       <<<ESMX_Driver: leaving Initialize (phase=<none>) with current time: 2012 10 24 18  0  0   0
20260911 221657.082 INFO             PET3     ESMX_Driver: IInitCheck extro.
20260911 221657.082 INFO             PET3     ESMX_Driver: IInitRealize intro.
20260911 221657.082 INFO             PET3       >>>ESMX_Driver: entered Initialize (phase=<none>) with current time: 2012 10 24 18  0  0   0
20260911 221657.082 INFO             PET3       <<<ESMX_Driver: leaving Initialize (phase=<none>) with current time: 2012 10 24 18  0  0   0
20260911 221657.082 INFO             PET3     ESMX_Driver: IInitRealize extro.
20260911 221657.082 INFO             PET3     <<<ESMX_Driver: leaving Initialize (phase=<none>) with current time: 2012 10 24 18  0  0   0
20260911 221657.082 INFO             PET3   ESMX_Driver: InitializeIPDv02p3 extro.
20260911 221657.082 INFO             PET3   ESMX_Driver: InitializeIPDv02p5 intro.
20260911 221657.082 INFO             PET3     >>>ESMX_Driver: entered Initialize (phase=<none>) with current time: 2012 10 24 18  0  0   0
20260911 221657.082 INFO             PET3     ESMX_Driver: InitializeIPDv02p5Data intro.
20260911 221657.082 INFO             PET3       >>>ESMX_Driver: entered Initialize (phase=<none>) with current time: 2012 10 24 18  0  0   0
20260911 221657.082 INFO             PET3       ESMX_Driver: InternalInitializeComplete intro.
20260911 221657.082 INFO             PET3         >>>ESMX_Driver: entered Initialize (phase=<none>) with current time: 2012 10 24 18  0  0   0
20260911 221657.082 INFO             PET3         <<<ESMX_Driver: leaving Initialize (phase=<none>) with current time: 2012 10 24 18  0  0   0
20260911 221657.082 INFO             PET3       ESMX_Driver: InternalInitializeComplete extro.
20260911 221657.083 INFO             PET3       ESMX_Driver: loopDataDependentInitialize intro.
20260911 221657.083 INFO             PET3         >>>ESMX_Driver: entered Initialize (phase=<none>) with current time: 2012 10 24 18  0  0   0
20260911 221657.083 INFO             PET3         <<<ESMX_Driver: leaving Initialize (phase=<none>) with current time: 2012 10 24 18  0  0   0
20260911 221657.083 INFO             PET3       ESMX_Driver: loopDataDependentInitialize extro.
20260911 221657.083 INFO             PET3       <<<ESMX_Driver: leaving Initialize (phase=<none>) with current time: 2012 10 24 18  0  0   0
20260911 221657.083 INFO             PET3     ESMX_Driver: InitializeIPDv02p5Data extro.
20260911 221657.083 INFO             PET3     <<<ESMX_Driver: leaving Initialize (phase=<none>) with current time: 2012 10 24 18  0  0   0
20260911 221657.083 INFO             PET3   ESMX_Driver: InitializeIPDv02p5 extro.
20260911 221657.083 INFO             PET3   <<<ESMX_Driver: leaving Initialize (phase=<none>) with current time: 2012 10 24 18  0  0   0
20260911 221657.083 INFO             PET3 ESMX_Driver: InitializeGeneric extro.
20260911 221657.083 INFO             PET3 ESMX_Driver: Run intro.
20260911 221657.083 INFO             PET3   >>>ESMX_Driver: entered Run (phase=RunPhase1) with current time: 2012 10 24 18  0  0   0
20260911 221657.083 INFO             PET3   Message from inside C component Advance() method
20260911 221657.098 INFO             PET3   model_state times_called: 1
20260911 221657.099 INFO             PET3   Message from inside C component Advance() method
20260911 221657.099 INFO             PET3   model_state times_called: 2
20260911 221657.099 INFO             PET3   Message from inside C component Advance() method
20260911 221657.099 INFO             PET3   model_state times_called: 3
20260911 221657.099 INFO             PET3   Message from inside C component Advance() method
20260911 221657.099 INFO             PET3   model_state times_called: 4
20260911 221657.099 INFO             PET3   <<<ESMX_Driver: leaving Run (phase=RunPhase1) with current time: 2012 10 24 19  0  0   0
20260911 221657.099 INFO             PET3 ESMX_Driver: Run extro.
20260911 221657.099 INFO             PET3 ESMX_Driver: Finalize intro.
20260911 221657.099 INFO             PET3   >>>ESMX_Driver: entered Finalize (phase=FinalizePhase1) with current time: 2012 10 24 19  0  0   0
20260911 221657.099 INFO             PET3   Calling Finalize phase 1 for modelComp: MDL
20260911 221657.099 INFO             PET3   Message from inside C component Finalize() method
20260911 221657.099 INFO             PET3   Delete modelComp: MDL
20260911 221657.099 INFO             PET3   <<<ESMX_Driver: leaving Finalize (phase=FinalizePhase1) with current time: 2012 10 24 19  0  0   0
20260911 221657.099 INFO             PET3 ESMX_Driver: Finalize extro.
20260911 221657.099 INFO             PET3 =============================================
20260911 221657.099 INFO             PET3 ESMX (Earth System Model eXecutable) FINISHED
20260911 221657.099 INFO             PET3 =============================================
20260911 221657.099 INFO             PET3  Finalizing ESMF
