2026-09-02 08:56:42
20260902 094039.661 INFO             PET0 !!!!!!!!!!!!!!!!!!!!!!!!!!!!!!!!!!!!!!!!!!!!!!!!!!!!!!
20260902 094039.662 INFO             PET0 !!! THE ESMF_LOG IS SET TO OUTPUT ALL LOG MESSAGES !!!
20260902 094039.662 INFO             PET0 !!!     THIS MAY CAUSE SLOWDOWN IN PERFORMANCE     !!!
20260902 094039.662 INFO             PET0 !!! FOR PRODUCTION RUNS, USE:                      !!!
20260902 094039.662 INFO             PET0 !!!                   ESMF_LOGKIND_Multi_On_Error  !!!
20260902 094039.662 INFO             PET0 !!!!!!!!!!!!!!!!!!!!!!!!!!!!!!!!!!!!!!!!!!!!!!!!!!!!!!
20260902 094039.662 INFO             PET0 Running with ESMF Version   : develop+g4161bf9d44
20260902 094039.662 INFO             PET0 ESMF library build date/time: "Sep  2 2026" "08:55:00"
20260902 094039.662 INFO             PET0 ESMF library build location : /usr/local/esmf/esmf-testing/gfortran_14.2.0_mpich_g_develop/esmf
20260902 094039.662 INFO             PET0 ESMF_COMM                   : mpich
20260902 094039.662 INFO             PET0 ESMF_MOAB                   : enabled
20260902 094039.662 INFO             PET0 ESMF_LAPACK                 : enabled
20260902 094039.662 INFO             PET0 ESMF_NETCDF                 : enabled
20260902 094039.662 INFO             PET0 ESMF_PNETCDF                : disabled
20260902 094039.662 INFO             PET0 ESMF_PIO                    : enabled
20260902 094039.662 INFO             PET0 ESMF_YAMLCPP                : enabled
20260902 094039.662 INFO             PET0  NUMBER_OF_PROCESSORS           1
20260902 094039.662 INFO             PET0  PASS  Example ESMF_ClockEx, ESMF_ClockEx.F90, line 220
20260902 094039.662 INFO             PET0  Finalizing ESMF
