2026-09-07 02:47:13
20260907 072952.205 INFO             PET0 !!!!!!!!!!!!!!!!!!!!!!!!!!!!!!!!!!!!!!!!!!!!!!!!!!!!!!
20260907 072952.328 INFO             PET0 !!! THE ESMF_LOG IS SET TO OUTPUT ALL LOG MESSAGES !!!
20260907 072952.329 INFO             PET0 !!!     THIS MAY CAUSE SLOWDOWN IN PERFORMANCE     !!!
20260907 072952.329 INFO             PET0 !!! FOR PRODUCTION RUNS, USE:                      !!!
20260907 072952.329 INFO             PET0 !!!                   ESMF_LOGKIND_Multi_On_Error  !!!
20260907 072952.329 INFO             PET0 !!!!!!!!!!!!!!!!!!!!!!!!!!!!!!!!!!!!!!!!!!!!!!!!!!!!!!
20260907 072952.329 INFO             PET0 Running with ESMF Version   : develop+g4161bf9d44
20260907 072952.330 INFO             PET0 ESMF library build date/time: "Sep  7 2026" "02:27:08"
20260907 072952.330 INFO             PET0 ESMF library build location : /usr/local/esmf/esmf-testing/gfortran_14.2.0_mpich_g_develop/esmf
20260907 072952.330 INFO             PET0 ESMF_COMM                   : mpich
20260907 072952.375 INFO             PET0 ESMF_MOAB                   : enabled
20260907 072952.377 INFO             PET0 ESMF_LAPACK                 : enabled
20260907 072952.377 INFO             PET0 ESMF_NETCDF                 : enabled
20260907 072952.377 INFO             PET0 ESMF_PNETCDF                : disabled
20260907 072952.377 INFO             PET0 ESMF_PIO                    : enabled
20260907 072952.377 INFO             PET0 ESMF_YAMLCPP                : enabled
20260907 073013.138 INFO             PET0  NUMBER_OF_PROCESSORS           4
20260907 073013.140 INFO             PET0  PASS  Example ESMF_FieldSphereRegridEx, ESMF_FieldSphereRegridEx.F90, line 407
20260907 073013.140 INFO             PET0  Finalizing ESMF
20260907 072952.205 INFO             PET1 !!!!!!!!!!!!!!!!!!!!!!!!!!!!!!!!!!!!!!!!!!!!!!!!!!!!!!
20260907 072952.378 INFO             PET1 !!! THE ESMF_LOG IS SET TO OUTPUT ALL LOG MESSAGES !!!
20260907 072952.381 INFO             PET1 !!!     THIS MAY CAUSE SLOWDOWN IN PERFORMANCE     !!!
20260907 072952.381 INFO             PET1 !!! FOR PRODUCTION RUNS, USE:                      !!!
20260907 072952.381 INFO             PET1 !!!                   ESMF_LOGKIND_Multi_On_Error  !!!
20260907 072952.381 INFO             PET1 !!!!!!!!!!!!!!!!!!!!!!!!!!!!!!!!!!!!!!!!!!!!!!!!!!!!!!
20260907 072952.381 INFO             PET1 Running with ESMF Version   : develop+g4161bf9d44
20260907 072952.381 INFO             PET1 ESMF library build date/time: "Sep  7 2026" "02:27:08"
20260907 072952.381 INFO             PET1 ESMF library build location : /usr/local/esmf/esmf-testing/gfortran_14.2.0_mpich_g_develop/esmf
20260907 072952.381 INFO             PET1 ESMF_COMM                   : mpich
20260907 072952.381 INFO             PET1 ESMF_MOAB                   : enabled
20260907 072952.381 INFO             PET1 ESMF_LAPACK                 : enabled
20260907 072952.381 INFO             PET1 ESMF_NETCDF                 : enabled
20260907 072952.381 INFO             PET1 ESMF_PNETCDF                : disabled
20260907 072952.381 INFO             PET1 ESMF_PIO                    : enabled
20260907 072952.381 INFO             PET1 ESMF_YAMLCPP                : enabled
20260907 073013.138 INFO             PET1  NUMBER_OF_PROCESSORS           4
20260907 073013.140 INFO             PET1  PASS  Example ESMF_FieldSphereRegridEx, ESMF_FieldSphereRegridEx.F90, line 407
20260907 073013.140 INFO             PET1  Finalizing ESMF
20260907 072952.205 INFO             PET2 !!!!!!!!!!!!!!!!!!!!!!!!!!!!!!!!!!!!!!!!!!!!!!!!!!!!!!
20260907 072952.326 INFO             PET2 !!! THE ESMF_LOG IS SET TO OUTPUT ALL LOG MESSAGES !!!
20260907 072952.330 INFO             PET2 !!!     THIS MAY CAUSE SLOWDOWN IN PERFORMANCE     !!!
20260907 072952.330 INFO             PET2 !!! FOR PRODUCTION RUNS, USE:                      !!!
20260907 072952.330 INFO             PET2 !!!                   ESMF_LOGKIND_Multi_On_Error  !!!
20260907 072952.330 INFO             PET2 !!!!!!!!!!!!!!!!!!!!!!!!!!!!!!!!!!!!!!!!!!!!!!!!!!!!!!
20260907 072952.330 INFO             PET2 Running with ESMF Version   : develop+g4161bf9d44
20260907 072952.330 INFO             PET2 ESMF library build date/time: "Sep  7 2026" "02:27:08"
20260907 072952.330 INFO             PET2 ESMF library build location : /usr/local/esmf/esmf-testing/gfortran_14.2.0_mpich_g_develop/esmf
20260907 072952.330 INFO             PET2 ESMF_COMM                   : mpich
20260907 072952.357 INFO             PET2 ESMF_MOAB                   : enabled
20260907 072952.373 INFO             PET2 ESMF_LAPACK                 : enabled
20260907 072952.373 INFO             PET2 ESMF_NETCDF                 : enabled
20260907 072952.373 INFO             PET2 ESMF_PNETCDF                : disabled
20260907 072952.373 INFO             PET2 ESMF_PIO                    : enabled
20260907 072952.373 INFO             PET2 ESMF_YAMLCPP                : enabled
20260907 073013.138 INFO             PET2  NUMBER_OF_PROCESSORS           4
20260907 073013.140 INFO             PET2  PASS  Example ESMF_FieldSphereRegridEx, ESMF_FieldSphereRegridEx.F90, line 407
20260907 073013.140 INFO             PET2  Finalizing ESMF
20260907 072952.205 INFO             PET3 !!!!!!!!!!!!!!!!!!!!!!!!!!!!!!!!!!!!!!!!!!!!!!!!!!!!!!
20260907 072952.382 INFO             PET3 !!! THE ESMF_LOG IS SET TO OUTPUT ALL LOG MESSAGES !!!
20260907 072952.382 INFO             PET3 !!!     THIS MAY CAUSE SLOWDOWN IN PERFORMANCE     !!!
20260907 072952.382 INFO             PET3 !!! FOR PRODUCTION RUNS, USE:                      !!!
20260907 072952.382 INFO             PET3 !!!                   ESMF_LOGKIND_Multi_On_Error  !!!
20260907 072952.382 INFO             PET3 !!!!!!!!!!!!!!!!!!!!!!!!!!!!!!!!!!!!!!!!!!!!!!!!!!!!!!
20260907 072952.382 INFO             PET3 Running with ESMF Version   : develop+g4161bf9d44
20260907 072952.382 INFO             PET3 ESMF library build date/time: "Sep  7 2026" "02:27:08"
20260907 072952.382 INFO             PET3 ESMF library build location : /usr/local/esmf/esmf-testing/gfortran_14.2.0_mpich_g_develop/esmf
20260907 072952.382 INFO             PET3 ESMF_COMM                   : mpich
20260907 072952.389 INFO             PET3 ESMF_MOAB                   : enabled
20260907 072952.389 INFO             PET3 ESMF_LAPACK                 : enabled
20260907 072952.389 INFO             PET3 ESMF_NETCDF                 : enabled
20260907 072952.389 INFO             PET3 ESMF_PNETCDF                : disabled
20260907 072952.389 INFO             PET3 ESMF_PIO                    : enabled
20260907 072952.389 INFO             PET3 ESMF_YAMLCPP                : enabled
20260907 073013.138 INFO             PET3  NUMBER_OF_PROCESSORS           4
20260907 073013.140 INFO             PET3  PASS  Example ESMF_FieldSphereRegridEx, ESMF_FieldSphereRegridEx.F90, line 407
20260907 073013.140 INFO             PET3  Finalizing ESMF
