2026-09-17 07:54:13
20260917 083421.345 INFO             PET0 !!!!!!!!!!!!!!!!!!!!!!!!!!!!!!!!!!!!!!!!!!!!!!!!!!!!!!
20260917 083421.345 INFO             PET0 !!! THE ESMF_LOG IS SET TO OUTPUT ALL LOG MESSAGES !!!
20260917 083421.345 INFO             PET0 !!!     THIS MAY CAUSE SLOWDOWN IN PERFORMANCE     !!!
20260917 083421.345 INFO             PET0 !!! FOR PRODUCTION RUNS, USE:                      !!!
20260917 083421.345 INFO             PET0 !!!                   ESMF_LOGKIND_Multi_On_Error  !!!
20260917 083421.345 INFO             PET0 !!!!!!!!!!!!!!!!!!!!!!!!!!!!!!!!!!!!!!!!!!!!!!!!!!!!!!
20260917 083421.345 INFO             PET0 Running with ESMF Version   : v9.0.0b18
20260917 083421.345 INFO             PET0 ESMF library build date/time: "Sep 17 2026" "07:52:39"
20260917 083421.345 INFO             PET0 ESMF library build location : /usr/local/esmf/esmf-testing/gfortran_14.2.0_mpich_g_develop/esmf
20260917 083421.345 INFO             PET0 ESMF_COMM                   : mpich
20260917 083421.346 INFO             PET0 ESMF_MOAB                   : enabled
20260917 083421.346 INFO             PET0 ESMF_LAPACK                 : enabled
20260917 083421.346 INFO             PET0 ESMF_NETCDF                 : enabled
20260917 083421.346 INFO             PET0 ESMF_PNETCDF                : disabled
20260917 083421.346 INFO             PET0 ESMF_PIO                    : enabled
20260917 083421.346 INFO             PET0 ESMF_YAMLCPP                : enabled
20260917 083421.348 INFO             PET0  NUMBER_OF_PROCESSORS           1
20260917 083421.348 INFO             PET0  PASS  Example ESMF_XGridSparseMatEx, ESMF_XGridSparseMatEx.F90, line 642
20260917 083421.348 INFO             PET0  Finalizing ESMF
