2026-09-07 02:47:13
20260907 074952.981 INFO             PET0 !!!!!!!!!!!!!!!!!!!!!!!!!!!!!!!!!!!!!!!!!!!!!!!!!!!!!!
20260907 074953.006 INFO             PET0 !!! THE ESMF_LOG IS SET TO OUTPUT ALL LOG MESSAGES !!!
20260907 074953.006 INFO             PET0 !!!     THIS MAY CAUSE SLOWDOWN IN PERFORMANCE     !!!
20260907 074953.006 INFO             PET0 !!! FOR PRODUCTION RUNS, USE:                      !!!
20260907 074953.006 INFO             PET0 !!!                   ESMF_LOGKIND_Multi_On_Error  !!!
20260907 074953.006 INFO             PET0 !!!!!!!!!!!!!!!!!!!!!!!!!!!!!!!!!!!!!!!!!!!!!!!!!!!!!!
20260907 074953.006 INFO             PET0 Running with ESMF Version   : develop+g4161bf9d44
20260907 074953.015 INFO             PET0 ESMF library build date/time: "Sep  7 2026" "02:27:08"
20260907 074953.015 INFO             PET0 ESMF library build location : /usr/local/esmf/esmf-testing/gfortran_14.2.0_mpich_g_develop/esmf
20260907 074953.015 INFO             PET0 ESMF_COMM                   : mpich
20260907 074953.015 INFO             PET0 ESMF_MOAB                   : enabled
20260907 074953.015 INFO             PET0 ESMF_LAPACK                 : enabled
20260907 074953.015 INFO             PET0 ESMF_NETCDF                 : enabled
20260907 074953.015 INFO             PET0 ESMF_PNETCDF                : disabled
20260907 074953.015 INFO             PET0 ESMF_PIO                    : enabled
20260907 074953.015 INFO             PET0 ESMF_YAMLCPP                : enabled
20260907 074953.179 INFO             PET0 InternalState label: second named data block
20260907 074953.188 INFO             PET0 InternalState label: first named data block
20260907 074953.188 INFO             PET0 InternalState label: ESMF-default-localdata
20260907 074953.228 INFO             PET0  NUMBER_OF_PROCESSORS           4
20260907 074953.236 INFO             PET0  PASS  Example ESMF_InternalStateEx, ESMF_InternalStateEx.F90, line 218
20260907 074953.236 INFO             PET0  Finalizing ESMF
20260907 074952.979 INFO             PET1 !!!!!!!!!!!!!!!!!!!!!!!!!!!!!!!!!!!!!!!!!!!!!!!!!!!!!!
20260907 074953.007 INFO             PET1 !!! THE ESMF_LOG IS SET TO OUTPUT ALL LOG MESSAGES !!!
20260907 074953.007 INFO             PET1 !!!     THIS MAY CAUSE SLOWDOWN IN PERFORMANCE     !!!
20260907 074953.007 INFO             PET1 !!! FOR PRODUCTION RUNS, USE:                      !!!
20260907 074953.007 INFO             PET1 !!!                   ESMF_LOGKIND_Multi_On_Error  !!!
20260907 074953.007 INFO             PET1 !!!!!!!!!!!!!!!!!!!!!!!!!!!!!!!!!!!!!!!!!!!!!!!!!!!!!!
20260907 074953.007 INFO             PET1 Running with ESMF Version   : develop+g4161bf9d44
20260907 074953.014 INFO             PET1 ESMF library build date/time: "Sep  7 2026" "02:27:08"
20260907 074953.014 INFO             PET1 ESMF library build location : /usr/local/esmf/esmf-testing/gfortran_14.2.0_mpich_g_develop/esmf
20260907 074953.014 INFO             PET1 ESMF_COMM                   : mpich
20260907 074953.014 INFO             PET1 ESMF_MOAB                   : enabled
20260907 074953.014 INFO             PET1 ESMF_LAPACK                 : enabled
20260907 074953.014 INFO             PET1 ESMF_NETCDF                 : enabled
20260907 074953.014 INFO             PET1 ESMF_PNETCDF                : disabled
20260907 074953.014 INFO             PET1 ESMF_PIO                    : enabled
20260907 074953.014 INFO             PET1 ESMF_YAMLCPP                : enabled
20260907 074953.178 INFO             PET1 InternalState label: second named data block
20260907 074953.188 INFO             PET1 InternalState label: first named data block
20260907 074953.188 INFO             PET1 InternalState label: ESMF-default-localdata
20260907 074953.236 INFO             PET1  NUMBER_OF_PROCESSORS           4
20260907 074953.236 INFO             PET1  PASS  Example ESMF_InternalStateEx, ESMF_InternalStateEx.F90, line 218
20260907 074953.236 INFO             PET1  Finalizing ESMF
20260907 074952.980 INFO             PET2 !!!!!!!!!!!!!!!!!!!!!!!!!!!!!!!!!!!!!!!!!!!!!!!!!!!!!!
20260907 074953.007 INFO             PET2 !!! THE ESMF_LOG IS SET TO OUTPUT ALL LOG MESSAGES !!!
20260907 074953.007 INFO             PET2 !!!     THIS MAY CAUSE SLOWDOWN IN PERFORMANCE     !!!
20260907 074953.007 INFO             PET2 !!! FOR PRODUCTION RUNS, USE:                      !!!
20260907 074953.007 INFO             PET2 !!!                   ESMF_LOGKIND_Multi_On_Error  !!!
20260907 074953.007 INFO             PET2 !!!!!!!!!!!!!!!!!!!!!!!!!!!!!!!!!!!!!!!!!!!!!!!!!!!!!!
20260907 074953.007 INFO             PET2 Running with ESMF Version   : develop+g4161bf9d44
20260907 074953.014 INFO             PET2 ESMF library build date/time: "Sep  7 2026" "02:27:08"
20260907 074953.014 INFO             PET2 ESMF library build location : /usr/local/esmf/esmf-testing/gfortran_14.2.0_mpich_g_develop/esmf
20260907 074953.014 INFO             PET2 ESMF_COMM                   : mpich
20260907 074953.014 INFO             PET2 ESMF_MOAB                   : enabled
20260907 074953.014 INFO             PET2 ESMF_LAPACK                 : enabled
20260907 074953.014 INFO             PET2 ESMF_NETCDF                 : enabled
20260907 074953.014 INFO             PET2 ESMF_PNETCDF                : disabled
20260907 074953.014 INFO             PET2 ESMF_PIO                    : enabled
20260907 074953.014 INFO             PET2 ESMF_YAMLCPP                : enabled
20260907 074953.208 INFO             PET2 InternalState label: second named data block
20260907 074953.236 INFO             PET2 InternalState label: first named data block
20260907 074953.236 INFO             PET2 InternalState label: ESMF-default-localdata
20260907 074953.237 INFO             PET2  NUMBER_OF_PROCESSORS           4
20260907 074953.237 INFO             PET2  PASS  Example ESMF_InternalStateEx, ESMF_InternalStateEx.F90, line 218
20260907 074953.237 INFO             PET2  Finalizing ESMF
20260907 074952.986 INFO             PET3 !!!!!!!!!!!!!!!!!!!!!!!!!!!!!!!!!!!!!!!!!!!!!!!!!!!!!!
20260907 074953.006 INFO             PET3 !!! THE ESMF_LOG IS SET TO OUTPUT ALL LOG MESSAGES !!!
20260907 074953.006 INFO             PET3 !!!     THIS MAY CAUSE SLOWDOWN IN PERFORMANCE     !!!
20260907 074953.006 INFO             PET3 !!! FOR PRODUCTION RUNS, USE:                      !!!
20260907 074953.006 INFO             PET3 !!!                   ESMF_LOGKIND_Multi_On_Error  !!!
20260907 074953.006 INFO             PET3 !!!!!!!!!!!!!!!!!!!!!!!!!!!!!!!!!!!!!!!!!!!!!!!!!!!!!!
20260907 074953.006 INFO             PET3 Running with ESMF Version   : develop+g4161bf9d44
20260907 074953.015 INFO             PET3 ESMF library build date/time: "Sep  7 2026" "02:27:08"
20260907 074953.015 INFO             PET3 ESMF library build location : /usr/local/esmf/esmf-testing/gfortran_14.2.0_mpich_g_develop/esmf
20260907 074953.015 INFO             PET3 ESMF_COMM                   : mpich
20260907 074953.015 INFO             PET3 ESMF_MOAB                   : enabled
20260907 074953.015 INFO             PET3 ESMF_LAPACK                 : enabled
20260907 074953.015 INFO             PET3 ESMF_NETCDF                 : enabled
20260907 074953.015 INFO             PET3 ESMF_PNETCDF                : disabled
20260907 074953.015 INFO             PET3 ESMF_PIO                    : enabled
20260907 074953.015 INFO             PET3 ESMF_YAMLCPP                : enabled
20260907 074953.179 INFO             PET3 InternalState label: second named data block
20260907 074953.189 INFO             PET3 InternalState label: first named data block
20260907 074953.189 INFO             PET3 InternalState label: ESMF-default-localdata
20260907 074953.228 INFO             PET3  NUMBER_OF_PROCESSORS           4
20260907 074953.228 INFO             PET3  PASS  Example ESMF_InternalStateEx, ESMF_InternalStateEx.F90, line 218
20260907 074953.236 INFO             PET3  Finalizing ESMF
