2026-09-03 09:33:34
20260903 101636.458 INFO             PET0 !!!!!!!!!!!!!!!!!!!!!!!!!!!!!!!!!!!!!!!!!!!!!!!!!!!!!!
20260903 101636.459 INFO             PET0 !!! THE ESMF_LOG IS SET TO OUTPUT ALL LOG MESSAGES !!!
20260903 101636.459 INFO             PET0 !!!     THIS MAY CAUSE SLOWDOWN IN PERFORMANCE     !!!
20260903 101636.459 INFO             PET0 !!! FOR PRODUCTION RUNS, USE:                      !!!
20260903 101636.459 INFO             PET0 !!!                   ESMF_LOGKIND_Multi_On_Error  !!!
20260903 101636.459 INFO             PET0 !!!!!!!!!!!!!!!!!!!!!!!!!!!!!!!!!!!!!!!!!!!!!!!!!!!!!!
20260903 101636.459 INFO             PET0 Running with ESMF Version   : develop+g4161bf9d44
20260903 101636.460 INFO             PET0 ESMF library build date/time: "Sep  3 2026" "09:28:38"
20260903 101636.460 INFO             PET0 ESMF library build location : /usr/local/esmf/esmf-testing/gfortranclang_14.2.0_17.0.0_mpich_O_develop/esmf
20260903 101636.460 INFO             PET0 ESMF_COMM                   : mpich
20260903 101636.460 INFO             PET0 ESMF_MOAB                   : enabled
20260903 101636.460 INFO             PET0 ESMF_LAPACK                 : enabled
20260903 101636.460 INFO             PET0 ESMF_NETCDF                 : enabled
20260903 101636.460 INFO             PET0 ESMF_PNETCDF                : disabled
20260903 101636.460 INFO             PET0 ESMF_PIO                    : enabled
20260903 101636.460 INFO             PET0 ESMF_YAMLCPP                : enabled
20260903 101636.463 INFO             PET0  NUMBER_OF_PROCESSORS           1
20260903 101636.463 INFO             PET0  PASS  Example ESMF_AlarmEx, ESMF_AlarmEx.F90, line 244
20260903 101636.464 INFO             PET0  Finalizing ESMF
