2026-09-19 01:41:59
20260919 021302.328 INFO             PET0 !!!!!!!!!!!!!!!!!!!!!!!!!!!!!!!!!!!!!!!!!!!!!!!!!!!!!!
20260919 021302.338 INFO             PET0 !!! THE ESMF_LOG IS SET TO OUTPUT ALL LOG MESSAGES !!!
20260919 021302.338 INFO             PET0 !!!     THIS MAY CAUSE SLOWDOWN IN PERFORMANCE     !!!
20260919 021302.338 INFO             PET0 !!! FOR PRODUCTION RUNS, USE:                      !!!
20260919 021302.338 INFO             PET0 !!!                   ESMF_LOGKIND_Multi_On_Error  !!!
20260919 021302.338 INFO             PET0 !!!!!!!!!!!!!!!!!!!!!!!!!!!!!!!!!!!!!!!!!!!!!!!!!!!!!!
20260919 021302.338 INFO             PET0 Running with ESMF Version   : v9.0.0b19
20260919 021302.338 INFO             PET0 ESMF library build date/time: "Sep 19 2026" "01:40:25"
20260919 021302.338 INFO             PET0 ESMF library build location : /usr/local/esmf/esmf-testing/gfortranclang_14.2.0_17.0.0_mpich_O_develop/esmf
20260919 021302.338 INFO             PET0 ESMF_COMM                   : mpich
20260919 021302.339 INFO             PET0 ESMF_MOAB                   : enabled
20260919 021302.339 INFO             PET0 ESMF_LAPACK                 : enabled
20260919 021302.339 INFO             PET0 ESMF_NETCDF                 : enabled
20260919 021302.339 INFO             PET0 ESMF_PNETCDF                : disabled
20260919 021302.339 INFO             PET0 ESMF_PIO                    : enabled
20260919 021302.339 INFO             PET0 ESMF_YAMLCPP                : enabled
20260919 021302.360 INFO             PET0 ESMF_FieldRedistStoreNF(): Just entered routine.
20260919 021302.495 INFO             PET0 ESMF_FieldRedistStoreNF(): Leaving routine.
20260919 021302.513 INFO             PET0  NUMBER_OF_PROCESSORS           4
20260919 021302.513 INFO             PET0  PASS  Example ESMF_RHandleFromRHandleEx, ESMF_RHandleFromRHandleEx.F90, line 660
20260919 021302.513 INFO             PET0  Finalizing ESMF
20260919 021302.328 INFO             PET1 !!!!!!!!!!!!!!!!!!!!!!!!!!!!!!!!!!!!!!!!!!!!!!!!!!!!!!
20260919 021302.349 INFO             PET1 !!! THE ESMF_LOG IS SET TO OUTPUT ALL LOG MESSAGES !!!
20260919 021302.349 INFO             PET1 !!!     THIS MAY CAUSE SLOWDOWN IN PERFORMANCE     !!!
20260919 021302.349 INFO             PET1 !!! FOR PRODUCTION RUNS, USE:                      !!!
20260919 021302.349 INFO             PET1 !!!                   ESMF_LOGKIND_Multi_On_Error  !!!
20260919 021302.349 INFO             PET1 !!!!!!!!!!!!!!!!!!!!!!!!!!!!!!!!!!!!!!!!!!!!!!!!!!!!!!
20260919 021302.349 INFO             PET1 Running with ESMF Version   : v9.0.0b19
20260919 021302.349 INFO             PET1 ESMF library build date/time: "Sep 19 2026" "01:40:25"
20260919 021302.349 INFO             PET1 ESMF library build location : /usr/local/esmf/esmf-testing/gfortranclang_14.2.0_17.0.0_mpich_O_develop/esmf
20260919 021302.349 INFO             PET1 ESMF_COMM                   : mpich
20260919 021302.349 INFO             PET1 ESMF_MOAB                   : enabled
20260919 021302.349 INFO             PET1 ESMF_LAPACK                 : enabled
20260919 021302.349 INFO             PET1 ESMF_NETCDF                 : enabled
20260919 021302.349 INFO             PET1 ESMF_PNETCDF                : disabled
20260919 021302.349 INFO             PET1 ESMF_PIO                    : enabled
20260919 021302.349 INFO             PET1 ESMF_YAMLCPP                : enabled
20260919 021302.360 INFO             PET1 ESMF_FieldRedistStoreNF(): Just entered routine.
20260919 021302.495 INFO             PET1 ESMF_FieldRedistStoreNF(): Leaving routine.
20260919 021302.513 INFO             PET1  NUMBER_OF_PROCESSORS           4
20260919 021302.513 INFO             PET1  PASS  Example ESMF_RHandleFromRHandleEx, ESMF_RHandleFromRHandleEx.F90, line 660
20260919 021302.513 INFO             PET1  Finalizing ESMF
20260919 021302.328 INFO             PET2 !!!!!!!!!!!!!!!!!!!!!!!!!!!!!!!!!!!!!!!!!!!!!!!!!!!!!!
20260919 021302.340 INFO             PET2 !!! THE ESMF_LOG IS SET TO OUTPUT ALL LOG MESSAGES !!!
20260919 021302.340 INFO             PET2 !!!     THIS MAY CAUSE SLOWDOWN IN PERFORMANCE     !!!
20260919 021302.340 INFO             PET2 !!! FOR PRODUCTION RUNS, USE:                      !!!
20260919 021302.340 INFO             PET2 !!!                   ESMF_LOGKIND_Multi_On_Error  !!!
20260919 021302.340 INFO             PET2 !!!!!!!!!!!!!!!!!!!!!!!!!!!!!!!!!!!!!!!!!!!!!!!!!!!!!!
20260919 021302.340 INFO             PET2 Running with ESMF Version   : v9.0.0b19
20260919 021302.340 INFO             PET2 ESMF library build date/time: "Sep 19 2026" "01:40:25"
20260919 021302.340 INFO             PET2 ESMF library build location : /usr/local/esmf/esmf-testing/gfortranclang_14.2.0_17.0.0_mpich_O_develop/esmf
20260919 021302.340 INFO             PET2 ESMF_COMM                   : mpich
20260919 021302.341 INFO             PET2 ESMF_MOAB                   : enabled
20260919 021302.341 INFO             PET2 ESMF_LAPACK                 : enabled
20260919 021302.341 INFO             PET2 ESMF_NETCDF                 : enabled
20260919 021302.341 INFO             PET2 ESMF_PNETCDF                : disabled
20260919 021302.341 INFO             PET2 ESMF_PIO                    : enabled
20260919 021302.341 INFO             PET2 ESMF_YAMLCPP                : enabled
20260919 021302.360 INFO             PET2 ESMF_FieldRedistStoreNF(): Just entered routine.
20260919 021302.495 INFO             PET2 ESMF_FieldRedistStoreNF(): Leaving routine.
20260919 021302.513 INFO             PET2  NUMBER_OF_PROCESSORS           4
20260919 021302.513 INFO             PET2  PASS  Example ESMF_RHandleFromRHandleEx, ESMF_RHandleFromRHandleEx.F90, line 660
20260919 021302.513 INFO             PET2  Finalizing ESMF
20260919 021302.328 INFO             PET3 !!!!!!!!!!!!!!!!!!!!!!!!!!!!!!!!!!!!!!!!!!!!!!!!!!!!!!
20260919 021302.348 INFO             PET3 !!! THE ESMF_LOG IS SET TO OUTPUT ALL LOG MESSAGES !!!
20260919 021302.348 INFO             PET3 !!!     THIS MAY CAUSE SLOWDOWN IN PERFORMANCE     !!!
20260919 021302.348 INFO             PET3 !!! FOR PRODUCTION RUNS, USE:                      !!!
20260919 021302.348 INFO             PET3 !!!                   ESMF_LOGKIND_Multi_On_Error  !!!
20260919 021302.348 INFO             PET3 !!!!!!!!!!!!!!!!!!!!!!!!!!!!!!!!!!!!!!!!!!!!!!!!!!!!!!
20260919 021302.348 INFO             PET3 Running with ESMF Version   : v9.0.0b19
20260919 021302.348 INFO             PET3 ESMF library build date/time: "Sep 19 2026" "01:40:25"
20260919 021302.348 INFO             PET3 ESMF library build location : /usr/local/esmf/esmf-testing/gfortranclang_14.2.0_17.0.0_mpich_O_develop/esmf
20260919 021302.348 INFO             PET3 ESMF_COMM                   : mpich
20260919 021302.348 INFO             PET3 ESMF_MOAB                   : enabled
20260919 021302.348 INFO             PET3 ESMF_LAPACK                 : enabled
20260919 021302.348 INFO             PET3 ESMF_NETCDF                 : enabled
20260919 021302.348 INFO             PET3 ESMF_PNETCDF                : disabled
20260919 021302.348 INFO             PET3 ESMF_PIO                    : enabled
20260919 021302.348 INFO             PET3 ESMF_YAMLCPP                : enabled
20260919 021302.360 INFO             PET3 ESMF_FieldRedistStoreNF(): Just entered routine.
20260919 021302.495 INFO             PET3 ESMF_FieldRedistStoreNF(): Leaving routine.
20260919 021302.513 INFO             PET3  NUMBER_OF_PROCESSORS           4
20260919 021302.513 INFO             PET3  PASS  Example ESMF_RHandleFromRHandleEx, ESMF_RHandleFromRHandleEx.F90, line 660
20260919 021302.513 INFO             PET3  Finalizing ESMF
