2026-09-03 09:33:34
20260903 101559.769 INFO             PET0 !!!!!!!!!!!!!!!!!!!!!!!!!!!!!!!!!!!!!!!!!!!!!!!!!!!!!!
20260903 101559.771 INFO             PET0 !!! THE ESMF_LOG IS SET TO OUTPUT ALL LOG MESSAGES !!!
20260903 101559.771 INFO             PET0 !!!     THIS MAY CAUSE SLOWDOWN IN PERFORMANCE     !!!
20260903 101559.771 INFO             PET0 !!! FOR PRODUCTION RUNS, USE:                      !!!
20260903 101559.771 INFO             PET0 !!!                   ESMF_LOGKIND_Multi_On_Error  !!!
20260903 101559.771 INFO             PET0 !!!!!!!!!!!!!!!!!!!!!!!!!!!!!!!!!!!!!!!!!!!!!!!!!!!!!!
20260903 101559.771 INFO             PET0 Running with ESMF Version   : develop+g4161bf9d44
20260903 101559.772 INFO             PET0 ESMF library build date/time: "Sep  3 2026" "09:28:38"
20260903 101559.772 INFO             PET0 ESMF library build location : /usr/local/esmf/esmf-testing/gfortranclang_14.2.0_17.0.0_mpich_O_develop/esmf
20260903 101559.772 INFO             PET0 ESMF_COMM                   : mpich
20260903 101559.772 INFO             PET0 ESMF_MOAB                   : enabled
20260903 101559.772 INFO             PET0 ESMF_LAPACK                 : enabled
20260903 101559.772 INFO             PET0 ESMF_NETCDF                 : enabled
20260903 101559.772 INFO             PET0 ESMF_PNETCDF                : disabled
20260903 101559.772 INFO             PET0 ESMF_PIO                    : enabled
20260903 101559.772 INFO             PET0 ESMF_YAMLCPP                : enabled
20260903 101559.775 INFO             PET0  NUMBER_OF_PROCESSORS           2
20260903 101559.775 INFO             PET0  PASS  Example ESMF_VMUserMpiCommEx, ESMF_VMUserMpiCommEx.F90, line 113
20260903 101559.775 INFO             PET0  Finalizing ESMF with endflag==ESMF_END_KEEPMPI
20260903 101559.769 INFO             PET1 !!!!!!!!!!!!!!!!!!!!!!!!!!!!!!!!!!!!!!!!!!!!!!!!!!!!!!
20260903 101559.771 INFO             PET1 !!! THE ESMF_LOG IS SET TO OUTPUT ALL LOG MESSAGES !!!
20260903 101559.771 INFO             PET1 !!!     THIS MAY CAUSE SLOWDOWN IN PERFORMANCE     !!!
20260903 101559.771 INFO             PET1 !!! FOR PRODUCTION RUNS, USE:                      !!!
20260903 101559.771 INFO             PET1 !!!                   ESMF_LOGKIND_Multi_On_Error  !!!
20260903 101559.771 INFO             PET1 !!!!!!!!!!!!!!!!!!!!!!!!!!!!!!!!!!!!!!!!!!!!!!!!!!!!!!
20260903 101559.771 INFO             PET1 Running with ESMF Version   : develop+g4161bf9d44
20260903 101559.772 INFO             PET1 ESMF library build date/time: "Sep  3 2026" "09:28:38"
20260903 101559.772 INFO             PET1 ESMF library build location : /usr/local/esmf/esmf-testing/gfortranclang_14.2.0_17.0.0_mpich_O_develop/esmf
20260903 101559.772 INFO             PET1 ESMF_COMM                   : mpich
20260903 101559.772 INFO             PET1 ESMF_MOAB                   : enabled
20260903 101559.772 INFO             PET1 ESMF_LAPACK                 : enabled
20260903 101559.772 INFO             PET1 ESMF_NETCDF                 : enabled
20260903 101559.772 INFO             PET1 ESMF_PNETCDF                : disabled
20260903 101559.772 INFO             PET1 ESMF_PIO                    : enabled
20260903 101559.772 INFO             PET1 ESMF_YAMLCPP                : enabled
20260903 101559.775 INFO             PET1  NUMBER_OF_PROCESSORS           2
20260903 101559.775 INFO             PET1  PASS  Example ESMF_VMUserMpiCommEx, ESMF_VMUserMpiCommEx.F90, line 113
20260903 101559.775 INFO             PET1  Finalizing ESMF with endflag==ESMF_END_KEEPMPI
