2026-09-18 01:41:32
20260918 021156.559 INFO             PET0 !!!!!!!!!!!!!!!!!!!!!!!!!!!!!!!!!!!!!!!!!!!!!!!!!!!!!!
20260918 021156.560 INFO             PET0 !!! THE ESMF_LOG IS SET TO OUTPUT ALL LOG MESSAGES !!!
20260918 021156.560 INFO             PET0 !!!     THIS MAY CAUSE SLOWDOWN IN PERFORMANCE     !!!
20260918 021156.560 INFO             PET0 !!! FOR PRODUCTION RUNS, USE:                      !!!
20260918 021156.560 INFO             PET0 !!!                   ESMF_LOGKIND_Multi_On_Error  !!!
20260918 021156.560 INFO             PET0 !!!!!!!!!!!!!!!!!!!!!!!!!!!!!!!!!!!!!!!!!!!!!!!!!!!!!!
20260918 021156.560 INFO             PET0 Running with ESMF Version   : develop+gb6b90e9e0c
20260918 021156.560 INFO             PET0 ESMF library build date/time: "Sep 18 2026" "01:39:59"
20260918 021156.560 INFO             PET0 ESMF library build location : /usr/local/esmf/esmf-testing/gfortranclang_14.2.0_17.0.0_mpich_O_develop/esmf
20260918 021156.560 INFO             PET0 ESMF_COMM                   : mpich
20260918 021156.560 INFO             PET0 ESMF_MOAB                   : enabled
20260918 021156.560 INFO             PET0 ESMF_LAPACK                 : enabled
20260918 021156.560 INFO             PET0 ESMF_NETCDF                 : enabled
20260918 021156.560 INFO             PET0 ESMF_PNETCDF                : disabled
20260918 021156.560 INFO             PET0 ESMF_PIO                    : enabled
20260918 021156.560 INFO             PET0 ESMF_YAMLCPP                : enabled
20260918 021156.582 INFO             PET0  NUMBER_OF_PROCESSORS           4
20260918 021156.582 INFO             PET0  PASS  Example ESMF_VMUserMpiCommMultiEx, ESMF_VMUserMpiCommMultiEx.F90, line 126
20260918 021156.582 INFO             PET0  Finalizing ESMF with endflag==ESMF_END_KEEPMPI
20260918 021156.561 INFO             PET0 !!!!!!!!!!!!!!!!!!!!!!!!!!!!!!!!!!!!!!!!!!!!!!!!!!!!!!
20260918 021156.579 INFO             PET0 !!! THE ESMF_LOG IS SET TO OUTPUT ALL LOG MESSAGES !!!
20260918 021156.579 INFO             PET0 !!!     THIS MAY CAUSE SLOWDOWN IN PERFORMANCE     !!!
20260918 021156.579 INFO             PET0 !!! FOR PRODUCTION RUNS, USE:                      !!!
20260918 021156.579 INFO             PET0 !!!                   ESMF_LOGKIND_Multi_On_Error  !!!
20260918 021156.579 INFO             PET0 !!!!!!!!!!!!!!!!!!!!!!!!!!!!!!!!!!!!!!!!!!!!!!!!!!!!!!
20260918 021156.579 INFO             PET0 Running with ESMF Version   : develop+gb6b90e9e0c
20260918 021156.579 INFO             PET0 ESMF library build date/time: "Sep 18 2026" "01:39:59"
20260918 021156.579 INFO             PET0 ESMF library build location : /usr/local/esmf/esmf-testing/gfortranclang_14.2.0_17.0.0_mpich_O_develop/esmf
20260918 021156.579 INFO             PET0 ESMF_COMM                   : mpich
20260918 021156.579 INFO             PET0 ESMF_MOAB                   : enabled
20260918 021156.579 INFO             PET0 ESMF_LAPACK                 : enabled
20260918 021156.579 INFO             PET0 ESMF_NETCDF                 : enabled
20260918 021156.579 INFO             PET0 ESMF_PNETCDF                : disabled
20260918 021156.579 INFO             PET0 ESMF_PIO                    : enabled
20260918 021156.579 INFO             PET0 ESMF_YAMLCPP                : enabled
20260918 021156.582 INFO             PET0  NUMBER_OF_PROCESSORS           4
20260918 021156.582 INFO             PET0  PASS  Example ESMF_VMUserMpiCommMultiEx, ESMF_VMUserMpiCommMultiEx.F90, line 154
20260918 021156.582 INFO             PET0  Finalizing ESMF with endflag==ESMF_END_KEEPMPI
20260918 021156.559 INFO             PET1 !!!!!!!!!!!!!!!!!!!!!!!!!!!!!!!!!!!!!!!!!!!!!!!!!!!!!!
20260918 021156.578 INFO             PET1 !!! THE ESMF_LOG IS SET TO OUTPUT ALL LOG MESSAGES !!!
20260918 021156.578 INFO             PET1 !!!     THIS MAY CAUSE SLOWDOWN IN PERFORMANCE     !!!
20260918 021156.578 INFO             PET1 !!! FOR PRODUCTION RUNS, USE:                      !!!
20260918 021156.578 INFO             PET1 !!!                   ESMF_LOGKIND_Multi_On_Error  !!!
20260918 021156.578 INFO             PET1 !!!!!!!!!!!!!!!!!!!!!!!!!!!!!!!!!!!!!!!!!!!!!!!!!!!!!!
20260918 021156.578 INFO             PET1 Running with ESMF Version   : develop+gb6b90e9e0c
20260918 021156.578 INFO             PET1 ESMF library build date/time: "Sep 18 2026" "01:39:59"
20260918 021156.578 INFO             PET1 ESMF library build location : /usr/local/esmf/esmf-testing/gfortranclang_14.2.0_17.0.0_mpich_O_develop/esmf
20260918 021156.578 INFO             PET1 ESMF_COMM                   : mpich
20260918 021156.579 INFO             PET1 ESMF_MOAB                   : enabled
20260918 021156.579 INFO             PET1 ESMF_LAPACK                 : enabled
20260918 021156.579 INFO             PET1 ESMF_NETCDF                 : enabled
20260918 021156.579 INFO             PET1 ESMF_PNETCDF                : disabled
20260918 021156.579 INFO             PET1 ESMF_PIO                    : enabled
20260918 021156.579 INFO             PET1 ESMF_YAMLCPP                : enabled
20260918 021156.582 INFO             PET1  NUMBER_OF_PROCESSORS           4
20260918 021156.582 INFO             PET1  PASS  Example ESMF_VMUserMpiCommMultiEx, ESMF_VMUserMpiCommMultiEx.F90, line 126
20260918 021156.582 INFO             PET1  Finalizing ESMF with endflag==ESMF_END_KEEPMPI
20260918 021156.558 INFO             PET1 !!!!!!!!!!!!!!!!!!!!!!!!!!!!!!!!!!!!!!!!!!!!!!!!!!!!!!
20260918 021156.559 INFO             PET1 !!! THE ESMF_LOG IS SET TO OUTPUT ALL LOG MESSAGES !!!
20260918 021156.559 INFO             PET1 !!!     THIS MAY CAUSE SLOWDOWN IN PERFORMANCE     !!!
20260918 021156.559 INFO             PET1 !!! FOR PRODUCTION RUNS, USE:                      !!!
20260918 021156.559 INFO             PET1 !!!                   ESMF_LOGKIND_Multi_On_Error  !!!
20260918 021156.559 INFO             PET1 !!!!!!!!!!!!!!!!!!!!!!!!!!!!!!!!!!!!!!!!!!!!!!!!!!!!!!
20260918 021156.559 INFO             PET1 Running with ESMF Version   : develop+gb6b90e9e0c
20260918 021156.559 INFO             PET1 ESMF library build date/time: "Sep 18 2026" "01:39:59"
20260918 021156.559 INFO             PET1 ESMF library build location : /usr/local/esmf/esmf-testing/gfortranclang_14.2.0_17.0.0_mpich_O_develop/esmf
20260918 021156.559 INFO             PET1 ESMF_COMM                   : mpich
20260918 021156.559 INFO             PET1 ESMF_MOAB                   : enabled
20260918 021156.559 INFO             PET1 ESMF_LAPACK                 : enabled
20260918 021156.559 INFO             PET1 ESMF_NETCDF                 : enabled
20260918 021156.559 INFO             PET1 ESMF_PNETCDF                : disabled
20260918 021156.559 INFO             PET1 ESMF_PIO                    : enabled
20260918 021156.559 INFO             PET1 ESMF_YAMLCPP                : enabled
20260918 021156.582 INFO             PET1  NUMBER_OF_PROCESSORS           4
20260918 021156.582 INFO             PET1  PASS  Example ESMF_VMUserMpiCommMultiEx, ESMF_VMUserMpiCommMultiEx.F90, line 154
20260918 021156.582 INFO             PET1  Finalizing ESMF with endflag==ESMF_END_KEEPMPI
