2026-09-03 23:06:25
20260904 002704.384 INFO             PET0 !!!!!!!!!!!!!!!!!!!!!!!!!!!!!!!!!!!!!!!!!!!!!!!!!!!!!!
20260904 002704.384 INFO             PET0 !!! THE ESMF_LOG IS SET TO OUTPUT ALL LOG MESSAGES !!!
20260904 002704.384 INFO             PET0 !!!     THIS MAY CAUSE SLOWDOWN IN PERFORMANCE     !!!
20260904 002704.384 INFO             PET0 !!! FOR PRODUCTION RUNS, USE:                      !!!
20260904 002704.384 INFO             PET0 !!!                   ESMF_LOGKIND_Multi_On_Error  !!!
20260904 002704.384 INFO             PET0 !!!!!!!!!!!!!!!!!!!!!!!!!!!!!!!!!!!!!!!!!!!!!!!!!!!!!!
20260904 002704.384 INFO             PET0 Running with ESMF Version   : develop+g4161bf9d44
20260904 002704.384 INFO             PET0 ESMF library build date/time: "Sep  3 2026" "23:03:55"
20260904 002704.384 INFO             PET0 ESMF library build location : /discover/nobackup/projects/gmao/SIteam/ESMF_Testing/gfortran_14.2.0_openmpi_O_develop/esmf
20260904 002704.384 INFO             PET0 ESMF_COMM                   : openmpi
20260904 002704.384 INFO             PET0 ESMF_MOAB                   : enabled
20260904 002704.384 INFO             PET0 ESMF_LAPACK                 : enabled
20260904 002704.384 INFO             PET0 ESMF_NETCDF                 : enabled
20260904 002704.384 INFO             PET0 ESMF_PNETCDF                : disabled
20260904 002704.384 INFO             PET0 ESMF_PIO                    : enabled
20260904 002704.384 INFO             PET0 ESMF_YAMLCPP                : enabled
20260904 002704.384 INFO             PET0 Log Write 2
20260904 002704.384 ERROR            PET0 Invalid object  - Convergence failure
20260904 002704.384 ERROR            PET0 ESMCI_Time.C:866 ESMCI::Time::syncToRealTime() Wrong argument specified  - ; calkindflag is NOCALENDAR. Only GREGORIAN and JULIAN are supported when syncing to real time.
20260904 002704.384 ERROR            PET0 ESMF_Time.F90:1495 ESMF_TimeSyncToRealTime() Wrong argument specified  - Internal subroutine call returned Error
20260904 002704.384 ERROR            PET0 Wrong argument specified  - getting wall clock time
20260904 002704.384 INFO             PET0  NUMBER_OF_PROCESSORS           4
20260904 002704.384 INFO             PET0  PASS  Example ESMF_LogErrEx, ESMF_LogErrEx.F90, line 186
20260904 002704.384 INFO             PET0  Finalizing ESMF
20260904 002704.383 INFO             PET1 !!!!!!!!!!!!!!!!!!!!!!!!!!!!!!!!!!!!!!!!!!!!!!!!!!!!!!
20260904 002704.383 INFO             PET1 !!! THE ESMF_LOG IS SET TO OUTPUT ALL LOG MESSAGES !!!
20260904 002704.383 INFO             PET1 !!!     THIS MAY CAUSE SLOWDOWN IN PERFORMANCE     !!!
20260904 002704.383 INFO             PET1 !!! FOR PRODUCTION RUNS, USE:                      !!!
20260904 002704.383 INFO             PET1 !!!                   ESMF_LOGKIND_Multi_On_Error  !!!
20260904 002704.383 INFO             PET1 !!!!!!!!!!!!!!!!!!!!!!!!!!!!!!!!!!!!!!!!!!!!!!!!!!!!!!
20260904 002704.383 INFO             PET1 Running with ESMF Version   : develop+g4161bf9d44
20260904 002704.383 INFO             PET1 ESMF library build date/time: "Sep  3 2026" "23:03:55"
20260904 002704.383 INFO             PET1 ESMF library build location : /discover/nobackup/projects/gmao/SIteam/ESMF_Testing/gfortran_14.2.0_openmpi_O_develop/esmf
20260904 002704.383 INFO             PET1 ESMF_COMM                   : openmpi
20260904 002704.384 INFO             PET1 ESMF_MOAB                   : enabled
20260904 002704.384 INFO             PET1 ESMF_LAPACK                 : enabled
20260904 002704.384 INFO             PET1 ESMF_NETCDF                 : enabled
20260904 002704.384 INFO             PET1 ESMF_PNETCDF                : disabled
20260904 002704.384 INFO             PET1 ESMF_PIO                    : enabled
20260904 002704.384 INFO             PET1 ESMF_YAMLCPP                : enabled
20260904 002704.384 INFO             PET1 Log Write 2
20260904 002704.384 ERROR            PET1 Invalid object  - Convergence failure
20260904 002704.384 ERROR            PET1 ESMCI_Time.C:866 ESMCI::Time::syncToRealTime() Wrong argument specified  - ; calkindflag is NOCALENDAR. Only GREGORIAN and JULIAN are supported when syncing to real time.
20260904 002704.384 ERROR            PET1 ESMF_Time.F90:1495 ESMF_TimeSyncToRealTime() Wrong argument specified  - Internal subroutine call returned Error
20260904 002704.384 ERROR            PET1 Wrong argument specified  - getting wall clock time
20260904 002704.385 INFO             PET1  NUMBER_OF_PROCESSORS           4
20260904 002704.385 INFO             PET1  PASS  Example ESMF_LogErrEx, ESMF_LogErrEx.F90, line 186
20260904 002704.385 INFO             PET1  Finalizing ESMF
20260904 002704.383 INFO             PET2 !!!!!!!!!!!!!!!!!!!!!!!!!!!!!!!!!!!!!!!!!!!!!!!!!!!!!!
20260904 002704.383 INFO             PET2 !!! THE ESMF_LOG IS SET TO OUTPUT ALL LOG MESSAGES !!!
20260904 002704.383 INFO             PET2 !!!     THIS MAY CAUSE SLOWDOWN IN PERFORMANCE     !!!
20260904 002704.383 INFO             PET2 !!! FOR PRODUCTION RUNS, USE:                      !!!
20260904 002704.383 INFO             PET2 !!!                   ESMF_LOGKIND_Multi_On_Error  !!!
20260904 002704.383 INFO             PET2 !!!!!!!!!!!!!!!!!!!!!!!!!!!!!!!!!!!!!!!!!!!!!!!!!!!!!!
20260904 002704.383 INFO             PET2 Running with ESMF Version   : develop+g4161bf9d44
20260904 002704.383 INFO             PET2 ESMF library build date/time: "Sep  3 2026" "23:03:55"
20260904 002704.383 INFO             PET2 ESMF library build location : /discover/nobackup/projects/gmao/SIteam/ESMF_Testing/gfortran_14.2.0_openmpi_O_develop/esmf
20260904 002704.383 INFO             PET2 ESMF_COMM                   : openmpi
20260904 002704.383 INFO             PET2 ESMF_MOAB                   : enabled
20260904 002704.383 INFO             PET2 ESMF_LAPACK                 : enabled
20260904 002704.383 INFO             PET2 ESMF_NETCDF                 : enabled
20260904 002704.383 INFO             PET2 ESMF_PNETCDF                : disabled
20260904 002704.383 INFO             PET2 ESMF_PIO                    : enabled
20260904 002704.383 INFO             PET2 ESMF_YAMLCPP                : enabled
20260904 002704.384 INFO             PET2 Log Write 2
20260904 002704.384 ERROR            PET2 Invalid object  - Convergence failure
20260904 002704.384 ERROR            PET2 ESMCI_Time.C:866 ESMCI::Time::syncToRealTime() Wrong argument specified  - ; calkindflag is NOCALENDAR. Only GREGORIAN and JULIAN are supported when syncing to real time.
20260904 002704.384 ERROR            PET2 ESMF_Time.F90:1495 ESMF_TimeSyncToRealTime() Wrong argument specified  - Internal subroutine call returned Error
20260904 002704.384 ERROR            PET2 Wrong argument specified  - getting wall clock time
20260904 002704.385 INFO             PET2  NUMBER_OF_PROCESSORS           4
20260904 002704.385 INFO             PET2  PASS  Example ESMF_LogErrEx, ESMF_LogErrEx.F90, line 186
20260904 002704.385 INFO             PET2  Finalizing ESMF
20260904 002704.383 INFO             PET3 !!!!!!!!!!!!!!!!!!!!!!!!!!!!!!!!!!!!!!!!!!!!!!!!!!!!!!
20260904 002704.383 INFO             PET3 !!! THE ESMF_LOG IS SET TO OUTPUT ALL LOG MESSAGES !!!
20260904 002704.383 INFO             PET3 !!!     THIS MAY CAUSE SLOWDOWN IN PERFORMANCE     !!!
20260904 002704.383 INFO             PET3 !!! FOR PRODUCTION RUNS, USE:                      !!!
20260904 002704.383 INFO             PET3 !!!                   ESMF_LOGKIND_Multi_On_Error  !!!
20260904 002704.383 INFO             PET3 !!!!!!!!!!!!!!!!!!!!!!!!!!!!!!!!!!!!!!!!!!!!!!!!!!!!!!
20260904 002704.383 INFO             PET3 Running with ESMF Version   : develop+g4161bf9d44
20260904 002704.383 INFO             PET3 ESMF library build date/time: "Sep  3 2026" "23:03:55"
20260904 002704.383 INFO             PET3 ESMF library build location : /discover/nobackup/projects/gmao/SIteam/ESMF_Testing/gfortran_14.2.0_openmpi_O_develop/esmf
20260904 002704.383 INFO             PET3 ESMF_COMM                   : openmpi
20260904 002704.383 INFO             PET3 ESMF_MOAB                   : enabled
20260904 002704.383 INFO             PET3 ESMF_LAPACK                 : enabled
20260904 002704.383 INFO             PET3 ESMF_NETCDF                 : enabled
20260904 002704.383 INFO             PET3 ESMF_PNETCDF                : disabled
20260904 002704.383 INFO             PET3 ESMF_PIO                    : enabled
20260904 002704.383 INFO             PET3 ESMF_YAMLCPP                : enabled
20260904 002704.384 INFO             PET3 Log Write 2
20260904 002704.384 ERROR            PET3 Invalid object  - Convergence failure
20260904 002704.384 ERROR            PET3 ESMCI_Time.C:866 ESMCI::Time::syncToRealTime() Wrong argument specified  - ; calkindflag is NOCALENDAR. Only GREGORIAN and JULIAN are supported when syncing to real time.
20260904 002704.384 ERROR            PET3 ESMF_Time.F90:1495 ESMF_TimeSyncToRealTime() Wrong argument specified  - Internal subroutine call returned Error
20260904 002704.384 ERROR            PET3 Wrong argument specified  - getting wall clock time
20260904 002704.385 INFO             PET3  NUMBER_OF_PROCESSORS           4
20260904 002704.385 INFO             PET3  PASS  Example ESMF_LogErrEx, ESMF_LogErrEx.F90, line 186
20260904 002704.385 INFO             PET3  Finalizing ESMF
