2026-08-30 05:56:16
20260830 062625.228 INFO             PET0 !!!!!!!!!!!!!!!!!!!!!!!!!!!!!!!!!!!!!!!!!!!!!!!!!!!!!!
20260830 062625.229 INFO             PET0 !!! THE ESMF_LOG IS SET TO OUTPUT ALL LOG MESSAGES !!!
20260830 062625.229 INFO             PET0 !!!     THIS MAY CAUSE SLOWDOWN IN PERFORMANCE     !!!
20260830 062625.229 INFO             PET0 !!! FOR PRODUCTION RUNS, USE:                      !!!
20260830 062625.229 INFO             PET0 !!!                   ESMF_LOGKIND_Multi_On_Error  !!!
20260830 062625.229 INFO             PET0 !!!!!!!!!!!!!!!!!!!!!!!!!!!!!!!!!!!!!!!!!!!!!!!!!!!!!!
20260830 062625.229 INFO             PET0 Running with ESMF Version   : develop+g1082792c4b
20260830 062625.229 INFO             PET0 ESMF library build date/time: "Aug 30 2026" "05:54:43"
20260830 062625.229 INFO             PET0 ESMF library build location : /usr/local/esmf/esmf-testing/gfortran_14.2.0_openmpi_g_develop/esmf
20260830 062625.229 INFO             PET0 ESMF_COMM                   : openmpi
20260830 062625.229 INFO             PET0 ESMF_MOAB                   : enabled
20260830 062625.229 INFO             PET0 ESMF_LAPACK                 : enabled
20260830 062625.229 INFO             PET0 ESMF_NETCDF                 : enabled
20260830 062625.229 INFO             PET0 ESMF_PNETCDF                : disabled
20260830 062625.229 INFO             PET0 ESMF_PIO                    : enabled
20260830 062625.229 INFO             PET0 ESMF_YAMLCPP                : enabled
20260830 062625.233 INFO             PET0 =============================================
20260830 062625.233 INFO             PET0 ESMX (Earth System Model eXecutable) STARTING
20260830 062625.233 INFO             PET0 =============================================
20260830 062625.236 DEBUG            PET0 Generic SetVM() is executing for: ESMX_Driver
20260830 062625.245 DEBUG            PET0 Generic SetVM() found no NUOPC Hint for: ESMX_Driver
20260830 062625.245 DEBUG            PET0 Generic SetVM() therefore is NOT calling ESMF_GridCompSetVMMaxPEs() for: ESMX_Driver
20260830 062625.258 INFO             PET0 =============================================
20260830 062625.258 INFO             PET0 ESMX (Earth System Model eXecutable) FINISHED
20260830 062625.258 INFO             PET0 =============================================
20260830 062625.258 INFO             PET0  Finalizing ESMF
20260830 062625.229 INFO             PET1 !!!!!!!!!!!!!!!!!!!!!!!!!!!!!!!!!!!!!!!!!!!!!!!!!!!!!!
20260830 062625.231 INFO             PET1 !!! THE ESMF_LOG IS SET TO OUTPUT ALL LOG MESSAGES !!!
20260830 062625.231 INFO             PET1 !!!     THIS MAY CAUSE SLOWDOWN IN PERFORMANCE     !!!
20260830 062625.231 INFO             PET1 !!! FOR PRODUCTION RUNS, USE:                      !!!
20260830 062625.231 INFO             PET1 !!!                   ESMF_LOGKIND_Multi_On_Error  !!!
20260830 062625.231 INFO             PET1 !!!!!!!!!!!!!!!!!!!!!!!!!!!!!!!!!!!!!!!!!!!!!!!!!!!!!!
20260830 062625.231 INFO             PET1 Running with ESMF Version   : develop+g1082792c4b
20260830 062625.231 INFO             PET1 ESMF library build date/time: "Aug 30 2026" "05:54:43"
20260830 062625.231 INFO             PET1 ESMF library build location : /usr/local/esmf/esmf-testing/gfortran_14.2.0_openmpi_g_develop/esmf
20260830 062625.231 INFO             PET1 ESMF_COMM                   : openmpi
20260830 062625.231 INFO             PET1 ESMF_MOAB                   : enabled
20260830 062625.231 INFO             PET1 ESMF_LAPACK                 : enabled
20260830 062625.231 INFO             PET1 ESMF_NETCDF                 : enabled
20260830 062625.231 INFO             PET1 ESMF_PNETCDF                : disabled
20260830 062625.231 INFO             PET1 ESMF_PIO                    : enabled
20260830 062625.231 INFO             PET1 ESMF_YAMLCPP                : enabled
20260830 062625.233 INFO             PET1 =============================================
20260830 062625.233 INFO             PET1 ESMX (Earth System Model eXecutable) STARTING
20260830 062625.233 INFO             PET1 =============================================
20260830 062625.238 DEBUG            PET1 Generic SetVM() is executing for: ESMX_Driver
20260830 062625.243 DEBUG            PET1 Generic SetVM() found no NUOPC Hint for: ESMX_Driver
20260830 062625.243 DEBUG            PET1 Generic SetVM() therefore is NOT calling ESMF_GridCompSetVMMaxPEs() for: ESMX_Driver
20260830 062625.258 INFO             PET1 =============================================
20260830 062625.258 INFO             PET1 ESMX (Earth System Model eXecutable) FINISHED
20260830 062625.258 INFO             PET1 =============================================
20260830 062625.258 INFO             PET1  Finalizing ESMF
20260830 062625.228 INFO             PET2 !!!!!!!!!!!!!!!!!!!!!!!!!!!!!!!!!!!!!!!!!!!!!!!!!!!!!!
20260830 062625.229 INFO             PET2 !!! THE ESMF_LOG IS SET TO OUTPUT ALL LOG MESSAGES !!!
20260830 062625.229 INFO             PET2 !!!     THIS MAY CAUSE SLOWDOWN IN PERFORMANCE     !!!
20260830 062625.229 INFO             PET2 !!! FOR PRODUCTION RUNS, USE:                      !!!
20260830 062625.229 INFO             PET2 !!!                   ESMF_LOGKIND_Multi_On_Error  !!!
20260830 062625.229 INFO             PET2 !!!!!!!!!!!!!!!!!!!!!!!!!!!!!!!!!!!!!!!!!!!!!!!!!!!!!!
20260830 062625.229 INFO             PET2 Running with ESMF Version   : develop+g1082792c4b
20260830 062625.229 INFO             PET2 ESMF library build date/time: "Aug 30 2026" "05:54:43"
20260830 062625.229 INFO             PET2 ESMF library build location : /usr/local/esmf/esmf-testing/gfortran_14.2.0_openmpi_g_develop/esmf
20260830 062625.229 INFO             PET2 ESMF_COMM                   : openmpi
20260830 062625.229 INFO             PET2 ESMF_MOAB                   : enabled
20260830 062625.229 INFO             PET2 ESMF_LAPACK                 : enabled
20260830 062625.229 INFO             PET2 ESMF_NETCDF                 : enabled
20260830 062625.229 INFO             PET2 ESMF_PNETCDF                : disabled
20260830 062625.229 INFO             PET2 ESMF_PIO                    : enabled
20260830 062625.229 INFO             PET2 ESMF_YAMLCPP                : enabled
20260830 062625.233 INFO             PET2 =============================================
20260830 062625.233 INFO             PET2 ESMX (Earth System Model eXecutable) STARTING
20260830 062625.233 INFO             PET2 =============================================
20260830 062625.236 DEBUG            PET2 Generic SetVM() is executing for: ESMX_Driver
20260830 062625.240 DEBUG            PET2 Generic SetVM() found no NUOPC Hint for: ESMX_Driver
20260830 062625.240 DEBUG            PET2 Generic SetVM() therefore is NOT calling ESMF_GridCompSetVMMaxPEs() for: ESMX_Driver
20260830 062625.258 INFO             PET2 =============================================
20260830 062625.258 INFO             PET2 ESMX (Earth System Model eXecutable) FINISHED
20260830 062625.258 INFO             PET2 =============================================
20260830 062625.258 INFO             PET2  Finalizing ESMF
20260830 062625.228 INFO             PET3 !!!!!!!!!!!!!!!!!!!!!!!!!!!!!!!!!!!!!!!!!!!!!!!!!!!!!!
20260830 062625.229 INFO             PET3 !!! THE ESMF_LOG IS SET TO OUTPUT ALL LOG MESSAGES !!!
20260830 062625.229 INFO             PET3 !!!     THIS MAY CAUSE SLOWDOWN IN PERFORMANCE     !!!
20260830 062625.229 INFO             PET3 !!! FOR PRODUCTION RUNS, USE:                      !!!
20260830 062625.229 INFO             PET3 !!!                   ESMF_LOGKIND_Multi_On_Error  !!!
20260830 062625.229 INFO             PET3 !!!!!!!!!!!!!!!!!!!!!!!!!!!!!!!!!!!!!!!!!!!!!!!!!!!!!!
20260830 062625.229 INFO             PET3 Running with ESMF Version   : develop+g1082792c4b
20260830 062625.229 INFO             PET3 ESMF library build date/time: "Aug 30 2026" "05:54:43"
20260830 062625.229 INFO             PET3 ESMF library build location : /usr/local/esmf/esmf-testing/gfortran_14.2.0_openmpi_g_develop/esmf
20260830 062625.229 INFO             PET3 ESMF_COMM                   : openmpi
20260830 062625.229 INFO             PET3 ESMF_MOAB                   : enabled
20260830 062625.229 INFO             PET3 ESMF_LAPACK                 : enabled
20260830 062625.229 INFO             PET3 ESMF_NETCDF                 : enabled
20260830 062625.229 INFO             PET3 ESMF_PNETCDF                : disabled
20260830 062625.229 INFO             PET3 ESMF_PIO                    : enabled
20260830 062625.229 INFO             PET3 ESMF_YAMLCPP                : enabled
20260830 062625.233 INFO             PET3 =============================================
20260830 062625.233 INFO             PET3 ESMX (Earth System Model eXecutable) STARTING
20260830 062625.233 INFO             PET3 =============================================
20260830 062625.237 DEBUG            PET3 Generic SetVM() is executing for: ESMX_Driver
20260830 062625.240 DEBUG            PET3 Generic SetVM() found no NUOPC Hint for: ESMX_Driver
20260830 062625.240 DEBUG            PET3 Generic SetVM() therefore is NOT calling ESMF_GridCompSetVMMaxPEs() for: ESMX_Driver
20260830 062625.258 INFO             PET3 =============================================
20260830 062625.258 INFO             PET3 ESMX (Earth System Model eXecutable) FINISHED
20260830 062625.258 INFO             PET3 =============================================
20260830 062625.258 INFO             PET3  Finalizing ESMF
