2026-08-31 06:01:04
20260831 063148.711 INFO             PET0 !!!!!!!!!!!!!!!!!!!!!!!!!!!!!!!!!!!!!!!!!!!!!!!!!!!!!!
20260831 063148.712 INFO             PET0 !!! THE ESMF_LOG IS SET TO OUTPUT ALL LOG MESSAGES !!!
20260831 063148.712 INFO             PET0 !!!     THIS MAY CAUSE SLOWDOWN IN PERFORMANCE     !!!
20260831 063148.712 INFO             PET0 !!! FOR PRODUCTION RUNS, USE:                      !!!
20260831 063148.712 INFO             PET0 !!!                   ESMF_LOGKIND_Multi_On_Error  !!!
20260831 063148.712 INFO             PET0 !!!!!!!!!!!!!!!!!!!!!!!!!!!!!!!!!!!!!!!!!!!!!!!!!!!!!!
20260831 063148.712 INFO             PET0 Running with ESMF Version   : develop+g1082792c4b
20260831 063148.712 INFO             PET0 ESMF library build date/time: "Aug 31 2026" "05:59:31"
20260831 063148.712 INFO             PET0 ESMF library build location : /usr/local/esmf/esmf-testing/gfortran_14.2.0_openmpi_g_develop/esmf
20260831 063148.712 INFO             PET0 ESMF_COMM                   : openmpi
20260831 063148.712 INFO             PET0 ESMF_MOAB                   : enabled
20260831 063148.712 INFO             PET0 ESMF_LAPACK                 : enabled
20260831 063148.712 INFO             PET0 ESMF_NETCDF                 : enabled
20260831 063148.712 INFO             PET0 ESMF_PNETCDF                : disabled
20260831 063148.712 INFO             PET0 ESMF_PIO                    : enabled
20260831 063148.712 INFO             PET0 ESMF_YAMLCPP                : enabled
20260831 063148.715 INFO             PET0 =============================================
20260831 063148.715 INFO             PET0 ESMX (Earth System Model eXecutable) STARTING
20260831 063148.715 INFO             PET0 =============================================
20260831 063148.720 DEBUG            PET0 Generic SetVM() is executing for: ESMX_Driver
20260831 063148.723 DEBUG            PET0 Generic SetVM() found no NUOPC Hint for: ESMX_Driver
20260831 063148.723 DEBUG            PET0 Generic SetVM() therefore is NOT calling ESMF_GridCompSetVMMaxPEs() for: ESMX_Driver
20260831 063148.730 INFO             PET0 ESMX_Driver: InitializeGeneric intro.
20260831 063148.730 INFO             PET0   >>>ESMX_Driver: entered Initialize (phase=<none>) without valid internal Clock.
20260831 063148.730 INFO             PET0   ESMX_Driver: InitializeP0 intro.
20260831 063148.730 INFO             PET0     >>>ESMX_Driver: entered Initialize (phase=<none>) without valid internal Clock.
20260831 063148.730 INFO             PET0     <<<ESMX_Driver: leaving Initialize (phase=<none>) without valid internal Clock.
20260831 063148.730 INFO             PET0   ESMX_Driver: InitializeP0 extro.
20260831 063148.730 INFO             PET0   ESMX_Driver: InitializeIPDv02p1 intro.
20260831 063148.730 INFO             PET0     >>>ESMX_Driver: entered Initialize (phase=<none>) without valid internal Clock.
20260831 063148.731 INFO             PET0     ESMX_Driver: IInitAdvertise intro.
20260831 063148.731 INFO             PET0       >>>ESMX_Driver: entered Initialize (phase=<none>) with current time: 2012 10 24  8  0  0   0
20260831 063148.731 INFO             PET0       <<<ESMX_Driver: leaving Initialize (phase=<none>) with current time: 2012 10 24  8  0  0   0
20260831 063148.731 INFO             PET0     ESMX_Driver: IInitAdvertise extro.
20260831 063148.732 INFO             PET0     ESMX_Driver: IInitAdvertiseFinish intro.
20260831 063148.732 INFO             PET0       >>>ESMX_Driver: entered Initialize (phase=<none>) with current time: 2012 10 24  8  0  0   0
20260831 063148.732 INFO             PET0       <<<ESMX_Driver: leaving Initialize (phase=<none>) with current time: 2012 10 24  8  0  0   0
20260831 063148.732 INFO             PET0     ESMX_Driver: IInitAdvertiseFinish extro.
20260831 063148.732 INFO             PET0     ESMX_Driver: IInitModifyCplLists intro.
20260831 063148.732 INFO             PET0       >>>ESMX_Driver: entered Initialize (phase=<none>) with current time: 2012 10 24  8  0  0   0
20260831 063148.732 INFO             PET0       <<<ESMX_Driver: leaving Initialize (phase=<none>) with current time: 2012 10 24  8  0  0   0
20260831 063148.732 INFO             PET0     ESMX_Driver: IInitModifyCplLists extro.
20260831 063148.732 INFO             PET0     <<<ESMX_Driver: leaving Initialize (phase=<none>) with current time: 2012 10 24  8  0  0   0
20260831 063148.732 INFO             PET0   ESMX_Driver: InitializeIPDv02p1 extro.
20260831 063148.732 INFO             PET0   ESMX_Driver: InitializeIPDv02p3 intro.
20260831 063148.732 INFO             PET0     >>>ESMX_Driver: entered Initialize (phase=<none>) with current time: 2012 10 24  8  0  0   0
20260831 063148.732 INFO             PET0     ESMX_Driver: IInitCheck intro.
20260831 063148.732 INFO             PET0       >>>ESMX_Driver: entered Initialize (phase=<none>) with current time: 2012 10 24  8  0  0   0
20260831 063148.732 INFO             PET0       <<<ESMX_Driver: leaving Initialize (phase=<none>) with current time: 2012 10 24  8  0  0   0
20260831 063148.732 INFO             PET0     ESMX_Driver: IInitCheck extro.
20260831 063148.732 INFO             PET0     ESMX_Driver: IInitRealize intro.
20260831 063148.732 INFO             PET0       >>>ESMX_Driver: entered Initialize (phase=<none>) with current time: 2012 10 24  8  0  0   0
20260831 063148.732 INFO             PET0       <<<ESMX_Driver: leaving Initialize (phase=<none>) with current time: 2012 10 24  8  0  0   0
20260831 063148.732 INFO             PET0     ESMX_Driver: IInitRealize extro.
20260831 063148.733 INFO             PET0     <<<ESMX_Driver: leaving Initialize (phase=<none>) with current time: 2012 10 24  8  0  0   0
20260831 063148.733 INFO             PET0   ESMX_Driver: InitializeIPDv02p3 extro.
20260831 063148.733 INFO             PET0   ESMX_Driver: InitializeIPDv02p5 intro.
20260831 063148.733 INFO             PET0     >>>ESMX_Driver: entered Initialize (phase=<none>) with current time: 2012 10 24  8  0  0   0
20260831 063148.733 INFO             PET0     ESMX_Driver: InitializeIPDv02p5Data intro.
20260831 063148.733 INFO             PET0       >>>ESMX_Driver: entered Initialize (phase=<none>) with current time: 2012 10 24  8  0  0   0
20260831 063148.733 INFO             PET0       ESMX_Driver: InternalInitializeComplete intro.
20260831 063148.733 INFO             PET0         >>>ESMX_Driver: entered Initialize (phase=<none>) with current time: 2012 10 24  8  0  0   0
20260831 063148.733 INFO             PET0         <<<ESMX_Driver: leaving Initialize (phase=<none>) with current time: 2012 10 24  8  0  0   0
20260831 063148.733 INFO             PET0       ESMX_Driver: InternalInitializeComplete extro.
20260831 063148.735 INFO             PET0       ESMX_Driver: loopDataDependentInitialize intro.
20260831 063148.735 INFO             PET0         >>>ESMX_Driver: entered Initialize (phase=<none>) with current time: 2012 10 24  8  0  0   0
20260831 063148.736 INFO             PET0         <<<ESMX_Driver: leaving Initialize (phase=<none>) with current time: 2012 10 24  8  0  0   0
20260831 063148.736 INFO             PET0       ESMX_Driver: loopDataDependentInitialize extro.
20260831 063148.736 INFO             PET0       <<<ESMX_Driver: leaving Initialize (phase=<none>) with current time: 2012 10 24  8  0  0   0
20260831 063148.736 INFO             PET0     ESMX_Driver: InitializeIPDv02p5Data extro.
20260831 063148.736 INFO             PET0     <<<ESMX_Driver: leaving Initialize (phase=<none>) with current time: 2012 10 24  8  0  0   0
20260831 063148.736 INFO             PET0   ESMX_Driver: InitializeIPDv02p5 extro.
20260831 063148.736 INFO             PET0   <<<ESMX_Driver: leaving Initialize (phase=<none>) with current time: 2012 10 24  8  0  0   0
20260831 063148.736 INFO             PET0 ESMX_Driver: InitializeGeneric extro.
20260831 063148.736 INFO             PET0 ESMX_Driver: Run intro.
20260831 063148.736 INFO             PET0   >>>ESMX_Driver: entered Run (phase=RunPhase1) with current time: 2012 10 24  8  0  0   0
20260831 063148.736 INFO             PET0   <<<ESMX_Driver: leaving Run (phase=RunPhase1) with current time: 2012 10 24  8  0  0   0
20260831 063148.736 INFO             PET0 ESMX_Driver: Run extro.
20260831 063148.736 INFO             PET0 ESMX_Driver: Finalize intro.
20260831 063148.736 INFO             PET0   >>>ESMX_Driver: entered Finalize (phase=FinalizePhase1) with current time: 2012 10 24  8  0  0   0
20260831 063148.736 INFO             PET0   <<<ESMX_Driver: leaving Finalize (phase=FinalizePhase1) with current time: 2012 10 24  8  0  0   0
20260831 063148.736 INFO             PET0 ESMX_Driver: Finalize extro.
20260831 063148.737 INFO             PET0 =============================================
20260831 063148.737 INFO             PET0 ESMX (Earth System Model eXecutable) FINISHED
20260831 063148.737 INFO             PET0 =============================================
20260831 063148.737 INFO             PET0  Finalizing ESMF
20260831 063148.709 INFO             PET1 !!!!!!!!!!!!!!!!!!!!!!!!!!!!!!!!!!!!!!!!!!!!!!!!!!!!!!
20260831 063148.711 INFO             PET1 !!! THE ESMF_LOG IS SET TO OUTPUT ALL LOG MESSAGES !!!
20260831 063148.711 INFO             PET1 !!!     THIS MAY CAUSE SLOWDOWN IN PERFORMANCE     !!!
20260831 063148.711 INFO             PET1 !!! FOR PRODUCTION RUNS, USE:                      !!!
20260831 063148.711 INFO             PET1 !!!                   ESMF_LOGKIND_Multi_On_Error  !!!
20260831 063148.711 INFO             PET1 !!!!!!!!!!!!!!!!!!!!!!!!!!!!!!!!!!!!!!!!!!!!!!!!!!!!!!
20260831 063148.711 INFO             PET1 Running with ESMF Version   : develop+g1082792c4b
20260831 063148.711 INFO             PET1 ESMF library build date/time: "Aug 31 2026" "05:59:31"
20260831 063148.711 INFO             PET1 ESMF library build location : /usr/local/esmf/esmf-testing/gfortran_14.2.0_openmpi_g_develop/esmf
20260831 063148.711 INFO             PET1 ESMF_COMM                   : openmpi
20260831 063148.711 INFO             PET1 ESMF_MOAB                   : enabled
20260831 063148.711 INFO             PET1 ESMF_LAPACK                 : enabled
20260831 063148.711 INFO             PET1 ESMF_NETCDF                 : enabled
20260831 063148.711 INFO             PET1 ESMF_PNETCDF                : disabled
20260831 063148.711 INFO             PET1 ESMF_PIO                    : enabled
20260831 063148.711 INFO             PET1 ESMF_YAMLCPP                : enabled
20260831 063148.714 INFO             PET1 =============================================
20260831 063148.714 INFO             PET1 ESMX (Earth System Model eXecutable) STARTING
20260831 063148.714 INFO             PET1 =============================================
20260831 063148.721 DEBUG            PET1 Generic SetVM() is executing for: ESMX_Driver
20260831 063148.726 DEBUG            PET1 Generic SetVM() found no NUOPC Hint for: ESMX_Driver
20260831 063148.726 DEBUG            PET1 Generic SetVM() therefore is NOT calling ESMF_GridCompSetVMMaxPEs() for: ESMX_Driver
20260831 063148.730 INFO             PET1 ESMX_Driver: InitializeGeneric intro.
20260831 063148.730 INFO             PET1   >>>ESMX_Driver: entered Initialize (phase=<none>) without valid internal Clock.
20260831 063148.730 INFO             PET1   ESMX_Driver: InitializeP0 intro.
20260831 063148.730 INFO             PET1     >>>ESMX_Driver: entered Initialize (phase=<none>) without valid internal Clock.
20260831 063148.730 INFO             PET1     <<<ESMX_Driver: leaving Initialize (phase=<none>) without valid internal Clock.
20260831 063148.730 INFO             PET1   ESMX_Driver: InitializeP0 extro.
20260831 063148.730 INFO             PET1   ESMX_Driver: InitializeIPDv02p1 intro.
20260831 063148.730 INFO             PET1     >>>ESMX_Driver: entered Initialize (phase=<none>) without valid internal Clock.
20260831 063148.731 INFO             PET1     ESMX_Driver: IInitAdvertise intro.
20260831 063148.731 INFO             PET1       >>>ESMX_Driver: entered Initialize (phase=<none>) with current time: 2012 10 24  8  0  0   0
20260831 063148.731 INFO             PET1       <<<ESMX_Driver: leaving Initialize (phase=<none>) with current time: 2012 10 24  8  0  0   0
20260831 063148.731 INFO             PET1     ESMX_Driver: IInitAdvertise extro.
20260831 063148.732 INFO             PET1     ESMX_Driver: IInitAdvertiseFinish intro.
20260831 063148.732 INFO             PET1       >>>ESMX_Driver: entered Initialize (phase=<none>) with current time: 2012 10 24  8  0  0   0
20260831 063148.732 INFO             PET1       <<<ESMX_Driver: leaving Initialize (phase=<none>) with current time: 2012 10 24  8  0  0   0
20260831 063148.732 INFO             PET1     ESMX_Driver: IInitAdvertiseFinish extro.
20260831 063148.732 INFO             PET1     ESMX_Driver: IInitModifyCplLists intro.
20260831 063148.732 INFO             PET1       >>>ESMX_Driver: entered Initialize (phase=<none>) with current time: 2012 10 24  8  0  0   0
20260831 063148.732 INFO             PET1       <<<ESMX_Driver: leaving Initialize (phase=<none>) with current time: 2012 10 24  8  0  0   0
20260831 063148.732 INFO             PET1     ESMX_Driver: IInitModifyCplLists extro.
20260831 063148.732 INFO             PET1     <<<ESMX_Driver: leaving Initialize (phase=<none>) with current time: 2012 10 24  8  0  0   0
20260831 063148.732 INFO             PET1   ESMX_Driver: InitializeIPDv02p1 extro.
20260831 063148.732 INFO             PET1   ESMX_Driver: InitializeIPDv02p3 intro.
20260831 063148.732 INFO             PET1     >>>ESMX_Driver: entered Initialize (phase=<none>) with current time: 2012 10 24  8  0  0   0
20260831 063148.732 INFO             PET1     ESMX_Driver: IInitCheck intro.
20260831 063148.732 INFO             PET1       >>>ESMX_Driver: entered Initialize (phase=<none>) with current time: 2012 10 24  8  0  0   0
20260831 063148.732 INFO             PET1       <<<ESMX_Driver: leaving Initialize (phase=<none>) with current time: 2012 10 24  8  0  0   0
20260831 063148.732 INFO             PET1     ESMX_Driver: IInitCheck extro.
20260831 063148.732 INFO             PET1     ESMX_Driver: IInitRealize intro.
20260831 063148.732 INFO             PET1       >>>ESMX_Driver: entered Initialize (phase=<none>) with current time: 2012 10 24  8  0  0   0
20260831 063148.732 INFO             PET1       <<<ESMX_Driver: leaving Initialize (phase=<none>) with current time: 2012 10 24  8  0  0   0
20260831 063148.732 INFO             PET1     ESMX_Driver: IInitRealize extro.
20260831 063148.733 INFO             PET1     <<<ESMX_Driver: leaving Initialize (phase=<none>) with current time: 2012 10 24  8  0  0   0
20260831 063148.733 INFO             PET1   ESMX_Driver: InitializeIPDv02p3 extro.
20260831 063148.733 INFO             PET1   ESMX_Driver: InitializeIPDv02p5 intro.
20260831 063148.733 INFO             PET1     >>>ESMX_Driver: entered Initialize (phase=<none>) with current time: 2012 10 24  8  0  0   0
20260831 063148.733 INFO             PET1     ESMX_Driver: InitializeIPDv02p5Data intro.
20260831 063148.733 INFO             PET1       >>>ESMX_Driver: entered Initialize (phase=<none>) with current time: 2012 10 24  8  0  0   0
20260831 063148.733 INFO             PET1       ESMX_Driver: InternalInitializeComplete intro.
20260831 063148.733 INFO             PET1         >>>ESMX_Driver: entered Initialize (phase=<none>) with current time: 2012 10 24  8  0  0   0
20260831 063148.733 INFO             PET1         <<<ESMX_Driver: leaving Initialize (phase=<none>) with current time: 2012 10 24  8  0  0   0
20260831 063148.733 INFO             PET1       ESMX_Driver: InternalInitializeComplete extro.
20260831 063148.735 INFO             PET1       ESMX_Driver: loopDataDependentInitialize intro.
20260831 063148.735 INFO             PET1         >>>ESMX_Driver: entered Initialize (phase=<none>) with current time: 2012 10 24  8  0  0   0
20260831 063148.736 INFO             PET1         <<<ESMX_Driver: leaving Initialize (phase=<none>) with current time: 2012 10 24  8  0  0   0
20260831 063148.736 INFO             PET1       ESMX_Driver: loopDataDependentInitialize extro.
20260831 063148.736 INFO             PET1       <<<ESMX_Driver: leaving Initialize (phase=<none>) with current time: 2012 10 24  8  0  0   0
20260831 063148.736 INFO             PET1     ESMX_Driver: InitializeIPDv02p5Data extro.
20260831 063148.736 INFO             PET1     <<<ESMX_Driver: leaving Initialize (phase=<none>) with current time: 2012 10 24  8  0  0   0
20260831 063148.736 INFO             PET1   ESMX_Driver: InitializeIPDv02p5 extro.
20260831 063148.736 INFO             PET1   <<<ESMX_Driver: leaving Initialize (phase=<none>) with current time: 2012 10 24  8  0  0   0
20260831 063148.736 INFO             PET1 ESMX_Driver: InitializeGeneric extro.
20260831 063148.736 INFO             PET1 ESMX_Driver: Run intro.
20260831 063148.736 INFO             PET1   >>>ESMX_Driver: entered Run (phase=RunPhase1) with current time: 2012 10 24  8  0  0   0
20260831 063148.737 INFO             PET1   <<<ESMX_Driver: leaving Run (phase=RunPhase1) with current time: 2012 10 24  8  0  0   0
20260831 063148.737 INFO             PET1 ESMX_Driver: Run extro.
20260831 063148.737 INFO             PET1 ESMX_Driver: Finalize intro.
20260831 063148.737 INFO             PET1   >>>ESMX_Driver: entered Finalize (phase=FinalizePhase1) with current time: 2012 10 24  8  0  0   0
20260831 063148.737 INFO             PET1   <<<ESMX_Driver: leaving Finalize (phase=FinalizePhase1) with current time: 2012 10 24  8  0  0   0
20260831 063148.737 INFO             PET1 ESMX_Driver: Finalize extro.
20260831 063148.737 INFO             PET1 =============================================
20260831 063148.737 INFO             PET1 ESMX (Earth System Model eXecutable) FINISHED
20260831 063148.737 INFO             PET1 =============================================
20260831 063148.737 INFO             PET1  Finalizing ESMF
20260831 063148.708 INFO             PET2 !!!!!!!!!!!!!!!!!!!!!!!!!!!!!!!!!!!!!!!!!!!!!!!!!!!!!!
20260831 063148.709 INFO             PET2 !!! THE ESMF_LOG IS SET TO OUTPUT ALL LOG MESSAGES !!!
20260831 063148.709 INFO             PET2 !!!     THIS MAY CAUSE SLOWDOWN IN PERFORMANCE     !!!
20260831 063148.709 INFO             PET2 !!! FOR PRODUCTION RUNS, USE:                      !!!
20260831 063148.709 INFO             PET2 !!!                   ESMF_LOGKIND_Multi_On_Error  !!!
20260831 063148.709 INFO             PET2 !!!!!!!!!!!!!!!!!!!!!!!!!!!!!!!!!!!!!!!!!!!!!!!!!!!!!!
20260831 063148.709 INFO             PET2 Running with ESMF Version   : develop+g1082792c4b
20260831 063148.709 INFO             PET2 ESMF library build date/time: "Aug 31 2026" "05:59:31"
20260831 063148.709 INFO             PET2 ESMF library build location : /usr/local/esmf/esmf-testing/gfortran_14.2.0_openmpi_g_develop/esmf
20260831 063148.709 INFO             PET2 ESMF_COMM                   : openmpi
20260831 063148.709 INFO             PET2 ESMF_MOAB                   : enabled
20260831 063148.709 INFO             PET2 ESMF_LAPACK                 : enabled
20260831 063148.709 INFO             PET2 ESMF_NETCDF                 : enabled
20260831 063148.709 INFO             PET2 ESMF_PNETCDF                : disabled
20260831 063148.709 INFO             PET2 ESMF_PIO                    : enabled
20260831 063148.709 INFO             PET2 ESMF_YAMLCPP                : enabled
20260831 063148.714 INFO             PET2 =============================================
20260831 063148.714 INFO             PET2 ESMX (Earth System Model eXecutable) STARTING
20260831 063148.714 INFO             PET2 =============================================
20260831 063148.721 DEBUG            PET2 Generic SetVM() is executing for: ESMX_Driver
20260831 063148.724 DEBUG            PET2 Generic SetVM() found no NUOPC Hint for: ESMX_Driver
20260831 063148.724 DEBUG            PET2 Generic SetVM() therefore is NOT calling ESMF_GridCompSetVMMaxPEs() for: ESMX_Driver
20260831 063148.731 INFO             PET2 ESMX_Driver: InitializeGeneric intro.
20260831 063148.731 INFO             PET2   >>>ESMX_Driver: entered Initialize (phase=<none>) without valid internal Clock.
20260831 063148.731 INFO             PET2   ESMX_Driver: InitializeP0 intro.
20260831 063148.732 INFO             PET2     >>>ESMX_Driver: entered Initialize (phase=<none>) without valid internal Clock.
20260831 063148.732 INFO             PET2     <<<ESMX_Driver: leaving Initialize (phase=<none>) without valid internal Clock.
20260831 063148.732 INFO             PET2   ESMX_Driver: InitializeP0 extro.
20260831 063148.732 INFO             PET2   ESMX_Driver: InitializeIPDv02p1 intro.
20260831 063148.732 INFO             PET2     >>>ESMX_Driver: entered Initialize (phase=<none>) without valid internal Clock.
20260831 063148.733 INFO             PET2     ESMX_Driver: IInitAdvertise intro.
20260831 063148.733 INFO             PET2       >>>ESMX_Driver: entered Initialize (phase=<none>) with current time: 2012 10 24  8  0  0   0
20260831 063148.733 INFO             PET2       <<<ESMX_Driver: leaving Initialize (phase=<none>) with current time: 2012 10 24  8  0  0   0
20260831 063148.733 INFO             PET2     ESMX_Driver: IInitAdvertise extro.
20260831 063148.733 INFO             PET2     ESMX_Driver: IInitAdvertiseFinish intro.
20260831 063148.733 INFO             PET2       >>>ESMX_Driver: entered Initialize (phase=<none>) with current time: 2012 10 24  8  0  0   0
20260831 063148.733 INFO             PET2       <<<ESMX_Driver: leaving Initialize (phase=<none>) with current time: 2012 10 24  8  0  0   0
20260831 063148.733 INFO             PET2     ESMX_Driver: IInitAdvertiseFinish extro.
20260831 063148.733 INFO             PET2     ESMX_Driver: IInitModifyCplLists intro.
20260831 063148.733 INFO             PET2       >>>ESMX_Driver: entered Initialize (phase=<none>) with current time: 2012 10 24  8  0  0   0
20260831 063148.733 INFO             PET2       <<<ESMX_Driver: leaving Initialize (phase=<none>) with current time: 2012 10 24  8  0  0   0
20260831 063148.733 INFO             PET2     ESMX_Driver: IInitModifyCplLists extro.
20260831 063148.733 INFO             PET2     <<<ESMX_Driver: leaving Initialize (phase=<none>) with current time: 2012 10 24  8  0  0   0
20260831 063148.734 INFO             PET2   ESMX_Driver: InitializeIPDv02p1 extro.
20260831 063148.734 INFO             PET2   ESMX_Driver: InitializeIPDv02p3 intro.
20260831 063148.734 INFO             PET2     >>>ESMX_Driver: entered Initialize (phase=<none>) with current time: 2012 10 24  8  0  0   0
20260831 063148.734 INFO             PET2     ESMX_Driver: IInitCheck intro.
20260831 063148.734 INFO             PET2       >>>ESMX_Driver: entered Initialize (phase=<none>) with current time: 2012 10 24  8  0  0   0
20260831 063148.734 INFO             PET2       <<<ESMX_Driver: leaving Initialize (phase=<none>) with current time: 2012 10 24  8  0  0   0
20260831 063148.734 INFO             PET2     ESMX_Driver: IInitCheck extro.
20260831 063148.734 INFO             PET2     ESMX_Driver: IInitRealize intro.
20260831 063148.734 INFO             PET2       >>>ESMX_Driver: entered Initialize (phase=<none>) with current time: 2012 10 24  8  0  0   0
20260831 063148.734 INFO             PET2       <<<ESMX_Driver: leaving Initialize (phase=<none>) with current time: 2012 10 24  8  0  0   0
20260831 063148.734 INFO             PET2     ESMX_Driver: IInitRealize extro.
20260831 063148.734 INFO             PET2     <<<ESMX_Driver: leaving Initialize (phase=<none>) with current time: 2012 10 24  8  0  0   0
20260831 063148.734 INFO             PET2   ESMX_Driver: InitializeIPDv02p3 extro.
20260831 063148.734 INFO             PET2   ESMX_Driver: InitializeIPDv02p5 intro.
20260831 063148.734 INFO             PET2     >>>ESMX_Driver: entered Initialize (phase=<none>) with current time: 2012 10 24  8  0  0   0
20260831 063148.734 INFO             PET2     ESMX_Driver: InitializeIPDv02p5Data intro.
20260831 063148.734 INFO             PET2       >>>ESMX_Driver: entered Initialize (phase=<none>) with current time: 2012 10 24  8  0  0   0
20260831 063148.734 INFO             PET2       ESMX_Driver: InternalInitializeComplete intro.
20260831 063148.734 INFO             PET2         >>>ESMX_Driver: entered Initialize (phase=<none>) with current time: 2012 10 24  8  0  0   0
20260831 063148.734 INFO             PET2         <<<ESMX_Driver: leaving Initialize (phase=<none>) with current time: 2012 10 24  8  0  0   0
20260831 063148.734 INFO             PET2       ESMX_Driver: InternalInitializeComplete extro.
20260831 063148.735 INFO             PET2       ESMX_Driver: loopDataDependentInitialize intro.
20260831 063148.735 INFO             PET2         >>>ESMX_Driver: entered Initialize (phase=<none>) with current time: 2012 10 24  8  0  0   0
20260831 063148.736 INFO             PET2         <<<ESMX_Driver: leaving Initialize (phase=<none>) with current time: 2012 10 24  8  0  0   0
20260831 063148.736 INFO             PET2       ESMX_Driver: loopDataDependentInitialize extro.
20260831 063148.736 INFO             PET2       <<<ESMX_Driver: leaving Initialize (phase=<none>) with current time: 2012 10 24  8  0  0   0
20260831 063148.736 INFO             PET2     ESMX_Driver: InitializeIPDv02p5Data extro.
20260831 063148.736 INFO             PET2     <<<ESMX_Driver: leaving Initialize (phase=<none>) with current time: 2012 10 24  8  0  0   0
20260831 063148.736 INFO             PET2   ESMX_Driver: InitializeIPDv02p5 extro.
20260831 063148.736 INFO             PET2   <<<ESMX_Driver: leaving Initialize (phase=<none>) with current time: 2012 10 24  8  0  0   0
20260831 063148.736 INFO             PET2 ESMX_Driver: InitializeGeneric extro.
20260831 063148.737 INFO             PET2 ESMX_Driver: Run intro.
20260831 063148.737 INFO             PET2   >>>ESMX_Driver: entered Run (phase=RunPhase1) with current time: 2012 10 24  8  0  0   0
20260831 063148.737 INFO             PET2   <<<ESMX_Driver: leaving Run (phase=RunPhase1) with current time: 2012 10 24  8  0  0   0
20260831 063148.737 INFO             PET2 ESMX_Driver: Run extro.
20260831 063148.737 INFO             PET2 ESMX_Driver: Finalize intro.
20260831 063148.737 INFO             PET2   >>>ESMX_Driver: entered Finalize (phase=FinalizePhase1) with current time: 2012 10 24  8  0  0   0
20260831 063148.738 INFO             PET2   <<<ESMX_Driver: leaving Finalize (phase=FinalizePhase1) with current time: 2012 10 24  8  0  0   0
20260831 063148.738 INFO             PET2 ESMX_Driver: Finalize extro.
20260831 063148.738 INFO             PET2 =============================================
20260831 063148.738 INFO             PET2 ESMX (Earth System Model eXecutable) FINISHED
20260831 063148.738 INFO             PET2 =============================================
20260831 063148.738 INFO             PET2  Finalizing ESMF
20260831 063148.708 INFO             PET3 !!!!!!!!!!!!!!!!!!!!!!!!!!!!!!!!!!!!!!!!!!!!!!!!!!!!!!
20260831 063148.709 INFO             PET3 !!! THE ESMF_LOG IS SET TO OUTPUT ALL LOG MESSAGES !!!
20260831 063148.709 INFO             PET3 !!!     THIS MAY CAUSE SLOWDOWN IN PERFORMANCE     !!!
20260831 063148.709 INFO             PET3 !!! FOR PRODUCTION RUNS, USE:                      !!!
20260831 063148.709 INFO             PET3 !!!                   ESMF_LOGKIND_Multi_On_Error  !!!
20260831 063148.709 INFO             PET3 !!!!!!!!!!!!!!!!!!!!!!!!!!!!!!!!!!!!!!!!!!!!!!!!!!!!!!
20260831 063148.709 INFO             PET3 Running with ESMF Version   : develop+g1082792c4b
20260831 063148.709 INFO             PET3 ESMF library build date/time: "Aug 31 2026" "05:59:31"
20260831 063148.709 INFO             PET3 ESMF library build location : /usr/local/esmf/esmf-testing/gfortran_14.2.0_openmpi_g_develop/esmf
20260831 063148.709 INFO             PET3 ESMF_COMM                   : openmpi
20260831 063148.709 INFO             PET3 ESMF_MOAB                   : enabled
20260831 063148.709 INFO             PET3 ESMF_LAPACK                 : enabled
20260831 063148.709 INFO             PET3 ESMF_NETCDF                 : enabled
20260831 063148.709 INFO             PET3 ESMF_PNETCDF                : disabled
20260831 063148.709 INFO             PET3 ESMF_PIO                    : enabled
20260831 063148.709 INFO             PET3 ESMF_YAMLCPP                : enabled
20260831 063148.715 INFO             PET3 =============================================
20260831 063148.715 INFO             PET3 ESMX (Earth System Model eXecutable) STARTING
20260831 063148.715 INFO             PET3 =============================================
20260831 063148.721 DEBUG            PET3 Generic SetVM() is executing for: ESMX_Driver
20260831 063148.726 DEBUG            PET3 Generic SetVM() found no NUOPC Hint for: ESMX_Driver
20260831 063148.726 DEBUG            PET3 Generic SetVM() therefore is NOT calling ESMF_GridCompSetVMMaxPEs() for: ESMX_Driver
20260831 063148.730 INFO             PET3 ESMX_Driver: InitializeGeneric intro.
20260831 063148.730 INFO             PET3   >>>ESMX_Driver: entered Initialize (phase=<none>) without valid internal Clock.
20260831 063148.730 INFO             PET3   ESMX_Driver: InitializeP0 intro.
20260831 063148.730 INFO             PET3     >>>ESMX_Driver: entered Initialize (phase=<none>) without valid internal Clock.
20260831 063148.730 INFO             PET3     <<<ESMX_Driver: leaving Initialize (phase=<none>) without valid internal Clock.
20260831 063148.730 INFO             PET3   ESMX_Driver: InitializeP0 extro.
20260831 063148.730 INFO             PET3   ESMX_Driver: InitializeIPDv02p1 intro.
20260831 063148.730 INFO             PET3     >>>ESMX_Driver: entered Initialize (phase=<none>) without valid internal Clock.
20260831 063148.731 INFO             PET3     ESMX_Driver: IInitAdvertise intro.
20260831 063148.731 INFO             PET3       >>>ESMX_Driver: entered Initialize (phase=<none>) with current time: 2012 10 24  8  0  0   0
20260831 063148.731 INFO             PET3       <<<ESMX_Driver: leaving Initialize (phase=<none>) with current time: 2012 10 24  8  0  0   0
20260831 063148.731 INFO             PET3     ESMX_Driver: IInitAdvertise extro.
20260831 063148.732 INFO             PET3     ESMX_Driver: IInitAdvertiseFinish intro.
20260831 063148.732 INFO             PET3       >>>ESMX_Driver: entered Initialize (phase=<none>) with current time: 2012 10 24  8  0  0   0
20260831 063148.732 INFO             PET3       <<<ESMX_Driver: leaving Initialize (phase=<none>) with current time: 2012 10 24  8  0  0   0
20260831 063148.732 INFO             PET3     ESMX_Driver: IInitAdvertiseFinish extro.
20260831 063148.732 INFO             PET3     ESMX_Driver: IInitModifyCplLists intro.
20260831 063148.732 INFO             PET3       >>>ESMX_Driver: entered Initialize (phase=<none>) with current time: 2012 10 24  8  0  0   0
20260831 063148.732 INFO             PET3       <<<ESMX_Driver: leaving Initialize (phase=<none>) with current time: 2012 10 24  8  0  0   0
20260831 063148.732 INFO             PET3     ESMX_Driver: IInitModifyCplLists extro.
20260831 063148.732 INFO             PET3     <<<ESMX_Driver: leaving Initialize (phase=<none>) with current time: 2012 10 24  8  0  0   0
20260831 063148.732 INFO             PET3   ESMX_Driver: InitializeIPDv02p1 extro.
20260831 063148.732 INFO             PET3   ESMX_Driver: InitializeIPDv02p3 intro.
20260831 063148.733 INFO             PET3     >>>ESMX_Driver: entered Initialize (phase=<none>) with current time: 2012 10 24  8  0  0   0
20260831 063148.733 INFO             PET3     ESMX_Driver: IInitCheck intro.
20260831 063148.733 INFO             PET3       >>>ESMX_Driver: entered Initialize (phase=<none>) with current time: 2012 10 24  8  0  0   0
20260831 063148.733 INFO             PET3       <<<ESMX_Driver: leaving Initialize (phase=<none>) with current time: 2012 10 24  8  0  0   0
20260831 063148.733 INFO             PET3     ESMX_Driver: IInitCheck extro.
20260831 063148.734 INFO             PET3     ESMX_Driver: IInitRealize intro.
20260831 063148.734 INFO             PET3       >>>ESMX_Driver: entered Initialize (phase=<none>) with current time: 2012 10 24  8  0  0   0
20260831 063148.734 INFO             PET3       <<<ESMX_Driver: leaving Initialize (phase=<none>) with current time: 2012 10 24  8  0  0   0
20260831 063148.734 INFO             PET3     ESMX_Driver: IInitRealize extro.
20260831 063148.734 INFO             PET3     <<<ESMX_Driver: leaving Initialize (phase=<none>) with current time: 2012 10 24  8  0  0   0
20260831 063148.734 INFO             PET3   ESMX_Driver: InitializeIPDv02p3 extro.
20260831 063148.734 INFO             PET3   ESMX_Driver: InitializeIPDv02p5 intro.
20260831 063148.734 INFO             PET3     >>>ESMX_Driver: entered Initialize (phase=<none>) with current time: 2012 10 24  8  0  0   0
20260831 063148.735 INFO             PET3     ESMX_Driver: InitializeIPDv02p5Data intro.
20260831 063148.735 INFO             PET3       >>>ESMX_Driver: entered Initialize (phase=<none>) with current time: 2012 10 24  8  0  0   0
20260831 063148.735 INFO             PET3       ESMX_Driver: InternalInitializeComplete intro.
20260831 063148.735 INFO             PET3         >>>ESMX_Driver: entered Initialize (phase=<none>) with current time: 2012 10 24  8  0  0   0
20260831 063148.735 INFO             PET3         <<<ESMX_Driver: leaving Initialize (phase=<none>) with current time: 2012 10 24  8  0  0   0
20260831 063148.735 INFO             PET3       ESMX_Driver: InternalInitializeComplete extro.
20260831 063148.735 INFO             PET3       ESMX_Driver: loopDataDependentInitialize intro.
20260831 063148.735 INFO             PET3         >>>ESMX_Driver: entered Initialize (phase=<none>) with current time: 2012 10 24  8  0  0   0
20260831 063148.736 INFO             PET3         <<<ESMX_Driver: leaving Initialize (phase=<none>) with current time: 2012 10 24  8  0  0   0
20260831 063148.736 INFO             PET3       ESMX_Driver: loopDataDependentInitialize extro.
20260831 063148.736 INFO             PET3       <<<ESMX_Driver: leaving Initialize (phase=<none>) with current time: 2012 10 24  8  0  0   0
20260831 063148.736 INFO             PET3     ESMX_Driver: InitializeIPDv02p5Data extro.
20260831 063148.736 INFO             PET3     <<<ESMX_Driver: leaving Initialize (phase=<none>) with current time: 2012 10 24  8  0  0   0
20260831 063148.736 INFO             PET3   ESMX_Driver: InitializeIPDv02p5 extro.
20260831 063148.736 INFO             PET3   <<<ESMX_Driver: leaving Initialize (phase=<none>) with current time: 2012 10 24  8  0  0   0
20260831 063148.736 INFO             PET3 ESMX_Driver: InitializeGeneric extro.
20260831 063148.736 INFO             PET3 ESMX_Driver: Run intro.
20260831 063148.736 INFO             PET3   >>>ESMX_Driver: entered Run (phase=RunPhase1) with current time: 2012 10 24  8  0  0   0
20260831 063148.736 INFO             PET3   <<<ESMX_Driver: leaving Run (phase=RunPhase1) with current time: 2012 10 24  8  0  0   0
20260831 063148.736 INFO             PET3 ESMX_Driver: Run extro.
20260831 063148.736 INFO             PET3 ESMX_Driver: Finalize intro.
20260831 063148.736 INFO             PET3   >>>ESMX_Driver: entered Finalize (phase=FinalizePhase1) with current time: 2012 10 24  8  0  0   0
20260831 063148.736 INFO             PET3   <<<ESMX_Driver: leaving Finalize (phase=FinalizePhase1) with current time: 2012 10 24  8  0  0   0
20260831 063148.736 INFO             PET3 ESMX_Driver: Finalize extro.
20260831 063148.736 INFO             PET3 =============================================
20260831 063148.736 INFO             PET3 ESMX (Earth System Model eXecutable) FINISHED
20260831 063148.736 INFO             PET3 =============================================
20260831 063148.736 INFO             PET3  Finalizing ESMF
