2026-09-01 19:13:32
20260901 193021.755 INFO             PET0 !!!!!!!!!!!!!!!!!!!!!!!!!!!!!!!!!!!!!!!!!!!!!!!!!!!!!!
20260901 193021.755 INFO             PET0 !!! THE ESMF_LOG IS SET TO OUTPUT ALL LOG MESSAGES !!!
20260901 193021.755 INFO             PET0 !!!     THIS MAY CAUSE SLOWDOWN IN PERFORMANCE     !!!
20260901 193021.755 INFO             PET0 !!! FOR PRODUCTION RUNS, USE:                      !!!
20260901 193021.755 INFO             PET0 !!!                   ESMF_LOGKIND_Multi_On_Error  !!!
20260901 193021.755 INFO             PET0 !!!!!!!!!!!!!!!!!!!!!!!!!!!!!!!!!!!!!!!!!!!!!!!!!!!!!!
20260901 193021.755 INFO             PET0 Running with ESMF Version   : develop+g4161bf9d44
20260901 193021.755 INFO             PET0 ESMF library build date/time: "Sep  1 2026" "19:12:22"
20260901 193021.755 INFO             PET0 ESMF library build location : /usr/local/esmf/esmf-testing/nagclang_7.2.44_17.0.0_mpiuni_O_develop/esmf
20260901 193021.755 INFO             PET0 ESMF_COMM                   : mpiuni
20260901 193021.755 INFO             PET0 ESMF_MOAB                   : enabled
20260901 193021.755 INFO             PET0 ESMF_LAPACK                 : enabled
20260901 193021.755 INFO             PET0 ESMF_NETCDF                 : enabled
20260901 193021.755 INFO             PET0 ESMF_PNETCDF                : disabled
20260901 193021.755 INFO             PET0 ESMF_PIO                    : enabled
20260901 193021.755 INFO             PET0 ESMF_YAMLCPP                : enabled
20260901 193021.758 INFO             PET0 ESMF_FieldRedistStoreNF(): Just entered routine.
20260901 193022.081 INFO             PET0 ESMF_FieldRedistStoreNF(): Leaving routine.
20260901 193022.089 INFO             PET0  NUMBER_OF_PROCESSORS 1
20260901 193022.090 INFO             PET0  PASS  Example ESMF_RHandleFromFileEx, ESMF_RHandleFromFileEx.F90, line 192
20260901 193022.090 INFO             PET0  Finalizing ESMF
