2026-09-17 19:13:01
20260917 192928.672 INFO             PET0 !!!!!!!!!!!!!!!!!!!!!!!!!!!!!!!!!!!!!!!!!!!!!!!!!!!!!!
20260917 192928.673 INFO             PET0 !!! THE ESMF_LOG IS SET TO OUTPUT ALL LOG MESSAGES !!!
20260917 192928.673 INFO             PET0 !!!     THIS MAY CAUSE SLOWDOWN IN PERFORMANCE     !!!
20260917 192928.673 INFO             PET0 !!! FOR PRODUCTION RUNS, USE:                      !!!
20260917 192928.673 INFO             PET0 !!!                   ESMF_LOGKIND_Multi_On_Error  !!!
20260917 192928.673 INFO             PET0 !!!!!!!!!!!!!!!!!!!!!!!!!!!!!!!!!!!!!!!!!!!!!!!!!!!!!!
20260917 192928.673 INFO             PET0 Running with ESMF Version   : develop+gb6b90e9e0c
20260917 192928.673 INFO             PET0 ESMF library build date/time: "Sep 17 2026" "19:11:52"
20260917 192928.673 INFO             PET0 ESMF library build location : /usr/local/esmf/esmf-testing/nagclang_7.2.44_17.0.0_mpiuni_O_develop/esmf
20260917 192928.673 INFO             PET0 ESMF_COMM                   : mpiuni
20260917 192928.673 INFO             PET0 ESMF_MOAB                   : enabled
20260917 192928.673 INFO             PET0 ESMF_LAPACK                 : enabled
20260917 192928.673 INFO             PET0 ESMF_NETCDF                 : enabled
20260917 192928.673 INFO             PET0 ESMF_PNETCDF                : disabled
20260917 192928.673 INFO             PET0 ESMF_PIO                    : enabled
20260917 192928.673 INFO             PET0 ESMF_YAMLCPP                : enabled
20260917 192928.673 INFO             PET0 ESMF Tracing Enabled
20260917 192928.673 INFO             PET0 ESMF Profiling Enabled
20260917 192928.673 INFO             PET0 ESMF Trace/Profile clock: REALTIME
20260917 192928.673 INFO             PET0  NUMBER_OF_PROCESSORS 1
20260917 192928.673 INFO             PET0  PASS  Example ESMF_TraceEx, ESMF_TraceEx.F90, line 178
20260917 192928.673 INFO             PET0  Finalizing ESMF
20260917 192928.673 INFO             PET0 **************** Region Timings *******************
20260917 192928.673 INFO             PET0 Region              Count  Total (s)   Self (s)    Mean (s)    Min (s)     Max (s)
20260917 192928.673 INFO             PET0   [ESMF]            1      0.0004      0.0003      0.0004      0.0004      0.0004
20260917 192928.673 INFO             PET0     [test] Run 1    5      0.0000      0.0000      0.0000      0.0000      0.0000
20260917 192928.673 INFO             PET0     [test] Init 1   1      0.0000      0.0000      0.0000      0.0000      0.0000
20260917 192928.673 INFO             PET0     [test] Final 1  1      0.0000      0.0000      0.0000      0.0000      0.0000
