+ '[' -z '' ']'
+ case "$-" in
+ __lmod_sh_dbg=x
+ '[' -n x ']'
+ set +x
Shell debugging temporarily silenced: export LMOD_SH_DBG_ON=1 for Lmod's output

Currently Loaded Modules:
  1) craype-x86-milan
  2) libfabric/2.3.1
  3) craype-network-ofi
  4) xpmem/2.11.5-1.3_g73ade43320bc
  5) gcc-native/14
  6) perftools-base/26.03.0
  7) cpe/26.03
  8) sqs/2.0
  9) darshan/default
 10) craype/2.7.36                     (c)
 11) cray-dsmml/0.3.1
 12) cray-mpich/9.1.0                  (mpi)
 13) cray-libsci/26.03.0
 14) PrgEnv-gnu/8.7.0                  (prgenv)
 15) cpu/1.0
 16) cmake/3.30.2
 17) cray-hdf5-parallel/1.14.3.9
 18) cray-netcdf-hdf5parallel/4.9.0.13

  Where:
   c:       Compiler
   mpi:     MPI Providers
   prgenv:  Programming Environment Modules

 

Shell debugging restarted
+ unset __lmod_sh_dbg
+ return 0
