2026-09-08 01:29:45
20260908 025319.689 INFO             PET0 !!!!!!!!!!!!!!!!!!!!!!!!!!!!!!!!!!!!!!!!!!!!!!!!!!!!!!
20260908 025319.690 INFO             PET0 !!! THE ESMF_LOG IS SET TO OUTPUT ALL LOG MESSAGES !!!
20260908 025319.690 INFO             PET0 !!!     THIS MAY CAUSE SLOWDOWN IN PERFORMANCE     !!!
20260908 025319.690 INFO             PET0 !!! FOR PRODUCTION RUNS, USE:                      !!!
20260908 025319.690 INFO             PET0 !!!                   ESMF_LOGKIND_Multi_On_Error  !!!
20260908 025319.690 INFO             PET0 !!!!!!!!!!!!!!!!!!!!!!!!!!!!!!!!!!!!!!!!!!!!!!!!!!!!!!
20260908 025319.690 INFO             PET0 Running with ESMF Version   : develop+g4161bf9d44
20260908 025319.690 INFO             PET0 ESMF library build date/time: "Sep  8 2026" "01:25:25"
20260908 025319.690 INFO             PET0 ESMF library build location : /project/esmf/ESMF-Nightly-Testing-Izumi/intel_20.0.1_mpiuni_g_develop/esmf
20260908 025319.690 INFO             PET0 ESMF_COMM                   : mpiuni
20260908 025319.693 INFO             PET0 ESMF_MOAB                   : enabled
20260908 025319.693 INFO             PET0 ESMF_LAPACK                 : enabled
20260908 025319.693 INFO             PET0 ESMF_NETCDF                 : enabled
20260908 025319.693 INFO             PET0 ESMF_PNETCDF                : disabled
20260908 025319.693 INFO             PET0 ESMF_PIO                    : enabled
20260908 025319.693 INFO             PET0 ESMF_YAMLCPP                : enabled
20260908 025319.696 INFO             PET0  NUMBER_OF_PROCESSORS           1
20260908 025319.696 INFO             PET0  PASS  Example ESMF_ArraySpecEx, ESMF_ArraySpecEx.F90, line 96
20260908 025319.696 INFO             PET0  Finalizing ESMF
