2026-09-25 01:34:08
20260925 022221.484 INFO             PET0 !!!!!!!!!!!!!!!!!!!!!!!!!!!!!!!!!!!!!!!!!!!!!!!!!!!!!!
20260925 022221.484 INFO             PET0 !!! THE ESMF_LOG IS SET TO OUTPUT ALL LOG MESSAGES !!!
20260925 022221.484 INFO             PET0 !!!     THIS MAY CAUSE SLOWDOWN IN PERFORMANCE     !!!
20260925 022221.484 INFO             PET0 !!! FOR PRODUCTION RUNS, USE:                      !!!
20260925 022221.484 INFO             PET0 !!!                   ESMF_LOGKIND_Multi_On_Error  !!!
20260925 022221.484 INFO             PET0 !!!!!!!!!!!!!!!!!!!!!!!!!!!!!!!!!!!!!!!!!!!!!!!!!!!!!!
20260925 022221.484 INFO             PET0 Running with ESMF Version   : v9.0.0b19
20260925 022221.484 INFO             PET0 ESMF library build date/time: "Sep 25 2026" "01:30:31"
20260925 022221.484 INFO             PET0 ESMF library build location : /project/esmf/ESMF-Nightly-Testing-Izumi/intel_20.0.1_mpiuni_g_develop/esmf
20260925 022221.484 INFO             PET0 ESMF_COMM                   : mpiuni
20260925 022221.487 INFO             PET0 ESMF_MOAB                   : enabled
20260925 022221.487 INFO             PET0 ESMF_LAPACK                 : enabled
20260925 022221.487 INFO             PET0 ESMF_NETCDF                 : enabled
20260925 022221.487 INFO             PET0 ESMF_PNETCDF                : disabled
20260925 022221.487 INFO             PET0 ESMF_PIO                    : enabled
20260925 022221.487 INFO             PET0 ESMF_YAMLCPP                : enabled
20260925 022221.498 INFO             PET0 ESMF_FieldRedistStoreNF(): Just entered routine.
20260925 022222.712 INFO             PET0 ESMF_FieldRedistStoreNF(): Leaving routine.
20260925 022222.750 INFO             PET0  NUMBER_OF_PROCESSORS           1
20260925 022222.752 INFO             PET0  PASS  Example ESMF_RHandleFromFileEx, ESMF_RHandleFromFileEx.F90, line 192
20260925 022222.752 INFO             PET0  Finalizing ESMF
