2026-09-15 05:11:31
--- ESMCI::ArrayBundle::print start ---
ArrayBundle: MyArrayBundle
--- ESMCI::ArrayBundle::print start ---
ArrayBundle: MyArrayBundle
arrayCount = 3
--- ESMCI::ArrayBundle::print start ---
ArrayBundle: MyArrayBundle
arrayCount = 3
--- ESMCI::ArrayBundle::print start ---
arrayCount = 3
Container::print() multipmap:item=0 key=AonFly value=0x12a00e800
Container::print() multipmap:item=0 key=AonFly value=0x132019600
Container::print() multipmap:item=1 key=Array002 value=0x13200e600
ArrayBundle: MyArrayBundle
arrayCount = 3
Container::print() multipmap:item=0 key=AonFly value=0x13d00ec00
Container::print() multipmap:item=1 key=Array002 value=0x13d008200
Container::print() multipmap:item=2 key=Array003 value=0x13d00da00
Container::print()      list:item=0 key=Array002 value=0x13d008200
Container::print()      list:item=1 key=Array003 value=0x13d00da00
Container::print()      list:item=2 key=AonFly value=0x13d00ec00
--- ESMCI::ArrayBundle::print end ---
--- ESMCI::Array::print start ---
 Base name    = AonFly
 Status: Base = Ready,  object = Ready
 Proxy        = no
 Root Info (Attributes):
{
  "ESMF": {
    "Instance": {
      "NamedAliasCount": 0
    }
  }
}Array typekind/rank: Real*4 / 2 
~ lower class' values ~
DistGrid dimCount = 2
Container::print() multipmap:item=1 key=Array002 value=0x12a00d000
Container::print() multipmap:item=2 key=Array003 value=0x12a00d600
Container::print()      list:item=0 key=Array002 value=0x12a00d000
Container::print()      list:item=1 key=Array003 value=0x12a00d600
Container::print()      list:item=2 key=AonFly value=0x12a00e800
--- ESMCI::ArrayBundle::print end ---
--- ESMCI::Array::print start ---
 Base name    = AonFly
 Status: Base = Ready,  object = Ready
 Proxy        = no
 Root Info (Attributes):
{
  "ESMF": {
    "Instance": {
      "NamedAliasCount": 0
    }
  }
}Array typekind/rank: Real*4 / 2 
~ lower class' values ~
DistGrid dimCount = 2
deCount = 6
localDeCount = 1
~ local data in LocalArray for DE 2 ~
LocalArrayPrint: Array at address 0x128b06940:
            rank = 2, typekind = 5, base_addr = 0x6000014d4260
            dim[0] = 3  dim[1] = 2  
  Real, *4, Dim 2, Data values:
( 1, 1) =  0
( 2, 1) =  0
( 3, 1) =  0
Container::print() multipmap:item=2 key=Array003 value=0x13200ec00
Container::print()      list:item=0 key=Array002 value=0x13200e600
Container::print()      list:item=1 key=Array003 value=0x13200ec00
Container::print()      list:item=2 key=AonFly value=0x132019600
--- ESMCI::ArrayBundle::print end ---
--- ESMCI::Array::print start ---
 Base name    = AonFly
 Status: Base = Ready,  object = Ready
 Proxy        = no
 Root Info (Attributes):
{
  "ESMF": {
    "Instance": {
      "NamedAliasCount": 0
    }
  }
}Array typekind/rank: Real*4 / 2 
~ lower class' values ~
DistGrid dimCount = 2
deCount = 6
( 1, 2) =  0
localDeCount = 2
deCount = 6
localDeCount = 2
~ local data in LocalArray for DE 0 ~
( 2, 2) =  0
~ local data in LocalArray for DE 1 ~
( 3, 2) =  0
LocalArrayPrint: Array at address 0x131e0b110:
            rank = 2, typekind = 5, base_addr = 0x600000980840
            dim[0] = 3  dim[1] = 2  
  Real, *4, Dim 2, Data values:
( 1, 1) =  0
( 2, 1) =  0
( 3, 1) =  0
( 1, 2) =  0
( 2, 2) =  0
( 3, 2) =  0
~ local data in LocalArray for DE 4 ~
LocalArrayPrint: Array at address 0x131e0b440:
            rank = 2, typekind = 5, base_addr = 0x600000b9c890
            dim[0] = 3  dim[1] = 1  
  Real, *4, Dim 2, Data values:
( 1, 1) =  0
( 2, 1) =  0
--- ESMCI::Array::print end ---
--- ESMCI::Array::print start ---
 Base name    = Array002
 Status: Base = Ready,  object = Ready
 Proxy        = no
 Root Info (Attributes):
LocalArrayPrint: Array at address 0x13d9075d0:
            rank = 2, typekind = 5, base_addr = 0x60000317c770
            dim[0] = 2  dim[1] = 2  
  Real, *4, Dim 2, Data values:
( 1, 1) =  0
Container::print() multipmap:item=0 key=AonFly value=0x10c811000
Container::print() multipmap:item=1 key=Array002 value=0x10c80f800
Container::print() multipmap:item=2 key=Array003 value=0x10c80fe00
( 3, 1) =  0
--- ESMCI::Array::print end ---
( 2, 1) =  0
--- ESMCI::Array::print start ---
Container::print()      list:item=0 key=Array002 value=0x10c80f800
{
( 1, 2) =  0
( 2, 2) =  0
~ local data in LocalArray for DE 5 ~
LocalArrayPrint: Array at address 0x13d907900:
            rank = 2, typekind = 5, base_addr = 0x60000317c780
            dim[0] = 2  dim[1] = 1  
  Real, *4, Dim 2, Data values:
( 1, 1) =  0
( 2, 1) =  0
--- ESMCI::Array::print end ---
--- ESMCI::Array::print start ---
 Base name    = Array002
 Status: Base = Ready,  object = Ready
 Proxy        = no
 Root Info (Attributes):
 Base name    = Array002
 Status: Base = Ready,  object = Ready
 Proxy        = no
 Root Info (Attributes):
{
  "ESMF": {
    "Instance": {
      "NamedAliasCount": 0
    }
  }
}Array typekind/rank: Real*8 / 2 
~ lower class' values ~
DistGrid dimCount = 2
deCount = 6
localDeCount = 2
~ local data in LocalArray for DE 0 ~
LocalArrayPrint: Array at address 0x131e093c0:
            rank = 2, typekind = 6, base_addr = 0x60000079c330
            dim[0] = 3  dim[1] = 2  
  Real, *8, Dim 2, Data values:
( 1, 1) =  0
( 2, 1) =  0
( 3, 1) =  0
( 1, 2) =  0
( 2, 2) =  0
( 3, 2) =  0
  "ESMF": {
    "Instance": {
      "NamedAliasCount": 0
    }
  }
}Array typekind/rank: Real*8 / 2 
~ lower class' values ~
DistGrid dimCount = 2
deCount = 6
localDeCount = 1
~ local data in LocalArray for DE 2 ~
LocalArrayPrint: Array at address 0x128b058b0:
            rank = 2, typekind = 6, base_addr = 0x600001ad0240
            dim[0] = 3  dim[1] = 2  
Container::print()      list:item=1 key=Array003 value=0x10c80fe00
Container::print()      list:item=2 key=AonFly value=0x10c811000
--- ESMCI::ArrayBundle::print end ---
--- ESMCI::Array::print start ---
{
~ local data in LocalArray for DE 4 ~
LocalArrayPrint: Array at address 0x131e096f0:
  Real, *8, Dim 2, Data values:
( 1, 1) =  0
( 2, 1) =  0
 Base name    = AonFly
 Status: Base = Ready,  object = Ready
 Proxy        = no
  "ESMF": {
            rank = 2, typekind = 6, base_addr = 0x6000009807a0
            dim[0] = 3  dim[1] = 1  
( 3, 1) =  0
( 1, 2) =  0
 Root Info (Attributes):
    "Instance": {
  Real, *8, Dim 2, Data values:
( 1, 1) =  0
{
      "NamedAliasCount": 0
( 2, 1) =  0
  "ESMF": {
    "Instance": {
( 2, 2) =  0
( 3, 2) =  0
--- ESMCI::Array::print end ---
    }
( 3, 1) =  0
--- ESMCI::Array::print end ---
      "NamedAliasCount": 0
    }
--- ESMCI::Array::print start ---
 Base name    = Array003
  }
--- ESMCI::Array::print start ---
 Base name    = Array003
  }
} Status: Base = Ready,  object = Ready
} Proxy        = no
Array typekind/rank: Real*4 / 2 
 Status: Base = Ready,  object = Ready
 Root Info (Attributes):
 Proxy        = no
~ lower class' values ~
DistGrid dimCount = 2
 Root Info (Attributes):
{
  "ESMF": {
Array typekind/rank: Real*8 / 2 
deCount = 6
{
    "Instance": {
localDeCount = 1
~ local data in LocalArray for DE 3 ~
  "ESMF": {
    "Instance": {
      "NamedAliasCount": 0
    }
~ lower class' values ~
DistGrid dimCount = 2
      "NamedAliasCount": 0
    }
  }
}Array typekind/rank: Real*8 / 2 
  }
}Array typekind/rank: Real*8 / 2 
~ lower class' values ~
DistGrid dimCount = 2
deCount = 6
localDeCount = 2
LocalArrayPrint: Array at address 0x120e05b80:
            rank = 2, typekind = 5, base_addr = 0x600003514750
            dim[0] = 2  dim[1] = 2  
  Real, *4, Dim 2, Data values:
( 1, 1) =  0
~ local data in LocalArray for DE 1 ~
( 2, 1) =  0
~ lower class' values ~
deCount = 6
LocalArrayPrint: Array at address 0x13d905880:
( 1, 2) =  0
DistGrid dimCount = 2
deCount = 6
localDeCount = 1
~ local data in LocalArray for DE 2 ~
            rank = 2, typekind = 6, base_addr = 0x600003378180
( 2, 2) =  0
--- ESMCI::Array::print end ---
localDeCount = 2
LocalArrayPrint: Array at address 0x128b05be0:
            rank = 2, typekind = 6, base_addr = 0x600001ad0120
~ local data in LocalArray for DE 0 ~
LocalArrayPrint: Array at address 0x131e09a20:
            dim[0] = 3  dim[1] = 2  
--- ESMCI::Array::print start ---
 Base name    = Array002
            dim[0] = 2  dim[1] = 2  
  Real, *8, Dim 2, Data values:
            rank = 2, typekind = 6, base_addr = 0x60000079c540
  Real, *8, Dim 2, Data values:
 Status: Base = Ready,  object = Ready
 Proxy        = no
            dim[0] = 3  dim[1] = 2  
( 1, 1) =  0
( 1, 1) =  0
 Root Info (Attributes):
{
  "ESMF": {
    "Instance": {
      "NamedAliasCount": 0
    }
  Real, *8, Dim 2, Data values:
( 1, 1) =  0
( 2, 1) =  0
( 3, 1) =  0
( 1, 2) =  0
( 2, 1) =  0
( 3, 1) =  0
( 1, 2) =  0
( 2, 2) =  0
( 3, 2) =  0
  }
( 2, 2) =  0
--- ESMCI::Array::print end ---
( 2, 1) =  0
( 1, 2) =  0
( 2, 2) =  0
}Array typekind/rank: Real*8 / 2 
( 3, 2) =  0
~ local data in LocalArray for DE 4 ~
~ local data in LocalArray for DE 5 ~
~ lower class' values ~
LocalArrayPrint: Array at address 0x131e09d50:
  PASS  Example ESMF_ArrayBundleEx, ESMF_ArrayBundleEx.F90, line 267
DistGrid dimCount = 2
deCount = 6
localDeCount = 1
~ local data in LocalArray for DE 3 ~
            rank = 2, typekind = 6, base_addr = 0x600000980780
            dim[0] = 3  dim[1] = 1  
  Real, *8, Dim 2, Data values:
( 1, 1) =  0
LocalArrayPrint: Array at address 0x13d905bb0:
            rank = 2, typekind = 6, base_addr = 0x60000317c260
            dim[0] = 2  dim[1] = 1  
LocalArrayPrint: Array at address 0x120e04af0:
( 2, 1) =  0
( 3, 1) =  0
            rank = 2, typekind = 6, base_addr = 0x6000037000e0
  Real, *8, Dim 2, Data values:
            dim[0] = 2  dim[1] = 2  
( 1, 1) =  0
--- ESMCI::Array::print end ---
  Real, *8, Dim 2, Data values:
( 1, 1) =  0
( 2, 1) =  0
( 1, 2) =  0
( 2, 2) =  0
--- ESMCI::Array::print end ---
--- ESMCI::Array::print start ---
 Base name    = Array003
 Status: Base = Ready,  object = Ready
 Proxy        = no
 Root Info (Attributes):
( 2, 1) =  0
--- ESMCI::Array::print end ---
--- ESMCI::Array::print start ---
 Base name    = Array003
  PASS  Example ESMF_ArrayBundleEx, ESMF_ArrayBundleEx.F90, line 267
{
 Status: Base = Ready,  object = Ready
  "ESMF": {
    "Instance": {
      "NamedAliasCount": 0
    }
  }
}Array typekind/rank: Real*8 / 2 
~ lower class' values ~
DistGrid dimCount = 2
deCount = 6
localDeCount = 1
~ local data in LocalArray for DE 3 ~
LocalArrayPrint: Array at address 0x120e04e20:
 Proxy        = no
 Root Info (Attributes):
{
            rank = 2, typekind = 6, base_addr = 0x600003700140
            dim[0] = 2  dim[1] = 2  
  Real, *8, Dim 2, Data values:
( 1, 1) =  0
( 2, 1) =  0
( 1, 2) =  0
( 2, 2) =  0
--- ESMCI::Array::print end ---
  "ESMF": {
    "Instance": {
      "NamedAliasCount": 0
    }
  PASS  Example ESMF_ArrayBundleEx, ESMF_ArrayBundleEx.F90, line 267
  }
}Array typekind/rank: Real*8 / 2 
~ lower class' values ~
DistGrid dimCount = 2
deCount = 6
localDeCount = 2
~ local data in LocalArray for DE 1 ~
LocalArrayPrint: Array at address 0x13d905ee0:
            rank = 2, typekind = 6, base_addr = 0x600003378160
            dim[0] = 2  dim[1] = 2  
  Real, *8, Dim 2, Data values:
( 1, 1) =  0
( 2, 1) =  0
( 1, 2) =  0
( 2, 2) =  0
~ local data in LocalArray for DE 5 ~
LocalArrayPrint: Array at address 0x13d906210:
            rank = 2, typekind = 6, base_addr = 0x60000317c3a0
            dim[0] = 2  dim[1] = 1  
  Real, *8, Dim 2, Data values:
( 1, 1) =  0
( 2, 1) =  0
--- ESMCI::Array::print end ---
  PASS  Example ESMF_ArrayBundleEx, ESMF_ArrayBundleEx.F90, line 267
 PASS: ESMF_ArrayBundleEx.F90
 PASS: ESMF_ArrayBundleEx.F90
 PASS: ESMF_ArrayBundleEx.F90
 PASS: ESMF_ArrayBundleEx.F90
