2026-09-04 10:52:19
20260904 125457.526 INFO             PET0 !!!!!!!!!!!!!!!!!!!!!!!!!!!!!!!!!!!!!!!!!!!!!!!!!!!!!!
20260904 125457.527 INFO             PET0 !!! THE ESMF_LOG IS SET TO OUTPUT ALL LOG MESSAGES !!!
20260904 125457.527 INFO             PET0 !!!     THIS MAY CAUSE SLOWDOWN IN PERFORMANCE     !!!
20260904 125457.527 INFO             PET0 !!! FOR PRODUCTION RUNS, USE:                      !!!
20260904 125457.527 INFO             PET0 !!!                   ESMF_LOGKIND_Multi_On_Error  !!!
20260904 125457.527 INFO             PET0 !!!!!!!!!!!!!!!!!!!!!!!!!!!!!!!!!!!!!!!!!!!!!!!!!!!!!!
20260904 125457.527 INFO             PET0 Running with ESMF Version   : develop+g4161bf9d44
20260904 125457.527 INFO             PET0 ESMF library build date/time: "Sep  4 2026" "10:37:25"
20260904 125457.527 INFO             PET0 ESMF library build location : /usr/local/esmf/esmf-testing/gfortran_14.2.0_openmpi_O_develop/esmf
20260904 125457.527 INFO             PET0 ESMF_COMM                   : openmpi
20260904 125457.527 INFO             PET0 ESMF_MOAB                   : enabled
20260904 125457.527 INFO             PET0 ESMF_LAPACK                 : enabled
20260904 125457.527 INFO             PET0 ESMF_NETCDF                 : enabled
20260904 125457.527 INFO             PET0 ESMF_PNETCDF                : disabled
20260904 125457.527 INFO             PET0 ESMF_PIO                    : enabled
20260904 125457.527 INFO             PET0 ESMF_YAMLCPP                : enabled
20260904 125457.546 INFO             PET0  NUMBER_OF_PROCESSORS           1
20260904 125457.546 INFO             PET0  PASS  Example ESMF_XGridSparseMatEx, ESMF_XGridSparseMatEx.F90, line 642
20260904 125457.546 INFO             PET0  Finalizing ESMF
