2026-09-14 05:10:31
--- ESMCI::Array::print start ---
 Base name    = Array002
 Status: Base = Ready,  object = Ready
 Proxy        = no
--- ESMCI::Array::print start ---
 Base name    = Array002
 Status: Base = Ready,  object = Ready
 Proxy        = no
 Root Info (Attributes):
{
--- ESMCI::Array::print start ---
 Base name    = Array002
 Status: Base = Ready,  object = Ready
 Proxy        = no
 Root Info (Attributes):
{
  "ESMF": {
    "Instance": {
      "NamedAliasCount": 0
    }
  }
}Array typekind/rank: Real*8 / 2 
~ lower class' values ~
DistGrid dimCount = 2
 Root Info (Attributes):
{
  "ESMF": {
    "Instance": {
      "NamedAliasCount": 0
    }
  }
}Array typekind/rank: Real*8 / 2 
~ lower class' values ~
DistGrid dimCount = 2
deCount = 4
localDeCount = 1
  "ESMF": {
    "Instance": {
      "NamedAliasCount": 0
    }
  }
}Array typekind/rank: Real*8 / 2 
~ lower class' values ~
DistGrid dimCount = 2
deCount = 4
localDeCount = 1
deCount = 4
localDeCount = 1
~ local data in LocalArray for DE 3 ~
--- ESMCI::Array::print start ---
~ local data in LocalArray for DE 2 ~
LocalArrayPrint: Array at address 0x14b005fa0:
            rank = 2, typekind = 6, base_addr = 0x6000024d9180
~ local data in LocalArray for DE 1 ~
LocalArrayPrint: Array at address 0x129011f00:
            rank = 2, typekind = 6, base_addr = 0x600000a06c00
LocalArrayPrint: Array at address 0x12a71b550:
            rank = 2, typekind = 6, base_addr = 0x600003f3cf80
            dim[0] = 2  dim[1] = 2  
            dim[0] = 2  dim[1] = 2  
            dim[0] = 2  dim[1] = 2  
  Real, *8, Dim 2, Data values:
  Real, *8, Dim 2, Data values:
( 1, 1) =  102
( 2, 1) =  102
( 1, 2) =  102
( 2, 2) =  102
( 1, 1) =  101
( 2, 1) =  101
( 1, 2) =  101
( 2, 2) =  101
--- ESMCI::Array::print end ---
--- ESMCI::Array::print start ---
  Real, *8, Dim 2, Data values:
( 1, 1) =  103
( 2, 1) =  103
( 1, 2) =  103
( 2, 2) =  103
--- ESMCI::Array::print end ---
--- ESMCI::Array::print start ---
--- ESMCI::Array::print end ---
--- ESMCI::Array::print start ---
 Base name    = Array003
 Status: Base = Ready,  object = Ready
 Proxy        = no
 Root Info (Attributes):
{
  "ESMF": {
    "Instance": {
      "NamedAliasCount": 0
    }
 Base name    = Array003
 Status: Base = Ready,  object = Ready
 Proxy        = no
 Root Info (Attributes):
{
  "ESMF": {
    "Instance": {
      "NamedAliasCount": 0
    }
 Base name    = Array002
 Status: Base = Ready,  object = Ready
 Base name    = Array003
  }
}Array typekind/rank: Real*8 / 2 
  }
}Array typekind/rank: Real*8 / 2 
~ lower class' values ~
DistGrid dimCount = 2
~ lower class' values ~
 Proxy        = no
deCount = 4
DistGrid dimCount = 2
deCount = 4
localDeCount = 1
localDeCount = 1
~ local data in LocalArray for DE 1 ~
 Status: Base = Ready,  object = Ready
LocalArrayPrint: Array at address 0x129012250:
            rank = 2, typekind = 6, base_addr = 0x600000a06c20
            dim[0] = 2  dim[1] = 2  
  Real, *8, Dim 2, Data values:
( 1, 1) =  201
( 2, 1) =  201
( 1, 2) =  201
( 2, 2) =  201
--- ESMCI::Array::print end ---
--- ESMCI::Array::print start ---
 Base name    = Array004
 Status: Base = Ready,  object = Ready
 Proxy        = no
 Root Info (Attributes):
{
  "ESMF": {
~ local data in LocalArray for DE 3 ~
LocalArrayPrint: Array at address 0x12a71b880:
            rank = 2, typekind = 6, base_addr = 0x600003f3cfa0
            dim[0] = 2  dim[1] = 2  
  Real, *8, Dim 2, Data values:
( 1, 1) =  203
( 2, 1) =  203
( 1, 2) =  203
( 2, 2) =  203
--- ESMCI::Array::print end ---
--- ESMCI::Array::print start ---
 Base name    = Array004
 Status: Base = Ready,  object = Ready
 Proxy        = no
 Root Info (Attributes):
{
  "ESMF": {
    "Instance": {
 Proxy        = no
 Root Info (Attributes):
{
  "ESMF": {
    "Instance": {
      "NamedAliasCount": 0
    }
    "Instance": {
      "NamedAliasCount": 0
 Root Info (Attributes):
  }
      "NamedAliasCount": 0
    }
    }
  }
}  }
}}{
  "ESMF": {
    "Instance": {
      "NamedAliasCount": 0
Array typekind/rank: Real*8 / 2 
~ lower class' values ~
DistGrid dimCount = 2
deCount = 4
localDeCount = 1
~ local data in LocalArray for DE 1 ~
LocalArrayPrint: Array at address 0x129012580:
    }
Array typekind/rank: Real*8 / 2 
~ lower class' values ~
DistGrid dimCount = 2
deCount = 4
localDeCount = 1
Array typekind/rank: Real*8 / 2 
~ lower class' values ~
DistGrid dimCount = 2
deCount = 4
localDeCount = 1
~ local data in LocalArray for DE 3 ~
LocalArrayPrint: Array at address 0x12a71bbb0:
            rank = 2, typekind = 6, base_addr = 0x60000113d080
            rank = 2, typekind = 6, base_addr = 0x600002434400
            dim[0] = 4  dim[1] = 4  
  }
}~ local data in LocalArray for DE 2 ~
            dim[0] = 4  dim[1] = 4  
LocalArrayPrint: Array at address 0x119e07e50:
            rank = 2, typekind = 6, base_addr = 0x6000024ec740
            dim[0] = 2  dim[1] = 2  
  Real, *8, Dim 2, Data values:
( 1, 1) =  202
( 2, 1) =  202
( 1, 2) =  202
( 2, 2) =  202
--- ESMCI::Array::print end ---
--- ESMCI::Array::print start ---
 Base name    = Array004
 Status: Base = Ready,  object = Ready
 Proxy        = no
 Root Info (Attributes):
{
  "ESMF": {
    "Instance": {
      "NamedAliasCount": 0
    }
  }
}Array typekind/rank: Real*8 / 2 
~ lower class' values ~
DistGrid dimCount = 2
deCount = 4
localDeCount = 1
~ local data in LocalArray for DE 2 ~
  Real, *8, Dim 2, Data values:
( 0, 0) =  300
( 1, 0) =  301
( 2, 0) =  301
( 3, 0) =  303
( 0, 1) =  302
( 1, 1) =  303
( 2, 1) =  303
( 3, 1) =  303
( 0, 2) =  302
( 1, 2) =  303
( 2, 2) =  303
( 3, 2) =  303
( 0, 3) =  303
( 1, 3) =  303
( 2, 3) =  303
( 3, 3) =  303
--- ESMCI::Array::print end ---
--- ESMCI::Array::print start ---
 Base name    = Array005
 Status: Base = Ready,  object = Ready
 Proxy        = no
 Root Info (Attributes):
{
  "ESMF": {
    "Instance": {
      "NamedAliasCount": 0
    }
  }
}Array typekind/rank: Real*8 / 2 
~ lower class' values ~
DistGrid dimCount = 2
deCount = 4
localDeCount = 1
~ local data in LocalArray for DE 3 ~
LocalArrayPrint: Array at address 0x12a71bee0:
            rank = 2, typekind = 6, base_addr = 0x60000113d180
            dim[0] = 4  dim[1] = 4  
  Real, *8, Dim 2, Data values:
( 0, 0) =  400
( 1, 0) =  401
( 2, 0) =  401
( 3, 0) =  403
( 0, 1) =  402
( 1, 1) =  403
( 2, 1) =  403
( 3, 1) =  403
( 0, 2) =  402
  Real, *8, Dim 2, Data values:
( 0, 0) =  301
( 1, 0) =  301
( 2, 0) =  301
( 3, 0) =  301
( 0, 1) =  300
( 1, 1) =  301
( 2, 1) =  301
( 3, 1) =  301
( 0, 2) =  300
( 1, 2) =  301
( 2, 2) =  301
( 3, 2) =  301
( 0, 3) =  302
( 1, 3) =  303
( 2, 3) =  303
( 3, 3) =  301
--- ESMCI::Array::print end ---
--- ESMCI::Array::print start ---
 Base name    = Array005
 Status: Base = Ready,  object = Ready
 Proxy        = no
 Root Info (Attributes):
{
  "ESMF": {
    "Instance": {
      "NamedAliasCount": 0
    }
  }
}Array typekind/rank: Real*8 / 2 
~ lower class' values ~
DistGrid dimCount = 2
deCount = 4
localDeCount = 1
~ local data in LocalArray for DE 1 ~
LocalArrayPrint: Array at address 0x1290128b0:
            rank = 2, typekind = 6, base_addr = 0x600002434700
            dim[0] = 4  dim[1] = 4  
  Real, *8, Dim 2, Data values:
( 0, 0) =  401
( 1, 0) =  401
( 2, 0) =  401
( 3, 0) =  401
( 0, 1) =  400
( 1, 1) =  401
( 2, 1) =  401
( 3, 1) =  401
( 0, 2) =  400
( 1, 2) =  401
Array typekind/rank: Real*8 / 2 
~ lower class' values ~
DistGrid dimCount = 2
deCount = 4
localDeCount = 1
~ local data in LocalArray for DE 0 ~
LocalArrayPrint: Array at address 0x14380f900:
            rank = 2, typekind = 6, base_addr = 0x6000005f4180
            dim[0] = 2  dim[1] = 2  
  Real, *8, Dim 2, Data values:
( 1, 1) =  100
( 2, 1) =  100
( 1, 2) =  100
( 2, 2) =  100
--- ESMCI::Array::print end ---
--- ESMCI::Array::print start ---
 Base name    = Array003
 Status: Base = Ready,  object = Ready
 Proxy        = no
 Root Info (Attributes):
{
  "ESMF": {
    "Instance": {
      "NamedAliasCount": 0
    }
LocalArrayPrint: Array at address 0x119e08180:
( 1, 2) =  403
( 2, 2) =  401
  }
( 3, 2) =  401
( 0, 3) =  402
( 2, 2) =  403
( 3, 2) =  403
( 1, 3) =  403
( 2, 3) =  403
( 3, 3) =  401
--- ESMCI::Array::print end ---
( 0, 3) =  403
( 1, 3) =  403
( 2, 3) =  403
( 3, 3) =  403
--- ESMCI::Array::print end ---
}Array typekind/rank: Real*8 / 2 
            rank = 2, typekind = 6, base_addr = 0x600000ad4100
            dim[0] = 4  dim[1] = 4  
  Real, *8, Dim 2, Data values:
( 0, 0) =  302
( 1, 0) =  300
--- ESMCI::Array::print start ---
 Base name    = Array006
 Status: Base = Ready,  object = Ready
--- ESMCI::Array::print start ---
 Base name    = Array006
 Status: Base = Ready,  object = Ready
( 2, 0) =  300
( 3, 0) =  301
 Proxy        = no
 Proxy        = no
~ lower class' values ~
DistGrid dimCount = 2
 Root Info (Attributes):
 Root Info (Attributes):
( 0, 1) =  302
{
  "ESMF": {
    "Instance": {
      "NamedAliasCount": 0
    }
  }
{
  "ESMF": {
    "Instance": {
      "NamedAliasCount": 0
    }
  }
}( 1, 1) =  302
( 2, 1) =  302
( 3, 1) =  303
( 0, 2) =  302
( 1, 2) =  302
( 2, 2) =  302
( 3, 2) =  303
}deCount = 4
localDeCount = 1
~ local data in LocalArray for DE 0 ~
LocalArrayPrint: Array at address 0x14380fc30:
Array typekind/rank: Real*8 / 2 
            rank = 2, typekind = 6, base_addr = 0x6000005f41a0
( 0, 3) =  302
( 1, 3) =  302
Array typekind/rank: Real*8 / 2 
~ lower class' values ~
~ lower class' values ~
DistGrid dimCount = 2
            dim[0] = 2  dim[1] = 2  
( 2, 3) =  302
( 3, 3) =  302
DistGrid dimCount = 2
deCount = 4
deCount = 4
localDeCount = 1
~ local data in LocalArray for DE 1 ~
LocalArrayPrint: Array at address 0x129012be0:
            rank = 2, typekind = 6, base_addr = 0x600002e2db60
            dim[0] = 4  dim[1] = 3  
--- ESMCI::Array::print end ---
--- ESMCI::Array::print start ---
 Base name    = Array005
 Status: Base = Ready,  object = Ready
 Proxy        = no
 Root Info (Attributes):
  Real, *8, Dim 2, Data values:
( 1, 1) =  200
( 2, 1) =  200
localDeCount = 1
~ local data in LocalArray for DE 3 ~
LocalArrayPrint: Array at address 0x12a71c210:
            rank = 2, typekind = 6, base_addr = 0x600001b308a0
            dim[0] = 4  dim[1] = 3  
  Real, *8, Dim 2, Data values:
{
( 1, 2) =  200
( 0, 0) =  500
( 1, 0) =  501
  Real, *8, Dim 2, Data values:
( 0, 0) =  501
( 1, 0) =  501
  "ESMF": {
    "Instance": {
( 2, 2) =  200
( 2, 0) =  501
( 3, 0) =  503
( 2, 0) =  501
( 3, 0) =  501
      "NamedAliasCount": 0
    }
  }
--- ESMCI::Array::print end ---
--- ESMCI::Array::print start ---
 Base name    = Array004
 Status: Base = Ready,  object = Ready
( 0, 1) =  502
( 1, 1) =  503
( 2, 1) =  503
( 3, 1) =  503
( 0, 2) =  502
( 1, 2) =  503
( 0, 1) =  500
( 1, 1) =  501
( 2, 1) =  501
( 3, 1) =  501
( 0, 2) =  500
( 1, 2) =  501
}Array typekind/rank: Real*8 / 2 
~ lower class' values ~
DistGrid dimCount = 2
 Proxy        = no
( 2, 2) =  503
( 2, 2) =  501
deCount = 4
 Root Info (Attributes):
{
( 3, 2) =  501
--- ESMCI::Array::print end ---
( 3, 2) =  503
--- ESMCI::Array::print end ---
localDeCount = 1
~ local data in LocalArray for DE 2 ~
LocalArrayPrint: Array at address 0x119e08580:
            rank = 2, typekind = 6, base_addr = 0x600000ad4200
  "ESMF": {
  PASS  Example ESMF_ArrayBundleHaloEx, ESMF_ArrayBundleHaloEx.F90, line 172
  PASS  Example ESMF_ArrayBundleHaloEx, ESMF_ArrayBundleHaloEx.F90, line 172
            dim[0] = 4  dim[1] = 4  
  Real, *8, Dim 2, Data values:
( 0, 0) =  402
( 1, 0) =  400
( 2, 0) =  400
( 3, 0) =  401
( 0, 1) =  402
( 1, 1) =  402
    "Instance": {
      "NamedAliasCount": 0
    }
  }
( 2, 1) =  402
( 3, 1) =  403
( 0, 2) =  402
( 1, 2) =  402
( 2, 2) =  402
}Array typekind/rank: Real*8 / 2 
( 3, 2) =  403
( 0, 3) =  402
~ lower class' values ~
( 1, 3) =  402
( 2, 3) =  402
DistGrid dimCount = 2
deCount = 4
( 3, 3) =  402
--- ESMCI::Array::print end ---
localDeCount = 1
~ local data in LocalArray for DE 0 ~
--- ESMCI::Array::print start ---
LocalArrayPrint: Array at address 0x14380ff60:
 Base name    = Array006
            rank = 2, typekind = 6, base_addr = 0x600002bcd900
 Status: Base = Ready,  object = Ready
            dim[0] = 4  dim[1] = 4  
 Proxy        = no
  Real, *8, Dim 2, Data values:
 Root Info (Attributes):
( 0, 0) =  300
{
( 1, 0) =  300
  "ESMF": {
( 2, 0) =  300
    "Instance": {
( 3, 0) =  300
      "NamedAliasCount": 0
( 0, 1) =  300
    }
( 1, 1) =  300
  }
( 2, 1) =  300
}( 3, 1) =  301
( 0, 2) =  300
Array typekind/rank: Real*8 / 2 
( 1, 2) =  300
~ lower class' values ~
( 2, 2) =  300
DistGrid dimCount = 2
( 3, 2) =  301
deCount = 4
( 0, 3) =  300
localDeCount = 1
~ local data in LocalArray for DE 2 ~
( 1, 3) =  302
LocalArrayPrint: Array at address 0x119e088b0:
            rank = 2, typekind = 6, base_addr = 0x6000000c8360
( 2, 3) =  302
( 3, 3) =  303
            dim[0] = 4  dim[1] = 3  
  Real, *8, Dim 2, Data values:
( 0, 0) =  502
( 1, 0) =  500
( 2, 0) =  500
( 3, 0) =  501
--- ESMCI::Array::print end ---
--- ESMCI::Array::print start ---
 Base name    = Array005
 Status: Base = Ready,  object = Ready
 Proxy        = no
 Root Info (Attributes):
( 0, 1) =  502
( 1, 1) =  502
{
( 2, 1) =  502
  "ESMF": {
( 3, 1) =  503
( 0, 2) =  502
    "Instance": {
      "NamedAliasCount": 0
    }
( 1, 2) =  502
( 2, 2) =  502
  }
}Array typekind/rank: Real*8 / 2 
( 3, 2) =  503
--- ESMCI::Array::print end ---
~ lower class' values ~
DistGrid dimCount = 2
deCount = 4
localDeCount = 1
~ local data in LocalArray for DE 0 ~
LocalArrayPrint: Array at address 0x143810290:
            rank = 2, typekind = 6, base_addr = 0x600002bcda00
            dim[0] = 4  dim[1] = 4  
  Real, *8, Dim 2, Data values:
  PASS  Example ESMF_ArrayBundleHaloEx, ESMF_ArrayBundleHaloEx.F90, line 172
( 0, 0) =  400
( 1, 0) =  400
( 2, 0) =  400
( 3, 0) =  400
( 0, 1) =  400
( 1, 1) =  400
( 2, 1) =  400
( 3, 1) =  401
( 0, 2) =  400
( 1, 2) =  400
( 2, 2) =  400
( 3, 2) =  401
( 0, 3) =  400
( 1, 3) =  402
( 2, 3) =  402
( 3, 3) =  403
--- ESMCI::Array::print end ---
--- ESMCI::Array::print start ---
 Base name    = Array006
 Status: Base = Ready,  object = Ready
 Proxy        = no
 Root Info (Attributes):
{
  "ESMF": {
    "Instance": {
      "NamedAliasCount": 0
    }
  }
}Array typekind/rank: Real*8 / 2 
~ lower class' values ~
DistGrid dimCount = 2
deCount = 4
localDeCount = 1
~ local data in LocalArray for DE 0 ~
LocalArrayPrint: Array at address 0x1438105c0:
            rank = 2, typekind = 6, base_addr = 0x6000021cdd40
            dim[0] = 4  dim[1] = 3  
  Real, *8, Dim 2, Data values:
( 0, 0) =  500
( 1, 0) =  500
( 2, 0) =  500
( 3, 0) =  500
( 0, 1) =  500
( 1, 1) =  500
( 2, 1) =  500
( 3, 1) =  501
( 0, 2) =  500
( 1, 2) =  500
( 2, 2) =  500
( 3, 2) =  501
--- ESMCI::Array::print end ---
  PASS  Example ESMF_ArrayBundleHaloEx, ESMF_ArrayBundleHaloEx.F90, line 172
 PASS: ESMF_ArrayBundleHaloEx.F90
 PASS: ESMF_ArrayBundleHaloEx.F90
 PASS: ESMF_ArrayBundleHaloEx.F90
 PASS: ESMF_ArrayBundleHaloEx.F90
