2026-09-11 21:23:06
20260911 224617.076 INFO             PET0 !!!!!!!!!!!!!!!!!!!!!!!!!!!!!!!!!!!!!!!!!!!!!!!!!!!!!!
20260911 224617.076 INFO             PET0 !!! THE ESMF_LOG IS SET TO OUTPUT ALL LOG MESSAGES !!!
20260911 224617.076 INFO             PET0 !!!     THIS MAY CAUSE SLOWDOWN IN PERFORMANCE     !!!
20260911 224617.076 INFO             PET0 !!! FOR PRODUCTION RUNS, USE:                      !!!
20260911 224617.076 INFO             PET0 !!!                   ESMF_LOGKIND_Multi_On_Error  !!!
20260911 224617.076 INFO             PET0 !!!!!!!!!!!!!!!!!!!!!!!!!!!!!!!!!!!!!!!!!!!!!!!!!!!!!!
20260911 224617.076 INFO             PET0 Running with ESMF Version   : v9.0.0b18
20260911 224617.076 INFO             PET0 ESMF library build date/time: "Sep 11 2026" "21:18:47"
20260911 224617.076 INFO             PET0 ESMF library build location : /scratch3/NCEPDEV/stmp/Gerhard.Theurich/ESMF-Nightly-Testing-Hera/nvhpc_24.1_openmpi_g_develop/esmf
20260911 224617.076 INFO             PET0 ESMF_COMM                   : openmpi
20260911 224617.077 INFO             PET0 ESMF_MOAB                   : enabled
20260911 224617.077 INFO             PET0 ESMF_LAPACK                 : enabled
20260911 224617.077 INFO             PET0 ESMF_NETCDF                 : disabled
20260911 224617.077 INFO             PET0 ESMF_PNETCDF                : disabled
20260911 224617.077 INFO             PET0 ESMF_PIO                    : disabled
20260911 224617.077 INFO             PET0 ESMF_YAMLCPP                : enabled
20260911 224617.089 INFO             PET0 ESMF_FieldRedistStoreNF(): Just entered routine.
20260911 224618.035 INFO             PET0 ESMF_FieldRedistStoreNF(): Leaving routine.
20260911 224618.302 INFO             PET0  NUMBER_OF_PROCESSORS            4
20260911 224618.302 INFO             PET0  PASS  Example ESMF_RHandleFromFileEx, ESMF_RHandleFromFileEx.F90, line 192
20260911 224618.302 INFO             PET0  Finalizing ESMF
20260911 224617.077 INFO             PET1 !!!!!!!!!!!!!!!!!!!!!!!!!!!!!!!!!!!!!!!!!!!!!!!!!!!!!!
20260911 224617.077 INFO             PET1 !!! THE ESMF_LOG IS SET TO OUTPUT ALL LOG MESSAGES !!!
20260911 224617.077 INFO             PET1 !!!     THIS MAY CAUSE SLOWDOWN IN PERFORMANCE     !!!
20260911 224617.077 INFO             PET1 !!! FOR PRODUCTION RUNS, USE:                      !!!
20260911 224617.077 INFO             PET1 !!!                   ESMF_LOGKIND_Multi_On_Error  !!!
20260911 224617.077 INFO             PET1 !!!!!!!!!!!!!!!!!!!!!!!!!!!!!!!!!!!!!!!!!!!!!!!!!!!!!!
20260911 224617.077 INFO             PET1 Running with ESMF Version   : v9.0.0b18
20260911 224617.077 INFO             PET1 ESMF library build date/time: "Sep 11 2026" "21:18:47"
20260911 224617.077 INFO             PET1 ESMF library build location : /scratch3/NCEPDEV/stmp/Gerhard.Theurich/ESMF-Nightly-Testing-Hera/nvhpc_24.1_openmpi_g_develop/esmf
20260911 224617.077 INFO             PET1 ESMF_COMM                   : openmpi
20260911 224617.078 INFO             PET1 ESMF_MOAB                   : enabled
20260911 224617.078 INFO             PET1 ESMF_LAPACK                 : enabled
20260911 224617.078 INFO             PET1 ESMF_NETCDF                 : disabled
20260911 224617.078 INFO             PET1 ESMF_PNETCDF                : disabled
20260911 224617.078 INFO             PET1 ESMF_PIO                    : disabled
20260911 224617.078 INFO             PET1 ESMF_YAMLCPP                : enabled
20260911 224617.087 INFO             PET1 ESMF_FieldRedistStoreNF(): Just entered routine.
20260911 224618.035 INFO             PET1 ESMF_FieldRedistStoreNF(): Leaving routine.
20260911 224618.302 INFO             PET1  NUMBER_OF_PROCESSORS            4
20260911 224618.302 INFO             PET1  PASS  Example ESMF_RHandleFromFileEx, ESMF_RHandleFromFileEx.F90, line 192
20260911 224618.302 INFO             PET1  Finalizing ESMF
20260911 224617.076 INFO             PET2 !!!!!!!!!!!!!!!!!!!!!!!!!!!!!!!!!!!!!!!!!!!!!!!!!!!!!!
20260911 224617.076 INFO             PET2 !!! THE ESMF_LOG IS SET TO OUTPUT ALL LOG MESSAGES !!!
20260911 224617.076 INFO             PET2 !!!     THIS MAY CAUSE SLOWDOWN IN PERFORMANCE     !!!
20260911 224617.076 INFO             PET2 !!! FOR PRODUCTION RUNS, USE:                      !!!
20260911 224617.076 INFO             PET2 !!!                   ESMF_LOGKIND_Multi_On_Error  !!!
20260911 224617.076 INFO             PET2 !!!!!!!!!!!!!!!!!!!!!!!!!!!!!!!!!!!!!!!!!!!!!!!!!!!!!!
20260911 224617.076 INFO             PET2 Running with ESMF Version   : v9.0.0b18
20260911 224617.076 INFO             PET2 ESMF library build date/time: "Sep 11 2026" "21:18:47"
20260911 224617.076 INFO             PET2 ESMF library build location : /scratch3/NCEPDEV/stmp/Gerhard.Theurich/ESMF-Nightly-Testing-Hera/nvhpc_24.1_openmpi_g_develop/esmf
20260911 224617.076 INFO             PET2 ESMF_COMM                   : openmpi
20260911 224617.077 INFO             PET2 ESMF_MOAB                   : enabled
20260911 224617.077 INFO             PET2 ESMF_LAPACK                 : enabled
20260911 224617.077 INFO             PET2 ESMF_NETCDF                 : disabled
20260911 224617.077 INFO             PET2 ESMF_PNETCDF                : disabled
20260911 224617.077 INFO             PET2 ESMF_PIO                    : disabled
20260911 224617.077 INFO             PET2 ESMF_YAMLCPP                : enabled
20260911 224617.086 INFO             PET2 ESMF_FieldRedistStoreNF(): Just entered routine.
20260911 224618.035 INFO             PET2 ESMF_FieldRedistStoreNF(): Leaving routine.
20260911 224618.302 INFO             PET2  NUMBER_OF_PROCESSORS            4
20260911 224618.302 INFO             PET2  PASS  Example ESMF_RHandleFromFileEx, ESMF_RHandleFromFileEx.F90, line 192
20260911 224618.302 INFO             PET2  Finalizing ESMF
20260911 224617.076 INFO             PET3 !!!!!!!!!!!!!!!!!!!!!!!!!!!!!!!!!!!!!!!!!!!!!!!!!!!!!!
20260911 224617.077 INFO             PET3 !!! THE ESMF_LOG IS SET TO OUTPUT ALL LOG MESSAGES !!!
20260911 224617.077 INFO             PET3 !!!     THIS MAY CAUSE SLOWDOWN IN PERFORMANCE     !!!
20260911 224617.077 INFO             PET3 !!! FOR PRODUCTION RUNS, USE:                      !!!
20260911 224617.077 INFO             PET3 !!!                   ESMF_LOGKIND_Multi_On_Error  !!!
20260911 224617.077 INFO             PET3 !!!!!!!!!!!!!!!!!!!!!!!!!!!!!!!!!!!!!!!!!!!!!!!!!!!!!!
20260911 224617.077 INFO             PET3 Running with ESMF Version   : v9.0.0b18
20260911 224617.077 INFO             PET3 ESMF library build date/time: "Sep 11 2026" "21:18:47"
20260911 224617.077 INFO             PET3 ESMF library build location : /scratch3/NCEPDEV/stmp/Gerhard.Theurich/ESMF-Nightly-Testing-Hera/nvhpc_24.1_openmpi_g_develop/esmf
20260911 224617.077 INFO             PET3 ESMF_COMM                   : openmpi
20260911 224617.077 INFO             PET3 ESMF_MOAB                   : enabled
20260911 224617.077 INFO             PET3 ESMF_LAPACK                 : enabled
20260911 224617.077 INFO             PET3 ESMF_NETCDF                 : disabled
20260911 224617.077 INFO             PET3 ESMF_PNETCDF                : disabled
20260911 224617.077 INFO             PET3 ESMF_PIO                    : disabled
20260911 224617.077 INFO             PET3 ESMF_YAMLCPP                : enabled
20260911 224617.089 INFO             PET3 ESMF_FieldRedistStoreNF(): Just entered routine.
20260911 224618.035 INFO             PET3 ESMF_FieldRedistStoreNF(): Leaving routine.
20260911 224618.302 INFO             PET3  NUMBER_OF_PROCESSORS            4
20260911 224618.302 INFO             PET3  PASS  Example ESMF_RHandleFromFileEx, ESMF_RHandleFromFileEx.F90, line 192
20260911 224618.302 INFO             PET3  Finalizing ESMF
