2026-09-03 07:44:32
20260903 091135.164 INFO             PET0 !!!!!!!!!!!!!!!!!!!!!!!!!!!!!!!!!!!!!!!!!!!!!!!!!!!!!!
20260903 091135.164 INFO             PET0 !!! THE ESMF_LOG IS SET TO OUTPUT ALL LOG MESSAGES !!!
20260903 091135.164 INFO             PET0 !!!     THIS MAY CAUSE SLOWDOWN IN PERFORMANCE     !!!
20260903 091135.164 INFO             PET0 !!! FOR PRODUCTION RUNS, USE:                      !!!
20260903 091135.164 INFO             PET0 !!!                   ESMF_LOGKIND_Multi_On_Error  !!!
20260903 091135.164 INFO             PET0 !!!!!!!!!!!!!!!!!!!!!!!!!!!!!!!!!!!!!!!!!!!!!!!!!!!!!!
20260903 091135.164 INFO             PET0 Running with ESMF Version   : develop+g4161bf9d44
20260903 091135.164 INFO             PET0 ESMF library build date/time: "Sep  3 2026" "07:40:13"
20260903 091135.164 INFO             PET0 ESMF library build location : /scratch3/NCEPDEV/stmp/Gerhard.Theurich/ESMF-Nightly-Testing-Hera/nvhpc_24.1_openmpi_g_develop/esmf
20260903 091135.164 INFO             PET0 ESMF_COMM                   : openmpi
20260903 091135.165 INFO             PET0 ESMF_MOAB                   : enabled
20260903 091135.165 INFO             PET0 ESMF_LAPACK                 : enabled
20260903 091135.165 INFO             PET0 ESMF_NETCDF                 : disabled
20260903 091135.165 INFO             PET0 ESMF_PNETCDF                : disabled
20260903 091135.165 INFO             PET0 ESMF_PIO                    : disabled
20260903 091135.165 INFO             PET0 ESMF_YAMLCPP                : enabled
20260903 091135.218 INFO             PET0  NUMBER_OF_PROCESSORS            4
20260903 091135.218 INFO             PET0  PASS  Example ESMF_ConfigOverviewEx, ESMF_ConfigOverviewEx.F90, line 638
20260903 091135.218 INFO             PET0  Finalizing ESMF
20260903 091135.164 INFO             PET1 !!!!!!!!!!!!!!!!!!!!!!!!!!!!!!!!!!!!!!!!!!!!!!!!!!!!!!
20260903 091135.165 INFO             PET1 !!! THE ESMF_LOG IS SET TO OUTPUT ALL LOG MESSAGES !!!
20260903 091135.165 INFO             PET1 !!!     THIS MAY CAUSE SLOWDOWN IN PERFORMANCE     !!!
20260903 091135.165 INFO             PET1 !!! FOR PRODUCTION RUNS, USE:                      !!!
20260903 091135.165 INFO             PET1 !!!                   ESMF_LOGKIND_Multi_On_Error  !!!
20260903 091135.165 INFO             PET1 !!!!!!!!!!!!!!!!!!!!!!!!!!!!!!!!!!!!!!!!!!!!!!!!!!!!!!
20260903 091135.165 INFO             PET1 Running with ESMF Version   : develop+g4161bf9d44
20260903 091135.165 INFO             PET1 ESMF library build date/time: "Sep  3 2026" "07:40:13"
20260903 091135.165 INFO             PET1 ESMF library build location : /scratch3/NCEPDEV/stmp/Gerhard.Theurich/ESMF-Nightly-Testing-Hera/nvhpc_24.1_openmpi_g_develop/esmf
20260903 091135.165 INFO             PET1 ESMF_COMM                   : openmpi
20260903 091135.165 INFO             PET1 ESMF_MOAB                   : enabled
20260903 091135.165 INFO             PET1 ESMF_LAPACK                 : enabled
20260903 091135.165 INFO             PET1 ESMF_NETCDF                 : disabled
20260903 091135.165 INFO             PET1 ESMF_PNETCDF                : disabled
20260903 091135.165 INFO             PET1 ESMF_PIO                    : disabled
20260903 091135.165 INFO             PET1 ESMF_YAMLCPP                : enabled
20260903 091135.220 INFO             PET1  NUMBER_OF_PROCESSORS            4
20260903 091135.220 INFO             PET1  PASS  Example ESMF_ConfigOverviewEx, ESMF_ConfigOverviewEx.F90, line 638
20260903 091135.220 INFO             PET1  Finalizing ESMF
20260903 091135.163 INFO             PET2 !!!!!!!!!!!!!!!!!!!!!!!!!!!!!!!!!!!!!!!!!!!!!!!!!!!!!!
20260903 091135.164 INFO             PET2 !!! THE ESMF_LOG IS SET TO OUTPUT ALL LOG MESSAGES !!!
20260903 091135.164 INFO             PET2 !!!     THIS MAY CAUSE SLOWDOWN IN PERFORMANCE     !!!
20260903 091135.164 INFO             PET2 !!! FOR PRODUCTION RUNS, USE:                      !!!
20260903 091135.164 INFO             PET2 !!!                   ESMF_LOGKIND_Multi_On_Error  !!!
20260903 091135.164 INFO             PET2 !!!!!!!!!!!!!!!!!!!!!!!!!!!!!!!!!!!!!!!!!!!!!!!!!!!!!!
20260903 091135.164 INFO             PET2 Running with ESMF Version   : develop+g4161bf9d44
20260903 091135.164 INFO             PET2 ESMF library build date/time: "Sep  3 2026" "07:40:13"
20260903 091135.164 INFO             PET2 ESMF library build location : /scratch3/NCEPDEV/stmp/Gerhard.Theurich/ESMF-Nightly-Testing-Hera/nvhpc_24.1_openmpi_g_develop/esmf
20260903 091135.164 INFO             PET2 ESMF_COMM                   : openmpi
20260903 091135.164 INFO             PET2 ESMF_MOAB                   : enabled
20260903 091135.164 INFO             PET2 ESMF_LAPACK                 : enabled
20260903 091135.164 INFO             PET2 ESMF_NETCDF                 : disabled
20260903 091135.164 INFO             PET2 ESMF_PNETCDF                : disabled
20260903 091135.164 INFO             PET2 ESMF_PIO                    : disabled
20260903 091135.164 INFO             PET2 ESMF_YAMLCPP                : enabled
20260903 091135.209 INFO             PET2  NUMBER_OF_PROCESSORS            4
20260903 091135.209 INFO             PET2  PASS  Example ESMF_ConfigOverviewEx, ESMF_ConfigOverviewEx.F90, line 638
20260903 091135.209 INFO             PET2  Finalizing ESMF
20260903 091135.164 INFO             PET3 !!!!!!!!!!!!!!!!!!!!!!!!!!!!!!!!!!!!!!!!!!!!!!!!!!!!!!
20260903 091135.165 INFO             PET3 !!! THE ESMF_LOG IS SET TO OUTPUT ALL LOG MESSAGES !!!
20260903 091135.165 INFO             PET3 !!!     THIS MAY CAUSE SLOWDOWN IN PERFORMANCE     !!!
20260903 091135.165 INFO             PET3 !!! FOR PRODUCTION RUNS, USE:                      !!!
20260903 091135.165 INFO             PET3 !!!                   ESMF_LOGKIND_Multi_On_Error  !!!
20260903 091135.165 INFO             PET3 !!!!!!!!!!!!!!!!!!!!!!!!!!!!!!!!!!!!!!!!!!!!!!!!!!!!!!
20260903 091135.165 INFO             PET3 Running with ESMF Version   : develop+g4161bf9d44
20260903 091135.165 INFO             PET3 ESMF library build date/time: "Sep  3 2026" "07:40:13"
20260903 091135.165 INFO             PET3 ESMF library build location : /scratch3/NCEPDEV/stmp/Gerhard.Theurich/ESMF-Nightly-Testing-Hera/nvhpc_24.1_openmpi_g_develop/esmf
20260903 091135.165 INFO             PET3 ESMF_COMM                   : openmpi
20260903 091135.165 INFO             PET3 ESMF_MOAB                   : enabled
20260903 091135.165 INFO             PET3 ESMF_LAPACK                 : enabled
20260903 091135.165 INFO             PET3 ESMF_NETCDF                 : disabled
20260903 091135.165 INFO             PET3 ESMF_PNETCDF                : disabled
20260903 091135.165 INFO             PET3 ESMF_PIO                    : disabled
20260903 091135.165 INFO             PET3 ESMF_YAMLCPP                : enabled
20260903 091135.219 INFO             PET3  NUMBER_OF_PROCESSORS            4
20260903 091135.219 INFO             PET3  PASS  Example ESMF_ConfigOverviewEx, ESMF_ConfigOverviewEx.F90, line 638
20260903 091135.219 INFO             PET3  Finalizing ESMF
