2026-09-02 07:49:43
20260902 091310.531 INFO             PET0 !!!!!!!!!!!!!!!!!!!!!!!!!!!!!!!!!!!!!!!!!!!!!!!!!!!!!!
20260902 091310.532 INFO             PET0 !!! THE ESMF_LOG IS SET TO OUTPUT ALL LOG MESSAGES !!!
20260902 091310.532 INFO             PET0 !!!     THIS MAY CAUSE SLOWDOWN IN PERFORMANCE     !!!
20260902 091310.532 INFO             PET0 !!! FOR PRODUCTION RUNS, USE:                      !!!
20260902 091310.532 INFO             PET0 !!!                   ESMF_LOGKIND_Multi_On_Error  !!!
20260902 091310.532 INFO             PET0 !!!!!!!!!!!!!!!!!!!!!!!!!!!!!!!!!!!!!!!!!!!!!!!!!!!!!!
20260902 091310.532 INFO             PET0 Running with ESMF Version   : develop+g4161bf9d44
20260902 091310.532 INFO             PET0 ESMF library build date/time: "Sep  2 2026" "07:45:30"
20260902 091310.532 INFO             PET0 ESMF library build location : /scratch3/NCEPDEV/stmp/Gerhard.Theurich/ESMF-Nightly-Testing-Hera/nvhpc_24.1_openmpi_g_develop/esmf
20260902 091310.532 INFO             PET0 ESMF_COMM                   : openmpi
20260902 091310.532 INFO             PET0 ESMF_MOAB                   : enabled
20260902 091310.532 INFO             PET0 ESMF_LAPACK                 : enabled
20260902 091310.532 INFO             PET0 ESMF_NETCDF                 : disabled
20260902 091310.532 INFO             PET0 ESMF_PNETCDF                : disabled
20260902 091310.532 INFO             PET0 ESMF_PIO                    : disabled
20260902 091310.532 INFO             PET0 ESMF_YAMLCPP                : enabled
20260902 091310.534 INFO             PET0  NUMBER_OF_PROCESSORS            1
20260902 091310.534 INFO             PET0  PASS  Example ESMF_TimeEx, ESMF_TimeEx.F90, line 141
20260902 091310.534 INFO             PET0  Finalizing ESMF
