2026-09-07 23:36:03
20260908 001832.386 INFO             PET0 !!!!!!!!!!!!!!!!!!!!!!!!!!!!!!!!!!!!!!!!!!!!!!!!!!!!!!
20260908 001832.386 INFO             PET0 !!! THE ESMF_LOG IS SET TO OUTPUT ALL LOG MESSAGES !!!
20260908 001832.386 INFO             PET0 !!!     THIS MAY CAUSE SLOWDOWN IN PERFORMANCE     !!!
20260908 001832.386 INFO             PET0 !!! FOR PRODUCTION RUNS, USE:                      !!!
20260908 001832.386 INFO             PET0 !!!                   ESMF_LOGKIND_Multi_On_Error  !!!
20260908 001832.386 INFO             PET0 !!!!!!!!!!!!!!!!!!!!!!!!!!!!!!!!!!!!!!!!!!!!!!!!!!!!!!
20260908 001832.386 INFO             PET0 Running with ESMF Version   : feature/esmx-cmake+gdd1288b46b
20260908 001832.386 INFO             PET0 ESMF library build date/time: "Sep  7 2026" "23:33:24"
20260908 001832.386 INFO             PET0 ESMF library build location : /scratch3/NCEPDEV/stmp/Gerhard.Theurich/ESMF-Nightly-Testing-Hera/gfortran_13.2.0_mpiuni_g_feature_esmx-cmake/esmf
20260908 001832.386 INFO             PET0 ESMF_COMM                   : mpiuni
20260908 001832.386 INFO             PET0 ESMF_MOAB                   : enabled
20260908 001832.386 INFO             PET0 ESMF_LAPACK                 : enabled
20260908 001832.386 INFO             PET0 ESMF_NETCDF                 : disabled
20260908 001832.386 INFO             PET0 ESMF_PNETCDF                : disabled
20260908 001832.386 INFO             PET0 ESMF_PIO                    : disabled
20260908 001832.386 INFO             PET0 ESMF_YAMLCPP                : enabled
20260908 001832.387 INFO             PET0 ESMF Tracing Enabled
20260908 001832.387 INFO             PET0 ESMF Profiling Enabled
20260908 001832.387 INFO             PET0 ESMF Trace/Profile clock: REALTIME
20260908 001832.399 INFO             PET0  NUMBER_OF_PROCESSORS           1
20260908 001832.399 INFO             PET0  PASS  Example ESMF_TraceEx, ESMF_TraceEx.F90, line 178
20260908 001832.399 INFO             PET0  Finalizing ESMF
20260908 001832.400 INFO             PET0 **************** Region Timings *******************
20260908 001832.400 INFO             PET0 Region              Count  Total (s)   Self (s)    Mean (s)    Min (s)     Max (s)
20260908 001832.400 INFO             PET0   [ESMF]            1      0.0084      0.0084      0.0084      0.0084      0.0084
20260908 001832.400 INFO             PET0     [test] Run 1    5      0.0000      0.0000      0.0000      0.0000      0.0000
20260908 001832.400 INFO             PET0     [test] Init 1   1      0.0000      0.0000      0.0000      0.0000      0.0000
20260908 001832.400 INFO             PET0     [test] Final 1  1      0.0000      0.0000      0.0000      0.0000      0.0000
