2026-09-06 23:35:46
20260907 001812.059 INFO             PET0 !!!!!!!!!!!!!!!!!!!!!!!!!!!!!!!!!!!!!!!!!!!!!!!!!!!!!!
20260907 001812.059 INFO             PET0 !!! THE ESMF_LOG IS SET TO OUTPUT ALL LOG MESSAGES !!!
20260907 001812.060 INFO             PET0 !!!     THIS MAY CAUSE SLOWDOWN IN PERFORMANCE     !!!
20260907 001812.060 INFO             PET0 !!! FOR PRODUCTION RUNS, USE:                      !!!
20260907 001812.060 INFO             PET0 !!!                   ESMF_LOGKIND_Multi_On_Error  !!!
20260907 001812.060 INFO             PET0 !!!!!!!!!!!!!!!!!!!!!!!!!!!!!!!!!!!!!!!!!!!!!!!!!!!!!!
20260907 001812.060 INFO             PET0 Running with ESMF Version   : feature/esmx-cmake+gdd1288b46b
20260907 001812.060 INFO             PET0 ESMF library build date/time: "Sep  6 2026" "23:33:10"
20260907 001812.060 INFO             PET0 ESMF library build location : /scratch3/NCEPDEV/stmp/Gerhard.Theurich/ESMF-Nightly-Testing-Hera/gfortran_13.2.0_mpiuni_g_feature_esmx-cmake/esmf
20260907 001812.060 INFO             PET0 ESMF_COMM                   : mpiuni
20260907 001812.060 INFO             PET0 ESMF_MOAB                   : enabled
20260907 001812.060 INFO             PET0 ESMF_LAPACK                 : enabled
20260907 001812.060 INFO             PET0 ESMF_NETCDF                 : disabled
20260907 001812.060 INFO             PET0 ESMF_PNETCDF                : disabled
20260907 001812.060 INFO             PET0 ESMF_PIO                    : disabled
20260907 001812.060 INFO             PET0 ESMF_YAMLCPP                : enabled
20260907 001812.075 INFO             PET0 ESMF_FieldRedistStoreNF(): Just entered routine.
20260907 001814.959 INFO             PET0 ESMF_FieldRedistStoreNF(): Leaving routine.
20260907 001814.967 INFO             PET0  NUMBER_OF_PROCESSORS           1
20260907 001814.967 INFO             PET0  PASS  Example ESMF_RHandleFromFileEx, ESMF_RHandleFromFileEx.F90, line 192
20260907 001814.967 INFO             PET0  Finalizing ESMF
