2026-09-06 01:36:06
20260906 021034.437 INFO             PET0 !!!!!!!!!!!!!!!!!!!!!!!!!!!!!!!!!!!!!!!!!!!!!!!!!!!!!!
20260906 021034.437 INFO             PET0 !!! THE ESMF_LOG IS SET TO OUTPUT ALL LOG MESSAGES !!!
20260906 021034.437 INFO             PET0 !!!     THIS MAY CAUSE SLOWDOWN IN PERFORMANCE     !!!
20260906 021034.437 INFO             PET0 !!! FOR PRODUCTION RUNS, USE:                      !!!
20260906 021034.437 INFO             PET0 !!!                   ESMF_LOGKIND_Multi_On_Error  !!!
20260906 021034.437 INFO             PET0 !!!!!!!!!!!!!!!!!!!!!!!!!!!!!!!!!!!!!!!!!!!!!!!!!!!!!!
20260906 021034.437 INFO             PET0 Running with ESMF Version   : develop+g4161bf9d44
20260906 021034.437 INFO             PET0 ESMF library build date/time: "Sep  6 2026" "01:33:34"
20260906 021034.437 INFO             PET0 ESMF library build location : /glade/derecho/scratch/sacks/esmf-testing/gfortran_12.2.0_pio2.6.2_mpi_O_develop/esmf
20260906 021034.437 INFO             PET0 ESMF_COMM                   : mpi
20260906 021034.437 INFO             PET0 ESMF_MOAB                   : enabled
20260906 021034.437 INFO             PET0 ESMF_LAPACK                 : enabled
20260906 021034.437 INFO             PET0 ESMF_NETCDF                 : enabled
20260906 021034.437 INFO             PET0 ESMF_PNETCDF                : disabled
20260906 021034.437 INFO             PET0 ESMF_PIO                    : enabled
20260906 021034.437 INFO             PET0 ESMF_YAMLCPP                : enabled
20260906 021034.437 INFO             PET0  NUMBER_OF_PROCESSORS           1
20260906 021034.437 INFO             PET0  PASS  Example ESMF_ClockEx, ESMF_ClockEx.F90, line 220
20260906 021034.438 INFO             PET0  Finalizing ESMF
