2026-09-15 23:19:36
--- ESMCI::ArrayBundle::print start ---
ArrayBundle: MyArrayBundle
arrayCount = 3
--- ESMCI::ArrayBundle::print start ---
ArrayBundle: MyArrayBundle
arrayCount = 3
Container::print() multipmap:item=--- ESMCI::ArrayBundle::print start ---
ArrayBundle: MyArrayBundle
arrayCount = 3
Container::print() multipmap:item=0 key=AonFly value=--- ESMCI::ArrayBundle::print start ---
ArrayBundle: MyArrayBundle
arrayCount = 3
Container::print() multipmap:item=0 key=AonFly value=0x559f7ec72e30
Container::print() multipmap:item=1Container::print() multipmap:item=0 key=AonFly value=0x55b7cfbad600
Container::print() multipmap:item=1 key=Array002 value=0x55b7cfa86d30
Container::print() multipmap:item=2 key=Array003 value=0x55b7cfa879b0
Container::print()      list:item=00 key=AonFly value=0x55a6db41a3a0
Container::print() multipmap:item=1 key=Array002 value=0x55a6db303740
Container::print() multipmap:item=2 key=Array003 value=0x55a6db304720
Container::print()      list:item=0 key=Array002 value=0x55a6db303740
Container::print()      list:item=1 key=Array003 value=0x55a6db304720
Container::print()      list:item=2 key=AonFly value=0x55a6db41a3a0
--- ESMCI::ArrayBundle::print end ---
0x5653a4216d70
Container::print() multipmap:item=1 key=Array002 value=0x5653a42133f0
Container::print() multipmap:item=2 key=Array003 value=0x5653a4213f20
Container::print()      list:item=0 key=Array002 value=0x5653a42133f0
Container::print()      list:item=1 key=Array003 value=0x5653a4213f20
Container::print()      list:item=2 key=AonFly value=0x5653a4216d70
--- ESMCI::ArrayBundle::print end ---
 key=Array002 value=0x559f7ec6f3f0
Container::print() multipmap:item=2 key=Array003 value=0x559f7ec70020
Container::print()      list:item=0 key=Array002 value=0x559f7ec6f3f0
Container::print()      list:item=1 key=Array003 value=0x559f7ec70020
Container::print()      list:item=2 key=AonFly value=0x559f7ec72e30
--- ESMCI::ArrayBundle::print end ---
 key=Array002 value=0x55b7cfa86d30
Container::print()      list:item=1 key=Array003 value=0x55b7cfa879b0
Container::print()      list:item=2 key=AonFly value=0x55b7cfbad600
--- ESMCI::ArrayBundle::print end ---
--- ESMCI::Array::print start ---
 Base name    = AonFly
--- ESMCI::Array::print start ---
 Base name    = AonFly
 Status: Base = --- ESMCI::Array::print start ---
 Base name    = AonFly
 Status: Base = Ready,  object = Ready
 Proxy        = no
--- ESMCI::Array::print start ---
 Base name    = AonFly
 Status: Base = Ready,  object = Ready
 Proxy        = no
 Root Info (Attributes):
 Status: Base = Ready,  object = Ready
 Proxy        = no
 Root Info (Attributes):
Ready,  object = Ready
 Proxy        = no
 Root Info (Attributes):
 Root Info (Attributes):
{
  "ESMF": {
    "Instance": {
      "NamedAliasCount": 0
    }
  }
}{
  "ESMF": {
    "Instance": {
      "NamedAliasCount": 0
    }
  }
}Array typekind/rank: Real*4 / 2 
{
  "ESMF": {
    "Instance": {
      "NamedAliasCount": 0
    }
  }
}Array typekind/rank: Real*4 / 2 
~ lower class' values ~
DistGrid dimCount = 2
deCount = 6
localDeCount = 1
~ local data in LocalArray for DE 2 ~
{
  "ESMF": {
    "Instance": {
      "NamedAliasCount": 0
    }
  }
}Array typekind/rank: Real*4 / 2 
~ lower class' values ~
DistGrid dimCount = 2
deCount = 6
localDeCount = 1
~ local data in LocalArray for DE 3 ~
LocalArrayPrint: Array at address 0x559f7ec72b00:
            rank = 2, typekind = 5, base_addr = 0x559f7ec793f0
            dim[0] = 2  dim[1] = 2  
  Real, *4, Dim 2, Data values:
Array typekind/rank: Real*4 / 2 
~ lower class' values ~
DistGrid dimCount = 2
deCount = 6
localDeCount = 2
~ local data in LocalArray for DE 0 ~
LocalArrayPrint: Array at address 0x55b7cfbacfa0:
            rank = 2, typekind = 5, base_addr = 0x55b7cfa89ce0
            dim[0] = 3  dim[1] = 2  
  Real, *4, Dim 2, Data values:
( 1, 1) =  -5.66916e+09
( 2, 1) =  3.07487e-41
( 3, 1) =  0
( 1, 2) =  0
( 2, 2) =  -2.9566e+09
~ lower class' values ~
DistGrid dimCount = 2
deCount = 6
localDeCount = 2
~ local data in LocalArray for DE 1 ~
LocalArrayPrint: Array at address 0x55a6db307950:
            rank = 2, typekind = 5, base_addr = 0x55a6db30f6b0
            dim[0] = 2  dim[1] = 2  
  Real, *4, Dim 2, Data values:
( 1, 1) =  -4.96283e+16
( 2, 1) =  3.07249e-41
( 1, 2) =  2.8026e-45
( 2, 2) =  1.4013e-45
~ local data in LocalArray for DE 5 ~
LocalArrayPrint: Array at address 0x55a6db41a070:
            rank = 2, typekind = 5, base_addr = 0x55a6db307890
            dim[0] = 2  dim[1] = 1  
  Real, *4, Dim 2, Data values:
LocalArrayPrint: Array at address 0x5653a4216a40:
            rank = 2, typekind = 5, base_addr = 0x5653a421f680
            dim[0] = 3  dim[1] = 2  
  Real, *4, Dim 2, Data values:
( 1, 1) =  -3.49373e-17
( 2, 1) =  3.09673e-41
( 3, 1) =  0
( 1, 2) =  0
( 2, 2) =  4.42896e-39
( 3, 2) =  0
--- ESMCI::Array::print end ---
--- ESMCI::Array::print start ---
 Base name    = Array002
 Status: Base = Ready,  object = Ready
 Proxy        = no
 Root Info (Attributes):
( 1, 1) =  1.32282e+38
( 2, 1) =  3.07151e-41
( 1, 2) =  0
( 2, 2) =  0
--- ESMCI::Array::print end ---
--- ESMCI::Array::print start ---
 Base name    = Array002
 Status: Base = Ready,  object = Ready
 Proxy        = no
 Root Info (Attributes):
{
  "ESMF": {
    "Instance": {
      "NamedAliasCount": 0
    }
  }
}Array typekind/rank: Real*8 / 2 
~ lower class' values ~
DistGrid dimCount = 2
deCount = 6
localDeCount = 1
~ local data in LocalArray for DE 3 ~
LocalArrayPrint: Array at address 0x559f7ec6e740:
            rank = 2, typekind = 6, base_addr = 0x559f7ec6dfb0
            dim[0] = 2  dim[1] = 2  
  Real, *8, Dim 2, Data values:
( 1, 1) =  4.65131e-310
( 2, 1) =  0
( 3, 2) =  3.07487e-41
~ local data in LocalArray for DE 4 ~
LocalArrayPrint: Array at address 0x55b7cfbad2d0:
            rank = 2, typekind = 5, base_addr = 0x55b7cf5fd930
            dim[0] = 3  dim[1] = 1  
  Real, *4, Dim 2, Data values:
( 1, 1) =  -5.65436e+09
( 2, 1) =  3.07487e-41
( 3, 1) =  4.2039e-45
--- ESMCI::Array::print end ---
--- ESMCI::Array::print start ---
 Base name    = Array002
 Status: Base = Ready,  object = Ready
 Proxy        = no
 Root Info (Attributes):
{
  "ESMF": {
    "Instance": {
      "NamedAliasCount": 0
    }
  }
}Array typekind/rank: Real*8 / 2 
~ lower class' values ~
DistGrid dimCount = 2
deCount = 6
localDeCount = 2
~ local data in LocalArray for DE 0 ~
LocalArrayPrint: Array at address 0x55b7cfa85b50:
            rank = 2, typekind = 6, base_addr = 0x55b7cfa8f400
            dim[0] = 3  dim[1] = 2  
  Real, *8, Dim 2, Data values:
( 1, 1) =  4.65647e-310
( 1, 1) =  -4.9672e+16
( 2, 1) =  3.07249e-41
--- ESMCI::Array::print end ---
--- ESMCI::Array::print start ---
 Base name    = Array002
 Status: Base = Ready,  object = Ready
 Proxy        = no
 Root Info (Attributes):
{
  "ESMF": {
    "Instance": {
      "NamedAliasCount": 0
    }
  }
}Array typekind/rank: Real*8 / 2 
~ lower class' values ~
DistGrid dimCount = 2
deCount = 6
localDeCount = 2
~ local data in LocalArray for DE 1 ~
LocalArrayPrint: Array at address 0x55a6db302800:
            rank = 2, typekind = 6, base_addr = 0x55a6db301ff0
            dim[0] = 2  dim[1] = 2  
  Real, *8, Dim 2, Data values:
( 1, 1) =  4.65287e-310
( 2, 1) =  0
( 1, 2) =  0
( 2, 2) =  0
~ local data in LocalArray for DE 5 ~
LocalArrayPrint: Array at address 0x55a6db3033f0:
            rank = 2, typekind = 6, base_addr = 0x55a6db303720
            dim[0] = 2  dim[1] = 1  
  Real, *8, Dim 2, Data values:
( 1, 1) =  1.15114e-310
{
  "ESMF": {
    "Instance": {
      "NamedAliasCount": 0
    }
  }
}Array typekind/rank: Real*8 / 2 
~ lower class' values ~
DistGrid dimCount = 2
deCount = 6
localDeCount = 1
~ local data in LocalArray for DE 2 ~
LocalArrayPrint: Array at address 0x5653a4212690:
            rank = 2, typekind = 6, base_addr = 0x5653a4211f30
            dim[0] = 3  dim[1] = 2  
  Real, *8, Dim 2, Data values:
( 1, 1) =  4.68953e-310
( 2, 1) =  0
( 3, 1) =  4.24399e-314
( 1, 2) =  4.24399e-314
( 2, 2) =  2.122e-314
( 3, 2) =  2.122e-314
--- ESMCI::Array::print end ---
--- ESMCI::Array::print start ---
 Base name    = Array003
 Status: Base = Ready,  object = Ready
 Proxy        = no
 Root Info (Attributes):
{
  "ESMF": {
    "Instance": {
      "NamedAliasCount": 0
    }
  }
}Array typekind/rank: Real*8 / 2 
~ lower class' values ~
DistGrid dimCount = 2
deCount = 6
localDeCount = 1
~ local data in LocalArray for DE 2 ~
LocalArrayPrint: Array at address 0x5653a4213bf0:
            rank = 2, typekind = 6, base_addr = 0x5653a4211fd0
            dim[0] = 3  dim[1] = 2  
  Real, *8, Dim 2, Data values:
( 1, 1) =  0
( 1, 2) =  0
( 2, 2) =  0
--- ESMCI::Array::print end ---
--- ESMCI::Array::print start ---
 Base name    = Array003
 Status: Base = Ready,  object = Ready
 Proxy        = no
 Root Info (Attributes):
{
  "ESMF": {
    "Instance": {
      "NamedAliasCount": 0
    }
  }
}Array typekind/rank: Real*8 / 2 
~ lower class' values ~
DistGrid dimCount = 2
deCount = 6
localDeCount = 1
~ local data in LocalArray for DE 3 ~
LocalArrayPrint: Array at address 0x559f7ec6fcf0:
            rank = 2, typekind = 6, base_addr = 0x559f7ec6df10
            dim[0] = 2  dim[1] = 2  
  Real, *8, Dim 2, Data values:
( 1, 1) =  4.65131e-310
( 2, 1) =  0
( 1, 2) =  1.56155e-317
( 2, 2) =  0
--- ESMCI::Array::print end ---
( 2, 1) =  0
( 3, 1) =  4.24399e-314
( 1, 2) =  4.24399e-314
( 2, 2) =  2.122e-314
( 3, 2) =  2.122e-314
~ local data in LocalArray for DE 4 ~
LocalArrayPrint: Array at address 0x55b7cfa85e80:
            rank = 2, typekind = 6, base_addr = 0x55b7cfa8f3d0
            dim[0] = 3  dim[1] = 1  
  Real, *8, Dim 2, Data values:
( 1, 1) =  4.65647e-310
( 2, 1) =  0
( 3, 1) =  0
--- ESMCI::Array::print end ---
--- ESMCI::Array::print start ---
 Base name    = Array003
 Status: Base = Ready,  object = Ready
 Proxy        = no
 Root Info (Attributes):
{
  "ESMF": {
    "Instance": {
      "NamedAliasCount": 0
    }
  }
}Array typekind/rank: Real*8 / 2 
~ lower class' values ~
DistGrid dimCount = 2
deCount = 6
localDeCount = 2
~ local data in LocalArray for DE 0 ~
LocalArrayPrint: Array at address 0x55b7cfa87310:
            rank = 2, typekind = 6, base_addr = 0x55b7cfa87640
            dim[0] = 3  dim[1] = 2  
  Real, *8, Dim 2, Data values:
( 1, 1) =  1.11491e-310
( 2, 1) =  1.11491e-310
( 3, 1) =  0
( 1, 2) =  0
( 2, 2) =  -nan
( 3, 2) =  0
( 2, 1) =  1.15114e-310
--- ESMCI::Array::print end ---
--- ESMCI::Array::print start ---
 Base name    = Array003
 Status: Base = Ready,  object = Ready
 Proxy        = no
 Root Info (Attributes):
{
  "ESMF": {
    "Instance": {
      "NamedAliasCount": 0
    }
  }
}Array typekind/rank: Real*8 / 2 
~ lower class' values ~
DistGrid dimCount = 2
deCount = 6
localDeCount = 2
~ local data in LocalArray for DE 1 ~
LocalArrayPrint: Array at address 0x55a6db3040c0:
            rank = 2, typekind = 6, base_addr = 0x55a6db301f50
            dim[0] = 2  dim[1] = 2  
  Real, *8, Dim 2, Data values:
( 1, 1) =  4.65287e-310
( 2, 1) =  0
( 1, 2) =  1.56155e-317
( 2, 2) =  0
~ local data in LocalArray for DE 5 ~
LocalArrayPrint: Array at address 0x55a6db3043f0:
            rank = 2, typekind = 6, base_addr = 0x55a6db301fd0
            dim[0] = 2  dim[1] = 1  
  Real, *8, Dim 2, Data values:
( 1, 1) =  4.65287e-310
( 2, 1) =  2.122e-314
--- ESMCI::Array::print end ---
( 2, 1) =  0
( 3, 1) =  5.29584e+160
( 1, 2) =  6.0871e+247
( 2, 2) =  2.25703e-76
( 3, 2) =  1.0614e-313
--- ESMCI::Array::print end ---
~ local data in LocalArray for DE 4 ~
LocalArrayPrint: Array at address 0x55b7cfa87680:
            rank = 2, typekind = 6, base_addr = 0x55b7cfa80330
            dim[0] = 3  dim[1] = 1  
  Real, *8, Dim 2, Data values:
( 1, 1) =  4.65647e-310
( 2, 1) =  0
( 3, 1) =  1.56155e-317
--- ESMCI::Array::print end ---
  PASS  Example ESMF_ArrayBundleEx, ./ESMF_ArrayBundleEx.F90, line 267
 PASS: ESMF_ArrayBundleEx.F90
  PASS  Example ESMF_ArrayBundleEx, ./ESMF_ArrayBundleEx.F90, line 267
 PASS: ESMF_ArrayBundleEx.F90
  PASS  Example ESMF_ArrayBundleEx, ./ESMF_ArrayBundleEx.F90, line 267
 PASS: ESMF_ArrayBundleEx.F90
  PASS  Example ESMF_ArrayBundleEx, ./ESMF_ArrayBundleEx.F90, line 267
 PASS: ESMF_ArrayBundleEx.F90
