2026-09-23 23:04:36
 localPET= 2  localDE= 0 : array( 1 , 1 )= 4.66007618925343E-310
 localPET= 2  localDE= 0 : array( 1 , 2 )= 4.243991583E-314
 localPET= 2  localDE= 0 : array( 2 , 1 )= 0.
 localPET= 2  localDE= 0 : array( 2 , 2 )= 2.1219957924E-314
 localPET= 2  localDE= 0 : array( 3 , 1 )= 4.2439915834E-314
 localPET= 2  localDE= 0 : array( 3 , 2 )= 2.121995792E-314
 localPet:  2 DE  2  [ 1 3 ]
  PASS  Example ESMF_ArrayEx, ./ESMF_ArrayEx.F90, line 1901
 PASS: ESMF_ArrayEx.F90
 localPET= 1  localDE= 0 : array( 1 , 1 )= 4.6372034914804E-310
 localPET= 1  localDE= 0 : array( 1 , 2 )= 0.
 localPET= 1  localDE= 0 : array( 2 , 1 )= 0.
 localPET= 1  localDE= 0 : array( 2 , 2 )= 0.
 localPET= 1  localDE= 1 : array( 1 , 1 )= 4.63720349162743E-310
 localPET= 1  localDE= 1 : array( 2 , 1 )= 1.14731321882617E-310
 localPet:  1 DE  1  [ 1 2 ]
 localPet:  1 DE  5  [ 1 2 ]
  PASS  Example ESMF_ArrayEx, ./ESMF_ArrayEx.F90, line 1901
 PASS: ESMF_ArrayEx.F90
 localPET= 3  localDE= 0 : array( 1 , 1 )= 4.6756110103629E-310
 localPET= 3  localDE= 0 : array( 1 , 2 )= 0.
 localPET= 3  localDE= 0 : array( 2 , 1 )= 0.
 localPET= 3  localDE= 0 : array( 2 , 2 )= 0.
 localPet:  3 DE  3  [ 1 2 ]
  PASS  Example ESMF_ArrayEx, ./ESMF_ArrayEx.F90, line 1901
 PASS: ESMF_ArrayEx.F90
 localPET= 0  localDE= 0 : array( 1 , 1 )= 0.
 localPET= 0  localDE= 0 : array( 1 , 2 )= 4.243991583E-314
 localPET= 0  localDE= 0 : array( 2 , 1 )= 0.
 localPET= 0  localDE= 0 : array( 2 , 2 )= 2.1219957924E-314
 localPET= 0  localDE= 0 : array( 3 , 1 )= 4.2439915834E-314
 localPET= 0  localDE= 0 : array( 3 , 2 )= 2.121995792E-314
 localPET= 0  localDE= 1 : array( 1 , 1 )= 4.6659475142725E-310
 localPET= 0  localDE= 1 : array( 2 , 1 )= 0.
 localPET= 0  localDE= 1 : array( 3 , 1 )= 0.
 localPet:  0 DE  0  [ 1 3 ]
 localPet:  0 DE  4  [ 1 3 ]
  PASS  Example ESMF_ArrayEx, ./ESMF_ArrayEx.F90, line 1901
 PASS: ESMF_ArrayEx.F90
