2026-09-15 03:05:32
[2026-09-15T10:36:40.813] error: couldn't chdir to `/tmp/intel_2023.1.0-oneAPI_mpi_O_develop/nuopc-app-prototypes/CustomFieldDictionaryProto': No such file or directory: going to /tmp instead
forrtl: severe (174): SIGSEGV, segmentation fault occurred
Image              PC                Routine            Line        Source             
libc.so.6          000014592B643980  Unknown               Unknown  Unknown
mainApp            000000000043E911  Unknown               Unknown  Unknown
mainApp            000000000043F8D0  Unknown               Unknown  Unknown
mainApp            000000000043EA75  Unknown               Unknown  Unknown
libesmf.so         0000145930122C4F  f_esmf_compcollec     Unknown  Unknown
libesmf.so         000014592FF7930F  _ZN5ESMCI2VM8fina     Unknown  Unknown
libesmf.so         000014592FF51FD5  c_esmc_vmfinalize     Unknown  Unknown
libesmf.so         000014593067C0CC  esmf_vmmod_mp_esm     Unknown  Unknown
libesmf.so         0000145930481F8A  esmf_initmod_mp_e     Unknown  Unknown
mainApp            0000000000416FAD  Unknown               Unknown  Unknown
mainApp            000000000041674D  Unknown               Unknown  Unknown
libc.so.6          000014592B62CEEC  Unknown               Unknown  Unknown
libc.so.6          000014592B62CFB5  __libc_start_main     Unknown  Unknown
mainApp            0000000000416651  Unknown               Unknown  Unknown
forrtl: severe (174): SIGSEGV, segmentation fault occurred
Image              PC                Routine            Line        Source             
libc.so.6          000014624B843980  Unknown               Unknown  Unknown
mainApp            000000000043F7F0  Unknown               Unknown  Unknown
mainApp            000000000043EA40  Unknown               Unknown  Unknown
mainApp            000000000043F8D0  Unknown               Unknown  Unknown
mainApp            000000000043EA75  Unknown               Unknown  Unknown
libesmf.so         00001462501C9C4F  f_esmf_compcollec     Unknown  Unknown
libesmf.so         000014625002030F  _ZN5ESMCI2VM8fina     Unknown  Unknown
libesmf.so         000014624FFF8FD5  c_esmc_vmfinalize     Unknown  Unknown
libesmf.so         00001462507230CC  esmf_vmmod_mp_esm     Unknown  Unknown
libesmf.so         0000146250528F8A  esmf_initmod_mp_e     Unknown  Unknown
mainApp            0000000000416FAD  Unknown               Unknown  Unknown
mainApp            000000000041674D  Unknown               Unknown  Unknown
libc.so.6          000014624B82CEEC  Unknown               Unknown  Unknown
libc.so.6          000014624B82CFB5  __libc_start_main     Unknown  Unknown
mainApp            0000000000416651  Unknown               Unknown  Unknown
forrtl: severe (174): SIGSEGV, segmentation fault occurred
Image              PC                Routine            Line        Source             
libc.so.6          0000152568C43980  Unknown               Unknown  Unknown
mainApp            000000000043E8E7  Unknown               Unknown  Unknown
mainApp            000000000043F8D0  Unknown               Unknown  Unknown
mainApp            000000000043EA75  Unknown               Unknown  Unknown
libesmf.so         000015256D75CC4F  f_esmf_compcollec     Unknown  Unknown
libesmf.so         000015256D5B330F  _ZN5ESMCI2VM8fina     Unknown  Unknown
libesmf.so         000015256D58BFD5  c_esmc_vmfinalize     Unknown  Unknown
libesmf.so         000015256DCB60CC  esmf_vmmod_mp_esm     Unknown  Unknown
libesmf.so         000015256DABBF8A  esmf_initmod_mp_e     Unknown  Unknown
mainApp            0000000000416FAD  Unknown               Unknown  Unknown
mainApp            000000000041674D  Unknown               Unknown  Unknown
libc.so.6          0000152568C2CEEC  Unknown               Unknown  Unknown
libc.so.6          0000152568C2CFB5  __libc_start_main     Unknown  Unknown
mainApp            0000000000416651  Unknown               Unknown  Unknown
forrtl: severe (174): SIGSEGV, segmentation fault occurred
Image              PC                Routine            Line        Source             
libc.so.6          0000150E78643980  Unknown               Unknown  Unknown
mainApp            000000000043E8E7  Unknown               Unknown  Unknown
mainApp            000000000043F8D0  Unknown               Unknown  Unknown
mainApp            000000000043EA75  Unknown               Unknown  Unknown
libesmf.so         0000150E7D082C4F  f_esmf_compcollec     Unknown  Unknown
libesmf.so         0000150E7CED930F  _ZN5ESMCI2VM8fina     Unknown  Unknown
libesmf.so         0000150E7CEB1FD5  c_esmc_vmfinalize     Unknown  Unknown
libesmf.so         0000150E7D5DC0CC  esmf_vmmod_mp_esm     Unknown  Unknown
libesmf.so         0000150E7D3E1F8A  esmf_initmod_mp_e     Unknown  Unknown
mainApp            0000000000416FAD  Unknown               Unknown  Unknown
mainApp            000000000041674D  Unknown               Unknown  Unknown
libc.so.6          0000150E7862CEEC  Unknown               Unknown  Unknown
libc.so.6          0000150E7862CFB5  __libc_start_main     Unknown  Unknown
mainApp            0000000000416651  Unknown               Unknown  Unknown
srun: error: nid005700: tasks 0-3: Exited with exit code 174
srun: Terminating StepId=58343032.388
