2026-09-15 03:05:32
[2026-09-15T10:36:56.230] error: couldn't chdir to `/tmp/intel_2023.1.0-oneAPI_mpi_O_develop/nuopc-app-prototypes/DriverInDriverDataDepProto': No such file or directory: going to /tmp instead
forrtl: severe (174): SIGSEGV, segmentation fault occurred
Image              PC                Routine            Line        Source             
libc.so.6          000014ADF5243980  Unknown               Unknown  Unknown
mainApp            0000000000440800  Unknown               Unknown  Unknown
mainApp            0000000000441800  Unknown               Unknown  Unknown
mainApp            00000000004409A5  Unknown               Unknown  Unknown
libesmf.so         000014ADF9CEAC4F  f_esmf_compcollec     Unknown  Unknown
libesmf.so         000014ADF9B4130F  _ZN5ESMCI2VM8fina     Unknown  Unknown
libesmf.so         000014ADF9B19FD5  c_esmc_vmfinalize     Unknown  Unknown
libesmf.so         000014ADFA2440CC  esmf_vmmod_mp_esm     Unknown  Unknown
libesmf.so         000014ADFA049F8A  esmf_initmod_mp_e     Unknown  Unknown
mainApp            000000000041716B  Unknown               Unknown  Unknown
mainApp            0000000000416B4D  Unknown               Unknown  Unknown
libc.so.6          000014ADF522CEEC  Unknown               Unknown  Unknown
libc.so.6          000014ADF522CFB5  __libc_start_main     Unknown  Unknown
mainApp            0000000000416A51  Unknown               Unknown  Unknown
forrtl: severe (174): SIGSEGV, segmentation fault occurred
Image              PC                Routine            Line        Source             
libc.so.6          000014B9DFA43980  Unknown               Unknown  Unknown
mainApp            0000000000440829  Unknown               Unknown  Unknown
mainApp            0000000000441800  Unknown               Unknown  Unknown
mainApp            00000000004409A5  Unknown               Unknown  Unknown
libesmf.so         000014B9E44ACC4F  f_esmf_compcollec     Unknown  Unknown
libesmf.so         000014B9E430330F  _ZN5ESMCI2VM8fina     Unknown  Unknown
libesmf.so         000014B9E42DBFD5  c_esmc_vmfinalize     Unknown  Unknown
libesmf.so         000014B9E4A060CC  esmf_vmmod_mp_esm     Unknown  Unknown
libesmf.so         000014B9E480BF8A  esmf_initmod_mp_e     Unknown  Unknown
mainApp            000000000041716B  Unknown               Unknown  Unknown
mainApp            0000000000416B4D  Unknown               Unknown  Unknown
libc.so.6          000014B9DFA2CEEC  Unknown               Unknown  Unknown
libc.so.6          000014B9DFA2CFB5  __libc_start_main     Unknown  Unknown
mainApp            0000000000416A51  Unknown               Unknown  Unknown
forrtl: severe (174): SIGSEGV, segmentation fault occurred
Image              PC                Routine            Line        Source             
libc.so.6          000014798B443980  Unknown               Unknown  Unknown
mainApp            0000000000440860  Unknown               Unknown  Unknown
mainApp            0000000000441800  Unknown               Unknown  Unknown
mainApp            00000000004409A5  Unknown               Unknown  Unknown
libesmf.so         000014798FF36C4F  f_esmf_compcollec     Unknown  Unknown
libesmf.so         000014798FD8D30F  _ZN5ESMCI2VM8fina     Unknown  Unknown
libesmf.so         000014798FD65FD5  c_esmc_vmfinalize     Unknown  Unknown
libesmf.so         00001479904900CC  esmf_vmmod_mp_esm     Unknown  Unknown
libesmf.so         0000147990295F8A  esmf_initmod_mp_e     Unknown  Unknown
mainApp            000000000041716B  Unknown               Unknown  Unknown
mainApp            0000000000416B4D  Unknown               Unknown  Unknown
libc.so.6          000014798B42CEEC  Unknown               Unknown  Unknown
libc.so.6          000014798B42CFB5  __libc_start_main     Unknown  Unknown
mainApp            0000000000416A51  Unknown               Unknown  Unknown
forrtl: severe (174): SIGSEGV, segmentation fault occurred
Image              PC                Routine            Line        Source             
libc.so.6          0000154CB0E43980  Unknown               Unknown  Unknown
mainApp            0000000000440853  Unknown               Unknown  Unknown
mainApp            0000000000441800  Unknown               Unknown  Unknown
mainApp            00000000004409A5  Unknown               Unknown  Unknown
libesmf.so         0000154CB5887C4F  f_esmf_compcollec     Unknown  Unknown
libesmf.so         0000154CB56DE30F  _ZN5ESMCI2VM8fina     Unknown  Unknown
libesmf.so         0000154CB56B6FD5  c_esmc_vmfinalize     Unknown  Unknown
libesmf.so         0000154CB5DE10CC  esmf_vmmod_mp_esm     Unknown  Unknown
libesmf.so         0000154CB5BE6F8A  esmf_initmod_mp_e     Unknown  Unknown
mainApp            000000000041716B  Unknown               Unknown  Unknown
mainApp            0000000000416B4D  Unknown               Unknown  Unknown
libc.so.6          0000154CB0E2CEEC  Unknown               Unknown  Unknown
libc.so.6          0000154CB0E2CFB5  __libc_start_main     Unknown  Unknown
mainApp            0000000000416A51  Unknown               Unknown  Unknown
srun: error: nid005700: tasks 0-3: Exited with exit code 174
srun: Terminating StepId=58343032.389
