2026-09-15 03:05:32
[2026-09-15T10:37:00.366] error: couldn't chdir to `/tmp/intel_2023.1.0-oneAPI_mpi_O_develop/nuopc-app-prototypes/DriverInDriverProto': No such file or directory: going to /tmp instead
forrtl: severe (174): SIGSEGV, segmentation fault occurred
Image              PC                Routine            Line        Source             
libc.so.6          0000145D32243980  Unknown               Unknown  Unknown
mainApp            000000000043FA39  Unknown               Unknown  Unknown
mainApp            0000000000440A10  Unknown               Unknown  Unknown
mainApp            000000000043FBB5  Unknown               Unknown  Unknown
libesmf.so         0000145D36CF3C4F  f_esmf_compcollec     Unknown  Unknown
libesmf.so         0000145D36B4A30F  _ZN5ESMCI2VM8fina     Unknown  Unknown
libesmf.so         0000145D36B22FD5  c_esmc_vmfinalize     Unknown  Unknown
libesmf.so         0000145D3724D0CC  esmf_vmmod_mp_esm     Unknown  Unknown
libesmf.so         0000145D37052F8A  esmf_initmod_mp_e     Unknown  Unknown
mainApp            0000000000416E6B  Unknown               Unknown  Unknown
mainApp            000000000041684D  Unknown               Unknown  Unknown
libc.so.6          0000145D3222CEEC  Unknown               Unknown  Unknown
libc.so.6          0000145D3222CFB5  __libc_start_main     Unknown  Unknown
mainApp            0000000000416751  Unknown               Unknown  Unknown
forrtl: severe (174): SIGSEGV, segmentation fault occurred
Image              PC                Routine            Line        Source             
libc.so.6          000014948C443980  Unknown               Unknown  Unknown
mainApp            000000000043FA43  Unknown               Unknown  Unknown
mainApp            0000000000440A10  Unknown               Unknown  Unknown
mainApp            000000000043FBB5  Unknown               Unknown  Unknown
libesmf.so         0000149490E43C4F  f_esmf_compcollec     Unknown  Unknown
libesmf.so         0000149490C9A30F  _ZN5ESMCI2VM8fina     Unknown  Unknown
libesmf.so         0000149490C72FD5  c_esmc_vmfinalize     Unknown  Unknown
libesmf.so         000014949139D0CC  esmf_vmmod_mp_esm     Unknown  Unknown
libesmf.so         00001494911A2F8A  esmf_initmod_mp_e     Unknown  Unknown
mainApp            0000000000416E6B  Unknown               Unknown  Unknown
mainApp            000000000041684D  Unknown               Unknown  Unknown
libc.so.6          000014948C42CEEC  Unknown               Unknown  Unknown
libc.so.6          000014948C42CFB5  __libc_start_main     Unknown  Unknown
mainApp            0000000000416751  Unknown               Unknown  Unknown
forrtl: severe (174): SIGSEGV, segmentation fault occurred
Image              PC                Routine            Line        Source             
libc.so.6          0000148365E43980  Unknown               Unknown  Unknown
mainApp            000000000043FA43  Unknown               Unknown  Unknown
mainApp            0000000000440A10  Unknown               Unknown  Unknown
mainApp            000000000043FBB5  Unknown               Unknown  Unknown
libesmf.so         000014836A8E0C4F  f_esmf_compcollec     Unknown  Unknown
libesmf.so         000014836A73730F  _ZN5ESMCI2VM8fina     Unknown  Unknown
libesmf.so         000014836A70FFD5  c_esmc_vmfinalize     Unknown  Unknown
libesmf.so         000014836AE3A0CC  esmf_vmmod_mp_esm     Unknown  Unknown
libesmf.so         000014836AC3FF8A  esmf_initmod_mp_e     Unknown  Unknown
mainApp            0000000000416E6B  Unknown               Unknown  Unknown
mainApp            000000000041684D  Unknown               Unknown  Unknown
libc.so.6          0000148365E2CEEC  Unknown               Unknown  Unknown
libc.so.6          0000148365E2CFB5  __libc_start_main     Unknown  Unknown
mainApp            0000000000416751  Unknown               Unknown  Unknown
forrtl: severe (174): SIGSEGV, segmentation fault occurred
Image              PC                Routine            Line        Source             
libc.so.6          0000151366243980  Unknown               Unknown  Unknown
mainApp            000000000043FA70  Unknown               Unknown  Unknown
mainApp            0000000000440A10  Unknown               Unknown  Unknown
mainApp            000000000043FBB5  Unknown               Unknown  Unknown
libesmf.so         000015136ABADC4F  f_esmf_compcollec     Unknown  Unknown
libesmf.so         000015136AA0430F  _ZN5ESMCI2VM8fina     Unknown  Unknown
libesmf.so         000015136A9DCFD5  c_esmc_vmfinalize     Unknown  Unknown
libesmf.so         000015136B1070CC  esmf_vmmod_mp_esm     Unknown  Unknown
libesmf.so         000015136AF0CF8A  esmf_initmod_mp_e     Unknown  Unknown
mainApp            0000000000416E6B  Unknown               Unknown  Unknown
mainApp            000000000041684D  Unknown               Unknown  Unknown
libc.so.6          000015136622CEEC  Unknown               Unknown  Unknown
libc.so.6          000015136622CFB5  __libc_start_main     Unknown  Unknown
mainApp            0000000000416751  Unknown               Unknown  Unknown
srun: error: nid005700: tasks 0-3: Exited with exit code 174
srun: Terminating StepId=58343032.390
