2026-09-15 03:05:32
[2026-09-15T10:37:23.802] error: couldn't chdir to `/tmp/intel_2023.1.0-oneAPI_mpi_O_develop/nuopc-app-prototypes/NamespaceProto': No such file or directory: going to /tmp instead
forrtl: severe (174): SIGSEGV, segmentation fault occurred
Image              PC                Routine            Line        Source             
libc.so.6          0000150ED2E43980  Unknown               Unknown  Unknown
mainApp            0000000000440103  Unknown               Unknown  Unknown
mainApp            00000000004410D0  Unknown               Unknown  Unknown
mainApp            0000000000440275  Unknown               Unknown  Unknown
libesmf.so         0000150ED7950C4F  f_esmf_compcollec     Unknown  Unknown
libesmf.so         0000150ED77A730F  _ZN5ESMCI2VM8fina     Unknown  Unknown
libesmf.so         0000150ED777FFD5  c_esmc_vmfinalize     Unknown  Unknown
libesmf.so         0000150ED7EAA0CC  esmf_vmmod_mp_esm     Unknown  Unknown
libesmf.so         0000150ED7CAFF8A  esmf_initmod_mp_e     Unknown  Unknown
mainApp            0000000000416E6B  Unknown               Unknown  Unknown
mainApp            000000000041684D  Unknown               Unknown  Unknown
libc.so.6          0000150ED2E2CEEC  Unknown               Unknown  Unknown
libc.so.6          0000150ED2E2CFB5  __libc_start_main     Unknown  Unknown
mainApp            0000000000416751  Unknown               Unknown  Unknown
forrtl: severe (174): SIGSEGV, segmentation fault occurred
Image              PC                Routine            Line        Source             
libc.so.6          0000146CDA843980  Unknown               Unknown  Unknown
mainApp            0000000000440103  Unknown               Unknown  Unknown
mainApp            00000000004410D0  Unknown               Unknown  Unknown
mainApp            0000000000440275  Unknown               Unknown  Unknown
libesmf.so         0000146CDF377C4F  f_esmf_compcollec     Unknown  Unknown
libesmf.so         0000146CDF1CE30F  _ZN5ESMCI2VM8fina     Unknown  Unknown
libesmf.so         0000146CDF1A6FD5  c_esmc_vmfinalize     Unknown  Unknown
libesmf.so         0000146CDF8D10CC  esmf_vmmod_mp_esm     Unknown  Unknown
libesmf.so         0000146CDF6D6F8A  esmf_initmod_mp_e     Unknown  Unknown
mainApp            0000000000416E6B  Unknown               Unknown  Unknown
mainApp            000000000041684D  Unknown               Unknown  Unknown
libc.so.6          0000146CDA82CEEC  Unknown               Unknown  Unknown
libc.so.6          0000146CDA82CFB5  __libc_start_main     Unknown  Unknown
mainApp            0000000000416751  Unknown               Unknown  Unknown
forrtl: severe (174): SIGSEGV, segmentation fault occurred
Image              PC                Routine            Line        Source             
libc.so.6          00001503DE443980  Unknown               Unknown  Unknown
mainApp            00000000004400D0  Unknown               Unknown  Unknown
mainApp            00000000004410D0  Unknown               Unknown  Unknown
mainApp            0000000000440275  Unknown               Unknown  Unknown
libesmf.so         00001503E2E35C4F  f_esmf_compcollec     Unknown  Unknown
libesmf.so         00001503E2C8C30F  _ZN5ESMCI2VM8fina     Unknown  Unknown
libesmf.so         00001503E2C64FD5  c_esmc_vmfinalize     Unknown  Unknown
libesmf.so         00001503E338F0CC  esmf_vmmod_mp_esm     Unknown  Unknown
libesmf.so         00001503E3194F8A  esmf_initmod_mp_e     Unknown  Unknown
mainApp            0000000000416E6B  Unknown               Unknown  Unknown
mainApp            000000000041684D  Unknown               Unknown  Unknown
libc.so.6          00001503DE42CEEC  Unknown               Unknown  Unknown
libc.so.6          00001503DE42CFB5  __libc_start_main     Unknown  Unknown
mainApp            0000000000416751  Unknown               Unknown  Unknown
srun: error: nid005700: tasks 1-3: Exited with exit code 174
srun: Terminating StepId=58343032.396
[2026-09-15T10:37:25.974] error: *** STEP 58343032.396 ON nid005700 CANCELLED AT 2026-09-15T10:37:25 DUE TO TASK FAILURE ***
forrtl: error (78): process killed (SIGTERM)
Image              PC                Routine            Line        Source             
libc.so.6          000014FA7D043980  Unknown               Unknown  Unknown
libc.so.6          000014FA7D1001E7  __sched_yield         Unknown  Unknown
libmpi_intel.so.1  000014FA7ED01ADE  Unknown               Unknown  Unknown
libmpi_intel.so.1  000014FA7FA9DA16  Unknown               Unknown  Unknown
libmpi_intel.so.1  000014FA7FAB0169  Unknown               Unknown  Unknown
libmpi_intel.so.1  000014FA7F9B858C  Unknown               Unknown  Unknown
libmpi_intel.so.1  000014FA7DFA3D11  Unknown               Unknown  Unknown
libmpi_intel.so.1  000014FA7DFA3EF5  Unknown               Unknown  Unknown
libmpi_intel.so.1  000014FA7FC9D5F0  Unknown               Unknown  Unknown
libmpi_intel.so.1  000014FA7FADD0FC  Unknown               Unknown  Unknown
libmpi_intel.so.1  000014FA7FADB00C  Unknown               Unknown  Unknown
libmpi_intel.so.1  000014FA7E267C01  Unknown               Unknown  Unknown
libmpi_intel.so.1  000014FA7FADF380  Unknown               Unknown  Unknown
libmpi_intel.so.1  000014FA7FC9E3D3  Unknown               Unknown  Unknown
libmpi_intel.so.1  000014FA7E091200  Unknown               Unknown  Unknown
libmpi_intel.so.1  000014FA7E09173F  PMPI_Barrier          Unknown  Unknown
libdarshan.so.0.0  000014FA80B0351C  darshan_core_shut     Unknown  Unknown
libdarshan.so.0.0  000014FA80B00674  MPI_Finalize          Unknown  Unknown
libesmf.so         000014FA818B7B12  _ZN5ESMCI3VMK8fin     Unknown  Unknown
libesmf.so         000014FA818D9BDB  _ZN5ESMCI2VM8fina     Unknown  Unknown
libesmf.so         000014FA818B1FD5  c_esmc_vmfinalize     Unknown  Unknown
libesmf.so         000014FA81FDC0CC  esmf_vmmod_mp_esm     Unknown  Unknown
libesmf.so         000014FA81DE1F8A  esmf_initmod_mp_e     Unknown  Unknown
mainApp            0000000000416E6B  Unknown               Unknown  Unknown
mainApp            000000000041684D  Unknown               Unknown  Unknown
libc.so.6          000014FA7D02CEEC  Unknown               Unknown  Unknown
libc.so.6          000014FA7D02CFB5  __libc_start_main     Unknown  Unknown
mainApp            0000000000416751  Unknown               Unknown  Unknown
srun: error: nid005700: task 0: Killed
srun: Force Terminated StepId=58343032.396
