2026-09-15 03:05:32
[2026-09-15T10:39:09.562] error: couldn't chdir to `/tmp/intel_2023.1.0-oneAPI_mpi_O_develop/nuopc-app-prototypes/NestingTelescopeMultipleProto': No such file or directory: going to /tmp instead
 NUOPC_DriverPrint for PET:           0
   Model, Mediator, and Driver components, in the order
   that they were added to the Driver:
           1 :  advectDiff_Parent
           2 :  advectDiff_Gen1Nestling0
           3 :  advectDiff_Gen1Nestling1
           4 :  advectDiff_Gen2Nestling0
   Connector components, in the order
   that they were added to the Driver:
           1 :  advectDiff_Parent-TO-advectDiff_Gen1Nestling0
           2 :  advectDiff_Parent-TO-advectDiff_Gen1Nestling1
           3 :  advectDiff_Gen1Nestling0-TO-advectDiff_Gen2Nestling0
NUOPC_RunSequenceArrayPrint: element     1 out of      2
runSeq::
 runElementPrint:      1     2     1 F T
 runElementPrint:      1     3     1 F T
 runElementPrint:      1    -1     1 F T
 runElementPrint:     -2     0     0 F T
 runElementPrint:      3    -1     1 F T
 runElementPrint:     -1    -1     0 F F
::
NUOPC_RunSequenceArrayPrint: element     2 out of      2
runSeq::
 runElementPrint:      2     4     1 F T
 runElementPrint:      2    -1     1 F T
 runElementPrint:      4    -1     1 F T
 runElementPrint:     -2    -1     0 F F
::
 NUOPC_DriverPrint for PET:           1
   Model, Mediator, and Driver components, in the order
   that they were added to the Driver:
           1 :  advectDiff_Parent
           2 :  advectDiff_Gen1Nestling0
           3 :  advectDiff_Gen1Nestling1
           4 :  advectDiff_Gen2Nestling0
   Connector components, in the order
   that they were added to the Driver:
           1 :  advectDiff_Parent-TO-advectDiff_Gen1Nestling0
           2 :  advectDiff_Parent-TO-advectDiff_Gen1Nestling1
           3 :  advectDiff_Gen1Nestling0-TO-advectDiff_Gen2Nestling0
NUOPC_RunSequenceArrayPrint: element     1 out of      2
runSeq::
 runElementPrint:      1     2     1 F T
 runElementPrint:      1     3     1 F T
 runElementPrint:      1    -1     1 F T
 runElementPrint:     -2     0     0 F T
 runElementPrint:      3    -1     1 F T
 runElementPrint:     -1    -1     0 F F
::
NUOPC_RunSequenceArrayPrint: element     2 out of      2
runSeq::
 runElementPrint:      2     4     1 F T
 runElementPrint:      2    -1     1 F T
 runElementPrint:      4    -1     1 F T
 runElementPrint:     -2    -1     0 F F
::
 NUOPC_DriverPrint for PET:           2
   Model, Mediator, and Driver components, in the order
   that they were added to the Driver:
           1 :  advectDiff_Parent
           2 :  advectDiff_Gen1Nestling0
           3 :  advectDiff_Gen1Nestling1
           4 :  advectDiff_Gen2Nestling0
   Connector components, in the order
   that they were added to the Driver:
           1 :  advectDiff_Parent-TO-advectDiff_Gen1Nestling0
           2 :  advectDiff_Parent-TO-advectDiff_Gen1Nestling1
           3 :  advectDiff_Gen1Nestling0-TO-advectDiff_Gen2Nestling0
NUOPC_RunSequenceArrayPrint: element     1 out of      2
runSeq::
 runElementPrint:      1     2     1 F T
 runElementPrint:      1     3     1 F T
 runElementPrint:      1    -1     1 F T
 runElementPrint:     -2     0     0 F T
 runElementPrint:      3    -1     1 F T
 runElementPrint:     -1    -1     0 F F
::
NUOPC_RunSequenceArrayPrint: element     2 out of      2
runSeq::
 runElementPrint:      2     4     1 F T
 runElementPrint:      2    -1     1 F T
 runElementPrint:      4    -1     1 F T
 runElementPrint:     -2    -1     0 F F
::
 NUOPC_DriverPrint for PET:           3
   Model, Mediator, and Driver components, in the order
   that they were added to the Driver:
           1 :  advectDiff_Parent
           2 :  advectDiff_Gen1Nestling0
           3 :  advectDiff_Gen1Nestling1
           4 :  advectDiff_Gen2Nestling0
   Connector components, in the order
   that they were added to the Driver:
           1 :  advectDiff_Parent-TO-advectDiff_Gen1Nestling0
           2 :  advectDiff_Parent-TO-advectDiff_Gen1Nestling1
           3 :  advectDiff_Gen1Nestling0-TO-advectDiff_Gen2Nestling0
NUOPC_RunSequenceArrayPrint: element     1 out of      2
runSeq::
 runElementPrint:      1     2     1 F T
 runElementPrint:      1     3     1 F T
 runElementPrint:      1    -1     1 F T
 runElementPrint:     -2     0     0 F T
 runElementPrint:      3    -1     1 F T
 runElementPrint:     -1    -1     0 F F
::
NUOPC_RunSequenceArrayPrint: element     2 out of      2
runSeq::
 runElementPrint:      2     4     1 F T
 runElementPrint:      2    -1     1 F T
 runElementPrint:      4    -1     1 F T
 runElementPrint:     -2    -1     0 F F
::
forrtl: severe (174): SIGSEGV, segmentation fault occurred
Image              PC                Routine            Line        Source             
libc.so.6          000014A245843980  Unknown               Unknown  Unknown
mainApp            0000000000445523  Unknown               Unknown  Unknown
mainApp            00000000004464F0  Unknown               Unknown  Unknown
mainApp            0000000000445695  Unknown               Unknown  Unknown
libesmf.so         000014A24A2B6C4F  f_esmf_compcollec     Unknown  Unknown
libesmf.so         000014A24A10D30F  _ZN5ESMCI2VM8fina     Unknown  Unknown
libesmf.so         000014A24A0E5FD5  c_esmc_vmfinalize     Unknown  Unknown
libesmf.so         000014A24A8100CC  esmf_vmmod_mp_esm     Unknown  Unknown
libesmf.so         000014A24A615F8A  esmf_initmod_mp_e     Unknown  Unknown
mainApp            00000000004179A3  Unknown               Unknown  Unknown
mainApp            000000000041730D  Unknown               Unknown  Unknown
libc.so.6          000014A24582CEEC  Unknown               Unknown  Unknown
libc.so.6          000014A24582CFB5  __libc_start_main     Unknown  Unknown
mainApp            0000000000417211  Unknown               Unknown  Unknown
forrtl: severe (174): SIGSEGV, segmentation fault occurred
Image              PC                Routine            Line        Source             
libc.so.6          000014CAF4A43980  Unknown               Unknown  Unknown
mainApp            0000000000445550  Unknown               Unknown  Unknown
mainApp            00000000004464F0  Unknown               Unknown  Unknown
mainApp            0000000000445695  Unknown               Unknown  Unknown
libesmf.so         000014CAF9574C4F  f_esmf_compcollec     Unknown  Unknown
libesmf.so         000014CAF93CB30F  _ZN5ESMCI2VM8fina     Unknown  Unknown
libesmf.so         000014CAF93A3FD5  c_esmc_vmfinalize     Unknown  Unknown
libesmf.so         000014CAF9ACE0CC  esmf_vmmod_mp_esm     Unknown  Unknown
libesmf.so         000014CAF98D3F8A  esmf_initmod_mp_e     Unknown  Unknown
mainApp            00000000004179A3  Unknown               Unknown  Unknown
mainApp            000000000041730D  Unknown               Unknown  Unknown
libc.so.6          000014CAF4A2CEEC  Unknown               Unknown  Unknown
libc.so.6          000014CAF4A2CFB5  __libc_start_main     Unknown  Unknown
mainApp            0000000000417211  Unknown               Unknown  Unknown
forrtl: severe (174): SIGSEGV, segmentation fault occurred
Image              PC                Routine            Line        Source             
libc.so.6          000014D670E43980  Unknown               Unknown  Unknown
mainApp            0000000000445507  Unknown               Unknown  Unknown
mainApp            00000000004464F0  Unknown               Unknown  Unknown
mainApp            0000000000445695  Unknown               Unknown  Unknown
libesmf.so         000014D6757AEC4F  f_esmf_compcollec     Unknown  Unknown
libesmf.so         000014D67560530F  _ZN5ESMCI2VM8fina     Unknown  Unknown
libesmf.so         000014D6755DDFD5  c_esmc_vmfinalize     Unknown  Unknown
libesmf.so         000014D675D080CC  esmf_vmmod_mp_esm     Unknown  Unknown
libesmf.so         000014D675B0DF8A  esmf_initmod_mp_e     Unknown  Unknown
mainApp            00000000004179A3  Unknown               Unknown  Unknown
mainApp            000000000041730D  Unknown               Unknown  Unknown
libc.so.6          000014D670E2CEEC  Unknown               Unknown  Unknown
libc.so.6          000014D670E2CFB5  __libc_start_main     Unknown  Unknown
mainApp            0000000000417211  Unknown               Unknown  Unknown
srun: error: nid005700: tasks 1-3: Exited with exit code 174
srun: Terminating StepId=58343032.399
[2026-09-15T10:39:13.512] error: *** STEP 58343032.399 ON nid005700 CANCELLED AT 2026-09-15T10:39:13 DUE TO TASK FAILURE ***
forrtl: error (78): process killed (SIGTERM)
Image              PC                Routine            Line        Source             
libc.so.6          0000150D05C43980  Unknown               Unknown  Unknown
libc.so.6          0000150D05D001E7  __sched_yield         Unknown  Unknown
libmpi_intel.so.1  0000150D07901ADE  Unknown               Unknown  Unknown
libmpi_intel.so.1  0000150D0869DA16  Unknown               Unknown  Unknown
libmpi_intel.so.1  0000150D086B0169  Unknown               Unknown  Unknown
libmpi_intel.so.1  0000150D085B858C  Unknown               Unknown  Unknown
libmpi_intel.so.1  0000150D06BA3D11  Unknown               Unknown  Unknown
libmpi_intel.so.1  0000150D06BA3EF5  Unknown               Unknown  Unknown
libmpi_intel.so.1  0000150D0889D5F0  Unknown               Unknown  Unknown
libmpi_intel.so.1  0000150D086DD0FC  Unknown               Unknown  Unknown
libmpi_intel.so.1  0000150D086DB00C  Unknown               Unknown  Unknown
libmpi_intel.so.1  0000150D06E67C01  Unknown               Unknown  Unknown
libmpi_intel.so.1  0000150D086DF380  Unknown               Unknown  Unknown
libmpi_intel.so.1  0000150D0889E3D3  Unknown               Unknown  Unknown
libmpi_intel.so.1  0000150D06C91200  Unknown               Unknown  Unknown
libmpi_intel.so.1  0000150D06C9173F  PMPI_Barrier          Unknown  Unknown
libdarshan.so.0.0  0000150D0979551C  darshan_core_shut     Unknown  Unknown
libdarshan.so.0.0  0000150D09792674  MPI_Finalize          Unknown  Unknown
libesmf.so         0000150D0A549B12  _ZN5ESMCI3VMK8fin     Unknown  Unknown
libesmf.so         0000150D0A56BBDB  _ZN5ESMCI2VM8fina     Unknown  Unknown
libesmf.so         0000150D0A543FD5  c_esmc_vmfinalize     Unknown  Unknown
libesmf.so         0000150D0AC6E0CC  esmf_vmmod_mp_esm     Unknown  Unknown
libesmf.so         0000150D0AA73F8A  esmf_initmod_mp_e     Unknown  Unknown
mainApp            00000000004179A3  Unknown               Unknown  Unknown
mainApp            000000000041730D  Unknown               Unknown  Unknown
libc.so.6          0000150D05C2CEEC  Unknown               Unknown  Unknown
libc.so.6          0000150D05C2CFB5  __libc_start_main     Unknown  Unknown
mainApp            0000000000417211  Unknown               Unknown  Unknown
srun: error: nid005700: task 0: Killed
srun: Force Terminated StepId=58343032.399
