2026-09-15 03:05:32
[2026-09-15T10:37:57.913] error: couldn't chdir to `/tmp/intel_2023.1.0-oneAPI_mpi_O_develop/nuopc-app-prototypes/NestingMultipleProto': No such file or directory: going to /tmp instead
forrtl: severe (174): SIGSEGV, segmentation fault occurred
Image              PC                Routine            Line        Source             
libc.so.6          0000151B6CE43980  Unknown               Unknown  Unknown
mainApp            0000000000443949  Unknown               Unknown  Unknown
mainApp            0000000000444920  Unknown               Unknown  Unknown
mainApp            0000000000443AC5  Unknown               Unknown  Unknown
libesmf.so         0000151B71966C4F  f_esmf_compcollec     Unknown  Unknown
libesmf.so         0000151B717BD30F  _ZN5ESMCI2VM8fina     Unknown  Unknown
libesmf.so         0000151B71795FD5  c_esmc_vmfinalize     Unknown  Unknown
libesmf.so         0000151B71EC00CC  esmf_vmmod_mp_esm     Unknown  Unknown
libesmf.so         0000151B71CC5F8A  esmf_initmod_mp_e     Unknown  Unknown
mainApp            00000000004178A3  Unknown               Unknown  Unknown
mainApp            000000000041720D  Unknown               Unknown  Unknown
libc.so.6          0000151B6CE2CEEC  Unknown               Unknown  Unknown
libc.so.6          0000151B6CE2CFB5  __libc_start_main     Unknown  Unknown
mainApp            0000000000417111  Unknown               Unknown  Unknown
forrtl: severe (174): SIGSEGV, segmentation fault occurred
Image              PC                Routine            Line        Source             
libc.so.6          00001472C9443980  Unknown               Unknown  Unknown
mainApp            0000000000443920  Unknown               Unknown  Unknown
mainApp            0000000000444920  Unknown               Unknown  Unknown
mainApp            0000000000443AC5  Unknown               Unknown  Unknown
libesmf.so         00001472CDECEC4F  f_esmf_compcollec     Unknown  Unknown
libesmf.so         00001472CDD2530F  _ZN5ESMCI2VM8fina     Unknown  Unknown
libesmf.so         00001472CDCFDFD5  c_esmc_vmfinalize     Unknown  Unknown
libesmf.so         00001472CE4280CC  esmf_vmmod_mp_esm     Unknown  Unknown
libesmf.so         00001472CE22DF8A  esmf_initmod_mp_e     Unknown  Unknown
mainApp            00000000004178A3  Unknown               Unknown  Unknown
mainApp            000000000041720D  Unknown               Unknown  Unknown
libc.so.6          00001472C942CEEC  Unknown               Unknown  Unknown
libc.so.6          00001472C942CFB5  __libc_start_main     Unknown  Unknown
mainApp            0000000000417111  Unknown               Unknown  Unknown
forrtl: severe (174): SIGSEGV, segmentation fault occurred
Image              PC                Routine            Line        Source             
libc.so.6          0000146CEF243980  Unknown               Unknown  Unknown
mainApp            0000000000443980  Unknown               Unknown  Unknown
mainApp            0000000000444920  Unknown               Unknown  Unknown
mainApp            0000000000443AC5  Unknown               Unknown  Unknown
libesmf.so         0000146CF3C2AC4F  f_esmf_compcollec     Unknown  Unknown
libesmf.so         0000146CF3A8130F  _ZN5ESMCI2VM8fina     Unknown  Unknown
libesmf.so         0000146CF3A59FD5  c_esmc_vmfinalize     Unknown  Unknown
libesmf.so         0000146CF41840CC  esmf_vmmod_mp_esm     Unknown  Unknown
libesmf.so         0000146CF3F89F8A  esmf_initmod_mp_e     Unknown  Unknown
mainApp            00000000004178A3  Unknown               Unknown  Unknown
mainApp            000000000041720D  Unknown               Unknown  Unknown
libc.so.6          0000146CEF22CEEC  Unknown               Unknown  Unknown
libc.so.6          0000146CEF22CFB5  __libc_start_main     Unknown  Unknown
mainApp            0000000000417111  Unknown               Unknown  Unknown
srun: error: nid005700: tasks 1-3: Exited with exit code 174
srun: Terminating StepId=58343032.397
[2026-09-15T10:37:59.409] error: *** STEP 58343032.397 ON nid005700 CANCELLED AT 2026-09-15T10:37:59 DUE TO TASK FAILURE ***
forrtl: error (78): process killed (SIGTERM)
Image              PC                Routine            Line        Source             
libc.so.6          000014A4C5443980  Unknown               Unknown  Unknown
libc.so.6          000014A4C55001E7  __sched_yield         Unknown  Unknown
libmpi_intel.so.1  000014A4C7101ADE  Unknown               Unknown  Unknown
libmpi_intel.so.1  000014A4C7E9DA16  Unknown               Unknown  Unknown
libmpi_intel.so.1  000014A4C7EB0169  Unknown               Unknown  Unknown
libmpi_intel.so.1  000014A4C7DB858C  Unknown               Unknown  Unknown
libmpi_intel.so.1  000014A4C63A3D11  Unknown               Unknown  Unknown
libmpi_intel.so.1  000014A4C63A3EF5  Unknown               Unknown  Unknown
libmpi_intel.so.1  000014A4C809D5F0  Unknown               Unknown  Unknown
libmpi_intel.so.1  000014A4C7EDD0FC  Unknown               Unknown  Unknown
libmpi_intel.so.1  000014A4C7EDB00C  Unknown               Unknown  Unknown
libmpi_intel.so.1  000014A4C6667C01  Unknown               Unknown  Unknown
libmpi_intel.so.1  000014A4C7EDF380  Unknown               Unknown  Unknown
libmpi_intel.so.1  000014A4C809E3D3  Unknown               Unknown  Unknown
libmpi_intel.so.1  000014A4C6491200  Unknown               Unknown  Unknown
libmpi_intel.so.1  000014A4C649173F  PMPI_Barrier          Unknown  Unknown
libdarshan.so.0.0  000014A4C8EC551C  darshan_core_shut     Unknown  Unknown
libdarshan.so.0.0  000014A4C8EC2674  MPI_Finalize          Unknown  Unknown
libesmf.so         000014A4C9C79B12  _ZN5ESMCI3VMK8fin     Unknown  Unknown
libesmf.so         000014A4C9C9BBDB  _ZN5ESMCI2VM8fina     Unknown  Unknown
libesmf.so         000014A4C9C73FD5  c_esmc_vmfinalize     Unknown  Unknown
libesmf.so         000014A4CA39E0CC  esmf_vmmod_mp_esm     Unknown  Unknown
libesmf.so         000014A4CA1A3F8A  esmf_initmod_mp_e     Unknown  Unknown
mainApp            00000000004178A3  Unknown               Unknown  Unknown
mainApp            000000000041720D  Unknown               Unknown  Unknown
libc.so.6          000014A4C542CEEC  Unknown               Unknown  Unknown
libc.so.6          000014A4C542CFB5  __libc_start_main     Unknown  Unknown
mainApp            0000000000417111  Unknown               Unknown  Unknown
srun: error: nid005700: task 0: Killed
srun: Force Terminated StepId=58343032.397
