2026-09-15 03:05:32
[2026-09-15T10:38:31.281] error: couldn't chdir to `/tmp/intel_2023.1.0-oneAPI_mpi_O_develop/nuopc-app-prototypes/NestingSingleProto': No such file or directory: going to /tmp instead
forrtl: severe (174): SIGSEGV, segmentation fault occurred
Image              PC                Routine            Line        Source             
libc.so.6          000014DFD0643980  Unknown               Unknown  Unknown
mainApp            00000000004425E3  Unknown               Unknown  Unknown
mainApp            00000000004435B0  Unknown               Unknown  Unknown
mainApp            0000000000442755  Unknown               Unknown  Unknown
libesmf.so         000014DFD515CC4F  f_esmf_compcollec     Unknown  Unknown
libesmf.so         000014DFD4FB330F  _ZN5ESMCI2VM8fina     Unknown  Unknown
libesmf.so         000014DFD4F8BFD5  c_esmc_vmfinalize     Unknown  Unknown
libesmf.so         000014DFD56B60CC  esmf_vmmod_mp_esm     Unknown  Unknown
libesmf.so         000014DFD54BBF8A  esmf_initmod_mp_e     Unknown  Unknown
mainApp            00000000004178A3  Unknown               Unknown  Unknown
mainApp            000000000041720D  Unknown               Unknown  Unknown
libc.so.6          000014DFD062CEEC  Unknown               Unknown  Unknown
libc.so.6          000014DFD062CFB5  __libc_start_main     Unknown  Unknown
mainApp            0000000000417111  Unknown               Unknown  Unknown
forrtl: severe (174): SIGSEGV, segmentation fault occurred
Image              PC                Routine            Line        Source             
libc.so.6          0000148DD1C43980  Unknown               Unknown  Unknown
mainApp            00000000004425B0  Unknown               Unknown  Unknown
mainApp            00000000004435B0  Unknown               Unknown  Unknown
mainApp            0000000000442755  Unknown               Unknown  Unknown
libesmf.so         0000148DD66D4C4F  f_esmf_compcollec     Unknown  Unknown
libesmf.so         0000148DD652B30F  _ZN5ESMCI2VM8fina     Unknown  Unknown
libesmf.so         0000148DD6503FD5  c_esmc_vmfinalize     Unknown  Unknown
libesmf.so         0000148DD6C2E0CC  esmf_vmmod_mp_esm     Unknown  Unknown
libesmf.so         0000148DD6A33F8A  esmf_initmod_mp_e     Unknown  Unknown
mainApp            00000000004178A3  Unknown               Unknown  Unknown
mainApp            000000000041720D  Unknown               Unknown  Unknown
libc.so.6          0000148DD1C2CEEC  Unknown               Unknown  Unknown
libc.so.6          0000148DD1C2CFB5  __libc_start_main     Unknown  Unknown
mainApp            0000000000417111  Unknown               Unknown  Unknown
forrtl: severe (174): SIGSEGV, segmentation fault occurred
Image              PC                Routine            Line        Source             
libc.so.6          00001547D2A43980  Unknown               Unknown  Unknown
mainApp            00000000004425E3  Unknown               Unknown  Unknown
mainApp            00000000004435B0  Unknown               Unknown  Unknown
mainApp            0000000000442755  Unknown               Unknown  Unknown
libesmf.so         00001547D7415C4F  f_esmf_compcollec     Unknown  Unknown
libesmf.so         00001547D726C30F  _ZN5ESMCI2VM8fina     Unknown  Unknown
libesmf.so         00001547D7244FD5  c_esmc_vmfinalize     Unknown  Unknown
libesmf.so         00001547D796F0CC  esmf_vmmod_mp_esm     Unknown  Unknown
libesmf.so         00001547D7774F8A  esmf_initmod_mp_e     Unknown  Unknown
mainApp            00000000004178A3  Unknown               Unknown  Unknown
mainApp            000000000041720D  Unknown               Unknown  Unknown
libc.so.6          00001547D2A2CEEC  Unknown               Unknown  Unknown
libc.so.6          00001547D2A2CFB5  __libc_start_main     Unknown  Unknown
mainApp            0000000000417111  Unknown               Unknown  Unknown
srun: error: nid005700: tasks 1-3: Exited with exit code 174
srun: Terminating StepId=58343032.398
[2026-09-15T10:38:37.546] error: *** STEP 58343032.398 ON nid005700 CANCELLED AT 2026-09-15T10:38:37 DUE TO TASK FAILURE ***
forrtl: error (78): process killed (SIGTERM)
Image              PC                Routine            Line        Source             
libc.so.6          0000153A1C043980  Unknown               Unknown  Unknown
libc.so.6          0000153A1C1001E7  __sched_yield         Unknown  Unknown
libmpi_intel.so.1  0000153A1DD01ADE  Unknown               Unknown  Unknown
libmpi_intel.so.1  0000153A1EA9DA16  Unknown               Unknown  Unknown
libmpi_intel.so.1  0000153A1EAB0169  Unknown               Unknown  Unknown
libmpi_intel.so.1  0000153A1E9B858C  Unknown               Unknown  Unknown
libmpi_intel.so.1  0000153A1CFA3D11  Unknown               Unknown  Unknown
libmpi_intel.so.1  0000153A1CFA3EF5  Unknown               Unknown  Unknown
libmpi_intel.so.1  0000153A1EC9D5F0  Unknown               Unknown  Unknown
libmpi_intel.so.1  0000153A1EADD0FC  Unknown               Unknown  Unknown
libmpi_intel.so.1  0000153A1EADB00C  Unknown               Unknown  Unknown
libmpi_intel.so.1  0000153A1D267C01  Unknown               Unknown  Unknown
libmpi_intel.so.1  0000153A1EADF380  Unknown               Unknown  Unknown
libmpi_intel.so.1  0000153A1EC9E3D3  Unknown               Unknown  Unknown
libmpi_intel.so.1  0000153A1D091200  Unknown               Unknown  Unknown
libmpi_intel.so.1  0000153A1D09173F  PMPI_Barrier          Unknown  Unknown
libdarshan.so.0.0  0000153A1FB8651C  darshan_core_shut     Unknown  Unknown
libdarshan.so.0.0  0000153A1FB83674  MPI_Finalize          Unknown  Unknown
libesmf.so         0000153A2093AB12  _ZN5ESMCI3VMK8fin     Unknown  Unknown
libesmf.so         0000153A2095CBDB  _ZN5ESMCI2VM8fina     Unknown  Unknown
libesmf.so         0000153A20934FD5  c_esmc_vmfinalize     Unknown  Unknown
libesmf.so         0000153A2105F0CC  esmf_vmmod_mp_esm     Unknown  Unknown
libesmf.so         0000153A20E64F8A  esmf_initmod_mp_e     Unknown  Unknown
mainApp            00000000004178A3  Unknown               Unknown  Unknown
mainApp            000000000041720D  Unknown               Unknown  Unknown
libc.so.6          0000153A1C02CEEC  Unknown               Unknown  Unknown
libc.so.6          0000153A1C02CFB5  __libc_start_main     Unknown  Unknown
mainApp            0000000000417111  Unknown               Unknown  Unknown
srun: error: nid005700: task 0: Killed
srun: Force Terminated StepId=58343032.398
