2026-09-15 03:05:32
[2026-09-15T10:39:45.181] error: couldn't chdir to `/tmp/intel_2023.1.0-oneAPI_mpi_O_develop/nuopc-app-prototypes/SingleModelProto': No such file or directory: going to /tmp instead
forrtl: severe (174): SIGSEGV, segmentation fault occurred
Image              PC                Routine            Line        Source             
libc.so.6          000014E343843980  Unknown               Unknown  Unknown
mainApp            000000000043DBB2  Unknown               Unknown  Unknown
mainApp            000000000043EBB0  Unknown               Unknown  Unknown
mainApp            000000000043DD55  Unknown               Unknown  Unknown
libesmf.so         000014E34832BC4F  f_esmf_compcollec     Unknown  Unknown
libesmf.so         000014E34818230F  _ZN5ESMCI2VM8fina     Unknown  Unknown
libesmf.so         000014E34815AFD5  c_esmc_vmfinalize     Unknown  Unknown
libesmf.so         000014E3488850CC  esmf_vmmod_mp_esm     Unknown  Unknown
libesmf.so         000014E34868AF8A  esmf_initmod_mp_e     Unknown  Unknown
mainApp            0000000000416BAB  Unknown               Unknown  Unknown
mainApp            000000000041658D  Unknown               Unknown  Unknown
libc.so.6          000014E34382CEEC  Unknown               Unknown  Unknown
libc.so.6          000014E34382CFB5  __libc_start_main     Unknown  Unknown
mainApp            0000000000416491  Unknown               Unknown  Unknown
forrtl: severe (174): SIGSEGV, segmentation fault occurred
Image              PC                Routine            Line        Source             
libc.so.6          0000152043A43980  Unknown               Unknown  Unknown
mainApp            000000000043DC03  Unknown               Unknown  Unknown
mainApp            000000000043EBB0  Unknown               Unknown  Unknown
mainApp            000000000043DD55  Unknown               Unknown  Unknown
libesmf.so         00001520484F5C4F  f_esmf_compcollec     Unknown  Unknown
libesmf.so         000015204834C30F  _ZN5ESMCI2VM8fina     Unknown  Unknown
libesmf.so         0000152048324FD5  c_esmc_vmfinalize     Unknown  Unknown
libesmf.so         0000152048A4F0CC  esmf_vmmod_mp_esm     Unknown  Unknown
libesmf.so         0000152048854F8A  esmf_initmod_mp_e     Unknown  Unknown
mainApp            0000000000416BAB  Unknown               Unknown  Unknown
mainApp            000000000041658D  Unknown               Unknown  Unknown
libc.so.6          0000152043A2CEEC  Unknown               Unknown  Unknown
libc.so.6          0000152043A2CFB5  __libc_start_main     Unknown  Unknown
mainApp            0000000000416491  Unknown               Unknown  Unknown
forrtl: severe (174): SIGSEGV, segmentation fault occurred
Image              PC                Routine            Line        Source             
libc.so.6          000015292EA43980  Unknown               Unknown  Unknown
mainApp            000000000043DC10  Unknown               Unknown  Unknown
mainApp            000000000043EBB0  Unknown               Unknown  Unknown
mainApp            000000000043DD55  Unknown               Unknown  Unknown
libesmf.so         00001529333D8C4F  f_esmf_compcollec     Unknown  Unknown
libesmf.so         000015293322F30F  _ZN5ESMCI2VM8fina     Unknown  Unknown
libesmf.so         0000152933207FD5  c_esmc_vmfinalize     Unknown  Unknown
libesmf.so         00001529339320CC  esmf_vmmod_mp_esm     Unknown  Unknown
libesmf.so         0000152933737F8A  esmf_initmod_mp_e     Unknown  Unknown
mainApp            0000000000416BAB  Unknown               Unknown  Unknown
mainApp            000000000041658D  Unknown               Unknown  Unknown
libc.so.6          000015292EA2CEEC  Unknown               Unknown  Unknown
libc.so.6          000015292EA2CFB5  __libc_start_main     Unknown  Unknown
mainApp            0000000000416491  Unknown               Unknown  Unknown
srun: error: nid005700: tasks 1-3: Exited with exit code 174
srun: Terminating StepId=58343032.400
[2026-09-15T10:39:45.574] error: *** STEP 58343032.400 ON nid005700 CANCELLED AT 2026-09-15T10:39:45 DUE TO TASK FAILURE ***
forrtl: error (78): process killed (SIGTERM)
Image              PC                Routine            Line        Source             
libc.so.6          00001477AF443980  Unknown               Unknown  Unknown
libc.so.6          00001477AF5001E7  __sched_yield         Unknown  Unknown
libmpi_intel.so.1  00001477B1101ADE  Unknown               Unknown  Unknown
libmpi_intel.so.1  00001477B1E9DA16  Unknown               Unknown  Unknown
libmpi_intel.so.1  00001477B1EB0169  Unknown               Unknown  Unknown
libmpi_intel.so.1  00001477B1DB858C  Unknown               Unknown  Unknown
libmpi_intel.so.1  00001477B03A3D11  Unknown               Unknown  Unknown
libmpi_intel.so.1  00001477B03A3EF5  Unknown               Unknown  Unknown
libmpi_intel.so.1  00001477B209D5F0  Unknown               Unknown  Unknown
libmpi_intel.so.1  00001477B1EDD0FC  Unknown               Unknown  Unknown
libmpi_intel.so.1  00001477B1EDB00C  Unknown               Unknown  Unknown
libmpi_intel.so.1  00001477B0667C01  Unknown               Unknown  Unknown
libmpi_intel.so.1  00001477B1EDF380  Unknown               Unknown  Unknown
libmpi_intel.so.1  00001477B209E3D3  Unknown               Unknown  Unknown
libmpi_intel.so.1  00001477B0491200  Unknown               Unknown  Unknown
libmpi_intel.so.1  00001477B049173F  PMPI_Barrier          Unknown  Unknown
libdarshan.so.0.0  00001477B2F1551C  darshan_core_shut     Unknown  Unknown
libdarshan.so.0.0  00001477B2F12674  MPI_Finalize          Unknown  Unknown
libesmf.so         00001477B3CC9B12  _ZN5ESMCI3VMK8fin     Unknown  Unknown
libesmf.so         00001477B3CEBBDB  _ZN5ESMCI2VM8fina     Unknown  Unknown
libesmf.so         00001477B3CC3FD5  c_esmc_vmfinalize     Unknown  Unknown
libesmf.so         00001477B43EE0CC  esmf_vmmod_mp_esm     Unknown  Unknown
libesmf.so         00001477B41F3F8A  esmf_initmod_mp_e     Unknown  Unknown
mainApp            0000000000416BAB  Unknown               Unknown  Unknown
mainApp            000000000041658D  Unknown               Unknown  Unknown
libc.so.6          00001477AF42CEEC  Unknown               Unknown  Unknown
libc.so.6          00001477AF42CFB5  __libc_start_main     Unknown  Unknown
mainApp            0000000000416491  Unknown               Unknown  Unknown
srun: error: nid005700: task 0: Killed
srun: Force Terminated StepId=58343032.400
