2026-09-15 03:05:32
[2026-09-15T10:40:54.190] error: couldn't chdir to `/tmp/intel_2023.1.0-oneAPI_mpi_O_develop/nuopc-app-prototypes/SingleModelOpenMPUnawareProto': No such file or directory: going to /tmp instead
forrtl: severe (174): SIGSEGV, segmentation fault occurred
Image              PC                Routine            Line        Source             
libc.so.6          00001549A5843980  Unknown               Unknown  Unknown
mainApp            000000000043EFA3  Unknown               Unknown  Unknown
mainApp            000000000043FF70  Unknown               Unknown  Unknown
mainApp            000000000043F115  Unknown               Unknown  Unknown
libesmf.so         00001549AA620C4F  f_esmf_compcollec     Unknown  Unknown
libesmf.so         00001549AA47730F  _ZN5ESMCI2VM8fina     Unknown  Unknown
libesmf.so         00001549AA44FFD5  c_esmc_vmfinalize     Unknown  Unknown
libesmf.so         00001549AAB7A0CC  esmf_vmmod_mp_esm     Unknown  Unknown
libesmf.so         00001549AA97FF8A  esmf_initmod_mp_e     Unknown  Unknown
mainApp            00000000004173F4  Unknown               Unknown  Unknown
mainApp            0000000000416D4D  Unknown               Unknown  Unknown
libc.so.6          00001549A582CEEC  Unknown               Unknown  Unknown
libc.so.6          00001549A582CFB5  __libc_start_main     Unknown  Unknown
mainApp            0000000000416C51  Unknown               Unknown  Unknown
forrtl: severe (174): SIGSEGV, segmentation fault occurred
Image              PC                Routine            Line        Source             
libc.so.6          000015408AA43980  Unknown               Unknown  Unknown
mainApp            000000000043EFC3  Unknown               Unknown  Unknown
mainApp            000000000043FF70  Unknown               Unknown  Unknown
mainApp            000000000043F115  Unknown               Unknown  Unknown
libesmf.so         000015408F816C4F  f_esmf_compcollec     Unknown  Unknown
libesmf.so         000015408F66D30F  _ZN5ESMCI2VM8fina     Unknown  Unknown
libesmf.so         000015408F645FD5  c_esmc_vmfinalize     Unknown  Unknown
libesmf.so         000015408FD700CC  esmf_vmmod_mp_esm     Unknown  Unknown
libesmf.so         000015408FB75F8A  esmf_initmod_mp_e     Unknown  Unknown
mainApp            00000000004173F4  Unknown               Unknown  Unknown
mainApp            0000000000416D4D  Unknown               Unknown  Unknown
libc.so.6          000015408AA2CEEC  Unknown               Unknown  Unknown
libc.so.6          000015408AA2CFB5  __libc_start_main     Unknown  Unknown
mainApp            0000000000416C51  Unknown               Unknown  Unknown
forrtl: severe (174): SIGSEGV, segmentation fault occurred
Image              PC                Routine            Line        Source             
libc.so.6          0000148A36E43980  Unknown               Unknown  Unknown
mainApp            000000000043EF87  Unknown               Unknown  Unknown
mainApp            000000000043FF70  Unknown               Unknown  Unknown
mainApp            000000000043F115  Unknown               Unknown  Unknown
libesmf.so         0000148A3BC37C4F  f_esmf_compcollec     Unknown  Unknown
libesmf.so         0000148A3BA8E30F  _ZN5ESMCI2VM8fina     Unknown  Unknown
libesmf.so         0000148A3BA66FD5  c_esmc_vmfinalize     Unknown  Unknown
libesmf.so         0000148A3C1910CC  esmf_vmmod_mp_esm     Unknown  Unknown
libesmf.so         0000148A3BF96F8A  esmf_initmod_mp_e     Unknown  Unknown
mainApp            00000000004173F4  Unknown               Unknown  Unknown
mainApp            0000000000416D4D  Unknown               Unknown  Unknown
libc.so.6          0000148A36E2CEEC  Unknown               Unknown  Unknown
libc.so.6          0000148A36E2CFB5  __libc_start_main     Unknown  Unknown
mainApp            0000000000416C51  Unknown               Unknown  Unknown
srun: error: nid005700: tasks 1-3: Exited with exit code 174
srun: Terminating StepId=58343032.402
[2026-09-15T10:40:55.919] error: *** STEP 58343032.402 ON nid005700 CANCELLED AT 2026-09-15T10:40:55 DUE TO TASK FAILURE ***
forrtl: error (78): process killed (SIGTERM)
Image              PC                Routine            Line        Source             
libc.so.6          000014DBC3A43980  Unknown               Unknown  Unknown
libc.so.6          000014DBC3B001E7  __sched_yield         Unknown  Unknown
libmpi_intel.so.1  000014DBC5701ADE  Unknown               Unknown  Unknown
libmpi_intel.so.1  000014DBC649DA16  Unknown               Unknown  Unknown
libmpi_intel.so.1  000014DBC64B0169  Unknown               Unknown  Unknown
libmpi_intel.so.1  000014DBC63B858C  Unknown               Unknown  Unknown
libmpi_intel.so.1  000014DBC49A3D11  Unknown               Unknown  Unknown
libmpi_intel.so.1  000014DBC49A3EF5  Unknown               Unknown  Unknown
libmpi_intel.so.1  000014DBC669D5F0  Unknown               Unknown  Unknown
libmpi_intel.so.1  000014DBC64DD0FC  Unknown               Unknown  Unknown
libmpi_intel.so.1  000014DBC64DB00C  Unknown               Unknown  Unknown
libmpi_intel.so.1  000014DBC4C67C01  Unknown               Unknown  Unknown
libmpi_intel.so.1  000014DBC64DF380  Unknown               Unknown  Unknown
libmpi_intel.so.1  000014DBC669E3D3  Unknown               Unknown  Unknown
libmpi_intel.so.1  000014DBC4A91200  Unknown               Unknown  Unknown
libmpi_intel.so.1  000014DBC4A9173F  PMPI_Barrier          Unknown  Unknown
libdarshan.so.0.0  000014DBC782751C  darshan_core_shut     Unknown  Unknown
libdarshan.so.0.0  000014DBC7824674  MPI_Finalize          Unknown  Unknown
libesmf.so         000014DBC85DBB12  _ZN5ESMCI3VMK8fin     Unknown  Unknown
libesmf.so         000014DBC85FDBDB  _ZN5ESMCI2VM8fina     Unknown  Unknown
libesmf.so         000014DBC85D5FD5  c_esmc_vmfinalize     Unknown  Unknown
libesmf.so         000014DBC8D000CC  esmf_vmmod_mp_esm     Unknown  Unknown
libesmf.so         000014DBC8B05F8A  esmf_initmod_mp_e     Unknown  Unknown
mainApp            00000000004173F4  Unknown               Unknown  Unknown
mainApp            0000000000416D4D  Unknown               Unknown  Unknown
libc.so.6          000014DBC3A2CEEC  Unknown               Unknown  Unknown
libc.so.6          000014DBC3A2CFB5  __libc_start_main     Unknown  Unknown
mainApp            0000000000416C51  Unknown               Unknown  Unknown
srun: error: nid005700: task 0: Killed
srun: Force Terminated StepId=58343032.402
