2026-09-15 03:05:32
[2026-09-15T10:40:17.282] error: couldn't chdir to `/tmp/intel_2023.1.0-oneAPI_mpi_O_develop/nuopc-app-prototypes/SingleModelOpenMPProto': No such file or directory: going to /tmp instead
forrtl: severe (174): SIGSEGV, segmentation fault occurred
Image              PC                Routine            Line        Source             
libc.so.6          0000155223043980  Unknown               Unknown  Unknown
mainApp            000000000043F160  Unknown               Unknown  Unknown
mainApp            0000000000440160  Unknown               Unknown  Unknown
mainApp            000000000043F305  Unknown               Unknown  Unknown
libesmf.so         0000155227CB2C4F  f_esmf_compcollec     Unknown  Unknown
libesmf.so         0000155227B0930F  _ZN5ESMCI2VM8fina     Unknown  Unknown
libesmf.so         0000155227AE1FD5  c_esmc_vmfinalize     Unknown  Unknown
libesmf.so         000015522820C0CC  esmf_vmmod_mp_esm     Unknown  Unknown
libesmf.so         0000155228011F8A  esmf_initmod_mp_e     Unknown  Unknown
mainApp            00000000004174F4  Unknown               Unknown  Unknown
mainApp            0000000000416E4D  Unknown               Unknown  Unknown
libc.so.6          000015522302CEEC  Unknown               Unknown  Unknown
libc.so.6          000015522302CFB5  __libc_start_main     Unknown  Unknown
mainApp            0000000000416D51  Unknown               Unknown  Unknown
forrtl: severe (174): SIGSEGV, segmentation fault occurred
Image              PC                Routine            Line        Source             
libc.so.6          000014F11EC43980  Unknown               Unknown  Unknown
mainApp            000000000043F193  Unknown               Unknown  Unknown
mainApp            0000000000440160  Unknown               Unknown  Unknown
mainApp            000000000043F305  Unknown               Unknown  Unknown
libesmf.so         000014F1238A8C4F  f_esmf_compcollec     Unknown  Unknown
libesmf.so         000014F1236FF30F  _ZN5ESMCI2VM8fina     Unknown  Unknown
libesmf.so         000014F1236D7FD5  c_esmc_vmfinalize     Unknown  Unknown
libesmf.so         000014F123E020CC  esmf_vmmod_mp_esm     Unknown  Unknown
libesmf.so         000014F123C07F8A  esmf_initmod_mp_e     Unknown  Unknown
mainApp            00000000004174F4  Unknown               Unknown  Unknown
mainApp            0000000000416E4D  Unknown               Unknown  Unknown
libc.so.6          000014F11EC2CEEC  Unknown               Unknown  Unknown
libc.so.6          000014F11EC2CFB5  __libc_start_main     Unknown  Unknown
mainApp            0000000000416D51  Unknown               Unknown  Unknown
forrtl: severe (174): SIGSEGV, segmentation fault occurred
Image              PC                Routine            Line        Source             
libc.so.6          000014EF06243980  Unknown               Unknown  Unknown
mainApp            000000000043F193  Unknown               Unknown  Unknown
mainApp            0000000000440160  Unknown               Unknown  Unknown
mainApp            000000000043F305  Unknown               Unknown  Unknown
libesmf.so         000014EF0AEE2C4F  f_esmf_compcollec     Unknown  Unknown
libesmf.so         000014EF0AD3930F  _ZN5ESMCI2VM8fina     Unknown  Unknown
libesmf.so         000014EF0AD11FD5  c_esmc_vmfinalize     Unknown  Unknown
libesmf.so         000014EF0B43C0CC  esmf_vmmod_mp_esm     Unknown  Unknown
libesmf.so         000014EF0B241F8A  esmf_initmod_mp_e     Unknown  Unknown
mainApp            00000000004174F4  Unknown               Unknown  Unknown
mainApp            0000000000416E4D  Unknown               Unknown  Unknown
libc.so.6          000014EF0622CEEC  Unknown               Unknown  Unknown
libc.so.6          000014EF0622CFB5  __libc_start_main     Unknown  Unknown
mainApp            0000000000416D51  Unknown               Unknown  Unknown
srun: error: nid005700: tasks 1-3: Exited with exit code 174
srun: Terminating StepId=58343032.401
[2026-09-15T10:40:22.511] error: *** STEP 58343032.401 ON nid005700 CANCELLED AT 2026-09-15T10:40:22 DUE TO TASK FAILURE ***
forrtl: error (78): process killed (SIGTERM)
Image              PC                Routine            Line        Source             
libc.so.6          0000150BC1E43980  Unknown               Unknown  Unknown
libc.so.6          0000150BC1F001E7  __sched_yield         Unknown  Unknown
libmpi_intel.so.1  0000150BC3B01ADE  Unknown               Unknown  Unknown
libmpi_intel.so.1  0000150BC489DA16  Unknown               Unknown  Unknown
libmpi_intel.so.1  0000150BC48B0169  Unknown               Unknown  Unknown
libmpi_intel.so.1  0000150BC47B858C  Unknown               Unknown  Unknown
libmpi_intel.so.1  0000150BC2DA3D11  Unknown               Unknown  Unknown
libmpi_intel.so.1  0000150BC2DA3EF5  Unknown               Unknown  Unknown
libmpi_intel.so.1  0000150BC4A9D5F0  Unknown               Unknown  Unknown
libmpi_intel.so.1  0000150BC48DD0FC  Unknown               Unknown  Unknown
libmpi_intel.so.1  0000150BC48DB00C  Unknown               Unknown  Unknown
libmpi_intel.so.1  0000150BC3067C01  Unknown               Unknown  Unknown
libmpi_intel.so.1  0000150BC48DF380  Unknown               Unknown  Unknown
libmpi_intel.so.1  0000150BC4A9E3D3  Unknown               Unknown  Unknown
libmpi_intel.so.1  0000150BC2E91200  Unknown               Unknown  Unknown
libmpi_intel.so.1  0000150BC2E9173F  PMPI_Barrier          Unknown  Unknown
libdarshan.so.0.0  0000150BC5BEE51C  darshan_core_shut     Unknown  Unknown
libdarshan.so.0.0  0000150BC5BEB674  MPI_Finalize          Unknown  Unknown
libesmf.so         0000150BC69A2B12  _ZN5ESMCI3VMK8fin     Unknown  Unknown
libesmf.so         0000150BC69C4BDB  _ZN5ESMCI2VM8fina     Unknown  Unknown
libesmf.so         0000150BC699CFD5  c_esmc_vmfinalize     Unknown  Unknown
libesmf.so         0000150BC70C70CC  esmf_vmmod_mp_esm     Unknown  Unknown
libesmf.so         0000150BC6ECCF8A  esmf_initmod_mp_e     Unknown  Unknown
mainApp            00000000004174F4  Unknown               Unknown  Unknown
mainApp            0000000000416E4D  Unknown               Unknown  Unknown
libc.so.6          0000150BC1E2CEEC  Unknown               Unknown  Unknown
libc.so.6          0000150BC1E2CFB5  __libc_start_main     Unknown  Unknown
mainApp            0000000000416D51  Unknown               Unknown  Unknown
srun: error: nid005700: task 0: Killed
srun: Force Terminated StepId=58343032.401
