2026-09-17 22:47:12
20260918 004121.662 INFO             PET0 !!!!!!!!!!!!!!!!!!!!!!!!!!!!!!!!!!!!!!!!!!!!!!!!!!!!!!
20260918 004121.662 INFO             PET0 !!! THE ESMF_LOG IS SET TO OUTPUT ALL LOG MESSAGES !!!
20260918 004121.662 INFO             PET0 !!!     THIS MAY CAUSE SLOWDOWN IN PERFORMANCE     !!!
20260918 004121.662 INFO             PET0 !!! FOR PRODUCTION RUNS, USE:                      !!!
20260918 004121.662 INFO             PET0 !!!                   ESMF_LOGKIND_Multi_On_Error  !!!
20260918 004121.662 INFO             PET0 !!!!!!!!!!!!!!!!!!!!!!!!!!!!!!!!!!!!!!!!!!!!!!!!!!!!!!
20260918 004121.662 INFO             PET0 Running with ESMF Version   : develop+gb6b90e9e0c
20260918 004121.662 INFO             PET0 ESMF library build date/time: "Sep 17 2026" "22:45:25"
20260918 004121.662 INFO             PET0 ESMF library build location : /discover/nobackup/projects/gmao/SIteam/ESMF_Testing/nag_7.2.28_openmpi_g_develop/esmf
20260918 004121.662 INFO             PET0 ESMF_COMM                   : openmpi
20260918 004121.662 INFO             PET0 ESMF_MOAB                   : enabled
20260918 004121.662 INFO             PET0 ESMF_LAPACK                 : enabled
20260918 004121.662 INFO             PET0 ESMF_NETCDF                 : enabled
20260918 004121.662 INFO             PET0 ESMF_PNETCDF                : disabled
20260918 004121.662 INFO             PET0 ESMF_PIO                    : enabled
20260918 004121.662 INFO             PET0 ESMF_YAMLCPP                : enabled
20260918 004121.674 INFO             PET0  NUMBER_OF_PROCESSORS 1
20260918 004121.674 INFO             PET0  PASS  Example ESMF_XGridSparseMatEx, ESMF_XGridSparseMatEx.F90, line 642
20260918 004121.674 INFO             PET0  Finalizing ESMF
