2026-09-09 00:49:04
20260909 012517.991 INFO             PET0 !!!!!!!!!!!!!!!!!!!!!!!!!!!!!!!!!!!!!!!!!!!!!!!!!!!!!!
20260909 012517.992 INFO             PET0 !!! THE ESMF_LOG IS SET TO OUTPUT ALL LOG MESSAGES !!!
20260909 012517.992 INFO             PET0 !!!     THIS MAY CAUSE SLOWDOWN IN PERFORMANCE     !!!
20260909 012517.992 INFO             PET0 !!! FOR PRODUCTION RUNS, USE:                      !!!
20260909 012517.992 INFO             PET0 !!!                   ESMF_LOGKIND_Multi_On_Error  !!!
20260909 012517.992 INFO             PET0 !!!!!!!!!!!!!!!!!!!!!!!!!!!!!!!!!!!!!!!!!!!!!!!!!!!!!!
20260909 012517.992 INFO             PET0 Running with ESMF Version   : feature/esmx-cmake+g5410baaab2
20260909 012517.992 INFO             PET0 ESMF library build date/time: "Sep  9 2026" "00:46:49"
20260909 012517.992 INFO             PET0 ESMF library build location : /scratch3/NCEPDEV/stmp/Gerhard.Theurich/ESMF-Nightly-Testing-Hera/gfortran_13.2.0_mpiuni_O_feature_esmx-cmake/esmf
20260909 012517.992 INFO             PET0 ESMF_COMM                   : mpiuni
20260909 012517.992 INFO             PET0 ESMF_MOAB                   : enabled
20260909 012517.992 INFO             PET0 ESMF_LAPACK                 : enabled
20260909 012517.992 INFO             PET0 ESMF_NETCDF                 : disabled
20260909 012517.992 INFO             PET0 ESMF_PNETCDF                : disabled
20260909 012517.992 INFO             PET0 ESMF_PIO                    : disabled
20260909 012517.992 INFO             PET0 ESMF_YAMLCPP                : enabled
20260909 012517.997 INFO             PET0  NUMBER_OF_PROCESSORS           1
20260909 012517.997 INFO             PET0  PASS  Example ESMF_NUOPCBasicModelEx, ESMF_NUOPCBasicModelEx.F90, line 339
20260909 012517.997 INFO             PET0  Finalizing ESMF
