2026-09-01 16:05:47
20260901 164011.873 INFO             PET0 !!!!!!!!!!!!!!!!!!!!!!!!!!!!!!!!!!!!!!!!!!!!!!!!!!!!!!
20260901 164011.873 INFO             PET0 !!! THE ESMF_LOG IS SET TO OUTPUT ALL LOG MESSAGES !!!
20260901 164011.873 INFO             PET0 !!!     THIS MAY CAUSE SLOWDOWN IN PERFORMANCE     !!!
20260901 164011.873 INFO             PET0 !!! FOR PRODUCTION RUNS, USE:                      !!!
20260901 164011.873 INFO             PET0 !!!                   ESMF_LOGKIND_Multi_On_Error  !!!
20260901 164011.873 INFO             PET0 !!!!!!!!!!!!!!!!!!!!!!!!!!!!!!!!!!!!!!!!!!!!!!!!!!!!!!
20260901 164011.873 INFO             PET0 Running with ESMF Version   : fix/esmx-data-internal-state+g8c62426d6f
20260901 164011.873 INFO             PET0 ESMF library build date/time: "Sep  1 2026" "16:03:32"
20260901 164011.873 INFO             PET0 ESMF library build location : /scratch3/NCEPDEV/stmp/Gerhard.Theurich/ESMF-Nightly-Testing-Hera/gfortran_13.2.0_mpiuni_O_fix_esmx-data-internal-state/esmf
20260901 164011.873 INFO             PET0 ESMF_COMM                   : mpiuni
20260901 164011.874 INFO             PET0 ESMF_MOAB                   : enabled
20260901 164011.874 INFO             PET0 ESMF_LAPACK                 : enabled
20260901 164011.874 INFO             PET0 ESMF_NETCDF                 : disabled
20260901 164011.874 INFO             PET0 ESMF_PNETCDF                : disabled
20260901 164011.874 INFO             PET0 ESMF_PIO                    : disabled
20260901 164011.874 INFO             PET0 ESMF_YAMLCPP                : enabled
20260901 164011.874 INFO             PET0  NUMBER_OF_PROCESSORS           1
20260901 164011.874 INFO             PET0  PASS  Example ESMF_VMGetMPICommunicatorEx, ESMF_VMGetMPICommunicatorEx.F90, line 94
20260901 164011.874 INFO             PET0  Finalizing ESMF
