2026-09-08 02:38:16
20260908 032747.046 INFO             PET0 !!!!!!!!!!!!!!!!!!!!!!!!!!!!!!!!!!!!!!!!!!!!!!!!!!!!!!
20260908 032747.046 INFO             PET0 !!! THE ESMF_LOG IS SET TO OUTPUT ALL LOG MESSAGES !!!
20260908 032747.046 INFO             PET0 !!!     THIS MAY CAUSE SLOWDOWN IN PERFORMANCE     !!!
20260908 032747.046 INFO             PET0 !!! FOR PRODUCTION RUNS, USE:                      !!!
20260908 032747.046 INFO             PET0 !!!                   ESMF_LOGKIND_Multi_On_Error  !!!
20260908 032747.046 INFO             PET0 !!!!!!!!!!!!!!!!!!!!!!!!!!!!!!!!!!!!!!!!!!!!!!!!!!!!!!
20260908 032747.046 INFO             PET0 Running with ESMF Version   : develop+g4161bf9d44
20260908 032747.046 INFO             PET0 ESMF library build date/time: "Sep  8 2026" "02:34:50"
20260908 032747.046 INFO             PET0 ESMF library build location : /glade/derecho/scratch/sacks/esmf-testing/nvhpc_26.1_mpi_g_develop/esmf
20260908 032747.046 INFO             PET0 ESMF_COMM                   : mpi
20260908 032747.046 INFO             PET0 ESMF_MOAB                   : enabled
20260908 032747.046 INFO             PET0 ESMF_LAPACK                 : enabled
20260908 032747.046 INFO             PET0 ESMF_NETCDF                 : enabled
20260908 032747.046 INFO             PET0 ESMF_PNETCDF                : disabled
20260908 032747.046 INFO             PET0 ESMF_PIO                    : enabled
20260908 032747.046 INFO             PET0 ESMF_YAMLCPP                : enabled
20260908 032747.047 INFO             PET0  NUMBER_OF_PROCESSORS            1
20260908 032747.047 INFO             PET0  PASS  Example ESMF_AlarmEx, ESMF_AlarmEx.F90, line 244
20260908 032747.047 INFO             PET0  Finalizing ESMF
