2026-09-03 07:31:00
20260903 081917.777 INFO             PET0 !!!!!!!!!!!!!!!!!!!!!!!!!!!!!!!!!!!!!!!!!!!!!!!!!!!!!!
20260903 081917.777 INFO             PET0 !!! THE ESMF_LOG IS SET TO OUTPUT ALL LOG MESSAGES !!!
20260903 081917.777 INFO             PET0 !!!     THIS MAY CAUSE SLOWDOWN IN PERFORMANCE     !!!
20260903 081917.777 INFO             PET0 !!! FOR PRODUCTION RUNS, USE:                      !!!
20260903 081917.777 INFO             PET0 !!!                   ESMF_LOGKIND_Multi_On_Error  !!!
20260903 081917.777 INFO             PET0 !!!!!!!!!!!!!!!!!!!!!!!!!!!!!!!!!!!!!!!!!!!!!!!!!!!!!!
20260903 081917.777 INFO             PET0 Running with ESMF Version   : develop+g4161bf9d44
20260903 081917.777 INFO             PET0 ESMF library build date/time: "Sep  3 2026" "07:28:19"
20260903 081917.777 INFO             PET0 ESMF library build location : /scratch3/NCEPDEV/stmp/Gerhard.Theurich/ESMF-Nightly-Testing-Hera/intel_2023.2.0-oneAPI_mpiuni_g_develop/esmf
20260903 081917.777 INFO             PET0 ESMF_COMM                   : mpiuni
20260903 081917.778 INFO             PET0 ESMF_MOAB                   : enabled
20260903 081917.778 INFO             PET0 ESMF_LAPACK                 : enabled
20260903 081917.778 INFO             PET0 ESMF_NETCDF                 : enabled
20260903 081917.778 INFO             PET0 ESMF_PNETCDF                : disabled
20260903 081917.778 INFO             PET0 ESMF_PIO                    : enabled
20260903 081917.778 INFO             PET0 ESMF_YAMLCPP                : enabled
20260903 081917.789 INFO             PET0  NUMBER_OF_PROCESSORS           1
20260903 081917.789 INFO             PET0  PASS  Example ESMF_FieldArbGridEx, ESMF_FieldArbGridEx.F90, line 243
20260903 081917.789 INFO             PET0  Finalizing ESMF
