2026-09-11 21:09:45
20260911 215817.880 INFO             PET0 !!!!!!!!!!!!!!!!!!!!!!!!!!!!!!!!!!!!!!!!!!!!!!!!!!!!!!
20260911 215817.880 INFO             PET0 !!! THE ESMF_LOG IS SET TO OUTPUT ALL LOG MESSAGES !!!
20260911 215817.880 INFO             PET0 !!!     THIS MAY CAUSE SLOWDOWN IN PERFORMANCE     !!!
20260911 215817.880 INFO             PET0 !!! FOR PRODUCTION RUNS, USE:                      !!!
20260911 215817.880 INFO             PET0 !!!                   ESMF_LOGKIND_Multi_On_Error  !!!
20260911 215817.880 INFO             PET0 !!!!!!!!!!!!!!!!!!!!!!!!!!!!!!!!!!!!!!!!!!!!!!!!!!!!!!
20260911 215817.880 INFO             PET0 Running with ESMF Version   : v9.0.0b18
20260911 215817.880 INFO             PET0 ESMF library build date/time: "Sep 11 2026" "21:06:58"
20260911 215817.880 INFO             PET0 ESMF library build location : /scratch3/NCEPDEV/stmp/Gerhard.Theurich/ESMF-Nightly-Testing-Hera/intel_2023.2.0-oneAPI_mpiuni_g_develop/esmf
20260911 215817.880 INFO             PET0 ESMF_COMM                   : mpiuni
20260911 215817.880 INFO             PET0 ESMF_MOAB                   : enabled
20260911 215817.880 INFO             PET0 ESMF_LAPACK                 : enabled
20260911 215817.880 INFO             PET0 ESMF_NETCDF                 : enabled
20260911 215817.880 INFO             PET0 ESMF_PNETCDF                : disabled
20260911 215817.880 INFO             PET0 ESMF_PIO                    : enabled
20260911 215817.880 INFO             PET0 ESMF_YAMLCPP                : enabled
20260911 215817.882 INFO             PET0 InternalState label: second named data block
20260911 215817.882 INFO             PET0 InternalState label: first named data block
20260911 215817.882 INFO             PET0 InternalState label: ESMF-default-localdata
20260911 215817.882 INFO             PET0  NUMBER_OF_PROCESSORS           1
20260911 215817.882 INFO             PET0  PASS  Example ESMF_InternalStateEx, ESMF_InternalStateEx.F90, line 218
20260911 215817.882 INFO             PET0  Finalizing ESMF
