2026-09-05 23:30:39
20260906 013855.089 INFO             PET0 !!!!!!!!!!!!!!!!!!!!!!!!!!!!!!!!!!!!!!!!!!!!!!!!!!!!!!
20260906 013855.089 INFO             PET0 !!! THE ESMF_LOG IS SET TO OUTPUT ALL LOG MESSAGES !!!
20260906 013855.089 INFO             PET0 !!!     THIS MAY CAUSE SLOWDOWN IN PERFORMANCE     !!!
20260906 013855.089 INFO             PET0 !!! FOR PRODUCTION RUNS, USE:                      !!!
20260906 013855.089 INFO             PET0 !!!                   ESMF_LOGKIND_Multi_On_Error  !!!
20260906 013855.089 INFO             PET0 !!!!!!!!!!!!!!!!!!!!!!!!!!!!!!!!!!!!!!!!!!!!!!!!!!!!!!
20260906 013855.089 INFO             PET0 Running with ESMF Version   : feature/esmx-cmake+gdd1288b46b
20260906 013855.089 INFO             PET0 ESMF library build date/time: "Sep  5 2026" "23:27:14"
20260906 013855.089 INFO             PET0 ESMF library build location : /discover/nobackup/projects/gmao/SIteam/ESMF_Testing/intel_2021.13.0_intelmpi_g_feature_esmx-cmake/esmf
20260906 013855.089 INFO             PET0 ESMF_COMM                   : intelmpi
20260906 013855.090 INFO             PET0 ESMF_MOAB                   : enabled
20260906 013855.090 INFO             PET0 ESMF_LAPACK                 : enabled
20260906 013855.090 INFO             PET0 ESMF_NETCDF                 : enabled
20260906 013855.090 INFO             PET0 ESMF_PNETCDF                : disabled
20260906 013855.090 INFO             PET0 ESMF_PIO                    : enabled
20260906 013855.090 INFO             PET0 ESMF_YAMLCPP                : enabled
20260906 013856.045 INFO             PET0  NUMBER_OF_PROCESSORS           4
20260906 013856.045 INFO             PET0  PASS  Example ESMF_GridUsageEx, ESMF_GridUsageEx.F90, line 3470
20260906 013856.045 INFO             PET0  Finalizing ESMF
20260906 013855.088 INFO             PET1 !!!!!!!!!!!!!!!!!!!!!!!!!!!!!!!!!!!!!!!!!!!!!!!!!!!!!!
20260906 013855.088 INFO             PET1 !!! THE ESMF_LOG IS SET TO OUTPUT ALL LOG MESSAGES !!!
20260906 013855.088 INFO             PET1 !!!     THIS MAY CAUSE SLOWDOWN IN PERFORMANCE     !!!
20260906 013855.088 INFO             PET1 !!! FOR PRODUCTION RUNS, USE:                      !!!
20260906 013855.088 INFO             PET1 !!!                   ESMF_LOGKIND_Multi_On_Error  !!!
20260906 013855.088 INFO             PET1 !!!!!!!!!!!!!!!!!!!!!!!!!!!!!!!!!!!!!!!!!!!!!!!!!!!!!!
20260906 013855.088 INFO             PET1 Running with ESMF Version   : feature/esmx-cmake+gdd1288b46b
20260906 013855.088 INFO             PET1 ESMF library build date/time: "Sep  5 2026" "23:27:14"
20260906 013855.088 INFO             PET1 ESMF library build location : /discover/nobackup/projects/gmao/SIteam/ESMF_Testing/intel_2021.13.0_intelmpi_g_feature_esmx-cmake/esmf
20260906 013855.088 INFO             PET1 ESMF_COMM                   : intelmpi
20260906 013855.089 INFO             PET1 ESMF_MOAB                   : enabled
20260906 013855.089 INFO             PET1 ESMF_LAPACK                 : enabled
20260906 013855.089 INFO             PET1 ESMF_NETCDF                 : enabled
20260906 013855.089 INFO             PET1 ESMF_PNETCDF                : disabled
20260906 013855.089 INFO             PET1 ESMF_PIO                    : enabled
20260906 013855.089 INFO             PET1 ESMF_YAMLCPP                : enabled
20260906 013856.042 INFO             PET1  NUMBER_OF_PROCESSORS           4
20260906 013856.042 INFO             PET1  PASS  Example ESMF_GridUsageEx, ESMF_GridUsageEx.F90, line 3470
20260906 013856.042 INFO             PET1  Finalizing ESMF
20260906 013855.089 INFO             PET2 !!!!!!!!!!!!!!!!!!!!!!!!!!!!!!!!!!!!!!!!!!!!!!!!!!!!!!
20260906 013855.089 INFO             PET2 !!! THE ESMF_LOG IS SET TO OUTPUT ALL LOG MESSAGES !!!
20260906 013855.089 INFO             PET2 !!!     THIS MAY CAUSE SLOWDOWN IN PERFORMANCE     !!!
20260906 013855.089 INFO             PET2 !!! FOR PRODUCTION RUNS, USE:                      !!!
20260906 013855.089 INFO             PET2 !!!                   ESMF_LOGKIND_Multi_On_Error  !!!
20260906 013855.089 INFO             PET2 !!!!!!!!!!!!!!!!!!!!!!!!!!!!!!!!!!!!!!!!!!!!!!!!!!!!!!
20260906 013855.089 INFO             PET2 Running with ESMF Version   : feature/esmx-cmake+gdd1288b46b
20260906 013855.089 INFO             PET2 ESMF library build date/time: "Sep  5 2026" "23:27:14"
20260906 013855.089 INFO             PET2 ESMF library build location : /discover/nobackup/projects/gmao/SIteam/ESMF_Testing/intel_2021.13.0_intelmpi_g_feature_esmx-cmake/esmf
20260906 013855.089 INFO             PET2 ESMF_COMM                   : intelmpi
20260906 013855.089 INFO             PET2 ESMF_MOAB                   : enabled
20260906 013855.089 INFO             PET2 ESMF_LAPACK                 : enabled
20260906 013855.089 INFO             PET2 ESMF_NETCDF                 : enabled
20260906 013855.089 INFO             PET2 ESMF_PNETCDF                : disabled
20260906 013855.089 INFO             PET2 ESMF_PIO                    : enabled
20260906 013855.089 INFO             PET2 ESMF_YAMLCPP                : enabled
20260906 013856.041 INFO             PET2  NUMBER_OF_PROCESSORS           4
20260906 013856.041 INFO             PET2  PASS  Example ESMF_GridUsageEx, ESMF_GridUsageEx.F90, line 3470
20260906 013856.041 INFO             PET2  Finalizing ESMF
20260906 013855.088 INFO             PET3 !!!!!!!!!!!!!!!!!!!!!!!!!!!!!!!!!!!!!!!!!!!!!!!!!!!!!!
20260906 013855.089 INFO             PET3 !!! THE ESMF_LOG IS SET TO OUTPUT ALL LOG MESSAGES !!!
20260906 013855.089 INFO             PET3 !!!     THIS MAY CAUSE SLOWDOWN IN PERFORMANCE     !!!
20260906 013855.089 INFO             PET3 !!! FOR PRODUCTION RUNS, USE:                      !!!
20260906 013855.089 INFO             PET3 !!!                   ESMF_LOGKIND_Multi_On_Error  !!!
20260906 013855.089 INFO             PET3 !!!!!!!!!!!!!!!!!!!!!!!!!!!!!!!!!!!!!!!!!!!!!!!!!!!!!!
20260906 013855.089 INFO             PET3 Running with ESMF Version   : feature/esmx-cmake+gdd1288b46b
20260906 013855.089 INFO             PET3 ESMF library build date/time: "Sep  5 2026" "23:27:14"
20260906 013855.089 INFO             PET3 ESMF library build location : /discover/nobackup/projects/gmao/SIteam/ESMF_Testing/intel_2021.13.0_intelmpi_g_feature_esmx-cmake/esmf
20260906 013855.089 INFO             PET3 ESMF_COMM                   : intelmpi
20260906 013855.089 INFO             PET3 ESMF_MOAB                   : enabled
20260906 013855.089 INFO             PET3 ESMF_LAPACK                 : enabled
20260906 013855.089 INFO             PET3 ESMF_NETCDF                 : enabled
20260906 013855.089 INFO             PET3 ESMF_PNETCDF                : disabled
20260906 013855.089 INFO             PET3 ESMF_PIO                    : enabled
20260906 013855.089 INFO             PET3 ESMF_YAMLCPP                : enabled
20260906 013856.043 INFO             PET3  NUMBER_OF_PROCESSORS           4
20260906 013856.044 INFO             PET3  PASS  Example ESMF_GridUsageEx, ESMF_GridUsageEx.F90, line 3470
20260906 013856.044 INFO             PET3  Finalizing ESMF
