2026-09-22 02:14:36
[2026-09-22T11:08:58.931] error: couldn't chdir to `/tmp/gfortran_12.3.0_mpi_g_develop/nuopc-app-prototypes/ESMX_AtmOcnProto': No such file or directory: going to /tmp instead

Program received signal SIGSEGV: Segmentation fault - invalid memory reference.

Backtrace for this error:

Program received signal SIGSEGV: Segmentation fault - invalid memory reference.

Backtrace for this error:

Program received signal SIGSEGV: Segmentation fault - invalid memory reference.

Backtrace for this error:

Program received signal SIGSEGV: Segmentation fault - invalid memory reference.

Backtrace for this error:
#0  0x14df9a36f25e in ???
#1  0x14df9a36e245 in ???
#2  0x14df99f7697f in ???
#0  0x14cba9b4125e in ???
#1  0x14cba9b40245 in ???
#2  0x14cba974897f in ???
#3  0x14cbaa6e1f90 in ???
#4  0x14cbaa6e0883 in ???
#5  0x14cbaa6d60b5 in ???
#6  0x14cbaa732195 in ???
#7  0x14cbaa6a98af in ???
#3  0x14df9af0ff90 in ???
#4  0x14df9af0e883 in ???
#5  0x14df9af040b5 in ???
#6  0x14df9af60195 in ???
#7  0x14df9aed78af in ???
#0  0x14aaff32625e in ???
#1  0x14aaff325245 in ???
#2  0x14aafef2d97f in ???
#3  0x14aaffec6f90 in ???
#0  0x1485836e125e in ???
#1  0x1485836e0245 in ???
#2  0x1485832e897f in ???
#3  0x148584281f90 in ???
#4  0x148584280883 in ???
#5  0x1485842760b5 in ???
#6  0x1485842d2195 in ???
#7  0x1485842498af in ???
#4  0x14aaffec5883 in ???
#5  0x14aaffebb0b5 in ???
#6  0x14aafff17195 in ???
#7  0x14aaffe8e8af in ???
#8  0x14df9cde52e9 in darshan_log_open
	at /global/homes/s/swowner/jlbez/darshan-3.4.6/darshan-runtime/lib/darshan-core.c:1655
#9  0x14df9cde52e9 in darshan_core_shutdown
	at /global/homes/s/swowner/jlbez/darshan-3.4.6/darshan-runtime/lib/darshan-core.c:564
#8  0x14cbac5b72e9 in darshan_log_open
	at /global/homes/s/swowner/jlbez/darshan-3.4.6/darshan-runtime/lib/darshan-core.c:1655
#9  0x14cbac5b72e9 in darshan_core_shutdown
	at /global/homes/s/swowner/jlbez/darshan-3.4.6/darshan-runtime/lib/darshan-core.c:564
#10  0x14df9cde2673 in MPI_Finalize
	at /global/homes/s/swowner/jlbez/darshan-3.4.6/darshan-runtime/lib/darshan-core-init-finalize.c:89
#10  0x14cbac5b4673 in MPI_Finalize
	at /global/homes/s/swowner/jlbez/darshan-3.4.6/darshan-runtime/lib/darshan-core-init-finalize.c:89
#8  0x14ab01d9c2e9 in darshan_log_open
	at /global/homes/s/swowner/jlbez/darshan-3.4.6/darshan-runtime/lib/darshan-core.c:1655
#9  0x14ab01d9c2e9 in darshan_core_shutdown
	at /global/homes/s/swowner/jlbez/darshan-3.4.6/darshan-runtime/lib/darshan-core.c:564
#8  0x1485861572e9 in darshan_log_open
	at /global/homes/s/swowner/jlbez/darshan-3.4.6/darshan-runtime/lib/darshan-core.c:1655
#9  0x1485861572e9 in darshan_core_shutdown
	at /global/homes/s/swowner/jlbez/darshan-3.4.6/darshan-runtime/lib/darshan-core.c:564
#10  0x14ab01d99673 in MPI_Finalize
	at /global/homes/s/swowner/jlbez/darshan-3.4.6/darshan-runtime/lib/darshan-core-init-finalize.c:89
#10  0x148586154673 in MPI_Finalize
	at /global/homes/s/swowner/jlbez/darshan-3.4.6/darshan-runtime/lib/darshan-core-init-finalize.c:89
#11  0x14df9e7a1ee6 in _ZN5ESMCI3VMK8finalizeEi
	at /tmp/gfortran_12.3.0_mpi_g_develop/esmf/src/Infrastructure/VM/src/ESMCI_VMKernel.C:873
#11  0x14cbadf73ee6 in _ZN5ESMCI3VMK8finalizeEi
	at /tmp/gfortran_12.3.0_mpi_g_develop/esmf/src/Infrastructure/VM/src/ESMCI_VMKernel.C:873
#11  0x14ab03758ee6 in _ZN5ESMCI3VMK8finalizeEi
	at /tmp/gfortran_12.3.0_mpi_g_develop/esmf/src/Infrastructure/VM/src/ESMCI_VMKernel.C:873
#11  0x148587b13ee6 in _ZN5ESMCI3VMK8finalizeEi
	at /tmp/gfortran_12.3.0_mpi_g_develop/esmf/src/Infrastructure/VM/src/ESMCI_VMKernel.C:873
#12  0x14df9e7cfc9f in _ZN5ESMCI2VM8finalizeEP12ESMC_LogicalPi
	at /tmp/gfortran_12.3.0_mpi_g_develop/esmf/src/Infrastructure/VM/src/ESMCI_VM.C:3938
#12  0x14cbadfa1c9f in _ZN5ESMCI2VM8finalizeEP12ESMC_LogicalPi
	at /tmp/gfortran_12.3.0_mpi_g_develop/esmf/src/Infrastructure/VM/src/ESMCI_VM.C:3938
#12  0x14ab03786c9f in _ZN5ESMCI2VM8finalizeEP12ESMC_LogicalPi
	at /tmp/gfortran_12.3.0_mpi_g_develop/esmf/src/Infrastructure/VM/src/ESMCI_VM.C:3938
#12  0x148587b41c9f in _ZN5ESMCI2VM8finalizeEP12ESMC_LogicalPi
	at /tmp/gfortran_12.3.0_mpi_g_develop/esmf/src/Infrastructure/VM/src/ESMCI_VM.C:3938
#13  0x14df9e79a06c in c_esmc_vmfinalize_
	at /tmp/gfortran_12.3.0_mpi_g_develop/esmf/src/Infrastructure/VM/interface/ESMCI_VM_F.C:1274
#13  0x14cbadf6c06c in c_esmc_vmfinalize_
	at /tmp/gfortran_12.3.0_mpi_g_develop/esmf/src/Infrastructure/VM/interface/ESMCI_VM_F.C:1274
#13  0x14ab0375106c in c_esmc_vmfinalize_
	at /tmp/gfortran_12.3.0_mpi_g_develop/esmf/src/Infrastructure/VM/interface/ESMCI_VM_F.C:1274
#13  0x148587b0c06c in c_esmc_vmfinalize_
	at /tmp/gfortran_12.3.0_mpi_g_develop/esmf/src/Infrastructure/VM/interface/ESMCI_VM_F.C:1274
#14  0x14df9f63b0d4 in __esmf_vmmod_MOD_esmf_vmfinalize
	at /tmp/gfortran_12.3.0_mpi_g_develop/esmf/src/Infrastructure/VM/interface/ESMF_VM.F90:9523
#14  0x14cbaee0d0d4 in __esmf_vmmod_MOD_esmf_vmfinalize
	at /tmp/gfortran_12.3.0_mpi_g_develop/esmf/src/Infrastructure/VM/interface/ESMF_VM.F90:9523
#15  0x14df9f25c26c in __esmf_initmod_MOD_esmf_finalize
	at /tmp/gfortran_12.3.0_mpi_g_develop/esmf/src/Superstructure/ESMFMod/src/ESMF_Init.F90:1741
#16  0x40c339 in ???
#17  0x40ab1c in ???
#18  0x14df99f5feeb in ???
#15  0x14cbaea2e26c in __esmf_initmod_MOD_esmf_finalize
	at /tmp/gfortran_12.3.0_mpi_g_develop/esmf/src/Superstructure/ESMFMod/src/ESMF_Init.F90:1741
#16  0x40c339 in ???
#17  0x40ab1c in ???
#18  0x14cba9731eeb in ???
#19  0x14cba9731fb4 in ???
#19  0x14df99f5ffb4 in ???
#20  0x40ab50 in _start
	at ../sysdeps/x86_64/start.S:115
#21  0xffffffffffffffff in ???
#20  0x40ab50 in _start
	at ../sysdeps/x86_64/start.S:115
#21  0xffffffffffffffff in ???
#14  0x1485889ad0d4 in __esmf_vmmod_MOD_esmf_vmfinalize
	at /tmp/gfortran_12.3.0_mpi_g_develop/esmf/src/Infrastructure/VM/interface/ESMF_VM.F90:9523
#15  0x1485885ce26c in __esmf_initmod_MOD_esmf_finalize
	at /tmp/gfortran_12.3.0_mpi_g_develop/esmf/src/Superstructure/ESMFMod/src/ESMF_Init.F90:1741
#16  0x40c339 in ???
#17  0x40ab1c in ???
#18  0x1485832d1eeb in ???
#19  0x1485832d1fb4 in ???
#20  0x40ab50 in _start
	at ../sysdeps/x86_64/start.S:115
#21  0xffffffffffffffff in ???
#14  0x14ab045f20d4 in __esmf_vmmod_MOD_esmf_vmfinalize
	at /tmp/gfortran_12.3.0_mpi_g_develop/esmf/src/Infrastructure/VM/interface/ESMF_VM.F90:9523
#15  0x14ab0421326c in __esmf_initmod_MOD_esmf_finalize
	at /tmp/gfortran_12.3.0_mpi_g_develop/esmf/src/Superstructure/ESMFMod/src/ESMF_Init.F90:1741
#16  0x40c339 in ???
#17  0x40ab1c in ???
#18  0x14aafef16eeb in ???
#19  0x14aafef16fb4 in ???
#20  0x40ab50 in _start
	at ../sysdeps/x86_64/start.S:115
#21  0xffffffffffffffff in ???
srun: error: nid005177: tasks 0-3: Segmentation fault
srun: Terminating StepId=58741151.419
