2026-09-22 02:14:36
[2026-09-22T11:07:35.807] error: couldn't chdir to `/tmp/gfortran_12.3.0_mpi_g_develop/nuopc-app-prototypes/ESMX_StartHereProto': No such file or directory: going to /tmp instead

Program received signal SIGFPE: Floating-point exception - erroneous arithmetic operation.

Backtrace for this error:
#0  0x1457f1d1e25e in ???
#1  0x1457f1d1d245 in ???
#2  0x1457f19c897f in ???
#3  0x1457f179ba60 in ???
#4  0x1457f1715996 in ???
#5  0x1457f17bb1f1 in ???
#6  0x1457f14d4fa1 in ???
#7  0x1457f157bd44 in ???
#8  0x1457f4ae8b85 in ???
#9  0x1457f4ae8b9a in ???
#10  0x1457f4af4abc in ???
#11  0x1457f4a7e2b3 in ???
#12  0x1457f4a82343 in ???
#13  0x1457f4a81944 in ???
#14  0x1457f4a818fd in ???
#15  0x4728a3 in PIOc_createfile_int
	at /tmp/gfortran_12.3.0_mpi_g_develop/esmf/src/Infrastructure/IO/PIO/ParallelIO/src/clib/pioc_support.c:2166
#16  0x46cc66 in PIOc_createfile
	at /tmp/gfortran_12.3.0_mpi_g_develop/esmf/src/Infrastructure/IO/PIO/ParallelIO/src/clib/pio_file.c:161
#17  0x1457f6087a7f in _ZN5ESMCI11PIO_Handler15openOneTileFileEibPi
	at /tmp/gfortran_12.3.0_mpi_g_develop/esmf/src/Infrastructure/IO/src/ESMCI_PIO_Handler.C:1377
#18  0x1457f5e092ec in _ZN5ESMCI10IO_Handler4openERKNSt7__cxx1112basic_stringIcSt11char_traitsIcESaIcEEE20ESMC_FileStatus_FlagbbPi
	at /tmp/gfortran_12.3.0_mpi_g_develop/esmf/src/Infrastructure/IO/src/ESMCI_IO_Handler.C:743
#19  0x1457f5e13cda in _ZN5ESMCI2IO4openERKNSt7__cxx1112basic_stringIcSt11char_traitsIcESaIcEEE20ESMC_FileStatus_Flag15ESMC_IOFmt_Flagbb
	at /tmp/gfortran_12.3.0_mpi_g_develop/esmf/src/Infrastructure/IO/src/ESMCI_IO.C:873
#20  0x1457f5e12a19 in _ZN5ESMCI2IO5writeERKNSt7__cxx1112basic_stringIcSt11char_traitsIcESaIcEEE15ESMC_IOFmt_Flagb20ESMC_FileStatus_FlagPi
	at /tmp/gfortran_12.3.0_mpi_g_develop/esmf/src/Infrastructure/IO/src/ESMCI_IO.C:495
#21  0x1457f5e06d6d in c_esmc_iowrite_
	at /tmp/gfortran_12.3.0_mpi_g_develop/esmf/src/Infrastructure/IO/interface/ESMCI_IO_F.C:169
#22  0x1457f6c73c3b in __esmf_iomod_MOD_esmf_iowrite
	at /tmp/gfortran_12.3.0_mpi_g_develop/esmf/src/Infrastructure/IO/interface/ESMF_IO.F90:521
#23  0x1457f69d56d8 in __esmf_fieldwrmod_MOD_esmf_fieldwrite
	at /tmp/gfortran_12.3.0_mpi_g_develop/esmf/src/Infrastructure/Field/src/ESMF_FieldWr.F90:277
#24  0x1457f71b7ac5 in __nuopc_auxiliary_MOD_nuopc_fieldwrite
	at /tmp/gfortran_12.3.0_mpi_g_develop/esmf/src/addon/NUOPC/src/NUOPC_Auxiliary.F90:288
#25  0x1457f71b6de0 in __nuopc_auxiliary_MOD_nuopc_statewrite
	at /tmp/gfortran_12.3.0_mpi_g_develop/esmf/src/addon/NUOPC/src/NUOPC_Auxiliary.F90:498
#26  0x42c03a in datainitialize
	at /tmp/gfortran_12.3.0_mpi_g_develop/esmf/DEFAULTINSTALLDIR/include/ESMX/Comps/ESMX_Data/ESMX_Data.F90:1850
#27  0x1457f603fd43 in _ZNK5ESMCI13MethodElement7executeEPvPi
	at /tmp/gfortran_12.3.0_mpi_g_develop/esmf/src/Superstructure/Component/src/ESMCI_MethodTable.C:377
#28  0x1457f6040c42 in _ZN5ESMCI11MethodTable7executeENSt7__cxx1112basic_stringIcSt11char_traitsIcESaIcEEEPvPiPb
	at /tmp/gfortran_12.3.0_mpi_g_develop/esmf/src/Superstructure/Component/src/ESMCI_MethodTable.C:563
#29  0x1457f603fbdf in c_esmc_methodtableexecuteef_
	at /tmp/gfortran_12.3.0_mpi_g_develop/esmf/src/Superstructure/Component/src/ESMCI_MethodTable.C:347
#30  0x1457f6383727 in __esmf_attachmethodsmod_MOD_esmf_methodgridcompexecute
	at /tmp/gfortran_12.3.0_mpi_g_develop/esmf/src/Superstructure/AttachMethods/src/ESMF_AttachMethods.F90:1281
#31  0x1457f73dd0dc in initializeipdvxp08
	at /tmp/gfortran_12.3.0_mpi_g_develop/esmf/src/addon/NUOPC/src/NUOPC_ModelBase.F90:1410
#32  0x1457f5d15de5 in _ZN5ESMCI6FTable12callVFuncPtrEPKcPNS_2VMEPi
	at /tmp/gfortran_12.3.0_mpi_g_develop/esmf/src/Superstructure/Component/src/ESMCI_FTable.C:2192
#33  0x1457f5d13053 in ESMCI_FTableCallEntryPointVMHop
	at /tmp/gfortran_12.3.0_mpi_g_develop/esmf/src/Superstructure/Component/src/ESMCI_FTable.C:849
#34  0x1457f6171d89 in _ZN5ESMCI3VMK5enterEPNS_7VMKPlanEPvS3_
	at /tmp/gfortran_12.3.0_mpi_g_develop/esmf/src/Infrastructure/VM/src/ESMCI_VMKernel.C:2740
#35  0x1457f6190777 in _ZN5ESMCI2VM5enterEPNS_6VMPlanEPvS3_
	at /tmp/gfortran_12.3.0_mpi_g_develop/esmf/src/Infrastructure/VM/src/ESMCI_VM.C:1365
#36  0x1457f5d134e2 in c_esmc_ftablecallentrypointvm_
	at /tmp/gfortran_12.3.0_mpi_g_develop/esmf/src/Superstructure/Component/src/ESMCI_FTable.C:1006
#37  0x1457f654eb0f in __esmf_compmod_MOD_esmf_compexecute
	at /tmp/gfortran_12.3.0_mpi_g_develop/esmf/src/Superstructure/Component/src/ESMF_Comp.F90:1274
#38  0x1457f6a3fee7 in __esmf_gridcompmod_MOD_esmf_gridcompinitialize
	at /tmp/gfortran_12.3.0_mpi_g_develop/esmf/src/Superstructure/Component/src/ESMF_GridComp.F90:1567
#39  0x1457f737b35b in loopmodelcompss
	at /tmp/gfortran_12.3.0_mpi_g_develop/esmf/src/addon/NUOPC/src/NUOPC_Driver.F90:2770
#40  0x1457f737e1cb in initializeipdv02p5data
	at /tmp/gfortran_12.3.0_mpi_g_develop/esmf/src/addon/NUOPC/src/NUOPC_Driver.F90:2719
#41  0x1457f7382866 in initializeipdv02p5
	at /tmp/gfortran_12.3.0_mpi_g_develop/esmf/src/addon/NUOPC/src/NUOPC_Driver.F90:2229
#42  0x1457f73b1119 in initializegeneric
	at /tmp/gfortran_12.3.0_mpi_g_develop/esmf/src/addon/NUOPC/src/NUOPC_Driver.F90:432
#43  0x1457f5d15de5 in _ZN5ESMCI6FTable12callVFuncPtrEPKcPNS_2VMEPi
	at /tmp/gfortran_12.3.0_mpi_g_develop/esmf/src/Superstructure/Component/src/ESMCI_FTable.C:2192
#44  0x1457f5d13053 in ESMCI_FTableCallEntryPointVMHop
	at /tmp/gfortran_12.3.0_mpi_g_develop/esmf/src/Superstructure/Component/src/ESMCI_FTable.C:849
#45  0x1457f6171d89 in _ZN5ESMCI3VMK5enterEPNS_7VMKPlanEPvS3_
	at /tmp/gfortran_12.3.0_mpi_g_develop/esmf/src/Infrastructure/VM/src/ESMCI_VMKernel.C:2740
#46  0x1457f6190777 in _ZN5ESMCI2VM5enterEPNS_6VMPlanEPvS3_
	at /tmp/gfortran_12.3.0_mpi_g_develop/esmf/src/Infrastructure/VM/src/ESMCI_VM.C:1365
#47  0x1457f5d134e2 in c_esmc_ftablecallentrypointvm_
	at /tmp/gfortran_12.3.0_mpi_g_develop/esmf/src/Superstructure/Component/src/ESMCI_FTable.C:1006
#48  0x1457f654eb0f in __esmf_compmod_MOD_esmf_compexecute
	at /tmp/gfortran_12.3.0_mpi_g_develop/esmf/src/Superstructure/Component/src/ESMF_Comp.F90:1274
#49  0x1457f6a3fee7 in __esmf_gridcompmod_MOD_esmf_gridcompinitialize
	at /tmp/gfortran_12.3.0_mpi_g_develop/esmf/src/Superstructure/Component/src/ESMF_GridComp.F90:1567
#50  0x40cd42 in esmx_app
	at /tmp/gfortran_12.3.0_mpi_g_develop/esmf/DEFAULTINSTALLDIR/include/ESMX/ESMX_App.F90:385
#51  0x40d421 in main
	at /tmp/gfortran_12.3.0_mpi_g_develop/esmf/DEFAULTINSTALLDIR/include/ESMX/ESMX_App.F90:14
srun: error: nid005177: task 0: Floating point exception
srun: Terminating StepId=58741151.408
[2026-09-22T11:07:37.881] error: *** STEP 58741151.408 ON nid005177 CANCELLED AT 2026-09-22T11:07:37 DUE TO TASK FAILURE ***
srun: error: nid005177: tasks 1-3: Terminated
srun: Force Terminated StepId=58741151.408
