2026-09-11 17:57:38
20260911 182924.047 INFO             PET0 !!!!!!!!!!!!!!!!!!!!!!!!!!!!!!!!!!!!!!!!!!!!!!!!!!!!!!
20260911 182924.048 INFO             PET0 !!! THE ESMF_LOG IS SET TO OUTPUT ALL LOG MESSAGES !!!
20260911 182924.048 INFO             PET0 !!!     THIS MAY CAUSE SLOWDOWN IN PERFORMANCE     !!!
20260911 182924.048 INFO             PET0 !!! FOR PRODUCTION RUNS, USE:                      !!!
20260911 182924.048 INFO             PET0 !!!                   ESMF_LOGKIND_Multi_On_Error  !!!
20260911 182924.048 INFO             PET0 !!!!!!!!!!!!!!!!!!!!!!!!!!!!!!!!!!!!!!!!!!!!!!!!!!!!!!
20260911 182924.048 INFO             PET0 Running with ESMF Version   : v9.0.0b18
20260911 182924.048 INFO             PET0 ESMF library build date/time: "Sep 11 2026" "17:55:36"
20260911 182924.048 INFO             PET0 ESMF library build location : /home/gerhard/ESMF-Nightly-Testing/aocc_5.1.0_mpiuni_O_develop/esmf
20260911 182924.048 INFO             PET0 ESMF_COMM                   : mpiuni
20260911 182924.048 INFO             PET0 ESMF_MOAB                   : enabled
20260911 182924.048 INFO             PET0 ESMF_LAPACK                 : enabled
20260911 182924.048 INFO             PET0 ESMF_NETCDF                 : disabled
20260911 182924.048 INFO             PET0 ESMF_PNETCDF                : disabled
20260911 182924.048 INFO             PET0 ESMF_PIO                    : disabled
20260911 182924.048 INFO             PET0 ESMF_YAMLCPP                : enabled
20260911 182924.049 INFO             PET0  NUMBER_OF_PROCESSORS            1
20260911 182924.049 INFO             PET0  PASS  Example ESMF_AttachMethodsEx, ESMF_AttachMethodsEx.F90, line 292
20260911 182924.049 INFO             PET0  Finalizing ESMF
