2026-09-22 04:46:48
20260922 051308.882 INFO             PET0 !!!!!!!!!!!!!!!!!!!!!!!!!!!!!!!!!!!!!!!!!!!!!!!!!!!!!!
20260922 051308.882 INFO             PET0 !!! THE ESMF_LOG IS SET TO OUTPUT ALL LOG MESSAGES !!!
20260922 051308.882 INFO             PET0 !!!     THIS MAY CAUSE SLOWDOWN IN PERFORMANCE     !!!
20260922 051308.882 INFO             PET0 !!! FOR PRODUCTION RUNS, USE:                      !!!
20260922 051308.882 INFO             PET0 !!!                   ESMF_LOGKIND_Multi_On_Error  !!!
20260922 051308.882 INFO             PET0 !!!!!!!!!!!!!!!!!!!!!!!!!!!!!!!!!!!!!!!!!!!!!!!!!!!!!!
20260922 051308.882 INFO             PET0 Running with ESMF Version   : v9.0.0b19
20260922 051308.882 INFO             PET0 ESMF library build date/time: "Sep 22 2026" "04:45:16"
20260922 051308.882 INFO             PET0 ESMF library build location : /tmp/intel_2023.2.0-classic_mpi_O_develop/esmf
20260922 051308.882 INFO             PET0 ESMF_COMM                   : mpi
20260922 051308.882 INFO             PET0 ESMF_MOAB                   : enabled
20260922 051308.882 INFO             PET0 ESMF_LAPACK                 : enabled
20260922 051308.882 INFO             PET0 ESMF_NETCDF                 : enabled
20260922 051308.882 INFO             PET0 ESMF_PNETCDF                : disabled
20260922 051308.882 INFO             PET0 ESMF_PIO                    : enabled
20260922 051308.882 INFO             PET0 ESMF_YAMLCPP                : enabled
20260922 051308.883 INFO             PET0  NUMBER_OF_PROCESSORS           1
20260922 051308.883 INFO             PET0  PASS  Example ESMF_TimeEx, ESMF_TimeEx.F90, line 141
20260922 051308.883 INFO             PET0  Finalizing ESMF
