2026-09-09 04:50:44
20260909 053307.630 INFO             PET0 !!!!!!!!!!!!!!!!!!!!!!!!!!!!!!!!!!!!!!!!!!!!!!!!!!!!!!
20260909 053307.630 INFO             PET0 !!! THE ESMF_LOG IS SET TO OUTPUT ALL LOG MESSAGES !!!
20260909 053307.630 INFO             PET0 !!!     THIS MAY CAUSE SLOWDOWN IN PERFORMANCE     !!!
20260909 053307.630 INFO             PET0 !!! FOR PRODUCTION RUNS, USE:                      !!!
20260909 053307.630 INFO             PET0 !!!                   ESMF_LOGKIND_Multi_On_Error  !!!
20260909 053307.630 INFO             PET0 !!!!!!!!!!!!!!!!!!!!!!!!!!!!!!!!!!!!!!!!!!!!!!!!!!!!!!
20260909 053307.630 INFO             PET0 Running with ESMF Version   : develop+g4161bf9d44
20260909 053307.630 INFO             PET0 ESMF library build date/time: "Sep  9 2026" "04:48:53"
20260909 053307.630 INFO             PET0 ESMF library build location : /tmp/cce_20.0.2_mpi_O_develop/esmf
20260909 053307.630 INFO             PET0 ESMF_COMM                   : mpi
20260909 053307.631 INFO             PET0 ESMF_MOAB                   : enabled
20260909 053307.631 INFO             PET0 ESMF_LAPACK                 : enabled
20260909 053307.631 INFO             PET0 ESMF_NETCDF                 : enabled
20260909 053307.631 INFO             PET0 ESMF_PNETCDF                : disabled
20260909 053307.631 INFO             PET0 ESMF_PIO                    : enabled
20260909 053307.631 INFO             PET0 ESMF_YAMLCPP                : enabled
20260909 053307.631 INFO             PET0 ESMF Profiling Enabled
20260909 053307.631 INFO             PET0 ESMF Trace/Profile clock: REALTIME
20260909 053307.633 INFO             PET0 =============================================
20260909 053307.633 INFO             PET0 ESMX (Earth System Model eXecutable) STARTING
20260909 053307.633 INFO             PET0 =============================================
20260909 053307.642 DEBUG            PET0 Generic SetVM() is executing for: ESMX_Driver
20260909 053307.642 DEBUG            PET0 Generic SetVM() found no NUOPC Hint for: ESMX_Driver
20260909 053307.642 DEBUG            PET0 Generic SetVM() therefore is NOT calling ESMF_GridCompSetVMMaxPEs() for: ESMX_Driver
20260909 053307.647 INFO             PET0 ESMX_Driver: InitializeGeneric intro.
20260909 053307.647 INFO             PET0   ESMX_Driver: InitializeGeneric intro {IS}:--- StateLog() start -----------------
20260909 053307.647 INFO             PET0   ESMX_Driver: InitializeGeneric intro {IS}:State object is invalid! Not created or deleted!
20260909 053307.647 INFO             PET0   ESMX_Driver: InitializeGeneric intro {IS}:--- StateLog() end -------------------
20260909 053307.647 INFO             PET0   ESMX_Driver: InitializeGeneric intro {ES}:--- StateLog() start -----------------
20260909 053307.647 INFO             PET0   ESMX_Driver: InitializeGeneric intro {ES}:State object is invalid! Not created or deleted!
20260909 053307.647 INFO             PET0   ESMX_Driver: InitializeGeneric intro {ES}:--- StateLog() end -------------------
20260909 053307.647 INFO             PET0   >>>ESMX_Driver: entered Initialize (phase=<none>) without valid internal Clock.
20260909 053307.647 INFO             PET0   ESMX_Driver: InitializeP0 intro.
20260909 053307.647 INFO             PET0     ESMX_Driver: InitializeP0 intro {IS}:--- StateLog() start -----------------
20260909 053307.647 INFO             PET0     ESMX_Driver: InitializeP0 intro {IS}:State object is invalid! Not created or deleted!
20260909 053307.647 INFO             PET0     ESMX_Driver: InitializeP0 intro {IS}:--- StateLog() end -------------------
20260909 053307.647 INFO             PET0     ESMX_Driver: InitializeP0 intro {ES}:--- StateLog() start -----------------
20260909 053307.647 INFO             PET0     ESMX_Driver: InitializeP0 intro {ES}:State object is invalid! Not created or deleted!
20260909 053307.647 INFO             PET0     ESMX_Driver: InitializeP0 intro {ES}:--- StateLog() end -------------------
20260909 053307.647 INFO             PET0     >>>ESMX_Driver: entered Initialize (phase=<none>) without valid internal Clock.
20260909 053307.647 INFO             PET0     <<<ESMX_Driver: leaving Initialize (phase=<none>) without valid internal Clock.
20260909 053307.647 INFO             PET0     ESMX_Driver: InitializeP0 extro {IS}:--- StateLog() start -----------------
20260909 053307.647 INFO             PET0     ESMX_Driver: InitializeP0 extro {IS}:State object is invalid! Not created or deleted!
20260909 053307.647 INFO             PET0     ESMX_Driver: InitializeP0 extro {IS}:--- StateLog() end -------------------
20260909 053307.647 INFO             PET0     ESMX_Driver: InitializeP0 extro {ES}:--- StateLog() start -----------------
20260909 053307.647 INFO             PET0     ESMX_Driver: InitializeP0 extro {ES}:State object is invalid! Not created or deleted!
20260909 053307.647 INFO             PET0     ESMX_Driver: InitializeP0 extro {ES}:--- StateLog() end -------------------
20260909 053307.647 INFO             PET0   ESMX_Driver: InitializeP0 extro.
20260909 053307.648 INFO             PET0   ESMX_Driver: InitializeIPDv02p1 intro.
20260909 053307.648 INFO             PET0     ESMX_Driver: InitializeIPDv02p1 intro {IS}:--- StateLog() start -----------------
20260909 053307.648 INFO             PET0     ESMX_Driver: InitializeIPDv02p1 intro {IS}:State object is invalid! Not created or deleted!
20260909 053307.648 INFO             PET0     ESMX_Driver: InitializeIPDv02p1 intro {IS}:--- StateLog() end -------------------
20260909 053307.648 INFO             PET0     ESMX_Driver: InitializeIPDv02p1 intro {ES}:--- StateLog() start -----------------
20260909 053307.648 INFO             PET0     ESMX_Driver: InitializeIPDv02p1 intro {ES}:State object is invalid! Not created or deleted!
20260909 053307.648 INFO             PET0     ESMX_Driver: InitializeIPDv02p1 intro {ES}:--- StateLog() end -------------------
20260909 053307.648 INFO             PET0     >>>ESMX_Driver: entered Initialize (phase=<none>) without valid internal Clock.
20260909 053307.653 INFO             PET0     ESMX_Driver - Creating model component ABC without petList.
20260909 053307.653 DEBUG            PET0     Generic SetVM() is executing for: ABC
20260909 053307.653 DEBUG            PET0     Generic SetVM() found no NUOPC Hint for: ABC
20260909 053307.653 DEBUG            PET0     Generic SetVM() therefore is NOT calling ESMF_GridCompSetVMMaxPEs() for: ABC
20260909 053307.655 ERROR            PET0 /tmp/cce_20.0.2_mpi_O_develop/esmf/DEFAULTINSTALLDIR/include/ESMX/Comps/ESMX_Data/ESMX_Data.F90:316     Wrong argument specified  - An invalid key was found for output 'export' (maybe a typo?): onDataInit
20260909 053307.655 ERROR            PET0 ABC:/tmp/cce_20.0.2_mpi_O_develop/esmf/DEFAULTINSTALLDIR/include/ESMX/Comps/ESMX_Data/ESMX_Data.F90:200     Wrong argument specified  - Problem ingesting hconfig.
20260909 053307.655 ERROR            PET0 ESMX_Driver:src/addon/NUOPC/src/NUOPC_Driver.F90:4764     Wrong argument specified  - Passing error in return code
20260909 053307.655 ERROR            PET0 src/addon/ESMX/Driver/ESMX_Driver.F90:382     Wrong argument specified  - Unable to add component 'ABC' to driver via Fortran module.
20260909 053307.655 ERROR            PET0 ESMX_Driver:src/addon/NUOPC/src/NUOPC_Driver.F90:799     Wrong argument specified  - Passing error in return code
20260909 053307.655 ERROR            PET0 ESMX_Driver:src/addon/NUOPC/src/NUOPC_Driver.F90:505     Wrong argument specified  - Passing error in return code
20260909 053307.655 ERROR            PET0 src/addon/ESMX/ESMX_App.F90:393     Wrong argument specified  - Passing error in return code
20260909 053307.655 INFO             PET0      Finalizing ESMF with endflag==ESMF_END_ABORT
20260909 053307.631 INFO             PET1 !!!!!!!!!!!!!!!!!!!!!!!!!!!!!!!!!!!!!!!!!!!!!!!!!!!!!!
20260909 053307.631 INFO             PET1 !!! THE ESMF_LOG IS SET TO OUTPUT ALL LOG MESSAGES !!!
20260909 053307.631 INFO             PET1 !!!     THIS MAY CAUSE SLOWDOWN IN PERFORMANCE     !!!
20260909 053307.631 INFO             PET1 !!! FOR PRODUCTION RUNS, USE:                      !!!
20260909 053307.631 INFO             PET1 !!!                   ESMF_LOGKIND_Multi_On_Error  !!!
20260909 053307.631 INFO             PET1 !!!!!!!!!!!!!!!!!!!!!!!!!!!!!!!!!!!!!!!!!!!!!!!!!!!!!!
20260909 053307.631 INFO             PET1 Running with ESMF Version   : develop+g4161bf9d44
20260909 053307.631 INFO             PET1 ESMF library build date/time: "Sep  9 2026" "04:48:53"
20260909 053307.631 INFO             PET1 ESMF library build location : /tmp/cce_20.0.2_mpi_O_develop/esmf
20260909 053307.631 INFO             PET1 ESMF_COMM                   : mpi
20260909 053307.631 INFO             PET1 ESMF_MOAB                   : enabled
20260909 053307.631 INFO             PET1 ESMF_LAPACK                 : enabled
20260909 053307.631 INFO             PET1 ESMF_NETCDF                 : enabled
20260909 053307.631 INFO             PET1 ESMF_PNETCDF                : disabled
20260909 053307.631 INFO             PET1 ESMF_PIO                    : enabled
20260909 053307.631 INFO             PET1 ESMF_YAMLCPP                : enabled
20260909 053307.631 INFO             PET1 ESMF Profiling Enabled
20260909 053307.631 INFO             PET1 ESMF Trace/Profile clock: REALTIME
20260909 053307.633 INFO             PET1 =============================================
20260909 053307.633 INFO             PET1 ESMX (Earth System Model eXecutable) STARTING
20260909 053307.633 INFO             PET1 =============================================
20260909 053307.644 DEBUG            PET1 Generic SetVM() is executing for: ESMX_Driver
20260909 053307.644 DEBUG            PET1 Generic SetVM() found no NUOPC Hint for: ESMX_Driver
20260909 053307.644 DEBUG            PET1 Generic SetVM() therefore is NOT calling ESMF_GridCompSetVMMaxPEs() for: ESMX_Driver
20260909 053307.648 INFO             PET1 ESMX_Driver: InitializeGeneric intro.
20260909 053307.648 INFO             PET1   ESMX_Driver: InitializeGeneric intro {IS}:--- StateLog() start -----------------
20260909 053307.648 INFO             PET1   ESMX_Driver: InitializeGeneric intro {IS}:State object is invalid! Not created or deleted!
20260909 053307.648 INFO             PET1   ESMX_Driver: InitializeGeneric intro {IS}:--- StateLog() end -------------------
20260909 053307.648 INFO             PET1   ESMX_Driver: InitializeGeneric intro {ES}:--- StateLog() start -----------------
20260909 053307.648 INFO             PET1   ESMX_Driver: InitializeGeneric intro {ES}:State object is invalid! Not created or deleted!
20260909 053307.648 INFO             PET1   ESMX_Driver: InitializeGeneric intro {ES}:--- StateLog() end -------------------
20260909 053307.648 INFO             PET1   >>>ESMX_Driver: entered Initialize (phase=<none>) without valid internal Clock.
20260909 053307.648 INFO             PET1   ESMX_Driver: InitializeP0 intro.
20260909 053307.648 INFO             PET1     ESMX_Driver: InitializeP0 intro {IS}:--- StateLog() start -----------------
20260909 053307.648 INFO             PET1     ESMX_Driver: InitializeP0 intro {IS}:State object is invalid! Not created or deleted!
20260909 053307.648 INFO             PET1     ESMX_Driver: InitializeP0 intro {IS}:--- StateLog() end -------------------
20260909 053307.648 INFO             PET1     ESMX_Driver: InitializeP0 intro {ES}:--- StateLog() start -----------------
20260909 053307.648 INFO             PET1     ESMX_Driver: InitializeP0 intro {ES}:State object is invalid! Not created or deleted!
20260909 053307.648 INFO             PET1     ESMX_Driver: InitializeP0 intro {ES}:--- StateLog() end -------------------
20260909 053307.648 INFO             PET1     >>>ESMX_Driver: entered Initialize (phase=<none>) without valid internal Clock.
20260909 053307.649 INFO             PET1     <<<ESMX_Driver: leaving Initialize (phase=<none>) without valid internal Clock.
20260909 053307.649 INFO             PET1     ESMX_Driver: InitializeP0 extro {IS}:--- StateLog() start -----------------
20260909 053307.649 INFO             PET1     ESMX_Driver: InitializeP0 extro {IS}:State object is invalid! Not created or deleted!
20260909 053307.649 INFO             PET1     ESMX_Driver: InitializeP0 extro {IS}:--- StateLog() end -------------------
20260909 053307.649 INFO             PET1     ESMX_Driver: InitializeP0 extro {ES}:--- StateLog() start -----------------
20260909 053307.649 INFO             PET1     ESMX_Driver: InitializeP0 extro {ES}:State object is invalid! Not created or deleted!
20260909 053307.649 INFO             PET1     ESMX_Driver: InitializeP0 extro {ES}:--- StateLog() end -------------------
20260909 053307.649 INFO             PET1   ESMX_Driver: InitializeP0 extro.
20260909 053307.649 INFO             PET1   ESMX_Driver: InitializeIPDv02p1 intro.
20260909 053307.649 INFO             PET1     ESMX_Driver: InitializeIPDv02p1 intro {IS}:--- StateLog() start -----------------
20260909 053307.649 INFO             PET1     ESMX_Driver: InitializeIPDv02p1 intro {IS}:State object is invalid! Not created or deleted!
20260909 053307.649 INFO             PET1     ESMX_Driver: InitializeIPDv02p1 intro {IS}:--- StateLog() end -------------------
20260909 053307.649 INFO             PET1     ESMX_Driver: InitializeIPDv02p1 intro {ES}:--- StateLog() start -----------------
20260909 053307.649 INFO             PET1     ESMX_Driver: InitializeIPDv02p1 intro {ES}:State object is invalid! Not created or deleted!
20260909 053307.649 INFO             PET1     ESMX_Driver: InitializeIPDv02p1 intro {ES}:--- StateLog() end -------------------
20260909 053307.649 INFO             PET1     >>>ESMX_Driver: entered Initialize (phase=<none>) without valid internal Clock.
20260909 053307.653 INFO             PET1     ESMX_Driver - Creating model component ABC without petList.
20260909 053307.653 DEBUG            PET1     Generic SetVM() is executing for: ABC
20260909 053307.653 DEBUG            PET1     Generic SetVM() found no NUOPC Hint for: ABC
20260909 053307.653 DEBUG            PET1     Generic SetVM() therefore is NOT calling ESMF_GridCompSetVMMaxPEs() for: ABC
20260909 053307.656 ERROR            PET1 /tmp/cce_20.0.2_mpi_O_develop/esmf/DEFAULTINSTALLDIR/include/ESMX/Comps/ESMX_Data/ESMX_Data.F90:316     Wrong argument specified  - An invalid key was found for output 'export' (maybe a typo?): onDataInit
20260909 053307.656 ERROR            PET1 ABC:/tmp/cce_20.0.2_mpi_O_develop/esmf/DEFAULTINSTALLDIR/include/ESMX/Comps/ESMX_Data/ESMX_Data.F90:200     Wrong argument specified  - Problem ingesting hconfig.
20260909 053307.656 ERROR            PET1 ESMX_Driver:src/addon/NUOPC/src/NUOPC_Driver.F90:4764     Wrong argument specified  - Passing error in return code
20260909 053307.657 ERROR            PET1 src/addon/ESMX/Driver/ESMX_Driver.F90:382     Wrong argument specified  - Unable to add component 'ABC' to driver via Fortran module.
20260909 053307.657 ERROR            PET1 ESMX_Driver:src/addon/NUOPC/src/NUOPC_Driver.F90:799     Wrong argument specified  - Passing error in return code
20260909 053307.657 ERROR            PET1 ESMX_Driver:src/addon/NUOPC/src/NUOPC_Driver.F90:505     Wrong argument specified  - Passing error in return code
20260909 053307.657 ERROR            PET1 src/addon/ESMX/ESMX_App.F90:393     Wrong argument specified  - Passing error in return code
20260909 053307.657 INFO             PET1      Finalizing ESMF with endflag==ESMF_END_ABORT
20260909 053307.630 INFO             PET2 !!!!!!!!!!!!!!!!!!!!!!!!!!!!!!!!!!!!!!!!!!!!!!!!!!!!!!
20260909 053307.630 INFO             PET2 !!! THE ESMF_LOG IS SET TO OUTPUT ALL LOG MESSAGES !!!
20260909 053307.630 INFO             PET2 !!!     THIS MAY CAUSE SLOWDOWN IN PERFORMANCE     !!!
20260909 053307.630 INFO             PET2 !!! FOR PRODUCTION RUNS, USE:                      !!!
20260909 053307.630 INFO             PET2 !!!                   ESMF_LOGKIND_Multi_On_Error  !!!
20260909 053307.630 INFO             PET2 !!!!!!!!!!!!!!!!!!!!!!!!!!!!!!!!!!!!!!!!!!!!!!!!!!!!!!
20260909 053307.630 INFO             PET2 Running with ESMF Version   : develop+g4161bf9d44
20260909 053307.631 INFO             PET2 ESMF library build date/time: "Sep  9 2026" "04:48:53"
20260909 053307.631 INFO             PET2 ESMF library build location : /tmp/cce_20.0.2_mpi_O_develop/esmf
20260909 053307.631 INFO             PET2 ESMF_COMM                   : mpi
20260909 053307.631 INFO             PET2 ESMF_MOAB                   : enabled
20260909 053307.631 INFO             PET2 ESMF_LAPACK                 : enabled
20260909 053307.631 INFO             PET2 ESMF_NETCDF                 : enabled
20260909 053307.631 INFO             PET2 ESMF_PNETCDF                : disabled
20260909 053307.631 INFO             PET2 ESMF_PIO                    : enabled
20260909 053307.631 INFO             PET2 ESMF_YAMLCPP                : enabled
20260909 053307.631 INFO             PET2 ESMF Profiling Enabled
20260909 053307.631 INFO             PET2 ESMF Trace/Profile clock: REALTIME
20260909 053307.635 INFO             PET2 =============================================
20260909 053307.636 INFO             PET2 ESMX (Earth System Model eXecutable) STARTING
20260909 053307.636 INFO             PET2 =============================================
20260909 053307.643 DEBUG            PET2 Generic SetVM() is executing for: ESMX_Driver
20260909 053307.643 DEBUG            PET2 Generic SetVM() found no NUOPC Hint for: ESMX_Driver
20260909 053307.643 DEBUG            PET2 Generic SetVM() therefore is NOT calling ESMF_GridCompSetVMMaxPEs() for: ESMX_Driver
20260909 053307.648 INFO             PET2 ESMX_Driver: InitializeGeneric intro.
20260909 053307.648 INFO             PET2   ESMX_Driver: InitializeGeneric intro {IS}:--- StateLog() start -----------------
20260909 053307.648 INFO             PET2   ESMX_Driver: InitializeGeneric intro {IS}:State object is invalid! Not created or deleted!
20260909 053307.648 INFO             PET2   ESMX_Driver: InitializeGeneric intro {IS}:--- StateLog() end -------------------
20260909 053307.648 INFO             PET2   ESMX_Driver: InitializeGeneric intro {ES}:--- StateLog() start -----------------
20260909 053307.648 INFO             PET2   ESMX_Driver: InitializeGeneric intro {ES}:State object is invalid! Not created or deleted!
20260909 053307.648 INFO             PET2   ESMX_Driver: InitializeGeneric intro {ES}:--- StateLog() end -------------------
20260909 053307.648 INFO             PET2   >>>ESMX_Driver: entered Initialize (phase=<none>) without valid internal Clock.
20260909 053307.648 INFO             PET2   ESMX_Driver: InitializeP0 intro.
20260909 053307.648 INFO             PET2     ESMX_Driver: InitializeP0 intro {IS}:--- StateLog() start -----------------
20260909 053307.648 INFO             PET2     ESMX_Driver: InitializeP0 intro {IS}:State object is invalid! Not created or deleted!
20260909 053307.648 INFO             PET2     ESMX_Driver: InitializeP0 intro {IS}:--- StateLog() end -------------------
20260909 053307.648 INFO             PET2     ESMX_Driver: InitializeP0 intro {ES}:--- StateLog() start -----------------
20260909 053307.648 INFO             PET2     ESMX_Driver: InitializeP0 intro {ES}:State object is invalid! Not created or deleted!
20260909 053307.648 INFO             PET2     ESMX_Driver: InitializeP0 intro {ES}:--- StateLog() end -------------------
20260909 053307.648 INFO             PET2     >>>ESMX_Driver: entered Initialize (phase=<none>) without valid internal Clock.
20260909 053307.649 INFO             PET2     <<<ESMX_Driver: leaving Initialize (phase=<none>) without valid internal Clock.
20260909 053307.649 INFO             PET2     ESMX_Driver: InitializeP0 extro {IS}:--- StateLog() start -----------------
20260909 053307.649 INFO             PET2     ESMX_Driver: InitializeP0 extro {IS}:State object is invalid! Not created or deleted!
20260909 053307.649 INFO             PET2     ESMX_Driver: InitializeP0 extro {IS}:--- StateLog() end -------------------
20260909 053307.649 INFO             PET2     ESMX_Driver: InitializeP0 extro {ES}:--- StateLog() start -----------------
20260909 053307.649 INFO             PET2     ESMX_Driver: InitializeP0 extro {ES}:State object is invalid! Not created or deleted!
20260909 053307.649 INFO             PET2     ESMX_Driver: InitializeP0 extro {ES}:--- StateLog() end -------------------
20260909 053307.649 INFO             PET2   ESMX_Driver: InitializeP0 extro.
20260909 053307.649 INFO             PET2   ESMX_Driver: InitializeIPDv02p1 intro.
20260909 053307.649 INFO             PET2     ESMX_Driver: InitializeIPDv02p1 intro {IS}:--- StateLog() start -----------------
20260909 053307.649 INFO             PET2     ESMX_Driver: InitializeIPDv02p1 intro {IS}:State object is invalid! Not created or deleted!
20260909 053307.649 INFO             PET2     ESMX_Driver: InitializeIPDv02p1 intro {IS}:--- StateLog() end -------------------
20260909 053307.649 INFO             PET2     ESMX_Driver: InitializeIPDv02p1 intro {ES}:--- StateLog() start -----------------
20260909 053307.649 INFO             PET2     ESMX_Driver: InitializeIPDv02p1 intro {ES}:State object is invalid! Not created or deleted!
20260909 053307.649 INFO             PET2     ESMX_Driver: InitializeIPDv02p1 intro {ES}:--- StateLog() end -------------------
20260909 053307.649 INFO             PET2     >>>ESMX_Driver: entered Initialize (phase=<none>) without valid internal Clock.
20260909 053307.653 INFO             PET2     ESMX_Driver - Creating model component ABC without petList.
20260909 053307.653 DEBUG            PET2     Generic SetVM() is executing for: ABC
20260909 053307.653 DEBUG            PET2     Generic SetVM() found no NUOPC Hint for: ABC
20260909 053307.653 DEBUG            PET2     Generic SetVM() therefore is NOT calling ESMF_GridCompSetVMMaxPEs() for: ABC
20260909 053307.656 ERROR            PET2 /tmp/cce_20.0.2_mpi_O_develop/esmf/DEFAULTINSTALLDIR/include/ESMX/Comps/ESMX_Data/ESMX_Data.F90:316     Wrong argument specified  - An invalid key was found for output 'export' (maybe a typo?): onDataInit
20260909 053307.656 ERROR            PET2 ABC:/tmp/cce_20.0.2_mpi_O_develop/esmf/DEFAULTINSTALLDIR/include/ESMX/Comps/ESMX_Data/ESMX_Data.F90:200     Wrong argument specified  - Problem ingesting hconfig.
20260909 053307.656 ERROR            PET2 ESMX_Driver:src/addon/NUOPC/src/NUOPC_Driver.F90:4764     Wrong argument specified  - Passing error in return code
20260909 053307.656 ERROR            PET2 src/addon/ESMX/Driver/ESMX_Driver.F90:382     Wrong argument specified  - Unable to add component 'ABC' to driver via Fortran module.
20260909 053307.657 ERROR            PET2 ESMX_Driver:src/addon/NUOPC/src/NUOPC_Driver.F90:799     Wrong argument specified  - Passing error in return code
20260909 053307.657 ERROR            PET2 ESMX_Driver:src/addon/NUOPC/src/NUOPC_Driver.F90:505     Wrong argument specified  - Passing error in return code
20260909 053307.657 ERROR            PET2 src/addon/ESMX/ESMX_App.F90:393     Wrong argument specified  - Passing error in return code
20260909 053307.657 INFO             PET2      Finalizing ESMF with endflag==ESMF_END_ABORT
20260909 053307.630 INFO             PET3 !!!!!!!!!!!!!!!!!!!!!!!!!!!!!!!!!!!!!!!!!!!!!!!!!!!!!!
20260909 053307.630 INFO             PET3 !!! THE ESMF_LOG IS SET TO OUTPUT ALL LOG MESSAGES !!!
20260909 053307.630 INFO             PET3 !!!     THIS MAY CAUSE SLOWDOWN IN PERFORMANCE     !!!
20260909 053307.630 INFO             PET3 !!! FOR PRODUCTION RUNS, USE:                      !!!
20260909 053307.630 INFO             PET3 !!!                   ESMF_LOGKIND_Multi_On_Error  !!!
20260909 053307.630 INFO             PET3 !!!!!!!!!!!!!!!!!!!!!!!!!!!!!!!!!!!!!!!!!!!!!!!!!!!!!!
20260909 053307.630 INFO             PET3 Running with ESMF Version   : develop+g4161bf9d44
20260909 053307.631 INFO             PET3 ESMF library build date/time: "Sep  9 2026" "04:48:53"
20260909 053307.631 INFO             PET3 ESMF library build location : /tmp/cce_20.0.2_mpi_O_develop/esmf
20260909 053307.631 INFO             PET3 ESMF_COMM                   : mpi
20260909 053307.631 INFO             PET3 ESMF_MOAB                   : enabled
20260909 053307.631 INFO             PET3 ESMF_LAPACK                 : enabled
20260909 053307.631 INFO             PET3 ESMF_NETCDF                 : enabled
20260909 053307.631 INFO             PET3 ESMF_PNETCDF                : disabled
20260909 053307.631 INFO             PET3 ESMF_PIO                    : enabled
20260909 053307.631 INFO             PET3 ESMF_YAMLCPP                : enabled
20260909 053307.631 INFO             PET3 ESMF Profiling Enabled
20260909 053307.631 INFO             PET3 ESMF Trace/Profile clock: REALTIME
20260909 053307.635 INFO             PET3 =============================================
20260909 053307.635 INFO             PET3 ESMX (Earth System Model eXecutable) STARTING
20260909 053307.635 INFO             PET3 =============================================
20260909 053307.642 DEBUG            PET3 Generic SetVM() is executing for: ESMX_Driver
20260909 053307.642 DEBUG            PET3 Generic SetVM() found no NUOPC Hint for: ESMX_Driver
20260909 053307.642 DEBUG            PET3 Generic SetVM() therefore is NOT calling ESMF_GridCompSetVMMaxPEs() for: ESMX_Driver
20260909 053307.647 INFO             PET3 ESMX_Driver: InitializeGeneric intro.
20260909 053307.647 INFO             PET3   ESMX_Driver: InitializeGeneric intro {IS}:--- StateLog() start -----------------
20260909 053307.647 INFO             PET3   ESMX_Driver: InitializeGeneric intro {IS}:State object is invalid! Not created or deleted!
20260909 053307.647 INFO             PET3   ESMX_Driver: InitializeGeneric intro {IS}:--- StateLog() end -------------------
20260909 053307.647 INFO             PET3   ESMX_Driver: InitializeGeneric intro {ES}:--- StateLog() start -----------------
20260909 053307.647 INFO             PET3   ESMX_Driver: InitializeGeneric intro {ES}:State object is invalid! Not created or deleted!
20260909 053307.647 INFO             PET3   ESMX_Driver: InitializeGeneric intro {ES}:--- StateLog() end -------------------
20260909 053307.647 INFO             PET3   >>>ESMX_Driver: entered Initialize (phase=<none>) without valid internal Clock.
20260909 053307.647 INFO             PET3   ESMX_Driver: InitializeP0 intro.
20260909 053307.647 INFO             PET3     ESMX_Driver: InitializeP0 intro {IS}:--- StateLog() start -----------------
20260909 053307.647 INFO             PET3     ESMX_Driver: InitializeP0 intro {IS}:State object is invalid! Not created or deleted!
20260909 053307.647 INFO             PET3     ESMX_Driver: InitializeP0 intro {IS}:--- StateLog() end -------------------
20260909 053307.647 INFO             PET3     ESMX_Driver: InitializeP0 intro {ES}:--- StateLog() start -----------------
20260909 053307.647 INFO             PET3     ESMX_Driver: InitializeP0 intro {ES}:State object is invalid! Not created or deleted!
20260909 053307.647 INFO             PET3     ESMX_Driver: InitializeP0 intro {ES}:--- StateLog() end -------------------
20260909 053307.647 INFO             PET3     >>>ESMX_Driver: entered Initialize (phase=<none>) without valid internal Clock.
20260909 053307.647 INFO             PET3     <<<ESMX_Driver: leaving Initialize (phase=<none>) without valid internal Clock.
20260909 053307.647 INFO             PET3     ESMX_Driver: InitializeP0 extro {IS}:--- StateLog() start -----------------
20260909 053307.647 INFO             PET3     ESMX_Driver: InitializeP0 extro {IS}:State object is invalid! Not created or deleted!
20260909 053307.647 INFO             PET3     ESMX_Driver: InitializeP0 extro {IS}:--- StateLog() end -------------------
20260909 053307.647 INFO             PET3     ESMX_Driver: InitializeP0 extro {ES}:--- StateLog() start -----------------
20260909 053307.647 INFO             PET3     ESMX_Driver: InitializeP0 extro {ES}:State object is invalid! Not created or deleted!
20260909 053307.647 INFO             PET3     ESMX_Driver: InitializeP0 extro {ES}:--- StateLog() end -------------------
20260909 053307.647 INFO             PET3   ESMX_Driver: InitializeP0 extro.
20260909 053307.648 INFO             PET3   ESMX_Driver: InitializeIPDv02p1 intro.
20260909 053307.648 INFO             PET3     ESMX_Driver: InitializeIPDv02p1 intro {IS}:--- StateLog() start -----------------
20260909 053307.648 INFO             PET3     ESMX_Driver: InitializeIPDv02p1 intro {IS}:State object is invalid! Not created or deleted!
20260909 053307.648 INFO             PET3     ESMX_Driver: InitializeIPDv02p1 intro {IS}:--- StateLog() end -------------------
20260909 053307.648 INFO             PET3     ESMX_Driver: InitializeIPDv02p1 intro {ES}:--- StateLog() start -----------------
20260909 053307.648 INFO             PET3     ESMX_Driver: InitializeIPDv02p1 intro {ES}:State object is invalid! Not created or deleted!
20260909 053307.648 INFO             PET3     ESMX_Driver: InitializeIPDv02p1 intro {ES}:--- StateLog() end -------------------
20260909 053307.648 INFO             PET3     >>>ESMX_Driver: entered Initialize (phase=<none>) without valid internal Clock.
20260909 053307.653 INFO             PET3     ESMX_Driver - Creating model component ABC without petList.
20260909 053307.653 DEBUG            PET3     Generic SetVM() is executing for: ABC
20260909 053307.653 DEBUG            PET3     Generic SetVM() found no NUOPC Hint for: ABC
20260909 053307.653 DEBUG            PET3     Generic SetVM() therefore is NOT calling ESMF_GridCompSetVMMaxPEs() for: ABC
20260909 053307.655 ERROR            PET3 /tmp/cce_20.0.2_mpi_O_develop/esmf/DEFAULTINSTALLDIR/include/ESMX/Comps/ESMX_Data/ESMX_Data.F90:316     Wrong argument specified  - An invalid key was found for output 'export' (maybe a typo?): onDataInit
20260909 053307.655 ERROR            PET3 ABC:/tmp/cce_20.0.2_mpi_O_develop/esmf/DEFAULTINSTALLDIR/include/ESMX/Comps/ESMX_Data/ESMX_Data.F90:200     Wrong argument specified  - Problem ingesting hconfig.
20260909 053307.655 ERROR            PET3 ESMX_Driver:src/addon/NUOPC/src/NUOPC_Driver.F90:4764     Wrong argument specified  - Passing error in return code
20260909 053307.655 ERROR            PET3 src/addon/ESMX/Driver/ESMX_Driver.F90:382     Wrong argument specified  - Unable to add component 'ABC' to driver via Fortran module.
20260909 053307.655 ERROR            PET3 ESMX_Driver:src/addon/NUOPC/src/NUOPC_Driver.F90:799     Wrong argument specified  - Passing error in return code
20260909 053307.655 ERROR            PET3 ESMX_Driver:src/addon/NUOPC/src/NUOPC_Driver.F90:505     Wrong argument specified  - Passing error in return code
20260909 053307.655 ERROR            PET3 src/addon/ESMX/ESMX_App.F90:393     Wrong argument specified  - Passing error in return code
20260909 053307.655 INFO             PET3      Finalizing ESMF with endflag==ESMF_END_ABORT
