2026-09-18 04:41:40
20260918 052714.249 INFO             PET0 !!!!!!!!!!!!!!!!!!!!!!!!!!!!!!!!!!!!!!!!!!!!!!!!!!!!!!
20260918 052714.249 INFO             PET0 !!! THE ESMF_LOG IS SET TO OUTPUT ALL LOG MESSAGES !!!
20260918 052714.249 INFO             PET0 !!!     THIS MAY CAUSE SLOWDOWN IN PERFORMANCE     !!!
20260918 052714.249 INFO             PET0 !!! FOR PRODUCTION RUNS, USE:                      !!!
20260918 052714.249 INFO             PET0 !!!                   ESMF_LOGKIND_Multi_On_Error  !!!
20260918 052714.249 INFO             PET0 !!!!!!!!!!!!!!!!!!!!!!!!!!!!!!!!!!!!!!!!!!!!!!!!!!!!!!
20260918 052714.249 INFO             PET0 Running with ESMF Version   : develop+gb6b90e9e0c
20260918 052714.249 INFO             PET0 ESMF library build date/time: "Sep 18 2026" "04:39:48"
20260918 052714.249 INFO             PET0 ESMF library build location : /tmp/cce_20.0.2_mpi_O_develop/esmf
20260918 052714.249 INFO             PET0 ESMF_COMM                   : mpi
20260918 052714.249 INFO             PET0 ESMF_MOAB                   : enabled
20260918 052714.249 INFO             PET0 ESMF_LAPACK                 : enabled
20260918 052714.249 INFO             PET0 ESMF_NETCDF                 : enabled
20260918 052714.249 INFO             PET0 ESMF_PNETCDF                : disabled
20260918 052714.249 INFO             PET0 ESMF_PIO                    : enabled
20260918 052714.249 INFO             PET0 ESMF_YAMLCPP                : enabled
20260918 052714.254 INFO             PET0 =============================================
20260918 052714.254 INFO             PET0 ESMX (Earth System Model eXecutable) STARTING
20260918 052714.254 INFO             PET0 =============================================
20260918 052714.260 DEBUG            PET0 Generic SetVM() is executing for: ESMX_Driver
20260918 052714.260 DEBUG            PET0 Generic SetVM() found no NUOPC Hint for: ESMX_Driver
20260918 052714.260 DEBUG            PET0 Generic SetVM() therefore is NOT calling ESMF_GridCompSetVMMaxPEs() for: ESMX_Driver
20260918 052714.263 INFO             PET0 ESMX_Driver: InitializeGeneric intro.
20260918 052714.263 INFO             PET0   >>>ESMX_Driver: entered Initialize (phase=<none>) without valid internal Clock.
20260918 052714.264 INFO             PET0   ESMX_Driver: InitializeP0 intro.
20260918 052714.264 INFO             PET0     >>>ESMX_Driver: entered Initialize (phase=<none>) without valid internal Clock.
20260918 052714.264 INFO             PET0     <<<ESMX_Driver: leaving Initialize (phase=<none>) without valid internal Clock.
20260918 052714.264 INFO             PET0   ESMX_Driver: InitializeP0 extro.
20260918 052714.264 INFO             PET0   ESMX_Driver: InitializeIPDv02p1 intro.
20260918 052714.264 INFO             PET0     >>>ESMX_Driver: entered Initialize (phase=<none>) without valid internal Clock.
20260918 052714.268 INFO             PET0     ESMX_Driver - Creating model component ATM with petList of size 4 :
20260918 052714.268 INFO             PET0           3      2      1      0
20260918 052714.268 DEBUG            PET0     Generic SetVM() is executing for: ATM
20260918 052714.269 DEBUG            PET0     Generic SetVM() is calling ESMF_GridCompSetVMMaxPEs() for: ATM with:
20260918 052714.269 DEBUG            PET0      -             MaxCount =          4
20260918 052714.269 DEBUG            PET0      -       OpenMpHandling =
20260918 052714.269 DEBUG            PET0      -     OpenMpNumThreads =         -1
20260918 052714.269 DEBUG            PET0      -   ForceChildPthreads =          F
20260918 052714.269 DEBUG            PET0      -  PthreadMinStackSize =         -1
20260918 052714.269 DEBUG            PET0     vmkt_create()#229 Pthread: service=1 (0: actual PET, 1: service thread) - PTHREAD_STACK_MIN: 16384 bytes stack_size: 4194304 bytes
20260918 052714.269 DEBUG            PET0     vmkt_create()#229 Pthread: service=1 (0: actual PET, 1: service thread) - PTHREAD_STACK_MIN: 16384 bytes stack_size: 4194304 bytes
20260918 052714.249 INFO             PET1 !!!!!!!!!!!!!!!!!!!!!!!!!!!!!!!!!!!!!!!!!!!!!!!!!!!!!!
20260918 052714.249 INFO             PET1 !!! THE ESMF_LOG IS SET TO OUTPUT ALL LOG MESSAGES !!!
20260918 052714.249 INFO             PET1 !!!     THIS MAY CAUSE SLOWDOWN IN PERFORMANCE     !!!
20260918 052714.249 INFO             PET1 !!! FOR PRODUCTION RUNS, USE:                      !!!
20260918 052714.249 INFO             PET1 !!!                   ESMF_LOGKIND_Multi_On_Error  !!!
20260918 052714.249 INFO             PET1 !!!!!!!!!!!!!!!!!!!!!!!!!!!!!!!!!!!!!!!!!!!!!!!!!!!!!!
20260918 052714.249 INFO             PET1 Running with ESMF Version   : develop+gb6b90e9e0c
20260918 052714.249 INFO             PET1 ESMF library build date/time: "Sep 18 2026" "04:39:48"
20260918 052714.249 INFO             PET1 ESMF library build location : /tmp/cce_20.0.2_mpi_O_develop/esmf
20260918 052714.249 INFO             PET1 ESMF_COMM                   : mpi
20260918 052714.249 INFO             PET1 ESMF_MOAB                   : enabled
20260918 052714.249 INFO             PET1 ESMF_LAPACK                 : enabled
20260918 052714.249 INFO             PET1 ESMF_NETCDF                 : enabled
20260918 052714.249 INFO             PET1 ESMF_PNETCDF                : disabled
20260918 052714.249 INFO             PET1 ESMF_PIO                    : enabled
20260918 052714.249 INFO             PET1 ESMF_YAMLCPP                : enabled
20260918 052714.254 INFO             PET1 =============================================
20260918 052714.254 INFO             PET1 ESMX (Earth System Model eXecutable) STARTING
20260918 052714.254 INFO             PET1 =============================================
20260918 052714.260 DEBUG            PET1 Generic SetVM() is executing for: ESMX_Driver
20260918 052714.261 DEBUG            PET1 Generic SetVM() found no NUOPC Hint for: ESMX_Driver
20260918 052714.261 DEBUG            PET1 Generic SetVM() therefore is NOT calling ESMF_GridCompSetVMMaxPEs() for: ESMX_Driver
20260918 052714.264 INFO             PET1 ESMX_Driver: InitializeGeneric intro.
20260918 052714.265 INFO             PET1   >>>ESMX_Driver: entered Initialize (phase=<none>) without valid internal Clock.
20260918 052714.265 INFO             PET1   ESMX_Driver: InitializeP0 intro.
20260918 052714.265 INFO             PET1     >>>ESMX_Driver: entered Initialize (phase=<none>) without valid internal Clock.
20260918 052714.265 INFO             PET1     <<<ESMX_Driver: leaving Initialize (phase=<none>) without valid internal Clock.
20260918 052714.265 INFO             PET1   ESMX_Driver: InitializeP0 extro.
20260918 052714.265 INFO             PET1   ESMX_Driver: InitializeIPDv02p1 intro.
20260918 052714.265 INFO             PET1     >>>ESMX_Driver: entered Initialize (phase=<none>) without valid internal Clock.
20260918 052714.268 INFO             PET1     ESMX_Driver - Creating model component ATM with petList of size 4 :
20260918 052714.268 INFO             PET1           3      2      1      0
20260918 052714.268 DEBUG            PET1     Generic SetVM() is executing for: ATM
20260918 052714.269 DEBUG            PET1     Generic SetVM() is calling ESMF_GridCompSetVMMaxPEs() for: ATM with:
20260918 052714.269 DEBUG            PET1      -             MaxCount =          4
20260918 052714.269 DEBUG            PET1      -       OpenMpHandling =
20260918 052714.269 DEBUG            PET1      -     OpenMpNumThreads =         -1
20260918 052714.269 DEBUG            PET1      -   ForceChildPthreads =          F
20260918 052714.269 DEBUG            PET1      -  PthreadMinStackSize =         -1
20260918 052714.269 DEBUG            PET1     vmkt_create()#229 Pthread: service=1 (0: actual PET, 1: service thread) - PTHREAD_STACK_MIN: 16384 bytes stack_size: 4194304 bytes
20260918 052714.269 DEBUG            PET1     vmkt_create()#229 Pthread: service=1 (0: actual PET, 1: service thread) - PTHREAD_STACK_MIN: 16384 bytes stack_size: 4194304 bytes
20260918 052714.253 INFO             PET2 !!!!!!!!!!!!!!!!!!!!!!!!!!!!!!!!!!!!!!!!!!!!!!!!!!!!!!
20260918 052714.253 INFO             PET2 !!! THE ESMF_LOG IS SET TO OUTPUT ALL LOG MESSAGES !!!
20260918 052714.253 INFO             PET2 !!!     THIS MAY CAUSE SLOWDOWN IN PERFORMANCE     !!!
20260918 052714.253 INFO             PET2 !!! FOR PRODUCTION RUNS, USE:                      !!!
20260918 052714.253 INFO             PET2 !!!                   ESMF_LOGKIND_Multi_On_Error  !!!
20260918 052714.253 INFO             PET2 !!!!!!!!!!!!!!!!!!!!!!!!!!!!!!!!!!!!!!!!!!!!!!!!!!!!!!
20260918 052714.253 INFO             PET2 Running with ESMF Version   : develop+gb6b90e9e0c
20260918 052714.253 INFO             PET2 ESMF library build date/time: "Sep 18 2026" "04:39:48"
20260918 052714.253 INFO             PET2 ESMF library build location : /tmp/cce_20.0.2_mpi_O_develop/esmf
20260918 052714.253 INFO             PET2 ESMF_COMM                   : mpi
20260918 052714.253 INFO             PET2 ESMF_MOAB                   : enabled
20260918 052714.253 INFO             PET2 ESMF_LAPACK                 : enabled
20260918 052714.253 INFO             PET2 ESMF_NETCDF                 : enabled
20260918 052714.253 INFO             PET2 ESMF_PNETCDF                : disabled
20260918 052714.253 INFO             PET2 ESMF_PIO                    : enabled
20260918 052714.253 INFO             PET2 ESMF_YAMLCPP                : enabled
20260918 052714.254 INFO             PET2 =============================================
20260918 052714.254 INFO             PET2 ESMX (Earth System Model eXecutable) STARTING
20260918 052714.254 INFO             PET2 =============================================
20260918 052714.260 DEBUG            PET2 Generic SetVM() is executing for: ESMX_Driver
20260918 052714.261 DEBUG            PET2 Generic SetVM() found no NUOPC Hint for: ESMX_Driver
20260918 052714.261 DEBUG            PET2 Generic SetVM() therefore is NOT calling ESMF_GridCompSetVMMaxPEs() for: ESMX_Driver
20260918 052714.264 INFO             PET2 ESMX_Driver: InitializeGeneric intro.
20260918 052714.264 INFO             PET2   >>>ESMX_Driver: entered Initialize (phase=<none>) without valid internal Clock.
20260918 052714.265 INFO             PET2   ESMX_Driver: InitializeP0 intro.
20260918 052714.265 INFO             PET2     >>>ESMX_Driver: entered Initialize (phase=<none>) without valid internal Clock.
20260918 052714.265 INFO             PET2     <<<ESMX_Driver: leaving Initialize (phase=<none>) without valid internal Clock.
20260918 052714.265 INFO             PET2   ESMX_Driver: InitializeP0 extro.
20260918 052714.265 INFO             PET2   ESMX_Driver: InitializeIPDv02p1 intro.
20260918 052714.265 INFO             PET2     >>>ESMX_Driver: entered Initialize (phase=<none>) without valid internal Clock.
20260918 052714.268 INFO             PET2     ESMX_Driver - Creating model component ATM with petList of size 4 :
20260918 052714.268 INFO             PET2           3      2      1      0
20260918 052714.268 DEBUG            PET2     Generic SetVM() is executing for: ATM
20260918 052714.269 DEBUG            PET2     Generic SetVM() is calling ESMF_GridCompSetVMMaxPEs() for: ATM with:
20260918 052714.269 DEBUG            PET2      -             MaxCount =          4
20260918 052714.269 DEBUG            PET2      -       OpenMpHandling =
20260918 052714.269 DEBUG            PET2      -     OpenMpNumThreads =         -1
20260918 052714.269 DEBUG            PET2      -   ForceChildPthreads =          F
20260918 052714.269 DEBUG            PET2      -  PthreadMinStackSize =         -1
20260918 052714.269 DEBUG            PET2     vmkt_create()#229 Pthread: service=1 (0: actual PET, 1: service thread) - PTHREAD_STACK_MIN: 16384 bytes stack_size: 4194304 bytes
20260918 052714.269 DEBUG            PET2     vmkt_create()#229 Pthread: service=1 (0: actual PET, 1: service thread) - PTHREAD_STACK_MIN: 16384 bytes stack_size: 4194304 bytes
20260918 052714.249 INFO             PET3 !!!!!!!!!!!!!!!!!!!!!!!!!!!!!!!!!!!!!!!!!!!!!!!!!!!!!!
20260918 052714.249 INFO             PET3 !!! THE ESMF_LOG IS SET TO OUTPUT ALL LOG MESSAGES !!!
20260918 052714.249 INFO             PET3 !!!     THIS MAY CAUSE SLOWDOWN IN PERFORMANCE     !!!
20260918 052714.249 INFO             PET3 !!! FOR PRODUCTION RUNS, USE:                      !!!
20260918 052714.249 INFO             PET3 !!!                   ESMF_LOGKIND_Multi_On_Error  !!!
20260918 052714.249 INFO             PET3 !!!!!!!!!!!!!!!!!!!!!!!!!!!!!!!!!!!!!!!!!!!!!!!!!!!!!!
20260918 052714.249 INFO             PET3 Running with ESMF Version   : develop+gb6b90e9e0c
20260918 052714.249 INFO             PET3 ESMF library build date/time: "Sep 18 2026" "04:39:48"
20260918 052714.249 INFO             PET3 ESMF library build location : /tmp/cce_20.0.2_mpi_O_develop/esmf
20260918 052714.249 INFO             PET3 ESMF_COMM                   : mpi
20260918 052714.249 INFO             PET3 ESMF_MOAB                   : enabled
20260918 052714.249 INFO             PET3 ESMF_LAPACK                 : enabled
20260918 052714.249 INFO             PET3 ESMF_NETCDF                 : enabled
20260918 052714.249 INFO             PET3 ESMF_PNETCDF                : disabled
20260918 052714.249 INFO             PET3 ESMF_PIO                    : enabled
20260918 052714.249 INFO             PET3 ESMF_YAMLCPP                : enabled
20260918 052714.254 INFO             PET3 =============================================
20260918 052714.254 INFO             PET3 ESMX (Earth System Model eXecutable) STARTING
20260918 052714.254 INFO             PET3 =============================================
20260918 052714.260 DEBUG            PET3 Generic SetVM() is executing for: ESMX_Driver
20260918 052714.260 DEBUG            PET3 Generic SetVM() found no NUOPC Hint for: ESMX_Driver
20260918 052714.260 DEBUG            PET3 Generic SetVM() therefore is NOT calling ESMF_GridCompSetVMMaxPEs() for: ESMX_Driver
20260918 052714.263 INFO             PET3 ESMX_Driver: InitializeGeneric intro.
20260918 052714.263 INFO             PET3   >>>ESMX_Driver: entered Initialize (phase=<none>) without valid internal Clock.
20260918 052714.264 INFO             PET3   ESMX_Driver: InitializeP0 intro.
20260918 052714.264 INFO             PET3     >>>ESMX_Driver: entered Initialize (phase=<none>) without valid internal Clock.
20260918 052714.264 INFO             PET3     <<<ESMX_Driver: leaving Initialize (phase=<none>) without valid internal Clock.
20260918 052714.264 INFO             PET3   ESMX_Driver: InitializeP0 extro.
20260918 052714.264 INFO             PET3   ESMX_Driver: InitializeIPDv02p1 intro.
20260918 052714.264 INFO             PET3     >>>ESMX_Driver: entered Initialize (phase=<none>) without valid internal Clock.
20260918 052714.268 INFO             PET3     ESMX_Driver - Creating model component ATM with petList of size 4 :
20260918 052714.268 INFO             PET3           3      2      1      0
20260918 052714.268 DEBUG            PET3     Generic SetVM() is executing for: ATM
20260918 052714.269 DEBUG            PET3     Generic SetVM() is calling ESMF_GridCompSetVMMaxPEs() for: ATM with:
20260918 052714.269 DEBUG            PET3      -             MaxCount =          4
20260918 052714.269 DEBUG            PET3      -       OpenMpHandling =
20260918 052714.269 DEBUG            PET3      -     OpenMpNumThreads =         -1
20260918 052714.269 DEBUG            PET3      -   ForceChildPthreads =          F
20260918 052714.269 DEBUG            PET3      -  PthreadMinStackSize =         -1
20260918 052714.343 ERROR            PET3 /tmp/cce_20.0.2_mpi_O_develop/esmf/DEFAULTINSTALLDIR/include/ESMX/Comps/ESMX_Data/ESMX_Data.F90:316     Wrong argument specified  - An invalid key was found for output 'import' (maybe a typo?): onDataInit
20260918 052714.343 ERROR            PET3 ATM:/tmp/cce_20.0.2_mpi_O_develop/esmf/DEFAULTINSTALLDIR/include/ESMX/Comps/ESMX_Data/ESMX_Data.F90:200     Wrong argument specified  - Problem ingesting hconfig.
20260918 052714.360 ERROR            PET3 ESMX_Driver:src/addon/NUOPC/src/NUOPC_Driver.F90:4764     Wrong argument specified  - Passing error in return code
20260918 052714.361 ERROR            PET3 src/addon/ESMX/Driver/ESMX_Driver.F90:382     Wrong argument specified  - Unable to add component 'ATM' to driver via Fortran module.
20260918 052714.361 ERROR            PET3 ESMX_Driver:src/addon/NUOPC/src/NUOPC_Driver.F90:799     Wrong argument specified  - Passing error in return code
20260918 052714.361 ERROR            PET3 ESMX_Driver:src/addon/NUOPC/src/NUOPC_Driver.F90:505     Wrong argument specified  - Passing error in return code
20260918 052714.361 ERROR            PET3 src/addon/ESMX/ESMX_App.F90:393     Wrong argument specified  - Passing error in return code
20260918 052714.361 INFO             PET3      Finalizing ESMF with endflag==ESMF_END_ABORT
