2026-09-22 09:29:48
20260922 102957.547 INFO             PET0 !!!!!!!!!!!!!!!!!!!!!!!!!!!!!!!!!!!!!!!!!!!!!!!!!!!!!!
20260922 102957.549 INFO             PET0 !!! THE ESMF_LOG IS SET TO OUTPUT ALL LOG MESSAGES !!!
20260922 102957.549 INFO             PET0 !!!     THIS MAY CAUSE SLOWDOWN IN PERFORMANCE     !!!
20260922 102957.549 INFO             PET0 !!! FOR PRODUCTION RUNS, USE:                      !!!
20260922 102957.549 INFO             PET0 !!!                   ESMF_LOGKIND_Multi_On_Error  !!!
20260922 102957.549 INFO             PET0 !!!!!!!!!!!!!!!!!!!!!!!!!!!!!!!!!!!!!!!!!!!!!!!!!!!!!!
20260922 102957.549 INFO             PET0 Running with ESMF Version   : v9.0.0b19
20260922 102957.549 INFO             PET0 ESMF library build date/time: "Sep 22 2026" "09:23:01"
20260922 102957.549 INFO             PET0 ESMF library build location : /usr/local/esmf/esmf-testing/gfortranclang_14.2.0_17.0.0_openmpi_O_develop/esmf
20260922 102957.549 INFO             PET0 ESMF_COMM                   : openmpi
20260922 102957.549 INFO             PET0 ESMF_MOAB                   : enabled
20260922 102957.549 INFO             PET0 ESMF_LAPACK                 : enabled
20260922 102957.549 INFO             PET0 ESMF_NETCDF                 : enabled
20260922 102957.549 INFO             PET0 ESMF_PNETCDF                : disabled
20260922 102957.549 INFO             PET0 ESMF_PIO                    : enabled
20260922 102957.549 INFO             PET0 ESMF_YAMLCPP                : enabled
20260922 102957.550 INFO             PET0 =============================================
20260922 102957.550 INFO             PET0 ESMX (Earth System Model eXecutable) STARTING
20260922 102957.550 INFO             PET0 =============================================
20260922 102957.553 DEBUG            PET0 Generic SetVM() is executing for: ESMX_Driver
20260922 102957.555 DEBUG            PET0 Generic SetVM() found no NUOPC Hint for: ESMX_Driver
20260922 102957.555 DEBUG            PET0 Generic SetVM() therefore is NOT calling ESMF_GridCompSetVMMaxPEs() for: ESMX_Driver
20260922 102957.559 INFO             PET0 ESMX_Driver: InitializeGeneric intro.
20260922 102957.559 INFO             PET0   >>>ESMX_Driver: entered Initialize (phase=<none>) without valid internal Clock.
20260922 102957.559 INFO             PET0   ESMX_Driver: InitializeP0 intro.
20260922 102957.559 INFO             PET0     >>>ESMX_Driver: entered Initialize (phase=<none>) without valid internal Clock.
20260922 102957.559 INFO             PET0     <<<ESMX_Driver: leaving Initialize (phase=<none>) without valid internal Clock.
20260922 102957.559 INFO             PET0   ESMX_Driver: InitializeP0 extro.
20260922 102957.559 INFO             PET0   ESMX_Driver: InitializeIPDv02p1 intro.
20260922 102957.559 INFO             PET0     >>>ESMX_Driver: entered Initialize (phase=<none>) without valid internal Clock.
20260922 102957.560 INFO             PET0     ESMX_Driver - Creating model component MDL without petList.
20260922 102957.725 DEBUG            PET0     Generic SetVM() is executing for: MDL
20260922 102957.725 DEBUG            PET0     Generic SetVM() found no NUOPC Hint for: MDL
20260922 102957.725 DEBUG            PET0     Generic SetVM() therefore is NOT calling ESMF_GridCompSetVMMaxPEs() for: MDL
20260922 102957.741 INFO             PET0     ESMX_Driver: IInitAdvertise intro.
20260922 102957.741 INFO             PET0       >>>ESMX_Driver: entered Initialize (phase=<none>) with current time: 2012 10 24 18  0  0   0
20260922 102957.741 INFO             PET0       <<<ESMX_Driver: leaving Initialize (phase=<none>) with current time: 2012 10 24 18  0  0   0
20260922 102957.741 INFO             PET0     ESMX_Driver: IInitAdvertise extro.
20260922 102957.741 INFO             PET0     Message from inside C component Advertise() method
20260922 102957.742 INFO             PET0     ESMX_Driver: IInitAdvertiseFinish intro.
20260922 102957.742 INFO             PET0       >>>ESMX_Driver: entered Initialize (phase=<none>) with current time: 2012 10 24 18  0  0   0
20260922 102957.742 INFO             PET0       <<<ESMX_Driver: leaving Initialize (phase=<none>) with current time: 2012 10 24 18  0  0   0
20260922 102957.742 INFO             PET0     ESMX_Driver: IInitAdvertiseFinish extro.
20260922 102957.742 INFO             PET0     ESMX_Driver: IInitModifyCplLists intro.
20260922 102957.742 INFO             PET0       >>>ESMX_Driver: entered Initialize (phase=<none>) with current time: 2012 10 24 18  0  0   0
20260922 102957.742 INFO             PET0       <<<ESMX_Driver: leaving Initialize (phase=<none>) with current time: 2012 10 24 18  0  0   0
20260922 102957.742 INFO             PET0     ESMX_Driver: IInitModifyCplLists extro.
20260922 102957.742 INFO             PET0     <<<ESMX_Driver: leaving Initialize (phase=<none>) with current time: 2012 10 24 18  0  0   0
20260922 102957.742 INFO             PET0   ESMX_Driver: InitializeIPDv02p1 extro.
20260922 102957.742 INFO             PET0   ESMX_Driver: InitializeIPDv02p3 intro.
20260922 102957.742 INFO             PET0     >>>ESMX_Driver: entered Initialize (phase=<none>) with current time: 2012 10 24 18  0  0   0
20260922 102957.742 INFO             PET0     ESMX_Driver: IInitCheck intro.
20260922 102957.742 INFO             PET0       >>>ESMX_Driver: entered Initialize (phase=<none>) with current time: 2012 10 24 18  0  0   0
20260922 102957.742 INFO             PET0       <<<ESMX_Driver: leaving Initialize (phase=<none>) with current time: 2012 10 24 18  0  0   0
20260922 102957.742 INFO             PET0     ESMX_Driver: IInitCheck extro.
20260922 102957.742 INFO             PET0     ESMX_Driver: IInitRealize intro.
20260922 102957.742 INFO             PET0       >>>ESMX_Driver: entered Initialize (phase=<none>) with current time: 2012 10 24 18  0  0   0
20260922 102957.742 INFO             PET0       <<<ESMX_Driver: leaving Initialize (phase=<none>) with current time: 2012 10 24 18  0  0   0
20260922 102957.742 INFO             PET0     ESMX_Driver: IInitRealize extro.
20260922 102957.743 INFO             PET0     <<<ESMX_Driver: leaving Initialize (phase=<none>) with current time: 2012 10 24 18  0  0   0
20260922 102957.743 INFO             PET0   ESMX_Driver: InitializeIPDv02p3 extro.
20260922 102957.743 INFO             PET0   ESMX_Driver: InitializeIPDv02p5 intro.
20260922 102957.743 INFO             PET0     >>>ESMX_Driver: entered Initialize (phase=<none>) with current time: 2012 10 24 18  0  0   0
20260922 102957.743 INFO             PET0     ESMX_Driver: InitializeIPDv02p5Data intro.
20260922 102957.743 INFO             PET0       >>>ESMX_Driver: entered Initialize (phase=<none>) with current time: 2012 10 24 18  0  0   0
20260922 102957.743 INFO             PET0       ESMX_Driver: InternalInitializeComplete intro.
20260922 102957.743 INFO             PET0         >>>ESMX_Driver: entered Initialize (phase=<none>) with current time: 2012 10 24 18  0  0   0
20260922 102957.743 INFO             PET0         <<<ESMX_Driver: leaving Initialize (phase=<none>) with current time: 2012 10 24 18  0  0   0
20260922 102957.743 INFO             PET0       ESMX_Driver: InternalInitializeComplete extro.
20260922 102957.743 INFO             PET0       ESMX_Driver: loopDataDependentInitialize intro.
20260922 102957.744 INFO             PET0         >>>ESMX_Driver: entered Initialize (phase=<none>) with current time: 2012 10 24 18  0  0   0
20260922 102957.744 INFO             PET0         <<<ESMX_Driver: leaving Initialize (phase=<none>) with current time: 2012 10 24 18  0  0   0
20260922 102957.744 INFO             PET0       ESMX_Driver: loopDataDependentInitialize extro.
20260922 102957.744 INFO             PET0       <<<ESMX_Driver: leaving Initialize (phase=<none>) with current time: 2012 10 24 18  0  0   0
20260922 102957.744 INFO             PET0     ESMX_Driver: InitializeIPDv02p5Data extro.
20260922 102957.744 INFO             PET0     <<<ESMX_Driver: leaving Initialize (phase=<none>) with current time: 2012 10 24 18  0  0   0
20260922 102957.744 INFO             PET0   ESMX_Driver: InitializeIPDv02p5 extro.
20260922 102957.744 INFO             PET0   <<<ESMX_Driver: leaving Initialize (phase=<none>) with current time: 2012 10 24 18  0  0   0
20260922 102957.744 INFO             PET0 ESMX_Driver: InitializeGeneric extro.
20260922 102957.744 INFO             PET0 ESMX_Driver: Run intro.
20260922 102957.744 INFO             PET0   >>>ESMX_Driver: entered Run (phase=RunPhase1) with current time: 2012 10 24 18  0  0   0
20260922 102957.744 INFO             PET0   Message from inside C component Advance() method
20260922 102957.744 INFO             PET0   <<<ESMX_Driver: leaving Run (phase=RunPhase1) with current time: 2012 10 24 19  0  0   0
20260922 102957.744 INFO             PET0 ESMX_Driver: Run extro.
20260922 102957.744 INFO             PET0 ESMX_Driver: Finalize intro.
20260922 102957.744 INFO             PET0   >>>ESMX_Driver: entered Finalize (phase=FinalizePhase1) with current time: 2012 10 24 19  0  0   0
20260922 102957.744 INFO             PET0   Calling Finalize phase 1 for modelComp: MDL
20260922 102957.744 INFO             PET0   Delete modelComp: MDL
20260922 102957.744 INFO             PET0   <<<ESMX_Driver: leaving Finalize (phase=FinalizePhase1) with current time: 2012 10 24 19  0  0   0
20260922 102957.744 INFO             PET0 ESMX_Driver: Finalize extro.
20260922 102957.744 INFO             PET0 =============================================
20260922 102957.744 INFO             PET0 ESMX (Earth System Model eXecutable) FINISHED
20260922 102957.744 INFO             PET0 =============================================
20260922 102957.744 INFO             PET0  Finalizing ESMF
20260922 102957.547 INFO             PET1 !!!!!!!!!!!!!!!!!!!!!!!!!!!!!!!!!!!!!!!!!!!!!!!!!!!!!!
20260922 102957.548 INFO             PET1 !!! THE ESMF_LOG IS SET TO OUTPUT ALL LOG MESSAGES !!!
20260922 102957.548 INFO             PET1 !!!     THIS MAY CAUSE SLOWDOWN IN PERFORMANCE     !!!
20260922 102957.548 INFO             PET1 !!! FOR PRODUCTION RUNS, USE:                      !!!
20260922 102957.548 INFO             PET1 !!!                   ESMF_LOGKIND_Multi_On_Error  !!!
20260922 102957.548 INFO             PET1 !!!!!!!!!!!!!!!!!!!!!!!!!!!!!!!!!!!!!!!!!!!!!!!!!!!!!!
20260922 102957.548 INFO             PET1 Running with ESMF Version   : v9.0.0b19
20260922 102957.548 INFO             PET1 ESMF library build date/time: "Sep 22 2026" "09:23:01"
20260922 102957.548 INFO             PET1 ESMF library build location : /usr/local/esmf/esmf-testing/gfortranclang_14.2.0_17.0.0_openmpi_O_develop/esmf
20260922 102957.548 INFO             PET1 ESMF_COMM                   : openmpi
20260922 102957.548 INFO             PET1 ESMF_MOAB                   : enabled
20260922 102957.548 INFO             PET1 ESMF_LAPACK                 : enabled
20260922 102957.548 INFO             PET1 ESMF_NETCDF                 : enabled
20260922 102957.548 INFO             PET1 ESMF_PNETCDF                : disabled
20260922 102957.548 INFO             PET1 ESMF_PIO                    : enabled
20260922 102957.548 INFO             PET1 ESMF_YAMLCPP                : enabled
20260922 102957.550 INFO             PET1 =============================================
20260922 102957.550 INFO             PET1 ESMX (Earth System Model eXecutable) STARTING
20260922 102957.550 INFO             PET1 =============================================
20260922 102957.553 DEBUG            PET1 Generic SetVM() is executing for: ESMX_Driver
20260922 102957.555 DEBUG            PET1 Generic SetVM() found no NUOPC Hint for: ESMX_Driver
20260922 102957.555 DEBUG            PET1 Generic SetVM() therefore is NOT calling ESMF_GridCompSetVMMaxPEs() for: ESMX_Driver
20260922 102957.559 INFO             PET1 ESMX_Driver: InitializeGeneric intro.
20260922 102957.559 INFO             PET1   >>>ESMX_Driver: entered Initialize (phase=<none>) without valid internal Clock.
20260922 102957.559 INFO             PET1   ESMX_Driver: InitializeP0 intro.
20260922 102957.559 INFO             PET1     >>>ESMX_Driver: entered Initialize (phase=<none>) without valid internal Clock.
20260922 102957.559 INFO             PET1     <<<ESMX_Driver: leaving Initialize (phase=<none>) without valid internal Clock.
20260922 102957.559 INFO             PET1   ESMX_Driver: InitializeP0 extro.
20260922 102957.559 INFO             PET1   ESMX_Driver: InitializeIPDv02p1 intro.
20260922 102957.559 INFO             PET1     >>>ESMX_Driver: entered Initialize (phase=<none>) without valid internal Clock.
20260922 102957.560 INFO             PET1     ESMX_Driver - Creating model component MDL without petList.
20260922 102957.724 DEBUG            PET1     Generic SetVM() is executing for: MDL
20260922 102957.725 DEBUG            PET1     Generic SetVM() found no NUOPC Hint for: MDL
20260922 102957.725 DEBUG            PET1     Generic SetVM() therefore is NOT calling ESMF_GridCompSetVMMaxPEs() for: MDL
20260922 102957.741 INFO             PET1     ESMX_Driver: IInitAdvertise intro.
20260922 102957.741 INFO             PET1       >>>ESMX_Driver: entered Initialize (phase=<none>) with current time: 2012 10 24 18  0  0   0
20260922 102957.741 INFO             PET1       <<<ESMX_Driver: leaving Initialize (phase=<none>) with current time: 2012 10 24 18  0  0   0
20260922 102957.741 INFO             PET1     ESMX_Driver: IInitAdvertise extro.
20260922 102957.741 INFO             PET1     Message from inside C component Advertise() method
20260922 102957.742 INFO             PET1     ESMX_Driver: IInitAdvertiseFinish intro.
20260922 102957.742 INFO             PET1       >>>ESMX_Driver: entered Initialize (phase=<none>) with current time: 2012 10 24 18  0  0   0
20260922 102957.742 INFO             PET1       <<<ESMX_Driver: leaving Initialize (phase=<none>) with current time: 2012 10 24 18  0  0   0
20260922 102957.742 INFO             PET1     ESMX_Driver: IInitAdvertiseFinish extro.
20260922 102957.742 INFO             PET1     ESMX_Driver: IInitModifyCplLists intro.
20260922 102957.742 INFO             PET1       >>>ESMX_Driver: entered Initialize (phase=<none>) with current time: 2012 10 24 18  0  0   0
20260922 102957.742 INFO             PET1       <<<ESMX_Driver: leaving Initialize (phase=<none>) with current time: 2012 10 24 18  0  0   0
20260922 102957.742 INFO             PET1     ESMX_Driver: IInitModifyCplLists extro.
20260922 102957.742 INFO             PET1     <<<ESMX_Driver: leaving Initialize (phase=<none>) with current time: 2012 10 24 18  0  0   0
20260922 102957.742 INFO             PET1   ESMX_Driver: InitializeIPDv02p1 extro.
20260922 102957.742 INFO             PET1   ESMX_Driver: InitializeIPDv02p3 intro.
20260922 102957.742 INFO             PET1     >>>ESMX_Driver: entered Initialize (phase=<none>) with current time: 2012 10 24 18  0  0   0
20260922 102957.742 INFO             PET1     ESMX_Driver: IInitCheck intro.
20260922 102957.742 INFO             PET1       >>>ESMX_Driver: entered Initialize (phase=<none>) with current time: 2012 10 24 18  0  0   0
20260922 102957.742 INFO             PET1       <<<ESMX_Driver: leaving Initialize (phase=<none>) with current time: 2012 10 24 18  0  0   0
20260922 102957.742 INFO             PET1     ESMX_Driver: IInitCheck extro.
20260922 102957.742 INFO             PET1     ESMX_Driver: IInitRealize intro.
20260922 102957.742 INFO             PET1       >>>ESMX_Driver: entered Initialize (phase=<none>) with current time: 2012 10 24 18  0  0   0
20260922 102957.742 INFO             PET1       <<<ESMX_Driver: leaving Initialize (phase=<none>) with current time: 2012 10 24 18  0  0   0
20260922 102957.742 INFO             PET1     ESMX_Driver: IInitRealize extro.
20260922 102957.742 INFO             PET1     <<<ESMX_Driver: leaving Initialize (phase=<none>) with current time: 2012 10 24 18  0  0   0
20260922 102957.743 INFO             PET1   ESMX_Driver: InitializeIPDv02p3 extro.
20260922 102957.743 INFO             PET1   ESMX_Driver: InitializeIPDv02p5 intro.
20260922 102957.743 INFO             PET1     >>>ESMX_Driver: entered Initialize (phase=<none>) with current time: 2012 10 24 18  0  0   0
20260922 102957.743 INFO             PET1     ESMX_Driver: InitializeIPDv02p5Data intro.
20260922 102957.743 INFO             PET1       >>>ESMX_Driver: entered Initialize (phase=<none>) with current time: 2012 10 24 18  0  0   0
20260922 102957.743 INFO             PET1       ESMX_Driver: InternalInitializeComplete intro.
20260922 102957.743 INFO             PET1         >>>ESMX_Driver: entered Initialize (phase=<none>) with current time: 2012 10 24 18  0  0   0
20260922 102957.743 INFO             PET1         <<<ESMX_Driver: leaving Initialize (phase=<none>) with current time: 2012 10 24 18  0  0   0
20260922 102957.743 INFO             PET1       ESMX_Driver: InternalInitializeComplete extro.
20260922 102957.743 INFO             PET1       ESMX_Driver: loopDataDependentInitialize intro.
20260922 102957.744 INFO             PET1         >>>ESMX_Driver: entered Initialize (phase=<none>) with current time: 2012 10 24 18  0  0   0
20260922 102957.744 INFO             PET1         <<<ESMX_Driver: leaving Initialize (phase=<none>) with current time: 2012 10 24 18  0  0   0
20260922 102957.744 INFO             PET1       ESMX_Driver: loopDataDependentInitialize extro.
20260922 102957.744 INFO             PET1       <<<ESMX_Driver: leaving Initialize (phase=<none>) with current time: 2012 10 24 18  0  0   0
20260922 102957.744 INFO             PET1     ESMX_Driver: InitializeIPDv02p5Data extro.
20260922 102957.744 INFO             PET1     <<<ESMX_Driver: leaving Initialize (phase=<none>) with current time: 2012 10 24 18  0  0   0
20260922 102957.744 INFO             PET1   ESMX_Driver: InitializeIPDv02p5 extro.
20260922 102957.744 INFO             PET1   <<<ESMX_Driver: leaving Initialize (phase=<none>) with current time: 2012 10 24 18  0  0   0
20260922 102957.744 INFO             PET1 ESMX_Driver: InitializeGeneric extro.
20260922 102957.744 INFO             PET1 ESMX_Driver: Run intro.
20260922 102957.744 INFO             PET1   >>>ESMX_Driver: entered Run (phase=RunPhase1) with current time: 2012 10 24 18  0  0   0
20260922 102957.744 INFO             PET1   Message from inside C component Advance() method
20260922 102957.744 INFO             PET1   <<<ESMX_Driver: leaving Run (phase=RunPhase1) with current time: 2012 10 24 19  0  0   0
20260922 102957.744 INFO             PET1 ESMX_Driver: Run extro.
20260922 102957.744 INFO             PET1 ESMX_Driver: Finalize intro.
20260922 102957.744 INFO             PET1   >>>ESMX_Driver: entered Finalize (phase=FinalizePhase1) with current time: 2012 10 24 19  0  0   0
20260922 102957.744 INFO             PET1   Calling Finalize phase 1 for modelComp: MDL
20260922 102957.744 INFO             PET1   Delete modelComp: MDL
20260922 102957.744 INFO             PET1   <<<ESMX_Driver: leaving Finalize (phase=FinalizePhase1) with current time: 2012 10 24 19  0  0   0
20260922 102957.744 INFO             PET1 ESMX_Driver: Finalize extro.
20260922 102957.744 INFO             PET1 =============================================
20260922 102957.744 INFO             PET1 ESMX (Earth System Model eXecutable) FINISHED
20260922 102957.744 INFO             PET1 =============================================
20260922 102957.744 INFO             PET1  Finalizing ESMF
20260922 102957.547 INFO             PET2 !!!!!!!!!!!!!!!!!!!!!!!!!!!!!!!!!!!!!!!!!!!!!!!!!!!!!!
20260922 102957.548 INFO             PET2 !!! THE ESMF_LOG IS SET TO OUTPUT ALL LOG MESSAGES !!!
20260922 102957.548 INFO             PET2 !!!     THIS MAY CAUSE SLOWDOWN IN PERFORMANCE     !!!
20260922 102957.548 INFO             PET2 !!! FOR PRODUCTION RUNS, USE:                      !!!
20260922 102957.548 INFO             PET2 !!!                   ESMF_LOGKIND_Multi_On_Error  !!!
20260922 102957.548 INFO             PET2 !!!!!!!!!!!!!!!!!!!!!!!!!!!!!!!!!!!!!!!!!!!!!!!!!!!!!!
20260922 102957.548 INFO             PET2 Running with ESMF Version   : v9.0.0b19
20260922 102957.548 INFO             PET2 ESMF library build date/time: "Sep 22 2026" "09:23:01"
20260922 102957.548 INFO             PET2 ESMF library build location : /usr/local/esmf/esmf-testing/gfortranclang_14.2.0_17.0.0_openmpi_O_develop/esmf
20260922 102957.548 INFO             PET2 ESMF_COMM                   : openmpi
20260922 102957.548 INFO             PET2 ESMF_MOAB                   : enabled
20260922 102957.548 INFO             PET2 ESMF_LAPACK                 : enabled
20260922 102957.548 INFO             PET2 ESMF_NETCDF                 : enabled
20260922 102957.548 INFO             PET2 ESMF_PNETCDF                : disabled
20260922 102957.548 INFO             PET2 ESMF_PIO                    : enabled
20260922 102957.548 INFO             PET2 ESMF_YAMLCPP                : enabled
20260922 102957.550 INFO             PET2 =============================================
20260922 102957.550 INFO             PET2 ESMX (Earth System Model eXecutable) STARTING
20260922 102957.550 INFO             PET2 =============================================
20260922 102957.553 DEBUG            PET2 Generic SetVM() is executing for: ESMX_Driver
20260922 102957.555 DEBUG            PET2 Generic SetVM() found no NUOPC Hint for: ESMX_Driver
20260922 102957.555 DEBUG            PET2 Generic SetVM() therefore is NOT calling ESMF_GridCompSetVMMaxPEs() for: ESMX_Driver
20260922 102957.559 INFO             PET2 ESMX_Driver: InitializeGeneric intro.
20260922 102957.559 INFO             PET2   >>>ESMX_Driver: entered Initialize (phase=<none>) without valid internal Clock.
20260922 102957.559 INFO             PET2   ESMX_Driver: InitializeP0 intro.
20260922 102957.559 INFO             PET2     >>>ESMX_Driver: entered Initialize (phase=<none>) without valid internal Clock.
20260922 102957.559 INFO             PET2     <<<ESMX_Driver: leaving Initialize (phase=<none>) without valid internal Clock.
20260922 102957.559 INFO             PET2   ESMX_Driver: InitializeP0 extro.
20260922 102957.559 INFO             PET2   ESMX_Driver: InitializeIPDv02p1 intro.
20260922 102957.559 INFO             PET2     >>>ESMX_Driver: entered Initialize (phase=<none>) without valid internal Clock.
20260922 102957.560 INFO             PET2     ESMX_Driver - Creating model component MDL without petList.
20260922 102957.724 DEBUG            PET2     Generic SetVM() is executing for: MDL
20260922 102957.725 DEBUG            PET2     Generic SetVM() found no NUOPC Hint for: MDL
20260922 102957.725 DEBUG            PET2     Generic SetVM() therefore is NOT calling ESMF_GridCompSetVMMaxPEs() for: MDL
20260922 102957.741 INFO             PET2     ESMX_Driver: IInitAdvertise intro.
20260922 102957.741 INFO             PET2       >>>ESMX_Driver: entered Initialize (phase=<none>) with current time: 2012 10 24 18  0  0   0
20260922 102957.741 INFO             PET2       <<<ESMX_Driver: leaving Initialize (phase=<none>) with current time: 2012 10 24 18  0  0   0
20260922 102957.741 INFO             PET2     ESMX_Driver: IInitAdvertise extro.
20260922 102957.741 INFO             PET2     Message from inside C component Advertise() method
20260922 102957.742 INFO             PET2     ESMX_Driver: IInitAdvertiseFinish intro.
20260922 102957.742 INFO             PET2       >>>ESMX_Driver: entered Initialize (phase=<none>) with current time: 2012 10 24 18  0  0   0
20260922 102957.742 INFO             PET2       <<<ESMX_Driver: leaving Initialize (phase=<none>) with current time: 2012 10 24 18  0  0   0
20260922 102957.742 INFO             PET2     ESMX_Driver: IInitAdvertiseFinish extro.
20260922 102957.742 INFO             PET2     ESMX_Driver: IInitModifyCplLists intro.
20260922 102957.742 INFO             PET2       >>>ESMX_Driver: entered Initialize (phase=<none>) with current time: 2012 10 24 18  0  0   0
20260922 102957.742 INFO             PET2       <<<ESMX_Driver: leaving Initialize (phase=<none>) with current time: 2012 10 24 18  0  0   0
20260922 102957.742 INFO             PET2     ESMX_Driver: IInitModifyCplLists extro.
20260922 102957.742 INFO             PET2     <<<ESMX_Driver: leaving Initialize (phase=<none>) with current time: 2012 10 24 18  0  0   0
20260922 102957.742 INFO             PET2   ESMX_Driver: InitializeIPDv02p1 extro.
20260922 102957.742 INFO             PET2   ESMX_Driver: InitializeIPDv02p3 intro.
20260922 102957.742 INFO             PET2     >>>ESMX_Driver: entered Initialize (phase=<none>) with current time: 2012 10 24 18  0  0   0
20260922 102957.743 INFO             PET2     ESMX_Driver: IInitCheck intro.
20260922 102957.743 INFO             PET2       >>>ESMX_Driver: entered Initialize (phase=<none>) with current time: 2012 10 24 18  0  0   0
20260922 102957.743 INFO             PET2       <<<ESMX_Driver: leaving Initialize (phase=<none>) with current time: 2012 10 24 18  0  0   0
20260922 102957.743 INFO             PET2     ESMX_Driver: IInitCheck extro.
20260922 102957.743 INFO             PET2     ESMX_Driver: IInitRealize intro.
20260922 102957.743 INFO             PET2       >>>ESMX_Driver: entered Initialize (phase=<none>) with current time: 2012 10 24 18  0  0   0
20260922 102957.743 INFO             PET2       <<<ESMX_Driver: leaving Initialize (phase=<none>) with current time: 2012 10 24 18  0  0   0
20260922 102957.743 INFO             PET2     ESMX_Driver: IInitRealize extro.
20260922 102957.743 INFO             PET2     <<<ESMX_Driver: leaving Initialize (phase=<none>) with current time: 2012 10 24 18  0  0   0
20260922 102957.743 INFO             PET2   ESMX_Driver: InitializeIPDv02p3 extro.
20260922 102957.743 INFO             PET2   ESMX_Driver: InitializeIPDv02p5 intro.
20260922 102957.743 INFO             PET2     >>>ESMX_Driver: entered Initialize (phase=<none>) with current time: 2012 10 24 18  0  0   0
20260922 102957.743 INFO             PET2     ESMX_Driver: InitializeIPDv02p5Data intro.
20260922 102957.743 INFO             PET2       >>>ESMX_Driver: entered Initialize (phase=<none>) with current time: 2012 10 24 18  0  0   0
20260922 102957.743 INFO             PET2       ESMX_Driver: InternalInitializeComplete intro.
20260922 102957.743 INFO             PET2         >>>ESMX_Driver: entered Initialize (phase=<none>) with current time: 2012 10 24 18  0  0   0
20260922 102957.743 INFO             PET2         <<<ESMX_Driver: leaving Initialize (phase=<none>) with current time: 2012 10 24 18  0  0   0
20260922 102957.743 INFO             PET2       ESMX_Driver: InternalInitializeComplete extro.
20260922 102957.743 INFO             PET2       ESMX_Driver: loopDataDependentInitialize intro.
20260922 102957.744 INFO             PET2         >>>ESMX_Driver: entered Initialize (phase=<none>) with current time: 2012 10 24 18  0  0   0
20260922 102957.744 INFO             PET2         <<<ESMX_Driver: leaving Initialize (phase=<none>) with current time: 2012 10 24 18  0  0   0
20260922 102957.744 INFO             PET2       ESMX_Driver: loopDataDependentInitialize extro.
20260922 102957.744 INFO             PET2       <<<ESMX_Driver: leaving Initialize (phase=<none>) with current time: 2012 10 24 18  0  0   0
20260922 102957.744 INFO             PET2     ESMX_Driver: InitializeIPDv02p5Data extro.
20260922 102957.744 INFO             PET2     <<<ESMX_Driver: leaving Initialize (phase=<none>) with current time: 2012 10 24 18  0  0   0
20260922 102957.744 INFO             PET2   ESMX_Driver: InitializeIPDv02p5 extro.
20260922 102957.744 INFO             PET2   <<<ESMX_Driver: leaving Initialize (phase=<none>) with current time: 2012 10 24 18  0  0   0
20260922 102957.744 INFO             PET2 ESMX_Driver: InitializeGeneric extro.
20260922 102957.744 INFO             PET2 ESMX_Driver: Run intro.
20260922 102957.744 INFO             PET2   >>>ESMX_Driver: entered Run (phase=RunPhase1) with current time: 2012 10 24 18  0  0   0
20260922 102957.744 INFO             PET2   Message from inside C component Advance() method
20260922 102957.744 INFO             PET2   <<<ESMX_Driver: leaving Run (phase=RunPhase1) with current time: 2012 10 24 19  0  0   0
20260922 102957.744 INFO             PET2 ESMX_Driver: Run extro.
20260922 102957.744 INFO             PET2 ESMX_Driver: Finalize intro.
20260922 102957.744 INFO             PET2   >>>ESMX_Driver: entered Finalize (phase=FinalizePhase1) with current time: 2012 10 24 19  0  0   0
20260922 102957.744 INFO             PET2   Calling Finalize phase 1 for modelComp: MDL
20260922 102957.744 INFO             PET2   Delete modelComp: MDL
20260922 102957.744 INFO             PET2   <<<ESMX_Driver: leaving Finalize (phase=FinalizePhase1) with current time: 2012 10 24 19  0  0   0
20260922 102957.744 INFO             PET2 ESMX_Driver: Finalize extro.
20260922 102957.744 INFO             PET2 =============================================
20260922 102957.744 INFO             PET2 ESMX (Earth System Model eXecutable) FINISHED
20260922 102957.744 INFO             PET2 =============================================
20260922 102957.744 INFO             PET2  Finalizing ESMF
20260922 102957.547 INFO             PET3 !!!!!!!!!!!!!!!!!!!!!!!!!!!!!!!!!!!!!!!!!!!!!!!!!!!!!!
20260922 102957.548 INFO             PET3 !!! THE ESMF_LOG IS SET TO OUTPUT ALL LOG MESSAGES !!!
20260922 102957.548 INFO             PET3 !!!     THIS MAY CAUSE SLOWDOWN IN PERFORMANCE     !!!
20260922 102957.548 INFO             PET3 !!! FOR PRODUCTION RUNS, USE:                      !!!
20260922 102957.548 INFO             PET3 !!!                   ESMF_LOGKIND_Multi_On_Error  !!!
20260922 102957.548 INFO             PET3 !!!!!!!!!!!!!!!!!!!!!!!!!!!!!!!!!!!!!!!!!!!!!!!!!!!!!!
20260922 102957.548 INFO             PET3 Running with ESMF Version   : v9.0.0b19
20260922 102957.548 INFO             PET3 ESMF library build date/time: "Sep 22 2026" "09:23:01"
20260922 102957.548 INFO             PET3 ESMF library build location : /usr/local/esmf/esmf-testing/gfortranclang_14.2.0_17.0.0_openmpi_O_develop/esmf
20260922 102957.548 INFO             PET3 ESMF_COMM                   : openmpi
20260922 102957.548 INFO             PET3 ESMF_MOAB                   : enabled
20260922 102957.548 INFO             PET3 ESMF_LAPACK                 : enabled
20260922 102957.548 INFO             PET3 ESMF_NETCDF                 : enabled
20260922 102957.548 INFO             PET3 ESMF_PNETCDF                : disabled
20260922 102957.548 INFO             PET3 ESMF_PIO                    : enabled
20260922 102957.548 INFO             PET3 ESMF_YAMLCPP                : enabled
20260922 102957.550 INFO             PET3 =============================================
20260922 102957.550 INFO             PET3 ESMX (Earth System Model eXecutable) STARTING
20260922 102957.550 INFO             PET3 =============================================
20260922 102957.553 DEBUG            PET3 Generic SetVM() is executing for: ESMX_Driver
20260922 102957.555 DEBUG            PET3 Generic SetVM() found no NUOPC Hint for: ESMX_Driver
20260922 102957.555 DEBUG            PET3 Generic SetVM() therefore is NOT calling ESMF_GridCompSetVMMaxPEs() for: ESMX_Driver
20260922 102957.559 INFO             PET3 ESMX_Driver: InitializeGeneric intro.
20260922 102957.559 INFO             PET3   >>>ESMX_Driver: entered Initialize (phase=<none>) without valid internal Clock.
20260922 102957.559 INFO             PET3   ESMX_Driver: InitializeP0 intro.
20260922 102957.559 INFO             PET3     >>>ESMX_Driver: entered Initialize (phase=<none>) without valid internal Clock.
20260922 102957.559 INFO             PET3     <<<ESMX_Driver: leaving Initialize (phase=<none>) without valid internal Clock.
20260922 102957.559 INFO             PET3   ESMX_Driver: InitializeP0 extro.
20260922 102957.559 INFO             PET3   ESMX_Driver: InitializeIPDv02p1 intro.
20260922 102957.559 INFO             PET3     >>>ESMX_Driver: entered Initialize (phase=<none>) without valid internal Clock.
20260922 102957.560 INFO             PET3     ESMX_Driver - Creating model component MDL without petList.
20260922 102957.725 DEBUG            PET3     Generic SetVM() is executing for: MDL
20260922 102957.725 DEBUG            PET3     Generic SetVM() found no NUOPC Hint for: MDL
20260922 102957.725 DEBUG            PET3     Generic SetVM() therefore is NOT calling ESMF_GridCompSetVMMaxPEs() for: MDL
20260922 102957.741 INFO             PET3     ESMX_Driver: IInitAdvertise intro.
20260922 102957.741 INFO             PET3       >>>ESMX_Driver: entered Initialize (phase=<none>) with current time: 2012 10 24 18  0  0   0
20260922 102957.741 INFO             PET3       <<<ESMX_Driver: leaving Initialize (phase=<none>) with current time: 2012 10 24 18  0  0   0
20260922 102957.741 INFO             PET3     ESMX_Driver: IInitAdvertise extro.
20260922 102957.741 INFO             PET3     Message from inside C component Advertise() method
20260922 102957.742 INFO             PET3     ESMX_Driver: IInitAdvertiseFinish intro.
20260922 102957.742 INFO             PET3       >>>ESMX_Driver: entered Initialize (phase=<none>) with current time: 2012 10 24 18  0  0   0
20260922 102957.742 INFO             PET3       <<<ESMX_Driver: leaving Initialize (phase=<none>) with current time: 2012 10 24 18  0  0   0
20260922 102957.742 INFO             PET3     ESMX_Driver: IInitAdvertiseFinish extro.
20260922 102957.742 INFO             PET3     ESMX_Driver: IInitModifyCplLists intro.
20260922 102957.742 INFO             PET3       >>>ESMX_Driver: entered Initialize (phase=<none>) with current time: 2012 10 24 18  0  0   0
20260922 102957.742 INFO             PET3       <<<ESMX_Driver: leaving Initialize (phase=<none>) with current time: 2012 10 24 18  0  0   0
20260922 102957.742 INFO             PET3     ESMX_Driver: IInitModifyCplLists extro.
20260922 102957.742 INFO             PET3     <<<ESMX_Driver: leaving Initialize (phase=<none>) with current time: 2012 10 24 18  0  0   0
20260922 102957.742 INFO             PET3   ESMX_Driver: InitializeIPDv02p1 extro.
20260922 102957.742 INFO             PET3   ESMX_Driver: InitializeIPDv02p3 intro.
20260922 102957.742 INFO             PET3     >>>ESMX_Driver: entered Initialize (phase=<none>) with current time: 2012 10 24 18  0  0   0
20260922 102957.742 INFO             PET3     ESMX_Driver: IInitCheck intro.
20260922 102957.742 INFO             PET3       >>>ESMX_Driver: entered Initialize (phase=<none>) with current time: 2012 10 24 18  0  0   0
20260922 102957.742 INFO             PET3       <<<ESMX_Driver: leaving Initialize (phase=<none>) with current time: 2012 10 24 18  0  0   0
20260922 102957.742 INFO             PET3     ESMX_Driver: IInitCheck extro.
20260922 102957.742 INFO             PET3     ESMX_Driver: IInitRealize intro.
20260922 102957.742 INFO             PET3       >>>ESMX_Driver: entered Initialize (phase=<none>) with current time: 2012 10 24 18  0  0   0
20260922 102957.742 INFO             PET3       <<<ESMX_Driver: leaving Initialize (phase=<none>) with current time: 2012 10 24 18  0  0   0
20260922 102957.742 INFO             PET3     ESMX_Driver: IInitRealize extro.
20260922 102957.742 INFO             PET3     <<<ESMX_Driver: leaving Initialize (phase=<none>) with current time: 2012 10 24 18  0  0   0
20260922 102957.743 INFO             PET3   ESMX_Driver: InitializeIPDv02p3 extro.
20260922 102957.743 INFO             PET3   ESMX_Driver: InitializeIPDv02p5 intro.
20260922 102957.743 INFO             PET3     >>>ESMX_Driver: entered Initialize (phase=<none>) with current time: 2012 10 24 18  0  0   0
20260922 102957.743 INFO             PET3     ESMX_Driver: InitializeIPDv02p5Data intro.
20260922 102957.743 INFO             PET3       >>>ESMX_Driver: entered Initialize (phase=<none>) with current time: 2012 10 24 18  0  0   0
20260922 102957.743 INFO             PET3       ESMX_Driver: InternalInitializeComplete intro.
20260922 102957.743 INFO             PET3         >>>ESMX_Driver: entered Initialize (phase=<none>) with current time: 2012 10 24 18  0  0   0
20260922 102957.743 INFO             PET3         <<<ESMX_Driver: leaving Initialize (phase=<none>) with current time: 2012 10 24 18  0  0   0
20260922 102957.743 INFO             PET3       ESMX_Driver: InternalInitializeComplete extro.
20260922 102957.743 INFO             PET3       ESMX_Driver: loopDataDependentInitialize intro.
20260922 102957.744 INFO             PET3         >>>ESMX_Driver: entered Initialize (phase=<none>) with current time: 2012 10 24 18  0  0   0
20260922 102957.744 INFO             PET3         <<<ESMX_Driver: leaving Initialize (phase=<none>) with current time: 2012 10 24 18  0  0   0
20260922 102957.744 INFO             PET3       ESMX_Driver: loopDataDependentInitialize extro.
20260922 102957.744 INFO             PET3       <<<ESMX_Driver: leaving Initialize (phase=<none>) with current time: 2012 10 24 18  0  0   0
20260922 102957.744 INFO             PET3     ESMX_Driver: InitializeIPDv02p5Data extro.
20260922 102957.744 INFO             PET3     <<<ESMX_Driver: leaving Initialize (phase=<none>) with current time: 2012 10 24 18  0  0   0
20260922 102957.744 INFO             PET3   ESMX_Driver: InitializeIPDv02p5 extro.
20260922 102957.744 INFO             PET3   <<<ESMX_Driver: leaving Initialize (phase=<none>) with current time: 2012 10 24 18  0  0   0
20260922 102957.744 INFO             PET3 ESMX_Driver: InitializeGeneric extro.
20260922 102957.744 INFO             PET3 ESMX_Driver: Run intro.
20260922 102957.744 INFO             PET3   >>>ESMX_Driver: entered Run (phase=RunPhase1) with current time: 2012 10 24 18  0  0   0
20260922 102957.744 INFO             PET3   Message from inside C component Advance() method
20260922 102957.744 INFO             PET3   <<<ESMX_Driver: leaving Run (phase=RunPhase1) with current time: 2012 10 24 19  0  0   0
20260922 102957.744 INFO             PET3 ESMX_Driver: Run extro.
20260922 102957.744 INFO             PET3 ESMX_Driver: Finalize intro.
20260922 102957.744 INFO             PET3   >>>ESMX_Driver: entered Finalize (phase=FinalizePhase1) with current time: 2012 10 24 19  0  0   0
20260922 102957.744 INFO             PET3   Calling Finalize phase 1 for modelComp: MDL
20260922 102957.744 INFO             PET3   Delete modelComp: MDL
20260922 102957.745 INFO             PET3   <<<ESMX_Driver: leaving Finalize (phase=FinalizePhase1) with current time: 2012 10 24 19  0  0   0
20260922 102957.745 INFO             PET3 ESMX_Driver: Finalize extro.
20260922 102957.745 INFO             PET3 =============================================
20260922 102957.745 INFO             PET3 ESMX (Earth System Model eXecutable) FINISHED
20260922 102957.745 INFO             PET3 =============================================
20260922 102957.745 INFO             PET3  Finalizing ESMF
