2026-09-07 23:52:12
20260908 010959.891 INFO             PET0 !!!!!!!!!!!!!!!!!!!!!!!!!!!!!!!!!!!!!!!!!!!!!!!!!!!!!!
20260908 010959.892 INFO             PET0 !!! THE ESMF_LOG IS SET TO OUTPUT ALL LOG MESSAGES !!!
20260908 010959.892 INFO             PET0 !!!     THIS MAY CAUSE SLOWDOWN IN PERFORMANCE     !!!
20260908 010959.892 INFO             PET0 !!! FOR PRODUCTION RUNS, USE:                      !!!
20260908 010959.892 INFO             PET0 !!!                   ESMF_LOGKIND_Multi_On_Error  !!!
20260908 010959.892 INFO             PET0 !!!!!!!!!!!!!!!!!!!!!!!!!!!!!!!!!!!!!!!!!!!!!!!!!!!!!!
20260908 010959.892 INFO             PET0 Running with ESMF Version   : feature/esmx-cmake+gdd1288b46b
20260908 010959.892 INFO             PET0 ESMF library build date/time: "Sep  7 2026" "23:47:54"
20260908 010959.892 INFO             PET0 ESMF library build location : /scratch3/NCEPDEV/stmp/Gerhard.Theurich/ESMF-Nightly-Testing-Hera/nvhpc_24.1_mpiuni_g_feature_esmx-cmake/esmf
20260908 010959.892 INFO             PET0 ESMF_COMM                   : mpiuni
20260908 010959.892 INFO             PET0 ESMF_MOAB                   : enabled
20260908 010959.892 INFO             PET0 ESMF_LAPACK                 : enabled
20260908 010959.892 INFO             PET0 ESMF_NETCDF                 : disabled
20260908 010959.892 INFO             PET0 ESMF_PNETCDF                : disabled
20260908 010959.892 INFO             PET0 ESMF_PIO                    : disabled
20260908 010959.892 INFO             PET0 ESMF_YAMLCPP                : enabled
20260908 010959.892 INFO             PET0 ESMF Tracing Enabled
20260908 010959.892 INFO             PET0 ESMF Profiling Enabled
20260908 010959.893 INFO             PET0 ESMF Trace/Profile clock: REALTIME
20260908 010959.896 INFO             PET0  NUMBER_OF_PROCESSORS            1
20260908 010959.896 INFO             PET0  PASS  Example ESMF_TraceUserEx, ESMF_TraceUserEx.F90, line 125
20260908 010959.896 INFO             PET0  Finalizing ESMF
20260908 010959.896 INFO             PET0 **************** Region Timings *******************
20260908 010959.896 INFO             PET0 Region                Count  Total (s)   Self (s)    Mean (s)    Min (s)     Max (s)
20260908 010959.896 INFO             PET0   [ESMF]              1      0.0010      0.0005      0.0010      0.0010      0.0010
20260908 010959.896 INFO             PET0     outer_region      1      0.0005      0.0001      0.0005      0.0005      0.0005
20260908 010959.896 INFO             PET0       inner_region_1  10     0.0003      0.0003      0.0000      0.0000      0.0000
20260908 010959.896 INFO             PET0       inner_region_2  10     0.0001      0.0001      0.0000      0.0000      0.0000
