2026-09-06 23:52:47
20260907 010858.132 INFO             PET0 !!!!!!!!!!!!!!!!!!!!!!!!!!!!!!!!!!!!!!!!!!!!!!!!!!!!!!
20260907 010858.133 INFO             PET0 !!! THE ESMF_LOG IS SET TO OUTPUT ALL LOG MESSAGES !!!
20260907 010858.134 INFO             PET0 !!!     THIS MAY CAUSE SLOWDOWN IN PERFORMANCE     !!!
20260907 010858.134 INFO             PET0 !!! FOR PRODUCTION RUNS, USE:                      !!!
20260907 010858.134 INFO             PET0 !!!                   ESMF_LOGKIND_Multi_On_Error  !!!
20260907 010858.134 INFO             PET0 !!!!!!!!!!!!!!!!!!!!!!!!!!!!!!!!!!!!!!!!!!!!!!!!!!!!!!
20260907 010858.134 INFO             PET0 Running with ESMF Version   : feature/esmx-cmake+gdd1288b46b
20260907 010858.134 INFO             PET0 ESMF library build date/time: "Sep  6 2026" "23:48:35"
20260907 010858.134 INFO             PET0 ESMF library build location : /scratch3/NCEPDEV/stmp/Gerhard.Theurich/ESMF-Nightly-Testing-Hera/nvhpc_24.1_mpiuni_g_feature_esmx-cmake/esmf
20260907 010858.134 INFO             PET0 ESMF_COMM                   : mpiuni
20260907 010858.135 INFO             PET0 ESMF_MOAB                   : enabled
20260907 010858.135 INFO             PET0 ESMF_LAPACK                 : enabled
20260907 010858.135 INFO             PET0 ESMF_NETCDF                 : disabled
20260907 010858.135 INFO             PET0 ESMF_PNETCDF                : disabled
20260907 010858.135 INFO             PET0 ESMF_PIO                    : disabled
20260907 010858.135 INFO             PET0 ESMF_YAMLCPP                : enabled
20260907 010858.136 INFO             PET0 Log Write 2
20260907 010858.136 ERROR            PET0 Invalid object  - Convergence failure
20260907 010858.138 ERROR            PET0 ESMCI_Time.C:866 ESMCI::Time::syncToRealTime() Wrong argument specified  - ; calkindflag is NOCALENDAR. Only GREGORIAN and JULIAN are supported when syncing to real time.
20260907 010858.138 ERROR            PET0 ESMF_Time.F90:1495 ESMF_TimeSyncToRealTime() Wrong argument specified  - Internal subroutine call returned Error
20260907 010858.138 ERROR            PET0 Wrong argument specified  - getting wall clock time
20260907 010858.140 INFO             PET0  NUMBER_OF_PROCESSORS            1
20260907 010858.140 INFO             PET0  PASS  Example ESMF_LogErrEx, ESMF_LogErrEx.F90, line 186
20260907 010858.140 INFO             PET0  Finalizing ESMF
