2026-09-11 19:47:41
20260911 200100.933 INFO             PET0 !!!!!!!!!!!!!!!!!!!!!!!!!!!!!!!!!!!!!!!!!!!!!!!!!!!!!!
20260911 200100.933 INFO             PET0 !!! THE ESMF_LOG IS SET TO OUTPUT ALL LOG MESSAGES !!!
20260911 200100.933 INFO             PET0 !!!     THIS MAY CAUSE SLOWDOWN IN PERFORMANCE     !!!
20260911 200100.933 INFO             PET0 !!! FOR PRODUCTION RUNS, USE:                      !!!
20260911 200100.933 INFO             PET0 !!!                   ESMF_LOGKIND_Multi_On_Error  !!!
20260911 200100.933 INFO             PET0 !!!!!!!!!!!!!!!!!!!!!!!!!!!!!!!!!!!!!!!!!!!!!!!!!!!!!!
20260911 200100.933 INFO             PET0 Running with ESMF Version   : v9.0.0b18
20260911 200100.933 INFO             PET0 ESMF library build date/time: "Sep 11 2026" "19:46:52"
20260911 200100.933 INFO             PET0 ESMF library build location : /home/gerhard/ESMF-Nightly-Testing/gfortranclang_7.5.0_16.0.3_mpiuni_O_develop/esmf
20260911 200100.933 INFO             PET0 ESMF_COMM                   : mpiuni
20260911 200100.933 INFO             PET0 ESMF_MOAB                   : enabled
20260911 200100.933 INFO             PET0 ESMF_LAPACK                 : enabled
20260911 200100.933 INFO             PET0 ESMF_NETCDF                 : disabled
20260911 200100.933 INFO             PET0 ESMF_PNETCDF                : disabled
20260911 200100.933 INFO             PET0 ESMF_PIO                    : disabled
20260911 200100.933 INFO             PET0 ESMF_YAMLCPP                : enabled
20260911 200100.935 INFO             PET0 ESMF_FieldRedistStoreNF(): Just entered routine.
20260911 200101.020 INFO             PET0 ESMF_FieldRedistStoreNF(): Leaving routine.
20260911 200101.024 INFO             PET0  NUMBER_OF_PROCESSORS           1
20260911 200101.024 INFO             PET0  PASS  Example ESMF_RHandleFromFileEx, ESMF_RHandleFromFileEx.F90, line 192
20260911 200101.024 INFO             PET0  Finalizing ESMF
