2026-09-13 07:28:47
20260913 080326.993 INFO             PET0 !!!!!!!!!!!!!!!!!!!!!!!!!!!!!!!!!!!!!!!!!!!!!!!!!!!!!!
20260913 080326.993 INFO             PET0 !!! THE ESMF_LOG IS SET TO OUTPUT ALL LOG MESSAGES !!!
20260913 080326.993 INFO             PET0 !!!     THIS MAY CAUSE SLOWDOWN IN PERFORMANCE     !!!
20260913 080326.993 INFO             PET0 !!! FOR PRODUCTION RUNS, USE:                      !!!
20260913 080326.993 INFO             PET0 !!!                   ESMF_LOGKIND_Multi_On_Error  !!!
20260913 080326.993 INFO             PET0 !!!!!!!!!!!!!!!!!!!!!!!!!!!!!!!!!!!!!!!!!!!!!!!!!!!!!!
20260913 080326.993 INFO             PET0 Running with ESMF Version   : v9.0.0b18
20260913 080326.993 INFO             PET0 ESMF library build date/time: "Sep 13 2026" "07:26:32"
20260913 080326.993 INFO             PET0 ESMF library build location : /scratch3/NCEPDEV/stmp/Gerhard.Theurich/ESMF-Nightly-Testing-Hera/gfortran_13.2.0_mpiuni_O_develop/esmf
20260913 080326.993 INFO             PET0 ESMF_COMM                   : mpiuni
20260913 080326.993 INFO             PET0 ESMF_MOAB                   : enabled
20260913 080326.993 INFO             PET0 ESMF_LAPACK                 : enabled
20260913 080326.993 INFO             PET0 ESMF_NETCDF                 : disabled
20260913 080326.993 INFO             PET0 ESMF_PNETCDF                : disabled
20260913 080326.993 INFO             PET0 ESMF_PIO                    : disabled
20260913 080326.993 INFO             PET0 ESMF_YAMLCPP                : enabled
20260913 080326.994 INFO             PET0  NUMBER_OF_PROCESSORS           1
20260913 080326.994 INFO             PET0  PASS  Example ESMF_VMDefaultBasicsEx, ESMF_VMDefaultBasicsEx.F90, line 113
20260913 080326.994 INFO             PET0  Finalizing ESMF
