2026-09-13 23:06:09
20260914 000343.069 INFO             PET0 !!!!!!!!!!!!!!!!!!!!!!!!!!!!!!!!!!!!!!!!!!!!!!!!!!!!!!
20260914 000343.069 INFO             PET0 !!! THE ESMF_LOG IS SET TO OUTPUT ALL LOG MESSAGES !!!
20260914 000343.069 INFO             PET0 !!!     THIS MAY CAUSE SLOWDOWN IN PERFORMANCE     !!!
20260914 000343.069 INFO             PET0 !!! FOR PRODUCTION RUNS, USE:                      !!!
20260914 000343.069 INFO             PET0 !!!                   ESMF_LOGKIND_Multi_On_Error  !!!
20260914 000343.069 INFO             PET0 !!!!!!!!!!!!!!!!!!!!!!!!!!!!!!!!!!!!!!!!!!!!!!!!!!!!!!
20260914 000343.069 INFO             PET0 Running with ESMF Version   : v9.0.0b18
20260914 000343.069 INFO             PET0 ESMF library build date/time: "Sep 13 2026" "23:04:05"
20260914 000343.069 INFO             PET0 ESMF library build location : /discover/nobackup/projects/gmao/SIteam/ESMF_Testing/intel_2025.3.0_mpiuni_O_develop/esmf
20260914 000343.069 INFO             PET0 ESMF_COMM                   : mpiuni
20260914 000343.069 INFO             PET0 ESMF_MOAB                   : enabled
20260914 000343.069 INFO             PET0 ESMF_LAPACK                 : enabled
20260914 000343.069 INFO             PET0 ESMF_NETCDF                 : disabled
20260914 000343.069 INFO             PET0 ESMF_PNETCDF                : disabled
20260914 000343.069 INFO             PET0 ESMF_PIO                    : disabled
20260914 000343.069 INFO             PET0 ESMF_YAMLCPP                : enabled
20260914 000343.069 INFO             PET0 ESMF Tracing Enabled
20260914 000343.069 INFO             PET0 ESMF Profiling Enabled
20260914 000343.069 INFO             PET0 ESMF Trace/Profile clock: REALTIME
20260914 000343.071 INFO             PET0  NUMBER_OF_PROCESSORS           1
20260914 000343.071 INFO             PET0  PASS  Example ESMF_TraceUserEx, ESMF_TraceUserEx.F90, line 125
20260914 000343.071 INFO             PET0  Finalizing ESMF
20260914 000343.071 INFO             PET0 **************** Region Timings *******************
20260914 000343.071 INFO             PET0 Region                Count  Total (s)   Self (s)    Mean (s)    Min (s)     Max (s)
20260914 000343.071 INFO             PET0   [ESMF]              1      0.0003      0.0002      0.0003      0.0003      0.0003
20260914 000343.071 INFO             PET0     outer_region      1      0.0000      0.0000      0.0000      0.0000      0.0000
20260914 000343.071 INFO             PET0       inner_region_1  10     0.0000      0.0000      0.0000      0.0000      0.0000
20260914 000343.071 INFO             PET0       inner_region_2  10     0.0000      0.0000      0.0000      0.0000      0.0000
