2026-08-29 22:47:38
20260829 231525.687 INFO             PET0 !!!!!!!!!!!!!!!!!!!!!!!!!!!!!!!!!!!!!!!!!!!!!!!!!!!!!!
20260829 231525.687 INFO             PET0 !!! THE ESMF_LOG IS SET TO OUTPUT ALL LOG MESSAGES !!!
20260829 231525.687 INFO             PET0 !!!     THIS MAY CAUSE SLOWDOWN IN PERFORMANCE     !!!
20260829 231525.687 INFO             PET0 !!! FOR PRODUCTION RUNS, USE:                      !!!
20260829 231525.687 INFO             PET0 !!!                   ESMF_LOGKIND_Multi_On_Error  !!!
20260829 231525.687 INFO             PET0 !!!!!!!!!!!!!!!!!!!!!!!!!!!!!!!!!!!!!!!!!!!!!!!!!!!!!!
20260829 231525.687 INFO             PET0 Running with ESMF Version   : develop+g1082792c4b
20260829 231525.687 INFO             PET0 ESMF library build date/time: "Aug 29 2026" "22:45:33"
20260829 231525.687 INFO             PET0 ESMF library build location : /discover/nobackup/projects/gmao/SIteam/ESMF_Testing/intel_2025.3.0_mpiuni_O_develop/esmf
20260829 231525.687 INFO             PET0 ESMF_COMM                   : mpiuni
20260829 231525.687 INFO             PET0 ESMF_MOAB                   : enabled
20260829 231525.687 INFO             PET0 ESMF_LAPACK                 : enabled
20260829 231525.687 INFO             PET0 ESMF_NETCDF                 : disabled
20260829 231525.687 INFO             PET0 ESMF_PNETCDF                : disabled
20260829 231525.687 INFO             PET0 ESMF_PIO                    : disabled
20260829 231525.687 INFO             PET0 ESMF_YAMLCPP                : enabled
20260829 231525.688 INFO             PET0 ESMF Tracing Enabled
20260829 231525.688 INFO             PET0 ESMF Profiling Enabled
20260829 231525.688 INFO             PET0 ESMF Trace/Profile clock: REALTIME
20260829 231525.690 INFO             PET0  NUMBER_OF_PROCESSORS           1
20260829 231525.690 INFO             PET0  PASS  Example ESMF_TraceEx, ESMF_TraceEx.F90, line 178
20260829 231525.690 INFO             PET0  Finalizing ESMF
20260829 231525.690 INFO             PET0 **************** Region Timings *******************
20260829 231525.690 INFO             PET0 Region              Count  Total (s)   Self (s)    Mean (s)    Min (s)     Max (s)
20260829 231525.690 INFO             PET0   [ESMF]            1      0.0012      0.0011      0.0012      0.0012      0.0012
20260829 231525.690 INFO             PET0     [test] Run 1    5      0.0000      0.0000      0.0000      0.0000      0.0000
20260829 231525.690 INFO             PET0     [test] Init 1   1      0.0000      0.0000      0.0000      0.0000      0.0000
20260829 231525.690 INFO             PET0     [test] Final 1  1      0.0000      0.0000      0.0000      0.0000      0.0000
