2026-09-25 02:33:41
20260925 031452.023 INFO             PET0 !!!!!!!!!!!!!!!!!!!!!!!!!!!!!!!!!!!!!!!!!!!!!!!!!!!!!!
20260925 031452.023 INFO             PET0 !!! THE ESMF_LOG IS SET TO OUTPUT ALL LOG MESSAGES !!!
20260925 031452.023 INFO             PET0 !!!     THIS MAY CAUSE SLOWDOWN IN PERFORMANCE     !!!
20260925 031452.023 INFO             PET0 !!! FOR PRODUCTION RUNS, USE:                      !!!
20260925 031452.023 INFO             PET0 !!!                   ESMF_LOGKIND_Multi_On_Error  !!!
20260925 031452.023 INFO             PET0 !!!!!!!!!!!!!!!!!!!!!!!!!!!!!!!!!!!!!!!!!!!!!!!!!!!!!!
20260925 031452.023 INFO             PET0 Running with ESMF Version   : v9.0.0b19
20260925 031452.023 INFO             PET0 ESMF library build date/time: "Sep 25 2026" "02:31:36"
20260925 031452.023 INFO             PET0 ESMF library build location : /project/esmf/ESMF-Nightly-Testing-Bighorn/nag_7.0_mpiuni_O_develop/esmf
20260925 031452.023 INFO             PET0 ESMF_COMM                   : mpiuni
20260925 031452.023 INFO             PET0 ESMF_MOAB                   : enabled
20260925 031452.023 INFO             PET0 ESMF_LAPACK                 : enabled
20260925 031452.023 INFO             PET0 ESMF_NETCDF                 : enabled
20260925 031452.023 INFO             PET0 ESMF_PNETCDF                : disabled
20260925 031452.023 INFO             PET0 ESMF_PIO                    : enabled
20260925 031452.023 INFO             PET0 ESMF_YAMLCPP                : enabled
20260925 031452.023 INFO             PET0 ESMF Tracing Enabled
20260925 031452.023 INFO             PET0 ESMF Profiling Enabled
20260925 031452.023 INFO             PET0 ESMF Trace/Profile clock: REALTIME
20260925 031452.029 INFO             PET0  NUMBER_OF_PROCESSORS 1
20260925 031452.029 INFO             PET0  PASS  Example ESMF_TraceUserEx, ESMF_TraceUserEx.F90, line 125
20260925 031452.030 INFO             PET0  Finalizing ESMF
20260925 031452.030 INFO             PET0 **************** Region Timings *******************
20260925 031452.030 INFO             PET0 Region                Count  Total (s)   Self (s)    Mean (s)    Min (s)     Max (s)
20260925 031452.030 INFO             PET0   [ESMF]              1      0.0008      0.0001      0.0008      0.0008      0.0008
20260925 031452.030 INFO             PET0     outer_region      1      0.0006      0.0001      0.0006      0.0006      0.0006
20260925 031452.030 INFO             PET0       inner_region_1  10     0.0004      0.0004      0.0000      0.0000      0.0001
20260925 031452.030 INFO             PET0       inner_region_2  10     0.0002      0.0002      0.0000      0.0000      0.0000
