2026-09-25 01:26:25
20260925 015827.696 INFO             PET0 !!!!!!!!!!!!!!!!!!!!!!!!!!!!!!!!!!!!!!!!!!!!!!!!!!!!!!
20260925 015827.696 INFO             PET0 !!! THE ESMF_LOG IS SET TO OUTPUT ALL LOG MESSAGES !!!
20260925 015827.696 INFO             PET0 !!!     THIS MAY CAUSE SLOWDOWN IN PERFORMANCE     !!!
20260925 015827.696 INFO             PET0 !!! FOR PRODUCTION RUNS, USE:                      !!!
20260925 015827.696 INFO             PET0 !!!                   ESMF_LOGKIND_Multi_On_Error  !!!
20260925 015827.696 INFO             PET0 !!!!!!!!!!!!!!!!!!!!!!!!!!!!!!!!!!!!!!!!!!!!!!!!!!!!!!
20260925 015827.696 INFO             PET0 Running with ESMF Version   : v9.0.0b19
20260925 015827.696 INFO             PET0 ESMF library build date/time: "Sep 25 2026" "01:24:35"
20260925 015827.696 INFO             PET0 ESMF library build location : /project/esmf/ESMF-Nightly-Testing-Izumi/nag_7.0_mpiuni_O_develop/esmf
20260925 015827.696 INFO             PET0 ESMF_COMM                   : mpiuni
20260925 015827.696 INFO             PET0 ESMF_MOAB                   : enabled
20260925 015827.696 INFO             PET0 ESMF_LAPACK                 : enabled
20260925 015827.696 INFO             PET0 ESMF_NETCDF                 : enabled
20260925 015827.696 INFO             PET0 ESMF_PNETCDF                : disabled
20260925 015827.696 INFO             PET0 ESMF_PIO                    : enabled
20260925 015827.696 INFO             PET0 ESMF_YAMLCPP                : enabled
20260925 015827.703 INFO             PET0 ESMF_FieldRedistStoreNF(): Just entered routine.
20260925 015828.348 INFO             PET0 ESMF_FieldRedistStoreNF(): Leaving routine.
20260925 015828.387 INFO             PET0  NUMBER_OF_PROCESSORS 1
20260925 015828.388 INFO             PET0  PASS  Example ESMF_RHandleFromFileEx, ESMF_RHandleFromFileEx.F90, line 192
20260925 015828.388 INFO             PET0  Finalizing ESMF
