2026-08-28 05:01:38
20260828 053357.713 INFO             PET0 !!!!!!!!!!!!!!!!!!!!!!!!!!!!!!!!!!!!!!!!!!!!!!!!!!!!!!
20260828 053357.713 INFO             PET0 !!! THE ESMF_LOG IS SET TO OUTPUT ALL LOG MESSAGES !!!
20260828 053357.713 INFO             PET0 !!!     THIS MAY CAUSE SLOWDOWN IN PERFORMANCE     !!!
20260828 053357.713 INFO             PET0 !!! FOR PRODUCTION RUNS, USE:                      !!!
20260828 053357.713 INFO             PET0 !!!                   ESMF_LOGKIND_Multi_On_Error  !!!
20260828 053357.713 INFO             PET0 !!!!!!!!!!!!!!!!!!!!!!!!!!!!!!!!!!!!!!!!!!!!!!!!!!!!!!
20260828 053357.713 INFO             PET0 Running with ESMF Version   : develop+g1082792c4b
20260828 053357.713 INFO             PET0 ESMF library build date/time: "Aug 28 2026" "05:00:20"
20260828 053357.713 INFO             PET0 ESMF library build location : /tmp/intel_2025.0.0_mpi_g_develop/esmf
20260828 053357.713 INFO             PET0 ESMF_COMM                   : mpi
20260828 053357.713 INFO             PET0 ESMF_MOAB                   : enabled
20260828 053357.713 INFO             PET0 ESMF_LAPACK                 : enabled
20260828 053357.713 INFO             PET0 ESMF_NETCDF                 : enabled
20260828 053357.713 INFO             PET0 ESMF_PNETCDF                : disabled
20260828 053357.713 INFO             PET0 ESMF_PIO                    : enabled
20260828 053357.713 INFO             PET0 ESMF_YAMLCPP                : enabled
20260828 053357.718 INFO             PET0 =============================================
20260828 053357.718 INFO             PET0 ESMX (Earth System Model eXecutable) STARTING
20260828 053357.718 INFO             PET0 =============================================
20260828 053357.729 DEBUG            PET0 Generic SetVM() is executing for: ESMX_Driver
20260828 053357.729 DEBUG            PET0 Generic SetVM() found no NUOPC Hint for: ESMX_Driver
20260828 053357.729 DEBUG            PET0 Generic SetVM() therefore is NOT calling ESMF_GridCompSetVMMaxPEs() for: ESMX_Driver
20260828 053357.743 INFO             PET0 =============================================
20260828 053357.743 INFO             PET0 ESMX (Earth System Model eXecutable) FINISHED
20260828 053357.743 INFO             PET0 =============================================
20260828 053357.743 INFO             PET0  Finalizing ESMF
20260828 053357.713 INFO             PET1 !!!!!!!!!!!!!!!!!!!!!!!!!!!!!!!!!!!!!!!!!!!!!!!!!!!!!!
20260828 053357.713 INFO             PET1 !!! THE ESMF_LOG IS SET TO OUTPUT ALL LOG MESSAGES !!!
20260828 053357.713 INFO             PET1 !!!     THIS MAY CAUSE SLOWDOWN IN PERFORMANCE     !!!
20260828 053357.713 INFO             PET1 !!! FOR PRODUCTION RUNS, USE:                      !!!
20260828 053357.713 INFO             PET1 !!!                   ESMF_LOGKIND_Multi_On_Error  !!!
20260828 053357.713 INFO             PET1 !!!!!!!!!!!!!!!!!!!!!!!!!!!!!!!!!!!!!!!!!!!!!!!!!!!!!!
20260828 053357.713 INFO             PET1 Running with ESMF Version   : develop+g1082792c4b
20260828 053357.713 INFO             PET1 ESMF library build date/time: "Aug 28 2026" "05:00:20"
20260828 053357.713 INFO             PET1 ESMF library build location : /tmp/intel_2025.0.0_mpi_g_develop/esmf
20260828 053357.713 INFO             PET1 ESMF_COMM                   : mpi
20260828 053357.713 INFO             PET1 ESMF_MOAB                   : enabled
20260828 053357.713 INFO             PET1 ESMF_LAPACK                 : enabled
20260828 053357.713 INFO             PET1 ESMF_NETCDF                 : enabled
20260828 053357.713 INFO             PET1 ESMF_PNETCDF                : disabled
20260828 053357.713 INFO             PET1 ESMF_PIO                    : enabled
20260828 053357.713 INFO             PET1 ESMF_YAMLCPP                : enabled
20260828 053357.718 INFO             PET1 =============================================
20260828 053357.718 INFO             PET1 ESMX (Earth System Model eXecutable) STARTING
20260828 053357.718 INFO             PET1 =============================================
20260828 053357.731 DEBUG            PET1 Generic SetVM() is executing for: ESMX_Driver
20260828 053357.731 DEBUG            PET1 Generic SetVM() found no NUOPC Hint for: ESMX_Driver
20260828 053357.731 DEBUG            PET1 Generic SetVM() therefore is NOT calling ESMF_GridCompSetVMMaxPEs() for: ESMX_Driver
20260828 053357.743 INFO             PET1 =============================================
20260828 053357.743 INFO             PET1 ESMX (Earth System Model eXecutable) FINISHED
20260828 053357.743 INFO             PET1 =============================================
20260828 053357.743 INFO             PET1  Finalizing ESMF
20260828 053357.716 INFO             PET2 !!!!!!!!!!!!!!!!!!!!!!!!!!!!!!!!!!!!!!!!!!!!!!!!!!!!!!
20260828 053357.716 INFO             PET2 !!! THE ESMF_LOG IS SET TO OUTPUT ALL LOG MESSAGES !!!
20260828 053357.716 INFO             PET2 !!!     THIS MAY CAUSE SLOWDOWN IN PERFORMANCE     !!!
20260828 053357.716 INFO             PET2 !!! FOR PRODUCTION RUNS, USE:                      !!!
20260828 053357.716 INFO             PET2 !!!                   ESMF_LOGKIND_Multi_On_Error  !!!
20260828 053357.716 INFO             PET2 !!!!!!!!!!!!!!!!!!!!!!!!!!!!!!!!!!!!!!!!!!!!!!!!!!!!!!
20260828 053357.716 INFO             PET2 Running with ESMF Version   : develop+g1082792c4b
20260828 053357.716 INFO             PET2 ESMF library build date/time: "Aug 28 2026" "05:00:20"
20260828 053357.716 INFO             PET2 ESMF library build location : /tmp/intel_2025.0.0_mpi_g_develop/esmf
20260828 053357.716 INFO             PET2 ESMF_COMM                   : mpi
20260828 053357.716 INFO             PET2 ESMF_MOAB                   : enabled
20260828 053357.716 INFO             PET2 ESMF_LAPACK                 : enabled
20260828 053357.716 INFO             PET2 ESMF_NETCDF                 : enabled
20260828 053357.716 INFO             PET2 ESMF_PNETCDF                : disabled
20260828 053357.716 INFO             PET2 ESMF_PIO                    : enabled
20260828 053357.716 INFO             PET2 ESMF_YAMLCPP                : enabled
20260828 053357.722 INFO             PET2 =============================================
20260828 053357.722 INFO             PET2 ESMX (Earth System Model eXecutable) STARTING
20260828 053357.722 INFO             PET2 =============================================
20260828 053357.730 DEBUG            PET2 Generic SetVM() is executing for: ESMX_Driver
20260828 053357.731 DEBUG            PET2 Generic SetVM() found no NUOPC Hint for: ESMX_Driver
20260828 053357.731 DEBUG            PET2 Generic SetVM() therefore is NOT calling ESMF_GridCompSetVMMaxPEs() for: ESMX_Driver
20260828 053357.743 INFO             PET2 =============================================
20260828 053357.743 INFO             PET2 ESMX (Earth System Model eXecutable) FINISHED
20260828 053357.743 INFO             PET2 =============================================
20260828 053357.743 INFO             PET2  Finalizing ESMF
20260828 053357.713 INFO             PET3 !!!!!!!!!!!!!!!!!!!!!!!!!!!!!!!!!!!!!!!!!!!!!!!!!!!!!!
20260828 053357.713 INFO             PET3 !!! THE ESMF_LOG IS SET TO OUTPUT ALL LOG MESSAGES !!!
20260828 053357.713 INFO             PET3 !!!     THIS MAY CAUSE SLOWDOWN IN PERFORMANCE     !!!
20260828 053357.713 INFO             PET3 !!! FOR PRODUCTION RUNS, USE:                      !!!
20260828 053357.713 INFO             PET3 !!!                   ESMF_LOGKIND_Multi_On_Error  !!!
20260828 053357.713 INFO             PET3 !!!!!!!!!!!!!!!!!!!!!!!!!!!!!!!!!!!!!!!!!!!!!!!!!!!!!!
20260828 053357.713 INFO             PET3 Running with ESMF Version   : develop+g1082792c4b
20260828 053357.713 INFO             PET3 ESMF library build date/time: "Aug 28 2026" "05:00:20"
20260828 053357.713 INFO             PET3 ESMF library build location : /tmp/intel_2025.0.0_mpi_g_develop/esmf
20260828 053357.713 INFO             PET3 ESMF_COMM                   : mpi
20260828 053357.713 INFO             PET3 ESMF_MOAB                   : enabled
20260828 053357.713 INFO             PET3 ESMF_LAPACK                 : enabled
20260828 053357.713 INFO             PET3 ESMF_NETCDF                 : enabled
20260828 053357.713 INFO             PET3 ESMF_PNETCDF                : disabled
20260828 053357.713 INFO             PET3 ESMF_PIO                    : enabled
20260828 053357.713 INFO             PET3 ESMF_YAMLCPP                : enabled
20260828 053357.722 INFO             PET3 =============================================
20260828 053357.722 INFO             PET3 ESMX (Earth System Model eXecutable) STARTING
20260828 053357.722 INFO             PET3 =============================================
20260828 053357.729 DEBUG            PET3 Generic SetVM() is executing for: ESMX_Driver
20260828 053357.729 DEBUG            PET3 Generic SetVM() found no NUOPC Hint for: ESMX_Driver
20260828 053357.729 DEBUG            PET3 Generic SetVM() therefore is NOT calling ESMF_GridCompSetVMMaxPEs() for: ESMX_Driver
20260828 053357.743 INFO             PET3 =============================================
20260828 053357.743 INFO             PET3 ESMX (Earth System Model eXecutable) FINISHED
20260828 053357.743 INFO             PET3 =============================================
20260828 053357.743 INFO             PET3  Finalizing ESMF
