2026-09-10 04:34:05
forrtl: error (65): floating invalid
Image              PC                Routine            Line        Source             
libc.so.6          00007F5795E43980  Unknown               Unknown  Unknown
libhdf5_intel.so.  00007F579442AA15  H5T__init_native_     Unknown  Unknown
libhdf5_intel.so.  00007F579435CA26  H5T_init              Unknown  Unknown
libhdf5_intel.so.  00007F5794448519  H5VL_init_phase2      Unknown  Unknown
libhdf5_intel.so.  00007F5794142DD5  H5_init_library       Unknown  Unknown
libhdf5_intel.so.  00007F57941E012C  H5Eset_auto2          Unknown  Unknown
libnetcdf_intel.s  00007F579950DBEC  nc4_hdf5_initiali     Unknown  Unknown
libnetcdf_intel.s  00007F5799515EC9  NC_HDF5_initializ     Unknown  Unknown
libnetcdf_intel.s  00007F579948D214  nc_initialize         Unknown  Unknown
libnetcdf_intel.s  00007F579948FF1D  NC_create             Unknown  Unknown
libnetcdf_intel.s  00007F579948FDA6  nc_create             Unknown  Unknown
esmx_app           00000000004A6493  Unknown               Unknown  Unknown
esmx_app           00000000004A0F22  Unknown               Unknown  Unknown
libesmf.so         00007F579B1220F2  openOneTileFile          1377  ESMCI_PIO_Handler.C
libesmf.so         00007F579AE6148D  open                      743  ESMCI_IO_Handler.C
libesmf.so         00007F579AE6BDAB  open                      873  ESMCI_IO.C
libesmf.so         00007F579AE6DC2A  write                     495  ESMCI_IO.C
libesmf.so         00007F579AE5EDD8  c_esmc_iowrite_           169  ESMCI_IO_F.C
libesmf.so         00007F579BFAE7F9  c_esmc_iowrite_.t           0  ESMF_IO.F90
libesmf.so         00007F579BFAE5EA  esmf_iowrite              519  ESMF_IO.F90
libesmf.so         00007F579BC2F5FD  esmf_fieldwrite           275  ESMF_FieldWr.F90
libesmf.so         00007F579C66C9DC  nuopc_fieldwrite          305  NUOPC_Auxiliary.F90
libesmf.so         00007F579C66F552  nuopc_statewrite          496  NUOPC_Auxiliary.F90
esmx_app           00000000004577A3  datainitialize           1845  ESMX_Data.F90
libesmf.so         00007F579B0D8182  execute                   377  ESMCI_MethodTable.C
libesmf.so         00007F579B0D7D97  execute                   563  ESMCI_MethodTable.C
libesmf.so         00007F579B0D8002  c_esmc_methodtabl         347  ESMCI_MethodTable.C
libesmf.so         00007F579B42A809  esmf_methodgridco        1280  ESMF_AttachMethods.F90
libesmf.so         00007F579C8A19A2  initializeipdvxp0        1522  NUOPC_ModelBase.F90
libesmf.so         00007F579AD5E765  callVFuncPtr             2192  ESMCI_FTable.C
libesmf.so         00007F579AD5D7E0  ESMCI_FTableCallE         849  ESMCI_FTable.C
libesmf.so         00007F579B215670  enter                    2740  ESMCI_VMKernel.C
libesmf.so         00007F579B232FAA  enter                    1365  ESMCI_VM.C
libesmf.so         00007F579AD5EB09  c_esmc_ftablecall        1006  ESMCI_FTable.C
libesmf.so         00007F579B755FE9  c_esmc_ftablecall           0  ESMF_Comp.F90
libesmf.so         00007F579B7477E8  esmf_compexecute         1272  ESMF_Comp.F90
libesmf.so         00007F579BCCE85B  esmf_gridcompinit        1564  ESMF_GridComp.F90
libesmf.so         00007F579C80C368  loopmodelcompss          2794  NUOPC_Driver.F90
libesmf.so         00007F579C808CE8  initializeipdv02p        2607  NUOPC_Driver.F90
libesmf.so         00007F579C80599D  initializeipdv02p        2372  NUOPC_Driver.F90
libesmf.so         00007F579C7DCF1C  initializegeneric         509  NUOPC_Driver.F90
libesmf.so         00007F579AD5E765  callVFuncPtr             2192  ESMCI_FTable.C
libesmf.so         00007F579AD5D7E0  ESMCI_FTableCallE         849  ESMCI_FTable.C
libesmf.so         00007F579B215670  enter                    2740  ESMCI_VMKernel.C
libesmf.so         00007F579B232FAA  enter                    1365  ESMCI_VM.C
libesmf.so         00007F579AD5EB09  c_esmc_ftablecall        1006  ESMCI_FTable.C
libesmf.so         00007F579B755FE9  c_esmc_ftablecall           0  ESMF_Comp.F90
libesmf.so         00007F579B7477E8  esmf_compexecute         1272  ESMF_Comp.F90
libesmf.so         00007F579BCCE85B  esmf_gridcompinit        1564  ESMF_GridComp.F90
esmx_app           0000000000421B2E  esmx_app                  388  ESMX_App.F90
esmx_app           000000000041A93D  Unknown               Unknown  Unknown
libc.so.6          00007F5795E2CEEC  Unknown               Unknown  Unknown
libc.so.6          00007F5795E2CFB5  __libc_start_main     Unknown  Unknown
esmx_app           000000000041A841  Unknown               Unknown  Unknown
srun: error: c5n0118: task 0: Aborted
srun: Terminating StepId=135845245.408
[2026-09-10T05:06:05.696] error: *** STEP 135845245.408 ON c5n0118 CANCELLED AT 2026-09-10T05:06:05 DUE TO TASK FAILURE ***
forrtl: error (78): process killed (SIGTERM)
Image              PC                Routine            Line        Source             
libc.so.6          00007F2504043980  Unknown               Unknown  Unknown
libc.so.6          00007F25041001E7  __sched_yield         Unknown  Unknown
libmpi_intel.so.1  00007F2505C163F8  Unknown               Unknown  Unknown
libmpi_intel.so.1  00007F2506800666  Unknown               Unknown  Unknown
libmpi_intel.so.1  00007F2506804B3F  Unknown               Unknown  Unknown
libmpi_intel.so.1  00007F2506990995  Unknown               Unknown  Unknown
libmpi_intel.so.1  00007F25069918CF  Unknown               Unknown  Unknown
libmpi_intel.so.1  00007F250672C682  Unknown               Unknown  Unknown
libmpi_intel.so.1  00007F2505051086  Unknown               Unknown  Unknown
libmpi_intel.so.1  00007F2505051141  Unknown               Unknown  Unknown
libmpi_intel.so.1  00007F250698B223  Unknown               Unknown  Unknown
libmpi_intel.so.1  00007F250682CFD4  Unknown               Unknown  Unknown
libmpi_intel.so.1  00007F250682AFFE  Unknown               Unknown  Unknown
libmpi_intel.so.1  00007F25052A6011  Unknown               Unknown  Unknown
libmpi_intel.so.1  00007F250682F8BF  Unknown               Unknown  Unknown
libmpi_intel.so.1  00007F2506991925  Unknown               Unknown  Unknown
libmpi_intel.so.1  00007F250518936D  MPI_Bcast             Unknown  Unknown
esmx_app           00000000004A64F1  Unknown               Unknown  Unknown
esmx_app           00000000004A0F22  Unknown               Unknown  Unknown
libesmf.so         00007F250937C0F2  openOneTileFile          1377  ESMCI_PIO_Handler.C
libesmf.so         00007F25090BB48D  open                      743  ESMCI_IO_Handler.C
libesmf.so         00007F25090C5DAB  open                      873  ESMCI_IO.C
libesmf.so         00007F25090C7C2A  write                     495  ESMCI_IO.C
libesmf.so         00007F25090B8DD8  c_esmc_iowrite_           169  ESMCI_IO_F.C
libesmf.so         00007F250A2087F9  c_esmc_iowrite_.t           0  ESMF_IO.F90
libesmf.so         00007F250A2085EA  esmf_iowrite              519  ESMF_IO.F90
libesmf.so         00007F2509E895FD  esmf_fieldwrite           275  ESMF_FieldWr.F90
libesmf.so         00007F250A8C69DC  nuopc_fieldwrite          305  NUOPC_Auxiliary.F90
libesmf.so         00007F250A8C9552  nuopc_statewrite          496  NUOPC_Auxiliary.F90
esmx_app           00000000004577A3  datainitialize           1845  ESMX_Data.F90
libesmf.so         00007F2509332182  execute                   377  ESMCI_MethodTable.C
libesmf.so         00007F2509331D97  execute                   563  ESMCI_MethodTable.C
libesmf.so         00007F2509332002  c_esmc_methodtabl         347  ESMCI_MethodTable.C
libesmf.so         00007F2509684809  esmf_methodgridco        1280  ESMF_AttachMethods.F90
libesmf.so         00007F250AAFB9A2  initializeipdvxp0        1522  NUOPC_ModelBase.F90
libesmf.so         00007F2508FB8765  callVFuncPtr             2192  ESMCI_FTable.C
libesmf.so         00007F2508FB77E0  ESMCI_FTableCallE         849  ESMCI_FTable.C
libesmf.so         00007F250946F670  enter                    2740  ESMCI_VMKernel.C
libesmf.so         00007F250948CFAA  enter                    1365  ESMCI_VM.C
libesmf.so         00007F2508FB8B09  c_esmc_ftablecall        1006  ESMCI_FTable.C
libesmf.so         00007F25099AFFE9  c_esmc_ftablecall           0  ESMF_Comp.F90
libesmf.so         00007F25099A17E8  esmf_compexecute         1272  ESMF_Comp.F90
libesmf.so         00007F2509F2885B  esmf_gridcompinit        1564  ESMF_GridComp.F90
libesmf.so         00007F250AA66368  loopmodelcompss          2794  NUOPC_Driver.F90
libesmf.so         00007F250AA62CE8  initializeipdv02p        2607  NUOPC_Driver.F90
libesmf.so         00007F250AA5F99D  initializeipdv02p        2372  NUOPC_Driver.F90
libesmf.so         00007F250AA36F1C  initializegeneric         509  NUOPC_Driver.F90
libesmf.so         00007F2508FB8765  callVFuncPtr             2192  ESMCI_FTable.C
libesmf.so         00007F2508FB77E0  ESMCI_FTableCallE         849  ESMCI_FTable.C
libesmf.so         00007F250946F670  enter                    2740  ESMCI_VMKernel.C
libesmf.so         00007F250948CFAA  enter                    1365  ESMCI_VM.C
libesmf.so         00007F2508FB8B09  c_esmc_ftablecall        1006  ESMCI_FTable.C
libesmf.so         00007F25099AFFE9  c_esmc_ftablecall           0  ESMF_Comp.F90
libesmf.so         00007F25099A17E8  esmf_compexecute         1272  ESMF_Comp.F90
libesmf.so         00007F2509F2885B  esmf_gridcompinit        1564  ESMF_GridComp.F90
esmx_app           0000000000421B2E  esmx_app                  388  ESMX_App.F90
esmx_app           000000000041A93D  Unknown               Unknown  Unknown
libc.so.6          00007F250402CEEC  Unknown               Unknown  Unknown
libc.so.6          00007F250402CFB5  __libc_start_main     Unknown  Unknown
esmx_app           000000000041A841  Unknown               Unknown  Unknown
forrtl: error (78): process killed (SIGTERM)
Image              PC                Routine            Line        Source             
libc.so.6          00007F157DA43980  Unknown               Unknown  Unknown
libc.so.6          00007F157DB001E7  __sched_yield         Unknown  Unknown
libmpi_intel.so.1  00007F157F5A93F8  Unknown               Unknown  Unknown
libmpi_intel.so.1  00007F1580193666  Unknown               Unknown  Unknown
libmpi_intel.so.1  00007F1580197B3F  Unknown               Unknown  Unknown
libmpi_intel.so.1  00007F1580323995  Unknown               Unknown  Unknown
libmpi_intel.so.1  00007F15803248CF  Unknown               Unknown  Unknown
libmpi_intel.so.1  00007F15800BF682  Unknown               Unknown  Unknown
libmpi_intel.so.1  00007F157E9E4086  Unknown               Unknown  Unknown
libmpi_intel.so.1  00007F157E9E4141  Unknown               Unknown  Unknown
libmpi_intel.so.1  00007F158031E223  Unknown               Unknown  Unknown
libmpi_intel.so.1  00007F15801BFFD4  Unknown               Unknown  Unknown
libmpi_intel.so.1  00007F15801BDFFE  Unknown               Unknown  Unknown
libmpi_intel.so.1  00007F157EC39011  Unknown               Unknown  Unknown
libmpi_intel.so.1  00007F15801C28BF  Unknown               Unknown  Unknown
libmpi_intel.so.1  00007F1580324925  Unknown               Unknown  Unknown
libmpi_intel.so.1  00007F157EB1C36D  MPI_Bcast             Unknown  Unknown
esmx_app           00000000004A64F1  Unknown               Unknown  Unknown
esmx_app           00000000004A0F22  Unknown               Unknown  Unknown
libesmf.so         00007F1582D0F0F2  openOneTileFile          1377  ESMCI_PIO_Handler.C
libesmf.so         00007F1582A4E48D  open                      743  ESMCI_IO_Handler.C
libesmf.so         00007F1582A58DAB  open                      873  ESMCI_IO.C
libesmf.so         00007F1582A5AC2A  write                     495  ESMCI_IO.C
libesmf.so         00007F1582A4BDD8  c_esmc_iowrite_           169  ESMCI_IO_F.C
libesmf.so         00007F1583B9B7F9  c_esmc_iowrite_.t           0  ESMF_IO.F90
libesmf.so         00007F1583B9B5EA  esmf_iowrite              519  ESMF_IO.F90
libesmf.so         00007F158381C5FD  esmf_fieldwrite           275  ESMF_FieldWr.F90
libesmf.so         00007F15842599DC  nuopc_fieldwrite          305  NUOPC_Auxiliary.F90
libesmf.so         00007F158425C552  nuopc_statewrite          496  NUOPC_Auxiliary.F90
esmx_app           00000000004577A3  datainitialize           1845  ESMX_Data.F90
libesmf.so         00007F1582CC5182  execute                   377  ESMCI_MethodTable.C
libesmf.so         00007F1582CC4D97  execute                   563  ESMCI_MethodTable.C
libesmf.so         00007F1582CC5002  c_esmc_methodtabl         347  ESMCI_MethodTable.C
libesmf.so         00007F1583017809  esmf_methodgridco        1280  ESMF_AttachMethods.F90
libesmf.so         00007F158448E9A2  initializeipdvxp0        1522  NUOPC_ModelBase.F90
libesmf.so         00007F158294B765  callVFuncPtr             2192  ESMCI_FTable.C
libesmf.so         00007F158294A7E0  ESMCI_FTableCallE         849  ESMCI_FTable.C
libesmf.so         00007F1582E02670  enter                    2740  ESMCI_VMKernel.C
libesmf.so         00007F1582E1FFAA  enter                    1365  ESMCI_VM.C
libesmf.so         00007F158294BB09  c_esmc_ftablecall        1006  ESMCI_FTable.C
libesmf.so         00007F1583342FE9  c_esmc_ftablecall           0  ESMF_Comp.F90
libesmf.so         00007F15833347E8  esmf_compexecute         1272  ESMF_Comp.F90
libesmf.so         00007F15838BB85B  esmf_gridcompinit        1564  ESMF_GridComp.F90
libesmf.so         00007F15843F9368  loopmodelcompss          2794  NUOPC_Driver.F90
libesmf.so         00007F15843F5CE8  initializeipdv02p        2607  NUOPC_Driver.F90
libesmf.so         00007F15843F299D  initializeipdv02p        2372  NUOPC_Driver.F90
libesmf.so         00007F15843C9F1C  initializegeneric         509  NUOPC_Driver.F90
libesmf.so         00007F158294B765  callVFuncPtr             2192  ESMCI_FTable.C
forrtl: error (78): process killed (SIGTERM)
Image              PC                Routine            Line        Source             
libc.so.6          00007F8FD1A43980  Unknown               Unknown  Unknown
libc.so.6          00007F8FD1B001E7  __sched_yield         Unknown  Unknown
libmpi_intel.so.1  00007F8FD34E23F8  Unknown               Unknown  Unknown
libmpi_intel.so.1  00007F8FD40CC666  Unknown               Unknown  Unknown
libmpi_intel.so.1  00007F8FD40D0B3F  Unknown               Unknown  Unknown
libmpi_intel.so.1  00007F8FD425C995  Unknown               Unknown  Unknown
libmpi_intel.so.1  00007F8FD425D8CF  Unknown               Unknown  Unknown
libmpi_intel.so.1  00007F8FD3FF8682  Unknown               Unknown  Unknown
libmpi_intel.so.1  00007F8FD291D086  Unknown               Unknown  Unknown
libmpi_intel.so.1  00007F8FD291D141  Unknown               Unknown  Unknown
libmpi_intel.so.1  00007F8FD4257223  Unknown               Unknown  Unknown
libmpi_intel.so.1  00007F8FD40F8FD4  Unknown               Unknown  Unknown
libmpi_intel.so.1  00007F8FD40F6FFE  Unknown               Unknown  Unknown
libmpi_intel.so.1  00007F8FD2B72011  Unknown               Unknown  Unknown
libmpi_intel.so.1  00007F8FD40FB8BF  Unknown               Unknown  Unknown
libmpi_intel.so.1  00007F8FD425D925  Unknown               Unknown  Unknown
libmpi_intel.so.1  00007F8FD2A5536D  MPI_Bcast             Unknown  Unknown
esmx_app           00000000004A64F1  Unknown               Unknown  Unknown
esmx_app           00000000004A0F22  Unknown               Unknown  Unknown
libesmf.so         00007F8FD6C480F2  openOneTileFile          1377  ESMCI_PIO_Handler.C
libesmf.so         00007F8FD698748D  open                      743  ESMCI_IO_Handler.C
libesmf.so         00007F8FD6991DAB  open                      873  ESMCI_IO.C
libesmf.so         00007F8FD6993C2A  write                     495  ESMCI_IO.C
libesmf.so         00007F8FD6984DD8  c_esmc_iowrite_           169  ESMCI_IO_F.C
libesmf.so         00007F8FD7AD47F9  c_esmc_iowrite_.t           0  ESMF_IO.F90
libesmf.so         00007F8FD7AD45EA  esmf_iowrite              519  ESMF_IO.F90
libesmf.so         00007F8FD77555FD  esmf_fieldwrite           275  ESMF_FieldWr.F90
libesmf.so         00007F8FD81929DC  nuopc_fieldwrite          305  NUOPC_Auxiliary.F90
libesmf.so         00007F8FD8195552  nuopc_statewrite          496  NUOPC_Auxiliary.F90
esmx_app           00000000004577A3  datainitialize           1845  ESMX_Data.F90
libesmf.so         00007F8FD6BFE182  execute                   377  ESMCI_MethodTable.C
libesmf.so         00007F8FD6BFDD97  execute                   563  ESMCI_MethodTable.C
libesmf.so         00007F8FD6BFE002  c_esmc_methodtabl         347  ESMCI_MethodTable.C
libesmf.so         00007F8FD6F50809  esmf_methodgridco        1280  ESMF_AttachMethods.F90
libesmf.so         00007F8FD83C79A2  initializeipdvxp0        1522  NUOPC_ModelBase.F90
libesmf.so         00007F8FD6884765  callVFuncPtr             2192  ESMCI_FTable.C
libesmf.so         00007F8FD68837E0  ESMCI_FTableCallE         849  ESMCI_FTable.C
libesmf.so         00007F8FD6D3B670  enter                    2740  ESMCI_VMKernel.C
libesmf.so         00007F8FD6D58FAA  enter                    1365  ESMCI_VM.C
libesmf.so         00007F8FD6884B09  c_esmc_ftablecall        1006  ESMCI_FTable.C
libesmf.so         00007F8FD727BFE9  c_esmc_ftablecall           0  ESMF_Comp.F90
libesmf.so         00007F8FD726D7E8  esmf_compexecute         1272  ESMF_Comp.F90
libesmf.so         00007F8FD77F485B  esmf_gridcompinit        1564  ESMF_GridComp.F90
libesmf.so         00007F8FD8332368  loopmodelcompss          2794  NUOPC_Driver.F90
libesmf.so         00007F8FD832ECE8  initializeipdv02p        2607  NUOPC_Driver.F90
libesmf.so         00007F8FD832B99D  initializeipdv02p        2372  NUOPC_Driver.F90
libesmf.so         00007F8FD8302F1C  initializegeneric         509  NUOPC_Driver.F90
libesmf.so         00007F8FD6884765  callVFuncPtr             2192  ESMCI_FTable.C
libesmf.so         00007F158294A7E0  ESMCI_FTableCallE         849  ESMCI_FTable.C
libesmf.so         00007F1582E02670  enter                    2740  ESMCI_VMKernel.C
libesmf.so         00007F1582E1FFAA  enter                    1365  ESMCI_VM.C
libesmf.so         00007F158294BB09  c_esmc_ftablecall        1006  ESMCI_FTable.C
libesmf.so         00007F1583342FE9  c_esmc_ftablecall           0  ESMF_Comp.F90
libesmf.so         00007F15833347E8  esmf_compexecute         1272  ESMF_Comp.F90
libesmf.so         00007F15838BB85B  esmf_gridcompinit        1564  ESMF_GridComp.F90
esmx_app           0000000000421B2E  esmx_app                  388  ESMX_App.F90
esmx_app           000000000041A93D  Unknown               Unknown  Unknown
libc.so.6          00007F157DA2CEEC  Unknown               Unknown  Unknown
libc.so.6          00007F157DA2CFB5  __libc_start_main     Unknown  Unknown
esmx_app           000000000041A841  Unknown               Unknown  Unknown
libesmf.so         00007F8FD68837E0  ESMCI_FTableCallE         849  ESMCI_FTable.C
libesmf.so         00007F8FD6D3B670  enter                    2740  ESMCI_VMKernel.C
libesmf.so         00007F8FD6D58FAA  enter                    1365  ESMCI_VM.C
libesmf.so         00007F8FD6884B09  c_esmc_ftablecall        1006  ESMCI_FTable.C
libesmf.so         00007F8FD727BFE9  c_esmc_ftablecall           0  ESMF_Comp.F90
libesmf.so         00007F8FD726D7E8  esmf_compexecute         1272  ESMF_Comp.F90
libesmf.so         00007F8FD77F485B  esmf_gridcompinit        1564  ESMF_GridComp.F90
esmx_app           0000000000421B2E  esmx_app                  388  ESMX_App.F90
esmx_app           000000000041A93D  Unknown               Unknown  Unknown
libc.so.6          00007F8FD1A2CEEC  Unknown               Unknown  Unknown
libc.so.6          00007F8FD1A2CFB5  __libc_start_main     Unknown  Unknown
esmx_app           000000000041A841  Unknown               Unknown  Unknown
srun: error: c5n0118: tasks 1-3: Exited with exit code 1
