2026-09-10 04:34:05
forrtl: error (65): floating invalid
Image              PC                Routine            Line        Source             
libc.so.6          00007F3CF5443980  Unknown               Unknown  Unknown
libhdf5_intel.so.  00007F3CF3A2AA15  H5T__init_native_     Unknown  Unknown
libhdf5_intel.so.  00007F3CF395CA26  H5T_init              Unknown  Unknown
libhdf5_intel.so.  00007F3CF3A48519  H5VL_init_phase2      Unknown  Unknown
libhdf5_intel.so.  00007F3CF3742DD5  H5_init_library       Unknown  Unknown
libhdf5_intel.so.  00007F3CF37E012C  H5Eset_auto2          Unknown  Unknown
libnetcdf_intel.s  00007F3CF8AE4BEC  nc4_hdf5_initiali     Unknown  Unknown
libnetcdf_intel.s  00007F3CF8AECEC9  NC_HDF5_initializ     Unknown  Unknown
libnetcdf_intel.s  00007F3CF8A64214  nc_initialize         Unknown  Unknown
libnetcdf_intel.s  00007F3CF8A66F1D  NC_create             Unknown  Unknown
libnetcdf_intel.s  00007F3CF8A66DA6  nc_create             Unknown  Unknown
esmx_app           00000000004A6493  Unknown               Unknown  Unknown
esmx_app           00000000004A0F22  Unknown               Unknown  Unknown
libesmf.so         00007F3CFA6F90F2  openOneTileFile          1377  ESMCI_PIO_Handler.C
libesmf.so         00007F3CFA43848D  open                      743  ESMCI_IO_Handler.C
libesmf.so         00007F3CFA442DAB  open                      873  ESMCI_IO.C
libesmf.so         00007F3CFA444C2A  write                     495  ESMCI_IO.C
libesmf.so         00007F3CFA435DD8  c_esmc_iowrite_           169  ESMCI_IO_F.C
libesmf.so         00007F3CFB5857F9  c_esmc_iowrite_.t           0  ESMF_IO.F90
libesmf.so         00007F3CFB5855EA  esmf_iowrite              519  ESMF_IO.F90
libesmf.so         00007F3CFB2065FD  esmf_fieldwrite           275  ESMF_FieldWr.F90
libesmf.so         00007F3CFBC439DC  nuopc_fieldwrite          305  NUOPC_Auxiliary.F90
libesmf.so         00007F3CFBC46552  nuopc_statewrite          496  NUOPC_Auxiliary.F90
esmx_app           00000000004577A3  datainitialize           1845  ESMX_Data.F90
libesmf.so         00007F3CFA6AF182  execute                   377  ESMCI_MethodTable.C
libesmf.so         00007F3CFA6AED97  execute                   563  ESMCI_MethodTable.C
libesmf.so         00007F3CFA6AF002  c_esmc_methodtabl         347  ESMCI_MethodTable.C
libesmf.so         00007F3CFAA01809  esmf_methodgridco        1280  ESMF_AttachMethods.F90
libesmf.so         00007F3CFBE789A2  initializeipdvxp0        1522  NUOPC_ModelBase.F90
libesmf.so         00007F3CFA335765  callVFuncPtr             2192  ESMCI_FTable.C
libesmf.so         00007F3CFA3347E0  ESMCI_FTableCallE         849  ESMCI_FTable.C
libesmf.so         00007F3CFA7EC670  enter                    2740  ESMCI_VMKernel.C
libesmf.so         00007F3CFA809FAA  enter                    1365  ESMCI_VM.C
libesmf.so         00007F3CFA335B09  c_esmc_ftablecall        1006  ESMCI_FTable.C
libesmf.so         00007F3CFAD2CFE9  c_esmc_ftablecall           0  ESMF_Comp.F90
libesmf.so         00007F3CFAD1E7E8  esmf_compexecute         1272  ESMF_Comp.F90
libesmf.so         00007F3CFB2A585B  esmf_gridcompinit        1564  ESMF_GridComp.F90
libesmf.so         00007F3CFBDE3368  loopmodelcompss          2794  NUOPC_Driver.F90
libesmf.so         00007F3CFBDDFCE8  initializeipdv02p        2607  NUOPC_Driver.F90
libesmf.so         00007F3CFBDDC99D  initializeipdv02p        2372  NUOPC_Driver.F90
libesmf.so         00007F3CFBDB3F1C  initializegeneric         509  NUOPC_Driver.F90
libesmf.so         00007F3CFA335765  callVFuncPtr             2192  ESMCI_FTable.C
libesmf.so         00007F3CFA3347E0  ESMCI_FTableCallE         849  ESMCI_FTable.C
libesmf.so         00007F3CFA7EC670  enter                    2740  ESMCI_VMKernel.C
libesmf.so         00007F3CFA809FAA  enter                    1365  ESMCI_VM.C
libesmf.so         00007F3CFA335B09  c_esmc_ftablecall        1006  ESMCI_FTable.C
libesmf.so         00007F3CFAD2CFE9  c_esmc_ftablecall           0  ESMF_Comp.F90
libesmf.so         00007F3CFAD1E7E8  esmf_compexecute         1272  ESMF_Comp.F90
libesmf.so         00007F3CFB2A585B  esmf_gridcompinit        1564  ESMF_GridComp.F90
esmx_app           0000000000421B2E  esmx_app                  388  ESMX_App.F90
esmx_app           000000000041A93D  Unknown               Unknown  Unknown
libc.so.6          00007F3CF542CEEC  Unknown               Unknown  Unknown
libc.so.6          00007F3CF542CFB5  __libc_start_main     Unknown  Unknown
esmx_app           000000000041A841  Unknown               Unknown  Unknown
srun: error: c5n0118: task 0: Aborted
srun: Terminating StepId=135845245.409
[2026-09-10T05:06:08.341] error: *** STEP 135845245.409 ON c5n0118 CANCELLED AT 2026-09-10T05:06:08 DUE TO TASK FAILURE ***
forrtl: error (78): process killed (SIGTERM)
Image              PC                Routine            Line        Source             
libc.so.6          00007F4A4C443980  Unknown               Unknown  Unknown
libc.so.6          00007F4A4C5001E7  __sched_yield         Unknown  Unknown
libmpi_intel.so.1  00007F4A4DF9C3F8  Unknown               Unknown  Unknown
libmpi_intel.so.1  00007F4A4EB86666  Unknown               Unknown  Unknown
libmpi_intel.so.1  00007F4A4EB8AB3F  Unknown               Unknown  Unknown
libmpi_intel.so.1  00007F4A4ED16995  Unknown               Unknown  Unknown
libmpi_intel.so.1  00007F4A4ED178CF  Unknown               Unknown  Unknown
libmpi_intel.so.1  00007F4A4EAB2682  Unknown               Unknown  Unknown
libmpi_intel.so.1  00007F4A4D3D7086  Unknown               Unknown  Unknown
libmpi_intel.so.1  00007F4A4D3D7141  Unknown               Unknown  Unknown
libmpi_intel.so.1  00007F4A4ED11223  Unknown               Unknown  Unknown
libmpi_intel.so.1  00007F4A4EBB2FD4  Unknown               Unknown  Unknown
libmpi_intel.so.1  00007F4A4EBB0FFE  Unknown               Unknown  Unknown
libmpi_intel.so.1  00007F4A4D62C011  Unknown               Unknown  Unknown
libmpi_intel.so.1  00007F4A4EBB58BF  Unknown               Unknown  Unknown
libmpi_intel.so.1  00007F4A4ED17925  Unknown               Unknown  Unknown
libmpi_intel.so.1  00007F4A4D50F36D  MPI_Bcast             Unknown  Unknown
esmx_app           00000000004A64F1  Unknown               Unknown  Unknown
esmx_app           00000000004A0F22  Unknown               Unknown  Unknown
libesmf.so         00007F4A517020F2  openOneTileFile          1377  ESMCI_PIO_Handler.C
libesmf.so         00007F4A5144148D  open                      743  ESMCI_IO_Handler.C
libesmf.so         00007F4A5144BDAB  open                      873  ESMCI_IO.C
libesmf.so         00007F4A5144DC2A  write                     495  ESMCI_IO.C
libesmf.so         00007F4A5143EDD8  c_esmc_iowrite_           169  ESMCI_IO_F.C
libesmf.so         00007F4A5258E7F9  c_esmc_iowrite_.t           0  ESMF_IO.F90
libesmf.so         00007F4A5258E5EA  esmf_iowrite              519  ESMF_IO.F90
libesmf.so         00007F4A5220F5FD  esmf_fieldwrite           275  ESMF_FieldWr.F90
libesmf.so         00007F4A52C4C9DC  nuopc_fieldwrite          305  NUOPC_Auxiliary.F90
libesmf.so         00007F4A52C4F552  nuopc_statewrite          496  NUOPC_Auxiliary.F90
esmx_app           00000000004577A3  datainitialize           1845  ESMX_Data.F90
libesmf.so         00007F4A516B8182  execute                   377  ESMCI_MethodTable.C
libesmf.so         00007F4A516B7D97  execute                   563  ESMCI_MethodTable.C
libesmf.so         00007F4A516B8002  c_esmc_methodtabl         347  ESMCI_MethodTable.C
libesmf.so         00007F4A51A0A809  esmf_methodgridco        1280  ESMF_AttachMethods.F90
libesmf.so         00007F4A52E819A2  initializeipdvxp0        1522  NUOPC_ModelBase.F90
libesmf.so         00007F4A5133E765  callVFuncPtr             2192  ESMCI_FTable.C
libesmf.so         00007F4A5133D7E0  ESMCI_FTableCallE         849  ESMCI_FTable.C
libesmf.so         00007F4A517F5670  enter                    2740  ESMCI_VMKernel.C
libesmf.so         00007F4A51812FAA  enter                    1365  ESMCI_VM.C
libesmf.so         00007F4A5133EB09  c_esmc_ftablecall        1006  ESMCI_FTable.C
libesmf.so         00007F4A51D35FE9  c_esmc_ftablecall           0  ESMF_Comp.F90
libesmf.so         00007F4A51D277E8  esmf_compexecute         1272  ESMF_Comp.F90
libesmf.so         00007F4A522AE85B  esmf_gridcompinit        1564  ESMF_GridComp.F90
libesmf.so         00007F4A52DEC368  loopmodelcompss          2794  NUOPC_Driver.F90
libesmf.so         00007F4A52DE8CE8  initializeipdv02p        2607  NUOPC_Driver.F90
libesmf.so         00007F4A52DE599D  initializeipdv02p        2372  NUOPC_Driver.F90
libesmf.so         00007F4A52DBCF1C  initializegeneric         509  NUOPC_Driver.F90
libesmf.so         00007F4A5133E765  callVFuncPtr             2192  ESMCI_FTable.C
libesmf.so         00007F4A5133D7E0  ESMCI_FTableCallE         849  ESMCI_FTable.C
libesmf.so         00007F4A517F5670  enter                    2740  ESMCI_VMKernel.C
libesmf.so         00007F4A51812FAA  enter                    1365  ESMCI_VM.C
libesmf.so         00007F4A5133EB09  c_esmc_ftablecall        1006  ESMCI_FTable.C
libesmf.so         00007F4A51D35FE9  c_esmc_ftablecall           0  ESMF_Comp.F90
libesmf.so         00007F4A51D277E8  esmf_compexecute         1272  ESMF_Comp.F90
libesmf.so         00007F4A522AE85B  esmf_gridcompinit        1564  ESMF_GridComp.F90
esmx_app           0000000000421B2E  esmx_app                  388  ESMX_App.F90
esmx_app           000000000041A93D  Unknown               Unknown  Unknown
libc.so.6          00007F4A4C42CEEC  Unknown               Unknown  Unknown
libc.so.6          00007F4A4C42CFB5  __libc_start_main     Unknown  Unknown
esmx_app           000000000041A841  Unknown               Unknown  Unknown
forrtl: error (78): process killed (SIGTERM)
Image              PC                Routine            Line        Source             
libc.so.6          00007F98D9843980  Unknown               Unknown  Unknown
libc.so.6          00007F98D99001E7  __sched_yield         Unknown  Unknown
libmpi_intel.so.1  00007F98DB4163F8  Unknown               Unknown  Unknown
libmpi_intel.so.1  00007F98DC000666  Unknown               Unknown  Unknown
libmpi_intel.so.1  00007F98DC004B3F  Unknown               Unknown  Unknown
libmpi_intel.so.1  00007F98DC190995  Unknown               Unknown  Unknown
libmpi_intel.so.1  00007F98DC1918CF  Unknown               Unknown  Unknown
libmpi_intel.so.1  00007F98DBF2C682  Unknown               Unknown  Unknown
libmpi_intel.so.1  00007F98DA851086  Unknown               Unknown  Unknown
libmpi_intel.so.1  00007F98DA851141  Unknown               Unknown  Unknown
libmpi_intel.so.1  00007F98DC18B223  Unknown               Unknown  Unknown
libmpi_intel.so.1  00007F98DC02CFD4  Unknown               Unknown  Unknown
libmpi_intel.so.1  00007F98DC02AFFE  Unknown               Unknown  Unknown
libmpi_intel.so.1  00007F98DAAA6011  Unknown               Unknown  Unknown
libmpi_intel.so.1  00007F98DC02F8BF  Unknown               Unknown  Unknown
libmpi_intel.so.1  00007F98DC191925  Unknown               Unknown  Unknown
libmpi_intel.so.1  00007F98DA98936D  MPI_Bcast             Unknown  Unknown
esmx_app           00000000004A64F1  Unknown               Unknown  Unknown
esmx_app           00000000004A0F22  Unknown               Unknown  Unknown
libesmf.so         00007F98DEB7C0F2  openOneTileFile          1377  ESMCI_PIO_Handler.C
libesmf.so         00007F98DE8BB48D  open                      743  ESMCI_IO_Handler.C
libesmf.so         00007F98DE8C5DAB  open                      873  ESMCI_IO.C
libesmf.so         00007F98DE8C7C2A  write                     495  ESMCI_IO.C
libesmf.so         00007F98DE8B8DD8  c_esmc_iowrite_           169  ESMCI_IO_F.C
libesmf.so         00007F98DFA087F9  c_esmc_iowrite_.t           0  ESMF_IO.F90
libesmf.so         00007F98DFA085EA  esmf_iowrite              519  ESMF_IO.F90
libesmf.so         00007F98DF6895FD  esmf_fieldwrite           275  ESMF_FieldWr.F90
libesmf.so         00007F98E00C69DC  nuopc_fieldwrite          305  NUOPC_Auxiliary.F90
libesmf.so         00007F98E00C9552  nuopc_statewrite          496  NUOPC_Auxiliary.F90
esmx_app           00000000004577A3  datainitialize           1845  ESMX_Data.F90
libesmf.so         00007F98DEB32182  execute                   377  ESMCI_MethodTable.C
libesmf.so         00007F98DEB31D97  execute                   563  ESMCI_MethodTable.C
libesmf.so         00007F98DEB32002  c_esmc_methodtabl         347  ESMCI_MethodTable.C
libesmf.so         00007F98DEE84809  esmf_methodgridco        1280  ESMF_AttachMethods.F90
libesmf.so         00007F98E02FB9A2  initializeipdvxp0        1522  NUOPC_ModelBase.F90
libesmf.so         00007F98DE7B8765  callVFuncPtr             2192  ESMCI_FTable.C
libesmf.so         00007F98DE7B77E0  ESMCI_FTableCallE         849  ESMCI_FTable.C
libesmf.so         00007F98DEC6F670  enter                    2740  ESMCI_VMKernel.C
libesmf.so         00007F98DEC8CFAA  enter                    1365  ESMCI_VM.C
libesmf.so         00007F98DE7B8B09  c_esmc_ftablecall        1006  ESMCI_FTable.C
libesmf.so         00007F98DF1AFFE9  c_esmc_ftablecall           0  ESMF_Comp.F90
libesmf.so         00007F98DF1A17E8  esmf_compexecute         1272  ESMF_Comp.F90
libesmf.so         00007F98DF72885B  esmf_gridcompinit        1564  ESMF_GridComp.F90
libesmf.so         00007F98E0266368  loopmodelcompss          2794  NUOPC_Driver.F90
libesmf.so         00007F98E0262CE8  initializeipdv02p        2607  NUOPC_Driver.F90
libesmf.so         00007F98E025F99D  initializeipdv02p        2372  NUOPC_Driver.F90
libesmf.so         00007F98E0236F1C  initializegeneric         509  NUOPC_Driver.F90
libesmf.so         00007F98DE7B8765  callVFuncPtr             2192  ESMCI_FTable.C
forrtl: error (78): process killed (SIGTERM)
Image              PC                Routine            Line        Source             
libc.so.6          00007F8DF3643980  Unknown               Unknown  Unknown
libc.so.6          00007F8DF37001E7  __sched_yield         Unknown  Unknown
libmpi_intel.so.1  00007F8DF52823F8  Unknown               Unknown  Unknown
libmpi_intel.so.1  00007F8DF5E6C666  Unknown               Unknown  Unknown
libmpi_intel.so.1  00007F8DF5E70B3F  Unknown               Unknown  Unknown
libmpi_intel.so.1  00007F8DF5FFC995  Unknown               Unknown  Unknown
libmpi_intel.so.1  00007F8DF5FFD8CF  Unknown               Unknown  Unknown
libmpi_intel.so.1  00007F8DF5D98682  Unknown               Unknown  Unknown
libmpi_intel.so.1  00007F8DF46BD086  Unknown               Unknown  Unknown
libmpi_intel.so.1  00007F8DF46BD141  Unknown               Unknown  Unknown
libmpi_intel.so.1  00007F8DF5FF7223  Unknown               Unknown  Unknown
libmpi_intel.so.1  00007F8DF5E98FD4  Unknown               Unknown  Unknown
libmpi_intel.so.1  00007F8DF5E96FFE  Unknown               Unknown  Unknown
libmpi_intel.so.1  00007F8DF4912011  Unknown               Unknown  Unknown
libmpi_intel.so.1  00007F8DF5E9B8BF  Unknown               Unknown  Unknown
libmpi_intel.so.1  00007F8DF5FFD925  Unknown               Unknown  Unknown
libmpi_intel.so.1  00007F8DF47F536D  MPI_Bcast             Unknown  Unknown
esmx_app           00000000004A64F1  Unknown               Unknown  Unknown
esmx_app           00000000004A0F22  Unknown               Unknown  Unknown
libesmf.so         00007F8DF89E80F2  openOneTileFile          1377  ESMCI_PIO_Handler.C
libesmf.so         00007F8DF872748D  open                      743  ESMCI_IO_Handler.C
libesmf.so         00007F8DF8731DAB  open                      873  ESMCI_IO.C
libesmf.so         00007F8DF8733C2A  write                     495  ESMCI_IO.C
libesmf.so         00007F8DF8724DD8  c_esmc_iowrite_           169  ESMCI_IO_F.C
libesmf.so         00007F8DF98747F9  c_esmc_iowrite_.t           0  ESMF_IO.F90
libesmf.so         00007F8DF98745EA  esmf_iowrite              519  ESMF_IO.F90
libesmf.so         00007F8DF94F55FD  esmf_fieldwrite           275  ESMF_FieldWr.F90
libesmf.so         00007F8DF9F329DC  nuopc_fieldwrite          305  NUOPC_Auxiliary.F90
libesmf.so         00007F8DF9F35552  nuopc_statewrite          496  NUOPC_Auxiliary.F90
esmx_app           00000000004577A3  datainitialize           1845  ESMX_Data.F90
libesmf.so         00007F8DF899E182  execute                   377  ESMCI_MethodTable.C
libesmf.so         00007F8DF899DD97  execute                   563  ESMCI_MethodTable.C
libesmf.so         00007F8DF899E002  c_esmc_methodtabl         347  ESMCI_MethodTable.C
libesmf.so         00007F8DF8CF0809  esmf_methodgridco        1280  ESMF_AttachMethods.F90
libesmf.so         00007F8DFA1679A2  initializeipdvxp0        1522  NUOPC_ModelBase.F90
libesmf.so         00007F8DF8624765  callVFuncPtr             2192  ESMCI_FTable.C
libesmf.so         00007F8DF86237E0  ESMCI_FTableCallE         849  ESMCI_FTable.C
libesmf.so         00007F8DF8ADB670  enter                    2740  ESMCI_VMKernel.C
libesmf.so         00007F8DF8AF8FAA  enter                    1365  ESMCI_VM.C
libesmf.so         00007F8DF8624B09  c_esmc_ftablecall        1006  ESMCI_FTable.C
libesmf.so         00007F8DF901BFE9  c_esmc_ftablecall           0  ESMF_Comp.F90
libesmf.so         00007F8DF900D7E8  esmf_compexecute         1272  ESMF_Comp.F90
libesmf.so         00007F8DF959485B  esmf_gridcompinit        1564  ESMF_GridComp.F90
libesmf.so         00007F8DFA0D2368  loopmodelcompss          2794  NUOPC_Driver.F90
libesmf.so         00007F8DFA0CECE8  initializeipdv02p        2607  NUOPC_Driver.F90
libesmf.so         00007F8DFA0CB99D  initializeipdv02p        2372  NUOPC_Driver.F90
libesmf.so         00007F8DFA0A2F1C  initializegeneric         509  NUOPC_Driver.F90
libesmf.so         00007F8DF8624765  callVFuncPtr             2192  ESMCI_FTable.C
libesmf.so         00007F98DE7B77E0  ESMCI_FTableCallE         849  ESMCI_FTable.C
libesmf.so         00007F98DEC6F670  enter                    2740  ESMCI_VMKernel.C
libesmf.so         00007F98DEC8CFAA  enter                    1365  ESMCI_VM.C
libesmf.so         00007F98DE7B8B09  c_esmc_ftablecall        1006  ESMCI_FTable.C
libesmf.so         00007F98DF1AFFE9  c_esmc_ftablecall           0  ESMF_Comp.F90
libesmf.so         00007F98DF1A17E8  esmf_compexecute         1272  ESMF_Comp.F90
libesmf.so         00007F98DF72885B  esmf_gridcompinit        1564  ESMF_GridComp.F90
esmx_app           0000000000421B2E  esmx_app                  388  ESMX_App.F90
esmx_app           000000000041A93D  Unknown               Unknown  Unknown
libc.so.6          00007F98D982CEEC  Unknown               Unknown  Unknown
libc.so.6          00007F98D982CFB5  __libc_start_main     Unknown  Unknown
esmx_app           000000000041A841  Unknown               Unknown  Unknown
libesmf.so         00007F8DF86237E0  ESMCI_FTableCallE         849  ESMCI_FTable.C
libesmf.so         00007F8DF8ADB670  enter                    2740  ESMCI_VMKernel.C
libesmf.so         00007F8DF8AF8FAA  enter                    1365  ESMCI_VM.C
libesmf.so         00007F8DF8624B09  c_esmc_ftablecall        1006  ESMCI_FTable.C
libesmf.so         00007F8DF901BFE9  c_esmc_ftablecall           0  ESMF_Comp.F90
libesmf.so         00007F8DF900D7E8  esmf_compexecute         1272  ESMF_Comp.F90
libesmf.so         00007F8DF959485B  esmf_gridcompinit        1564  ESMF_GridComp.F90
esmx_app           0000000000421B2E  esmx_app                  388  ESMX_App.F90
esmx_app           000000000041A93D  Unknown               Unknown  Unknown
libc.so.6          00007F8DF362CEEC  Unknown               Unknown  Unknown
libc.so.6          00007F8DF362CFB5  __libc_start_main     Unknown  Unknown
esmx_app           000000000041A841  Unknown               Unknown  Unknown
srun: error: c5n0118: tasks 1-3: Exited with exit code 1
