2026-09-10 04:34:05
forrtl: error (65): floating invalid
Image              PC                Routine            Line        Source             
libc.so.6          00007FDDA5A43980  Unknown               Unknown  Unknown
libhdf5_intel.so.  00007FDDA4006A15  H5T__init_native_     Unknown  Unknown
libhdf5_intel.so.  00007FDDA3F38A26  H5T_init              Unknown  Unknown
libhdf5_intel.so.  00007FDDA4024519  H5VL_init_phase2      Unknown  Unknown
libhdf5_intel.so.  00007FDDA3D1EDD5  H5_init_library       Unknown  Unknown
libhdf5_intel.so.  00007FDDA3DBC12C  H5Eset_auto2          Unknown  Unknown
libnetcdf_intel.s  00007FDDA90BEBEC  nc4_hdf5_initiali     Unknown  Unknown
libnetcdf_intel.s  00007FDDA90C6EC9  NC_HDF5_initializ     Unknown  Unknown
libnetcdf_intel.s  00007FDDA903E214  nc_initialize         Unknown  Unknown
libnetcdf_intel.s  00007FDDA9040F1D  NC_create             Unknown  Unknown
libnetcdf_intel.s  00007FDDA9040DA6  nc_create             Unknown  Unknown
esmx_app           00000000004A6493  Unknown               Unknown  Unknown
esmx_app           00000000004A0F22  Unknown               Unknown  Unknown
libesmf.so         00007FDDAACD30F2  openOneTileFile          1377  ESMCI_PIO_Handler.C
libesmf.so         00007FDDAAA1248D  open                      743  ESMCI_IO_Handler.C
libesmf.so         00007FDDAAA1CDAB  open                      873  ESMCI_IO.C
libesmf.so         00007FDDAAA1EC2A  write                     495  ESMCI_IO.C
libesmf.so         00007FDDAAA0FDD8  c_esmc_iowrite_           169  ESMCI_IO_F.C
libesmf.so         00007FDDABB5F7F9  c_esmc_iowrite_.t           0  ESMF_IO.F90
libesmf.so         00007FDDABB5F5EA  esmf_iowrite              519  ESMF_IO.F90
libesmf.so         00007FDDAB7E05FD  esmf_fieldwrite           275  ESMF_FieldWr.F90
libesmf.so         00007FDDAC21D9DC  nuopc_fieldwrite          305  NUOPC_Auxiliary.F90
libesmf.so         00007FDDAC220552  nuopc_statewrite          496  NUOPC_Auxiliary.F90
esmx_app           00000000004577A3  datainitialize           1845  ESMX_Data.F90
libesmf.so         00007FDDAAC89182  execute                   377  ESMCI_MethodTable.C
libesmf.so         00007FDDAAC88D97  execute                   563  ESMCI_MethodTable.C
libesmf.so         00007FDDAAC89002  c_esmc_methodtabl         347  ESMCI_MethodTable.C
libesmf.so         00007FDDAAFDB809  esmf_methodgridco        1280  ESMF_AttachMethods.F90
libesmf.so         00007FDDAC4529A2  initializeipdvxp0        1522  NUOPC_ModelBase.F90
libesmf.so         00007FDDAA90F765  callVFuncPtr             2192  ESMCI_FTable.C
libesmf.so         00007FDDAA90E7E0  ESMCI_FTableCallE         849  ESMCI_FTable.C
libesmf.so         00007FDDAADC6670  enter                    2740  ESMCI_VMKernel.C
libesmf.so         00007FDDAADE3FAA  enter                    1365  ESMCI_VM.C
libesmf.so         00007FDDAA90FB09  c_esmc_ftablecall        1006  ESMCI_FTable.C
libesmf.so         00007FDDAB306FE9  c_esmc_ftablecall           0  ESMF_Comp.F90
libesmf.so         00007FDDAB2F87E8  esmf_compexecute         1272  ESMF_Comp.F90
libesmf.so         00007FDDAB87F85B  esmf_gridcompinit        1564  ESMF_GridComp.F90
libesmf.so         00007FDDAC3BD368  loopmodelcompss          2794  NUOPC_Driver.F90
libesmf.so         00007FDDAC3B9CE8  initializeipdv02p        2607  NUOPC_Driver.F90
libesmf.so         00007FDDAC3B699D  initializeipdv02p        2372  NUOPC_Driver.F90
libesmf.so         00007FDDAC38DF1C  initializegeneric         509  NUOPC_Driver.F90
libesmf.so         00007FDDAA90F765  callVFuncPtr             2192  ESMCI_FTable.C
libesmf.so         00007FDDAA90E7E0  ESMCI_FTableCallE         849  ESMCI_FTable.C
libesmf.so         00007FDDAADC6670  enter                    2740  ESMCI_VMKernel.C
libesmf.so         00007FDDAADE3FAA  enter                    1365  ESMCI_VM.C
libesmf.so         00007FDDAA90FB09  c_esmc_ftablecall        1006  ESMCI_FTable.C
libesmf.so         00007FDDAB306FE9  c_esmc_ftablecall           0  ESMF_Comp.F90
libesmf.so         00007FDDAB2F87E8  esmf_compexecute         1272  ESMF_Comp.F90
libesmf.so         00007FDDAB87F85B  esmf_gridcompinit        1564  ESMF_GridComp.F90
esmx_app           0000000000421B2E  esmx_app                  388  ESMX_App.F90
esmx_app           000000000041A93D  Unknown               Unknown  Unknown
libc.so.6          00007FDDA5A2CEEC  Unknown               Unknown  Unknown
libc.so.6          00007FDDA5A2CFB5  __libc_start_main     Unknown  Unknown
esmx_app           000000000041A841  Unknown               Unknown  Unknown
srun: error: c5n0118: task 0: Aborted (core dumped)
srun: Terminating StepId=135845245.407
[2026-09-10T05:06:03.751] error: *** STEP 135845245.407 ON c5n0118 CANCELLED AT 2026-09-10T05:06:03 DUE TO TASK FAILURE ***
forrtl: error (78): process killed (SIGTERM)
Image              PC                Routine            Line        Source             
libc.so.6          00007FB840A43980  Unknown               Unknown  Unknown
libc.so.6          00007FB840B001E7  __sched_yield         Unknown  Unknown
libmpi_intel.so.1  00007FB8426893F8  Unknown               Unknown  Unknown
libmpi_intel.so.1  00007FB843273666  Unknown               Unknown  Unknown
libmpi_intel.so.1  00007FB843277B3F  Unknown               Unknown  Unknown
libmpi_intel.so.1  00007FB843403995  Unknown               Unknown  Unknown
libmpi_intel.so.1  00007FB8434048CF  Unknown               Unknown  Unknown
libmpi_intel.so.1  00007FB84319F682  Unknown               Unknown  Unknown
libmpi_intel.so.1  00007FB841AC4086  Unknown               Unknown  Unknown
libmpi_intel.so.1  00007FB841AC4141  Unknown               Unknown  Unknown
libmpi_intel.so.1  00007FB8433FE223  Unknown               Unknown  Unknown
libmpi_intel.so.1  00007FB84329FFD4  Unknown               Unknown  Unknown
libmpi_intel.so.1  00007FB84329DFFE  Unknown               Unknown  Unknown
libmpi_intel.so.1  00007FB841D19011  Unknown               Unknown  Unknown
libmpi_intel.so.1  00007FB8432A28BF  Unknown               Unknown  Unknown
libmpi_intel.so.1  00007FB843404925  Unknown               Unknown  Unknown
libmpi_intel.so.1  00007FB841BFC36D  MPI_Bcast             Unknown  Unknown
esmx_app           00000000004A64F1  Unknown               Unknown  Unknown
esmx_app           00000000004A0F22  Unknown               Unknown  Unknown
libesmf.so         00007FB845DEF0F2  openOneTileFile          1377  ESMCI_PIO_Handler.C
libesmf.so         00007FB845B2E48D  open                      743  ESMCI_IO_Handler.C
libesmf.so         00007FB845B38DAB  open                      873  ESMCI_IO.C
libesmf.so         00007FB845B3AC2A  write                     495  ESMCI_IO.C
libesmf.so         00007FB845B2BDD8  c_esmc_iowrite_           169  ESMCI_IO_F.C
libesmf.so         00007FB846C7B7F9  c_esmc_iowrite_.t           0  ESMF_IO.F90
libesmf.so         00007FB846C7B5EA  esmf_iowrite              519  ESMF_IO.F90
libesmf.so         00007FB8468FC5FD  esmf_fieldwrite           275  ESMF_FieldWr.F90
libesmf.so         00007FB8473399DC  nuopc_fieldwrite          305  NUOPC_Auxiliary.F90
libesmf.so         00007FB84733C552  nuopc_statewrite          496  NUOPC_Auxiliary.F90
esmx_app           00000000004577A3  datainitialize           1845  ESMX_Data.F90
libesmf.so         00007FB845DA5182  execute                   377  ESMCI_MethodTable.C
libesmf.so         00007FB845DA4D97  execute                   563  ESMCI_MethodTable.C
libesmf.so         00007FB845DA5002  c_esmc_methodtabl         347  ESMCI_MethodTable.C
libesmf.so         00007FB8460F7809  esmf_methodgridco        1280  ESMF_AttachMethods.F90
libesmf.so         00007FB84756E9A2  initializeipdvxp0        1522  NUOPC_ModelBase.F90
libesmf.so         00007FB845A2B765  callVFuncPtr             2192  ESMCI_FTable.C
libesmf.so         00007FB845A2A7E0  ESMCI_FTableCallE         849  ESMCI_FTable.C
libesmf.so         00007FB845EE2670  enter                    2740  ESMCI_VMKernel.C
libesmf.so         00007FB845EFFFAA  enter                    1365  ESMCI_VM.C
libesmf.so         00007FB845A2BB09  c_esmc_ftablecall        1006  ESMCI_FTable.C
libesmf.so         00007FB846422FE9  c_esmc_ftablecall           0  ESMF_Comp.F90
libesmf.so         00007FB8464147E8  esmf_compexecute         1272  ESMF_Comp.F90
libesmf.so         00007FB84699B85B  esmf_gridcompinit        1564  ESMF_GridComp.F90
libesmf.so         00007FB8474D9368  loopmodelcompss          2794  NUOPC_Driver.F90
libesmf.so         00007FB8474D5CE8  initializeipdv02p        2607  NUOPC_Driver.F90
libesmf.so         00007FB8474D299D  initializeipdv02p        2372  NUOPC_Driver.F90
libesmf.so         00007FB8474A9F1C  initializegeneric         509  NUOPC_Driver.F90
libesmf.so         00007FB845A2B765  callVFuncPtr             2192  ESMCI_FTable.C
libesmf.so         00007FB845A2A7E0  ESMCI_FTableCallE         849  ESMCI_FTable.C
libesmf.so         00007FB845EE2670  enter                    2740  ESMCI_VMKernel.C
libesmf.so         00007FB845EFFFAA  enter                    1365  ESMCI_VM.C
libesmf.so         00007FB845A2BB09  c_esmc_ftablecall        1006  ESMCI_FTable.C
libesmf.so         00007FB846422FE9  c_esmc_ftablecall           0  ESMF_Comp.F90
libesmf.so         00007FB8464147E8  esmf_compexecute         1272  ESMF_Comp.F90
libesmf.so         00007FB84699B85B  esmf_gridcompinit        1564  ESMF_GridComp.F90
esmx_app           0000000000421B2E  esmx_app                  388  ESMX_App.F90
esmx_app           000000000041A93D  Unknown               Unknown  Unknown
libc.so.6          00007FB840A2CEEC  Unknown               Unknown  Unknown
libc.so.6          00007FB840A2CFB5  __libc_start_main     Unknown  Unknown
esmx_app           000000000041A841  Unknown               Unknown  Unknown
forrtl: error (78): process killed (SIGTERM)
Image              PC                Routine            Line        Source             
libc.so.6          00007F0EB3843980  Unknown               Unknown  Unknown
libc.so.6          00007F0EB39001E7  __sched_yield         Unknown  Unknown
libmpi_intel.so.1  00007F0EB547E3F8  Unknown               Unknown  Unknown
libmpi_intel.so.1  00007F0EB6068666  Unknown               Unknown  Unknown
libmpi_intel.so.1  00007F0EB606CB3F  Unknown               Unknown  Unknown
libmpi_intel.so.1  00007F0EB61F8995  Unknown               Unknown  Unknown
libmpi_intel.so.1  00007F0EB61F98CF  Unknown               Unknown  Unknown
libmpi_intel.so.1  00007F0EB5F94682  Unknown               Unknown  Unknown
libmpi_intel.so.1  00007F0EB48B9086  Unknown               Unknown  Unknown
libmpi_intel.so.1  00007F0EB48B9141  Unknown               Unknown  Unknown
libmpi_intel.so.1  00007F0EB61F3223  Unknown               Unknown  Unknown
libmpi_intel.so.1  00007F0EB6094FD4  Unknown               Unknown  Unknown
libmpi_intel.so.1  00007F0EB6092FFE  Unknown               Unknown  Unknown
libmpi_intel.so.1  00007F0EB4B0E011  Unknown               Unknown  Unknown
libmpi_intel.so.1  00007F0EB60978BF  Unknown               Unknown  Unknown
libmpi_intel.so.1  00007F0EB61F9925  Unknown               Unknown  Unknown
libmpi_intel.so.1  00007F0EB49F136D  MPI_Bcast             Unknown  Unknown
esmx_app           00000000004A64F1  Unknown               Unknown  Unknown
esmx_app           00000000004A0F22  Unknown               Unknown  Unknown
libesmf.so         00007F0EB8BE40F2  openOneTileFile          1377  ESMCI_PIO_Handler.C
libesmf.so         00007F0EB892348D  open                      743  ESMCI_IO_Handler.C
libesmf.so         00007F0EB892DDAB  open                      873  ESMCI_IO.C
libesmf.so         00007F0EB892FC2A  write                     495  ESMCI_IO.C
libesmf.so         00007F0EB8920DD8  c_esmc_iowrite_           169  ESMCI_IO_F.C
libesmf.so         00007F0EB9A707F9  c_esmc_iowrite_.t           0  ESMF_IO.F90
libesmf.so         00007F0EB9A705EA  esmf_iowrite              519  ESMF_IO.F90
libesmf.so         00007F0EB96F15FD  esmf_fieldwrite           275  ESMF_FieldWr.F90
libesmf.so         00007F0EBA12E9DC  nuopc_fieldwrite          305  NUOPC_Auxiliary.F90
libesmf.so         00007F0EBA131552  nuopc_statewrite          496  NUOPC_Auxiliary.F90
esmx_app           00000000004577A3  datainitialize           1845  ESMX_Data.F90
libesmf.so         00007F0EB8B9A182  execute                   377  ESMCI_MethodTable.C
libesmf.so         00007F0EB8B99D97  execute                   563  ESMCI_MethodTable.C
libesmf.so         00007F0EB8B9A002  c_esmc_methodtabl         347  ESMCI_MethodTable.C
libesmf.so         00007F0EB8EEC809  esmf_methodgridco        1280  ESMF_AttachMethods.F90
libesmf.so         00007F0EBA3639A2  initializeipdvxp0        1522  NUOPC_ModelBase.F90
libesmf.so         00007F0EB8820765  callVFuncPtr             2192  ESMCI_FTable.C
libesmf.so         00007F0EB881F7E0  ESMCI_FTableCallE         849  ESMCI_FTable.C
libesmf.so         00007F0EB8CD7670  enter                    2740  ESMCI_VMKernel.C
libesmf.so         00007F0EB8CF4FAA  enter                    1365  ESMCI_VM.C
libesmf.so         00007F0EB8820B09  c_esmc_ftablecall        1006  ESMCI_FTable.C
libesmf.so         00007F0EB9217FE9  c_esmc_ftablecall           0  ESMF_Comp.F90
libesmf.so         00007F0EB92097E8  esmf_compexecute         1272  ESMF_Comp.F90
libesmf.so         00007F0EB979085B  esmf_gridcompinit        1564  ESMF_GridComp.F90
libesmf.so         00007F0EBA2CE368  loopmodelcompss          2794  NUOPC_Driver.F90
libesmf.so         00007F0EBA2CACE8  initializeipdv02p        2607  NUOPC_Driver.F90
libesmf.so         00007F0EBA2C799D  initializeipdv02p        2372  NUOPC_Driver.F90
libesmf.so         00007F0EBA29EF1C  initializegeneric         509  NUOPC_Driver.F90
forrtl: error (78): process killed (SIGTERM)
Image              PC                Routine            Line        Source             
libc.so.6          00007FD1A1643980  Unknown               Unknown  Unknown
libc.so.6          00007FD1A17001E7  __sched_yield         Unknown  Unknown
libmpi_intel.so.1  00007FD1A32273F8  Unknown               Unknown  Unknown
libmpi_intel.so.1  00007FD1A3E11666  Unknown               Unknown  Unknown
libmpi_intel.so.1  00007FD1A3E15B3F  Unknown               Unknown  Unknown
libmpi_intel.so.1  00007FD1A3FA1995  Unknown               Unknown  Unknown
libmpi_intel.so.1  00007FD1A3FA28CF  Unknown               Unknown  Unknown
libmpi_intel.so.1  00007FD1A3D3D682  Unknown               Unknown  Unknown
libmpi_intel.so.1  00007FD1A2662086  Unknown               Unknown  Unknown
libmpi_intel.so.1  00007FD1A2662141  Unknown               Unknown  Unknown
libmpi_intel.so.1  00007FD1A3F9C223  Unknown               Unknown  Unknown
libmpi_intel.so.1  00007FD1A3E3DFD4  Unknown               Unknown  Unknown
libmpi_intel.so.1  00007FD1A3E3BFFE  Unknown               Unknown  Unknown
libmpi_intel.so.1  00007FD1A28B7011  Unknown               Unknown  Unknown
libmpi_intel.so.1  00007FD1A3E408BF  Unknown               Unknown  Unknown
libmpi_intel.so.1  00007FD1A3FA2925  Unknown               Unknown  Unknown
libmpi_intel.so.1  00007FD1A279A36D  MPI_Bcast             Unknown  Unknown
esmx_app           00000000004A64F1  Unknown               Unknown  Unknown
esmx_app           00000000004A0F22  Unknown               Unknown  Unknown
libesmf.so         00007FD1A698D0F2  openOneTileFile          1377  ESMCI_PIO_Handler.C
libesmf.so         00007FD1A66CC48D  open                      743  ESMCI_IO_Handler.C
libesmf.so         00007FD1A66D6DAB  open                      873  ESMCI_IO.C
libesmf.so         00007FD1A66D8C2A  write                     495  ESMCI_IO.C
libesmf.so         00007FD1A66C9DD8  c_esmc_iowrite_           169  ESMCI_IO_F.C
libesmf.so         00007FD1A78197F9  c_esmc_iowrite_.t           0  ESMF_IO.F90
libesmf.so         00007FD1A78195EA  esmf_iowrite              519  ESMF_IO.F90
libesmf.so         00007FD1A749A5FD  esmf_fieldwrite           275  ESMF_FieldWr.F90
libesmf.so         00007FD1A7ED79DC  nuopc_fieldwrite          305  NUOPC_Auxiliary.F90
libesmf.so         00007FD1A7EDA552  nuopc_statewrite          496  NUOPC_Auxiliary.F90
esmx_app           00000000004577A3  datainitialize           1845  ESMX_Data.F90
libesmf.so         00007FD1A6943182  execute                   377  ESMCI_MethodTable.C
libesmf.so         00007FD1A6942D97  execute                   563  ESMCI_MethodTable.C
libesmf.so         00007FD1A6943002  c_esmc_methodtabl         347  ESMCI_MethodTable.C
libesmf.so         00007FD1A6C95809  esmf_methodgridco        1280  ESMF_AttachMethods.F90
libesmf.so         00007FD1A810C9A2  initializeipdvxp0        1522  NUOPC_ModelBase.F90
libesmf.so         00007FD1A65C9765  callVFuncPtr             2192  ESMCI_FTable.C
libesmf.so         00007FD1A65C87E0  ESMCI_FTableCallE         849  ESMCI_FTable.C
libesmf.so         00007FD1A6A80670  enter                    2740  ESMCI_VMKernel.C
libesmf.so         00007FD1A6A9DFAA  enter                    1365  ESMCI_VM.C
libesmf.so         00007FD1A65C9B09  c_esmc_ftablecall        1006  ESMCI_FTable.C
libesmf.so         00007FD1A6FC0FE9  c_esmc_ftablecall           0  ESMF_Comp.F90
libesmf.so         00007FD1A6FB27E8  esmf_compexecute         1272  ESMF_Comp.F90
libesmf.so         00007FD1A753985B  esmf_gridcompinit        1564  ESMF_GridComp.F90
libesmf.so         00007FD1A8077368  loopmodelcompss          2794  NUOPC_Driver.F90
libesmf.so         00007FD1A8073CE8  initializeipdv02p        2607  NUOPC_Driver.F90
libesmf.so         00007FD1A807099D  initializeipdv02p        2372  NUOPC_Driver.F90
libesmf.so         00007FD1A8047F1C  initializegeneric         509  NUOPC_Driver.F90
libesmf.so         00007FD1A65C9765  callVFuncPtr             2192  ESMCI_FTable.C
libesmf.so         00007F0EB8820765  callVFuncPtr             2192  ESMCI_FTable.C
libesmf.so         00007F0EB881F7E0  ESMCI_FTableCallE         849  ESMCI_FTable.C
libesmf.so         00007F0EB8CD7670  enter                    2740  ESMCI_VMKernel.C
libesmf.so         00007F0EB8CF4FAA  enter                    1365  ESMCI_VM.C
libesmf.so         00007F0EB8820B09  c_esmc_ftablecall        1006  ESMCI_FTable.C
libesmf.so         00007F0EB9217FE9  c_esmc_ftablecall           0  ESMF_Comp.F90
libesmf.so         00007F0EB92097E8  esmf_compexecute         1272  ESMF_Comp.F90
libesmf.so         00007F0EB979085B  esmf_gridcompinit        1564  ESMF_GridComp.F90
esmx_app           0000000000421B2E  esmx_app                  388  ESMX_App.F90
esmx_app           000000000041A93D  Unknown               Unknown  Unknown
libc.so.6          00007F0EB382CEEC  Unknown               Unknown  Unknown
libc.so.6          00007F0EB382CFB5  __libc_start_main     Unknown  Unknown
esmx_app           000000000041A841  Unknown               Unknown  Unknown
libesmf.so         00007FD1A65C87E0  ESMCI_FTableCallE         849  ESMCI_FTable.C
libesmf.so         00007FD1A6A80670  enter                    2740  ESMCI_VMKernel.C
libesmf.so         00007FD1A6A9DFAA  enter                    1365  ESMCI_VM.C
libesmf.so         00007FD1A65C9B09  c_esmc_ftablecall        1006  ESMCI_FTable.C
libesmf.so         00007FD1A6FC0FE9  c_esmc_ftablecall           0  ESMF_Comp.F90
libesmf.so         00007FD1A6FB27E8  esmf_compexecute         1272  ESMF_Comp.F90
libesmf.so         00007FD1A753985B  esmf_gridcompinit        1564  ESMF_GridComp.F90
esmx_app           0000000000421B2E  esmx_app                  388  ESMX_App.F90
esmx_app           000000000041A93D  Unknown               Unknown  Unknown
libc.so.6          00007FD1A162CEEC  Unknown               Unknown  Unknown
libc.so.6          00007FD1A162CFB5  __libc_start_main     Unknown  Unknown
esmx_app           000000000041A841  Unknown               Unknown  Unknown
srun: error: c5n0118: tasks 1-3: Exited with exit code 1
