2026-09-01 03:50:09
20260901 040716.036 INFO             PET0 !!!!!!!!!!!!!!!!!!!!!!!!!!!!!!!!!!!!!!!!!!!!!!!!!!!!!!
20260901 040716.036 INFO             PET0 !!! THE ESMF_LOG IS SET TO OUTPUT ALL LOG MESSAGES !!!
20260901 040716.036 INFO             PET0 !!!     THIS MAY CAUSE SLOWDOWN IN PERFORMANCE     !!!
20260901 040716.036 INFO             PET0 !!! FOR PRODUCTION RUNS, USE:                      !!!
20260901 040716.036 INFO             PET0 !!!                   ESMF_LOGKIND_Multi_On_Error  !!!
20260901 040716.036 INFO             PET0 !!!!!!!!!!!!!!!!!!!!!!!!!!!!!!!!!!!!!!!!!!!!!!!!!!!!!!
20260901 040716.037 INFO             PET0 Running with ESMF Version   : develop+g849fce6537
20260901 040716.037 INFO             PET0 ESMF library build date/time: "Sep  1 2026" "03:49:17"
20260901 040716.037 INFO             PET0 ESMF library build location : /tmp/intel_2025.2.1_mpi_g_develop/esmf
20260901 040716.037 INFO             PET0 ESMF_COMM                   : mpi
20260901 040716.037 INFO             PET0 ESMF_MOAB                   : enabled
20260901 040716.037 INFO             PET0 ESMF_LAPACK                 : enabled
20260901 040716.037 INFO             PET0 ESMF_NETCDF                 : enabled
20260901 040716.037 INFO             PET0 ESMF_PNETCDF                : disabled
20260901 040716.037 INFO             PET0 ESMF_PIO                    : enabled
20260901 040716.037 INFO             PET0 ESMF_YAMLCPP                : enabled
20260901 040716.037 INFO             PET0  NUMBER_OF_PROCESSORS           1
20260901 040716.037 INFO             PET0  PASS  Example ESMF_TimeIntervalEx, ESMF_TimeIntervalEx.F90, line 176
20260901 040716.037 INFO             PET0  Finalizing ESMF
