2026-09-22 07:29:24
20260922 081122.976 INFO             PET0 !!!!!!!!!!!!!!!!!!!!!!!!!!!!!!!!!!!!!!!!!!!!!!!!!!!!!!
20260922 081122.976 INFO             PET0 !!! THE ESMF_LOG IS SET TO OUTPUT ALL LOG MESSAGES !!!
20260922 081122.976 INFO             PET0 !!!     THIS MAY CAUSE SLOWDOWN IN PERFORMANCE     !!!
20260922 081122.976 INFO             PET0 !!! FOR PRODUCTION RUNS, USE:                      !!!
20260922 081122.976 INFO             PET0 !!!                   ESMF_LOGKIND_Multi_On_Error  !!!
20260922 081122.976 INFO             PET0 !!!!!!!!!!!!!!!!!!!!!!!!!!!!!!!!!!!!!!!!!!!!!!!!!!!!!!
20260922 081122.976 INFO             PET0 Running with ESMF Version   : v9.0.0b19
20260922 081122.976 INFO             PET0 ESMF library build date/time: "Sep 22 2026" "07:26:53"
20260922 081122.976 INFO             PET0 ESMF library build location : /scratch3/NCEPDEV/stmp/Gerhard.Theurich/ESMF-Nightly-Testing-Hera/gfortran_13.2.0_openmpi_O_develop/esmf
20260922 081122.976 INFO             PET0 ESMF_COMM                   : openmpi
20260922 081122.977 INFO             PET0 ESMF_MOAB                   : enabled
20260922 081122.977 INFO             PET0 ESMF_LAPACK                 : enabled
20260922 081122.977 INFO             PET0 ESMF_NETCDF                 : disabled
20260922 081122.977 INFO             PET0 ESMF_PNETCDF                : disabled
20260922 081122.977 INFO             PET0 ESMF_PIO                    : disabled
20260922 081122.977 INFO             PET0 ESMF_YAMLCPP                : enabled
20260922 081124.203 INFO             PET0  NUMBER_OF_PROCESSORS           4
20260922 081124.203 INFO             PET0  PASS  Example ESMF_ArrayRedistEx, ESMF_ArrayRedistEx.F90, line 515
20260922 081124.203 INFO             PET0  Finalizing ESMF
20260922 081122.976 INFO             PET1 !!!!!!!!!!!!!!!!!!!!!!!!!!!!!!!!!!!!!!!!!!!!!!!!!!!!!!
20260922 081122.976 INFO             PET1 !!! THE ESMF_LOG IS SET TO OUTPUT ALL LOG MESSAGES !!!
20260922 081122.976 INFO             PET1 !!!     THIS MAY CAUSE SLOWDOWN IN PERFORMANCE     !!!
20260922 081122.976 INFO             PET1 !!! FOR PRODUCTION RUNS, USE:                      !!!
20260922 081122.976 INFO             PET1 !!!                   ESMF_LOGKIND_Multi_On_Error  !!!
20260922 081122.976 INFO             PET1 !!!!!!!!!!!!!!!!!!!!!!!!!!!!!!!!!!!!!!!!!!!!!!!!!!!!!!
20260922 081122.976 INFO             PET1 Running with ESMF Version   : v9.0.0b19
20260922 081122.976 INFO             PET1 ESMF library build date/time: "Sep 22 2026" "07:26:53"
20260922 081122.976 INFO             PET1 ESMF library build location : /scratch3/NCEPDEV/stmp/Gerhard.Theurich/ESMF-Nightly-Testing-Hera/gfortran_13.2.0_openmpi_O_develop/esmf
20260922 081122.976 INFO             PET1 ESMF_COMM                   : openmpi
20260922 081122.976 INFO             PET1 ESMF_MOAB                   : enabled
20260922 081122.976 INFO             PET1 ESMF_LAPACK                 : enabled
20260922 081122.976 INFO             PET1 ESMF_NETCDF                 : disabled
20260922 081122.976 INFO             PET1 ESMF_PNETCDF                : disabled
20260922 081122.976 INFO             PET1 ESMF_PIO                    : disabled
20260922 081122.976 INFO             PET1 ESMF_YAMLCPP                : enabled
20260922 081124.203 INFO             PET1  NUMBER_OF_PROCESSORS           4
20260922 081124.203 INFO             PET1  PASS  Example ESMF_ArrayRedistEx, ESMF_ArrayRedistEx.F90, line 515
20260922 081124.203 INFO             PET1  Finalizing ESMF
20260922 081122.976 INFO             PET2 !!!!!!!!!!!!!!!!!!!!!!!!!!!!!!!!!!!!!!!!!!!!!!!!!!!!!!
20260922 081122.976 INFO             PET2 !!! THE ESMF_LOG IS SET TO OUTPUT ALL LOG MESSAGES !!!
20260922 081122.976 INFO             PET2 !!!     THIS MAY CAUSE SLOWDOWN IN PERFORMANCE     !!!
20260922 081122.976 INFO             PET2 !!! FOR PRODUCTION RUNS, USE:                      !!!
20260922 081122.976 INFO             PET2 !!!                   ESMF_LOGKIND_Multi_On_Error  !!!
20260922 081122.976 INFO             PET2 !!!!!!!!!!!!!!!!!!!!!!!!!!!!!!!!!!!!!!!!!!!!!!!!!!!!!!
20260922 081122.976 INFO             PET2 Running with ESMF Version   : v9.0.0b19
20260922 081122.976 INFO             PET2 ESMF library build date/time: "Sep 22 2026" "07:26:53"
20260922 081122.976 INFO             PET2 ESMF library build location : /scratch3/NCEPDEV/stmp/Gerhard.Theurich/ESMF-Nightly-Testing-Hera/gfortran_13.2.0_openmpi_O_develop/esmf
20260922 081122.976 INFO             PET2 ESMF_COMM                   : openmpi
20260922 081122.976 INFO             PET2 ESMF_MOAB                   : enabled
20260922 081122.976 INFO             PET2 ESMF_LAPACK                 : enabled
20260922 081122.976 INFO             PET2 ESMF_NETCDF                 : disabled
20260922 081122.976 INFO             PET2 ESMF_PNETCDF                : disabled
20260922 081122.976 INFO             PET2 ESMF_PIO                    : disabled
20260922 081122.976 INFO             PET2 ESMF_YAMLCPP                : enabled
20260922 081124.203 INFO             PET2  NUMBER_OF_PROCESSORS           4
20260922 081124.203 INFO             PET2  PASS  Example ESMF_ArrayRedistEx, ESMF_ArrayRedistEx.F90, line 515
20260922 081124.203 INFO             PET2  Finalizing ESMF
20260922 081122.975 INFO             PET3 !!!!!!!!!!!!!!!!!!!!!!!!!!!!!!!!!!!!!!!!!!!!!!!!!!!!!!
20260922 081122.975 INFO             PET3 !!! THE ESMF_LOG IS SET TO OUTPUT ALL LOG MESSAGES !!!
20260922 081122.975 INFO             PET3 !!!     THIS MAY CAUSE SLOWDOWN IN PERFORMANCE     !!!
20260922 081122.975 INFO             PET3 !!! FOR PRODUCTION RUNS, USE:                      !!!
20260922 081122.975 INFO             PET3 !!!                   ESMF_LOGKIND_Multi_On_Error  !!!
20260922 081122.975 INFO             PET3 !!!!!!!!!!!!!!!!!!!!!!!!!!!!!!!!!!!!!!!!!!!!!!!!!!!!!!
20260922 081122.975 INFO             PET3 Running with ESMF Version   : v9.0.0b19
20260922 081122.975 INFO             PET3 ESMF library build date/time: "Sep 22 2026" "07:26:53"
20260922 081122.975 INFO             PET3 ESMF library build location : /scratch3/NCEPDEV/stmp/Gerhard.Theurich/ESMF-Nightly-Testing-Hera/gfortran_13.2.0_openmpi_O_develop/esmf
20260922 081122.975 INFO             PET3 ESMF_COMM                   : openmpi
20260922 081122.976 INFO             PET3 ESMF_MOAB                   : enabled
20260922 081122.976 INFO             PET3 ESMF_LAPACK                 : enabled
20260922 081122.976 INFO             PET3 ESMF_NETCDF                 : disabled
20260922 081122.976 INFO             PET3 ESMF_PNETCDF                : disabled
20260922 081122.976 INFO             PET3 ESMF_PIO                    : disabled
20260922 081122.976 INFO             PET3 ESMF_YAMLCPP                : enabled
20260922 081124.203 INFO             PET3  NUMBER_OF_PROCESSORS           4
20260922 081124.203 INFO             PET3  PASS  Example ESMF_ArrayRedistEx, ESMF_ArrayRedistEx.F90, line 515
20260922 081124.203 INFO             PET3  Finalizing ESMF
