2026-09-09 01:08:24
20260909 021450.594 INFO             PET0 !!!!!!!!!!!!!!!!!!!!!!!!!!!!!!!!!!!!!!!!!!!!!!!!!!!!!!
20260909 021450.594 INFO             PET0 !!! THE ESMF_LOG IS SET TO OUTPUT ALL LOG MESSAGES !!!
20260909 021450.594 INFO             PET0 !!!     THIS MAY CAUSE SLOWDOWN IN PERFORMANCE     !!!
20260909 021450.594 INFO             PET0 !!! FOR PRODUCTION RUNS, USE:                      !!!
20260909 021450.594 INFO             PET0 !!!                   ESMF_LOGKIND_Multi_On_Error  !!!
20260909 021450.594 INFO             PET0 !!!!!!!!!!!!!!!!!!!!!!!!!!!!!!!!!!!!!!!!!!!!!!!!!!!!!!
20260909 021450.594 INFO             PET0 Running with ESMF Version   : feature/esmx-cmake+g5410baaab2
20260909 021450.594 INFO             PET0 ESMF library build date/time: "Sep  9 2026" "01:04:08"
20260909 021450.594 INFO             PET0 ESMF library build location : /scratch3/NCEPDEV/stmp/Gerhard.Theurich/ESMF-Nightly-Testing-Hera/nvhpc_24.1_mpiuni_O_feature_esmx-cmake/esmf
20260909 021450.594 INFO             PET0 ESMF_COMM                   : mpiuni
20260909 021450.594 INFO             PET0 ESMF_MOAB                   : enabled
20260909 021450.595 INFO             PET0 ESMF_LAPACK                 : enabled
20260909 021450.595 INFO             PET0 ESMF_NETCDF                 : disabled
20260909 021450.595 INFO             PET0 ESMF_PNETCDF                : disabled
20260909 021450.595 INFO             PET0 ESMF_PIO                    : disabled
20260909 021450.595 INFO             PET0 ESMF_YAMLCPP                : enabled
20260909 021450.605 INFO             PET0  NUMBER_OF_PROCESSORS            1
20260909 021450.606 INFO             PET0  PASS  Example ESMF_InfoGetFromHostEx, ESMF_InfoGetFromHostEx.F90, line 112
20260909 021450.606 INFO             PET0  Finalizing ESMF
