2026-09-07 23:54:54
20260908 010246.207 INFO             PET0 !!!!!!!!!!!!!!!!!!!!!!!!!!!!!!!!!!!!!!!!!!!!!!!!!!!!!!
20260908 010246.207 INFO             PET0 !!! THE ESMF_LOG IS SET TO OUTPUT ALL LOG MESSAGES !!!
20260908 010246.207 INFO             PET0 !!!     THIS MAY CAUSE SLOWDOWN IN PERFORMANCE     !!!
20260908 010246.207 INFO             PET0 !!! FOR PRODUCTION RUNS, USE:                      !!!
20260908 010246.207 INFO             PET0 !!!                   ESMF_LOGKIND_Multi_On_Error  !!!
20260908 010246.207 INFO             PET0 !!!!!!!!!!!!!!!!!!!!!!!!!!!!!!!!!!!!!!!!!!!!!!!!!!!!!!
20260908 010246.207 INFO             PET0 Running with ESMF Version   : feature/esmx-cmake+gdd1288b46b
20260908 010246.207 INFO             PET0 ESMF library build date/time: "Sep  7 2026" "23:50:45"
20260908 010246.207 INFO             PET0 ESMF library build location : /scratch3/NCEPDEV/stmp/Gerhard.Theurich/ESMF-Nightly-Testing-Hera/nvhpc_24.1_mpiuni_O_feature_esmx-cmake/esmf
20260908 010246.207 INFO             PET0 ESMF_COMM                   : mpiuni
20260908 010246.208 INFO             PET0 ESMF_MOAB                   : enabled
20260908 010246.208 INFO             PET0 ESMF_LAPACK                 : enabled
20260908 010246.208 INFO             PET0 ESMF_NETCDF                 : disabled
20260908 010246.208 INFO             PET0 ESMF_PNETCDF                : disabled
20260908 010246.208 INFO             PET0 ESMF_PIO                    : disabled
20260908 010246.208 INFO             PET0 ESMF_YAMLCPP                : enabled
20260908 010246.214 INFO             PET0 ESMF_FieldRedistStoreNF(): Just entered routine.
20260908 010246.463 INFO             PET0 ESMF_FieldRedistStoreNF(): Leaving routine.
20260908 010246.470 INFO             PET0  NUMBER_OF_PROCESSORS            1
20260908 010246.470 INFO             PET0  PASS  Example ESMF_RHandleFromFileEx, ESMF_RHandleFromFileEx.F90, line 192
20260908 010246.470 INFO             PET0  Finalizing ESMF
