2026-09-03 07:33:42
20260903 081040.434 INFO             PET0 !!!!!!!!!!!!!!!!!!!!!!!!!!!!!!!!!!!!!!!!!!!!!!!!!!!!!!
20260903 081040.435 INFO             PET0 !!! THE ESMF_LOG IS SET TO OUTPUT ALL LOG MESSAGES !!!
20260903 081040.435 INFO             PET0 !!!     THIS MAY CAUSE SLOWDOWN IN PERFORMANCE     !!!
20260903 081040.435 INFO             PET0 !!! FOR PRODUCTION RUNS, USE:                      !!!
20260903 081040.435 INFO             PET0 !!!                   ESMF_LOGKIND_Multi_On_Error  !!!
20260903 081040.435 INFO             PET0 !!!!!!!!!!!!!!!!!!!!!!!!!!!!!!!!!!!!!!!!!!!!!!!!!!!!!!
20260903 081040.435 INFO             PET0 Running with ESMF Version   : develop+g4161bf9d44
20260903 081040.435 INFO             PET0 ESMF library build date/time: "Sep  3 2026" "07:30:55"
20260903 081040.435 INFO             PET0 ESMF library build location : /scratch3/NCEPDEV/stmp/Gerhard.Theurich/ESMF-Nightly-Testing-Hera/intel_2023.2.0_mpiuni_O_develop/esmf
20260903 081040.435 INFO             PET0 ESMF_COMM                   : mpiuni
20260903 081040.435 INFO             PET0 ESMF_MOAB                   : enabled
20260903 081040.435 INFO             PET0 ESMF_LAPACK                 : enabled
20260903 081040.435 INFO             PET0 ESMF_NETCDF                 : enabled
20260903 081040.435 INFO             PET0 ESMF_PNETCDF                : disabled
20260903 081040.435 INFO             PET0 ESMF_PIO                    : enabled
20260903 081040.435 INFO             PET0 ESMF_YAMLCPP                : enabled
20260903 081040.437 INFO             PET0 ESMF Tracing Enabled
20260903 081040.437 INFO             PET0 ESMF Profiling Enabled
20260903 081040.437 INFO             PET0 ESMF Trace/Profile clock: REALTIME
20260903 081040.450 INFO             PET0  NUMBER_OF_PROCESSORS           1
20260903 081040.450 INFO             PET0  PASS  Example ESMF_TraceEx, ESMF_TraceEx.F90, line 178
20260903 081040.450 INFO             PET0  Finalizing ESMF
20260903 081040.450 INFO             PET0 **************** Region Timings *******************
20260903 081040.450 INFO             PET0 Region              Count  Total (s)   Self (s)    Mean (s)    Min (s)     Max (s)
20260903 081040.450 INFO             PET0   [ESMF]            1      0.0085      0.0084      0.0085      0.0085      0.0085
20260903 081040.450 INFO             PET0     [test] Run 1    5      0.0000      0.0000      0.0000      0.0000      0.0000
20260903 081040.450 INFO             PET0     [test] Init 1   1      0.0000      0.0000      0.0000      0.0000      0.0000
20260903 081040.450 INFO             PET0     [test] Final 1  1      0.0000      0.0000      0.0000      0.0000      0.0000
