2026-09-01 04:44:41
20260901 050742.853 INFO             PET0 !!!!!!!!!!!!!!!!!!!!!!!!!!!!!!!!!!!!!!!!!!!!!!!!!!!!!!
20260901 050742.853 INFO             PET0 !!! THE ESMF_LOG IS SET TO OUTPUT ALL LOG MESSAGES !!!
20260901 050742.853 INFO             PET0 !!!     THIS MAY CAUSE SLOWDOWN IN PERFORMANCE     !!!
20260901 050742.853 INFO             PET0 !!! FOR PRODUCTION RUNS, USE:                      !!!
20260901 050742.853 INFO             PET0 !!!                   ESMF_LOGKIND_Multi_On_Error  !!!
20260901 050742.853 INFO             PET0 !!!!!!!!!!!!!!!!!!!!!!!!!!!!!!!!!!!!!!!!!!!!!!!!!!!!!!
20260901 050742.853 INFO             PET0 Running with ESMF Version   : develop+g849fce6537
20260901 050742.853 INFO             PET0 ESMF library build date/time: "Sep  1 2026" "04:43:16"
20260901 050742.853 INFO             PET0 ESMF library build location : /tmp/intel_2023.2.0_mpiuni_O_develop/esmf
20260901 050742.853 INFO             PET0 ESMF_COMM                   : mpiuni
20260901 050742.854 INFO             PET0 ESMF_MOAB                   : enabled
20260901 050742.854 INFO             PET0 ESMF_LAPACK                 : enabled
20260901 050742.854 INFO             PET0 ESMF_NETCDF                 : enabled
20260901 050742.854 INFO             PET0 ESMF_PNETCDF                : disabled
20260901 050742.854 INFO             PET0 ESMF_PIO                    : enabled
20260901 050742.854 INFO             PET0 ESMF_YAMLCPP                : enabled
20260901 050743.098 INFO             PET0  NUMBER_OF_PROCESSORS           1
20260901 050743.098 INFO             PET0  PASS  Example ESMF_GridUsageEx, ESMF_GridUsageEx.F90, line 3470
20260901 050743.098 INFO             PET0  Finalizing ESMF
