2026-08-28 03:21:04
20260828 034330.677 INFO             PET0 !!!!!!!!!!!!!!!!!!!!!!!!!!!!!!!!!!!!!!!!!!!!!!!!!!!!!!
20260828 034330.677 INFO             PET0 !!! THE ESMF_LOG IS SET TO OUTPUT ALL LOG MESSAGES !!!
20260828 034330.677 INFO             PET0 !!!     THIS MAY CAUSE SLOWDOWN IN PERFORMANCE     !!!
20260828 034330.677 INFO             PET0 !!! FOR PRODUCTION RUNS, USE:                      !!!
20260828 034330.677 INFO             PET0 !!!                   ESMF_LOGKIND_Multi_On_Error  !!!
20260828 034330.677 INFO             PET0 !!!!!!!!!!!!!!!!!!!!!!!!!!!!!!!!!!!!!!!!!!!!!!!!!!!!!!
20260828 034330.677 INFO             PET0 Running with ESMF Version   : develop+g1082792c4b
20260828 034330.677 INFO             PET0 ESMF library build date/time: "Aug 28 2026" "03:19:46"
20260828 034330.677 INFO             PET0 ESMF library build location : /home/gerhard/ESMF-Nightly-Testing/gfortran_11.2.0_mpich_g_develop/esmf
20260828 034330.677 INFO             PET0 ESMF_COMM                   : mpich
20260828 034330.677 INFO             PET0 ESMF_MOAB                   : enabled
20260828 034330.677 INFO             PET0 ESMF_LAPACK                 : enabled
20260828 034330.677 INFO             PET0 ESMF_NETCDF                 : enabled
20260828 034330.677 INFO             PET0 ESMF_PNETCDF                : disabled
20260828 034330.677 INFO             PET0 ESMF_PIO                    : enabled
20260828 034330.677 INFO             PET0 ESMF_YAMLCPP                : enabled
20260828 034330.677 INFO             PET0  NUMBER_OF_PROCESSORS           1
20260828 034330.677 INFO             PET0  PASS  Example ESMF_TimeIntervalEx, ESMF_TimeIntervalEx.F90, line 176
20260828 034330.677 INFO             PET0  Finalizing ESMF
