2026-09-20 02:41:17
--- ESMCI::ArrayBundle::print start ---
ArrayBundle: MyArrayBundle
arrayCount = 3
Container::print() multipmap:item=--- ESMCI::ArrayBundle::print start ---
ArrayBundle: MyArrayBundle
arrayCount = 3
Container::print() multipmap:item=0 key=AonFly value=0xaa8bd0
Container::print() multipmap:item=1 key=Array002 value=0xaecc20
Container::print() multipmap:item=2 key=Array003 value=0xaed590
0 key=AonFly value=0xfd42f0
Container::print() multipmap:item=1 key=Array002 value=0x10171c0
Container::print() multipmap:item=2 key=Array003 value=0x1018220
Container::print()      list:item=0 key=Array002 value=0x10171c0
Container::print()      list:item=1 key=Array003Container::print()      list:item=0 key=Array002 value=0xaecc20
Container::print()      list:item=1 key=Array003 value=0xaed590
Container::print()      list:item=2 key=AonFly value=0xaa8bd0 value=0x1018220
Container::print()      list:item=2 key=AonFly value=0xfd42f0
--- ESMCI::ArrayBundle::print end ---

--- ESMCI::ArrayBundle::print end ---
--- ESMCI::Array::print start ---
 Base name    = AonFly
 Status: Base = Ready,  object = Ready
 Proxy        = no
 Root Info (Attributes):
--- ESMCI::ArrayBundle::print start ---
ArrayBundle: MyArrayBundle
arrayCount = 3
Container::print() multipmap:item=--- ESMCI::Array::print start ---
 Base name    = AonFly
 Status: Base = Ready,  object = Ready
 Proxy        = no
 Root Info (Attributes):
--- ESMCI::ArrayBundle::print start ---
ArrayBundle: MyArrayBundle
arrayCount = 3
Container::print() multipmap:item=0 key=0 key=AonFly value=0x94cda0
Container::print() multipmap:item=AonFly value=0x1656b30
Container::print() multipmap:item=1 key=Array002 value=0x169ac201 key=Array002 value=0x98ff50
Container::print() multipmap:item=2 key=Array003 value=0x990d10

Container::print() multipmap:item=2 key=Array003 value=0x169b550
Container::print()      list:item=0 key=Container::print()      list:item=0 key=Array002 value=0x169ac20
Array002 value=0x98ff50
Container::print()      list:item=1 key=Array003 value=0x990d10
Container::print()      list:item=Container::print()      list:item=1 key=Array003 value=0x169b550
Container::print()      list:item=2 key=AonFly value=0x1656b30
2 key=AonFly value=0x94cda0
--- ESMCI::ArrayBundle::print end ---
--- ESMCI::ArrayBundle::print end ---
{
  "ESMF": {
    "Instance": {
      "NamedAliasCount": 0
    }
  }
}Array typekind/rank: Real*4 / 2 
~ lower class' values ~
DistGrid dimCount = 2
deCount = 6
localDeCount = 2
~ local data in LocalArray for DE 0 ~
LocalArrayPrint: Array at address 0xfd3c90:
            rank = 2, typekind = 5, base_addr = 0x1016aa0
            dim[0] = 3  dim[1] = 2  
  Real, *4, Dim 2, Data values:
( 1, 1) =  2.37939e-38
( 2, 1) =  0
( 3, 1) =  4.2039e-45
( 1, 2) =  1.4013e-45
( 2, 2) =  0
( 3, 2) =  0
~ local data in LocalArray for DE 4 ~
LocalArrayPrint: Array at address 0xfd3fc0:
            rank = 2, typekind = 5, base_addr = 0xfd3bd0
            dim[0] = 3  dim[1] = 1  
  Real, *4, Dim 2, Data values:
( 1, 1) =  2.32558e-38
( 2, 1) =  0
( 3, 1) =  -3.58318e+13
--- ESMCI::Array::print end ---
--- ESMCI::Array::print start ---
 Base name    = Array002
 Status: Base = Ready,  object = Ready--- ESMCI::Array::print start ---
 Base name    = AonFly
 Status: Base = Ready,  object = Ready
 Proxy        = no
 Root Info (Attributes):
{
  "ESMF": {
    "Instance": {
      "NamedAliasCount": 0
    }
  }
}Array typekind/rank: Real*4 / 2 
~ lower class' values ~
DistGrid dimCount = 2
deCount = 6
localDeCount = 1
~ local data in LocalArray for DE 2 ~
LocalArrayPrint: Array at address 0xaa88a0:
            rank = 2, typekind = 5, base_addr = 0xaec850
            dim[0] = 3  dim[1] = 2  
  Real, *4, Dim 2, Data values:
( 1, 1) =  1.60594e-38
( 2, 1) =  0
( 3, 1) =  -7.91249e+22
( 1, 2) =  4.57104e-41
( 2, 2) =  0
( 3, 2) =  0
--- ESMCI::Array::print end ---
--- ESMCI::Array::print start ---
 Base name    = Array002
 Status: Base = Ready,  object = Ready
 Proxy        = no
 Root Info (Attributes):
{
  "ESMF": {
    "Instance": {
      "NamedAliasCount": 0
    }
  }
}Array typekind/rank: Real*8 / 2 
~ lower class' values ~
DistGrid dimCount = 2
deCount = 6
localDeCount = 1
~ local data in LocalArray for DE 2 ~
LocalArrayPrint: Array at address 0xaec8f0:
            rank = 2, typekind = 6, base_addr = 0xaa6d20
            dim[0] = 3  --- ESMCI::Array::print start ---
 Base name    = AonFly
 Status: Base = Ready,  object = Ready
 Proxy        = no
 Root Info (Attributes):

 Proxy        = no
 Root Info (Attributes):
{
  "ESMF": {
    "Instance": {
      "NamedAliasCount": 0
    }
  }
}Array typekind/rank: Real*8 / 2 
~ lower class' values ~
DistGrid dimCount = 2
deCount = 6
localDeCount = 2
~ local data in LocalArray for DE 0 ~
LocalArrayPrint: Array at address 0x1016b40:
            rank = 2, typekind = 6, base_addr = 0xfc1a50
dim[1] = 2  
  Real, *8, Dim 2, Data values:
( 1, 1) =  5.51836e-317
( 2, 1) =  4.24399e-314
( 3, 1) =  4.24399e-314
( 1, 2) =  4.24399e-314
( 2, 2) =  2.122e-314
( 3, 2) =  2.122e-314
--- ESMCI::Array::print end ---
--- ESMCI::Array::print start ---
            dim[0] = 3  dim[1] = 2  
  Real, *8, Dim 2, Data values:
( 1, 1) =  8.16298e-317
( 2, 1) =  4.24399e-314
( 3, 1) =  4.24399e-314
 Base name    = Array003
 Status: Base = Ready,  object = Ready
 Proxy        = no
 Root Info (Attributes):
( 1, 2) =  4.24399e-314
( 2, 2) =  2.122e-314
( 3, 2) =  2.122e-314
~ local data in LocalArray for DE 4 ~
LocalArrayPrint: Array at address 0x1016e70:
            rank = 2, typekind = 6, base_addr = 0x10171a0
            {
  "ESMF": {
    "Instance": {
      "NamedAliasCount": 0
    }
  }
}Array typekind/rank: Real*8 / 2 
~ lower class' values ~
DistGrid dimCount = 2
deCount = 6
localDeCount = 1
~ local data in LocalArray for DE 2 ~
LocalArrayPrint: Array at address 0xaed260:
dim[0] = 3  dim[1] = 1  
  Real, *8, Dim 2, Data values:
( 1, 1) =  6.94462e-310
( 2, 1) =  6.94462e-310
( 3, 1) =  0
--- ESMCI::Array::print end ---
--- ESMCI::Array::print start ---            rank = 2, typekind = 6, base_addr = 0xaa6e00
            dim[0] = 3  dim[1] = 2  
  Real, *8, Dim 2, Data values:
( 1, 1) =  0

 Base name    = Array003
 Status: Base = Ready,  object = Ready
 Proxy        = no
 Root Info (Attributes):
( 2, 1) =  5.04759e+223
( 3, 1) =  5.29584e+160
( 1, 2) =  6.0871e+247
{
  "ESMF": {
    "Instance": {
      "NamedAliasCount": 0
    }
  }
}Array typekind/rank: Real*8 / 2 
~ lower class' values ~
DistGrid dimCount = 2
( 2, 2) =  2.25703e-76
( 3, 2) =  1.0614e-313
--- ESMCI::Array::print end ---
deCount = 6
localDeCount = 2
~ local data in LocalArray for DE 0 ~
LocalArrayPrint: Array at address 0x1017b80:
            rank = 2, typekind = 6, base_addr = 0x1017eb0
            dim[0] = 3  dim[1] = 2  
  Real, *8, Dim 2, Data values:
( 1, 1) =  6.94462e-310
( 2, 1) =  6.94462e-310
( 3, 1) =  0
( 1, 2) =  0
( 2, 2) =  0
( 3, 2) =  0
~ local data in LocalArray for DE 4 ~
LocalArrayPrint: Array at address 0x1017ef0:
            rank = 2, typekind = 6, base_addr = 0x1016a60
            dim[0] = 3  dim[1] = 1  
  Real, *8, Dim 2, Data values:
( 1, 1) =  8.33489e-317
{
  "ESMF": {
    "Instance": {
      "NamedAliasCount": 0
    }
  }
}{
  "ESMF": {
    "Instance": {
      "NamedAliasCount": 0
    }
  }
}Array typekind/rank: Real*4 / 2 
~ lower class' values ~
( 2, 1) =  2.122e-314
( 3, 1) =  0
--- ESMCI::Array::print end ---
Array typekind/rank: Real*4 / 2 
~ lower class' values ~
DistGrid dimCount = 2
deCount = 6
localDeCount = 2
~ local data in LocalArray for DE 1 ~
LocalArrayPrint: Array at address 0x94c740:
DistGrid dimCount = 2
deCount = 6
localDeCount = 1
~ local data in LocalArray for DE 3 ~
LocalArrayPrint: Array at address 0x1656800:
            rank = 2, typekind = 5, base_addr = 0x169a850
                        rank = 2, typekind = 5, base_addr = 0x98f830
            dim[0] = 2  dim[1] = 2  
  Real, *4, Dim 2, Data values:
dim[0] = 2  dim[1] = 2  
  Real, *4, Dim 2, Data values:
( 1, 1) =  1.4059e-38
( 2, 1) =  0
( 1, 2) =  2.8026e-45
( 1, 1) =  4.2932e-38
( 2, 1) =  0
( 1, 2) =  -1.9637e+12
( 2, 2) =  4.59107e-41
--- ESMCI::Array::print end ---( 2, 2) =  1.4013e-45
~ local data in LocalArray for DE 5 ~
LocalArrayPrint: Array at address 0x94ca70:
            rank = 2, typekind = 5, base_addr = 0x94c680
            dim[0] = 2  
--- ESMCI::Array::print start ---
 Base name    = Array002
 Status: Base = Readydim[1] = 1  
  Real, *4, Dim 2, Data values:
( 1, 1) =  1.36628e-38
( 2, 1) =  0
  PASS  Example ESMF_ArrayBundleEx, ESMF_ArrayBundleEx.F90, line 267
,  object = Ready
 Proxy        = no
 Root Info (Attributes):
--- ESMCI::Array::print end ---
--- ESMCI::Array::print start ---
 Base name    = Array002
 Status: Base = Ready,  object = Ready
 Proxy        = no  PASS  Example ESMF_ArrayBundleEx, ESMF_ArrayBundleEx.F90, line 267

 Root Info (Attributes):
{
  "ESMF": {
    "Instance": {
      "NamedAliasCount": 0
    }
  }
}Array typekind/rank: Real*8 / 2 
~ lower class' values ~
DistGrid dimCount = 2
deCount = 6
localDeCount = 1
~ local data in LocalArray for DE 3 ~
LocalArrayPrint: Array at address 0x169a8f0:
            rank = 2, typekind = 6, base_addr = 0x169dfc0
{
  "ESMF": {
    "Instance": {
      "NamedAliasCount": 0
    }
  }
}Array typekind/rank: Real*8 / 2 
~ lower class' values ~
DistGrid dimCount = 2
deCount = 6
            dim[0] = 2  dim[1] = 2  
  Real, *8, Dim 2, Data values:
localDeCount = 2
~ local data in LocalArray for DE 1 ~
LocalArrayPrint: Array at address 0x98f8d0:
            rank = 2, typekind = 6, base_addr = 0x949d70
            ( 1, 1) =  1.15957e-316
( 2, 1) =  0
( 1, 2) =  0
( 2, 2) =  0
--- ESMCI::Array::print end ---
dim[0] = 2  dim[1] = 2  
  Real, *8, Dim 2, Data values:
( 1, 1) =  4.81198e-317
--- ESMCI::Array::print start ---
 Base name    = Array003
 Status: Base = Ready,  object = Ready( 2, 1) =  0
( 1, 2) =  0
( 2, 2) =  0
~ local data in LocalArray for DE 5 ~
LocalArrayPrint: Array at address 0x98fc00:

 Proxy        = no
 Root Info (Attributes):
            rank = 2, typekind = 6, base_addr = 0x98ff30
            dim[0] = 2  dim[1] = 1  
  Real, *8, Dim 2, Data values:
( 1, 1) =  6.94899e-310
( 2, 1) =  6.94899e-310
--- ESMCI::Array::print end ---{
  "ESMF": {
    "Instance": {
      "NamedAliasCount": 0
    }
  }
}Array typekind/rank: Real*8 / 2 
~ lower class' values ~
DistGrid dimCount = 2
deCount = 6
localDeCount = 1

--- ESMCI::Array::print start ---
 Base name    = Array003
 Status: Base = Ready,  object = ~ local data in LocalArray for DE 3 ~
LocalArrayPrint: Array at address 0x169b220:
            rank = 2, typekind = 6, base_addr = 0x1675030
            dim[0] = 2  dim[1] = 2  Ready
 Proxy        = no
 Root Info (Attributes):

  Real, *8, Dim 2, Data values:
( 1, 1) =  1.15957e-316
( 2, 1) =  6.97844e+252
( 1, 2) =  1.56155e-317
( 2, 2) =  0
{
  "ESMF": {
    "Instance": {
      "NamedAliasCount": 0
    }
  }
}Array typekind/rank: Real*8 / 2 
~ lower class' values ~
DistGrid dimCount = 2
deCount = 6
localDeCount = 2
--- ESMCI::Array::print end ---
~ local data in LocalArray for DE 1 ~
LocalArrayPrint: Array at address 0x9906b0:
            rank = 2, typekind = 6, base_addr = 0x992ff0
            dim[0] = 2  dim[1] = 2  
  Real, *8, Dim 2, Data values:
( 1, 1) =  4.81198e-317
( 2, 1) =  6.97844e+252
( 1, 2) =  1.56155e-317
( 2, 2) =  0
~ local data in LocalArray for DE 5 ~
LocalArrayPrint: Array at address 0x9909e0:
            rank = 2, typekind = 6, base_addr = 0x949d50
            dim[0] = 2  dim[1] = 1  
  Real, *8, Dim 2, Data values:
( 1, 1) =  4.95299e-317
( 2, 1) =  2.122e-314
--- ESMCI::Array::print end ---
  PASS  Example ESMF_ArrayBundleEx, ESMF_ArrayBundleEx.F90, line 267
  PASS  Example ESMF_ArrayBundleEx, ESMF_ArrayBundleEx.F90, line 267
 PASS: ESMF_ArrayBundleEx.F90
 PASS: ESMF_ArrayBundleEx.F90
 PASS: ESMF_ArrayBundleEx.F90
 PASS: ESMF_ArrayBundleEx.F90
