2026-08-30 01:35:58
20260830 021017.383 INFO             PET0 !!!!!!!!!!!!!!!!!!!!!!!!!!!!!!!!!!!!!!!!!!!!!!!!!!!!!!
20260830 021017.383 INFO             PET0 !!! THE ESMF_LOG IS SET TO OUTPUT ALL LOG MESSAGES !!!
20260830 021017.383 INFO             PET0 !!!     THIS MAY CAUSE SLOWDOWN IN PERFORMANCE     !!!
20260830 021017.383 INFO             PET0 !!! FOR PRODUCTION RUNS, USE:                      !!!
20260830 021017.383 INFO             PET0 !!!                   ESMF_LOGKIND_Multi_On_Error  !!!
20260830 021017.383 INFO             PET0 !!!!!!!!!!!!!!!!!!!!!!!!!!!!!!!!!!!!!!!!!!!!!!!!!!!!!!
20260830 021017.383 INFO             PET0 Running with ESMF Version   : develop+g1082792c4b
20260830 021017.383 INFO             PET0 ESMF library build date/time: "Aug 30 2026" "01:34:05"
20260830 021017.383 INFO             PET0 ESMF library build location : /project/esmf/ESMF-Nightly-Testing-Izumi/intel_20.0.1_mpiuni_O_develop/esmf
20260830 021017.383 INFO             PET0 ESMF_COMM                   : mpiuni
20260830 021017.386 INFO             PET0 ESMF_MOAB                   : enabled
20260830 021017.386 INFO             PET0 ESMF_LAPACK                 : enabled
20260830 021017.386 INFO             PET0 ESMF_NETCDF                 : enabled
20260830 021017.386 INFO             PET0 ESMF_PNETCDF                : disabled
20260830 021017.386 INFO             PET0 ESMF_PIO                    : enabled
20260830 021017.386 INFO             PET0 ESMF_YAMLCPP                : enabled
20260830 021017.389 INFO             PET0  NUMBER_OF_PROCESSORS           1
20260830 021017.389 INFO             PET0  PASS  Example ESMF_InternalStateModEx, ESMF_InternalStateModEx.F90, line 255
20260830 021017.389 INFO             PET0  Finalizing ESMF
