2026-09-11 01:33:54
20260911 020350.514 INFO             PET0 !!!!!!!!!!!!!!!!!!!!!!!!!!!!!!!!!!!!!!!!!!!!!!!!!!!!!!
20260911 020350.514 INFO             PET0 !!! THE ESMF_LOG IS SET TO OUTPUT ALL LOG MESSAGES !!!
20260911 020350.514 INFO             PET0 !!!     THIS MAY CAUSE SLOWDOWN IN PERFORMANCE     !!!
20260911 020350.514 INFO             PET0 !!! FOR PRODUCTION RUNS, USE:                      !!!
20260911 020350.514 INFO             PET0 !!!                   ESMF_LOGKIND_Multi_On_Error  !!!
20260911 020350.514 INFO             PET0 !!!!!!!!!!!!!!!!!!!!!!!!!!!!!!!!!!!!!!!!!!!!!!!!!!!!!!
20260911 020350.514 INFO             PET0 Running with ESMF Version   : develop+gc12f7f42f7
20260911 020350.514 INFO             PET0 ESMF library build date/time: "Sep 11 2026" "01:31:57"
20260911 020350.514 INFO             PET0 ESMF library build location : /project/esmf/ESMF-Nightly-Testing-Izumi/intel_20.0.1_mpiuni_O_develop/esmf
20260911 020350.514 INFO             PET0 ESMF_COMM                   : mpiuni
20260911 020350.516 INFO             PET0 ESMF_MOAB                   : enabled
20260911 020350.516 INFO             PET0 ESMF_LAPACK                 : enabled
20260911 020350.516 INFO             PET0 ESMF_NETCDF                 : enabled
20260911 020350.516 INFO             PET0 ESMF_PNETCDF                : disabled
20260911 020350.516 INFO             PET0 ESMF_PIO                    : enabled
20260911 020350.516 INFO             PET0 ESMF_YAMLCPP                : enabled
20260911 020350.519 INFO             PET0  NUMBER_OF_PROCESSORS           1
20260911 020350.519 INFO             PET0  PASS  Example ESMF_VMNonBlockingEx, ESMF_VMNonBlockingEx.F90, line 433
20260911 020350.519 INFO             PET0  Finalizing ESMF
