2026-09-19 01:33:59
20260919 020431.347 INFO             PET0 !!!!!!!!!!!!!!!!!!!!!!!!!!!!!!!!!!!!!!!!!!!!!!!!!!!!!!
20260919 020431.347 INFO             PET0 !!! THE ESMF_LOG IS SET TO OUTPUT ALL LOG MESSAGES !!!
20260919 020431.347 INFO             PET0 !!!     THIS MAY CAUSE SLOWDOWN IN PERFORMANCE     !!!
20260919 020431.347 INFO             PET0 !!! FOR PRODUCTION RUNS, USE:                      !!!
20260919 020431.347 INFO             PET0 !!!                   ESMF_LOGKIND_Multi_On_Error  !!!
20260919 020431.347 INFO             PET0 !!!!!!!!!!!!!!!!!!!!!!!!!!!!!!!!!!!!!!!!!!!!!!!!!!!!!!
20260919 020431.347 INFO             PET0 Running with ESMF Version   : v9.0.0b19
20260919 020431.347 INFO             PET0 ESMF library build date/time: "Sep 19 2026" "01:32:02"
20260919 020431.347 INFO             PET0 ESMF library build location : /project/esmf/ESMF-Nightly-Testing-Izumi/intel_20.0.1_mpiuni_O_develop/esmf
20260919 020431.347 INFO             PET0 ESMF_COMM                   : mpiuni
20260919 020431.350 INFO             PET0 ESMF_MOAB                   : enabled
20260919 020431.350 INFO             PET0 ESMF_LAPACK                 : enabled
20260919 020431.350 INFO             PET0 ESMF_NETCDF                 : enabled
20260919 020431.350 INFO             PET0 ESMF_PNETCDF                : disabled
20260919 020431.350 INFO             PET0 ESMF_PIO                    : enabled
20260919 020431.350 INFO             PET0 ESMF_YAMLCPP                : enabled
20260919 020431.378 INFO             PET0  NUMBER_OF_PROCESSORS           1
20260919 020431.379 INFO             PET0  PASS  Example ESMF_NUOPCAtmModelEx, ESMF_NUOPCAtmModelEx.F90, line 806
20260919 020431.379 INFO             PET0  Finalizing ESMF
