2026-09-13 23:16:17
20260914 044537.738 INFO             PET0 !!!!!!!!!!!!!!!!!!!!!!!!!!!!!!!!!!!!!!!!!!!!!!!!!!!!!!
20260914 044537.738 INFO             PET0 !!! THE ESMF_LOG IS SET TO OUTPUT ALL LOG MESSAGES !!!
20260914 044537.738 INFO             PET0 !!!     THIS MAY CAUSE SLOWDOWN IN PERFORMANCE     !!!
20260914 044537.738 INFO             PET0 !!! FOR PRODUCTION RUNS, USE:                      !!!
20260914 044537.738 INFO             PET0 !!!                   ESMF_LOGKIND_Multi_On_Error  !!!
20260914 044537.738 INFO             PET0 !!!!!!!!!!!!!!!!!!!!!!!!!!!!!!!!!!!!!!!!!!!!!!!!!!!!!!
20260914 044537.738 INFO             PET0 Running with ESMF Version   : v9.0.0b18
20260914 044537.738 INFO             PET0 ESMF library build date/time: "Sep 13 2026" "23:12:51"
20260914 044537.738 INFO             PET0 ESMF library build location : /discover/nobackup/projects/gmao/SIteam/ESMF_Testing/llvm_22.1.0_mpich_g_develop/esmf
20260914 044537.738 INFO             PET0 ESMF_COMM                   : mpich
20260914 044537.738 INFO             PET0 ESMF_MOAB                   : enabled
20260914 044537.738 INFO             PET0 ESMF_LAPACK                 : enabled
20260914 044537.739 INFO             PET0 ESMF_NETCDF                 : disabled
20260914 044537.739 INFO             PET0 ESMF_PNETCDF                : disabled
20260914 044537.739 INFO             PET0 ESMF_PIO                    : disabled
20260914 044537.739 INFO             PET0 ESMF_YAMLCPP                : enabled
20260914 044537.744 INFO             PET0 =============================================
20260914 044537.744 INFO             PET0 ESMX (Earth System Model eXecutable) STARTING
20260914 044537.744 INFO             PET0 =============================================
20260914 044537.758 DEBUG            PET0 Generic SetVM() is executing for: ESMX_Driver
20260914 044537.759 DEBUG            PET0 Generic SetVM() found no NUOPC Hint for: ESMX_Driver
20260914 044537.759 DEBUG            PET0 Generic SetVM() therefore is NOT calling ESMF_GridCompSetVMMaxPEs() for: ESMX_Driver
20260914 044537.768 INFO             PET0 ESMX_Driver: InitializeGeneric intro.
20260914 044537.768 INFO             PET0   >>>ESMX_Driver: entered Initialize (phase=<none>) without valid internal Clock.
20260914 044537.768 INFO             PET0   ESMX_Driver: InitializeP0 intro.
20260914 044537.768 INFO             PET0     >>>ESMX_Driver: entered Initialize (phase=<none>) without valid internal Clock.
20260914 044537.768 INFO             PET0     <<<ESMX_Driver: leaving Initialize (phase=<none>) without valid internal Clock.
20260914 044537.768 INFO             PET0   ESMX_Driver: InitializeP0 extro.
20260914 044537.768 INFO             PET0   ESMX_Driver: InitializeIPDv02p1 intro.
20260914 044537.768 INFO             PET0     >>>ESMX_Driver: entered Initialize (phase=<none>) without valid internal Clock.
20260914 044537.778 INFO             PET0     ESMX_Driver - Creating model component MDL without petList.
20260914 044537.779 DEBUG            PET0     Generic SetVM() is executing for: MDL
20260914 044537.779 DEBUG            PET0     Generic SetVM() found no NUOPC Hint for: MDL
20260914 044537.779 DEBUG            PET0     Generic SetVM() therefore is NOT calling ESMF_GridCompSetVMMaxPEs() for: MDL
20260914 044537.789 INFO             PET0     ESMX_Driver: IInitAdvertise intro.
20260914 044537.790 INFO             PET0       >>>ESMX_Driver: entered Initialize (phase=<none>) with current time: 2012 10 24 18  0  0   0
20260914 044537.790 INFO             PET0       <<<ESMX_Driver: leaving Initialize (phase=<none>) with current time: 2012 10 24 18  0  0   0
20260914 044537.790 INFO             PET0     ESMX_Driver: IInitAdvertise extro.
20260914 044537.790 INFO             PET0     Message from inside C component Advertise() method
20260914 044537.791 INFO             PET0     ESMX_Driver: IInitAdvertiseFinish intro.
20260914 044537.791 INFO             PET0       >>>ESMX_Driver: entered Initialize (phase=<none>) with current time: 2012 10 24 18  0  0   0
20260914 044537.792 INFO             PET0       <<<ESMX_Driver: leaving Initialize (phase=<none>) with current time: 2012 10 24 18  0  0   0
20260914 044537.792 INFO             PET0     ESMX_Driver: IInitAdvertiseFinish extro.
20260914 044537.792 INFO             PET0     ESMX_Driver: IInitModifyCplLists intro.
20260914 044537.792 INFO             PET0       >>>ESMX_Driver: entered Initialize (phase=<none>) with current time: 2012 10 24 18  0  0   0
20260914 044537.792 INFO             PET0       <<<ESMX_Driver: leaving Initialize (phase=<none>) with current time: 2012 10 24 18  0  0   0
20260914 044537.792 INFO             PET0     ESMX_Driver: IInitModifyCplLists extro.
20260914 044537.792 INFO             PET0     <<<ESMX_Driver: leaving Initialize (phase=<none>) with current time: 2012 10 24 18  0  0   0
20260914 044537.792 INFO             PET0   ESMX_Driver: InitializeIPDv02p1 extro.
20260914 044537.793 INFO             PET0   ESMX_Driver: InitializeIPDv02p3 intro.
20260914 044537.793 INFO             PET0     >>>ESMX_Driver: entered Initialize (phase=<none>) with current time: 2012 10 24 18  0  0   0
20260914 044537.793 INFO             PET0     ESMX_Driver: IInitCheck intro.
20260914 044537.793 INFO             PET0       >>>ESMX_Driver: entered Initialize (phase=<none>) with current time: 2012 10 24 18  0  0   0
20260914 044537.793 INFO             PET0       <<<ESMX_Driver: leaving Initialize (phase=<none>) with current time: 2012 10 24 18  0  0   0
20260914 044537.793 INFO             PET0     ESMX_Driver: IInitCheck extro.
20260914 044537.794 INFO             PET0     ESMX_Driver: IInitRealize intro.
20260914 044537.794 INFO             PET0       >>>ESMX_Driver: entered Initialize (phase=<none>) with current time: 2012 10 24 18  0  0   0
20260914 044537.794 INFO             PET0       <<<ESMX_Driver: leaving Initialize (phase=<none>) with current time: 2012 10 24 18  0  0   0
20260914 044537.794 INFO             PET0     ESMX_Driver: IInitRealize extro.
20260914 044537.794 INFO             PET0     <<<ESMX_Driver: leaving Initialize (phase=<none>) with current time: 2012 10 24 18  0  0   0
20260914 044537.795 INFO             PET0   ESMX_Driver: InitializeIPDv02p3 extro.
20260914 044537.795 INFO             PET0   ESMX_Driver: InitializeIPDv02p5 intro.
20260914 044537.795 INFO             PET0     >>>ESMX_Driver: entered Initialize (phase=<none>) with current time: 2012 10 24 18  0  0   0
20260914 044537.795 INFO             PET0     ESMX_Driver: InitializeIPDv02p5Data intro.
20260914 044537.795 INFO             PET0       >>>ESMX_Driver: entered Initialize (phase=<none>) with current time: 2012 10 24 18  0  0   0
20260914 044537.795 INFO             PET0       ESMX_Driver: InternalInitializeComplete intro.
20260914 044537.795 INFO             PET0         >>>ESMX_Driver: entered Initialize (phase=<none>) with current time: 2012 10 24 18  0  0   0
20260914 044537.796 INFO             PET0         <<<ESMX_Driver: leaving Initialize (phase=<none>) with current time: 2012 10 24 18  0  0   0
20260914 044537.796 INFO             PET0       ESMX_Driver: InternalInitializeComplete extro.
20260914 044537.797 INFO             PET0       ESMX_Driver: loopDataDependentInitialize intro.
20260914 044537.797 INFO             PET0         >>>ESMX_Driver: entered Initialize (phase=<none>) with current time: 2012 10 24 18  0  0   0
20260914 044537.797 INFO             PET0         <<<ESMX_Driver: leaving Initialize (phase=<none>) with current time: 2012 10 24 18  0  0   0
20260914 044537.797 INFO             PET0       ESMX_Driver: loopDataDependentInitialize extro.
20260914 044537.798 INFO             PET0       <<<ESMX_Driver: leaving Initialize (phase=<none>) with current time: 2012 10 24 18  0  0   0
20260914 044537.798 INFO             PET0     ESMX_Driver: InitializeIPDv02p5Data extro.
20260914 044537.798 INFO             PET0     <<<ESMX_Driver: leaving Initialize (phase=<none>) with current time: 2012 10 24 18  0  0   0
20260914 044537.798 INFO             PET0   ESMX_Driver: InitializeIPDv02p5 extro.
20260914 044537.798 INFO             PET0   <<<ESMX_Driver: leaving Initialize (phase=<none>) with current time: 2012 10 24 18  0  0   0
20260914 044537.798 INFO             PET0 ESMX_Driver: InitializeGeneric extro.
20260914 044537.798 INFO             PET0 ESMX_Driver: Run intro.
20260914 044537.798 INFO             PET0   >>>ESMX_Driver: entered Run (phase=RunPhase1) with current time: 2012 10 24 18  0  0   0
20260914 044537.799 INFO             PET0   Message from inside C component Advance() method
20260914 044537.799 INFO             PET0   <<<ESMX_Driver: leaving Run (phase=RunPhase1) with current time: 2012 10 24 19  0  0   0
20260914 044537.799 INFO             PET0 ESMX_Driver: Run extro.
20260914 044537.799 INFO             PET0 ESMX_Driver: Finalize intro.
20260914 044537.799 INFO             PET0   >>>ESMX_Driver: entered Finalize (phase=FinalizePhase1) with current time: 2012 10 24 19  0  0   0
20260914 044537.799 INFO             PET0   Calling Finalize phase 1 for modelComp: MDL
20260914 044537.799 INFO             PET0   Delete modelComp: MDL
20260914 044537.800 INFO             PET0   <<<ESMX_Driver: leaving Finalize (phase=FinalizePhase1) with current time: 2012 10 24 19  0  0   0
20260914 044537.800 INFO             PET0 ESMX_Driver: Finalize extro.
20260914 044537.800 INFO             PET0 =============================================
20260914 044537.800 INFO             PET0 ESMX (Earth System Model eXecutable) FINISHED
20260914 044537.800 INFO             PET0 =============================================
20260914 044537.800 INFO             PET0  Finalizing ESMF
20260914 044537.738 INFO             PET1 !!!!!!!!!!!!!!!!!!!!!!!!!!!!!!!!!!!!!!!!!!!!!!!!!!!!!!
20260914 044537.738 INFO             PET1 !!! THE ESMF_LOG IS SET TO OUTPUT ALL LOG MESSAGES !!!
20260914 044537.738 INFO             PET1 !!!     THIS MAY CAUSE SLOWDOWN IN PERFORMANCE     !!!
20260914 044537.738 INFO             PET1 !!! FOR PRODUCTION RUNS, USE:                      !!!
20260914 044537.738 INFO             PET1 !!!                   ESMF_LOGKIND_Multi_On_Error  !!!
20260914 044537.738 INFO             PET1 !!!!!!!!!!!!!!!!!!!!!!!!!!!!!!!!!!!!!!!!!!!!!!!!!!!!!!
20260914 044537.738 INFO             PET1 Running with ESMF Version   : v9.0.0b18
20260914 044537.738 INFO             PET1 ESMF library build date/time: "Sep 13 2026" "23:12:51"
20260914 044537.738 INFO             PET1 ESMF library build location : /discover/nobackup/projects/gmao/SIteam/ESMF_Testing/llvm_22.1.0_mpich_g_develop/esmf
20260914 044537.738 INFO             PET1 ESMF_COMM                   : mpich
20260914 044537.738 INFO             PET1 ESMF_MOAB                   : enabled
20260914 044537.738 INFO             PET1 ESMF_LAPACK                 : enabled
20260914 044537.738 INFO             PET1 ESMF_NETCDF                 : disabled
20260914 044537.738 INFO             PET1 ESMF_PNETCDF                : disabled
20260914 044537.738 INFO             PET1 ESMF_PIO                    : disabled
20260914 044537.738 INFO             PET1 ESMF_YAMLCPP                : enabled
20260914 044537.744 INFO             PET1 =============================================
20260914 044537.744 INFO             PET1 ESMX (Earth System Model eXecutable) STARTING
20260914 044537.744 INFO             PET1 =============================================
20260914 044537.758 DEBUG            PET1 Generic SetVM() is executing for: ESMX_Driver
20260914 044537.759 DEBUG            PET1 Generic SetVM() found no NUOPC Hint for: ESMX_Driver
20260914 044537.759 DEBUG            PET1 Generic SetVM() therefore is NOT calling ESMF_GridCompSetVMMaxPEs() for: ESMX_Driver
20260914 044537.768 INFO             PET1 ESMX_Driver: InitializeGeneric intro.
20260914 044537.768 INFO             PET1   >>>ESMX_Driver: entered Initialize (phase=<none>) without valid internal Clock.
20260914 044537.768 INFO             PET1   ESMX_Driver: InitializeP0 intro.
20260914 044537.768 INFO             PET1     >>>ESMX_Driver: entered Initialize (phase=<none>) without valid internal Clock.
20260914 044537.768 INFO             PET1     <<<ESMX_Driver: leaving Initialize (phase=<none>) without valid internal Clock.
20260914 044537.768 INFO             PET1   ESMX_Driver: InitializeP0 extro.
20260914 044537.768 INFO             PET1   ESMX_Driver: InitializeIPDv02p1 intro.
20260914 044537.768 INFO             PET1     >>>ESMX_Driver: entered Initialize (phase=<none>) without valid internal Clock.
20260914 044537.778 INFO             PET1     ESMX_Driver - Creating model component MDL without petList.
20260914 044537.779 DEBUG            PET1     Generic SetVM() is executing for: MDL
20260914 044537.779 DEBUG            PET1     Generic SetVM() found no NUOPC Hint for: MDL
20260914 044537.779 DEBUG            PET1     Generic SetVM() therefore is NOT calling ESMF_GridCompSetVMMaxPEs() for: MDL
20260914 044537.790 INFO             PET1     ESMX_Driver: IInitAdvertise intro.
20260914 044537.790 INFO             PET1       >>>ESMX_Driver: entered Initialize (phase=<none>) with current time: 2012 10 24 18  0  0   0
20260914 044537.790 INFO             PET1       <<<ESMX_Driver: leaving Initialize (phase=<none>) with current time: 2012 10 24 18  0  0   0
20260914 044537.790 INFO             PET1     ESMX_Driver: IInitAdvertise extro.
20260914 044537.790 INFO             PET1     Message from inside C component Advertise() method
20260914 044537.791 INFO             PET1     ESMX_Driver: IInitAdvertiseFinish intro.
20260914 044537.791 INFO             PET1       >>>ESMX_Driver: entered Initialize (phase=<none>) with current time: 2012 10 24 18  0  0   0
20260914 044537.792 INFO             PET1       <<<ESMX_Driver: leaving Initialize (phase=<none>) with current time: 2012 10 24 18  0  0   0
20260914 044537.792 INFO             PET1     ESMX_Driver: IInitAdvertiseFinish extro.
20260914 044537.792 INFO             PET1     ESMX_Driver: IInitModifyCplLists intro.
20260914 044537.792 INFO             PET1       >>>ESMX_Driver: entered Initialize (phase=<none>) with current time: 2012 10 24 18  0  0   0
20260914 044537.792 INFO             PET1       <<<ESMX_Driver: leaving Initialize (phase=<none>) with current time: 2012 10 24 18  0  0   0
20260914 044537.792 INFO             PET1     ESMX_Driver: IInitModifyCplLists extro.
20260914 044537.793 INFO             PET1     <<<ESMX_Driver: leaving Initialize (phase=<none>) with current time: 2012 10 24 18  0  0   0
20260914 044537.793 INFO             PET1   ESMX_Driver: InitializeIPDv02p1 extro.
20260914 044537.793 INFO             PET1   ESMX_Driver: InitializeIPDv02p3 intro.
20260914 044537.793 INFO             PET1     >>>ESMX_Driver: entered Initialize (phase=<none>) with current time: 2012 10 24 18  0  0   0
20260914 044537.793 INFO             PET1     ESMX_Driver: IInitCheck intro.
20260914 044537.793 INFO             PET1       >>>ESMX_Driver: entered Initialize (phase=<none>) with current time: 2012 10 24 18  0  0   0
20260914 044537.793 INFO             PET1       <<<ESMX_Driver: leaving Initialize (phase=<none>) with current time: 2012 10 24 18  0  0   0
20260914 044537.793 INFO             PET1     ESMX_Driver: IInitCheck extro.
20260914 044537.794 INFO             PET1     ESMX_Driver: IInitRealize intro.
20260914 044537.794 INFO             PET1       >>>ESMX_Driver: entered Initialize (phase=<none>) with current time: 2012 10 24 18  0  0   0
20260914 044537.794 INFO             PET1       <<<ESMX_Driver: leaving Initialize (phase=<none>) with current time: 2012 10 24 18  0  0   0
20260914 044537.794 INFO             PET1     ESMX_Driver: IInitRealize extro.
20260914 044537.795 INFO             PET1     <<<ESMX_Driver: leaving Initialize (phase=<none>) with current time: 2012 10 24 18  0  0   0
20260914 044537.795 INFO             PET1   ESMX_Driver: InitializeIPDv02p3 extro.
20260914 044537.795 INFO             PET1   ESMX_Driver: InitializeIPDv02p5 intro.
20260914 044537.795 INFO             PET1     >>>ESMX_Driver: entered Initialize (phase=<none>) with current time: 2012 10 24 18  0  0   0
20260914 044537.795 INFO             PET1     ESMX_Driver: InitializeIPDv02p5Data intro.
20260914 044537.795 INFO             PET1       >>>ESMX_Driver: entered Initialize (phase=<none>) with current time: 2012 10 24 18  0  0   0
20260914 044537.795 INFO             PET1       ESMX_Driver: InternalInitializeComplete intro.
20260914 044537.795 INFO             PET1         >>>ESMX_Driver: entered Initialize (phase=<none>) with current time: 2012 10 24 18  0  0   0
20260914 044537.796 INFO             PET1         <<<ESMX_Driver: leaving Initialize (phase=<none>) with current time: 2012 10 24 18  0  0   0
20260914 044537.796 INFO             PET1       ESMX_Driver: InternalInitializeComplete extro.
20260914 044537.797 INFO             PET1       ESMX_Driver: loopDataDependentInitialize intro.
20260914 044537.797 INFO             PET1         >>>ESMX_Driver: entered Initialize (phase=<none>) with current time: 2012 10 24 18  0  0   0
20260914 044537.797 INFO             PET1         <<<ESMX_Driver: leaving Initialize (phase=<none>) with current time: 2012 10 24 18  0  0   0
20260914 044537.797 INFO             PET1       ESMX_Driver: loopDataDependentInitialize extro.
20260914 044537.798 INFO             PET1       <<<ESMX_Driver: leaving Initialize (phase=<none>) with current time: 2012 10 24 18  0  0   0
20260914 044537.798 INFO             PET1     ESMX_Driver: InitializeIPDv02p5Data extro.
20260914 044537.798 INFO             PET1     <<<ESMX_Driver: leaving Initialize (phase=<none>) with current time: 2012 10 24 18  0  0   0
20260914 044537.798 INFO             PET1   ESMX_Driver: InitializeIPDv02p5 extro.
20260914 044537.798 INFO             PET1   <<<ESMX_Driver: leaving Initialize (phase=<none>) with current time: 2012 10 24 18  0  0   0
20260914 044537.798 INFO             PET1 ESMX_Driver: InitializeGeneric extro.
20260914 044537.798 INFO             PET1 ESMX_Driver: Run intro.
20260914 044537.798 INFO             PET1   >>>ESMX_Driver: entered Run (phase=RunPhase1) with current time: 2012 10 24 18  0  0   0
20260914 044537.799 INFO             PET1   Message from inside C component Advance() method
20260914 044537.799 INFO             PET1   <<<ESMX_Driver: leaving Run (phase=RunPhase1) with current time: 2012 10 24 19  0  0   0
20260914 044537.799 INFO             PET1 ESMX_Driver: Run extro.
20260914 044537.799 INFO             PET1 ESMX_Driver: Finalize intro.
20260914 044537.799 INFO             PET1   >>>ESMX_Driver: entered Finalize (phase=FinalizePhase1) with current time: 2012 10 24 19  0  0   0
20260914 044537.799 INFO             PET1   Calling Finalize phase 1 for modelComp: MDL
20260914 044537.799 INFO             PET1   Delete modelComp: MDL
20260914 044537.800 INFO             PET1   <<<ESMX_Driver: leaving Finalize (phase=FinalizePhase1) with current time: 2012 10 24 19  0  0   0
20260914 044537.800 INFO             PET1 ESMX_Driver: Finalize extro.
20260914 044537.800 INFO             PET1 =============================================
20260914 044537.800 INFO             PET1 ESMX (Earth System Model eXecutable) FINISHED
20260914 044537.800 INFO             PET1 =============================================
20260914 044537.800 INFO             PET1  Finalizing ESMF
20260914 044537.738 INFO             PET2 !!!!!!!!!!!!!!!!!!!!!!!!!!!!!!!!!!!!!!!!!!!!!!!!!!!!!!
20260914 044537.738 INFO             PET2 !!! THE ESMF_LOG IS SET TO OUTPUT ALL LOG MESSAGES !!!
20260914 044537.738 INFO             PET2 !!!     THIS MAY CAUSE SLOWDOWN IN PERFORMANCE     !!!
20260914 044537.738 INFO             PET2 !!! FOR PRODUCTION RUNS, USE:                      !!!
20260914 044537.738 INFO             PET2 !!!                   ESMF_LOGKIND_Multi_On_Error  !!!
20260914 044537.738 INFO             PET2 !!!!!!!!!!!!!!!!!!!!!!!!!!!!!!!!!!!!!!!!!!!!!!!!!!!!!!
20260914 044537.738 INFO             PET2 Running with ESMF Version   : v9.0.0b18
20260914 044537.738 INFO             PET2 ESMF library build date/time: "Sep 13 2026" "23:12:51"
20260914 044537.738 INFO             PET2 ESMF library build location : /discover/nobackup/projects/gmao/SIteam/ESMF_Testing/llvm_22.1.0_mpich_g_develop/esmf
20260914 044537.738 INFO             PET2 ESMF_COMM                   : mpich
20260914 044537.738 INFO             PET2 ESMF_MOAB                   : enabled
20260914 044537.738 INFO             PET2 ESMF_LAPACK                 : enabled
20260914 044537.738 INFO             PET2 ESMF_NETCDF                 : disabled
20260914 044537.738 INFO             PET2 ESMF_PNETCDF                : disabled
20260914 044537.738 INFO             PET2 ESMF_PIO                    : disabled
20260914 044537.738 INFO             PET2 ESMF_YAMLCPP                : enabled
20260914 044537.744 INFO             PET2 =============================================
20260914 044537.744 INFO             PET2 ESMX (Earth System Model eXecutable) STARTING
20260914 044537.744 INFO             PET2 =============================================
20260914 044537.758 DEBUG            PET2 Generic SetVM() is executing for: ESMX_Driver
20260914 044537.759 DEBUG            PET2 Generic SetVM() found no NUOPC Hint for: ESMX_Driver
20260914 044537.759 DEBUG            PET2 Generic SetVM() therefore is NOT calling ESMF_GridCompSetVMMaxPEs() for: ESMX_Driver
20260914 044537.768 INFO             PET2 ESMX_Driver: InitializeGeneric intro.
20260914 044537.768 INFO             PET2   >>>ESMX_Driver: entered Initialize (phase=<none>) without valid internal Clock.
20260914 044537.768 INFO             PET2   ESMX_Driver: InitializeP0 intro.
20260914 044537.768 INFO             PET2     >>>ESMX_Driver: entered Initialize (phase=<none>) without valid internal Clock.
20260914 044537.768 INFO             PET2     <<<ESMX_Driver: leaving Initialize (phase=<none>) without valid internal Clock.
20260914 044537.768 INFO             PET2   ESMX_Driver: InitializeP0 extro.
20260914 044537.768 INFO             PET2   ESMX_Driver: InitializeIPDv02p1 intro.
20260914 044537.768 INFO             PET2     >>>ESMX_Driver: entered Initialize (phase=<none>) without valid internal Clock.
20260914 044537.778 INFO             PET2     ESMX_Driver - Creating model component MDL without petList.
20260914 044537.779 DEBUG            PET2     Generic SetVM() is executing for: MDL
20260914 044537.779 DEBUG            PET2     Generic SetVM() found no NUOPC Hint for: MDL
20260914 044537.779 DEBUG            PET2     Generic SetVM() therefore is NOT calling ESMF_GridCompSetVMMaxPEs() for: MDL
20260914 044537.790 INFO             PET2     ESMX_Driver: IInitAdvertise intro.
20260914 044537.790 INFO             PET2       >>>ESMX_Driver: entered Initialize (phase=<none>) with current time: 2012 10 24 18  0  0   0
20260914 044537.790 INFO             PET2       <<<ESMX_Driver: leaving Initialize (phase=<none>) with current time: 2012 10 24 18  0  0   0
20260914 044537.790 INFO             PET2     ESMX_Driver: IInitAdvertise extro.
20260914 044537.790 INFO             PET2     Message from inside C component Advertise() method
20260914 044537.791 INFO             PET2     ESMX_Driver: IInitAdvertiseFinish intro.
20260914 044537.791 INFO             PET2       >>>ESMX_Driver: entered Initialize (phase=<none>) with current time: 2012 10 24 18  0  0   0
20260914 044537.792 INFO             PET2       <<<ESMX_Driver: leaving Initialize (phase=<none>) with current time: 2012 10 24 18  0  0   0
20260914 044537.792 INFO             PET2     ESMX_Driver: IInitAdvertiseFinish extro.
20260914 044537.792 INFO             PET2     ESMX_Driver: IInitModifyCplLists intro.
20260914 044537.792 INFO             PET2       >>>ESMX_Driver: entered Initialize (phase=<none>) with current time: 2012 10 24 18  0  0   0
20260914 044537.792 INFO             PET2       <<<ESMX_Driver: leaving Initialize (phase=<none>) with current time: 2012 10 24 18  0  0   0
20260914 044537.792 INFO             PET2     ESMX_Driver: IInitModifyCplLists extro.
20260914 044537.793 INFO             PET2     <<<ESMX_Driver: leaving Initialize (phase=<none>) with current time: 2012 10 24 18  0  0   0
20260914 044537.793 INFO             PET2   ESMX_Driver: InitializeIPDv02p1 extro.
20260914 044537.793 INFO             PET2   ESMX_Driver: InitializeIPDv02p3 intro.
20260914 044537.793 INFO             PET2     >>>ESMX_Driver: entered Initialize (phase=<none>) with current time: 2012 10 24 18  0  0   0
20260914 044537.793 INFO             PET2     ESMX_Driver: IInitCheck intro.
20260914 044537.793 INFO             PET2       >>>ESMX_Driver: entered Initialize (phase=<none>) with current time: 2012 10 24 18  0  0   0
20260914 044537.793 INFO             PET2       <<<ESMX_Driver: leaving Initialize (phase=<none>) with current time: 2012 10 24 18  0  0   0
20260914 044537.794 INFO             PET2     ESMX_Driver: IInitCheck extro.
20260914 044537.794 INFO             PET2     ESMX_Driver: IInitRealize intro.
20260914 044537.794 INFO             PET2       >>>ESMX_Driver: entered Initialize (phase=<none>) with current time: 2012 10 24 18  0  0   0
20260914 044537.794 INFO             PET2       <<<ESMX_Driver: leaving Initialize (phase=<none>) with current time: 2012 10 24 18  0  0   0
20260914 044537.794 INFO             PET2     ESMX_Driver: IInitRealize extro.
20260914 044537.795 INFO             PET2     <<<ESMX_Driver: leaving Initialize (phase=<none>) with current time: 2012 10 24 18  0  0   0
20260914 044537.795 INFO             PET2   ESMX_Driver: InitializeIPDv02p3 extro.
20260914 044537.795 INFO             PET2   ESMX_Driver: InitializeIPDv02p5 intro.
20260914 044537.795 INFO             PET2     >>>ESMX_Driver: entered Initialize (phase=<none>) with current time: 2012 10 24 18  0  0   0
20260914 044537.795 INFO             PET2     ESMX_Driver: InitializeIPDv02p5Data intro.
20260914 044537.795 INFO             PET2       >>>ESMX_Driver: entered Initialize (phase=<none>) with current time: 2012 10 24 18  0  0   0
20260914 044537.795 INFO             PET2       ESMX_Driver: InternalInitializeComplete intro.
20260914 044537.796 INFO             PET2         >>>ESMX_Driver: entered Initialize (phase=<none>) with current time: 2012 10 24 18  0  0   0
20260914 044537.796 INFO             PET2         <<<ESMX_Driver: leaving Initialize (phase=<none>) with current time: 2012 10 24 18  0  0   0
20260914 044537.796 INFO             PET2       ESMX_Driver: InternalInitializeComplete extro.
20260914 044537.797 INFO             PET2       ESMX_Driver: loopDataDependentInitialize intro.
20260914 044537.797 INFO             PET2         >>>ESMX_Driver: entered Initialize (phase=<none>) with current time: 2012 10 24 18  0  0   0
20260914 044537.797 INFO             PET2         <<<ESMX_Driver: leaving Initialize (phase=<none>) with current time: 2012 10 24 18  0  0   0
20260914 044537.797 INFO             PET2       ESMX_Driver: loopDataDependentInitialize extro.
20260914 044537.798 INFO             PET2       <<<ESMX_Driver: leaving Initialize (phase=<none>) with current time: 2012 10 24 18  0  0   0
20260914 044537.798 INFO             PET2     ESMX_Driver: InitializeIPDv02p5Data extro.
20260914 044537.798 INFO             PET2     <<<ESMX_Driver: leaving Initialize (phase=<none>) with current time: 2012 10 24 18  0  0   0
20260914 044537.798 INFO             PET2   ESMX_Driver: InitializeIPDv02p5 extro.
20260914 044537.798 INFO             PET2   <<<ESMX_Driver: leaving Initialize (phase=<none>) with current time: 2012 10 24 18  0  0   0
20260914 044537.798 INFO             PET2 ESMX_Driver: InitializeGeneric extro.
20260914 044537.798 INFO             PET2 ESMX_Driver: Run intro.
20260914 044537.798 INFO             PET2   >>>ESMX_Driver: entered Run (phase=RunPhase1) with current time: 2012 10 24 18  0  0   0
20260914 044537.799 INFO             PET2   Message from inside C component Advance() method
20260914 044537.799 INFO             PET2   <<<ESMX_Driver: leaving Run (phase=RunPhase1) with current time: 2012 10 24 19  0  0   0
20260914 044537.799 INFO             PET2 ESMX_Driver: Run extro.
20260914 044537.799 INFO             PET2 ESMX_Driver: Finalize intro.
20260914 044537.799 INFO             PET2   >>>ESMX_Driver: entered Finalize (phase=FinalizePhase1) with current time: 2012 10 24 19  0  0   0
20260914 044537.799 INFO             PET2   Calling Finalize phase 1 for modelComp: MDL
20260914 044537.799 INFO             PET2   Delete modelComp: MDL
20260914 044537.800 INFO             PET2   <<<ESMX_Driver: leaving Finalize (phase=FinalizePhase1) with current time: 2012 10 24 19  0  0   0
20260914 044537.800 INFO             PET2 ESMX_Driver: Finalize extro.
20260914 044537.800 INFO             PET2 =============================================
20260914 044537.800 INFO             PET2 ESMX (Earth System Model eXecutable) FINISHED
20260914 044537.800 INFO             PET2 =============================================
20260914 044537.800 INFO             PET2  Finalizing ESMF
20260914 044537.738 INFO             PET3 !!!!!!!!!!!!!!!!!!!!!!!!!!!!!!!!!!!!!!!!!!!!!!!!!!!!!!
20260914 044537.738 INFO             PET3 !!! THE ESMF_LOG IS SET TO OUTPUT ALL LOG MESSAGES !!!
20260914 044537.738 INFO             PET3 !!!     THIS MAY CAUSE SLOWDOWN IN PERFORMANCE     !!!
20260914 044537.738 INFO             PET3 !!! FOR PRODUCTION RUNS, USE:                      !!!
20260914 044537.738 INFO             PET3 !!!                   ESMF_LOGKIND_Multi_On_Error  !!!
20260914 044537.738 INFO             PET3 !!!!!!!!!!!!!!!!!!!!!!!!!!!!!!!!!!!!!!!!!!!!!!!!!!!!!!
20260914 044537.738 INFO             PET3 Running with ESMF Version   : v9.0.0b18
20260914 044537.738 INFO             PET3 ESMF library build date/time: "Sep 13 2026" "23:12:51"
20260914 044537.738 INFO             PET3 ESMF library build location : /discover/nobackup/projects/gmao/SIteam/ESMF_Testing/llvm_22.1.0_mpich_g_develop/esmf
20260914 044537.738 INFO             PET3 ESMF_COMM                   : mpich
20260914 044537.738 INFO             PET3 ESMF_MOAB                   : enabled
20260914 044537.738 INFO             PET3 ESMF_LAPACK                 : enabled
20260914 044537.738 INFO             PET3 ESMF_NETCDF                 : disabled
20260914 044537.738 INFO             PET3 ESMF_PNETCDF                : disabled
20260914 044537.738 INFO             PET3 ESMF_PIO                    : disabled
20260914 044537.738 INFO             PET3 ESMF_YAMLCPP                : enabled
20260914 044537.744 INFO             PET3 =============================================
20260914 044537.744 INFO             PET3 ESMX (Earth System Model eXecutable) STARTING
20260914 044537.744 INFO             PET3 =============================================
20260914 044537.758 DEBUG            PET3 Generic SetVM() is executing for: ESMX_Driver
20260914 044537.759 DEBUG            PET3 Generic SetVM() found no NUOPC Hint for: ESMX_Driver
20260914 044537.759 DEBUG            PET3 Generic SetVM() therefore is NOT calling ESMF_GridCompSetVMMaxPEs() for: ESMX_Driver
20260914 044537.768 INFO             PET3 ESMX_Driver: InitializeGeneric intro.
20260914 044537.768 INFO             PET3   >>>ESMX_Driver: entered Initialize (phase=<none>) without valid internal Clock.
20260914 044537.768 INFO             PET3   ESMX_Driver: InitializeP0 intro.
20260914 044537.768 INFO             PET3     >>>ESMX_Driver: entered Initialize (phase=<none>) without valid internal Clock.
20260914 044537.768 INFO             PET3     <<<ESMX_Driver: leaving Initialize (phase=<none>) without valid internal Clock.
20260914 044537.768 INFO             PET3   ESMX_Driver: InitializeP0 extro.
20260914 044537.768 INFO             PET3   ESMX_Driver: InitializeIPDv02p1 intro.
20260914 044537.768 INFO             PET3     >>>ESMX_Driver: entered Initialize (phase=<none>) without valid internal Clock.
20260914 044537.778 INFO             PET3     ESMX_Driver - Creating model component MDL without petList.
20260914 044537.779 DEBUG            PET3     Generic SetVM() is executing for: MDL
20260914 044537.779 DEBUG            PET3     Generic SetVM() found no NUOPC Hint for: MDL
20260914 044537.779 DEBUG            PET3     Generic SetVM() therefore is NOT calling ESMF_GridCompSetVMMaxPEs() for: MDL
20260914 044537.790 INFO             PET3     ESMX_Driver: IInitAdvertise intro.
20260914 044537.790 INFO             PET3       >>>ESMX_Driver: entered Initialize (phase=<none>) with current time: 2012 10 24 18  0  0   0
20260914 044537.790 INFO             PET3       <<<ESMX_Driver: leaving Initialize (phase=<none>) with current time: 2012 10 24 18  0  0   0
20260914 044537.790 INFO             PET3     ESMX_Driver: IInitAdvertise extro.
20260914 044537.790 INFO             PET3     Message from inside C component Advertise() method
20260914 044537.791 INFO             PET3     ESMX_Driver: IInitAdvertiseFinish intro.
20260914 044537.791 INFO             PET3       >>>ESMX_Driver: entered Initialize (phase=<none>) with current time: 2012 10 24 18  0  0   0
20260914 044537.792 INFO             PET3       <<<ESMX_Driver: leaving Initialize (phase=<none>) with current time: 2012 10 24 18  0  0   0
20260914 044537.792 INFO             PET3     ESMX_Driver: IInitAdvertiseFinish extro.
20260914 044537.792 INFO             PET3     ESMX_Driver: IInitModifyCplLists intro.
20260914 044537.792 INFO             PET3       >>>ESMX_Driver: entered Initialize (phase=<none>) with current time: 2012 10 24 18  0  0   0
20260914 044537.792 INFO             PET3       <<<ESMX_Driver: leaving Initialize (phase=<none>) with current time: 2012 10 24 18  0  0   0
20260914 044537.792 INFO             PET3     ESMX_Driver: IInitModifyCplLists extro.
20260914 044537.793 INFO             PET3     <<<ESMX_Driver: leaving Initialize (phase=<none>) with current time: 2012 10 24 18  0  0   0
20260914 044537.793 INFO             PET3   ESMX_Driver: InitializeIPDv02p1 extro.
20260914 044537.793 INFO             PET3   ESMX_Driver: InitializeIPDv02p3 intro.
20260914 044537.793 INFO             PET3     >>>ESMX_Driver: entered Initialize (phase=<none>) with current time: 2012 10 24 18  0  0   0
20260914 044537.793 INFO             PET3     ESMX_Driver: IInitCheck intro.
20260914 044537.793 INFO             PET3       >>>ESMX_Driver: entered Initialize (phase=<none>) with current time: 2012 10 24 18  0  0   0
20260914 044537.793 INFO             PET3       <<<ESMX_Driver: leaving Initialize (phase=<none>) with current time: 2012 10 24 18  0  0   0
20260914 044537.793 INFO             PET3     ESMX_Driver: IInitCheck extro.
20260914 044537.794 INFO             PET3     ESMX_Driver: IInitRealize intro.
20260914 044537.794 INFO             PET3       >>>ESMX_Driver: entered Initialize (phase=<none>) with current time: 2012 10 24 18  0  0   0
20260914 044537.794 INFO             PET3       <<<ESMX_Driver: leaving Initialize (phase=<none>) with current time: 2012 10 24 18  0  0   0
20260914 044537.794 INFO             PET3     ESMX_Driver: IInitRealize extro.
20260914 044537.795 INFO             PET3     <<<ESMX_Driver: leaving Initialize (phase=<none>) with current time: 2012 10 24 18  0  0   0
20260914 044537.795 INFO             PET3   ESMX_Driver: InitializeIPDv02p3 extro.
20260914 044537.795 INFO             PET3   ESMX_Driver: InitializeIPDv02p5 intro.
20260914 044537.795 INFO             PET3     >>>ESMX_Driver: entered Initialize (phase=<none>) with current time: 2012 10 24 18  0  0   0
20260914 044537.795 INFO             PET3     ESMX_Driver: InitializeIPDv02p5Data intro.
20260914 044537.795 INFO             PET3       >>>ESMX_Driver: entered Initialize (phase=<none>) with current time: 2012 10 24 18  0  0   0
20260914 044537.795 INFO             PET3       ESMX_Driver: InternalInitializeComplete intro.
20260914 044537.796 INFO             PET3         >>>ESMX_Driver: entered Initialize (phase=<none>) with current time: 2012 10 24 18  0  0   0
20260914 044537.796 INFO             PET3         <<<ESMX_Driver: leaving Initialize (phase=<none>) with current time: 2012 10 24 18  0  0   0
20260914 044537.796 INFO             PET3       ESMX_Driver: InternalInitializeComplete extro.
20260914 044537.797 INFO             PET3       ESMX_Driver: loopDataDependentInitialize intro.
20260914 044537.797 INFO             PET3         >>>ESMX_Driver: entered Initialize (phase=<none>) with current time: 2012 10 24 18  0  0   0
20260914 044537.797 INFO             PET3         <<<ESMX_Driver: leaving Initialize (phase=<none>) with current time: 2012 10 24 18  0  0   0
20260914 044537.797 INFO             PET3       ESMX_Driver: loopDataDependentInitialize extro.
20260914 044537.798 INFO             PET3       <<<ESMX_Driver: leaving Initialize (phase=<none>) with current time: 2012 10 24 18  0  0   0
20260914 044537.798 INFO             PET3     ESMX_Driver: InitializeIPDv02p5Data extro.
20260914 044537.798 INFO             PET3     <<<ESMX_Driver: leaving Initialize (phase=<none>) with current time: 2012 10 24 18  0  0   0
20260914 044537.798 INFO             PET3   ESMX_Driver: InitializeIPDv02p5 extro.
20260914 044537.798 INFO             PET3   <<<ESMX_Driver: leaving Initialize (phase=<none>) with current time: 2012 10 24 18  0  0   0
20260914 044537.798 INFO             PET3 ESMX_Driver: InitializeGeneric extro.
20260914 044537.798 INFO             PET3 ESMX_Driver: Run intro.
20260914 044537.798 INFO             PET3   >>>ESMX_Driver: entered Run (phase=RunPhase1) with current time: 2012 10 24 18  0  0   0
20260914 044537.799 INFO             PET3   Message from inside C component Advance() method
20260914 044537.799 INFO             PET3   <<<ESMX_Driver: leaving Run (phase=RunPhase1) with current time: 2012 10 24 19  0  0   0
20260914 044537.799 INFO             PET3 ESMX_Driver: Run extro.
20260914 044537.799 INFO             PET3 ESMX_Driver: Finalize intro.
20260914 044537.799 INFO             PET3   >>>ESMX_Driver: entered Finalize (phase=FinalizePhase1) with current time: 2012 10 24 19  0  0   0
20260914 044537.799 INFO             PET3   Calling Finalize phase 1 for modelComp: MDL
20260914 044537.799 INFO             PET3   Delete modelComp: MDL
20260914 044537.800 INFO             PET3   <<<ESMX_Driver: leaving Finalize (phase=FinalizePhase1) with current time: 2012 10 24 19  0  0   0
20260914 044537.800 INFO             PET3 ESMX_Driver: Finalize extro.
20260914 044537.800 INFO             PET3 =============================================
20260914 044537.800 INFO             PET3 ESMX (Earth System Model eXecutable) FINISHED
20260914 044537.800 INFO             PET3 =============================================
20260914 044537.800 INFO             PET3  Finalizing ESMF
