2026-09-22 02:13:58
[2026-09-22T10:56:43.037] error: couldn't chdir to `/tmp/gfortran_12.3.0_mpi_O_develop/nuopc-app-prototypes/ESMX_AtmOcnProto': No such file or directory: going to /tmp instead

Program received signal SIGSEGV: Segmentation fault - invalid memory reference.

Backtrace for this error:

Program received signal SIGSEGV: Segmentation fault - invalid memory reference.

Backtrace for this error:

Program received signal SIGSEGV: Segmentation fault - invalid memory reference.

Backtrace for this error:

Program received signal SIGSEGV: Segmentation fault - invalid memory reference.

Backtrace for this error:
#0  0x14d54be9325e in ???
#1  0x14d54be92245 in ???
#2  0x14d54ba9a97f in ???
#3  0x14d54ca33f90 in ???
#4  0x14d54ca32883 in ???
#5  0x14d54ca280b5 in ???
#6  0x14d54ca84195 in ???
#7  0x14d54c9fb8af in ???
#0  0x154dcb2d925e in ???
#1  0x154dcb2d8245 in ???
#2  0x154dcaee097f in ???
#3  0x154dcbe79f90 in ???
#4  0x154dcbe78883 in ???
#5  0x154dcbe6e0b5 in ???
#6  0x154dcbeca195 in ???
#7  0x154dcbe418af in ???
#0  0x14df5e38825e in ???
#1  0x14df5e387245 in ???
#2  0x14df5df8f97f in ???
#3  0x14df5ef28f90 in ???
#4  0x14df5ef27883 in ???
#5  0x14df5ef1d0b5 in ???
#6  0x14df5ef79195 in ???
#7  0x14df5eef08af in ???
#0  0x154dc3f5c25e in ???
#1  0x154dc3f5b245 in ???
#2  0x154dc3b6397f in ???
#3  0x154dc4afcf90 in ???
#4  0x154dc4afb883 in ???
#5  0x154dc4af10b5 in ???
#6  0x154dc4b4d195 in ???
#7  0x154dc4ac48af in ???
#8  0x14d54e9092e9 in darshan_log_open
	at /global/homes/s/swowner/jlbez/darshan-3.4.6/darshan-runtime/lib/darshan-core.c:1655
#9  0x14d54e9092e9 in darshan_core_shutdown
	at /global/homes/s/swowner/jlbez/darshan-3.4.6/darshan-runtime/lib/darshan-core.c:564
#8  0x154dcdd4f2e9 in darshan_log_open
	at /global/homes/s/swowner/jlbez/darshan-3.4.6/darshan-runtime/lib/darshan-core.c:1655
#9  0x154dcdd4f2e9 in darshan_core_shutdown
	at /global/homes/s/swowner/jlbez/darshan-3.4.6/darshan-runtime/lib/darshan-core.c:564
#8  0x14df60dfe2e9 in darshan_log_open
	at /global/homes/s/swowner/jlbez/darshan-3.4.6/darshan-runtime/lib/darshan-core.c:1655
#9  0x14df60dfe2e9 in darshan_core_shutdown
	at /global/homes/s/swowner/jlbez/darshan-3.4.6/darshan-runtime/lib/darshan-core.c:564
#8  0x154dc69d22e9 in darshan_log_open
	at /global/homes/s/swowner/jlbez/darshan-3.4.6/darshan-runtime/lib/darshan-core.c:1655
#9  0x154dc69d22e9 in darshan_core_shutdown
	at /global/homes/s/swowner/jlbez/darshan-3.4.6/darshan-runtime/lib/darshan-core.c:564
#10  0x14d54e906673 in MPI_Finalize
	at /global/homes/s/swowner/jlbez/darshan-3.4.6/darshan-runtime/lib/darshan-core-init-finalize.c:89
#11  0x14d54f760c1e in ???
#12  0x14d54f77a658 in ???
#13  0x14d54f74d847 in ???
#10  0x154dcdd4c673 in MPI_Finalize
	at /global/homes/s/swowner/jlbez/darshan-3.4.6/darshan-runtime/lib/darshan-core-init-finalize.c:89
#10  0x14df60dfb673 in MPI_Finalize
	at /global/homes/s/swowner/jlbez/darshan-3.4.6/darshan-runtime/lib/darshan-core-init-finalize.c:89
#11  0x14df61c55c1e in ???
#12  0x14df61c6f658 in ???
#13  0x14df61c42847 in ???
#10  0x154dc69cf673 in MPI_Finalize
	at /global/homes/s/swowner/jlbez/darshan-3.4.6/darshan-runtime/lib/darshan-core-init-finalize.c:89
#14  0x14d54fe0257a in ???
#15  0x14d54fc7135f in ???
#16  0x40c139 in ???
#11  0x154dceba6c1e in ???
#12  0x154dcebc0658 in ???
#13  0x154dceb93847 in ???
#14  0x154dcf24857a in ???
#14  0x14df622f757a in ???
#15  0x14df6216635f in ???
#16  0x40c139 in ???
#17  0x40a91c in ???
#11  0x154dc7829c1e in ???
#12  0x154dc7843658 in ???
#13  0x154dc7816847 in ???
#14  0x154dc7ecb57a in ???
#17  0x40a91c in ???
#18  0x14d54ba83eeb in ???
#19  0x14d54ba83fb4 in ???
#20  0x40a950 in _start
	at ../sysdeps/x86_64/start.S:115
#21  0xffffffffffffffff in ???
#15  0x154dcf0b735f in ???
#16  0x40c139 in ???
#17  0x40a91c in ???
#18  0x154dcaec9eeb in ???
#18  0x14df5df78eeb in ???
#19  0x14df5df78fb4 in ???
#20  0x40a950 in _start
	at ../sysdeps/x86_64/start.S:115
#21  0xffffffffffffffff in ???
#15  0x154dc7d3a35f in ???
#16  0x40c139 in ???
#17  0x40a91c in ???
#18  0x154dc3b4ceeb in ???
#19  0x154dc3b4cfb4 in ???
#20  0x40a950 in _start
#19  0x154dcaec9fb4 in ???
#20  0x40a950 in _start
	at ../sysdeps/x86_64/start.S:115
#21  0xffffffffffffffff in ???
	at ../sysdeps/x86_64/start.S:115
#21  0xffffffffffffffff in ???
srun: error: nid007016: tasks 0-3: Segmentation fault
srun: Terminating StepId=58741144.419
