2026-09-22 02:13:58
[2026-09-22T10:55:21.748] error: couldn't chdir to `/tmp/gfortran_12.3.0_mpi_O_develop/nuopc-app-prototypes/ESMX_StartHereProto': No such file or directory: going to /tmp instead

Program received signal SIGFPE: Floating-point exception - erroneous arithmetic operation.

Backtrace for this error:
#0  0x14b7eb07b25e in ???
#1  0x14b7eb07a245 in ???
#2  0x14b7ead2597f in ???
#3  0x14b7eaaf8a60 in ???
#4  0x14b7eaa72996 in ???
#5  0x14b7eab181f1 in ???
#6  0x14b7ea831fa1 in ???
#7  0x14b7ea8d8d44 in ???
#8  0x14b7ede45b85 in ???
#9  0x14b7ede45b9a in ???
#10  0x14b7ede51abc in ???
#11  0x14b7edddb2b3 in ???
#12  0x14b7edddf343 in ???
#13  0x14b7eddde944 in ???
#14  0x14b7eddde8fd in ???
#15  0x47183c in ???
#16  0x46c92e in ???
#17  0x14b7ee8b4947 in ???
#18  0x14b7ee6f3214 in ???
#19  0x14b7ee6ff713 in ???
#20  0x14b7ee702c8b in ???
#21  0x14b7ee6f257f in ???
#22  0x14b7eee9b709 in ???
#23  0x14b7eed7df5d in ???
#24  0x14b7ef13f8b0 in ???
#25  0x14b7ef140dac in ???
#26  0x42be5a in datainitialize
	at /tmp/gfortran_12.3.0_mpi_O_develop/esmf/DEFAULTINSTALLDIR/include/ESMX/Comps/ESMX_Data/ESMX_Data.F90:1850
#27  0x14b7ee880db3 in ???
#28  0x14b7ee88161c in ???
#29  0x14b7ee882787 in ???
#30  0x14b7eea6ab16 in ???
#31  0x14b7ef25aac9 in ???
#32  0x14b7ee6421ad in ???
#33  0x14b7ee642503 in ???
#34  0x14b7ee958aac in ???
#35  0x14b7ee9726d4 in ???
#36  0x14b7ee641031 in ???
#37  0x14b7eeb71ee8 in ???
#38  0x14b7eedabe95 in ???
#39  0x14b7ef20fcd1 in ???
#40  0x14b7ef21d069 in ???
#41  0x14b7ef244210 in ???
#42  0x14b7ee6421ad in ???
#43  0x14b7ee642503 in ???
#44  0x14b7ee958aac in ???
#45  0x14b7ee9726d4 in ???
#46  0x14b7ee641031 in ???
#47  0x14b7eeb71ee8 in ???
#48  0x14b7eedabe95 in ???
#49  0x40cb62 in esmx_app
	at /tmp/gfortran_12.3.0_mpi_O_develop/esmf/DEFAULTINSTALLDIR/include/ESMX/ESMX_App.F90:385
#50  0x40d241 in main
	at /tmp/gfortran_12.3.0_mpi_O_develop/esmf/DEFAULTINSTALLDIR/include/ESMX/ESMX_App.F90:14
srun: error: nid007016: task 0: Floating point exception
srun: Terminating StepId=58741144.408
[2026-09-22T10:55:22.431] error: *** STEP 58741144.408 ON nid007016 CANCELLED AT 2026-09-22T10:55:22 DUE TO TASK FAILURE ***
srun: error: nid007016: tasks 1-3: Terminated
srun: Force Terminated StepId=58741144.408
