2026-09-22 02:13:58
[2026-09-22T10:55:22.913] error: couldn't chdir to `/tmp/gfortran_12.3.0_mpi_O_develop/nuopc-app-prototypes/ESMX_StartHereProto': No such file or directory: going to /tmp instead

Program received signal SIGFPE: Floating-point exception - erroneous arithmetic operation.

Backtrace for this error:
#0  0x14f39d1f825e in ???
#1  0x14f39d1f7245 in ???
#2  0x14f39cea297f in ???
#3  0x14f39cc75a60 in ???
#4  0x14f39cbef996 in ???
#5  0x14f39cc951f1 in ???
#6  0x14f39c9aefa1 in ???
#7  0x14f39ca55d44 in ???
#8  0x14f39ffc2b85 in ???
#9  0x14f39ffc2b9a in ???
#10  0x14f39ffceabc in ???
#11  0x14f39ff582b3 in ???
#12  0x14f39ff5c343 in ???
#13  0x14f39ff5b944 in ???
#14  0x14f39ff5b8fd in ???
#15  0x47183c in ???
#16  0x46c92e in ???
#17  0x14f3a0a31947 in ???
#18  0x14f3a0870214 in ???
#19  0x14f3a087c713 in ???
#20  0x14f3a087fc8b in ???
#21  0x14f3a086f57f in ???
#22  0x14f3a1018709 in ???
#23  0x14f3a0efaf5d in ???
#24  0x14f3a12bc8b0 in ???
#25  0x14f3a12bddac in ???
#26  0x42be5a in datainitialize
	at /tmp/gfortran_12.3.0_mpi_O_develop/esmf/DEFAULTINSTALLDIR/include/ESMX/Comps/ESMX_Data/ESMX_Data.F90:1850
#27  0x14f3a09fddb3 in ???
#28  0x14f3a09fe61c in ???
#29  0x14f3a09ff787 in ???
#30  0x14f3a0be7b16 in ???
#31  0x14f3a13d7ac9 in ???
#32  0x14f3a07bf1ad in ???
#33  0x14f3a07bf503 in ???
#34  0x14f3a0ad5aac in ???
#35  0x14f3a0aef6d4 in ???
#36  0x14f3a07be031 in ???
#37  0x14f3a0ceeee8 in ???
#38  0x14f3a0f28e95 in ???
#39  0x14f3a138ccd1 in ???
#40  0x14f3a139a069 in ???
#41  0x14f3a13c1210 in ???
#42  0x14f3a07bf1ad in ???
#43  0x14f3a07bf503 in ???
#44  0x14f3a0ad5aac in ???
#45  0x14f3a0aef6d4 in ???
#46  0x14f3a07be031 in ???
#47  0x14f3a0ceeee8 in ???
#48  0x14f3a0f28e95 in ???
#49  0x40cb62 in esmx_app
	at /tmp/gfortran_12.3.0_mpi_O_develop/esmf/DEFAULTINSTALLDIR/include/ESMX/ESMX_App.F90:385
#50  0x40d241 in main
	at /tmp/gfortran_12.3.0_mpi_O_develop/esmf/DEFAULTINSTALLDIR/include/ESMX/ESMX_App.F90:14
srun: error: nid007016: task 0: Floating point exception
srun: Terminating StepId=58741144.409
[2026-09-22T10:55:23.659] error: *** STEP 58741144.409 ON nid007016 CANCELLED AT 2026-09-22T10:55:23 DUE TO TASK FAILURE ***
srun: error: nid007016: tasks 1-3: Terminated
srun: Force Terminated StepId=58741144.409
