2026-09-22 02:13:58
[2026-09-22T10:55:20.689] error: couldn't chdir to `/tmp/gfortran_12.3.0_mpi_O_develop/nuopc-app-prototypes/ESMX_StartHereProto': No such file or directory: going to /tmp instead

Program received signal SIGFPE: Floating-point exception - erroneous arithmetic operation.

Backtrace for this error:
#0  0x154edd3e325e in ???
#1  0x154edd3e2245 in ???
#2  0x154edd08d97f in ???
#3  0x154edce60a60 in ???
#4  0x154edcdda996 in ???
#5  0x154edce801f1 in ???
#6  0x154edcb99fa1 in ???
#7  0x154edcc40d44 in ???
#8  0x154ee01adb85 in ???
#9  0x154ee01adb9a in ???
#10  0x154ee01b9abc in ???
#11  0x154ee01432b3 in ???
#12  0x154ee0147343 in ???
#13  0x154ee0146944 in ???
#14  0x154ee01468fd in ???
#15  0x47183c in ???
#16  0x46c92e in ???
#17  0x154ee0c1c947 in ???
#18  0x154ee0a5b214 in ???
#19  0x154ee0a67713 in ???
#20  0x154ee0a6ac8b in ???
#21  0x154ee0a5a57f in ???
#22  0x154ee1203709 in ???
#23  0x154ee10e5f5d in ???
#24  0x154ee14a78b0 in ???
#25  0x154ee14a8dac in ???
#26  0x42be5a in datainitialize
	at /tmp/gfortran_12.3.0_mpi_O_develop/esmf/DEFAULTINSTALLDIR/include/ESMX/Comps/ESMX_Data/ESMX_Data.F90:1850
#27  0x154ee0be8db3 in ???
#28  0x154ee0be961c in ???
#29  0x154ee0bea787 in ???
#30  0x154ee0dd2b16 in ???
#31  0x154ee15c2ac9 in ???
#32  0x154ee09aa1ad in ???
#33  0x154ee09aa503 in ???
#34  0x154ee0cc0aac in ???
#35  0x154ee0cda6d4 in ???
#36  0x154ee09a9031 in ???
#37  0x154ee0ed9ee8 in ???
#38  0x154ee1113e95 in ???
#39  0x154ee1577cd1 in ???
#40  0x154ee1585069 in ???
#41  0x154ee15ac210 in ???
#42  0x154ee09aa1ad in ???
#43  0x154ee09aa503 in ???
#44  0x154ee0cc0aac in ???
#45  0x154ee0cda6d4 in ???
#46  0x154ee09a9031 in ???
#47  0x154ee0ed9ee8 in ???
#48  0x154ee1113e95 in ???
#49  0x40cb62 in esmx_app
	at /tmp/gfortran_12.3.0_mpi_O_develop/esmf/DEFAULTINSTALLDIR/include/ESMX/ESMX_App.F90:385
#50  0x40d241 in main
	at /tmp/gfortran_12.3.0_mpi_O_develop/esmf/DEFAULTINSTALLDIR/include/ESMX/ESMX_App.F90:14
srun: error: nid007016: task 0: Floating point exception
srun: Terminating StepId=58741144.407
[2026-09-22T10:55:21.266] error: *** STEP 58741144.407 ON nid007016 CANCELLED AT 2026-09-22T10:55:21 DUE TO TASK FAILURE ***
srun: error: nid007016: tasks 1-3: Terminated
srun: Force Terminated StepId=58741144.407
