2026-09-18 04:48:51
20260918 053709.344 INFO             PET0 !!!!!!!!!!!!!!!!!!!!!!!!!!!!!!!!!!!!!!!!!!!!!!!!!!!!!!
20260918 053709.344 INFO             PET0 !!! THE ESMF_LOG IS SET TO OUTPUT ALL LOG MESSAGES !!!
20260918 053709.344 INFO             PET0 !!!     THIS MAY CAUSE SLOWDOWN IN PERFORMANCE     !!!
20260918 053709.344 INFO             PET0 !!! FOR PRODUCTION RUNS, USE:                      !!!
20260918 053709.344 INFO             PET0 !!!                   ESMF_LOGKIND_Multi_On_Error  !!!
20260918 053709.344 INFO             PET0 !!!!!!!!!!!!!!!!!!!!!!!!!!!!!!!!!!!!!!!!!!!!!!!!!!!!!!
20260918 053709.344 INFO             PET0 Running with ESMF Version   : develop+gb6b90e9e0c
20260918 053709.344 INFO             PET0 ESMF library build date/time: "Sep 18 2026" "04:46:22"
20260918 053709.344 INFO             PET0 ESMF library build location : /tmp/nvhpc_25.5_mpi_g_develop/esmf
20260918 053709.344 INFO             PET0 ESMF_COMM                   : mpi
20260918 053709.344 INFO             PET0 ESMF_MOAB                   : enabled
20260918 053709.344 INFO             PET0 ESMF_LAPACK                 : enabled
20260918 053709.344 INFO             PET0 ESMF_NETCDF                 : enabled
20260918 053709.344 INFO             PET0 ESMF_PNETCDF                : disabled
20260918 053709.344 INFO             PET0 ESMF_PIO                    : enabled
20260918 053709.344 INFO             PET0 ESMF_YAMLCPP                : enabled
20260918 053709.348 INFO             PET0  NUMBER_OF_PROCESSORS            4
20260918 053709.348 INFO             PET0  PASS  Example ESMF_ArrayScatterGatherEx, ESMF_ArrayScatterGatherEx.F90, line 328
20260918 053709.348 INFO             PET0  Finalizing ESMF
20260918 053709.344 INFO             PET1 !!!!!!!!!!!!!!!!!!!!!!!!!!!!!!!!!!!!!!!!!!!!!!!!!!!!!!
20260918 053709.344 INFO             PET1 !!! THE ESMF_LOG IS SET TO OUTPUT ALL LOG MESSAGES !!!
20260918 053709.344 INFO             PET1 !!!     THIS MAY CAUSE SLOWDOWN IN PERFORMANCE     !!!
20260918 053709.344 INFO             PET1 !!! FOR PRODUCTION RUNS, USE:                      !!!
20260918 053709.344 INFO             PET1 !!!                   ESMF_LOGKIND_Multi_On_Error  !!!
20260918 053709.344 INFO             PET1 !!!!!!!!!!!!!!!!!!!!!!!!!!!!!!!!!!!!!!!!!!!!!!!!!!!!!!
20260918 053709.344 INFO             PET1 Running with ESMF Version   : develop+gb6b90e9e0c
20260918 053709.344 INFO             PET1 ESMF library build date/time: "Sep 18 2026" "04:46:22"
20260918 053709.344 INFO             PET1 ESMF library build location : /tmp/nvhpc_25.5_mpi_g_develop/esmf
20260918 053709.344 INFO             PET1 ESMF_COMM                   : mpi
20260918 053709.344 INFO             PET1 ESMF_MOAB                   : enabled
20260918 053709.344 INFO             PET1 ESMF_LAPACK                 : enabled
20260918 053709.344 INFO             PET1 ESMF_NETCDF                 : enabled
20260918 053709.344 INFO             PET1 ESMF_PNETCDF                : disabled
20260918 053709.344 INFO             PET1 ESMF_PIO                    : enabled
20260918 053709.344 INFO             PET1 ESMF_YAMLCPP                : enabled
20260918 053709.348 INFO             PET1  NUMBER_OF_PROCESSORS            4
20260918 053709.348 INFO             PET1  PASS  Example ESMF_ArrayScatterGatherEx, ESMF_ArrayScatterGatherEx.F90, line 328
20260918 053709.348 INFO             PET1  Finalizing ESMF
20260918 053709.344 INFO             PET2 !!!!!!!!!!!!!!!!!!!!!!!!!!!!!!!!!!!!!!!!!!!!!!!!!!!!!!
20260918 053709.344 INFO             PET2 !!! THE ESMF_LOG IS SET TO OUTPUT ALL LOG MESSAGES !!!
20260918 053709.344 INFO             PET2 !!!     THIS MAY CAUSE SLOWDOWN IN PERFORMANCE     !!!
20260918 053709.344 INFO             PET2 !!! FOR PRODUCTION RUNS, USE:                      !!!
20260918 053709.344 INFO             PET2 !!!                   ESMF_LOGKIND_Multi_On_Error  !!!
20260918 053709.344 INFO             PET2 !!!!!!!!!!!!!!!!!!!!!!!!!!!!!!!!!!!!!!!!!!!!!!!!!!!!!!
20260918 053709.344 INFO             PET2 Running with ESMF Version   : develop+gb6b90e9e0c
20260918 053709.344 INFO             PET2 ESMF library build date/time: "Sep 18 2026" "04:46:22"
20260918 053709.344 INFO             PET2 ESMF library build location : /tmp/nvhpc_25.5_mpi_g_develop/esmf
20260918 053709.344 INFO             PET2 ESMF_COMM                   : mpi
20260918 053709.344 INFO             PET2 ESMF_MOAB                   : enabled
20260918 053709.344 INFO             PET2 ESMF_LAPACK                 : enabled
20260918 053709.344 INFO             PET2 ESMF_NETCDF                 : enabled
20260918 053709.344 INFO             PET2 ESMF_PNETCDF                : disabled
20260918 053709.344 INFO             PET2 ESMF_PIO                    : enabled
20260918 053709.344 INFO             PET2 ESMF_YAMLCPP                : enabled
20260918 053709.348 INFO             PET2  NUMBER_OF_PROCESSORS            4
20260918 053709.348 INFO             PET2  PASS  Example ESMF_ArrayScatterGatherEx, ESMF_ArrayScatterGatherEx.F90, line 328
20260918 053709.348 INFO             PET2  Finalizing ESMF
20260918 053709.344 INFO             PET3 !!!!!!!!!!!!!!!!!!!!!!!!!!!!!!!!!!!!!!!!!!!!!!!!!!!!!!
20260918 053709.344 INFO             PET3 !!! THE ESMF_LOG IS SET TO OUTPUT ALL LOG MESSAGES !!!
20260918 053709.344 INFO             PET3 !!!     THIS MAY CAUSE SLOWDOWN IN PERFORMANCE     !!!
20260918 053709.344 INFO             PET3 !!! FOR PRODUCTION RUNS, USE:                      !!!
20260918 053709.344 INFO             PET3 !!!                   ESMF_LOGKIND_Multi_On_Error  !!!
20260918 053709.344 INFO             PET3 !!!!!!!!!!!!!!!!!!!!!!!!!!!!!!!!!!!!!!!!!!!!!!!!!!!!!!
20260918 053709.344 INFO             PET3 Running with ESMF Version   : develop+gb6b90e9e0c
20260918 053709.344 INFO             PET3 ESMF library build date/time: "Sep 18 2026" "04:46:22"
20260918 053709.344 INFO             PET3 ESMF library build location : /tmp/nvhpc_25.5_mpi_g_develop/esmf
20260918 053709.344 INFO             PET3 ESMF_COMM                   : mpi
20260918 053709.344 INFO             PET3 ESMF_MOAB                   : enabled
20260918 053709.344 INFO             PET3 ESMF_LAPACK                 : enabled
20260918 053709.344 INFO             PET3 ESMF_NETCDF                 : enabled
20260918 053709.344 INFO             PET3 ESMF_PNETCDF                : disabled
20260918 053709.344 INFO             PET3 ESMF_PIO                    : enabled
20260918 053709.344 INFO             PET3 ESMF_YAMLCPP                : enabled
20260918 053709.348 INFO             PET3  NUMBER_OF_PROCESSORS            4
20260918 053709.348 INFO             PET3  PASS  Example ESMF_ArrayScatterGatherEx, ESMF_ArrayScatterGatherEx.F90, line 328
20260918 053709.348 INFO             PET3  Finalizing ESMF
