2026-09-01 08:12:54
20260901 090246.309 INFO             PET0 !!!!!!!!!!!!!!!!!!!!!!!!!!!!!!!!!!!!!!!!!!!!!!!!!!!!!!
20260901 090246.311 INFO             PET0 !!! THE ESMF_LOG IS SET TO OUTPUT ALL LOG MESSAGES !!!
20260901 090246.311 INFO             PET0 !!!     THIS MAY CAUSE SLOWDOWN IN PERFORMANCE     !!!
20260901 090246.311 INFO             PET0 !!! FOR PRODUCTION RUNS, USE:                      !!!
20260901 090246.311 INFO             PET0 !!!                   ESMF_LOGKIND_Multi_On_Error  !!!
20260901 090246.311 INFO             PET0 !!!!!!!!!!!!!!!!!!!!!!!!!!!!!!!!!!!!!!!!!!!!!!!!!!!!!!
20260901 090246.311 INFO             PET0 Running with ESMF Version   : develop+g849fce6537
20260901 090246.311 INFO             PET0 ESMF library build date/time: "Sep  1 2026" "08:11:17"
20260901 090246.311 INFO             PET0 ESMF library build location : /usr/local/esmf/esmf-testing/gfortran_14.2.0_mpich_g_develop/esmf
20260901 090246.311 INFO             PET0 ESMF_COMM                   : mpich
20260901 090246.311 INFO             PET0 ESMF_MOAB                   : enabled
20260901 090246.311 INFO             PET0 ESMF_LAPACK                 : enabled
20260901 090246.311 INFO             PET0 ESMF_NETCDF                 : enabled
20260901 090246.311 INFO             PET0 ESMF_PNETCDF                : disabled
20260901 090246.311 INFO             PET0 ESMF_PIO                    : enabled
20260901 090246.311 INFO             PET0 ESMF_YAMLCPP                : enabled
20260901 090246.326 INFO             PET0 =============================================
20260901 090246.326 INFO             PET0 ESMX (Earth System Model eXecutable) STARTING
20260901 090246.326 INFO             PET0 =============================================
20260901 090246.345 DEBUG            PET0 Generic SetVM() is executing for: ESMX_Driver
20260901 090246.350 DEBUG            PET0 Generic SetVM() found no NUOPC Hint for: ESMX_Driver
20260901 090246.350 DEBUG            PET0 Generic SetVM() therefore is NOT calling ESMF_GridCompSetVMMaxPEs() for: ESMX_Driver
20260901 090246.394 INFO             PET0 ESMX_Driver: InitializeGeneric intro.
20260901 090246.395 INFO             PET0   >>>ESMX_Driver: entered Initialize (phase=<none>) without valid internal Clock.
20260901 090246.395 INFO             PET0   ESMX_Driver: InitializeP0 intro.
20260901 090246.395 INFO             PET0     >>>ESMX_Driver: entered Initialize (phase=<none>) without valid internal Clock.
20260901 090246.395 INFO             PET0     <<<ESMX_Driver: leaving Initialize (phase=<none>) without valid internal Clock.
20260901 090246.395 INFO             PET0   ESMX_Driver: InitializeP0 extro.
20260901 090246.395 INFO             PET0   ESMX_Driver: InitializeIPDv02p1 intro.
20260901 090246.395 INFO             PET0     >>>ESMX_Driver: entered Initialize (phase=<none>) without valid internal Clock.
20260901 090246.407 INFO             PET0     ESMX_Driver - Creating model component ABC without petList.
20260901 090246.408 DEBUG            PET0     Generic SetVM() is executing for: ABC
20260901 090246.408 DEBUG            PET0     Generic SetVM() found no NUOPC Hint for: ABC
20260901 090246.408 DEBUG            PET0     Generic SetVM() therefore is NOT calling ESMF_GridCompSetVMMaxPEs() for: ABC
20260901 090246.413 INFO             PET0     ABC: InitializeP0 intro.
20260901 090246.413 INFO             PET0       >>>ABC: entered Initialize (phase=<none>) without valid internal Clock.
20260901 090246.414 INFO             PET0       <<<ABC: leaving Initialize (phase=<none>) without valid internal Clock.
20260901 090246.414 INFO             PET0     ABC: InitializeP0 extro.
20260901 090246.416 INFO             PET0     ESMX_Driver: IInitAdvertise intro.
20260901 090246.416 INFO             PET0       >>>ESMX_Driver: entered Initialize (phase=<none>) with current time: 2012 10 24  8  0  0   0
20260901 090246.417 INFO             PET0       <<<ESMX_Driver: leaving Initialize (phase=<none>) with current time: 2012 10 24  8  0  0   0
20260901 090246.417 INFO             PET0     ESMX_Driver: IInitAdvertise extro.
20260901 090246.417 INFO             PET0     ABC: InitializeIPDvXp01 intro.
20260901 090246.417 INFO             PET0       >>>ABC: entered Initialize (phase=IPDvXp01) without valid internal Clock.
20260901 090246.417 INFO             PET0       <<<ABC: leaving Initialize (phase=IPDvXp01) without valid internal Clock.
20260901 090246.417 INFO             PET0     ABC: InitializeIPDvXp01 extro.
20260901 090246.418 INFO             PET0     ESMX_Driver: IInitAdvertiseFinish intro.
20260901 090246.418 INFO             PET0       >>>ESMX_Driver: entered Initialize (phase=<none>) with current time: 2012 10 24  8  0  0   0
20260901 090246.418 INFO             PET0       <<<ESMX_Driver: leaving Initialize (phase=<none>) with current time: 2012 10 24  8  0  0   0
20260901 090246.418 INFO             PET0     ESMX_Driver: IInitAdvertiseFinish extro.
20260901 090246.418 INFO             PET0     ESMX_Driver: IInitModifyCplLists intro.
20260901 090246.418 INFO             PET0       >>>ESMX_Driver: entered Initialize (phase=<none>) with current time: 2012 10 24  8  0  0   0
20260901 090246.418 INFO             PET0       <<<ESMX_Driver: leaving Initialize (phase=<none>) with current time: 2012 10 24  8  0  0   0
20260901 090246.418 INFO             PET0     ESMX_Driver: IInitModifyCplLists extro.
20260901 090246.418 INFO             PET0     <<<ESMX_Driver: leaving Initialize (phase=<none>) with current time: 2012 10 24  8  0  0   0
20260901 090246.418 INFO             PET0   ESMX_Driver: InitializeIPDv02p1 extro.
20260901 090246.418 INFO             PET0   ESMX_Driver: InitializeIPDv02p3 intro.
20260901 090246.418 INFO             PET0     >>>ESMX_Driver: entered Initialize (phase=<none>) with current time: 2012 10 24  8  0  0   0
20260901 090246.418 INFO             PET0     ESMX_Driver: IInitCheck intro.
20260901 090246.418 INFO             PET0       >>>ESMX_Driver: entered Initialize (phase=<none>) with current time: 2012 10 24  8  0  0   0
20260901 090246.418 INFO             PET0       <<<ESMX_Driver: leaving Initialize (phase=<none>) with current time: 2012 10 24  8  0  0   0
20260901 090246.418 INFO             PET0     ESMX_Driver: IInitCheck extro.
20260901 090246.419 INFO             PET0     ABC: InitializeIPDvXp04 intro.
20260901 090246.419 INFO             PET0       >>>ABC: entered Initialize (phase=IPDvXp04) without valid internal Clock.
20260901 090246.419 INFO             PET0       <<<ABC: leaving Initialize (phase=IPDvXp04) without valid internal Clock.
20260901 090246.419 INFO             PET0     ABC: InitializeIPDvXp04 extro.
20260901 090246.419 INFO             PET0     ESMX_Driver: IInitRealize intro.
20260901 090246.419 INFO             PET0       >>>ESMX_Driver: entered Initialize (phase=<none>) with current time: 2012 10 24  8  0  0   0
20260901 090246.419 INFO             PET0       <<<ESMX_Driver: leaving Initialize (phase=<none>) with current time: 2012 10 24  8  0  0   0
20260901 090246.419 INFO             PET0     ESMX_Driver: IInitRealize extro.
20260901 090246.420 INFO             PET0     ABC: InitializeIPDvXp07 intro.
20260901 090246.420 INFO             PET0       >>>ABC: entered Initialize (phase=IPDvXp07) without valid internal Clock.
20260901 090246.420 INFO             PET0       <<<ABC: leaving Initialize (phase=IPDvXp07) with current time: 2012 10 24  8  0  0   0
20260901 090246.420 INFO             PET0     ABC: InitializeIPDvXp07 extro.
20260901 090246.420 INFO             PET0     <<<ESMX_Driver: leaving Initialize (phase=<none>) with current time: 2012 10 24  8  0  0   0
20260901 090246.420 INFO             PET0   ESMX_Driver: InitializeIPDv02p3 extro.
20260901 090246.420 INFO             PET0   ESMX_Driver: InitializeIPDv02p5 intro.
20260901 090246.420 INFO             PET0     >>>ESMX_Driver: entered Initialize (phase=<none>) with current time: 2012 10 24  8  0  0   0
20260901 090246.420 INFO             PET0     ESMX_Driver: InitializeIPDv02p5Data intro.
20260901 090246.420 INFO             PET0       >>>ESMX_Driver: entered Initialize (phase=<none>) with current time: 2012 10 24  8  0  0   0
20260901 090246.420 INFO             PET0       ESMX_Driver: InternalInitializeComplete intro.
20260901 090246.420 INFO             PET0         >>>ESMX_Driver: entered Initialize (phase=<none>) with current time: 2012 10 24  8  0  0   0
20260901 090246.420 INFO             PET0         <<<ESMX_Driver: leaving Initialize (phase=<none>) with current time: 2012 10 24  8  0  0   0
20260901 090246.420 INFO             PET0       ESMX_Driver: InternalInitializeComplete extro.
20260901 090246.420 INFO             PET0       ABC: InitializeIPDvXp08 intro.
20260901 090246.420 INFO             PET0         >>>ABC: entered Initialize (phase=IPDv05p8) with current time: 2012 10 24  8  0  0   0
20260901 090246.420 INFO             PET0         <<<ABC: leaving Initialize (phase=IPDv05p8) with current time: 2012 10 24  8  0  0   0
20260901 090246.420 INFO             PET0       ABC: InitializeIPDvXp08 extro.
20260901 090246.450 INFO             PET0       ESMX_Driver: loopDataDependentInitialize intro.
20260901 090246.450 INFO             PET0         >>>ESMX_Driver: entered Initialize (phase=<none>) with current time: 2012 10 24  8  0  0   0
20260901 090246.462 INFO             PET0         <<<ESMX_Driver: leaving Initialize (phase=<none>) with current time: 2012 10 24  8  0  0   0
20260901 090246.462 INFO             PET0       ESMX_Driver: loopDataDependentInitialize extro.
20260901 090246.462 INFO             PET0       <<<ESMX_Driver: leaving Initialize (phase=<none>) with current time: 2012 10 24  8  0  0   0
20260901 090246.462 INFO             PET0     ESMX_Driver: InitializeIPDv02p5Data extro.
20260901 090246.462 INFO             PET0     <<<ESMX_Driver: leaving Initialize (phase=<none>) with current time: 2012 10 24  8  0  0   0
20260901 090246.462 INFO             PET0   ESMX_Driver: InitializeIPDv02p5 extro.
20260901 090246.462 INFO             PET0   <<<ESMX_Driver: leaving Initialize (phase=<none>) with current time: 2012 10 24  8  0  0   0
20260901 090246.463 INFO             PET0 ESMX_Driver: InitializeGeneric extro.
20260901 090246.463 INFO             PET0 ESMX_Driver: Run intro.
20260901 090246.463 INFO             PET0   >>>ESMX_Driver: entered Run (phase=RunPhase1) with current time: 2012 10 24  8  0  0   0
20260901 090246.463 INFO             PET0   ABC: Run intro.
20260901 090246.463 INFO             PET0     >>>ABC: entered Run (phase=RunPhase1) with current time: 2012 10 24  8  0  0   0
20260901 090246.463 INFO             PET0     <<<ABC: leaving Run (phase=RunPhase1) with current time: 2012 10 24 20  0  0   0
20260901 090246.463 INFO             PET0   ABC: Run extro.
20260901 090246.463 INFO             PET0   <<<ESMX_Driver: leaving Run (phase=RunPhase1) with current time: 2012 10 24 20  0  0   0
20260901 090246.463 INFO             PET0 ESMX_Driver: Run extro.
20260901 090246.463 INFO             PET0 ESMX_Driver: Finalize intro.
20260901 090246.463 INFO             PET0   >>>ESMX_Driver: entered Finalize (phase=FinalizePhase1) with current time: 2012 10 24 20  0  0   0
20260901 090246.463 INFO             PET0   Calling Finalize phase 1 for modelComp: ABC
20260901 090246.463 INFO             PET0   ABC: Finalize intro.
20260901 090246.463 INFO             PET0     >>>ABC: entered Finalize (phase=FinalizePhase1) with current time: 2012 10 24 20  0  0   0
20260901 090246.463 INFO             PET0     <<<ABC: leaving Finalize (phase=FinalizePhase1) with current time: 2012 10 24 20  0  0   0
20260901 090246.463 INFO             PET0   ABC: Finalize extro.
20260901 090246.463 INFO             PET0   Delete modelComp: ABC
20260901 090246.464 INFO             PET0   <<<ESMX_Driver: leaving Finalize (phase=FinalizePhase1) with current time: 2012 10 24 20  0  0   0
20260901 090246.464 INFO             PET0 ESMX_Driver: Finalize extro.
20260901 090246.464 INFO             PET0 =============================================
20260901 090246.464 INFO             PET0 ESMX (Earth System Model eXecutable) FINISHED
20260901 090246.464 INFO             PET0 =============================================
20260901 090246.464 INFO             PET0  Finalizing ESMF
20260901 090246.319 INFO             PET1 !!!!!!!!!!!!!!!!!!!!!!!!!!!!!!!!!!!!!!!!!!!!!!!!!!!!!!
20260901 090246.322 INFO             PET1 !!! THE ESMF_LOG IS SET TO OUTPUT ALL LOG MESSAGES !!!
20260901 090246.323 INFO             PET1 !!!     THIS MAY CAUSE SLOWDOWN IN PERFORMANCE     !!!
20260901 090246.323 INFO             PET1 !!! FOR PRODUCTION RUNS, USE:                      !!!
20260901 090246.323 INFO             PET1 !!!                   ESMF_LOGKIND_Multi_On_Error  !!!
20260901 090246.323 INFO             PET1 !!!!!!!!!!!!!!!!!!!!!!!!!!!!!!!!!!!!!!!!!!!!!!!!!!!!!!
20260901 090246.323 INFO             PET1 Running with ESMF Version   : develop+g849fce6537
20260901 090246.323 INFO             PET1 ESMF library build date/time: "Sep  1 2026" "08:11:17"
20260901 090246.323 INFO             PET1 ESMF library build location : /usr/local/esmf/esmf-testing/gfortran_14.2.0_mpich_g_develop/esmf
20260901 090246.323 INFO             PET1 ESMF_COMM                   : mpich
20260901 090246.323 INFO             PET1 ESMF_MOAB                   : enabled
20260901 090246.323 INFO             PET1 ESMF_LAPACK                 : enabled
20260901 090246.323 INFO             PET1 ESMF_NETCDF                 : enabled
20260901 090246.323 INFO             PET1 ESMF_PNETCDF                : disabled
20260901 090246.323 INFO             PET1 ESMF_PIO                    : enabled
20260901 090246.323 INFO             PET1 ESMF_YAMLCPP                : enabled
20260901 090246.326 INFO             PET1 =============================================
20260901 090246.326 INFO             PET1 ESMX (Earth System Model eXecutable) STARTING
20260901 090246.326 INFO             PET1 =============================================
20260901 090246.346 DEBUG            PET1 Generic SetVM() is executing for: ESMX_Driver
20260901 090246.350 DEBUG            PET1 Generic SetVM() found no NUOPC Hint for: ESMX_Driver
20260901 090246.350 DEBUG            PET1 Generic SetVM() therefore is NOT calling ESMF_GridCompSetVMMaxPEs() for: ESMX_Driver
20260901 090246.382 INFO             PET1 ESMX_Driver: InitializeGeneric intro.
20260901 090246.382 INFO             PET1   >>>ESMX_Driver: entered Initialize (phase=<none>) without valid internal Clock.
20260901 090246.382 INFO             PET1   ESMX_Driver: InitializeP0 intro.
20260901 090246.382 INFO             PET1     >>>ESMX_Driver: entered Initialize (phase=<none>) without valid internal Clock.
20260901 090246.382 INFO             PET1     <<<ESMX_Driver: leaving Initialize (phase=<none>) without valid internal Clock.
20260901 090246.382 INFO             PET1   ESMX_Driver: InitializeP0 extro.
20260901 090246.382 INFO             PET1   ESMX_Driver: InitializeIPDv02p1 intro.
20260901 090246.382 INFO             PET1     >>>ESMX_Driver: entered Initialize (phase=<none>) without valid internal Clock.
20260901 090246.407 INFO             PET1     ESMX_Driver - Creating model component ABC without petList.
20260901 090246.408 DEBUG            PET1     Generic SetVM() is executing for: ABC
20260901 090246.408 DEBUG            PET1     Generic SetVM() found no NUOPC Hint for: ABC
20260901 090246.408 DEBUG            PET1     Generic SetVM() therefore is NOT calling ESMF_GridCompSetVMMaxPEs() for: ABC
20260901 090246.414 INFO             PET1     ABC: InitializeP0 intro.
20260901 090246.414 INFO             PET1       >>>ABC: entered Initialize (phase=<none>) without valid internal Clock.
20260901 090246.415 INFO             PET1       <<<ABC: leaving Initialize (phase=<none>) without valid internal Clock.
20260901 090246.415 INFO             PET1     ABC: InitializeP0 extro.
20260901 090246.422 INFO             PET1     ESMX_Driver: IInitAdvertise intro.
20260901 090246.422 INFO             PET1       >>>ESMX_Driver: entered Initialize (phase=<none>) with current time: 2012 10 24  8  0  0   0
20260901 090246.423 INFO             PET1       <<<ESMX_Driver: leaving Initialize (phase=<none>) with current time: 2012 10 24  8  0  0   0
20260901 090246.423 INFO             PET1     ESMX_Driver: IInitAdvertise extro.
20260901 090246.423 INFO             PET1     ABC: InitializeIPDvXp01 intro.
20260901 090246.423 INFO             PET1       >>>ABC: entered Initialize (phase=IPDvXp01) without valid internal Clock.
20260901 090246.423 INFO             PET1       <<<ABC: leaving Initialize (phase=IPDvXp01) without valid internal Clock.
20260901 090246.423 INFO             PET1     ABC: InitializeIPDvXp01 extro.
20260901 090246.424 INFO             PET1     ESMX_Driver: IInitAdvertiseFinish intro.
20260901 090246.424 INFO             PET1       >>>ESMX_Driver: entered Initialize (phase=<none>) with current time: 2012 10 24  8  0  0   0
20260901 090246.424 INFO             PET1       <<<ESMX_Driver: leaving Initialize (phase=<none>) with current time: 2012 10 24  8  0  0   0
20260901 090246.424 INFO             PET1     ESMX_Driver: IInitAdvertiseFinish extro.
20260901 090246.434 INFO             PET1     ESMX_Driver: IInitModifyCplLists intro.
20260901 090246.434 INFO             PET1       >>>ESMX_Driver: entered Initialize (phase=<none>) with current time: 2012 10 24  8  0  0   0
20260901 090246.434 INFO             PET1       <<<ESMX_Driver: leaving Initialize (phase=<none>) with current time: 2012 10 24  8  0  0   0
20260901 090246.434 INFO             PET1     ESMX_Driver: IInitModifyCplLists extro.
20260901 090246.434 INFO             PET1     <<<ESMX_Driver: leaving Initialize (phase=<none>) with current time: 2012 10 24  8  0  0   0
20260901 090246.434 INFO             PET1   ESMX_Driver: InitializeIPDv02p1 extro.
20260901 090246.434 INFO             PET1   ESMX_Driver: InitializeIPDv02p3 intro.
20260901 090246.434 INFO             PET1     >>>ESMX_Driver: entered Initialize (phase=<none>) with current time: 2012 10 24  8  0  0   0
20260901 090246.434 INFO             PET1     ESMX_Driver: IInitCheck intro.
20260901 090246.434 INFO             PET1       >>>ESMX_Driver: entered Initialize (phase=<none>) with current time: 2012 10 24  8  0  0   0
20260901 090246.435 INFO             PET1       <<<ESMX_Driver: leaving Initialize (phase=<none>) with current time: 2012 10 24  8  0  0   0
20260901 090246.435 INFO             PET1     ESMX_Driver: IInitCheck extro.
20260901 090246.435 INFO             PET1     ABC: InitializeIPDvXp04 intro.
20260901 090246.435 INFO             PET1       >>>ABC: entered Initialize (phase=IPDvXp04) without valid internal Clock.
20260901 090246.435 INFO             PET1       <<<ABC: leaving Initialize (phase=IPDvXp04) without valid internal Clock.
20260901 090246.435 INFO             PET1     ABC: InitializeIPDvXp04 extro.
20260901 090246.435 INFO             PET1     ESMX_Driver: IInitRealize intro.
20260901 090246.435 INFO             PET1       >>>ESMX_Driver: entered Initialize (phase=<none>) with current time: 2012 10 24  8  0  0   0
20260901 090246.435 INFO             PET1       <<<ESMX_Driver: leaving Initialize (phase=<none>) with current time: 2012 10 24  8  0  0   0
20260901 090246.435 INFO             PET1     ESMX_Driver: IInitRealize extro.
20260901 090246.435 INFO             PET1     ABC: InitializeIPDvXp07 intro.
20260901 090246.435 INFO             PET1       >>>ABC: entered Initialize (phase=IPDvXp07) without valid internal Clock.
20260901 090246.435 INFO             PET1       <<<ABC: leaving Initialize (phase=IPDvXp07) with current time: 2012 10 24  8  0  0   0
20260901 090246.435 INFO             PET1     ABC: InitializeIPDvXp07 extro.
20260901 090246.435 INFO             PET1     <<<ESMX_Driver: leaving Initialize (phase=<none>) with current time: 2012 10 24  8  0  0   0
20260901 090246.435 INFO             PET1   ESMX_Driver: InitializeIPDv02p3 extro.
20260901 090246.436 INFO             PET1   ESMX_Driver: InitializeIPDv02p5 intro.
20260901 090246.436 INFO             PET1     >>>ESMX_Driver: entered Initialize (phase=<none>) with current time: 2012 10 24  8  0  0   0
20260901 090246.436 INFO             PET1     ESMX_Driver: InitializeIPDv02p5Data intro.
20260901 090246.436 INFO             PET1       >>>ESMX_Driver: entered Initialize (phase=<none>) with current time: 2012 10 24  8  0  0   0
20260901 090246.436 INFO             PET1       ESMX_Driver: InternalInitializeComplete intro.
20260901 090246.436 INFO             PET1         >>>ESMX_Driver: entered Initialize (phase=<none>) with current time: 2012 10 24  8  0  0   0
20260901 090246.436 INFO             PET1         <<<ESMX_Driver: leaving Initialize (phase=<none>) with current time: 2012 10 24  8  0  0   0
20260901 090246.436 INFO             PET1       ESMX_Driver: InternalInitializeComplete extro.
20260901 090246.436 INFO             PET1       ABC: InitializeIPDvXp08 intro.
20260901 090246.436 INFO             PET1         >>>ABC: entered Initialize (phase=IPDv05p8) with current time: 2012 10 24  8  0  0   0
20260901 090246.436 INFO             PET1         <<<ABC: leaving Initialize (phase=IPDv05p8) with current time: 2012 10 24  8  0  0   0
20260901 090246.436 INFO             PET1       ABC: InitializeIPDvXp08 extro.
20260901 090246.446 INFO             PET1       ESMX_Driver: loopDataDependentInitialize intro.
20260901 090246.446 INFO             PET1         >>>ESMX_Driver: entered Initialize (phase=<none>) with current time: 2012 10 24  8  0  0   0
20260901 090246.461 INFO             PET1         <<<ESMX_Driver: leaving Initialize (phase=<none>) with current time: 2012 10 24  8  0  0   0
20260901 090246.461 INFO             PET1       ESMX_Driver: loopDataDependentInitialize extro.
20260901 090246.461 INFO             PET1       <<<ESMX_Driver: leaving Initialize (phase=<none>) with current time: 2012 10 24  8  0  0   0
20260901 090246.461 INFO             PET1     ESMX_Driver: InitializeIPDv02p5Data extro.
20260901 090246.461 INFO             PET1     <<<ESMX_Driver: leaving Initialize (phase=<none>) with current time: 2012 10 24  8  0  0   0
20260901 090246.461 INFO             PET1   ESMX_Driver: InitializeIPDv02p5 extro.
20260901 090246.461 INFO             PET1   <<<ESMX_Driver: leaving Initialize (phase=<none>) with current time: 2012 10 24  8  0  0   0
20260901 090246.461 INFO             PET1 ESMX_Driver: InitializeGeneric extro.
20260901 090246.461 INFO             PET1 ESMX_Driver: Run intro.
20260901 090246.462 INFO             PET1   >>>ESMX_Driver: entered Run (phase=RunPhase1) with current time: 2012 10 24  8  0  0   0
20260901 090246.462 INFO             PET1   ABC: Run intro.
20260901 090246.462 INFO             PET1     >>>ABC: entered Run (phase=RunPhase1) with current time: 2012 10 24  8  0  0   0
20260901 090246.462 INFO             PET1     <<<ABC: leaving Run (phase=RunPhase1) with current time: 2012 10 24 20  0  0   0
20260901 090246.462 INFO             PET1   ABC: Run extro.
20260901 090246.462 INFO             PET1   <<<ESMX_Driver: leaving Run (phase=RunPhase1) with current time: 2012 10 24 20  0  0   0
20260901 090246.462 INFO             PET1 ESMX_Driver: Run extro.
20260901 090246.462 INFO             PET1 ESMX_Driver: Finalize intro.
20260901 090246.462 INFO             PET1   >>>ESMX_Driver: entered Finalize (phase=FinalizePhase1) with current time: 2012 10 24 20  0  0   0
20260901 090246.462 INFO             PET1   Calling Finalize phase 1 for modelComp: ABC
20260901 090246.462 INFO             PET1   ABC: Finalize intro.
20260901 090246.462 INFO             PET1     >>>ABC: entered Finalize (phase=FinalizePhase1) with current time: 2012 10 24 20  0  0   0
20260901 090246.463 INFO             PET1     <<<ABC: leaving Finalize (phase=FinalizePhase1) with current time: 2012 10 24 20  0  0   0
20260901 090246.463 INFO             PET1   ABC: Finalize extro.
20260901 090246.463 INFO             PET1   Delete modelComp: ABC
20260901 090246.463 INFO             PET1   <<<ESMX_Driver: leaving Finalize (phase=FinalizePhase1) with current time: 2012 10 24 20  0  0   0
20260901 090246.463 INFO             PET1 ESMX_Driver: Finalize extro.
20260901 090246.463 INFO             PET1 =============================================
20260901 090246.463 INFO             PET1 ESMX (Earth System Model eXecutable) FINISHED
20260901 090246.463 INFO             PET1 =============================================
20260901 090246.463 INFO             PET1  Finalizing ESMF
20260901 090246.309 INFO             PET2 !!!!!!!!!!!!!!!!!!!!!!!!!!!!!!!!!!!!!!!!!!!!!!!!!!!!!!
20260901 090246.310 INFO             PET2 !!! THE ESMF_LOG IS SET TO OUTPUT ALL LOG MESSAGES !!!
20260901 090246.310 INFO             PET2 !!!     THIS MAY CAUSE SLOWDOWN IN PERFORMANCE     !!!
20260901 090246.310 INFO             PET2 !!! FOR PRODUCTION RUNS, USE:                      !!!
20260901 090246.310 INFO             PET2 !!!                   ESMF_LOGKIND_Multi_On_Error  !!!
20260901 090246.310 INFO             PET2 !!!!!!!!!!!!!!!!!!!!!!!!!!!!!!!!!!!!!!!!!!!!!!!!!!!!!!
20260901 090246.310 INFO             PET2 Running with ESMF Version   : develop+g849fce6537
20260901 090246.310 INFO             PET2 ESMF library build date/time: "Sep  1 2026" "08:11:17"
20260901 090246.310 INFO             PET2 ESMF library build location : /usr/local/esmf/esmf-testing/gfortran_14.2.0_mpich_g_develop/esmf
20260901 090246.310 INFO             PET2 ESMF_COMM                   : mpich
20260901 090246.310 INFO             PET2 ESMF_MOAB                   : enabled
20260901 090246.310 INFO             PET2 ESMF_LAPACK                 : enabled
20260901 090246.310 INFO             PET2 ESMF_NETCDF                 : enabled
20260901 090246.310 INFO             PET2 ESMF_PNETCDF                : disabled
20260901 090246.310 INFO             PET2 ESMF_PIO                    : enabled
20260901 090246.310 INFO             PET2 ESMF_YAMLCPP                : enabled
20260901 090246.326 INFO             PET2 =============================================
20260901 090246.326 INFO             PET2 ESMX (Earth System Model eXecutable) STARTING
20260901 090246.326 INFO             PET2 =============================================
20260901 090246.348 DEBUG            PET2 Generic SetVM() is executing for: ESMX_Driver
20260901 090246.351 DEBUG            PET2 Generic SetVM() found no NUOPC Hint for: ESMX_Driver
20260901 090246.352 DEBUG            PET2 Generic SetVM() therefore is NOT calling ESMF_GridCompSetVMMaxPEs() for: ESMX_Driver
20260901 090246.394 INFO             PET2 ESMX_Driver: InitializeGeneric intro.
20260901 090246.394 INFO             PET2   >>>ESMX_Driver: entered Initialize (phase=<none>) without valid internal Clock.
20260901 090246.394 INFO             PET2   ESMX_Driver: InitializeP0 intro.
20260901 090246.394 INFO             PET2     >>>ESMX_Driver: entered Initialize (phase=<none>) without valid internal Clock.
20260901 090246.394 INFO             PET2     <<<ESMX_Driver: leaving Initialize (phase=<none>) without valid internal Clock.
20260901 090246.394 INFO             PET2   ESMX_Driver: InitializeP0 extro.
20260901 090246.394 INFO             PET2   ESMX_Driver: InitializeIPDv02p1 intro.
20260901 090246.394 INFO             PET2     >>>ESMX_Driver: entered Initialize (phase=<none>) without valid internal Clock.
20260901 090246.407 INFO             PET2     ESMX_Driver - Creating model component ABC without petList.
20260901 090246.407 DEBUG            PET2     Generic SetVM() is executing for: ABC
20260901 090246.408 DEBUG            PET2     Generic SetVM() found no NUOPC Hint for: ABC
20260901 090246.408 DEBUG            PET2     Generic SetVM() therefore is NOT calling ESMF_GridCompSetVMMaxPEs() for: ABC
20260901 090246.413 INFO             PET2     ABC: InitializeP0 intro.
20260901 090246.414 INFO             PET2       >>>ABC: entered Initialize (phase=<none>) without valid internal Clock.
20260901 090246.414 INFO             PET2       <<<ABC: leaving Initialize (phase=<none>) without valid internal Clock.
20260901 090246.414 INFO             PET2     ABC: InitializeP0 extro.
20260901 090246.416 INFO             PET2     ESMX_Driver: IInitAdvertise intro.
20260901 090246.417 INFO             PET2       >>>ESMX_Driver: entered Initialize (phase=<none>) with current time: 2012 10 24  8  0  0   0
20260901 090246.417 INFO             PET2       <<<ESMX_Driver: leaving Initialize (phase=<none>) with current time: 2012 10 24  8  0  0   0
20260901 090246.417 INFO             PET2     ESMX_Driver: IInitAdvertise extro.
20260901 090246.417 INFO             PET2     ABC: InitializeIPDvXp01 intro.
20260901 090246.417 INFO             PET2       >>>ABC: entered Initialize (phase=IPDvXp01) without valid internal Clock.
20260901 090246.417 INFO             PET2       <<<ABC: leaving Initialize (phase=IPDvXp01) without valid internal Clock.
20260901 090246.417 INFO             PET2     ABC: InitializeIPDvXp01 extro.
20260901 090246.418 INFO             PET2     ESMX_Driver: IInitAdvertiseFinish intro.
20260901 090246.418 INFO             PET2       >>>ESMX_Driver: entered Initialize (phase=<none>) with current time: 2012 10 24  8  0  0   0
20260901 090246.418 INFO             PET2       <<<ESMX_Driver: leaving Initialize (phase=<none>) with current time: 2012 10 24  8  0  0   0
20260901 090246.418 INFO             PET2     ESMX_Driver: IInitAdvertiseFinish extro.
20260901 090246.418 INFO             PET2     ESMX_Driver: IInitModifyCplLists intro.
20260901 090246.418 INFO             PET2       >>>ESMX_Driver: entered Initialize (phase=<none>) with current time: 2012 10 24  8  0  0   0
20260901 090246.418 INFO             PET2       <<<ESMX_Driver: leaving Initialize (phase=<none>) with current time: 2012 10 24  8  0  0   0
20260901 090246.418 INFO             PET2     ESMX_Driver: IInitModifyCplLists extro.
20260901 090246.418 INFO             PET2     <<<ESMX_Driver: leaving Initialize (phase=<none>) with current time: 2012 10 24  8  0  0   0
20260901 090246.418 INFO             PET2   ESMX_Driver: InitializeIPDv02p1 extro.
20260901 090246.418 INFO             PET2   ESMX_Driver: InitializeIPDv02p3 intro.
20260901 090246.418 INFO             PET2     >>>ESMX_Driver: entered Initialize (phase=<none>) with current time: 2012 10 24  8  0  0   0
20260901 090246.418 INFO             PET2     ESMX_Driver: IInitCheck intro.
20260901 090246.418 INFO             PET2       >>>ESMX_Driver: entered Initialize (phase=<none>) with current time: 2012 10 24  8  0  0   0
20260901 090246.418 INFO             PET2       <<<ESMX_Driver: leaving Initialize (phase=<none>) with current time: 2012 10 24  8  0  0   0
20260901 090246.418 INFO             PET2     ESMX_Driver: IInitCheck extro.
20260901 090246.419 INFO             PET2     ABC: InitializeIPDvXp04 intro.
20260901 090246.419 INFO             PET2       >>>ABC: entered Initialize (phase=IPDvXp04) without valid internal Clock.
20260901 090246.419 INFO             PET2       <<<ABC: leaving Initialize (phase=IPDvXp04) without valid internal Clock.
20260901 090246.419 INFO             PET2     ABC: InitializeIPDvXp04 extro.
20260901 090246.419 INFO             PET2     ESMX_Driver: IInitRealize intro.
20260901 090246.419 INFO             PET2       >>>ESMX_Driver: entered Initialize (phase=<none>) with current time: 2012 10 24  8  0  0   0
20260901 090246.419 INFO             PET2       <<<ESMX_Driver: leaving Initialize (phase=<none>) with current time: 2012 10 24  8  0  0   0
20260901 090246.419 INFO             PET2     ESMX_Driver: IInitRealize extro.
20260901 090246.420 INFO             PET2     ABC: InitializeIPDvXp07 intro.
20260901 090246.420 INFO             PET2       >>>ABC: entered Initialize (phase=IPDvXp07) without valid internal Clock.
20260901 090246.420 INFO             PET2       <<<ABC: leaving Initialize (phase=IPDvXp07) with current time: 2012 10 24  8  0  0   0
20260901 090246.420 INFO             PET2     ABC: InitializeIPDvXp07 extro.
20260901 090246.420 INFO             PET2     <<<ESMX_Driver: leaving Initialize (phase=<none>) with current time: 2012 10 24  8  0  0   0
20260901 090246.420 INFO             PET2   ESMX_Driver: InitializeIPDv02p3 extro.
20260901 090246.420 INFO             PET2   ESMX_Driver: InitializeIPDv02p5 intro.
20260901 090246.420 INFO             PET2     >>>ESMX_Driver: entered Initialize (phase=<none>) with current time: 2012 10 24  8  0  0   0
20260901 090246.420 INFO             PET2     ESMX_Driver: InitializeIPDv02p5Data intro.
20260901 090246.420 INFO             PET2       >>>ESMX_Driver: entered Initialize (phase=<none>) with current time: 2012 10 24  8  0  0   0
20260901 090246.420 INFO             PET2       ESMX_Driver: InternalInitializeComplete intro.
20260901 090246.420 INFO             PET2         >>>ESMX_Driver: entered Initialize (phase=<none>) with current time: 2012 10 24  8  0  0   0
20260901 090246.420 INFO             PET2         <<<ESMX_Driver: leaving Initialize (phase=<none>) with current time: 2012 10 24  8  0  0   0
20260901 090246.420 INFO             PET2       ESMX_Driver: InternalInitializeComplete extro.
20260901 090246.420 INFO             PET2       ABC: InitializeIPDvXp08 intro.
20260901 090246.420 INFO             PET2         >>>ABC: entered Initialize (phase=IPDv05p8) with current time: 2012 10 24  8  0  0   0
20260901 090246.420 INFO             PET2         <<<ABC: leaving Initialize (phase=IPDv05p8) with current time: 2012 10 24  8  0  0   0
20260901 090246.420 INFO             PET2       ABC: InitializeIPDvXp08 extro.
20260901 090246.443 INFO             PET2       ESMX_Driver: loopDataDependentInitialize intro.
20260901 090246.443 INFO             PET2         >>>ESMX_Driver: entered Initialize (phase=<none>) with current time: 2012 10 24  8  0  0   0
20260901 090246.475 INFO             PET2         <<<ESMX_Driver: leaving Initialize (phase=<none>) with current time: 2012 10 24  8  0  0   0
20260901 090246.475 INFO             PET2       ESMX_Driver: loopDataDependentInitialize extro.
20260901 090246.476 INFO             PET2       <<<ESMX_Driver: leaving Initialize (phase=<none>) with current time: 2012 10 24  8  0  0   0
20260901 090246.476 INFO             PET2     ESMX_Driver: InitializeIPDv02p5Data extro.
20260901 090246.476 INFO             PET2     <<<ESMX_Driver: leaving Initialize (phase=<none>) with current time: 2012 10 24  8  0  0   0
20260901 090246.476 INFO             PET2   ESMX_Driver: InitializeIPDv02p5 extro.
20260901 090246.476 INFO             PET2   <<<ESMX_Driver: leaving Initialize (phase=<none>) with current time: 2012 10 24  8  0  0   0
20260901 090246.476 INFO             PET2 ESMX_Driver: InitializeGeneric extro.
20260901 090246.476 INFO             PET2 ESMX_Driver: Run intro.
20260901 090246.476 INFO             PET2   >>>ESMX_Driver: entered Run (phase=RunPhase1) with current time: 2012 10 24  8  0  0   0
20260901 090246.477 INFO             PET2   ABC: Run intro.
20260901 090246.477 INFO             PET2     >>>ABC: entered Run (phase=RunPhase1) with current time: 2012 10 24  8  0  0   0
20260901 090246.477 INFO             PET2     <<<ABC: leaving Run (phase=RunPhase1) with current time: 2012 10 24 20  0  0   0
20260901 090246.477 INFO             PET2   ABC: Run extro.
20260901 090246.477 INFO             PET2   <<<ESMX_Driver: leaving Run (phase=RunPhase1) with current time: 2012 10 24 20  0  0   0
20260901 090246.477 INFO             PET2 ESMX_Driver: Run extro.
20260901 090246.478 INFO             PET2 ESMX_Driver: Finalize intro.
20260901 090246.478 INFO             PET2   >>>ESMX_Driver: entered Finalize (phase=FinalizePhase1) with current time: 2012 10 24 20  0  0   0
20260901 090246.478 INFO             PET2   Calling Finalize phase 1 for modelComp: ABC
20260901 090246.478 INFO             PET2   ABC: Finalize intro.
20260901 090246.478 INFO             PET2     >>>ABC: entered Finalize (phase=FinalizePhase1) with current time: 2012 10 24 20  0  0   0
20260901 090246.478 INFO             PET2     <<<ABC: leaving Finalize (phase=FinalizePhase1) with current time: 2012 10 24 20  0  0   0
20260901 090246.478 INFO             PET2   ABC: Finalize extro.
20260901 090246.478 INFO             PET2   Delete modelComp: ABC
20260901 090246.478 INFO             PET2   <<<ESMX_Driver: leaving Finalize (phase=FinalizePhase1) with current time: 2012 10 24 20  0  0   0
20260901 090246.478 INFO             PET2 ESMX_Driver: Finalize extro.
20260901 090246.478 INFO             PET2 =============================================
20260901 090246.479 INFO             PET2 ESMX (Earth System Model eXecutable) FINISHED
20260901 090246.479 INFO             PET2 =============================================
20260901 090246.479 INFO             PET2  Finalizing ESMF
20260901 090246.314 INFO             PET3 !!!!!!!!!!!!!!!!!!!!!!!!!!!!!!!!!!!!!!!!!!!!!!!!!!!!!!
20260901 090246.318 INFO             PET3 !!! THE ESMF_LOG IS SET TO OUTPUT ALL LOG MESSAGES !!!
20260901 090246.318 INFO             PET3 !!!     THIS MAY CAUSE SLOWDOWN IN PERFORMANCE     !!!
20260901 090246.318 INFO             PET3 !!! FOR PRODUCTION RUNS, USE:                      !!!
20260901 090246.318 INFO             PET3 !!!                   ESMF_LOGKIND_Multi_On_Error  !!!
20260901 090246.318 INFO             PET3 !!!!!!!!!!!!!!!!!!!!!!!!!!!!!!!!!!!!!!!!!!!!!!!!!!!!!!
20260901 090246.318 INFO             PET3 Running with ESMF Version   : develop+g849fce6537
20260901 090246.318 INFO             PET3 ESMF library build date/time: "Sep  1 2026" "08:11:17"
20260901 090246.318 INFO             PET3 ESMF library build location : /usr/local/esmf/esmf-testing/gfortran_14.2.0_mpich_g_develop/esmf
20260901 090246.318 INFO             PET3 ESMF_COMM                   : mpich
20260901 090246.318 INFO             PET3 ESMF_MOAB                   : enabled
20260901 090246.318 INFO             PET3 ESMF_LAPACK                 : enabled
20260901 090246.318 INFO             PET3 ESMF_NETCDF                 : enabled
20260901 090246.318 INFO             PET3 ESMF_PNETCDF                : disabled
20260901 090246.318 INFO             PET3 ESMF_PIO                    : enabled
20260901 090246.318 INFO             PET3 ESMF_YAMLCPP                : enabled
20260901 090246.325 INFO             PET3 =============================================
20260901 090246.326 INFO             PET3 ESMX (Earth System Model eXecutable) STARTING
20260901 090246.326 INFO             PET3 =============================================
20260901 090246.344 DEBUG            PET3 Generic SetVM() is executing for: ESMX_Driver
20260901 090246.363 DEBUG            PET3 Generic SetVM() found no NUOPC Hint for: ESMX_Driver
20260901 090246.363 DEBUG            PET3 Generic SetVM() therefore is NOT calling ESMF_GridCompSetVMMaxPEs() for: ESMX_Driver
20260901 090246.383 INFO             PET3 ESMX_Driver: InitializeGeneric intro.
20260901 090246.383 INFO             PET3   >>>ESMX_Driver: entered Initialize (phase=<none>) without valid internal Clock.
20260901 090246.383 INFO             PET3   ESMX_Driver: InitializeP0 intro.
20260901 090246.384 INFO             PET3     >>>ESMX_Driver: entered Initialize (phase=<none>) without valid internal Clock.
20260901 090246.384 INFO             PET3     <<<ESMX_Driver: leaving Initialize (phase=<none>) without valid internal Clock.
20260901 090246.384 INFO             PET3   ESMX_Driver: InitializeP0 extro.
20260901 090246.384 INFO             PET3   ESMX_Driver: InitializeIPDv02p1 intro.
20260901 090246.384 INFO             PET3     >>>ESMX_Driver: entered Initialize (phase=<none>) without valid internal Clock.
20260901 090246.408 INFO             PET3     ESMX_Driver - Creating model component ABC without petList.
20260901 090246.408 DEBUG            PET3     Generic SetVM() is executing for: ABC
20260901 090246.408 DEBUG            PET3     Generic SetVM() found no NUOPC Hint for: ABC
20260901 090246.408 DEBUG            PET3     Generic SetVM() therefore is NOT calling ESMF_GridCompSetVMMaxPEs() for: ABC
20260901 090246.414 INFO             PET3     ABC: InitializeP0 intro.
20260901 090246.414 INFO             PET3       >>>ABC: entered Initialize (phase=<none>) without valid internal Clock.
20260901 090246.415 INFO             PET3       <<<ABC: leaving Initialize (phase=<none>) without valid internal Clock.
20260901 090246.415 INFO             PET3     ABC: InitializeP0 extro.
20260901 090246.422 INFO             PET3     ESMX_Driver: IInitAdvertise intro.
20260901 090246.422 INFO             PET3       >>>ESMX_Driver: entered Initialize (phase=<none>) with current time: 2012 10 24  8  0  0   0
20260901 090246.423 INFO             PET3       <<<ESMX_Driver: leaving Initialize (phase=<none>) with current time: 2012 10 24  8  0  0   0
20260901 090246.423 INFO             PET3     ESMX_Driver: IInitAdvertise extro.
20260901 090246.423 INFO             PET3     ABC: InitializeIPDvXp01 intro.
20260901 090246.423 INFO             PET3       >>>ABC: entered Initialize (phase=IPDvXp01) without valid internal Clock.
20260901 090246.423 INFO             PET3       <<<ABC: leaving Initialize (phase=IPDvXp01) without valid internal Clock.
20260901 090246.423 INFO             PET3     ABC: InitializeIPDvXp01 extro.
20260901 090246.424 INFO             PET3     ESMX_Driver: IInitAdvertiseFinish intro.
20260901 090246.424 INFO             PET3       >>>ESMX_Driver: entered Initialize (phase=<none>) with current time: 2012 10 24  8  0  0   0
20260901 090246.432 INFO             PET3       <<<ESMX_Driver: leaving Initialize (phase=<none>) with current time: 2012 10 24  8  0  0   0
20260901 090246.432 INFO             PET3     ESMX_Driver: IInitAdvertiseFinish extro.
20260901 090246.432 INFO             PET3     ESMX_Driver: IInitModifyCplLists intro.
20260901 090246.432 INFO             PET3       >>>ESMX_Driver: entered Initialize (phase=<none>) with current time: 2012 10 24  8  0  0   0
20260901 090246.432 INFO             PET3       <<<ESMX_Driver: leaving Initialize (phase=<none>) with current time: 2012 10 24  8  0  0   0
20260901 090246.432 INFO             PET3     ESMX_Driver: IInitModifyCplLists extro.
20260901 090246.432 INFO             PET3     <<<ESMX_Driver: leaving Initialize (phase=<none>) with current time: 2012 10 24  8  0  0   0
20260901 090246.432 INFO             PET3   ESMX_Driver: InitializeIPDv02p1 extro.
20260901 090246.432 INFO             PET3   ESMX_Driver: InitializeIPDv02p3 intro.
20260901 090246.432 INFO             PET3     >>>ESMX_Driver: entered Initialize (phase=<none>) with current time: 2012 10 24  8  0  0   0
20260901 090246.432 INFO             PET3     ESMX_Driver: IInitCheck intro.
20260901 090246.432 INFO             PET3       >>>ESMX_Driver: entered Initialize (phase=<none>) with current time: 2012 10 24  8  0  0   0
20260901 090246.432 INFO             PET3       <<<ESMX_Driver: leaving Initialize (phase=<none>) with current time: 2012 10 24  8  0  0   0
20260901 090246.432 INFO             PET3     ESMX_Driver: IInitCheck extro.
20260901 090246.432 INFO             PET3     ABC: InitializeIPDvXp04 intro.
20260901 090246.432 INFO             PET3       >>>ABC: entered Initialize (phase=IPDvXp04) without valid internal Clock.
20260901 090246.433 INFO             PET3       <<<ABC: leaving Initialize (phase=IPDvXp04) without valid internal Clock.
20260901 090246.433 INFO             PET3     ABC: InitializeIPDvXp04 extro.
20260901 090246.434 INFO             PET3     ESMX_Driver: IInitRealize intro.
20260901 090246.434 INFO             PET3       >>>ESMX_Driver: entered Initialize (phase=<none>) with current time: 2012 10 24  8  0  0   0
20260901 090246.437 INFO             PET3       <<<ESMX_Driver: leaving Initialize (phase=<none>) with current time: 2012 10 24  8  0  0   0
20260901 090246.437 INFO             PET3     ESMX_Driver: IInitRealize extro.
20260901 090246.437 INFO             PET3     ABC: InitializeIPDvXp07 intro.
20260901 090246.437 INFO             PET3       >>>ABC: entered Initialize (phase=IPDvXp07) without valid internal Clock.
20260901 090246.437 INFO             PET3       <<<ABC: leaving Initialize (phase=IPDvXp07) with current time: 2012 10 24  8  0  0   0
20260901 090246.437 INFO             PET3     ABC: InitializeIPDvXp07 extro.
20260901 090246.437 INFO             PET3     <<<ESMX_Driver: leaving Initialize (phase=<none>) with current time: 2012 10 24  8  0  0   0
20260901 090246.437 INFO             PET3   ESMX_Driver: InitializeIPDv02p3 extro.
20260901 090246.438 INFO             PET3   ESMX_Driver: InitializeIPDv02p5 intro.
20260901 090246.438 INFO             PET3     >>>ESMX_Driver: entered Initialize (phase=<none>) with current time: 2012 10 24  8  0  0   0
20260901 090246.438 INFO             PET3     ESMX_Driver: InitializeIPDv02p5Data intro.
20260901 090246.438 INFO             PET3       >>>ESMX_Driver: entered Initialize (phase=<none>) with current time: 2012 10 24  8  0  0   0
20260901 090246.442 INFO             PET3       ESMX_Driver: InternalInitializeComplete intro.
20260901 090246.442 INFO             PET3         >>>ESMX_Driver: entered Initialize (phase=<none>) with current time: 2012 10 24  8  0  0   0
20260901 090246.442 INFO             PET3         <<<ESMX_Driver: leaving Initialize (phase=<none>) with current time: 2012 10 24  8  0  0   0
20260901 090246.442 INFO             PET3       ESMX_Driver: InternalInitializeComplete extro.
20260901 090246.442 INFO             PET3       ABC: InitializeIPDvXp08 intro.
20260901 090246.442 INFO             PET3         >>>ABC: entered Initialize (phase=IPDv05p8) with current time: 2012 10 24  8  0  0   0
20260901 090246.442 INFO             PET3         <<<ABC: leaving Initialize (phase=IPDv05p8) with current time: 2012 10 24  8  0  0   0
20260901 090246.442 INFO             PET3       ABC: InitializeIPDvXp08 extro.
20260901 090246.443 INFO             PET3       ESMX_Driver: loopDataDependentInitialize intro.
20260901 090246.443 INFO             PET3         >>>ESMX_Driver: entered Initialize (phase=<none>) with current time: 2012 10 24  8  0  0   0
20260901 090246.461 INFO             PET3         <<<ESMX_Driver: leaving Initialize (phase=<none>) with current time: 2012 10 24  8  0  0   0
20260901 090246.461 INFO             PET3       ESMX_Driver: loopDataDependentInitialize extro.
20260901 090246.461 INFO             PET3       <<<ESMX_Driver: leaving Initialize (phase=<none>) with current time: 2012 10 24  8  0  0   0
20260901 090246.461 INFO             PET3     ESMX_Driver: InitializeIPDv02p5Data extro.
20260901 090246.461 INFO             PET3     <<<ESMX_Driver: leaving Initialize (phase=<none>) with current time: 2012 10 24  8  0  0   0
20260901 090246.461 INFO             PET3   ESMX_Driver: InitializeIPDv02p5 extro.
20260901 090246.461 INFO             PET3   <<<ESMX_Driver: leaving Initialize (phase=<none>) with current time: 2012 10 24  8  0  0   0
20260901 090246.461 INFO             PET3 ESMX_Driver: InitializeGeneric extro.
20260901 090246.461 INFO             PET3 ESMX_Driver: Run intro.
20260901 090246.462 INFO             PET3   >>>ESMX_Driver: entered Run (phase=RunPhase1) with current time: 2012 10 24  8  0  0   0
20260901 090246.462 INFO             PET3   ABC: Run intro.
20260901 090246.462 INFO             PET3     >>>ABC: entered Run (phase=RunPhase1) with current time: 2012 10 24  8  0  0   0
20260901 090246.462 INFO             PET3     <<<ABC: leaving Run (phase=RunPhase1) with current time: 2012 10 24 20  0  0   0
20260901 090246.462 INFO             PET3   ABC: Run extro.
20260901 090246.462 INFO             PET3   <<<ESMX_Driver: leaving Run (phase=RunPhase1) with current time: 2012 10 24 20  0  0   0
20260901 090246.462 INFO             PET3 ESMX_Driver: Run extro.
20260901 090246.462 INFO             PET3 ESMX_Driver: Finalize intro.
20260901 090246.462 INFO             PET3   >>>ESMX_Driver: entered Finalize (phase=FinalizePhase1) with current time: 2012 10 24 20  0  0   0
20260901 090246.462 INFO             PET3   Calling Finalize phase 1 for modelComp: ABC
20260901 090246.462 INFO             PET3   ABC: Finalize intro.
20260901 090246.462 INFO             PET3     >>>ABC: entered Finalize (phase=FinalizePhase1) with current time: 2012 10 24 20  0  0   0
20260901 090246.463 INFO             PET3     <<<ABC: leaving Finalize (phase=FinalizePhase1) with current time: 2012 10 24 20  0  0   0
20260901 090246.463 INFO             PET3   ABC: Finalize extro.
20260901 090246.463 INFO             PET3   Delete modelComp: ABC
20260901 090246.463 INFO             PET3   <<<ESMX_Driver: leaving Finalize (phase=FinalizePhase1) with current time: 2012 10 24 20  0  0   0
20260901 090246.463 INFO             PET3 ESMX_Driver: Finalize extro.
20260901 090246.463 INFO             PET3 =============================================
20260901 090246.463 INFO             PET3 ESMX (Earth System Model eXecutable) FINISHED
20260901 090246.463 INFO             PET3 =============================================
20260901 090246.463 INFO             PET3  Finalizing ESMF
