2026-09-19 07:59:16
20260919 084851.994 INFO             PET0 !!!!!!!!!!!!!!!!!!!!!!!!!!!!!!!!!!!!!!!!!!!!!!!!!!!!!!
20260919 084851.997 INFO             PET0 !!! THE ESMF_LOG IS SET TO OUTPUT ALL LOG MESSAGES !!!
20260919 084851.997 INFO             PET0 !!!     THIS MAY CAUSE SLOWDOWN IN PERFORMANCE     !!!
20260919 084851.997 INFO             PET0 !!! FOR PRODUCTION RUNS, USE:                      !!!
20260919 084851.997 INFO             PET0 !!!                   ESMF_LOGKIND_Multi_On_Error  !!!
20260919 084851.997 INFO             PET0 !!!!!!!!!!!!!!!!!!!!!!!!!!!!!!!!!!!!!!!!!!!!!!!!!!!!!!
20260919 084851.997 INFO             PET0 Running with ESMF Version   : v9.0.0b19
20260919 084851.997 INFO             PET0 ESMF library build date/time: "Sep 19 2026" "07:57:40"
20260919 084851.997 INFO             PET0 ESMF library build location : /usr/local/esmf/esmf-testing/gfortran_14.2.0_mpich_g_develop/esmf
20260919 084851.997 INFO             PET0 ESMF_COMM                   : mpich
20260919 084851.998 INFO             PET0 ESMF_MOAB                   : enabled
20260919 084851.998 INFO             PET0 ESMF_LAPACK                 : enabled
20260919 084851.998 INFO             PET0 ESMF_NETCDF                 : enabled
20260919 084851.998 INFO             PET0 ESMF_PNETCDF                : disabled
20260919 084851.998 INFO             PET0 ESMF_PIO                    : enabled
20260919 084851.998 INFO             PET0 ESMF_YAMLCPP                : enabled
20260919 084852.016 INFO             PET0 =============================================
20260919 084852.016 INFO             PET0 ESMX (Earth System Model eXecutable) STARTING
20260919 084852.016 INFO             PET0 =============================================
20260919 084852.036 DEBUG            PET0 Generic SetVM() is executing for: ESMX_Driver
20260919 084852.039 DEBUG            PET0 Generic SetVM() found no NUOPC Hint for: ESMX_Driver
20260919 084852.039 DEBUG            PET0 Generic SetVM() therefore is NOT calling ESMF_GridCompSetVMMaxPEs() for: ESMX_Driver
20260919 084852.052 INFO             PET0 ESMX_Driver: InitializeGeneric intro.
20260919 084852.052 INFO             PET0   >>>ESMX_Driver: entered Initialize (phase=<none>) without valid internal Clock.
20260919 084852.052 INFO             PET0   ESMX_Driver: InitializeP0 intro.
20260919 084852.052 INFO             PET0     >>>ESMX_Driver: entered Initialize (phase=<none>) without valid internal Clock.
20260919 084852.052 INFO             PET0     <<<ESMX_Driver: leaving Initialize (phase=<none>) without valid internal Clock.
20260919 084852.052 INFO             PET0   ESMX_Driver: InitializeP0 extro.
20260919 084852.052 INFO             PET0   ESMX_Driver: InitializeIPDv02p1 intro.
20260919 084852.052 INFO             PET0     >>>ESMX_Driver: entered Initialize (phase=<none>) without valid internal Clock.
20260919 084852.058 INFO             PET0     ESMX_Driver - Creating model component MDL without petList.
20260919 084852.193 DEBUG            PET0     Generic SetVM() is executing for: MDL
20260919 084852.193 DEBUG            PET0     Generic SetVM() found no NUOPC Hint for: MDL
20260919 084852.193 DEBUG            PET0     Generic SetVM() therefore is NOT calling ESMF_GridCompSetVMMaxPEs() for: MDL
20260919 084852.208 INFO             PET0     ESMX_Driver: IInitAdvertise intro.
20260919 084852.208 INFO             PET0       >>>ESMX_Driver: entered Initialize (phase=<none>) with current time: 2012 10 24 18  0  0   0
20260919 084852.208 INFO             PET0       <<<ESMX_Driver: leaving Initialize (phase=<none>) with current time: 2012 10 24 18  0  0   0
20260919 084852.208 INFO             PET0     ESMX_Driver: IInitAdvertise extro.
20260919 084852.208 INFO             PET0     Message from inside C component Advertise() method
20260919 084852.211 INFO             PET0     ESMX_Driver: IInitAdvertiseFinish intro.
20260919 084852.211 INFO             PET0       >>>ESMX_Driver: entered Initialize (phase=<none>) with current time: 2012 10 24 18  0  0   0
20260919 084852.211 INFO             PET0       <<<ESMX_Driver: leaving Initialize (phase=<none>) with current time: 2012 10 24 18  0  0   0
20260919 084852.211 INFO             PET0     ESMX_Driver: IInitAdvertiseFinish extro.
20260919 084852.212 INFO             PET0     ESMX_Driver: IInitModifyCplLists intro.
20260919 084852.212 INFO             PET0       >>>ESMX_Driver: entered Initialize (phase=<none>) with current time: 2012 10 24 18  0  0   0
20260919 084852.213 INFO             PET0       <<<ESMX_Driver: leaving Initialize (phase=<none>) with current time: 2012 10 24 18  0  0   0
20260919 084852.213 INFO             PET0     ESMX_Driver: IInitModifyCplLists extro.
20260919 084852.213 INFO             PET0     <<<ESMX_Driver: leaving Initialize (phase=<none>) with current time: 2012 10 24 18  0  0   0
20260919 084852.213 INFO             PET0   ESMX_Driver: InitializeIPDv02p1 extro.
20260919 084852.213 INFO             PET0   ESMX_Driver: InitializeIPDv02p3 intro.
20260919 084852.213 INFO             PET0     >>>ESMX_Driver: entered Initialize (phase=<none>) with current time: 2012 10 24 18  0  0   0
20260919 084852.214 INFO             PET0     ESMX_Driver: IInitCheck intro.
20260919 084852.214 INFO             PET0       >>>ESMX_Driver: entered Initialize (phase=<none>) with current time: 2012 10 24 18  0  0   0
20260919 084852.214 INFO             PET0       <<<ESMX_Driver: leaving Initialize (phase=<none>) with current time: 2012 10 24 18  0  0   0
20260919 084852.214 INFO             PET0     ESMX_Driver: IInitCheck extro.
20260919 084852.214 INFO             PET0     ESMX_Driver: IInitRealize intro.
20260919 084852.214 INFO             PET0       >>>ESMX_Driver: entered Initialize (phase=<none>) with current time: 2012 10 24 18  0  0   0
20260919 084852.214 INFO             PET0       <<<ESMX_Driver: leaving Initialize (phase=<none>) with current time: 2012 10 24 18  0  0   0
20260919 084852.214 INFO             PET0     ESMX_Driver: IInitRealize extro.
20260919 084852.218 INFO             PET0     <<<ESMX_Driver: leaving Initialize (phase=<none>) with current time: 2012 10 24 18  0  0   0
20260919 084852.218 INFO             PET0   ESMX_Driver: InitializeIPDv02p3 extro.
20260919 084852.218 INFO             PET0   ESMX_Driver: InitializeIPDv02p5 intro.
20260919 084852.218 INFO             PET0     >>>ESMX_Driver: entered Initialize (phase=<none>) with current time: 2012 10 24 18  0  0   0
20260919 084852.218 INFO             PET0     ESMX_Driver: InitializeIPDv02p5Data intro.
20260919 084852.218 INFO             PET0       >>>ESMX_Driver: entered Initialize (phase=<none>) with current time: 2012 10 24 18  0  0   0
20260919 084852.219 INFO             PET0       ESMX_Driver: InternalInitializeComplete intro.
20260919 084852.219 INFO             PET0         >>>ESMX_Driver: entered Initialize (phase=<none>) with current time: 2012 10 24 18  0  0   0
20260919 084852.219 INFO             PET0         <<<ESMX_Driver: leaving Initialize (phase=<none>) with current time: 2012 10 24 18  0  0   0
20260919 084852.219 INFO             PET0       ESMX_Driver: InternalInitializeComplete extro.
20260919 084852.221 INFO             PET0       ESMX_Driver: loopDataDependentInitialize intro.
20260919 084852.221 INFO             PET0         >>>ESMX_Driver: entered Initialize (phase=<none>) with current time: 2012 10 24 18  0  0   0
20260919 084852.221 INFO             PET0         <<<ESMX_Driver: leaving Initialize (phase=<none>) with current time: 2012 10 24 18  0  0   0
20260919 084852.221 INFO             PET0       ESMX_Driver: loopDataDependentInitialize extro.
20260919 084852.221 INFO             PET0       <<<ESMX_Driver: leaving Initialize (phase=<none>) with current time: 2012 10 24 18  0  0   0
20260919 084852.221 INFO             PET0     ESMX_Driver: InitializeIPDv02p5Data extro.
20260919 084852.221 INFO             PET0     <<<ESMX_Driver: leaving Initialize (phase=<none>) with current time: 2012 10 24 18  0  0   0
20260919 084852.221 INFO             PET0   ESMX_Driver: InitializeIPDv02p5 extro.
20260919 084852.221 INFO             PET0   <<<ESMX_Driver: leaving Initialize (phase=<none>) with current time: 2012 10 24 18  0  0   0
20260919 084852.221 INFO             PET0 ESMX_Driver: InitializeGeneric extro.
20260919 084852.221 INFO             PET0 ESMX_Driver: Run intro.
20260919 084852.221 INFO             PET0   >>>ESMX_Driver: entered Run (phase=RunPhase1) with current time: 2012 10 24 18  0  0   0
20260919 084852.222 INFO             PET0   Message from inside C component Advance() method
20260919 084852.222 INFO             PET0   <<<ESMX_Driver: leaving Run (phase=RunPhase1) with current time: 2012 10 24 19  0  0   0
20260919 084852.222 INFO             PET0 ESMX_Driver: Run extro.
20260919 084852.222 INFO             PET0 ESMX_Driver: Finalize intro.
20260919 084852.222 INFO             PET0   >>>ESMX_Driver: entered Finalize (phase=FinalizePhase1) with current time: 2012 10 24 19  0  0   0
20260919 084852.222 INFO             PET0   Calling Finalize phase 1 for modelComp: MDL
20260919 084852.222 INFO             PET0   Delete modelComp: MDL
20260919 084852.222 INFO             PET0   <<<ESMX_Driver: leaving Finalize (phase=FinalizePhase1) with current time: 2012 10 24 19  0  0   0
20260919 084852.222 INFO             PET0 ESMX_Driver: Finalize extro.
20260919 084852.222 INFO             PET0 =============================================
20260919 084852.222 INFO             PET0 ESMX (Earth System Model eXecutable) FINISHED
20260919 084852.222 INFO             PET0 =============================================
20260919 084852.222 INFO             PET0  Finalizing ESMF
20260919 084851.999 INFO             PET1 !!!!!!!!!!!!!!!!!!!!!!!!!!!!!!!!!!!!!!!!!!!!!!!!!!!!!!
20260919 084852.008 INFO             PET1 !!! THE ESMF_LOG IS SET TO OUTPUT ALL LOG MESSAGES !!!
20260919 084852.008 INFO             PET1 !!!     THIS MAY CAUSE SLOWDOWN IN PERFORMANCE     !!!
20260919 084852.008 INFO             PET1 !!! FOR PRODUCTION RUNS, USE:                      !!!
20260919 084852.008 INFO             PET1 !!!                   ESMF_LOGKIND_Multi_On_Error  !!!
20260919 084852.008 INFO             PET1 !!!!!!!!!!!!!!!!!!!!!!!!!!!!!!!!!!!!!!!!!!!!!!!!!!!!!!
20260919 084852.008 INFO             PET1 Running with ESMF Version   : v9.0.0b19
20260919 084852.008 INFO             PET1 ESMF library build date/time: "Sep 19 2026" "07:57:40"
20260919 084852.008 INFO             PET1 ESMF library build location : /usr/local/esmf/esmf-testing/gfortran_14.2.0_mpich_g_develop/esmf
20260919 084852.008 INFO             PET1 ESMF_COMM                   : mpich
20260919 084852.008 INFO             PET1 ESMF_MOAB                   : enabled
20260919 084852.008 INFO             PET1 ESMF_LAPACK                 : enabled
20260919 084852.008 INFO             PET1 ESMF_NETCDF                 : enabled
20260919 084852.008 INFO             PET1 ESMF_PNETCDF                : disabled
20260919 084852.008 INFO             PET1 ESMF_PIO                    : enabled
20260919 084852.008 INFO             PET1 ESMF_YAMLCPP                : enabled
20260919 084852.016 INFO             PET1 =============================================
20260919 084852.016 INFO             PET1 ESMX (Earth System Model eXecutable) STARTING
20260919 084852.016 INFO             PET1 =============================================
20260919 084852.032 DEBUG            PET1 Generic SetVM() is executing for: ESMX_Driver
20260919 084852.040 DEBUG            PET1 Generic SetVM() found no NUOPC Hint for: ESMX_Driver
20260919 084852.040 DEBUG            PET1 Generic SetVM() therefore is NOT calling ESMF_GridCompSetVMMaxPEs() for: ESMX_Driver
20260919 084852.047 INFO             PET1 ESMX_Driver: InitializeGeneric intro.
20260919 084852.047 INFO             PET1   >>>ESMX_Driver: entered Initialize (phase=<none>) without valid internal Clock.
20260919 084852.047 INFO             PET1   ESMX_Driver: InitializeP0 intro.
20260919 084852.047 INFO             PET1     >>>ESMX_Driver: entered Initialize (phase=<none>) without valid internal Clock.
20260919 084852.047 INFO             PET1     <<<ESMX_Driver: leaving Initialize (phase=<none>) without valid internal Clock.
20260919 084852.047 INFO             PET1   ESMX_Driver: InitializeP0 extro.
20260919 084852.047 INFO             PET1   ESMX_Driver: InitializeIPDv02p1 intro.
20260919 084852.047 INFO             PET1     >>>ESMX_Driver: entered Initialize (phase=<none>) without valid internal Clock.
20260919 084852.058 INFO             PET1     ESMX_Driver - Creating model component MDL without petList.
20260919 084852.184 DEBUG            PET1     Generic SetVM() is executing for: MDL
20260919 084852.184 DEBUG            PET1     Generic SetVM() found no NUOPC Hint for: MDL
20260919 084852.184 DEBUG            PET1     Generic SetVM() therefore is NOT calling ESMF_GridCompSetVMMaxPEs() for: MDL
20260919 084852.211 INFO             PET1     ESMX_Driver: IInitAdvertise intro.
20260919 084852.211 INFO             PET1       >>>ESMX_Driver: entered Initialize (phase=<none>) with current time: 2012 10 24 18  0  0   0
20260919 084852.211 INFO             PET1       <<<ESMX_Driver: leaving Initialize (phase=<none>) with current time: 2012 10 24 18  0  0   0
20260919 084852.211 INFO             PET1     ESMX_Driver: IInitAdvertise extro.
20260919 084852.211 INFO             PET1     Message from inside C component Advertise() method
20260919 084852.212 INFO             PET1     ESMX_Driver: IInitAdvertiseFinish intro.
20260919 084852.212 INFO             PET1       >>>ESMX_Driver: entered Initialize (phase=<none>) with current time: 2012 10 24 18  0  0   0
20260919 084852.212 INFO             PET1       <<<ESMX_Driver: leaving Initialize (phase=<none>) with current time: 2012 10 24 18  0  0   0
20260919 084852.212 INFO             PET1     ESMX_Driver: IInitAdvertiseFinish extro.
20260919 084852.212 INFO             PET1     ESMX_Driver: IInitModifyCplLists intro.
20260919 084852.212 INFO             PET1       >>>ESMX_Driver: entered Initialize (phase=<none>) with current time: 2012 10 24 18  0  0   0
20260919 084852.212 INFO             PET1       <<<ESMX_Driver: leaving Initialize (phase=<none>) with current time: 2012 10 24 18  0  0   0
20260919 084852.212 INFO             PET1     ESMX_Driver: IInitModifyCplLists extro.
20260919 084852.212 INFO             PET1     <<<ESMX_Driver: leaving Initialize (phase=<none>) with current time: 2012 10 24 18  0  0   0
20260919 084852.212 INFO             PET1   ESMX_Driver: InitializeIPDv02p1 extro.
20260919 084852.212 INFO             PET1   ESMX_Driver: InitializeIPDv02p3 intro.
20260919 084852.212 INFO             PET1     >>>ESMX_Driver: entered Initialize (phase=<none>) with current time: 2012 10 24 18  0  0   0
20260919 084852.212 INFO             PET1     ESMX_Driver: IInitCheck intro.
20260919 084852.212 INFO             PET1       >>>ESMX_Driver: entered Initialize (phase=<none>) with current time: 2012 10 24 18  0  0   0
20260919 084852.212 INFO             PET1       <<<ESMX_Driver: leaving Initialize (phase=<none>) with current time: 2012 10 24 18  0  0   0
20260919 084852.212 INFO             PET1     ESMX_Driver: IInitCheck extro.
20260919 084852.213 INFO             PET1     ESMX_Driver: IInitRealize intro.
20260919 084852.213 INFO             PET1       >>>ESMX_Driver: entered Initialize (phase=<none>) with current time: 2012 10 24 18  0  0   0
20260919 084852.213 INFO             PET1       <<<ESMX_Driver: leaving Initialize (phase=<none>) with current time: 2012 10 24 18  0  0   0
20260919 084852.213 INFO             PET1     ESMX_Driver: IInitRealize extro.
20260919 084852.213 INFO             PET1     <<<ESMX_Driver: leaving Initialize (phase=<none>) with current time: 2012 10 24 18  0  0   0
20260919 084852.213 INFO             PET1   ESMX_Driver: InitializeIPDv02p3 extro.
20260919 084852.213 INFO             PET1   ESMX_Driver: InitializeIPDv02p5 intro.
20260919 084852.213 INFO             PET1     >>>ESMX_Driver: entered Initialize (phase=<none>) with current time: 2012 10 24 18  0  0   0
20260919 084852.213 INFO             PET1     ESMX_Driver: InitializeIPDv02p5Data intro.
20260919 084852.213 INFO             PET1       >>>ESMX_Driver: entered Initialize (phase=<none>) with current time: 2012 10 24 18  0  0   0
20260919 084852.213 INFO             PET1       ESMX_Driver: InternalInitializeComplete intro.
20260919 084852.213 INFO             PET1         >>>ESMX_Driver: entered Initialize (phase=<none>) with current time: 2012 10 24 18  0  0   0
20260919 084852.213 INFO             PET1         <<<ESMX_Driver: leaving Initialize (phase=<none>) with current time: 2012 10 24 18  0  0   0
20260919 084852.213 INFO             PET1       ESMX_Driver: InternalInitializeComplete extro.
20260919 084852.221 INFO             PET1       ESMX_Driver: loopDataDependentInitialize intro.
20260919 084852.221 INFO             PET1         >>>ESMX_Driver: entered Initialize (phase=<none>) with current time: 2012 10 24 18  0  0   0
20260919 084852.221 INFO             PET1         <<<ESMX_Driver: leaving Initialize (phase=<none>) with current time: 2012 10 24 18  0  0   0
20260919 084852.221 INFO             PET1       ESMX_Driver: loopDataDependentInitialize extro.
20260919 084852.221 INFO             PET1       <<<ESMX_Driver: leaving Initialize (phase=<none>) with current time: 2012 10 24 18  0  0   0
20260919 084852.221 INFO             PET1     ESMX_Driver: InitializeIPDv02p5Data extro.
20260919 084852.221 INFO             PET1     <<<ESMX_Driver: leaving Initialize (phase=<none>) with current time: 2012 10 24 18  0  0   0
20260919 084852.221 INFO             PET1   ESMX_Driver: InitializeIPDv02p5 extro.
20260919 084852.222 INFO             PET1   <<<ESMX_Driver: leaving Initialize (phase=<none>) with current time: 2012 10 24 18  0  0   0
20260919 084852.222 INFO             PET1 ESMX_Driver: InitializeGeneric extro.
20260919 084852.224 INFO             PET1 ESMX_Driver: Run intro.
20260919 084852.224 INFO             PET1   >>>ESMX_Driver: entered Run (phase=RunPhase1) with current time: 2012 10 24 18  0  0   0
20260919 084852.225 INFO             PET1   Message from inside C component Advance() method
20260919 084852.225 INFO             PET1   <<<ESMX_Driver: leaving Run (phase=RunPhase1) with current time: 2012 10 24 19  0  0   0
20260919 084852.225 INFO             PET1 ESMX_Driver: Run extro.
20260919 084852.225 INFO             PET1 ESMX_Driver: Finalize intro.
20260919 084852.225 INFO             PET1   >>>ESMX_Driver: entered Finalize (phase=FinalizePhase1) with current time: 2012 10 24 19  0  0   0
20260919 084852.225 INFO             PET1   Calling Finalize phase 1 for modelComp: MDL
20260919 084852.225 INFO             PET1   Delete modelComp: MDL
20260919 084852.225 INFO             PET1   <<<ESMX_Driver: leaving Finalize (phase=FinalizePhase1) with current time: 2012 10 24 19  0  0   0
20260919 084852.225 INFO             PET1 ESMX_Driver: Finalize extro.
20260919 084852.225 INFO             PET1 =============================================
20260919 084852.225 INFO             PET1 ESMX (Earth System Model eXecutable) FINISHED
20260919 084852.225 INFO             PET1 =============================================
20260919 084852.225 INFO             PET1  Finalizing ESMF
20260919 084852.002 INFO             PET2 !!!!!!!!!!!!!!!!!!!!!!!!!!!!!!!!!!!!!!!!!!!!!!!!!!!!!!
20260919 084852.014 INFO             PET2 !!! THE ESMF_LOG IS SET TO OUTPUT ALL LOG MESSAGES !!!
20260919 084852.014 INFO             PET2 !!!     THIS MAY CAUSE SLOWDOWN IN PERFORMANCE     !!!
20260919 084852.014 INFO             PET2 !!! FOR PRODUCTION RUNS, USE:                      !!!
20260919 084852.014 INFO             PET2 !!!                   ESMF_LOGKIND_Multi_On_Error  !!!
20260919 084852.014 INFO             PET2 !!!!!!!!!!!!!!!!!!!!!!!!!!!!!!!!!!!!!!!!!!!!!!!!!!!!!!
20260919 084852.014 INFO             PET2 Running with ESMF Version   : v9.0.0b19
20260919 084852.014 INFO             PET2 ESMF library build date/time: "Sep 19 2026" "07:57:40"
20260919 084852.014 INFO             PET2 ESMF library build location : /usr/local/esmf/esmf-testing/gfortran_14.2.0_mpich_g_develop/esmf
20260919 084852.014 INFO             PET2 ESMF_COMM                   : mpich
20260919 084852.014 INFO             PET2 ESMF_MOAB                   : enabled
20260919 084852.014 INFO             PET2 ESMF_LAPACK                 : enabled
20260919 084852.014 INFO             PET2 ESMF_NETCDF                 : enabled
20260919 084852.014 INFO             PET2 ESMF_PNETCDF                : disabled
20260919 084852.014 INFO             PET2 ESMF_PIO                    : enabled
20260919 084852.014 INFO             PET2 ESMF_YAMLCPP                : enabled
20260919 084852.017 INFO             PET2 =============================================
20260919 084852.017 INFO             PET2 ESMX (Earth System Model eXecutable) STARTING
20260919 084852.017 INFO             PET2 =============================================
20260919 084852.035 DEBUG            PET2 Generic SetVM() is executing for: ESMX_Driver
20260919 084852.038 DEBUG            PET2 Generic SetVM() found no NUOPC Hint for: ESMX_Driver
20260919 084852.038 DEBUG            PET2 Generic SetVM() therefore is NOT calling ESMF_GridCompSetVMMaxPEs() for: ESMX_Driver
20260919 084852.052 INFO             PET2 ESMX_Driver: InitializeGeneric intro.
20260919 084852.052 INFO             PET2   >>>ESMX_Driver: entered Initialize (phase=<none>) without valid internal Clock.
20260919 084852.052 INFO             PET2   ESMX_Driver: InitializeP0 intro.
20260919 084852.052 INFO             PET2     >>>ESMX_Driver: entered Initialize (phase=<none>) without valid internal Clock.
20260919 084852.052 INFO             PET2     <<<ESMX_Driver: leaving Initialize (phase=<none>) without valid internal Clock.
20260919 084852.052 INFO             PET2   ESMX_Driver: InitializeP0 extro.
20260919 084852.052 INFO             PET2   ESMX_Driver: InitializeIPDv02p1 intro.
20260919 084852.052 INFO             PET2     >>>ESMX_Driver: entered Initialize (phase=<none>) without valid internal Clock.
20260919 084852.058 INFO             PET2     ESMX_Driver - Creating model component MDL without petList.
20260919 084852.185 DEBUG            PET2     Generic SetVM() is executing for: MDL
20260919 084852.185 DEBUG            PET2     Generic SetVM() found no NUOPC Hint for: MDL
20260919 084852.185 DEBUG            PET2     Generic SetVM() therefore is NOT calling ESMF_GridCompSetVMMaxPEs() for: MDL
20260919 084852.214 INFO             PET2     ESMX_Driver: IInitAdvertise intro.
20260919 084852.214 INFO             PET2       >>>ESMX_Driver: entered Initialize (phase=<none>) with current time: 2012 10 24 18  0  0   0
20260919 084852.214 INFO             PET2       <<<ESMX_Driver: leaving Initialize (phase=<none>) with current time: 2012 10 24 18  0  0   0
20260919 084852.214 INFO             PET2     ESMX_Driver: IInitAdvertise extro.
20260919 084852.214 INFO             PET2     Message from inside C component Advertise() method
20260919 084852.215 INFO             PET2     ESMX_Driver: IInitAdvertiseFinish intro.
20260919 084852.215 INFO             PET2       >>>ESMX_Driver: entered Initialize (phase=<none>) with current time: 2012 10 24 18  0  0   0
20260919 084852.215 INFO             PET2       <<<ESMX_Driver: leaving Initialize (phase=<none>) with current time: 2012 10 24 18  0  0   0
20260919 084852.215 INFO             PET2     ESMX_Driver: IInitAdvertiseFinish extro.
20260919 084852.215 INFO             PET2     ESMX_Driver: IInitModifyCplLists intro.
20260919 084852.215 INFO             PET2       >>>ESMX_Driver: entered Initialize (phase=<none>) with current time: 2012 10 24 18  0  0   0
20260919 084852.215 INFO             PET2       <<<ESMX_Driver: leaving Initialize (phase=<none>) with current time: 2012 10 24 18  0  0   0
20260919 084852.215 INFO             PET2     ESMX_Driver: IInitModifyCplLists extro.
20260919 084852.215 INFO             PET2     <<<ESMX_Driver: leaving Initialize (phase=<none>) with current time: 2012 10 24 18  0  0   0
20260919 084852.215 INFO             PET2   ESMX_Driver: InitializeIPDv02p1 extro.
20260919 084852.215 INFO             PET2   ESMX_Driver: InitializeIPDv02p3 intro.
20260919 084852.215 INFO             PET2     >>>ESMX_Driver: entered Initialize (phase=<none>) with current time: 2012 10 24 18  0  0   0
20260919 084852.215 INFO             PET2     ESMX_Driver: IInitCheck intro.
20260919 084852.215 INFO             PET2       >>>ESMX_Driver: entered Initialize (phase=<none>) with current time: 2012 10 24 18  0  0   0
20260919 084852.215 INFO             PET2       <<<ESMX_Driver: leaving Initialize (phase=<none>) with current time: 2012 10 24 18  0  0   0
20260919 084852.215 INFO             PET2     ESMX_Driver: IInitCheck extro.
20260919 084852.215 INFO             PET2     ESMX_Driver: IInitRealize intro.
20260919 084852.215 INFO             PET2       >>>ESMX_Driver: entered Initialize (phase=<none>) with current time: 2012 10 24 18  0  0   0
20260919 084852.215 INFO             PET2       <<<ESMX_Driver: leaving Initialize (phase=<none>) with current time: 2012 10 24 18  0  0   0
20260919 084852.215 INFO             PET2     ESMX_Driver: IInitRealize extro.
20260919 084852.216 INFO             PET2     <<<ESMX_Driver: leaving Initialize (phase=<none>) with current time: 2012 10 24 18  0  0   0
20260919 084852.216 INFO             PET2   ESMX_Driver: InitializeIPDv02p3 extro.
20260919 084852.216 INFO             PET2   ESMX_Driver: InitializeIPDv02p5 intro.
20260919 084852.216 INFO             PET2     >>>ESMX_Driver: entered Initialize (phase=<none>) with current time: 2012 10 24 18  0  0   0
20260919 084852.216 INFO             PET2     ESMX_Driver: InitializeIPDv02p5Data intro.
20260919 084852.216 INFO             PET2       >>>ESMX_Driver: entered Initialize (phase=<none>) with current time: 2012 10 24 18  0  0   0
20260919 084852.216 INFO             PET2       ESMX_Driver: InternalInitializeComplete intro.
20260919 084852.216 INFO             PET2         >>>ESMX_Driver: entered Initialize (phase=<none>) with current time: 2012 10 24 18  0  0   0
20260919 084852.216 INFO             PET2         <<<ESMX_Driver: leaving Initialize (phase=<none>) with current time: 2012 10 24 18  0  0   0
20260919 084852.216 INFO             PET2       ESMX_Driver: InternalInitializeComplete extro.
20260919 084852.221 INFO             PET2       ESMX_Driver: loopDataDependentInitialize intro.
20260919 084852.221 INFO             PET2         >>>ESMX_Driver: entered Initialize (phase=<none>) with current time: 2012 10 24 18  0  0   0
20260919 084852.221 INFO             PET2         <<<ESMX_Driver: leaving Initialize (phase=<none>) with current time: 2012 10 24 18  0  0   0
20260919 084852.221 INFO             PET2       ESMX_Driver: loopDataDependentInitialize extro.
20260919 084852.221 INFO             PET2       <<<ESMX_Driver: leaving Initialize (phase=<none>) with current time: 2012 10 24 18  0  0   0
20260919 084852.221 INFO             PET2     ESMX_Driver: InitializeIPDv02p5Data extro.
20260919 084852.221 INFO             PET2     <<<ESMX_Driver: leaving Initialize (phase=<none>) with current time: 2012 10 24 18  0  0   0
20260919 084852.221 INFO             PET2   ESMX_Driver: InitializeIPDv02p5 extro.
20260919 084852.222 INFO             PET2   <<<ESMX_Driver: leaving Initialize (phase=<none>) with current time: 2012 10 24 18  0  0   0
20260919 084852.222 INFO             PET2 ESMX_Driver: InitializeGeneric extro.
20260919 084852.222 INFO             PET2 ESMX_Driver: Run intro.
20260919 084852.222 INFO             PET2   >>>ESMX_Driver: entered Run (phase=RunPhase1) with current time: 2012 10 24 18  0  0   0
20260919 084852.223 INFO             PET2   Message from inside C component Advance() method
20260919 084852.223 INFO             PET2   <<<ESMX_Driver: leaving Run (phase=RunPhase1) with current time: 2012 10 24 19  0  0   0
20260919 084852.223 INFO             PET2 ESMX_Driver: Run extro.
20260919 084852.224 INFO             PET2 ESMX_Driver: Finalize intro.
20260919 084852.224 INFO             PET2   >>>ESMX_Driver: entered Finalize (phase=FinalizePhase1) with current time: 2012 10 24 19  0  0   0
20260919 084852.224 INFO             PET2   Calling Finalize phase 1 for modelComp: MDL
20260919 084852.224 INFO             PET2   Delete modelComp: MDL
20260919 084852.224 INFO             PET2   <<<ESMX_Driver: leaving Finalize (phase=FinalizePhase1) with current time: 2012 10 24 19  0  0   0
20260919 084852.224 INFO             PET2 ESMX_Driver: Finalize extro.
20260919 084852.224 INFO             PET2 =============================================
20260919 084852.224 INFO             PET2 ESMX (Earth System Model eXecutable) FINISHED
20260919 084852.224 INFO             PET2 =============================================
20260919 084852.224 INFO             PET2  Finalizing ESMF
20260919 084851.998 INFO             PET3 !!!!!!!!!!!!!!!!!!!!!!!!!!!!!!!!!!!!!!!!!!!!!!!!!!!!!!
20260919 084852.005 INFO             PET3 !!! THE ESMF_LOG IS SET TO OUTPUT ALL LOG MESSAGES !!!
20260919 084852.005 INFO             PET3 !!!     THIS MAY CAUSE SLOWDOWN IN PERFORMANCE     !!!
20260919 084852.005 INFO             PET3 !!! FOR PRODUCTION RUNS, USE:                      !!!
20260919 084852.005 INFO             PET3 !!!                   ESMF_LOGKIND_Multi_On_Error  !!!
20260919 084852.005 INFO             PET3 !!!!!!!!!!!!!!!!!!!!!!!!!!!!!!!!!!!!!!!!!!!!!!!!!!!!!!
20260919 084852.005 INFO             PET3 Running with ESMF Version   : v9.0.0b19
20260919 084852.005 INFO             PET3 ESMF library build date/time: "Sep 19 2026" "07:57:40"
20260919 084852.005 INFO             PET3 ESMF library build location : /usr/local/esmf/esmf-testing/gfortran_14.2.0_mpich_g_develop/esmf
20260919 084852.005 INFO             PET3 ESMF_COMM                   : mpich
20260919 084852.005 INFO             PET3 ESMF_MOAB                   : enabled
20260919 084852.005 INFO             PET3 ESMF_LAPACK                 : enabled
20260919 084852.005 INFO             PET3 ESMF_NETCDF                 : enabled
20260919 084852.005 INFO             PET3 ESMF_PNETCDF                : disabled
20260919 084852.005 INFO             PET3 ESMF_PIO                    : enabled
20260919 084852.005 INFO             PET3 ESMF_YAMLCPP                : enabled
20260919 084852.018 INFO             PET3 =============================================
20260919 084852.018 INFO             PET3 ESMX (Earth System Model eXecutable) STARTING
20260919 084852.018 INFO             PET3 =============================================
20260919 084852.031 DEBUG            PET3 Generic SetVM() is executing for: ESMX_Driver
20260919 084852.043 DEBUG            PET3 Generic SetVM() found no NUOPC Hint for: ESMX_Driver
20260919 084852.043 DEBUG            PET3 Generic SetVM() therefore is NOT calling ESMF_GridCompSetVMMaxPEs() for: ESMX_Driver
20260919 084852.050 INFO             PET3 ESMX_Driver: InitializeGeneric intro.
20260919 084852.050 INFO             PET3   >>>ESMX_Driver: entered Initialize (phase=<none>) without valid internal Clock.
20260919 084852.050 INFO             PET3   ESMX_Driver: InitializeP0 intro.
20260919 084852.050 INFO             PET3     >>>ESMX_Driver: entered Initialize (phase=<none>) without valid internal Clock.
20260919 084852.051 INFO             PET3     <<<ESMX_Driver: leaving Initialize (phase=<none>) without valid internal Clock.
20260919 084852.051 INFO             PET3   ESMX_Driver: InitializeP0 extro.
20260919 084852.051 INFO             PET3   ESMX_Driver: InitializeIPDv02p1 intro.
20260919 084852.051 INFO             PET3     >>>ESMX_Driver: entered Initialize (phase=<none>) without valid internal Clock.
20260919 084852.058 INFO             PET3     ESMX_Driver - Creating model component MDL without petList.
20260919 084852.193 DEBUG            PET3     Generic SetVM() is executing for: MDL
20260919 084852.193 DEBUG            PET3     Generic SetVM() found no NUOPC Hint for: MDL
20260919 084852.193 DEBUG            PET3     Generic SetVM() therefore is NOT calling ESMF_GridCompSetVMMaxPEs() for: MDL
20260919 084852.209 INFO             PET3     ESMX_Driver: IInitAdvertise intro.
20260919 084852.209 INFO             PET3       >>>ESMX_Driver: entered Initialize (phase=<none>) with current time: 2012 10 24 18  0  0   0
20260919 084852.209 INFO             PET3       <<<ESMX_Driver: leaving Initialize (phase=<none>) with current time: 2012 10 24 18  0  0   0
20260919 084852.209 INFO             PET3     ESMX_Driver: IInitAdvertise extro.
20260919 084852.209 INFO             PET3     Message from inside C component Advertise() method
20260919 084852.216 INFO             PET3     ESMX_Driver: IInitAdvertiseFinish intro.
20260919 084852.216 INFO             PET3       >>>ESMX_Driver: entered Initialize (phase=<none>) with current time: 2012 10 24 18  0  0   0
20260919 084852.216 INFO             PET3       <<<ESMX_Driver: leaving Initialize (phase=<none>) with current time: 2012 10 24 18  0  0   0
20260919 084852.216 INFO             PET3     ESMX_Driver: IInitAdvertiseFinish extro.
20260919 084852.216 INFO             PET3     ESMX_Driver: IInitModifyCplLists intro.
20260919 084852.216 INFO             PET3       >>>ESMX_Driver: entered Initialize (phase=<none>) with current time: 2012 10 24 18  0  0   0
20260919 084852.217 INFO             PET3       <<<ESMX_Driver: leaving Initialize (phase=<none>) with current time: 2012 10 24 18  0  0   0
20260919 084852.217 INFO             PET3     ESMX_Driver: IInitModifyCplLists extro.
20260919 084852.219 INFO             PET3     <<<ESMX_Driver: leaving Initialize (phase=<none>) with current time: 2012 10 24 18  0  0   0
20260919 084852.219 INFO             PET3   ESMX_Driver: InitializeIPDv02p1 extro.
20260919 084852.219 INFO             PET3   ESMX_Driver: InitializeIPDv02p3 intro.
20260919 084852.219 INFO             PET3     >>>ESMX_Driver: entered Initialize (phase=<none>) with current time: 2012 10 24 18  0  0   0
20260919 084852.219 INFO             PET3     ESMX_Driver: IInitCheck intro.
20260919 084852.219 INFO             PET3       >>>ESMX_Driver: entered Initialize (phase=<none>) with current time: 2012 10 24 18  0  0   0
20260919 084852.219 INFO             PET3       <<<ESMX_Driver: leaving Initialize (phase=<none>) with current time: 2012 10 24 18  0  0   0
20260919 084852.219 INFO             PET3     ESMX_Driver: IInitCheck extro.
20260919 084852.219 INFO             PET3     ESMX_Driver: IInitRealize intro.
20260919 084852.219 INFO             PET3       >>>ESMX_Driver: entered Initialize (phase=<none>) with current time: 2012 10 24 18  0  0   0
20260919 084852.219 INFO             PET3       <<<ESMX_Driver: leaving Initialize (phase=<none>) with current time: 2012 10 24 18  0  0   0
20260919 084852.219 INFO             PET3     ESMX_Driver: IInitRealize extro.
20260919 084852.219 INFO             PET3     <<<ESMX_Driver: leaving Initialize (phase=<none>) with current time: 2012 10 24 18  0  0   0
20260919 084852.219 INFO             PET3   ESMX_Driver: InitializeIPDv02p3 extro.
20260919 084852.219 INFO             PET3   ESMX_Driver: InitializeIPDv02p5 intro.
20260919 084852.219 INFO             PET3     >>>ESMX_Driver: entered Initialize (phase=<none>) with current time: 2012 10 24 18  0  0   0
20260919 084852.219 INFO             PET3     ESMX_Driver: InitializeIPDv02p5Data intro.
20260919 084852.219 INFO             PET3       >>>ESMX_Driver: entered Initialize (phase=<none>) with current time: 2012 10 24 18  0  0   0
20260919 084852.220 INFO             PET3       ESMX_Driver: InternalInitializeComplete intro.
20260919 084852.220 INFO             PET3         >>>ESMX_Driver: entered Initialize (phase=<none>) with current time: 2012 10 24 18  0  0   0
20260919 084852.220 INFO             PET3         <<<ESMX_Driver: leaving Initialize (phase=<none>) with current time: 2012 10 24 18  0  0   0
20260919 084852.220 INFO             PET3       ESMX_Driver: InternalInitializeComplete extro.
20260919 084852.221 INFO             PET3       ESMX_Driver: loopDataDependentInitialize intro.
20260919 084852.221 INFO             PET3         >>>ESMX_Driver: entered Initialize (phase=<none>) with current time: 2012 10 24 18  0  0   0
20260919 084852.221 INFO             PET3         <<<ESMX_Driver: leaving Initialize (phase=<none>) with current time: 2012 10 24 18  0  0   0
20260919 084852.221 INFO             PET3       ESMX_Driver: loopDataDependentInitialize extro.
20260919 084852.221 INFO             PET3       <<<ESMX_Driver: leaving Initialize (phase=<none>) with current time: 2012 10 24 18  0  0   0
20260919 084852.221 INFO             PET3     ESMX_Driver: InitializeIPDv02p5Data extro.
20260919 084852.221 INFO             PET3     <<<ESMX_Driver: leaving Initialize (phase=<none>) with current time: 2012 10 24 18  0  0   0
20260919 084852.221 INFO             PET3   ESMX_Driver: InitializeIPDv02p5 extro.
20260919 084852.221 INFO             PET3   <<<ESMX_Driver: leaving Initialize (phase=<none>) with current time: 2012 10 24 18  0  0   0
20260919 084852.221 INFO             PET3 ESMX_Driver: InitializeGeneric extro.
20260919 084852.221 INFO             PET3 ESMX_Driver: Run intro.
20260919 084852.221 INFO             PET3   >>>ESMX_Driver: entered Run (phase=RunPhase1) with current time: 2012 10 24 18  0  0   0
20260919 084852.222 INFO             PET3   Message from inside C component Advance() method
20260919 084852.222 INFO             PET3   <<<ESMX_Driver: leaving Run (phase=RunPhase1) with current time: 2012 10 24 19  0  0   0
20260919 084852.222 INFO             PET3 ESMX_Driver: Run extro.
20260919 084852.222 INFO             PET3 ESMX_Driver: Finalize intro.
20260919 084852.222 INFO             PET3   >>>ESMX_Driver: entered Finalize (phase=FinalizePhase1) with current time: 2012 10 24 19  0  0   0
20260919 084852.222 INFO             PET3   Calling Finalize phase 1 for modelComp: MDL
20260919 084852.222 INFO             PET3   Delete modelComp: MDL
20260919 084852.222 INFO             PET3   <<<ESMX_Driver: leaving Finalize (phase=FinalizePhase1) with current time: 2012 10 24 19  0  0   0
20260919 084852.222 INFO             PET3 ESMX_Driver: Finalize extro.
20260919 084852.222 INFO             PET3 =============================================
20260919 084852.222 INFO             PET3 ESMX (Earth System Model eXecutable) FINISHED
20260919 084852.222 INFO             PET3 =============================================
20260919 084852.222 INFO             PET3  Finalizing ESMF
