2026-09-05 01:32:34
20260905 020451.599 INFO             PET0 !!!!!!!!!!!!!!!!!!!!!!!!!!!!!!!!!!!!!!!!!!!!!!!!!!!!!!
20260905 020451.599 INFO             PET0 !!! THE ESMF_LOG IS SET TO OUTPUT ALL LOG MESSAGES !!!
20260905 020451.599 INFO             PET0 !!!     THIS MAY CAUSE SLOWDOWN IN PERFORMANCE     !!!
20260905 020451.599 INFO             PET0 !!! FOR PRODUCTION RUNS, USE:                      !!!
20260905 020451.599 INFO             PET0 !!!                   ESMF_LOGKIND_Multi_On_Error  !!!
20260905 020451.599 INFO             PET0 !!!!!!!!!!!!!!!!!!!!!!!!!!!!!!!!!!!!!!!!!!!!!!!!!!!!!!
20260905 020451.599 INFO             PET0 Running with ESMF Version   : develop+g4161bf9d44
20260905 020451.599 INFO             PET0 ESMF library build date/time: "Sep  5 2026" "01:30:49"
20260905 020451.599 INFO             PET0 ESMF library build location : /glade/derecho/scratch/sacks/esmf-testing/intel_2024.2.1-oneAPI_mpi_g_develop/esmf
20260905 020451.599 INFO             PET0 ESMF_COMM                   : mpi
20260905 020451.599 INFO             PET0 ESMF_MOAB                   : enabled
20260905 020451.599 INFO             PET0 ESMF_LAPACK                 : enabled
20260905 020451.599 INFO             PET0 ESMF_NETCDF                 : enabled
20260905 020451.599 INFO             PET0 ESMF_PNETCDF                : disabled
20260905 020451.599 INFO             PET0 ESMF_PIO                    : enabled
20260905 020451.599 INFO             PET0 ESMF_YAMLCPP                : enabled
20260905 020451.599 INFO             PET0 ESMF Tracing Enabled
20260905 020451.599 INFO             PET0 ESMF Profiling Enabled
20260905 020451.599 INFO             PET0 ESMF Trace/Profile clock: REALTIME
20260905 020451.602 INFO             PET0  NUMBER_OF_PROCESSORS           4
20260905 020451.602 INFO             PET0  PASS  Example ESMF_TraceUserEx, ESMF_TraceUserEx.F90, line 125
20260905 020451.602 INFO             PET0  Finalizing ESMF
20260905 020451.602 INFO             PET0 **************** Region Timings *******************
20260905 020451.602 INFO             PET0 Region                Count  Total (s)   Self (s)    Mean (s)    Min (s)     Max (s)
20260905 020451.602 INFO             PET0   [ESMF]              1      0.0004      0.0002      0.0004      0.0004      0.0004
20260905 020451.602 INFO             PET0     outer_region      1      0.0002      0.0000      0.0002      0.0002      0.0002
20260905 020451.602 INFO             PET0       inner_region_1  10     0.0001      0.0001      0.0000      0.0000      0.0000
20260905 020451.602 INFO             PET0       inner_region_2  10     0.0001      0.0001      0.0000      0.0000      0.0000
20260905 020451.598 INFO             PET1 !!!!!!!!!!!!!!!!!!!!!!!!!!!!!!!!!!!!!!!!!!!!!!!!!!!!!!
20260905 020451.599 INFO             PET1 !!! THE ESMF_LOG IS SET TO OUTPUT ALL LOG MESSAGES !!!
20260905 020451.599 INFO             PET1 !!!     THIS MAY CAUSE SLOWDOWN IN PERFORMANCE     !!!
20260905 020451.599 INFO             PET1 !!! FOR PRODUCTION RUNS, USE:                      !!!
20260905 020451.599 INFO             PET1 !!!                   ESMF_LOGKIND_Multi_On_Error  !!!
20260905 020451.599 INFO             PET1 !!!!!!!!!!!!!!!!!!!!!!!!!!!!!!!!!!!!!!!!!!!!!!!!!!!!!!
20260905 020451.599 INFO             PET1 Running with ESMF Version   : develop+g4161bf9d44
20260905 020451.599 INFO             PET1 ESMF library build date/time: "Sep  5 2026" "01:30:49"
20260905 020451.599 INFO             PET1 ESMF library build location : /glade/derecho/scratch/sacks/esmf-testing/intel_2024.2.1-oneAPI_mpi_g_develop/esmf
20260905 020451.599 INFO             PET1 ESMF_COMM                   : mpi
20260905 020451.599 INFO             PET1 ESMF_MOAB                   : enabled
20260905 020451.599 INFO             PET1 ESMF_LAPACK                 : enabled
20260905 020451.599 INFO             PET1 ESMF_NETCDF                 : enabled
20260905 020451.599 INFO             PET1 ESMF_PNETCDF                : disabled
20260905 020451.599 INFO             PET1 ESMF_PIO                    : enabled
20260905 020451.599 INFO             PET1 ESMF_YAMLCPP                : enabled
20260905 020451.599 INFO             PET1 ESMF Tracing Enabled
20260905 020451.599 INFO             PET1 ESMF Profiling Enabled
20260905 020451.599 INFO             PET1 ESMF Trace/Profile clock: REALTIME
20260905 020451.601 INFO             PET1  NUMBER_OF_PROCESSORS           4
20260905 020451.602 INFO             PET1  PASS  Example ESMF_TraceUserEx, ESMF_TraceUserEx.F90, line 125
20260905 020451.602 INFO             PET1  Finalizing ESMF
20260905 020451.602 INFO             PET1 **************** Region Timings *******************
20260905 020451.602 INFO             PET1 Region                Count  Total (s)   Self (s)    Mean (s)    Min (s)     Max (s)
20260905 020451.602 INFO             PET1   [ESMF]              1      0.0011      0.0009      0.0011      0.0011      0.0011
20260905 020451.602 INFO             PET1     outer_region      1      0.0002      0.0000      0.0002      0.0002      0.0002
20260905 020451.602 INFO             PET1       inner_region_1  10     0.0001      0.0001      0.0000      0.0000      0.0000
20260905 020451.602 INFO             PET1       inner_region_2  10     0.0001      0.0001      0.0000      0.0000      0.0000
20260905 020451.598 INFO             PET2 !!!!!!!!!!!!!!!!!!!!!!!!!!!!!!!!!!!!!!!!!!!!!!!!!!!!!!
20260905 020451.599 INFO             PET2 !!! THE ESMF_LOG IS SET TO OUTPUT ALL LOG MESSAGES !!!
20260905 020451.599 INFO             PET2 !!!     THIS MAY CAUSE SLOWDOWN IN PERFORMANCE     !!!
20260905 020451.599 INFO             PET2 !!! FOR PRODUCTION RUNS, USE:                      !!!
20260905 020451.599 INFO             PET2 !!!                   ESMF_LOGKIND_Multi_On_Error  !!!
20260905 020451.599 INFO             PET2 !!!!!!!!!!!!!!!!!!!!!!!!!!!!!!!!!!!!!!!!!!!!!!!!!!!!!!
20260905 020451.599 INFO             PET2 Running with ESMF Version   : develop+g4161bf9d44
20260905 020451.599 INFO             PET2 ESMF library build date/time: "Sep  5 2026" "01:30:49"
20260905 020451.599 INFO             PET2 ESMF library build location : /glade/derecho/scratch/sacks/esmf-testing/intel_2024.2.1-oneAPI_mpi_g_develop/esmf
20260905 020451.599 INFO             PET2 ESMF_COMM                   : mpi
20260905 020451.599 INFO             PET2 ESMF_MOAB                   : enabled
20260905 020451.599 INFO             PET2 ESMF_LAPACK                 : enabled
20260905 020451.599 INFO             PET2 ESMF_NETCDF                 : enabled
20260905 020451.599 INFO             PET2 ESMF_PNETCDF                : disabled
20260905 020451.599 INFO             PET2 ESMF_PIO                    : enabled
20260905 020451.599 INFO             PET2 ESMF_YAMLCPP                : enabled
20260905 020451.599 INFO             PET2 ESMF Tracing Enabled
20260905 020451.599 INFO             PET2 ESMF Profiling Enabled
20260905 020451.599 INFO             PET2 ESMF Trace/Profile clock: REALTIME
20260905 020451.601 INFO             PET2  NUMBER_OF_PROCESSORS           4
20260905 020451.602 INFO             PET2  PASS  Example ESMF_TraceUserEx, ESMF_TraceUserEx.F90, line 125
20260905 020451.602 INFO             PET2  Finalizing ESMF
20260905 020451.602 INFO             PET2 **************** Region Timings *******************
20260905 020451.602 INFO             PET2 Region                Count  Total (s)   Self (s)    Mean (s)    Min (s)     Max (s)
20260905 020451.602 INFO             PET2   [ESMF]              1      0.0012      0.0010      0.0012      0.0012      0.0012
20260905 020451.602 INFO             PET2     outer_region      1      0.0002      0.0000      0.0002      0.0002      0.0002
20260905 020451.602 INFO             PET2       inner_region_1  10     0.0001      0.0001      0.0000      0.0000      0.0000
20260905 020451.602 INFO             PET2       inner_region_2  10     0.0001      0.0001      0.0000      0.0000      0.0000
20260905 020451.599 INFO             PET3 !!!!!!!!!!!!!!!!!!!!!!!!!!!!!!!!!!!!!!!!!!!!!!!!!!!!!!
20260905 020451.599 INFO             PET3 !!! THE ESMF_LOG IS SET TO OUTPUT ALL LOG MESSAGES !!!
20260905 020451.599 INFO             PET3 !!!     THIS MAY CAUSE SLOWDOWN IN PERFORMANCE     !!!
20260905 020451.599 INFO             PET3 !!! FOR PRODUCTION RUNS, USE:                      !!!
20260905 020451.599 INFO             PET3 !!!                   ESMF_LOGKIND_Multi_On_Error  !!!
20260905 020451.599 INFO             PET3 !!!!!!!!!!!!!!!!!!!!!!!!!!!!!!!!!!!!!!!!!!!!!!!!!!!!!!
20260905 020451.599 INFO             PET3 Running with ESMF Version   : develop+g4161bf9d44
20260905 020451.599 INFO             PET3 ESMF library build date/time: "Sep  5 2026" "01:30:49"
20260905 020451.599 INFO             PET3 ESMF library build location : /glade/derecho/scratch/sacks/esmf-testing/intel_2024.2.1-oneAPI_mpi_g_develop/esmf
20260905 020451.599 INFO             PET3 ESMF_COMM                   : mpi
20260905 020451.599 INFO             PET3 ESMF_MOAB                   : enabled
20260905 020451.599 INFO             PET3 ESMF_LAPACK                 : enabled
20260905 020451.599 INFO             PET3 ESMF_NETCDF                 : enabled
20260905 020451.599 INFO             PET3 ESMF_PNETCDF                : disabled
20260905 020451.599 INFO             PET3 ESMF_PIO                    : enabled
20260905 020451.599 INFO             PET3 ESMF_YAMLCPP                : enabled
20260905 020451.599 INFO             PET3 ESMF Tracing Enabled
20260905 020451.599 INFO             PET3 ESMF Profiling Enabled
20260905 020451.599 INFO             PET3 ESMF Trace/Profile clock: REALTIME
20260905 020451.601 INFO             PET3  NUMBER_OF_PROCESSORS           4
20260905 020451.602 INFO             PET3  PASS  Example ESMF_TraceUserEx, ESMF_TraceUserEx.F90, line 125
20260905 020451.602 INFO             PET3  Finalizing ESMF
20260905 020451.602 INFO             PET3 **************** Region Timings *******************
20260905 020451.602 INFO             PET3 Region                Count  Total (s)   Self (s)    Mean (s)    Min (s)     Max (s)
20260905 020451.602 INFO             PET3   [ESMF]              1      0.0012      0.0010      0.0012      0.0012      0.0012
20260905 020451.602 INFO             PET3     outer_region      1      0.0002      0.0000      0.0002      0.0002      0.0002
20260905 020451.602 INFO             PET3       inner_region_1  10     0.0001      0.0001      0.0000      0.0000      0.0000
20260905 020451.602 INFO             PET3       inner_region_2  10     0.0001      0.0001      0.0000      0.0000      0.0000
