2026-09-06 01:36:41
20260906 021413.277 INFO             PET0 !!!!!!!!!!!!!!!!!!!!!!!!!!!!!!!!!!!!!!!!!!!!!!!!!!!!!!
20260906 021413.277 INFO             PET0 !!! THE ESMF_LOG IS SET TO OUTPUT ALL LOG MESSAGES !!!
20260906 021413.277 INFO             PET0 !!!     THIS MAY CAUSE SLOWDOWN IN PERFORMANCE     !!!
20260906 021413.277 INFO             PET0 !!! FOR PRODUCTION RUNS, USE:                      !!!
20260906 021413.277 INFO             PET0 !!!                   ESMF_LOGKIND_Multi_On_Error  !!!
20260906 021413.277 INFO             PET0 !!!!!!!!!!!!!!!!!!!!!!!!!!!!!!!!!!!!!!!!!!!!!!!!!!!!!!
20260906 021413.277 INFO             PET0 Running with ESMF Version   : develop+g4161bf9d44
20260906 021413.277 INFO             PET0 ESMF library build date/time: "Sep  6 2026" "01:34:57"
20260906 021413.277 INFO             PET0 ESMF library build location : /glade/derecho/scratch/sacks/esmf-testing/intel_2024.2.1-oneAPI_mpi_g_develop/esmf
20260906 021413.277 INFO             PET0 ESMF_COMM                   : mpi
20260906 021413.278 INFO             PET0 ESMF_MOAB                   : enabled
20260906 021413.278 INFO             PET0 ESMF_LAPACK                 : enabled
20260906 021413.278 INFO             PET0 ESMF_NETCDF                 : enabled
20260906 021413.278 INFO             PET0 ESMF_PNETCDF                : disabled
20260906 021413.278 INFO             PET0 ESMF_PIO                    : enabled
20260906 021413.278 INFO             PET0 ESMF_YAMLCPP                : enabled
20260906 021413.278 INFO             PET0  NUMBER_OF_PROCESSORS           1
20260906 021413.278 INFO             PET0  PASS  Example CalendarEx, ESMF_CalendarEx.F90, line 217
20260906 021413.278 INFO             PET0  Finalizing ESMF
