2026-09-19 22:44:40
20260920 011231.213 INFO             PET0 !!!!!!!!!!!!!!!!!!!!!!!!!!!!!!!!!!!!!!!!!!!!!!!!!!!!!!
20260920 011231.213 INFO             PET0 !!! THE ESMF_LOG IS SET TO OUTPUT ALL LOG MESSAGES !!!
20260920 011231.213 INFO             PET0 !!!     THIS MAY CAUSE SLOWDOWN IN PERFORMANCE     !!!
20260920 011231.213 INFO             PET0 !!! FOR PRODUCTION RUNS, USE:                      !!!
20260920 011231.213 INFO             PET0 !!!                   ESMF_LOGKIND_Multi_On_Error  !!!
20260920 011231.213 INFO             PET0 !!!!!!!!!!!!!!!!!!!!!!!!!!!!!!!!!!!!!!!!!!!!!!!!!!!!!!
20260920 011231.213 INFO             PET0 Running with ESMF Version   : v9.0.0b19
20260920 011231.213 INFO             PET0 ESMF library build date/time: "Sep 19 2026" "22:42:15"
20260920 011231.213 INFO             PET0 ESMF library build location : /discover/nobackup/projects/gmao/SIteam/ESMF_Testing/intel_2021.13.0_intelmpi_g_develop/esmf
20260920 011231.213 INFO             PET0 ESMF_COMM                   : intelmpi
20260920 011231.213 INFO             PET0 ESMF_MOAB                   : enabled
20260920 011231.213 INFO             PET0 ESMF_LAPACK                 : enabled
20260920 011231.213 INFO             PET0 ESMF_NETCDF                 : enabled
20260920 011231.213 INFO             PET0 ESMF_PNETCDF                : disabled
20260920 011231.213 INFO             PET0 ESMF_PIO                    : enabled
20260920 011231.213 INFO             PET0 ESMF_YAMLCPP                : enabled
20260920 011231.219 INFO             PET0 =============================================
20260920 011231.219 INFO             PET0 ESMX (Earth System Model eXecutable) STARTING
20260920 011231.219 INFO             PET0 =============================================
20260920 011231.234 DEBUG            PET0 Generic SetVM() is executing for: ESMX_Driver
20260920 011231.235 DEBUG            PET0 Generic SetVM() found no NUOPC Hint for: ESMX_Driver
20260920 011231.235 DEBUG            PET0 Generic SetVM() therefore is NOT calling ESMF_GridCompSetVMMaxPEs() for: ESMX_Driver
20260920 011231.243 INFO             PET0 ESMX_Driver: InitializeGeneric intro.
20260920 011231.243 INFO             PET0   >>>ESMX_Driver: entered Initialize (phase=<none>) without valid internal Clock.
20260920 011231.244 INFO             PET0   ESMX_Driver: InitializeP0 intro.
20260920 011231.244 INFO             PET0     >>>ESMX_Driver: entered Initialize (phase=<none>) without valid internal Clock.
20260920 011231.244 INFO             PET0     <<<ESMX_Driver: leaving Initialize (phase=<none>) without valid internal Clock.
20260920 011231.244 INFO             PET0   ESMX_Driver: InitializeP0 extro.
20260920 011231.244 INFO             PET0   ESMX_Driver: InitializeIPDv02p1 intro.
20260920 011231.244 INFO             PET0     >>>ESMX_Driver: entered Initialize (phase=<none>) without valid internal Clock.
20260920 011231.255 INFO             PET0     ESMX_Driver - Creating model component ABC without petList.
20260920 011231.255 DEBUG            PET0     Generic SetVM() is executing for: ABC
20260920 011231.255 DEBUG            PET0     Generic SetVM() found no NUOPC Hint for: ABC
20260920 011231.255 DEBUG            PET0     Generic SetVM() therefore is NOT calling ESMF_GridCompSetVMMaxPEs() for: ABC
20260920 011231.267 INFO             PET0     ABC: InitializeP0 intro.
20260920 011231.267 INFO             PET0       >>>ABC: entered Initialize (phase=<none>) without valid internal Clock.
20260920 011231.269 INFO             PET0       <<<ABC: leaving Initialize (phase=<none>) without valid internal Clock.
20260920 011231.269 INFO             PET0     ABC: InitializeP0 extro.
20260920 011231.273 INFO             PET0     ESMX_Driver: IInitAdvertise intro.
20260920 011231.274 INFO             PET0       >>>ESMX_Driver: entered Initialize (phase=<none>) with current time: 2012 10 24  8  0  0   0
20260920 011231.274 INFO             PET0       <<<ESMX_Driver: leaving Initialize (phase=<none>) with current time: 2012 10 24  8  0  0   0
20260920 011231.274 INFO             PET0     ESMX_Driver: IInitAdvertise extro.
20260920 011231.274 INFO             PET0     ABC: InitializeIPDvXp01 intro.
20260920 011231.274 INFO             PET0       >>>ABC: entered Initialize (phase=IPDvXp01) without valid internal Clock.
20260920 011231.275 INFO             PET0       <<<ABC: leaving Initialize (phase=IPDvXp01) without valid internal Clock.
20260920 011231.275 INFO             PET0     ABC: InitializeIPDvXp01 extro.
20260920 011231.276 INFO             PET0     ESMX_Driver: IInitAdvertiseFinish intro.
20260920 011231.276 INFO             PET0       >>>ESMX_Driver: entered Initialize (phase=<none>) with current time: 2012 10 24  8  0  0   0
20260920 011231.276 INFO             PET0       <<<ESMX_Driver: leaving Initialize (phase=<none>) with current time: 2012 10 24  8  0  0   0
20260920 011231.276 INFO             PET0     ESMX_Driver: IInitAdvertiseFinish extro.
20260920 011231.277 INFO             PET0     ESMX_Driver: IInitModifyCplLists intro.
20260920 011231.277 INFO             PET0       >>>ESMX_Driver: entered Initialize (phase=<none>) with current time: 2012 10 24  8  0  0   0
20260920 011231.277 INFO             PET0       <<<ESMX_Driver: leaving Initialize (phase=<none>) with current time: 2012 10 24  8  0  0   0
20260920 011231.277 INFO             PET0     ESMX_Driver: IInitModifyCplLists extro.
20260920 011231.277 INFO             PET0     <<<ESMX_Driver: leaving Initialize (phase=<none>) with current time: 2012 10 24  8  0  0   0
20260920 011231.277 INFO             PET0   ESMX_Driver: InitializeIPDv02p1 extro.
20260920 011231.277 INFO             PET0   ESMX_Driver: InitializeIPDv02p3 intro.
20260920 011231.278 INFO             PET0     >>>ESMX_Driver: entered Initialize (phase=<none>) with current time: 2012 10 24  8  0  0   0
20260920 011231.278 INFO             PET0     ESMX_Driver: IInitCheck intro.
20260920 011231.278 INFO             PET0       >>>ESMX_Driver: entered Initialize (phase=<none>) with current time: 2012 10 24  8  0  0   0
20260920 011231.278 INFO             PET0       <<<ESMX_Driver: leaving Initialize (phase=<none>) with current time: 2012 10 24  8  0  0   0
20260920 011231.278 INFO             PET0     ESMX_Driver: IInitCheck extro.
20260920 011231.279 INFO             PET0     ABC: InitializeIPDvXp04 intro.
20260920 011231.279 INFO             PET0       >>>ABC: entered Initialize (phase=IPDvXp04) without valid internal Clock.
20260920 011231.279 INFO             PET0       <<<ABC: leaving Initialize (phase=IPDvXp04) without valid internal Clock.
20260920 011231.279 INFO             PET0     ABC: InitializeIPDvXp04 extro.
20260920 011231.280 INFO             PET0     ESMX_Driver: IInitRealize intro.
20260920 011231.280 INFO             PET0       >>>ESMX_Driver: entered Initialize (phase=<none>) with current time: 2012 10 24  8  0  0   0
20260920 011231.281 INFO             PET0       <<<ESMX_Driver: leaving Initialize (phase=<none>) with current time: 2012 10 24  8  0  0   0
20260920 011231.281 INFO             PET0     ESMX_Driver: IInitRealize extro.
20260920 011231.281 INFO             PET0     ABC: InitializeIPDvXp07 intro.
20260920 011231.281 INFO             PET0       >>>ABC: entered Initialize (phase=IPDvXp07) without valid internal Clock.
20260920 011231.282 INFO             PET0       <<<ABC: leaving Initialize (phase=IPDvXp07) with current time: 2012 10 24  8  0  0   0
20260920 011231.282 INFO             PET0     ABC: InitializeIPDvXp07 extro.
20260920 011231.282 INFO             PET0     <<<ESMX_Driver: leaving Initialize (phase=<none>) with current time: 2012 10 24  8  0  0   0
20260920 011231.282 INFO             PET0   ESMX_Driver: InitializeIPDv02p3 extro.
20260920 011231.282 INFO             PET0   ESMX_Driver: InitializeIPDv02p5 intro.
20260920 011231.282 INFO             PET0     >>>ESMX_Driver: entered Initialize (phase=<none>) with current time: 2012 10 24  8  0  0   0
20260920 011231.282 INFO             PET0     ESMX_Driver: InitializeIPDv02p5Data intro.
20260920 011231.282 INFO             PET0       >>>ESMX_Driver: entered Initialize (phase=<none>) with current time: 2012 10 24  8  0  0   0
20260920 011231.283 INFO             PET0       ESMX_Driver: InternalInitializeComplete intro.
20260920 011231.283 INFO             PET0         >>>ESMX_Driver: entered Initialize (phase=<none>) with current time: 2012 10 24  8  0  0   0
20260920 011231.283 INFO             PET0         <<<ESMX_Driver: leaving Initialize (phase=<none>) with current time: 2012 10 24  8  0  0   0
20260920 011231.283 INFO             PET0       ESMX_Driver: InternalInitializeComplete extro.
20260920 011231.283 INFO             PET0       ABC: InitializeIPDvXp08 intro.
20260920 011231.283 INFO             PET0         >>>ABC: entered Initialize (phase=IPDv05p8) with current time: 2012 10 24  8  0  0   0
20260920 011231.284 INFO             PET0         <<<ABC: leaving Initialize (phase=IPDv05p8) with current time: 2012 10 24  8  0  0   0
20260920 011231.284 INFO             PET0       ABC: InitializeIPDvXp08 extro.
20260920 011231.286 INFO             PET0       ESMX_Driver: loopDataDependentInitialize intro.
20260920 011231.286 INFO             PET0         >>>ESMX_Driver: entered Initialize (phase=<none>) with current time: 2012 10 24  8  0  0   0
20260920 011231.286 INFO             PET0         <<<ESMX_Driver: leaving Initialize (phase=<none>) with current time: 2012 10 24  8  0  0   0
20260920 011231.286 INFO             PET0       ESMX_Driver: loopDataDependentInitialize extro.
20260920 011231.286 INFO             PET0       <<<ESMX_Driver: leaving Initialize (phase=<none>) with current time: 2012 10 24  8  0  0   0
20260920 011231.286 INFO             PET0     ESMX_Driver: InitializeIPDv02p5Data extro.
20260920 011231.287 INFO             PET0     <<<ESMX_Driver: leaving Initialize (phase=<none>) with current time: 2012 10 24  8  0  0   0
20260920 011231.287 INFO             PET0   ESMX_Driver: InitializeIPDv02p5 extro.
20260920 011231.287 INFO             PET0   <<<ESMX_Driver: leaving Initialize (phase=<none>) with current time: 2012 10 24  8  0  0   0
20260920 011231.287 INFO             PET0 ESMX_Driver: InitializeGeneric extro.
20260920 011231.287 INFO             PET0 ESMX_Driver: Run intro.
20260920 011231.287 INFO             PET0   >>>ESMX_Driver: entered Run (phase=RunPhase1) with current time: 2012 10 24  8  0  0   0
20260920 011231.288 INFO             PET0   ABC: Run intro.
20260920 011231.288 INFO             PET0     >>>ABC: entered Run (phase=RunPhase1) with current time: 2012 10 24  8  0  0   0
20260920 011231.288 INFO             PET0     <<<ABC: leaving Run (phase=RunPhase1) with current time: 2012 10 24 20  0  0   0
20260920 011231.288 INFO             PET0   ABC: Run extro.
20260920 011231.288 INFO             PET0   <<<ESMX_Driver: leaving Run (phase=RunPhase1) with current time: 2012 10 24 20  0  0   0
20260920 011231.288 INFO             PET0 ESMX_Driver: Run extro.
20260920 011231.289 INFO             PET0 ESMX_Driver: Finalize intro.
20260920 011231.289 INFO             PET0   >>>ESMX_Driver: entered Finalize (phase=FinalizePhase1) with current time: 2012 10 24 20  0  0   0
20260920 011231.289 INFO             PET0   Calling Finalize phase 1 for modelComp: ABC
20260920 011231.289 INFO             PET0   ABC: Finalize intro.
20260920 011231.289 INFO             PET0     >>>ABC: entered Finalize (phase=FinalizePhase1) with current time: 2012 10 24 20  0  0   0
20260920 011231.289 INFO             PET0     <<<ABC: leaving Finalize (phase=FinalizePhase1) with current time: 2012 10 24 20  0  0   0
20260920 011231.289 INFO             PET0   ABC: Finalize extro.
20260920 011231.289 INFO             PET0   Delete modelComp: ABC
20260920 011231.290 INFO             PET0   <<<ESMX_Driver: leaving Finalize (phase=FinalizePhase1) with current time: 2012 10 24 20  0  0   0
20260920 011231.290 INFO             PET0 ESMX_Driver: Finalize extro.
20260920 011231.290 INFO             PET0 =============================================
20260920 011231.290 INFO             PET0 ESMX (Earth System Model eXecutable) FINISHED
20260920 011231.290 INFO             PET0 =============================================
20260920 011231.290 INFO             PET0  Finalizing ESMF
20260920 011231.213 INFO             PET1 !!!!!!!!!!!!!!!!!!!!!!!!!!!!!!!!!!!!!!!!!!!!!!!!!!!!!!
20260920 011231.213 INFO             PET1 !!! THE ESMF_LOG IS SET TO OUTPUT ALL LOG MESSAGES !!!
20260920 011231.213 INFO             PET1 !!!     THIS MAY CAUSE SLOWDOWN IN PERFORMANCE     !!!
20260920 011231.213 INFO             PET1 !!! FOR PRODUCTION RUNS, USE:                      !!!
20260920 011231.213 INFO             PET1 !!!                   ESMF_LOGKIND_Multi_On_Error  !!!
20260920 011231.213 INFO             PET1 !!!!!!!!!!!!!!!!!!!!!!!!!!!!!!!!!!!!!!!!!!!!!!!!!!!!!!
20260920 011231.213 INFO             PET1 Running with ESMF Version   : v9.0.0b19
20260920 011231.213 INFO             PET1 ESMF library build date/time: "Sep 19 2026" "22:42:15"
20260920 011231.213 INFO             PET1 ESMF library build location : /discover/nobackup/projects/gmao/SIteam/ESMF_Testing/intel_2021.13.0_intelmpi_g_develop/esmf
20260920 011231.213 INFO             PET1 ESMF_COMM                   : intelmpi
20260920 011231.214 INFO             PET1 ESMF_MOAB                   : enabled
20260920 011231.214 INFO             PET1 ESMF_LAPACK                 : enabled
20260920 011231.214 INFO             PET1 ESMF_NETCDF                 : enabled
20260920 011231.214 INFO             PET1 ESMF_PNETCDF                : disabled
20260920 011231.214 INFO             PET1 ESMF_PIO                    : enabled
20260920 011231.214 INFO             PET1 ESMF_YAMLCPP                : enabled
20260920 011231.219 INFO             PET1 =============================================
20260920 011231.219 INFO             PET1 ESMX (Earth System Model eXecutable) STARTING
20260920 011231.219 INFO             PET1 =============================================
20260920 011231.234 DEBUG            PET1 Generic SetVM() is executing for: ESMX_Driver
20260920 011231.235 DEBUG            PET1 Generic SetVM() found no NUOPC Hint for: ESMX_Driver
20260920 011231.235 DEBUG            PET1 Generic SetVM() therefore is NOT calling ESMF_GridCompSetVMMaxPEs() for: ESMX_Driver
20260920 011231.243 INFO             PET1 ESMX_Driver: InitializeGeneric intro.
20260920 011231.244 INFO             PET1   >>>ESMX_Driver: entered Initialize (phase=<none>) without valid internal Clock.
20260920 011231.244 INFO             PET1   ESMX_Driver: InitializeP0 intro.
20260920 011231.244 INFO             PET1     >>>ESMX_Driver: entered Initialize (phase=<none>) without valid internal Clock.
20260920 011231.244 INFO             PET1     <<<ESMX_Driver: leaving Initialize (phase=<none>) without valid internal Clock.
20260920 011231.244 INFO             PET1   ESMX_Driver: InitializeP0 extro.
20260920 011231.244 INFO             PET1   ESMX_Driver: InitializeIPDv02p1 intro.
20260920 011231.244 INFO             PET1     >>>ESMX_Driver: entered Initialize (phase=<none>) without valid internal Clock.
20260920 011231.255 INFO             PET1     ESMX_Driver - Creating model component ABC without petList.
20260920 011231.255 DEBUG            PET1     Generic SetVM() is executing for: ABC
20260920 011231.255 DEBUG            PET1     Generic SetVM() found no NUOPC Hint for: ABC
20260920 011231.255 DEBUG            PET1     Generic SetVM() therefore is NOT calling ESMF_GridCompSetVMMaxPEs() for: ABC
20260920 011231.267 INFO             PET1     ABC: InitializeP0 intro.
20260920 011231.267 INFO             PET1       >>>ABC: entered Initialize (phase=<none>) without valid internal Clock.
20260920 011231.269 INFO             PET1       <<<ABC: leaving Initialize (phase=<none>) without valid internal Clock.
20260920 011231.269 INFO             PET1     ABC: InitializeP0 extro.
20260920 011231.274 INFO             PET1     ESMX_Driver: IInitAdvertise intro.
20260920 011231.274 INFO             PET1       >>>ESMX_Driver: entered Initialize (phase=<none>) with current time: 2012 10 24  8  0  0   0
20260920 011231.274 INFO             PET1       <<<ESMX_Driver: leaving Initialize (phase=<none>) with current time: 2012 10 24  8  0  0   0
20260920 011231.275 INFO             PET1     ESMX_Driver: IInitAdvertise extro.
20260920 011231.275 INFO             PET1     ABC: InitializeIPDvXp01 intro.
20260920 011231.275 INFO             PET1       >>>ABC: entered Initialize (phase=IPDvXp01) without valid internal Clock.
20260920 011231.275 INFO             PET1       <<<ABC: leaving Initialize (phase=IPDvXp01) without valid internal Clock.
20260920 011231.275 INFO             PET1     ABC: InitializeIPDvXp01 extro.
20260920 011231.276 INFO             PET1     ESMX_Driver: IInitAdvertiseFinish intro.
20260920 011231.276 INFO             PET1       >>>ESMX_Driver: entered Initialize (phase=<none>) with current time: 2012 10 24  8  0  0   0
20260920 011231.277 INFO             PET1       <<<ESMX_Driver: leaving Initialize (phase=<none>) with current time: 2012 10 24  8  0  0   0
20260920 011231.277 INFO             PET1     ESMX_Driver: IInitAdvertiseFinish extro.
20260920 011231.277 INFO             PET1     ESMX_Driver: IInitModifyCplLists intro.
20260920 011231.277 INFO             PET1       >>>ESMX_Driver: entered Initialize (phase=<none>) with current time: 2012 10 24  8  0  0   0
20260920 011231.278 INFO             PET1       <<<ESMX_Driver: leaving Initialize (phase=<none>) with current time: 2012 10 24  8  0  0   0
20260920 011231.278 INFO             PET1     ESMX_Driver: IInitModifyCplLists extro.
20260920 011231.278 INFO             PET1     <<<ESMX_Driver: leaving Initialize (phase=<none>) with current time: 2012 10 24  8  0  0   0
20260920 011231.278 INFO             PET1   ESMX_Driver: InitializeIPDv02p1 extro.
20260920 011231.278 INFO             PET1   ESMX_Driver: InitializeIPDv02p3 intro.
20260920 011231.278 INFO             PET1     >>>ESMX_Driver: entered Initialize (phase=<none>) with current time: 2012 10 24  8  0  0   0
20260920 011231.279 INFO             PET1     ESMX_Driver: IInitCheck intro.
20260920 011231.279 INFO             PET1       >>>ESMX_Driver: entered Initialize (phase=<none>) with current time: 2012 10 24  8  0  0   0
20260920 011231.279 INFO             PET1       <<<ESMX_Driver: leaving Initialize (phase=<none>) with current time: 2012 10 24  8  0  0   0
20260920 011231.279 INFO             PET1     ESMX_Driver: IInitCheck extro.
20260920 011231.279 INFO             PET1     ABC: InitializeIPDvXp04 intro.
20260920 011231.279 INFO             PET1       >>>ABC: entered Initialize (phase=IPDvXp04) without valid internal Clock.
20260920 011231.280 INFO             PET1       <<<ABC: leaving Initialize (phase=IPDvXp04) without valid internal Clock.
20260920 011231.280 INFO             PET1     ABC: InitializeIPDvXp04 extro.
20260920 011231.281 INFO             PET1     ESMX_Driver: IInitRealize intro.
20260920 011231.281 INFO             PET1       >>>ESMX_Driver: entered Initialize (phase=<none>) with current time: 2012 10 24  8  0  0   0
20260920 011231.281 INFO             PET1       <<<ESMX_Driver: leaving Initialize (phase=<none>) with current time: 2012 10 24  8  0  0   0
20260920 011231.281 INFO             PET1     ESMX_Driver: IInitRealize extro.
20260920 011231.282 INFO             PET1     ABC: InitializeIPDvXp07 intro.
20260920 011231.282 INFO             PET1       >>>ABC: entered Initialize (phase=IPDvXp07) without valid internal Clock.
20260920 011231.282 INFO             PET1       <<<ABC: leaving Initialize (phase=IPDvXp07) with current time: 2012 10 24  8  0  0   0
20260920 011231.282 INFO             PET1     ABC: InitializeIPDvXp07 extro.
20260920 011231.282 INFO             PET1     <<<ESMX_Driver: leaving Initialize (phase=<none>) with current time: 2012 10 24  8  0  0   0
20260920 011231.282 INFO             PET1   ESMX_Driver: InitializeIPDv02p3 extro.
20260920 011231.282 INFO             PET1   ESMX_Driver: InitializeIPDv02p5 intro.
20260920 011231.283 INFO             PET1     >>>ESMX_Driver: entered Initialize (phase=<none>) with current time: 2012 10 24  8  0  0   0
20260920 011231.283 INFO             PET1     ESMX_Driver: InitializeIPDv02p5Data intro.
20260920 011231.283 INFO             PET1       >>>ESMX_Driver: entered Initialize (phase=<none>) with current time: 2012 10 24  8  0  0   0
20260920 011231.283 INFO             PET1       ESMX_Driver: InternalInitializeComplete intro.
20260920 011231.283 INFO             PET1         >>>ESMX_Driver: entered Initialize (phase=<none>) with current time: 2012 10 24  8  0  0   0
20260920 011231.284 INFO             PET1         <<<ESMX_Driver: leaving Initialize (phase=<none>) with current time: 2012 10 24  8  0  0   0
20260920 011231.284 INFO             PET1       ESMX_Driver: InternalInitializeComplete extro.
20260920 011231.284 INFO             PET1       ABC: InitializeIPDvXp08 intro.
20260920 011231.284 INFO             PET1         >>>ABC: entered Initialize (phase=IPDv05p8) with current time: 2012 10 24  8  0  0   0
20260920 011231.284 INFO             PET1         <<<ABC: leaving Initialize (phase=IPDv05p8) with current time: 2012 10 24  8  0  0   0
20260920 011231.284 INFO             PET1       ABC: InitializeIPDvXp08 extro.
20260920 011231.286 INFO             PET1       ESMX_Driver: loopDataDependentInitialize intro.
20260920 011231.286 INFO             PET1         >>>ESMX_Driver: entered Initialize (phase=<none>) with current time: 2012 10 24  8  0  0   0
20260920 011231.286 INFO             PET1         <<<ESMX_Driver: leaving Initialize (phase=<none>) with current time: 2012 10 24  8  0  0   0
20260920 011231.286 INFO             PET1       ESMX_Driver: loopDataDependentInitialize extro.
20260920 011231.286 INFO             PET1       <<<ESMX_Driver: leaving Initialize (phase=<none>) with current time: 2012 10 24  8  0  0   0
20260920 011231.286 INFO             PET1     ESMX_Driver: InitializeIPDv02p5Data extro.
20260920 011231.287 INFO             PET1     <<<ESMX_Driver: leaving Initialize (phase=<none>) with current time: 2012 10 24  8  0  0   0
20260920 011231.287 INFO             PET1   ESMX_Driver: InitializeIPDv02p5 extro.
20260920 011231.287 INFO             PET1   <<<ESMX_Driver: leaving Initialize (phase=<none>) with current time: 2012 10 24  8  0  0   0
20260920 011231.287 INFO             PET1 ESMX_Driver: InitializeGeneric extro.
20260920 011231.287 INFO             PET1 ESMX_Driver: Run intro.
20260920 011231.287 INFO             PET1   >>>ESMX_Driver: entered Run (phase=RunPhase1) with current time: 2012 10 24  8  0  0   0
20260920 011231.288 INFO             PET1   ABC: Run intro.
20260920 011231.288 INFO             PET1     >>>ABC: entered Run (phase=RunPhase1) with current time: 2012 10 24  8  0  0   0
20260920 011231.288 INFO             PET1     <<<ABC: leaving Run (phase=RunPhase1) with current time: 2012 10 24 20  0  0   0
20260920 011231.288 INFO             PET1   ABC: Run extro.
20260920 011231.288 INFO             PET1   <<<ESMX_Driver: leaving Run (phase=RunPhase1) with current time: 2012 10 24 20  0  0   0
20260920 011231.288 INFO             PET1 ESMX_Driver: Run extro.
20260920 011231.289 INFO             PET1 ESMX_Driver: Finalize intro.
20260920 011231.289 INFO             PET1   >>>ESMX_Driver: entered Finalize (phase=FinalizePhase1) with current time: 2012 10 24 20  0  0   0
20260920 011231.289 INFO             PET1   Calling Finalize phase 1 for modelComp: ABC
20260920 011231.289 INFO             PET1   ABC: Finalize intro.
20260920 011231.289 INFO             PET1     >>>ABC: entered Finalize (phase=FinalizePhase1) with current time: 2012 10 24 20  0  0   0
20260920 011231.289 INFO             PET1     <<<ABC: leaving Finalize (phase=FinalizePhase1) with current time: 2012 10 24 20  0  0   0
20260920 011231.289 INFO             PET1   ABC: Finalize extro.
20260920 011231.289 INFO             PET1   Delete modelComp: ABC
20260920 011231.290 INFO             PET1   <<<ESMX_Driver: leaving Finalize (phase=FinalizePhase1) with current time: 2012 10 24 20  0  0   0
20260920 011231.290 INFO             PET1 ESMX_Driver: Finalize extro.
20260920 011231.290 INFO             PET1 =============================================
20260920 011231.290 INFO             PET1 ESMX (Earth System Model eXecutable) FINISHED
20260920 011231.290 INFO             PET1 =============================================
20260920 011231.290 INFO             PET1  Finalizing ESMF
20260920 011231.213 INFO             PET2 !!!!!!!!!!!!!!!!!!!!!!!!!!!!!!!!!!!!!!!!!!!!!!!!!!!!!!
20260920 011231.213 INFO             PET2 !!! THE ESMF_LOG IS SET TO OUTPUT ALL LOG MESSAGES !!!
20260920 011231.213 INFO             PET2 !!!     THIS MAY CAUSE SLOWDOWN IN PERFORMANCE     !!!
20260920 011231.213 INFO             PET2 !!! FOR PRODUCTION RUNS, USE:                      !!!
20260920 011231.213 INFO             PET2 !!!                   ESMF_LOGKIND_Multi_On_Error  !!!
20260920 011231.213 INFO             PET2 !!!!!!!!!!!!!!!!!!!!!!!!!!!!!!!!!!!!!!!!!!!!!!!!!!!!!!
20260920 011231.213 INFO             PET2 Running with ESMF Version   : v9.0.0b19
20260920 011231.213 INFO             PET2 ESMF library build date/time: "Sep 19 2026" "22:42:15"
20260920 011231.213 INFO             PET2 ESMF library build location : /discover/nobackup/projects/gmao/SIteam/ESMF_Testing/intel_2021.13.0_intelmpi_g_develop/esmf
20260920 011231.213 INFO             PET2 ESMF_COMM                   : intelmpi
20260920 011231.213 INFO             PET2 ESMF_MOAB                   : enabled
20260920 011231.213 INFO             PET2 ESMF_LAPACK                 : enabled
20260920 011231.213 INFO             PET2 ESMF_NETCDF                 : enabled
20260920 011231.213 INFO             PET2 ESMF_PNETCDF                : disabled
20260920 011231.213 INFO             PET2 ESMF_PIO                    : enabled
20260920 011231.213 INFO             PET2 ESMF_YAMLCPP                : enabled
20260920 011231.219 INFO             PET2 =============================================
20260920 011231.219 INFO             PET2 ESMX (Earth System Model eXecutable) STARTING
20260920 011231.219 INFO             PET2 =============================================
20260920 011231.234 DEBUG            PET2 Generic SetVM() is executing for: ESMX_Driver
20260920 011231.235 DEBUG            PET2 Generic SetVM() found no NUOPC Hint for: ESMX_Driver
20260920 011231.235 DEBUG            PET2 Generic SetVM() therefore is NOT calling ESMF_GridCompSetVMMaxPEs() for: ESMX_Driver
20260920 011231.243 INFO             PET2 ESMX_Driver: InitializeGeneric intro.
20260920 011231.244 INFO             PET2   >>>ESMX_Driver: entered Initialize (phase=<none>) without valid internal Clock.
20260920 011231.244 INFO             PET2   ESMX_Driver: InitializeP0 intro.
20260920 011231.244 INFO             PET2     >>>ESMX_Driver: entered Initialize (phase=<none>) without valid internal Clock.
20260920 011231.244 INFO             PET2     <<<ESMX_Driver: leaving Initialize (phase=<none>) without valid internal Clock.
20260920 011231.244 INFO             PET2   ESMX_Driver: InitializeP0 extro.
20260920 011231.244 INFO             PET2   ESMX_Driver: InitializeIPDv02p1 intro.
20260920 011231.244 INFO             PET2     >>>ESMX_Driver: entered Initialize (phase=<none>) without valid internal Clock.
20260920 011231.255 INFO             PET2     ESMX_Driver - Creating model component ABC without petList.
20260920 011231.255 DEBUG            PET2     Generic SetVM() is executing for: ABC
20260920 011231.255 DEBUG            PET2     Generic SetVM() found no NUOPC Hint for: ABC
20260920 011231.255 DEBUG            PET2     Generic SetVM() therefore is NOT calling ESMF_GridCompSetVMMaxPEs() for: ABC
20260920 011231.267 INFO             PET2     ABC: InitializeP0 intro.
20260920 011231.267 INFO             PET2       >>>ABC: entered Initialize (phase=<none>) without valid internal Clock.
20260920 011231.269 INFO             PET2       <<<ABC: leaving Initialize (phase=<none>) without valid internal Clock.
20260920 011231.269 INFO             PET2     ABC: InitializeP0 extro.
20260920 011231.274 INFO             PET2     ESMX_Driver: IInitAdvertise intro.
20260920 011231.274 INFO             PET2       >>>ESMX_Driver: entered Initialize (phase=<none>) with current time: 2012 10 24  8  0  0   0
20260920 011231.274 INFO             PET2       <<<ESMX_Driver: leaving Initialize (phase=<none>) with current time: 2012 10 24  8  0  0   0
20260920 011231.275 INFO             PET2     ESMX_Driver: IInitAdvertise extro.
20260920 011231.275 INFO             PET2     ABC: InitializeIPDvXp01 intro.
20260920 011231.275 INFO             PET2       >>>ABC: entered Initialize (phase=IPDvXp01) without valid internal Clock.
20260920 011231.275 INFO             PET2       <<<ABC: leaving Initialize (phase=IPDvXp01) without valid internal Clock.
20260920 011231.275 INFO             PET2     ABC: InitializeIPDvXp01 extro.
20260920 011231.276 INFO             PET2     ESMX_Driver: IInitAdvertiseFinish intro.
20260920 011231.276 INFO             PET2       >>>ESMX_Driver: entered Initialize (phase=<none>) with current time: 2012 10 24  8  0  0   0
20260920 011231.277 INFO             PET2       <<<ESMX_Driver: leaving Initialize (phase=<none>) with current time: 2012 10 24  8  0  0   0
20260920 011231.277 INFO             PET2     ESMX_Driver: IInitAdvertiseFinish extro.
20260920 011231.277 INFO             PET2     ESMX_Driver: IInitModifyCplLists intro.
20260920 011231.277 INFO             PET2       >>>ESMX_Driver: entered Initialize (phase=<none>) with current time: 2012 10 24  8  0  0   0
20260920 011231.278 INFO             PET2       <<<ESMX_Driver: leaving Initialize (phase=<none>) with current time: 2012 10 24  8  0  0   0
20260920 011231.278 INFO             PET2     ESMX_Driver: IInitModifyCplLists extro.
20260920 011231.278 INFO             PET2     <<<ESMX_Driver: leaving Initialize (phase=<none>) with current time: 2012 10 24  8  0  0   0
20260920 011231.278 INFO             PET2   ESMX_Driver: InitializeIPDv02p1 extro.
20260920 011231.278 INFO             PET2   ESMX_Driver: InitializeIPDv02p3 intro.
20260920 011231.278 INFO             PET2     >>>ESMX_Driver: entered Initialize (phase=<none>) with current time: 2012 10 24  8  0  0   0
20260920 011231.279 INFO             PET2     ESMX_Driver: IInitCheck intro.
20260920 011231.279 INFO             PET2       >>>ESMX_Driver: entered Initialize (phase=<none>) with current time: 2012 10 24  8  0  0   0
20260920 011231.279 INFO             PET2       <<<ESMX_Driver: leaving Initialize (phase=<none>) with current time: 2012 10 24  8  0  0   0
20260920 011231.279 INFO             PET2     ESMX_Driver: IInitCheck extro.
20260920 011231.279 INFO             PET2     ABC: InitializeIPDvXp04 intro.
20260920 011231.279 INFO             PET2       >>>ABC: entered Initialize (phase=IPDvXp04) without valid internal Clock.
20260920 011231.280 INFO             PET2       <<<ABC: leaving Initialize (phase=IPDvXp04) without valid internal Clock.
20260920 011231.280 INFO             PET2     ABC: InitializeIPDvXp04 extro.
20260920 011231.281 INFO             PET2     ESMX_Driver: IInitRealize intro.
20260920 011231.281 INFO             PET2       >>>ESMX_Driver: entered Initialize (phase=<none>) with current time: 2012 10 24  8  0  0   0
20260920 011231.281 INFO             PET2       <<<ESMX_Driver: leaving Initialize (phase=<none>) with current time: 2012 10 24  8  0  0   0
20260920 011231.281 INFO             PET2     ESMX_Driver: IInitRealize extro.
20260920 011231.282 INFO             PET2     ABC: InitializeIPDvXp07 intro.
20260920 011231.282 INFO             PET2       >>>ABC: entered Initialize (phase=IPDvXp07) without valid internal Clock.
20260920 011231.282 INFO             PET2       <<<ABC: leaving Initialize (phase=IPDvXp07) with current time: 2012 10 24  8  0  0   0
20260920 011231.282 INFO             PET2     ABC: InitializeIPDvXp07 extro.
20260920 011231.282 INFO             PET2     <<<ESMX_Driver: leaving Initialize (phase=<none>) with current time: 2012 10 24  8  0  0   0
20260920 011231.282 INFO             PET2   ESMX_Driver: InitializeIPDv02p3 extro.
20260920 011231.283 INFO             PET2   ESMX_Driver: InitializeIPDv02p5 intro.
20260920 011231.283 INFO             PET2     >>>ESMX_Driver: entered Initialize (phase=<none>) with current time: 2012 10 24  8  0  0   0
20260920 011231.283 INFO             PET2     ESMX_Driver: InitializeIPDv02p5Data intro.
20260920 011231.283 INFO             PET2       >>>ESMX_Driver: entered Initialize (phase=<none>) with current time: 2012 10 24  8  0  0   0
20260920 011231.283 INFO             PET2       ESMX_Driver: InternalInitializeComplete intro.
20260920 011231.283 INFO             PET2         >>>ESMX_Driver: entered Initialize (phase=<none>) with current time: 2012 10 24  8  0  0   0
20260920 011231.284 INFO             PET2         <<<ESMX_Driver: leaving Initialize (phase=<none>) with current time: 2012 10 24  8  0  0   0
20260920 011231.284 INFO             PET2       ESMX_Driver: InternalInitializeComplete extro.
20260920 011231.284 INFO             PET2       ABC: InitializeIPDvXp08 intro.
20260920 011231.284 INFO             PET2         >>>ABC: entered Initialize (phase=IPDv05p8) with current time: 2012 10 24  8  0  0   0
20260920 011231.284 INFO             PET2         <<<ABC: leaving Initialize (phase=IPDv05p8) with current time: 2012 10 24  8  0  0   0
20260920 011231.285 INFO             PET2       ABC: InitializeIPDvXp08 extro.
20260920 011231.286 INFO             PET2       ESMX_Driver: loopDataDependentInitialize intro.
20260920 011231.286 INFO             PET2         >>>ESMX_Driver: entered Initialize (phase=<none>) with current time: 2012 10 24  8  0  0   0
20260920 011231.286 INFO             PET2         <<<ESMX_Driver: leaving Initialize (phase=<none>) with current time: 2012 10 24  8  0  0   0
20260920 011231.286 INFO             PET2       ESMX_Driver: loopDataDependentInitialize extro.
20260920 011231.286 INFO             PET2       <<<ESMX_Driver: leaving Initialize (phase=<none>) with current time: 2012 10 24  8  0  0   0
20260920 011231.286 INFO             PET2     ESMX_Driver: InitializeIPDv02p5Data extro.
20260920 011231.287 INFO             PET2     <<<ESMX_Driver: leaving Initialize (phase=<none>) with current time: 2012 10 24  8  0  0   0
20260920 011231.287 INFO             PET2   ESMX_Driver: InitializeIPDv02p5 extro.
20260920 011231.287 INFO             PET2   <<<ESMX_Driver: leaving Initialize (phase=<none>) with current time: 2012 10 24  8  0  0   0
20260920 011231.287 INFO             PET2 ESMX_Driver: InitializeGeneric extro.
20260920 011231.287 INFO             PET2 ESMX_Driver: Run intro.
20260920 011231.287 INFO             PET2   >>>ESMX_Driver: entered Run (phase=RunPhase1) with current time: 2012 10 24  8  0  0   0
20260920 011231.288 INFO             PET2   ABC: Run intro.
20260920 011231.288 INFO             PET2     >>>ABC: entered Run (phase=RunPhase1) with current time: 2012 10 24  8  0  0   0
20260920 011231.288 INFO             PET2     <<<ABC: leaving Run (phase=RunPhase1) with current time: 2012 10 24 20  0  0   0
20260920 011231.288 INFO             PET2   ABC: Run extro.
20260920 011231.288 INFO             PET2   <<<ESMX_Driver: leaving Run (phase=RunPhase1) with current time: 2012 10 24 20  0  0   0
20260920 011231.288 INFO             PET2 ESMX_Driver: Run extro.
20260920 011231.289 INFO             PET2 ESMX_Driver: Finalize intro.
20260920 011231.289 INFO             PET2   >>>ESMX_Driver: entered Finalize (phase=FinalizePhase1) with current time: 2012 10 24 20  0  0   0
20260920 011231.289 INFO             PET2   Calling Finalize phase 1 for modelComp: ABC
20260920 011231.289 INFO             PET2   ABC: Finalize intro.
20260920 011231.289 INFO             PET2     >>>ABC: entered Finalize (phase=FinalizePhase1) with current time: 2012 10 24 20  0  0   0
20260920 011231.289 INFO             PET2     <<<ABC: leaving Finalize (phase=FinalizePhase1) with current time: 2012 10 24 20  0  0   0
20260920 011231.289 INFO             PET2   ABC: Finalize extro.
20260920 011231.289 INFO             PET2   Delete modelComp: ABC
20260920 011231.290 INFO             PET2   <<<ESMX_Driver: leaving Finalize (phase=FinalizePhase1) with current time: 2012 10 24 20  0  0   0
20260920 011231.290 INFO             PET2 ESMX_Driver: Finalize extro.
20260920 011231.290 INFO             PET2 =============================================
20260920 011231.290 INFO             PET2 ESMX (Earth System Model eXecutable) FINISHED
20260920 011231.290 INFO             PET2 =============================================
20260920 011231.290 INFO             PET2  Finalizing ESMF
20260920 011231.213 INFO             PET3 !!!!!!!!!!!!!!!!!!!!!!!!!!!!!!!!!!!!!!!!!!!!!!!!!!!!!!
20260920 011231.213 INFO             PET3 !!! THE ESMF_LOG IS SET TO OUTPUT ALL LOG MESSAGES !!!
20260920 011231.213 INFO             PET3 !!!     THIS MAY CAUSE SLOWDOWN IN PERFORMANCE     !!!
20260920 011231.213 INFO             PET3 !!! FOR PRODUCTION RUNS, USE:                      !!!
20260920 011231.213 INFO             PET3 !!!                   ESMF_LOGKIND_Multi_On_Error  !!!
20260920 011231.213 INFO             PET3 !!!!!!!!!!!!!!!!!!!!!!!!!!!!!!!!!!!!!!!!!!!!!!!!!!!!!!
20260920 011231.213 INFO             PET3 Running with ESMF Version   : v9.0.0b19
20260920 011231.213 INFO             PET3 ESMF library build date/time: "Sep 19 2026" "22:42:15"
20260920 011231.213 INFO             PET3 ESMF library build location : /discover/nobackup/projects/gmao/SIteam/ESMF_Testing/intel_2021.13.0_intelmpi_g_develop/esmf
20260920 011231.213 INFO             PET3 ESMF_COMM                   : intelmpi
20260920 011231.213 INFO             PET3 ESMF_MOAB                   : enabled
20260920 011231.213 INFO             PET3 ESMF_LAPACK                 : enabled
20260920 011231.213 INFO             PET3 ESMF_NETCDF                 : enabled
20260920 011231.213 INFO             PET3 ESMF_PNETCDF                : disabled
20260920 011231.213 INFO             PET3 ESMF_PIO                    : enabled
20260920 011231.213 INFO             PET3 ESMF_YAMLCPP                : enabled
20260920 011231.219 INFO             PET3 =============================================
20260920 011231.219 INFO             PET3 ESMX (Earth System Model eXecutable) STARTING
20260920 011231.219 INFO             PET3 =============================================
20260920 011231.234 DEBUG            PET3 Generic SetVM() is executing for: ESMX_Driver
20260920 011231.235 DEBUG            PET3 Generic SetVM() found no NUOPC Hint for: ESMX_Driver
20260920 011231.235 DEBUG            PET3 Generic SetVM() therefore is NOT calling ESMF_GridCompSetVMMaxPEs() for: ESMX_Driver
20260920 011231.243 INFO             PET3 ESMX_Driver: InitializeGeneric intro.
20260920 011231.244 INFO             PET3   >>>ESMX_Driver: entered Initialize (phase=<none>) without valid internal Clock.
20260920 011231.244 INFO             PET3   ESMX_Driver: InitializeP0 intro.
20260920 011231.244 INFO             PET3     >>>ESMX_Driver: entered Initialize (phase=<none>) without valid internal Clock.
20260920 011231.244 INFO             PET3     <<<ESMX_Driver: leaving Initialize (phase=<none>) without valid internal Clock.
20260920 011231.244 INFO             PET3   ESMX_Driver: InitializeP0 extro.
20260920 011231.244 INFO             PET3   ESMX_Driver: InitializeIPDv02p1 intro.
20260920 011231.244 INFO             PET3     >>>ESMX_Driver: entered Initialize (phase=<none>) without valid internal Clock.
20260920 011231.255 INFO             PET3     ESMX_Driver - Creating model component ABC without petList.
20260920 011231.255 DEBUG            PET3     Generic SetVM() is executing for: ABC
20260920 011231.255 DEBUG            PET3     Generic SetVM() found no NUOPC Hint for: ABC
20260920 011231.255 DEBUG            PET3     Generic SetVM() therefore is NOT calling ESMF_GridCompSetVMMaxPEs() for: ABC
20260920 011231.267 INFO             PET3     ABC: InitializeP0 intro.
20260920 011231.267 INFO             PET3       >>>ABC: entered Initialize (phase=<none>) without valid internal Clock.
20260920 011231.269 INFO             PET3       <<<ABC: leaving Initialize (phase=<none>) without valid internal Clock.
20260920 011231.269 INFO             PET3     ABC: InitializeP0 extro.
20260920 011231.274 INFO             PET3     ESMX_Driver: IInitAdvertise intro.
20260920 011231.274 INFO             PET3       >>>ESMX_Driver: entered Initialize (phase=<none>) with current time: 2012 10 24  8  0  0   0
20260920 011231.274 INFO             PET3       <<<ESMX_Driver: leaving Initialize (phase=<none>) with current time: 2012 10 24  8  0  0   0
20260920 011231.275 INFO             PET3     ESMX_Driver: IInitAdvertise extro.
20260920 011231.275 INFO             PET3     ABC: InitializeIPDvXp01 intro.
20260920 011231.275 INFO             PET3       >>>ABC: entered Initialize (phase=IPDvXp01) without valid internal Clock.
20260920 011231.275 INFO             PET3       <<<ABC: leaving Initialize (phase=IPDvXp01) without valid internal Clock.
20260920 011231.275 INFO             PET3     ABC: InitializeIPDvXp01 extro.
20260920 011231.276 INFO             PET3     ESMX_Driver: IInitAdvertiseFinish intro.
20260920 011231.276 INFO             PET3       >>>ESMX_Driver: entered Initialize (phase=<none>) with current time: 2012 10 24  8  0  0   0
20260920 011231.277 INFO             PET3       <<<ESMX_Driver: leaving Initialize (phase=<none>) with current time: 2012 10 24  8  0  0   0
20260920 011231.277 INFO             PET3     ESMX_Driver: IInitAdvertiseFinish extro.
20260920 011231.277 INFO             PET3     ESMX_Driver: IInitModifyCplLists intro.
20260920 011231.277 INFO             PET3       >>>ESMX_Driver: entered Initialize (phase=<none>) with current time: 2012 10 24  8  0  0   0
20260920 011231.278 INFO             PET3       <<<ESMX_Driver: leaving Initialize (phase=<none>) with current time: 2012 10 24  8  0  0   0
20260920 011231.278 INFO             PET3     ESMX_Driver: IInitModifyCplLists extro.
20260920 011231.278 INFO             PET3     <<<ESMX_Driver: leaving Initialize (phase=<none>) with current time: 2012 10 24  8  0  0   0
20260920 011231.278 INFO             PET3   ESMX_Driver: InitializeIPDv02p1 extro.
20260920 011231.278 INFO             PET3   ESMX_Driver: InitializeIPDv02p3 intro.
20260920 011231.278 INFO             PET3     >>>ESMX_Driver: entered Initialize (phase=<none>) with current time: 2012 10 24  8  0  0   0
20260920 011231.279 INFO             PET3     ESMX_Driver: IInitCheck intro.
20260920 011231.279 INFO             PET3       >>>ESMX_Driver: entered Initialize (phase=<none>) with current time: 2012 10 24  8  0  0   0
20260920 011231.279 INFO             PET3       <<<ESMX_Driver: leaving Initialize (phase=<none>) with current time: 2012 10 24  8  0  0   0
20260920 011231.279 INFO             PET3     ESMX_Driver: IInitCheck extro.
20260920 011231.279 INFO             PET3     ABC: InitializeIPDvXp04 intro.
20260920 011231.279 INFO             PET3       >>>ABC: entered Initialize (phase=IPDvXp04) without valid internal Clock.
20260920 011231.280 INFO             PET3       <<<ABC: leaving Initialize (phase=IPDvXp04) without valid internal Clock.
20260920 011231.280 INFO             PET3     ABC: InitializeIPDvXp04 extro.
20260920 011231.281 INFO             PET3     ESMX_Driver: IInitRealize intro.
20260920 011231.281 INFO             PET3       >>>ESMX_Driver: entered Initialize (phase=<none>) with current time: 2012 10 24  8  0  0   0
20260920 011231.281 INFO             PET3       <<<ESMX_Driver: leaving Initialize (phase=<none>) with current time: 2012 10 24  8  0  0   0
20260920 011231.281 INFO             PET3     ESMX_Driver: IInitRealize extro.
20260920 011231.282 INFO             PET3     ABC: InitializeIPDvXp07 intro.
20260920 011231.282 INFO             PET3       >>>ABC: entered Initialize (phase=IPDvXp07) without valid internal Clock.
20260920 011231.282 INFO             PET3       <<<ABC: leaving Initialize (phase=IPDvXp07) with current time: 2012 10 24  8  0  0   0
20260920 011231.282 INFO             PET3     ABC: InitializeIPDvXp07 extro.
20260920 011231.282 INFO             PET3     <<<ESMX_Driver: leaving Initialize (phase=<none>) with current time: 2012 10 24  8  0  0   0
20260920 011231.282 INFO             PET3   ESMX_Driver: InitializeIPDv02p3 extro.
20260920 011231.283 INFO             PET3   ESMX_Driver: InitializeIPDv02p5 intro.
20260920 011231.283 INFO             PET3     >>>ESMX_Driver: entered Initialize (phase=<none>) with current time: 2012 10 24  8  0  0   0
20260920 011231.283 INFO             PET3     ESMX_Driver: InitializeIPDv02p5Data intro.
20260920 011231.283 INFO             PET3       >>>ESMX_Driver: entered Initialize (phase=<none>) with current time: 2012 10 24  8  0  0   0
20260920 011231.283 INFO             PET3       ESMX_Driver: InternalInitializeComplete intro.
20260920 011231.283 INFO             PET3         >>>ESMX_Driver: entered Initialize (phase=<none>) with current time: 2012 10 24  8  0  0   0
20260920 011231.284 INFO             PET3         <<<ESMX_Driver: leaving Initialize (phase=<none>) with current time: 2012 10 24  8  0  0   0
20260920 011231.284 INFO             PET3       ESMX_Driver: InternalInitializeComplete extro.
20260920 011231.284 INFO             PET3       ABC: InitializeIPDvXp08 intro.
20260920 011231.284 INFO             PET3         >>>ABC: entered Initialize (phase=IPDv05p8) with current time: 2012 10 24  8  0  0   0
20260920 011231.284 INFO             PET3         <<<ABC: leaving Initialize (phase=IPDv05p8) with current time: 2012 10 24  8  0  0   0
20260920 011231.285 INFO             PET3       ABC: InitializeIPDvXp08 extro.
20260920 011231.286 INFO             PET3       ESMX_Driver: loopDataDependentInitialize intro.
20260920 011231.286 INFO             PET3         >>>ESMX_Driver: entered Initialize (phase=<none>) with current time: 2012 10 24  8  0  0   0
20260920 011231.286 INFO             PET3         <<<ESMX_Driver: leaving Initialize (phase=<none>) with current time: 2012 10 24  8  0  0   0
20260920 011231.286 INFO             PET3       ESMX_Driver: loopDataDependentInitialize extro.
20260920 011231.286 INFO             PET3       <<<ESMX_Driver: leaving Initialize (phase=<none>) with current time: 2012 10 24  8  0  0   0
20260920 011231.286 INFO             PET3     ESMX_Driver: InitializeIPDv02p5Data extro.
20260920 011231.287 INFO             PET3     <<<ESMX_Driver: leaving Initialize (phase=<none>) with current time: 2012 10 24  8  0  0   0
20260920 011231.287 INFO             PET3   ESMX_Driver: InitializeIPDv02p5 extro.
20260920 011231.287 INFO             PET3   <<<ESMX_Driver: leaving Initialize (phase=<none>) with current time: 2012 10 24  8  0  0   0
20260920 011231.287 INFO             PET3 ESMX_Driver: InitializeGeneric extro.
20260920 011231.287 INFO             PET3 ESMX_Driver: Run intro.
20260920 011231.287 INFO             PET3   >>>ESMX_Driver: entered Run (phase=RunPhase1) with current time: 2012 10 24  8  0  0   0
20260920 011231.288 INFO             PET3   ABC: Run intro.
20260920 011231.288 INFO             PET3     >>>ABC: entered Run (phase=RunPhase1) with current time: 2012 10 24  8  0  0   0
20260920 011231.288 INFO             PET3     <<<ABC: leaving Run (phase=RunPhase1) with current time: 2012 10 24 20  0  0   0
20260920 011231.288 INFO             PET3   ABC: Run extro.
20260920 011231.288 INFO             PET3   <<<ESMX_Driver: leaving Run (phase=RunPhase1) with current time: 2012 10 24 20  0  0   0
20260920 011231.288 INFO             PET3 ESMX_Driver: Run extro.
20260920 011231.289 INFO             PET3 ESMX_Driver: Finalize intro.
20260920 011231.289 INFO             PET3   >>>ESMX_Driver: entered Finalize (phase=FinalizePhase1) with current time: 2012 10 24 20  0  0   0
20260920 011231.289 INFO             PET3   Calling Finalize phase 1 for modelComp: ABC
20260920 011231.289 INFO             PET3   ABC: Finalize intro.
20260920 011231.289 INFO             PET3     >>>ABC: entered Finalize (phase=FinalizePhase1) with current time: 2012 10 24 20  0  0   0
20260920 011231.289 INFO             PET3     <<<ABC: leaving Finalize (phase=FinalizePhase1) with current time: 2012 10 24 20  0  0   0
20260920 011231.289 INFO             PET3   ABC: Finalize extro.
20260920 011231.289 INFO             PET3   Delete modelComp: ABC
20260920 011231.290 INFO             PET3   <<<ESMX_Driver: leaving Finalize (phase=FinalizePhase1) with current time: 2012 10 24 20  0  0   0
20260920 011231.290 INFO             PET3 ESMX_Driver: Finalize extro.
20260920 011231.290 INFO             PET3 =============================================
20260920 011231.290 INFO             PET3 ESMX (Earth System Model eXecutable) FINISHED
20260920 011231.290 INFO             PET3 =============================================
20260920 011231.290 INFO             PET3  Finalizing ESMF
