2026-09-07 23:37:54

Program received signal SIGFPE: Floating-point exception - erroneous arithmetic operation.

Backtrace for this error:

Program received signal SIGFPE: Floating-point exception - erroneous arithmetic operation.

Backtrace for this error:

Program received signal SIGFPE: Floating-point exception - erroneous arithmetic operation.

Backtrace for this error:

Program received signal SIGFPE: Floating-point exception - erroneous arithmetic operation.

Backtrace for this error:
#0  0x14d702df962f in ???
#0  0x14cf9a6fb62f in ???
#0  0x14678db0562f in ???
#0  0x15306ffa962f in ???
#1  0x146790f440ad in _ZN5ESMCI3XXE15exec_psssDstRraIfddEEvPT_PiPT0_PT1_S4_ii
	at /scratch3/NCEPDEV/stmp/Gerhard.Theurich/ESMF-Nightly-Testing-Hera/gfortran_13.2.0_openmpi_g_feature_esmx-cmake/esmf/src/Infrastructure/DELayout/src/ESMCI_DELayout.C:6576
#2  0x146790ee803e in _ZN5ESMCI3XXE10psssDstRraIfddEEvPT_NS0_4TKIdEPiPT0_S4_PT1_S5_S4_iiiiiiiS5_S5_b
	at /scratch3/NCEPDEV/stmp/Gerhard.Theurich/ESMF-Nightly-Testing-Hera/gfortran_13.2.0_openmpi_g_feature_esmx-cmake/esmf/src/Infrastructure/DELayout/src/ESMCI_DELayout.C:6548
#3  0x146790e92350 in _ZN5ESMCI3XXE10psssDstRraIfdiEEvPT_NS0_4TKIdEPiPT0_S4_PT1_S5_S4_iiiiiiiS5_S5_b
	at /scratch3/NCEPDEV/stmp/Gerhard.Theurich/ESMF-Nightly-Testing-Hera/gfortran_13.2.0_openmpi_g_feature_esmx-cmake/esmf/src/Infrastructure/DELayout/src/ESMCI_DELayout.C:6512
#4  0x146790e672fd in _ZN5ESMCI3XXE10psssDstRraIfiiEEvPT_NS0_4TKIdEPiPT0_S4_PT1_S5_S4_iiiiiiiS5_S5_b
	at /scratch3/NCEPDEV/stmp/Gerhard.Theurich/ESMF-Nightly-Testing-Hera/gfortran_13.2.0_openmpi_g_feature_esmx-cmake/esmf/src/Infrastructure/DELayout/src/ESMCI_DELayout.C:6472
#5  0x146790e5a634 in ???
#6  0x146790e4e1f5 in _ZN5ESMCI3XXE4execEiPPcPiiPbS4_PdiiS3_PNS0_10SuperVectPE
	at /scratch3/NCEPDEV/stmp/Gerhard.Theurich/ESMF-Nightly-Testing-Hera/gfortran_13.2.0_openmpi_g_feature_esmx-cmake/esmf/src/Infrastructure/DELayout/src/ESMCI_DELayout.C:4851
#7  0x146790e4d452 in _ZN5ESMCI3XXE4execEiPPcPiiPbS4_PdiiS3_PNS0_10SuperVectPE
	at /scratch3/NCEPDEV/stmp/Gerhard.Theurich/ESMF-Nightly-Testing-Hera/gfortran_13.2.0_openmpi_g_feature_esmx-cmake/esmf/src/Infrastructure/DELayout/src/ESMCI_DELayout.C:4419
#8  0x146790d14cf8 in ???
#1  0x1530733e80ad in _ZN5ESMCI3XXE15exec_psssDstRraIfddEEvPT_PiPT0_PT1_S4_ii
	at /scratch3/NCEPDEV/stmp/Gerhard.Theurich/ESMF-Nightly-Testing-Hera/gfortran_13.2.0_openmpi_g_feature_esmx-cmake/esmf/src/Infrastructure/DELayout/src/ESMCI_DELayout.C:6576
#2  0x15307338c03e in _ZN5ESMCI3XXE10psssDstRraIfddEEvPT_NS0_4TKIdEPiPT0_S4_PT1_S5_S4_iiiiiiiS5_S5_b
	at /scratch3/NCEPDEV/stmp/Gerhard.Theurich/ESMF-Nightly-Testing-Hera/gfortran_13.2.0_openmpi_g_feature_esmx-cmake/esmf/src/Infrastructure/DELayout/src/ESMCI_DELayout.C:6548
#1  0x14cf9db3a0ad in _ZN5ESMCI3XXE15exec_psssDstRraIfddEEvPT_PiPT0_PT1_S4_ii
	at /scratch3/NCEPDEV/stmp/Gerhard.Theurich/ESMF-Nightly-Testing-Hera/gfortran_13.2.0_openmpi_g_feature_esmx-cmake/esmf/src/Infrastructure/DELayout/src/ESMCI_DELayout.C:6576
#3  0x153073336350 in _ZN5ESMCI3XXE10psssDstRraIfdiEEvPT_NS0_4TKIdEPiPT0_S4_PT1_S5_S4_iiiiiiiS5_S5_b
	at /scratch3/NCEPDEV/stmp/Gerhard.Theurich/ESMF-Nightly-Testing-Hera/gfortran_13.2.0_openmpi_g_feature_esmx-cmake/esmf/src/Infrastructure/DELayout/src/ESMCI_DELayout.C:6512
#4  0x15307330b2fd in _ZN5ESMCI3XXE10psssDstRraIfiiEEvPT_NS0_4TKIdEPiPT0_S4_PT1_S5_S4_iiiiiiiS5_S5_b
	at /scratch3/NCEPDEV/stmp/Gerhard.Theurich/ESMF-Nightly-Testing-Hera/gfortran_13.2.0_openmpi_g_feature_esmx-cmake/esmf/src/Infrastructure/DELayout/src/ESMCI_DELayout.C:6472
#2  0x14cf9dade03e in _ZN5ESMCI3XXE10psssDstRraIfddEEvPT_NS0_4TKIdEPiPT0_S4_PT1_S5_S4_iiiiiiiS5_S5_b
	at /scratch3/NCEPDEV/stmp/Gerhard.Theurich/ESMF-Nightly-Testing-Hera/gfortran_13.2.0_openmpi_g_feature_esmx-cmake/esmf/src/Infrastructure/DELayout/src/ESMCI_DELayout.C:6548
#5  0x1530732fe634 in ???
#6  0x1530732f21f5 in _ZN5ESMCI3XXE4execEiPPcPiiPbS4_PdiiS3_PNS0_10SuperVectPE
	at /scratch3/NCEPDEV/stmp/Gerhard.Theurich/ESMF-Nightly-Testing-Hera/gfortran_13.2.0_openmpi_g_feature_esmx-cmake/esmf/src/Infrastructure/DELayout/src/ESMCI_DELayout.C:4851
#7  0x1530732f1452 in _ZN5ESMCI3XXE4execEiPPcPiiPbS4_PdiiS3_PNS0_10SuperVectPE
	at /scratch3/NCEPDEV/stmp/Gerhard.Theurich/ESMF-Nightly-Testing-Hera/gfortran_13.2.0_openmpi_g_feature_esmx-cmake/esmf/src/Infrastructure/DELayout/src/ESMCI_DELayout.C:4419
#3  0x14cf9da88350 in _ZN5ESMCI3XXE10psssDstRraIfdiEEvPT_NS0_4TKIdEPiPT0_S4_PT1_S5_S4_iiiiiiiS5_S5_b
	at /scratch3/NCEPDEV/stmp/Gerhard.Theurich/ESMF-Nightly-Testing-Hera/gfortran_13.2.0_openmpi_g_feature_esmx-cmake/esmf/src/Infrastructure/DELayout/src/ESMCI_DELayout.C:6512
#4  0x14cf9da5d2fd in _ZN5ESMCI3XXE10psssDstRraIfiiEEvPT_NS0_4TKIdEPiPT0_S4_PT1_S5_S4_iiiiiiiS5_S5_b
	at /scratch3/NCEPDEV/stmp/Gerhard.Theurich/ESMF-Nightly-Testing-Hera/gfortran_13.2.0_openmpi_g_feature_esmx-cmake/esmf/src/Infrastructure/DELayout/src/ESMCI_DELayout.C:6472
#5  0x14cf9da50634 in ???
#8  0x1530731b8cf8 in ???
#6  0x14cf9da441f5 in _ZN5ESMCI3XXE4execEiPPcPiiPbS4_PdiiS3_PNS0_10SuperVectPE
	at /scratch3/NCEPDEV/stmp/Gerhard.Theurich/ESMF-Nightly-Testing-Hera/gfortran_13.2.0_openmpi_g_feature_esmx-cmake/esmf/src/Infrastructure/DELayout/src/ESMCI_DELayout.C:4851
#7  0x14cf9da43452 in _ZN5ESMCI3XXE4execEiPPcPiiPbS4_PdiiS3_PNS0_10SuperVectPE
	at /scratch3/NCEPDEV/stmp/Gerhard.Theurich/ESMF-Nightly-Testing-Hera/gfortran_13.2.0_openmpi_g_feature_esmx-cmake/esmf/src/Infrastructure/DELayout/src/ESMCI_DELayout.C:4419
#8  0x14cf9d90acf8 in ???
#1  0x14d7062380ad in _ZN5ESMCI3XXE15exec_psssDstRraIfddEEvPT_PiPT0_PT1_S4_ii
	at /scratch3/NCEPDEV/stmp/Gerhard.Theurich/ESMF-Nightly-Testing-Hera/gfortran_13.2.0_openmpi_g_feature_esmx-cmake/esmf/src/Infrastructure/DELayout/src/ESMCI_DELayout.C:6576
#2  0x14d7061dc03e in _ZN5ESMCI3XXE10psssDstRraIfddEEvPT_NS0_4TKIdEPiPT0_S4_PT1_S5_S4_iiiiiiiS5_S5_b
	at /scratch3/NCEPDEV/stmp/Gerhard.Theurich/ESMF-Nightly-Testing-Hera/gfortran_13.2.0_openmpi_g_feature_esmx-cmake/esmf/src/Infrastructure/DELayout/src/ESMCI_DELayout.C:6548
#3  0x14d706186350 in _ZN5ESMCI3XXE10psssDstRraIfdiEEvPT_NS0_4TKIdEPiPT0_S4_PT1_S5_S4_iiiiiiiS5_S5_b
	at /scratch3/NCEPDEV/stmp/Gerhard.Theurich/ESMF-Nightly-Testing-Hera/gfortran_13.2.0_openmpi_g_feature_esmx-cmake/esmf/src/Infrastructure/DELayout/src/ESMCI_DELayout.C:6512
#4  0x14d70615b2fd in _ZN5ESMCI3XXE10psssDstRraIfiiEEvPT_NS0_4TKIdEPiPT0_S4_PT1_S5_S4_iiiiiiiS5_S5_b
	at /scratch3/NCEPDEV/stmp/Gerhard.Theurich/ESMF-Nightly-Testing-Hera/gfortran_13.2.0_openmpi_g_feature_esmx-cmake/esmf/src/Infrastructure/DELayout/src/ESMCI_DELayout.C:6472
#5  0x14d70614e634 in ???
#6  0x14d7061421f5 in _ZN5ESMCI3XXE4execEiPPcPiiPbS4_PdiiS3_PNS0_10SuperVectPE
	at /scratch3/NCEPDEV/stmp/Gerhard.Theurich/ESMF-Nightly-Testing-Hera/gfortran_13.2.0_openmpi_g_feature_esmx-cmake/esmf/src/Infrastructure/DELayout/src/ESMCI_DELayout.C:4851
#7  0x14d706141452 in _ZN5ESMCI3XXE4execEiPPcPiiPbS4_PdiiS3_PNS0_10SuperVectPE
	at /scratch3/NCEPDEV/stmp/Gerhard.Theurich/ESMF-Nightly-Testing-Hera/gfortran_13.2.0_openmpi_g_feature_esmx-cmake/esmf/src/Infrastructure/DELayout/src/ESMCI_DELayout.C:4419
#8  0x14d706008cf8 in ???
#9  0x146790d04f9d in _ZN5ESMCI5Array18tSparseMatMulStoreIiiEEiPS0_S2_PPNS_11RouteHandleERKSt6vectorINS_12SparseMatrixIT_T0_EESaISA_EEbbPiSF_
	at /scratch3/NCEPDEV/stmp/Gerhard.Theurich/ESMF-Nightly-Testing-Hera/gfortran_13.2.0_openmpi_g_feature_esmx-cmake/esmf/src/Infrastructure/Array/src/ESMCI_Array.C:9613
#10  0x146790cff8b4 in ???
#9  0x1530731a8f9d in _ZN5ESMCI5Array18tSparseMatMulStoreIiiEEiPS0_S2_PPNS_11RouteHandleERKSt6vectorINS_12SparseMatrixIT_T0_EESaISA_EEbbPiSF_
	at /scratch3/NCEPDEV/stmp/Gerhard.Theurich/ESMF-Nightly-Testing-Hera/gfortran_13.2.0_openmpi_g_feature_esmx-cmake/esmf/src/Infrastructure/Array/src/ESMCI_Array.C:9613
#10  0x1530731a38b4 in ???
#9  0x14cf9d8faf9d in _ZN5ESMCI5Array18tSparseMatMulStoreIiiEEiPS0_S2_PPNS_11RouteHandleERKSt6vectorINS_12SparseMatrixIT_T0_EESaISA_EEbbPiSF_
	at /scratch3/NCEPDEV/stmp/Gerhard.Theurich/ESMF-Nightly-Testing-Hera/gfortran_13.2.0_openmpi_g_feature_esmx-cmake/esmf/src/Infrastructure/Array/src/ESMCI_Array.C:9613
#10  0x14cf9d8f58b4 in ???
#9  0x14d705ff8f9d in _ZN5ESMCI5Array18tSparseMatMulStoreIiiEEiPS0_S2_PPNS_11RouteHandleERKSt6vectorINS_12SparseMatrixIT_T0_EESaISA_EEbbPiSF_
	at /scratch3/NCEPDEV/stmp/Gerhard.Theurich/ESMF-Nightly-Testing-Hera/gfortran_13.2.0_openmpi_g_feature_esmx-cmake/esmf/src/Infrastructure/Array/src/ESMCI_Array.C:9613
#10  0x14d705ff38b4 in ???
#11  0x146790dc9a6a in c_esmc_arraysmmstoreind4_
	at /scratch3/NCEPDEV/stmp/Gerhard.Theurich/ESMF-Nightly-Testing-Hera/gfortran_13.2.0_openmpi_g_feature_esmx-cmake/esmf/src/Infrastructure/Array/interface/ESMCI_Array_F.C:1105
#11  0x15307326da6a in c_esmc_arraysmmstoreind4_
	at /scratch3/NCEPDEV/stmp/Gerhard.Theurich/ESMF-Nightly-Testing-Hera/gfortran_13.2.0_openmpi_g_feature_esmx-cmake/esmf/src/Infrastructure/Array/interface/ESMCI_Array_F.C:1105
#11  0x14cf9d9bfa6a in c_esmc_arraysmmstoreind4_
	at /scratch3/NCEPDEV/stmp/Gerhard.Theurich/ESMF-Nightly-Testing-Hera/gfortran_13.2.0_openmpi_g_feature_esmx-cmake/esmf/src/Infrastructure/Array/interface/ESMCI_Array_F.C:1105
#11  0x14d7060bda6a in c_esmc_arraysmmstoreind4_
	at /scratch3/NCEPDEV/stmp/Gerhard.Theurich/ESMF-Nightly-Testing-Hera/gfortran_13.2.0_openmpi_g_feature_esmx-cmake/esmf/src/Infrastructure/Array/interface/ESMCI_Array_F.C:1105
#12  0x14679133c48d in _Z19ESMCI_regrid_createPPN5ESMCI4MeshEPPNS_5ArrayEPPNS_9PointListES2_S5_S8_PiS9_S9_S9_S9_S9_S9_S9_PdS9_S9_S9_S9_S9_S9_PPNS_11RouteHandleES9_S9_S9_PPNS_11TempWeightsESD_S9_S9_S9_PPNS_7TempUDLES9_S5_S9_S9_
	at /scratch3/NCEPDEV/stmp/Gerhard.Theurich/ESMF-Nightly-Testing-Hera/gfortran_13.2.0_openmpi_g_feature_esmx-cmake/esmf/src/Infrastructure/Mesh/src/ESMCI_Mesh_Regrid_Glue.C:681
#12  0x1530737e048d in _Z19ESMCI_regrid_createPPN5ESMCI4MeshEPPNS_5ArrayEPPNS_9PointListES2_S5_S8_PiS9_S9_S9_S9_S9_S9_S9_PdS9_S9_S9_S9_S9_S9_PPNS_11RouteHandleES9_S9_S9_PPNS_11TempWeightsESD_S9_S9_S9_PPNS_7TempUDLES9_S5_S9_S9_
	at /scratch3/NCEPDEV/stmp/Gerhard.Theurich/ESMF-Nightly-Testing-Hera/gfortran_13.2.0_openmpi_g_feature_esmx-cmake/esmf/src/Infrastructure/Mesh/src/ESMCI_Mesh_Regrid_Glue.C:681
#12  0x14cf9df3248d in _Z19ESMCI_regrid_createPPN5ESMCI4MeshEPPNS_5ArrayEPPNS_9PointListES2_S5_S8_PiS9_S9_S9_S9_S9_S9_S9_PdS9_S9_S9_S9_S9_S9_PPNS_11RouteHandleES9_S9_S9_PPNS_11TempWeightsESD_S9_S9_S9_PPNS_7TempUDLES9_S5_S9_S9_
	at /scratch3/NCEPDEV/stmp/Gerhard.Theurich/ESMF-Nightly-Testing-Hera/gfortran_13.2.0_openmpi_g_feature_esmx-cmake/esmf/src/Infrastructure/Mesh/src/ESMCI_Mesh_Regrid_Glue.C:681
#12  0x14d70663048d in _Z19ESMCI_regrid_createPPN5ESMCI4MeshEPPNS_5ArrayEPPNS_9PointListES2_S5_S8_PiS9_S9_S9_S9_S9_S9_S9_PdS9_S9_S9_S9_S9_S9_PPNS_11RouteHandleES9_S9_S9_PPNS_11TempWeightsESD_S9_S9_S9_PPNS_7TempUDLES9_S5_S9_S9_
	at /scratch3/NCEPDEV/stmp/Gerhard.Theurich/ESMF-Nightly-Testing-Hera/gfortran_13.2.0_openmpi_g_feature_esmx-cmake/esmf/src/Infrastructure/Mesh/src/ESMCI_Mesh_Regrid_Glue.C:681
#13  0x14679129fff1 in _ZN5ESMCI7MeshCap13regrid_createEPPS0_PPNS_5ArrayEPPNS_9PointListES2_S5_S8_PiS9_S9_S9_S9_S9_S9_S9_PdS9_S9_S9_S9_S9_S9_PPNS_11RouteHandleES9_S9_S9_PPNS_11TempWeightsESD_S9_S9_S9_PPNS_7TempUDLES9_S5_S9_S9_
	at /scratch3/NCEPDEV/stmp/Gerhard.Theurich/ESMF-Nightly-Testing-Hera/gfortran_13.2.0_openmpi_g_feature_esmx-cmake/esmf/src/Infrastructure/Mesh/src/ESMCI_MeshCap.C:1658
#13  0x153073743ff1 in _ZN5ESMCI7MeshCap13regrid_createEPPS0_PPNS_5ArrayEPPNS_9PointListES2_S5_S8_PiS9_S9_S9_S9_S9_S9_S9_PdS9_S9_S9_S9_S9_S9_PPNS_11RouteHandleES9_S9_S9_PPNS_11TempWeightsESD_S9_S9_S9_PPNS_7TempUDLES9_S5_S9_S9_
	at /scratch3/NCEPDEV/stmp/Gerhard.Theurich/ESMF-Nightly-Testing-Hera/gfortran_13.2.0_openmpi_g_feature_esmx-cmake/esmf/src/Infrastructure/Mesh/src/ESMCI_MeshCap.C:1658
#13  0x14cf9de95ff1 in _ZN5ESMCI7MeshCap13regrid_createEPPS0_PPNS_5ArrayEPPNS_9PointListES2_S5_S8_PiS9_S9_S9_S9_S9_S9_S9_PdS9_S9_S9_S9_S9_S9_PPNS_11RouteHandleES9_S9_S9_PPNS_11TempWeightsESD_S9_S9_S9_PPNS_7TempUDLES9_S5_S9_S9_
	at /scratch3/NCEPDEV/stmp/Gerhard.Theurich/ESMF-Nightly-Testing-Hera/gfortran_13.2.0_openmpi_g_feature_esmx-cmake/esmf/src/Infrastructure/Mesh/src/ESMCI_MeshCap.C:1658
#13  0x14d706593ff1 in _ZN5ESMCI7MeshCap13regrid_createEPPS0_PPNS_5ArrayEPPNS_9PointListES2_S5_S8_PiS9_S9_S9_S9_S9_S9_S9_PdS9_S9_S9_S9_S9_S9_PPNS_11RouteHandleES9_S9_S9_PPNS_11TempWeightsESD_S9_S9_S9_PPNS_7TempUDLES9_S5_S9_S9_
	at /scratch3/NCEPDEV/stmp/Gerhard.Theurich/ESMF-Nightly-Testing-Hera/gfortran_13.2.0_openmpi_g_feature_esmx-cmake/esmf/src/Infrastructure/Mesh/src/ESMCI_MeshCap.C:1658
#14  0x1467913927d3 in c_esmc_regrid_create_
	at /scratch3/NCEPDEV/stmp/Gerhard.Theurich/ESMF-Nightly-Testing-Hera/gfortran_13.2.0_openmpi_g_feature_esmx-cmake/esmf/src/Infrastructure/Regrid/interface/ESMCI_Regrid_F.C:93
#15  0x1467920ad520 in __esmf_regridmod_MOD_esmf_regridstore
	at /scratch3/NCEPDEV/stmp/Gerhard.Theurich/ESMF-Nightly-Testing-Hera/gfortran_13.2.0_openmpi_g_feature_esmx-cmake/esmf/src/Infrastructure/Regrid/src/ESMF_Regrid.F90:381
#14  0x1530738367d3 in c_esmc_regrid_create_
	at /scratch3/NCEPDEV/stmp/Gerhard.Theurich/ESMF-Nightly-Testing-Hera/gfortran_13.2.0_openmpi_g_feature_esmx-cmake/esmf/src/Infrastructure/Regrid/interface/ESMCI_Regrid_F.C:93
#14  0x14cf9df887d3 in c_esmc_regrid_create_
	at /scratch3/NCEPDEV/stmp/Gerhard.Theurich/ESMF-Nightly-Testing-Hera/gfortran_13.2.0_openmpi_g_feature_esmx-cmake/esmf/src/Infrastructure/Regrid/interface/ESMCI_Regrid_F.C:93
#15  0x153074551520 in __esmf_regridmod_MOD_esmf_regridstore
	at /scratch3/NCEPDEV/stmp/Gerhard.Theurich/ESMF-Nightly-Testing-Hera/gfortran_13.2.0_openmpi_g_feature_esmx-cmake/esmf/src/Infrastructure/Regrid/src/ESMF_Regrid.F90:381
#15  0x14cf9eca3520 in __esmf_regridmod_MOD_esmf_regridstore
	at /scratch3/NCEPDEV/stmp/Gerhard.Theurich/ESMF-Nightly-Testing-Hera/gfortran_13.2.0_openmpi_g_feature_esmx-cmake/esmf/src/Infrastructure/Regrid/src/ESMF_Regrid.F90:381
#16  0x146791ca313c in __esmf_fieldregridmod_MOD_esmf_fieldregridstorenx
	at /scratch3/NCEPDEV/stmp/Gerhard.Theurich/ESMF-Nightly-Testing-Hera/gfortran_13.2.0_openmpi_g_feature_esmx-cmake/esmf/src/Infrastructure/Field/src/ESMF_FieldRegrid.F90:1346
#16  0x15307414713c in __esmf_fieldregridmod_MOD_esmf_fieldregridstorenx
	at /scratch3/NCEPDEV/stmp/Gerhard.Theurich/ESMF-Nightly-Testing-Hera/gfortran_13.2.0_openmpi_g_feature_esmx-cmake/esmf/src/Infrastructure/Field/src/ESMF_FieldRegrid.F90:1346
#16  0x14cf9e89913c in __esmf_fieldregridmod_MOD_esmf_fieldregridstorenx
	at /scratch3/NCEPDEV/stmp/Gerhard.Theurich/ESMF-Nightly-Testing-Hera/gfortran_13.2.0_openmpi_g_feature_esmx-cmake/esmf/src/Infrastructure/Field/src/ESMF_FieldRegrid.F90:1346
#14  0x14d7066867d3 in c_esmc_regrid_create_
	at /scratch3/NCEPDEV/stmp/Gerhard.Theurich/ESMF-Nightly-Testing-Hera/gfortran_13.2.0_openmpi_g_feature_esmx-cmake/esmf/src/Infrastructure/Regrid/interface/ESMCI_Regrid_F.C:93
#15  0x14d7073a1520 in __esmf_regridmod_MOD_esmf_regridstore
	at /scratch3/NCEPDEV/stmp/Gerhard.Theurich/ESMF-Nightly-Testing-Hera/gfortran_13.2.0_openmpi_g_feature_esmx-cmake/esmf/src/Infrastructure/Regrid/src/ESMF_Regrid.F90:381
#16  0x14d706f9713c in __esmf_fieldregridmod_MOD_esmf_fieldregridstorenx
	at /scratch3/NCEPDEV/stmp/Gerhard.Theurich/ESMF-Nightly-Testing-Hera/gfortran_13.2.0_openmpi_g_feature_esmx-cmake/esmf/src/Infrastructure/Field/src/ESMF_FieldRegrid.F90:1346
#17  0x1467918c9df2 in __esmf_fieldbundlemod_MOD_esmf_fieldbundleregridstorepair
	at /scratch3/NCEPDEV/stmp/Gerhard.Theurich/ESMF-Nightly-Testing-Hera/gfortran_13.2.0_openmpi_g_feature_esmx-cmake/esmf/src/Infrastructure/FieldBundle/src/ESMF_FieldBundle.F90:16193
#17  0x153073d6ddf2 in __esmf_fieldbundlemod_MOD_esmf_fieldbundleregridstorepair
	at /scratch3/NCEPDEV/stmp/Gerhard.Theurich/ESMF-Nightly-Testing-Hera/gfortran_13.2.0_openmpi_g_feature_esmx-cmake/esmf/src/Infrastructure/FieldBundle/src/ESMF_FieldBundle.F90:16193
#17  0x14cf9e4bfdf2 in __esmf_fieldbundlemod_MOD_esmf_fieldbundleregridstorepair
	at /scratch3/NCEPDEV/stmp/Gerhard.Theurich/ESMF-Nightly-Testing-Hera/gfortran_13.2.0_openmpi_g_feature_esmx-cmake/esmf/src/Infrastructure/FieldBundle/src/ESMF_FieldBundle.F90:16193
#17  0x14d706bbddf2 in __esmf_fieldbundlemod_MOD_esmf_fieldbundleregridstorepair
	at /scratch3/NCEPDEV/stmp/Gerhard.Theurich/ESMF-Nightly-Testing-Hera/gfortran_13.2.0_openmpi_g_feature_esmx-cmake/esmf/src/Infrastructure/FieldBundle/src/ESMF_FieldBundle.F90:16193
#18  0x14679236623e in fieldbundlecplstore
	at /scratch3/NCEPDEV/stmp/Gerhard.Theurich/ESMF-Nightly-Testing-Hera/gfortran_13.2.0_openmpi_g_feature_esmx-cmake/esmf/src/addon/NUOPC/src/NUOPC_Connector.F90:7857
#19  0x14679238fa3e in initializeipdv05p6b
	at /scratch3/NCEPDEV/stmp/Gerhard.Theurich/ESMF-Nightly-Testing-Hera/gfortran_13.2.0_openmpi_g_feature_esmx-cmake/esmf/src/addon/NUOPC/src/NUOPC_Connector.F90:5540
#18  0x15307480a23e in fieldbundlecplstore
	at /scratch3/NCEPDEV/stmp/Gerhard.Theurich/ESMF-Nightly-Testing-Hera/gfortran_13.2.0_openmpi_g_feature_esmx-cmake/esmf/src/addon/NUOPC/src/NUOPC_Connector.F90:7857
#19  0x153074833a3e in initializeipdv05p6b
	at /scratch3/NCEPDEV/stmp/Gerhard.Theurich/ESMF-Nightly-Testing-Hera/gfortran_13.2.0_openmpi_g_feature_esmx-cmake/esmf/src/addon/NUOPC/src/NUOPC_Connector.F90:5540
#18  0x14cf9ef5c23e in fieldbundlecplstore
	at /scratch3/NCEPDEV/stmp/Gerhard.Theurich/ESMF-Nightly-Testing-Hera/gfortran_13.2.0_openmpi_g_feature_esmx-cmake/esmf/src/addon/NUOPC/src/NUOPC_Connector.F90:7857
#19  0x14cf9ef85a3e in initializeipdv05p6b
	at /scratch3/NCEPDEV/stmp/Gerhard.Theurich/ESMF-Nightly-Testing-Hera/gfortran_13.2.0_openmpi_g_feature_esmx-cmake/esmf/src/addon/NUOPC/src/NUOPC_Connector.F90:5540
#18  0x14d70765a23e in fieldbundlecplstore
	at /scratch3/NCEPDEV/stmp/Gerhard.Theurich/ESMF-Nightly-Testing-Hera/gfortran_13.2.0_openmpi_g_feature_esmx-cmake/esmf/src/addon/NUOPC/src/NUOPC_Connector.F90:7857
#19  0x14d707683a3e in initializeipdv05p6b
	at /scratch3/NCEPDEV/stmp/Gerhard.Theurich/ESMF-Nightly-Testing-Hera/gfortran_13.2.0_openmpi_g_feature_esmx-cmake/esmf/src/addon/NUOPC/src/NUOPC_Connector.F90:5540
#20  0x146791011241 in _ZN5ESMCI6FTable12callVFuncPtrEPKcPNS_2VMEPi
	at /scratch3/NCEPDEV/stmp/Gerhard.Theurich/ESMF-Nightly-Testing-Hera/gfortran_13.2.0_openmpi_g_feature_esmx-cmake/esmf/src/Superstructure/Component/src/ESMCI_FTable.C:2192
#21  0x14679100e311 in ESMCI_FTableCallEntryPointVMHop
	at /scratch3/NCEPDEV/stmp/Gerhard.Theurich/ESMF-Nightly-Testing-Hera/gfortran_13.2.0_openmpi_g_feature_esmx-cmake/esmf/src/Superstructure/Component/src/ESMCI_FTable.C:849
#20  0x1530734b5241 in _ZN5ESMCI6FTable12callVFuncPtrEPKcPNS_2VMEPi
	at /scratch3/NCEPDEV/stmp/Gerhard.Theurich/ESMF-Nightly-Testing-Hera/gfortran_13.2.0_openmpi_g_feature_esmx-cmake/esmf/src/Superstructure/Component/src/ESMCI_FTable.C:2192
#21  0x1530734b2311 in ESMCI_FTableCallEntryPointVMHop
	at /scratch3/NCEPDEV/stmp/Gerhard.Theurich/ESMF-Nightly-Testing-Hera/gfortran_13.2.0_openmpi_g_feature_esmx-cmake/esmf/src/Superstructure/Component/src/ESMCI_FTable.C:849
#20  0x14cf9dc07241 in _ZN5ESMCI6FTable12callVFuncPtrEPKcPNS_2VMEPi
	at /scratch3/NCEPDEV/stmp/Gerhard.Theurich/ESMF-Nightly-Testing-Hera/gfortran_13.2.0_openmpi_g_feature_esmx-cmake/esmf/src/Superstructure/Component/src/ESMCI_FTable.C:2192
#21  0x14cf9dc04311 in ESMCI_FTableCallEntryPointVMHop
	at /scratch3/NCEPDEV/stmp/Gerhard.Theurich/ESMF-Nightly-Testing-Hera/gfortran_13.2.0_openmpi_g_feature_esmx-cmake/esmf/src/Superstructure/Component/src/ESMCI_FTable.C:849
#20  0x14d706305241 in _ZN5ESMCI6FTable12callVFuncPtrEPKcPNS_2VMEPi
	at /scratch3/NCEPDEV/stmp/Gerhard.Theurich/ESMF-Nightly-Testing-Hera/gfortran_13.2.0_openmpi_g_feature_esmx-cmake/esmf/src/Superstructure/Component/src/ESMCI_FTable.C:2192
#21  0x14d706302311 in ESMCI_FTableCallEntryPointVMHop
	at /scratch3/NCEPDEV/stmp/Gerhard.Theurich/ESMF-Nightly-Testing-Hera/gfortran_13.2.0_openmpi_g_feature_esmx-cmake/esmf/src/Superstructure/Component/src/ESMCI_FTable.C:849
#22  0x146791458885 in _ZN5ESMCI3VMK5enterEPNS_7VMKPlanEPvS3_
	at /scratch3/NCEPDEV/stmp/Gerhard.Theurich/ESMF-Nightly-Testing-Hera/gfortran_13.2.0_openmpi_g_feature_esmx-cmake/esmf/src/Infrastructure/VM/src/ESMCI_VMKernel.C:2740
#22  0x1530738fc885 in _ZN5ESMCI3VMK5enterEPNS_7VMKPlanEPvS3_
	at /scratch3/NCEPDEV/stmp/Gerhard.Theurich/ESMF-Nightly-Testing-Hera/gfortran_13.2.0_openmpi_g_feature_esmx-cmake/esmf/src/Infrastructure/VM/src/ESMCI_VMKernel.C:2740
#22  0x14cf9e04e885 in _ZN5ESMCI3VMK5enterEPNS_7VMKPlanEPvS3_
	at /scratch3/NCEPDEV/stmp/Gerhard.Theurich/ESMF-Nightly-Testing-Hera/gfortran_13.2.0_openmpi_g_feature_esmx-cmake/esmf/src/Infrastructure/VM/src/ESMCI_VMKernel.C:2740
#22  0x14d70674c885 in _ZN5ESMCI3VMK5enterEPNS_7VMKPlanEPvS3_
	at /scratch3/NCEPDEV/stmp/Gerhard.Theurich/ESMF-Nightly-Testing-Hera/gfortran_13.2.0_openmpi_g_feature_esmx-cmake/esmf/src/Infrastructure/VM/src/ESMCI_VMKernel.C:2740
#23  0x14679143efde in _ZN5ESMCI2VM5enterEPNS_6VMPlanEPvS3_
	at /scratch3/NCEPDEV/stmp/Gerhard.Theurich/ESMF-Nightly-Testing-Hera/gfortran_13.2.0_openmpi_g_feature_esmx-cmake/esmf/src/Infrastructure/VM/src/ESMCI_VM.C:1365
#24  0x14679100e7aa in c_esmc_ftablecallentrypointvm_
	at /scratch3/NCEPDEV/stmp/Gerhard.Theurich/ESMF-Nightly-Testing-Hera/gfortran_13.2.0_openmpi_g_feature_esmx-cmake/esmf/src/Superstructure/Component/src/ESMCI_FTable.C:1006
#23  0x1530738e2fde in _ZN5ESMCI2VM5enterEPNS_6VMPlanEPvS3_
	at /scratch3/NCEPDEV/stmp/Gerhard.Theurich/ESMF-Nightly-Testing-Hera/gfortran_13.2.0_openmpi_g_feature_esmx-cmake/esmf/src/Infrastructure/VM/src/ESMCI_VM.C:1365
#24  0x1530734b27aa in c_esmc_ftablecallentrypointvm_
	at /scratch3/NCEPDEV/stmp/Gerhard.Theurich/ESMF-Nightly-Testing-Hera/gfortran_13.2.0_openmpi_g_feature_esmx-cmake/esmf/src/Superstructure/Component/src/ESMCI_FTable.C:1006
#23  0x14cf9e034fde in _ZN5ESMCI2VM5enterEPNS_6VMPlanEPvS3_
	at /scratch3/NCEPDEV/stmp/Gerhard.Theurich/ESMF-Nightly-Testing-Hera/gfortran_13.2.0_openmpi_g_feature_esmx-cmake/esmf/src/Infrastructure/VM/src/ESMCI_VM.C:1365
#24  0x14cf9dc047aa in c_esmc_ftablecallentrypointvm_
	at /scratch3/NCEPDEV/stmp/Gerhard.Theurich/ESMF-Nightly-Testing-Hera/gfortran_13.2.0_openmpi_g_feature_esmx-cmake/esmf/src/Superstructure/Component/src/ESMCI_FTable.C:1006
#25  0x14679182f08a in __esmf_compmod_MOD_esmf_compexecute
	at /scratch3/NCEPDEV/stmp/Gerhard.Theurich/ESMF-Nightly-Testing-Hera/gfortran_13.2.0_openmpi_g_feature_esmx-cmake/esmf/src/Superstructure/Component/src/ESMF_Comp.F90:1274
#25  0x153073cd308a in __esmf_compmod_MOD_esmf_compexecute
	at /scratch3/NCEPDEV/stmp/Gerhard.Theurich/ESMF-Nightly-Testing-Hera/gfortran_13.2.0_openmpi_g_feature_esmx-cmake/esmf/src/Superstructure/Component/src/ESMF_Comp.F90:1274
#25  0x14cf9e42508a in __esmf_compmod_MOD_esmf_compexecute
	at /scratch3/NCEPDEV/stmp/Gerhard.Theurich/ESMF-Nightly-Testing-Hera/gfortran_13.2.0_openmpi_g_feature_esmx-cmake/esmf/src/Superstructure/Component/src/ESMF_Comp.F90:1274
#26  0x14679186d608 in __esmf_cplcompmod_MOD_esmf_cplcompinitialize
	at /scratch3/NCEPDEV/stmp/Gerhard.Theurich/ESMF-Nightly-Testing-Hera/gfortran_13.2.0_openmpi_g_feature_esmx-cmake/esmf/src/Superstructure/Component/src/ESMF_CplComp.F90:1327
#26  0x153073d11608 in __esmf_cplcompmod_MOD_esmf_cplcompinitialize
	at /scratch3/NCEPDEV/stmp/Gerhard.Theurich/ESMF-Nightly-Testing-Hera/gfortran_13.2.0_openmpi_g_feature_esmx-cmake/esmf/src/Superstructure/Component/src/ESMF_CplComp.F90:1327
#26  0x14cf9e463608 in __esmf_cplcompmod_MOD_esmf_cplcompinitialize
	at /scratch3/NCEPDEV/stmp/Gerhard.Theurich/ESMF-Nightly-Testing-Hera/gfortran_13.2.0_openmpi_g_feature_esmx-cmake/esmf/src/Superstructure/Component/src/ESMF_CplComp.F90:1327
#23  0x14d706732fde in _ZN5ESMCI2VM5enterEPNS_6VMPlanEPvS3_
	at /scratch3/NCEPDEV/stmp/Gerhard.Theurich/ESMF-Nightly-Testing-Hera/gfortran_13.2.0_openmpi_g_feature_esmx-cmake/esmf/src/Infrastructure/VM/src/ESMCI_VM.C:1365
#24  0x14d7063027aa in c_esmc_ftablecallentrypointvm_
	at /scratch3/NCEPDEV/stmp/Gerhard.Theurich/ESMF-Nightly-Testing-Hera/gfortran_13.2.0_openmpi_g_feature_esmx-cmake/esmf/src/Superstructure/Component/src/ESMCI_FTable.C:1006
#25  0x14d706b2308a in __esmf_compmod_MOD_esmf_compexecute
	at /scratch3/NCEPDEV/stmp/Gerhard.Theurich/ESMF-Nightly-Testing-Hera/gfortran_13.2.0_openmpi_g_feature_esmx-cmake/esmf/src/Superstructure/Component/src/ESMF_Comp.F90:1274
#26  0x14d706b61608 in __esmf_cplcompmod_MOD_esmf_cplcompinitialize
	at /scratch3/NCEPDEV/stmp/Gerhard.Theurich/ESMF-Nightly-Testing-Hera/gfortran_13.2.0_openmpi_g_feature_esmx-cmake/esmf/src/Superstructure/Component/src/ESMF_CplComp.F90:1327
#27  0x146792478ba2 in loopconnectorcompss
	at /scratch3/NCEPDEV/stmp/Gerhard.Theurich/ESMF-Nightly-Testing-Hera/gfortran_13.2.0_openmpi_g_feature_esmx-cmake/esmf/src/addon/NUOPC/src/NUOPC_Driver.F90:2954
#28  0x14679248c2b0 in initializeipdv02p3
	at /scratch3/NCEPDEV/stmp/Gerhard.Theurich/ESMF-Nightly-Testing-Hera/gfortran_13.2.0_openmpi_g_feature_esmx-cmake/esmf/src/addon/NUOPC/src/NUOPC_Driver.F90:2225
#29  0x1467924b31c5 in initializegeneric
	at /scratch3/NCEPDEV/stmp/Gerhard.Theurich/ESMF-Nightly-Testing-Hera/gfortran_13.2.0_openmpi_g_feature_esmx-cmake/esmf/src/addon/NUOPC/src/NUOPC_Driver.F90:432
#30  0x146791011241 in _ZN5ESMCI6FTable12callVFuncPtrEPKcPNS_2VMEPi
	at /scratch3/NCEPDEV/stmp/Gerhard.Theurich/ESMF-Nightly-Testing-Hera/gfortran_13.2.0_openmpi_g_feature_esmx-cmake/esmf/src/Superstructure/Component/src/ESMCI_FTable.C:2192
#31  0x14679100e311 in ESMCI_FTableCallEntryPointVMHop
	at /scratch3/NCEPDEV/stmp/Gerhard.Theurich/ESMF-Nightly-Testing-Hera/gfortran_13.2.0_openmpi_g_feature_esmx-cmake/esmf/src/Superstructure/Component/src/ESMCI_FTable.C:849
#32  0x146791458885 in _ZN5ESMCI3VMK5enterEPNS_7VMKPlanEPvS3_
	at /scratch3/NCEPDEV/stmp/Gerhard.Theurich/ESMF-Nightly-Testing-Hera/gfortran_13.2.0_openmpi_g_feature_esmx-cmake/esmf/src/Infrastructure/VM/src/ESMCI_VMKernel.C:2740
#33  0x14679143efde in _ZN5ESMCI2VM5enterEPNS_6VMPlanEPvS3_
	at /scratch3/NCEPDEV/stmp/Gerhard.Theurich/ESMF-Nightly-Testing-Hera/gfortran_13.2.0_openmpi_g_feature_esmx-cmake/esmf/src/Infrastructure/VM/src/ESMCI_VM.C:1365
#34  0x14679100e7aa in c_esmc_ftablecallentrypointvm_
	at /scratch3/NCEPDEV/stmp/Gerhard.Theurich/ESMF-Nightly-Testing-Hera/gfortran_13.2.0_openmpi_g_feature_esmx-cmake/esmf/src/Superstructure/Component/src/ESMCI_FTable.C:1006
#35  0x14679182f08a in __esmf_compmod_MOD_esmf_compexecute
#27  0x15307491cba2 in loopconnectorcompss
	at /scratch3/NCEPDEV/stmp/Gerhard.Theurich/ESMF-Nightly-Testing-Hera/gfortran_13.2.0_openmpi_g_feature_esmx-cmake/esmf/src/addon/NUOPC/src/NUOPC_Driver.F90:2954
	at /scratch3/NCEPDEV/stmp/Gerhard.Theurich/ESMF-Nightly-Testing-Hera/gfortran_13.2.0_openmpi_g_feature_esmx-cmake/esmf/src/Superstructure/Component/src/ESMF_Comp.F90:1274
#28  0x1530749302b0 in initializeipdv02p3
	at /scratch3/NCEPDEV/stmp/Gerhard.Theurich/ESMF-Nightly-Testing-Hera/gfortran_13.2.0_openmpi_g_feature_esmx-cmake/esmf/src/addon/NUOPC/src/NUOPC_Driver.F90:2225
#29  0x1530749571c5 in initializegeneric
	at /scratch3/NCEPDEV/stmp/Gerhard.Theurich/ESMF-Nightly-Testing-Hera/gfortran_13.2.0_openmpi_g_feature_esmx-cmake/esmf/src/addon/NUOPC/src/NUOPC_Driver.F90:432
#30  0x1530734b5241 in _ZN5ESMCI6FTable12callVFuncPtrEPKcPNS_2VMEPi
	at /scratch3/NCEPDEV/stmp/Gerhard.Theurich/ESMF-Nightly-Testing-Hera/gfortran_13.2.0_openmpi_g_feature_esmx-cmake/esmf/src/Superstructure/Component/src/ESMCI_FTable.C:2192
#31  0x1530734b2311 in ESMCI_FTableCallEntryPointVMHop
	at /scratch3/NCEPDEV/stmp/Gerhard.Theurich/ESMF-Nightly-Testing-Hera/gfortran_13.2.0_openmpi_g_feature_esmx-cmake/esmf/src/Superstructure/Component/src/ESMCI_FTable.C:849
#32  0x1530738fc885 in _ZN5ESMCI3VMK5enterEPNS_7VMKPlanEPvS3_
	at /scratch3/NCEPDEV/stmp/Gerhard.Theurich/ESMF-Nightly-Testing-Hera/gfortran_13.2.0_openmpi_g_feature_esmx-cmake/esmf/src/Infrastructure/VM/src/ESMCI_VMKernel.C:2740
#33  0x1530738e2fde in _ZN5ESMCI2VM5enterEPNS_6VMPlanEPvS3_
	at /scratch3/NCEPDEV/stmp/Gerhard.Theurich/ESMF-Nightly-Testing-Hera/gfortran_13.2.0_openmpi_g_feature_esmx-cmake/esmf/src/Infrastructure/VM/src/ESMCI_VM.C:1365
#34  0x1530734b27aa in c_esmc_ftablecallentrypointvm_
	at /scratch3/NCEPDEV/stmp/Gerhard.Theurich/ESMF-Nightly-Testing-Hera/gfortran_13.2.0_openmpi_g_feature_esmx-cmake/esmf/src/Superstructure/Component/src/ESMCI_FTable.C:1006
#35  0x153073cd308a in __esmf_compmod_MOD_esmf_compexecute
	at /scratch3/NCEPDEV/stmp/Gerhard.Theurich/ESMF-Nightly-Testing-Hera/gfortran_13.2.0_openmpi_g_feature_esmx-cmake/esmf/src/Superstructure/Component/src/ESMF_Comp.F90:1274
#27  0x14cf9f06eba2 in loopconnectorcompss
	at /scratch3/NCEPDEV/stmp/Gerhard.Theurich/ESMF-Nightly-Testing-Hera/gfortran_13.2.0_openmpi_g_feature_esmx-cmake/esmf/src/addon/NUOPC/src/NUOPC_Driver.F90:2954
#28  0x14cf9f0822b0 in initializeipdv02p3
	at /scratch3/NCEPDEV/stmp/Gerhard.Theurich/ESMF-Nightly-Testing-Hera/gfortran_13.2.0_openmpi_g_feature_esmx-cmake/esmf/src/addon/NUOPC/src/NUOPC_Driver.F90:2225
#29  0x14cf9f0a91c5 in initializegeneric
	at /scratch3/NCEPDEV/stmp/Gerhard.Theurich/ESMF-Nightly-Testing-Hera/gfortran_13.2.0_openmpi_g_feature_esmx-cmake/esmf/src/addon/NUOPC/src/NUOPC_Driver.F90:432
#30  0x14cf9dc07241 in _ZN5ESMCI6FTable12callVFuncPtrEPKcPNS_2VMEPi
	at /scratch3/NCEPDEV/stmp/Gerhard.Theurich/ESMF-Nightly-Testing-Hera/gfortran_13.2.0_openmpi_g_feature_esmx-cmake/esmf/src/Superstructure/Component/src/ESMCI_FTable.C:2192
#31  0x14cf9dc04311 in ESMCI_FTableCallEntryPointVMHop
	at /scratch3/NCEPDEV/stmp/Gerhard.Theurich/ESMF-Nightly-Testing-Hera/gfortran_13.2.0_openmpi_g_feature_esmx-cmake/esmf/src/Superstructure/Component/src/ESMCI_FTable.C:849
#32  0x14cf9e04e885 in _ZN5ESMCI3VMK5enterEPNS_7VMKPlanEPvS3_
	at /scratch3/NCEPDEV/stmp/Gerhard.Theurich/ESMF-Nightly-Testing-Hera/gfortran_13.2.0_openmpi_g_feature_esmx-cmake/esmf/src/Infrastructure/VM/src/ESMCI_VMKernel.C:2740
#33  0x14cf9e034fde in _ZN5ESMCI2VM5enterEPNS_6VMPlanEPvS3_
	at /scratch3/NCEPDEV/stmp/Gerhard.Theurich/ESMF-Nightly-Testing-Hera/gfortran_13.2.0_openmpi_g_feature_esmx-cmake/esmf/src/Infrastructure/VM/src/ESMCI_VM.C:1365
#34  0x14cf9dc047aa in c_esmc_ftablecallentrypointvm_
	at /scratch3/NCEPDEV/stmp/Gerhard.Theurich/ESMF-Nightly-Testing-Hera/gfortran_13.2.0_openmpi_g_feature_esmx-cmake/esmf/src/Superstructure/Component/src/ESMCI_FTable.C:1006
#35  0x14cf9e42508a in __esmf_compmod_MOD_esmf_compexecute
	at /scratch3/NCEPDEV/stmp/Gerhard.Theurich/ESMF-Nightly-Testing-Hera/gfortran_13.2.0_openmpi_g_feature_esmx-cmake/esmf/src/Superstructure/Component/src/ESMF_Comp.F90:1274
#36  0x146791e20d72 in __esmf_gridcompmod_MOD_esmf_gridcompinitialize
	at /scratch3/NCEPDEV/stmp/Gerhard.Theurich/ESMF-Nightly-Testing-Hera/gfortran_13.2.0_openmpi_g_feature_esmx-cmake/esmf/src/Superstructure/Component/src/ESMF_GridComp.F90:1567
#36  0x1530742c4d72 in __esmf_gridcompmod_MOD_esmf_gridcompinitialize
	at /scratch3/NCEPDEV/stmp/Gerhard.Theurich/ESMF-Nightly-Testing-Hera/gfortran_13.2.0_openmpi_g_feature_esmx-cmake/esmf/src/Superstructure/Component/src/ESMF_GridComp.F90:1567
#36  0x14cf9ea16d72 in __esmf_gridcompmod_MOD_esmf_gridcompinitialize
	at /scratch3/NCEPDEV/stmp/Gerhard.Theurich/ESMF-Nightly-Testing-Hera/gfortran_13.2.0_openmpi_g_feature_esmx-cmake/esmf/src/Superstructure/Component/src/ESMF_GridComp.F90:1567
#37  0x408e73 in esmx_app
	at /scratch3/NCEPDEV/stmp/Gerhard.Theurich/ESMF-Nightly-Testing-Hera/gfortran_13.2.0_openmpi_g_feature_esmx-cmake/esmf/DEFAULTINSTALLDIR/include/ESMX/ESMX_App.F90:388
#38  0x40954c in main
	at /scratch3/NCEPDEV/stmp/Gerhard.Theurich/ESMF-Nightly-Testing-Hera/gfortran_13.2.0_openmpi_g_feature_esmx-cmake/esmf/DEFAULTINSTALLDIR/include/ESMX/ESMX_App.F90:14
#37  0x408e73 in esmx_app
	at /scratch3/NCEPDEV/stmp/Gerhard.Theurich/ESMF-Nightly-Testing-Hera/gfortran_13.2.0_openmpi_g_feature_esmx-cmake/esmf/DEFAULTINSTALLDIR/include/ESMX/ESMX_App.F90:388
#38  0x40954c in main
	at /scratch3/NCEPDEV/stmp/Gerhard.Theurich/ESMF-Nightly-Testing-Hera/gfortran_13.2.0_openmpi_g_feature_esmx-cmake/esmf/DEFAULTINSTALLDIR/include/ESMX/ESMX_App.F90:14
#37  0x408e73 in esmx_app
	at /scratch3/NCEPDEV/stmp/Gerhard.Theurich/ESMF-Nightly-Testing-Hera/gfortran_13.2.0_openmpi_g_feature_esmx-cmake/esmf/DEFAULTINSTALLDIR/include/ESMX/ESMX_App.F90:388
#38  0x40954c in main
	at /scratch3/NCEPDEV/stmp/Gerhard.Theurich/ESMF-Nightly-Testing-Hera/gfortran_13.2.0_openmpi_g_feature_esmx-cmake/esmf/DEFAULTINSTALLDIR/include/ESMX/ESMX_App.F90:14
#27  0x14d70776cba2 in loopconnectorcompss
	at /scratch3/NCEPDEV/stmp/Gerhard.Theurich/ESMF-Nightly-Testing-Hera/gfortran_13.2.0_openmpi_g_feature_esmx-cmake/esmf/src/addon/NUOPC/src/NUOPC_Driver.F90:2954
#28  0x14d7077802b0 in initializeipdv02p3
	at /scratch3/NCEPDEV/stmp/Gerhard.Theurich/ESMF-Nightly-Testing-Hera/gfortran_13.2.0_openmpi_g_feature_esmx-cmake/esmf/src/addon/NUOPC/src/NUOPC_Driver.F90:2225
#29  0x14d7077a71c5 in initializegeneric
	at /scratch3/NCEPDEV/stmp/Gerhard.Theurich/ESMF-Nightly-Testing-Hera/gfortran_13.2.0_openmpi_g_feature_esmx-cmake/esmf/src/addon/NUOPC/src/NUOPC_Driver.F90:432
#30  0x14d706305241 in _ZN5ESMCI6FTable12callVFuncPtrEPKcPNS_2VMEPi
	at /scratch3/NCEPDEV/stmp/Gerhard.Theurich/ESMF-Nightly-Testing-Hera/gfortran_13.2.0_openmpi_g_feature_esmx-cmake/esmf/src/Superstructure/Component/src/ESMCI_FTable.C:2192
#31  0x14d706302311 in ESMCI_FTableCallEntryPointVMHop
	at /scratch3/NCEPDEV/stmp/Gerhard.Theurich/ESMF-Nightly-Testing-Hera/gfortran_13.2.0_openmpi_g_feature_esmx-cmake/esmf/src/Superstructure/Component/src/ESMCI_FTable.C:849
#32  0x14d70674c885 in _ZN5ESMCI3VMK5enterEPNS_7VMKPlanEPvS3_
	at /scratch3/NCEPDEV/stmp/Gerhard.Theurich/ESMF-Nightly-Testing-Hera/gfortran_13.2.0_openmpi_g_feature_esmx-cmake/esmf/src/Infrastructure/VM/src/ESMCI_VMKernel.C:2740
#33  0x14d706732fde in _ZN5ESMCI2VM5enterEPNS_6VMPlanEPvS3_
	at /scratch3/NCEPDEV/stmp/Gerhard.Theurich/ESMF-Nightly-Testing-Hera/gfortran_13.2.0_openmpi_g_feature_esmx-cmake/esmf/src/Infrastructure/VM/src/ESMCI_VM.C:1365
#34  0x14d7063027aa in c_esmc_ftablecallentrypointvm_
	at /scratch3/NCEPDEV/stmp/Gerhard.Theurich/ESMF-Nightly-Testing-Hera/gfortran_13.2.0_openmpi_g_feature_esmx-cmake/esmf/src/Superstructure/Component/src/ESMCI_FTable.C:1006
#35  0x14d706b2308a in __esmf_compmod_MOD_esmf_compexecute
	at /scratch3/NCEPDEV/stmp/Gerhard.Theurich/ESMF-Nightly-Testing-Hera/gfortran_13.2.0_openmpi_g_feature_esmx-cmake/esmf/src/Superstructure/Component/src/ESMF_Comp.F90:1274
#36  0x14d707114d72 in __esmf_gridcompmod_MOD_esmf_gridcompinitialize
	at /scratch3/NCEPDEV/stmp/Gerhard.Theurich/ESMF-Nightly-Testing-Hera/gfortran_13.2.0_openmpi_g_feature_esmx-cmake/esmf/src/Superstructure/Component/src/ESMF_GridComp.F90:1567
#37  0x408e73 in esmx_app
	at /scratch3/NCEPDEV/stmp/Gerhard.Theurich/ESMF-Nightly-Testing-Hera/gfortran_13.2.0_openmpi_g_feature_esmx-cmake/esmf/DEFAULTINSTALLDIR/include/ESMX/ESMX_App.F90:388
#38  0x40954c in main
	at /scratch3/NCEPDEV/stmp/Gerhard.Theurich/ESMF-Nightly-Testing-Hera/gfortran_13.2.0_openmpi_g_feature_esmx-cmake/esmf/DEFAULTINSTALLDIR/include/ESMX/ESMX_App.F90:14
srun: error: h6c56: tasks 0-3: Floating point exception
srun: Terminating StepId=32300579.408
