2026-09-07 23:37:54

Program received signal SIGFPE: Floating-point exception - erroneous arithmetic operation.

Backtrace for this error:

Program received signal SIGFPE: Floating-point exception - erroneous arithmetic operation.

Backtrace for this error:

Program received signal SIGFPE: Floating-point exception - erroneous arithmetic operation.

Backtrace for this error:

Program received signal SIGFPE: Floating-point exception - erroneous arithmetic operation.

Backtrace for this error:
#0  0x1488dc7fe62f in ???
#0  0x147d8533062f in ???
#0  0x148898c6f62f in ???
#0  0x147ec30b962f in ???
#1  0x14889c0ae0ad in _ZN5ESMCI3XXE15exec_psssDstRraIfddEEvPT_PiPT0_PT1_S4_ii
	at /scratch3/NCEPDEV/stmp/Gerhard.Theurich/ESMF-Nightly-Testing-Hera/gfortran_13.2.0_openmpi_g_feature_esmx-cmake/esmf/src/Infrastructure/DELayout/src/ESMCI_DELayout.C:6576
#1  0x147ec64f80ad in _ZN5ESMCI3XXE15exec_psssDstRraIfddEEvPT_PiPT0_PT1_S4_ii
	at /scratch3/NCEPDEV/stmp/Gerhard.Theurich/ESMF-Nightly-Testing-Hera/gfortran_13.2.0_openmpi_g_feature_esmx-cmake/esmf/src/Infrastructure/DELayout/src/ESMCI_DELayout.C:6576
#1  0x1488dfc3d0ad in _ZN5ESMCI3XXE15exec_psssDstRraIfddEEvPT_PiPT0_PT1_S4_ii
	at /scratch3/NCEPDEV/stmp/Gerhard.Theurich/ESMF-Nightly-Testing-Hera/gfortran_13.2.0_openmpi_g_feature_esmx-cmake/esmf/src/Infrastructure/DELayout/src/ESMCI_DELayout.C:6576
#1  0x147d8876f0ad in _ZN5ESMCI3XXE15exec_psssDstRraIfddEEvPT_PiPT0_PT1_S4_ii
	at /scratch3/NCEPDEV/stmp/Gerhard.Theurich/ESMF-Nightly-Testing-Hera/gfortran_13.2.0_openmpi_g_feature_esmx-cmake/esmf/src/Infrastructure/DELayout/src/ESMCI_DELayout.C:6576
#2  0x147ec649c03e in _ZN5ESMCI3XXE10psssDstRraIfddEEvPT_NS0_4TKIdEPiPT0_S4_PT1_S5_S4_iiiiiiiS5_S5_b
	at /scratch3/NCEPDEV/stmp/Gerhard.Theurich/ESMF-Nightly-Testing-Hera/gfortran_13.2.0_openmpi_g_feature_esmx-cmake/esmf/src/Infrastructure/DELayout/src/ESMCI_DELayout.C:6548
#2  0x1488dfbe103e in _ZN5ESMCI3XXE10psssDstRraIfddEEvPT_NS0_4TKIdEPiPT0_S4_PT1_S5_S4_iiiiiiiS5_S5_b
	at /scratch3/NCEPDEV/stmp/Gerhard.Theurich/ESMF-Nightly-Testing-Hera/gfortran_13.2.0_openmpi_g_feature_esmx-cmake/esmf/src/Infrastructure/DELayout/src/ESMCI_DELayout.C:6548
#2  0x14889c05203e in _ZN5ESMCI3XXE10psssDstRraIfddEEvPT_NS0_4TKIdEPiPT0_S4_PT1_S5_S4_iiiiiiiS5_S5_b
	at /scratch3/NCEPDEV/stmp/Gerhard.Theurich/ESMF-Nightly-Testing-Hera/gfortran_13.2.0_openmpi_g_feature_esmx-cmake/esmf/src/Infrastructure/DELayout/src/ESMCI_DELayout.C:6548
#2  0x147d8871303e in _ZN5ESMCI3XXE10psssDstRraIfddEEvPT_NS0_4TKIdEPiPT0_S4_PT1_S5_S4_iiiiiiiS5_S5_b
	at /scratch3/NCEPDEV/stmp/Gerhard.Theurich/ESMF-Nightly-Testing-Hera/gfortran_13.2.0_openmpi_g_feature_esmx-cmake/esmf/src/Infrastructure/DELayout/src/ESMCI_DELayout.C:6548
#3  0x14889bffc350 in _ZN5ESMCI3XXE10psssDstRraIfdiEEvPT_NS0_4TKIdEPiPT0_S4_PT1_S5_S4_iiiiiiiS5_S5_b
	at /scratch3/NCEPDEV/stmp/Gerhard.Theurich/ESMF-Nightly-Testing-Hera/gfortran_13.2.0_openmpi_g_feature_esmx-cmake/esmf/src/Infrastructure/DELayout/src/ESMCI_DELayout.C:6512
#3  0x147ec6446350 in _ZN5ESMCI3XXE10psssDstRraIfdiEEvPT_NS0_4TKIdEPiPT0_S4_PT1_S5_S4_iiiiiiiS5_S5_b
	at /scratch3/NCEPDEV/stmp/Gerhard.Theurich/ESMF-Nightly-Testing-Hera/gfortran_13.2.0_openmpi_g_feature_esmx-cmake/esmf/src/Infrastructure/DELayout/src/ESMCI_DELayout.C:6512
#3  0x1488dfb8b350 in _ZN5ESMCI3XXE10psssDstRraIfdiEEvPT_NS0_4TKIdEPiPT0_S4_PT1_S5_S4_iiiiiiiS5_S5_b
	at /scratch3/NCEPDEV/stmp/Gerhard.Theurich/ESMF-Nightly-Testing-Hera/gfortran_13.2.0_openmpi_g_feature_esmx-cmake/esmf/src/Infrastructure/DELayout/src/ESMCI_DELayout.C:6512
#3  0x147d886bd350 in _ZN5ESMCI3XXE10psssDstRraIfdiEEvPT_NS0_4TKIdEPiPT0_S4_PT1_S5_S4_iiiiiiiS5_S5_b
	at /scratch3/NCEPDEV/stmp/Gerhard.Theurich/ESMF-Nightly-Testing-Hera/gfortran_13.2.0_openmpi_g_feature_esmx-cmake/esmf/src/Infrastructure/DELayout/src/ESMCI_DELayout.C:6512
#4  0x14889bfd12fd in _ZN5ESMCI3XXE10psssDstRraIfiiEEvPT_NS0_4TKIdEPiPT0_S4_PT1_S5_S4_iiiiiiiS5_S5_b
	at /scratch3/NCEPDEV/stmp/Gerhard.Theurich/ESMF-Nightly-Testing-Hera/gfortran_13.2.0_openmpi_g_feature_esmx-cmake/esmf/src/Infrastructure/DELayout/src/ESMCI_DELayout.C:6472
#5  0x14889bfc4634 in ???
#4  0x147ec641b2fd in _ZN5ESMCI3XXE10psssDstRraIfiiEEvPT_NS0_4TKIdEPiPT0_S4_PT1_S5_S4_iiiiiiiS5_S5_b
	at /scratch3/NCEPDEV/stmp/Gerhard.Theurich/ESMF-Nightly-Testing-Hera/gfortran_13.2.0_openmpi_g_feature_esmx-cmake/esmf/src/Infrastructure/DELayout/src/ESMCI_DELayout.C:6472
#5  0x147ec640e634 in ???
#4  0x1488dfb602fd in _ZN5ESMCI3XXE10psssDstRraIfiiEEvPT_NS0_4TKIdEPiPT0_S4_PT1_S5_S4_iiiiiiiS5_S5_b
	at /scratch3/NCEPDEV/stmp/Gerhard.Theurich/ESMF-Nightly-Testing-Hera/gfortran_13.2.0_openmpi_g_feature_esmx-cmake/esmf/src/Infrastructure/DELayout/src/ESMCI_DELayout.C:6472
#5  0x1488dfb53634 in ???
#4  0x147d886922fd in _ZN5ESMCI3XXE10psssDstRraIfiiEEvPT_NS0_4TKIdEPiPT0_S4_PT1_S5_S4_iiiiiiiS5_S5_b
	at /scratch3/NCEPDEV/stmp/Gerhard.Theurich/ESMF-Nightly-Testing-Hera/gfortran_13.2.0_openmpi_g_feature_esmx-cmake/esmf/src/Infrastructure/DELayout/src/ESMCI_DELayout.C:6472
#5  0x147d88685634 in ???
#6  0x147ec64021f5 in _ZN5ESMCI3XXE4execEiPPcPiiPbS4_PdiiS3_PNS0_10SuperVectPE
	at /scratch3/NCEPDEV/stmp/Gerhard.Theurich/ESMF-Nightly-Testing-Hera/gfortran_13.2.0_openmpi_g_feature_esmx-cmake/esmf/src/Infrastructure/DELayout/src/ESMCI_DELayout.C:4851
#7  0x147ec6401452 in _ZN5ESMCI3XXE4execEiPPcPiiPbS4_PdiiS3_PNS0_10SuperVectPE
#6  0x14889bfb81f5 in _ZN5ESMCI3XXE4execEiPPcPiiPbS4_PdiiS3_PNS0_10SuperVectPE
	at /scratch3/NCEPDEV/stmp/Gerhard.Theurich/ESMF-Nightly-Testing-Hera/gfortran_13.2.0_openmpi_g_feature_esmx-cmake/esmf/src/Infrastructure/DELayout/src/ESMCI_DELayout.C:4851
#7  0x14889bfb7452 in _ZN5ESMCI3XXE4execEiPPcPiiPbS4_PdiiS3_PNS0_10SuperVectPE
	at /scratch3/NCEPDEV/stmp/Gerhard.Theurich/ESMF-Nightly-Testing-Hera/gfortran_13.2.0_openmpi_g_feature_esmx-cmake/esmf/src/Infrastructure/DELayout/src/ESMCI_DELayout.C:4419
	at /scratch3/NCEPDEV/stmp/Gerhard.Theurich/ESMF-Nightly-Testing-Hera/gfortran_13.2.0_openmpi_g_feature_esmx-cmake/esmf/src/Infrastructure/DELayout/src/ESMCI_DELayout.C:4419
#6  0x1488dfb471f5 in _ZN5ESMCI3XXE4execEiPPcPiiPbS4_PdiiS3_PNS0_10SuperVectPE
	at /scratch3/NCEPDEV/stmp/Gerhard.Theurich/ESMF-Nightly-Testing-Hera/gfortran_13.2.0_openmpi_g_feature_esmx-cmake/esmf/src/Infrastructure/DELayout/src/ESMCI_DELayout.C:4851
#7  0x1488dfb46452 in _ZN5ESMCI3XXE4execEiPPcPiiPbS4_PdiiS3_PNS0_10SuperVectPE
	at /scratch3/NCEPDEV/stmp/Gerhard.Theurich/ESMF-Nightly-Testing-Hera/gfortran_13.2.0_openmpi_g_feature_esmx-cmake/esmf/src/Infrastructure/DELayout/src/ESMCI_DELayout.C:4419
#6  0x147d886791f5 in _ZN5ESMCI3XXE4execEiPPcPiiPbS4_PdiiS3_PNS0_10SuperVectPE
	at /scratch3/NCEPDEV/stmp/Gerhard.Theurich/ESMF-Nightly-Testing-Hera/gfortran_13.2.0_openmpi_g_feature_esmx-cmake/esmf/src/Infrastructure/DELayout/src/ESMCI_DELayout.C:4851
#7  0x147d88678452 in _ZN5ESMCI3XXE4execEiPPcPiiPbS4_PdiiS3_PNS0_10SuperVectPE
	at /scratch3/NCEPDEV/stmp/Gerhard.Theurich/ESMF-Nightly-Testing-Hera/gfortran_13.2.0_openmpi_g_feature_esmx-cmake/esmf/src/Infrastructure/DELayout/src/ESMCI_DELayout.C:4419
#8  0x14889be7ecf8 in ???
#8  0x147ec62c8cf8 in ???
#8  0x1488dfa0dcf8 in ???
#8  0x147d8853fcf8 in ???
#9  0x147d8852ff9d in _ZN5ESMCI5Array18tSparseMatMulStoreIiiEEiPS0_S2_PPNS_11RouteHandleERKSt6vectorINS_12SparseMatrixIT_T0_EESaISA_EEbbPiSF_
	at /scratch3/NCEPDEV/stmp/Gerhard.Theurich/ESMF-Nightly-Testing-Hera/gfortran_13.2.0_openmpi_g_feature_esmx-cmake/esmf/src/Infrastructure/Array/src/ESMCI_Array.C:9613
#9  0x14889be6ef9d in _ZN5ESMCI5Array18tSparseMatMulStoreIiiEEiPS0_S2_PPNS_11RouteHandleERKSt6vectorINS_12SparseMatrixIT_T0_EESaISA_EEbbPiSF_
	at /scratch3/NCEPDEV/stmp/Gerhard.Theurich/ESMF-Nightly-Testing-Hera/gfortran_13.2.0_openmpi_g_feature_esmx-cmake/esmf/src/Infrastructure/Array/src/ESMCI_Array.C:9613
#10  0x14889be698b4 in ???
#9  0x147ec62b8f9d in _ZN5ESMCI5Array18tSparseMatMulStoreIiiEEiPS0_S2_PPNS_11RouteHandleERKSt6vectorINS_12SparseMatrixIT_T0_EESaISA_EEbbPiSF_
	at /scratch3/NCEPDEV/stmp/Gerhard.Theurich/ESMF-Nightly-Testing-Hera/gfortran_13.2.0_openmpi_g_feature_esmx-cmake/esmf/src/Infrastructure/Array/src/ESMCI_Array.C:9613
#10  0x147ec62b38b4 in ???
#9  0x1488df9fdf9d in _ZN5ESMCI5Array18tSparseMatMulStoreIiiEEiPS0_S2_PPNS_11RouteHandleERKSt6vectorINS_12SparseMatrixIT_T0_EESaISA_EEbbPiSF_
	at /scratch3/NCEPDEV/stmp/Gerhard.Theurich/ESMF-Nightly-Testing-Hera/gfortran_13.2.0_openmpi_g_feature_esmx-cmake/esmf/src/Infrastructure/Array/src/ESMCI_Array.C:9613
#10  0x1488df9f88b4 in ???
#10  0x147d8852a8b4 in ???
#11  0x147ec637da6a in c_esmc_arraysmmstoreind4_
	at /scratch3/NCEPDEV/stmp/Gerhard.Theurich/ESMF-Nightly-Testing-Hera/gfortran_13.2.0_openmpi_g_feature_esmx-cmake/esmf/src/Infrastructure/Array/interface/ESMCI_Array_F.C:1105
#11  0x14889bf33a6a in c_esmc_arraysmmstoreind4_
	at /scratch3/NCEPDEV/stmp/Gerhard.Theurich/ESMF-Nightly-Testing-Hera/gfortran_13.2.0_openmpi_g_feature_esmx-cmake/esmf/src/Infrastructure/Array/interface/ESMCI_Array_F.C:1105
#11  0x1488dfac2a6a in c_esmc_arraysmmstoreind4_
	at /scratch3/NCEPDEV/stmp/Gerhard.Theurich/ESMF-Nightly-Testing-Hera/gfortran_13.2.0_openmpi_g_feature_esmx-cmake/esmf/src/Infrastructure/Array/interface/ESMCI_Array_F.C:1105
#11  0x147d885f4a6a in c_esmc_arraysmmstoreind4_
	at /scratch3/NCEPDEV/stmp/Gerhard.Theurich/ESMF-Nightly-Testing-Hera/gfortran_13.2.0_openmpi_g_feature_esmx-cmake/esmf/src/Infrastructure/Array/interface/ESMCI_Array_F.C:1105
#12  0x147ec68f048d in _Z19ESMCI_regrid_createPPN5ESMCI4MeshEPPNS_5ArrayEPPNS_9PointListES2_S5_S8_PiS9_S9_S9_S9_S9_S9_S9_PdS9_S9_S9_S9_S9_S9_PPNS_11RouteHandleES9_S9_S9_PPNS_11TempWeightsESD_S9_S9_S9_PPNS_7TempUDLES9_S5_S9_S9_
	at /scratch3/NCEPDEV/stmp/Gerhard.Theurich/ESMF-Nightly-Testing-Hera/gfortran_13.2.0_openmpi_g_feature_esmx-cmake/esmf/src/Infrastructure/Mesh/src/ESMCI_Mesh_Regrid_Glue.C:681
#12  0x1488e003548d in _Z19ESMCI_regrid_createPPN5ESMCI4MeshEPPNS_5ArrayEPPNS_9PointListES2_S5_S8_PiS9_S9_S9_S9_S9_S9_S9_PdS9_S9_S9_S9_S9_S9_PPNS_11RouteHandleES9_S9_S9_PPNS_11TempWeightsESD_S9_S9_S9_PPNS_7TempUDLES9_S5_S9_S9_
	at /scratch3/NCEPDEV/stmp/Gerhard.Theurich/ESMF-Nightly-Testing-Hera/gfortran_13.2.0_openmpi_g_feature_esmx-cmake/esmf/src/Infrastructure/Mesh/src/ESMCI_Mesh_Regrid_Glue.C:681
#12  0x14889c4a648d in _Z19ESMCI_regrid_createPPN5ESMCI4MeshEPPNS_5ArrayEPPNS_9PointListES2_S5_S8_PiS9_S9_S9_S9_S9_S9_S9_PdS9_S9_S9_S9_S9_S9_PPNS_11RouteHandleES9_S9_S9_PPNS_11TempWeightsESD_S9_S9_S9_PPNS_7TempUDLES9_S5_S9_S9_
	at /scratch3/NCEPDEV/stmp/Gerhard.Theurich/ESMF-Nightly-Testing-Hera/gfortran_13.2.0_openmpi_g_feature_esmx-cmake/esmf/src/Infrastructure/Mesh/src/ESMCI_Mesh_Regrid_Glue.C:681
#12  0x147d88b6748d in _Z19ESMCI_regrid_createPPN5ESMCI4MeshEPPNS_5ArrayEPPNS_9PointListES2_S5_S8_PiS9_S9_S9_S9_S9_S9_S9_PdS9_S9_S9_S9_S9_S9_PPNS_11RouteHandleES9_S9_S9_PPNS_11TempWeightsESD_S9_S9_S9_PPNS_7TempUDLES9_S5_S9_S9_
	at /scratch3/NCEPDEV/stmp/Gerhard.Theurich/ESMF-Nightly-Testing-Hera/gfortran_13.2.0_openmpi_g_feature_esmx-cmake/esmf/src/Infrastructure/Mesh/src/ESMCI_Mesh_Regrid_Glue.C:681
#13  0x14889c409ff1 in _ZN5ESMCI7MeshCap13regrid_createEPPS0_PPNS_5ArrayEPPNS_9PointListES2_S5_S8_PiS9_S9_S9_S9_S9_S9_S9_PdS9_S9_S9_S9_S9_S9_PPNS_11RouteHandleES9_S9_S9_PPNS_11TempWeightsESD_S9_S9_S9_PPNS_7TempUDLES9_S5_S9_S9_
	at /scratch3/NCEPDEV/stmp/Gerhard.Theurich/ESMF-Nightly-Testing-Hera/gfortran_13.2.0_openmpi_g_feature_esmx-cmake/esmf/src/Infrastructure/Mesh/src/ESMCI_MeshCap.C:1658
#13  0x147ec6853ff1 in _ZN5ESMCI7MeshCap13regrid_createEPPS0_PPNS_5ArrayEPPNS_9PointListES2_S5_S8_PiS9_S9_S9_S9_S9_S9_S9_PdS9_S9_S9_S9_S9_S9_PPNS_11RouteHandleES9_S9_S9_PPNS_11TempWeightsESD_S9_S9_S9_PPNS_7TempUDLES9_S5_S9_S9_
	at /scratch3/NCEPDEV/stmp/Gerhard.Theurich/ESMF-Nightly-Testing-Hera/gfortran_13.2.0_openmpi_g_feature_esmx-cmake/esmf/src/Infrastructure/Mesh/src/ESMCI_MeshCap.C:1658
#13  0x1488dff98ff1 in _ZN5ESMCI7MeshCap13regrid_createEPPS0_PPNS_5ArrayEPPNS_9PointListES2_S5_S8_PiS9_S9_S9_S9_S9_S9_S9_PdS9_S9_S9_S9_S9_S9_PPNS_11RouteHandleES9_S9_S9_PPNS_11TempWeightsESD_S9_S9_S9_PPNS_7TempUDLES9_S5_S9_S9_
	at /scratch3/NCEPDEV/stmp/Gerhard.Theurich/ESMF-Nightly-Testing-Hera/gfortran_13.2.0_openmpi_g_feature_esmx-cmake/esmf/src/Infrastructure/Mesh/src/ESMCI_MeshCap.C:1658
#13  0x147d88acaff1 in _ZN5ESMCI7MeshCap13regrid_createEPPS0_PPNS_5ArrayEPPNS_9PointListES2_S5_S8_PiS9_S9_S9_S9_S9_S9_S9_PdS9_S9_S9_S9_S9_S9_PPNS_11RouteHandleES9_S9_S9_PPNS_11TempWeightsESD_S9_S9_S9_PPNS_7TempUDLES9_S5_S9_S9_
	at /scratch3/NCEPDEV/stmp/Gerhard.Theurich/ESMF-Nightly-Testing-Hera/gfortran_13.2.0_openmpi_g_feature_esmx-cmake/esmf/src/Infrastructure/Mesh/src/ESMCI_MeshCap.C:1658
#14  0x14889c4fc7d3 in c_esmc_regrid_create_
	at /scratch3/NCEPDEV/stmp/Gerhard.Theurich/ESMF-Nightly-Testing-Hera/gfortran_13.2.0_openmpi_g_feature_esmx-cmake/esmf/src/Infrastructure/Regrid/interface/ESMCI_Regrid_F.C:93
#14  0x147ec69467d3 in c_esmc_regrid_create_
	at /scratch3/NCEPDEV/stmp/Gerhard.Theurich/ESMF-Nightly-Testing-Hera/gfortran_13.2.0_openmpi_g_feature_esmx-cmake/esmf/src/Infrastructure/Regrid/interface/ESMCI_Regrid_F.C:93
#14  0x1488e008b7d3 in c_esmc_regrid_create_
	at /scratch3/NCEPDEV/stmp/Gerhard.Theurich/ESMF-Nightly-Testing-Hera/gfortran_13.2.0_openmpi_g_feature_esmx-cmake/esmf/src/Infrastructure/Regrid/interface/ESMCI_Regrid_F.C:93
#14  0x147d88bbd7d3 in c_esmc_regrid_create_
	at /scratch3/NCEPDEV/stmp/Gerhard.Theurich/ESMF-Nightly-Testing-Hera/gfortran_13.2.0_openmpi_g_feature_esmx-cmake/esmf/src/Infrastructure/Regrid/interface/ESMCI_Regrid_F.C:93
#15  0x1488e0da6520 in __esmf_regridmod_MOD_esmf_regridstore
	at /scratch3/NCEPDEV/stmp/Gerhard.Theurich/ESMF-Nightly-Testing-Hera/gfortran_13.2.0_openmpi_g_feature_esmx-cmake/esmf/src/Infrastructure/Regrid/src/ESMF_Regrid.F90:381
#15  0x147d898d8520 in __esmf_regridmod_MOD_esmf_regridstore
	at /scratch3/NCEPDEV/stmp/Gerhard.Theurich/ESMF-Nightly-Testing-Hera/gfortran_13.2.0_openmpi_g_feature_esmx-cmake/esmf/src/Infrastructure/Regrid/src/ESMF_Regrid.F90:381
#15  0x14889d217520 in __esmf_regridmod_MOD_esmf_regridstore
	at /scratch3/NCEPDEV/stmp/Gerhard.Theurich/ESMF-Nightly-Testing-Hera/gfortran_13.2.0_openmpi_g_feature_esmx-cmake/esmf/src/Infrastructure/Regrid/src/ESMF_Regrid.F90:381
#15  0x147ec7661520 in __esmf_regridmod_MOD_esmf_regridstore
	at /scratch3/NCEPDEV/stmp/Gerhard.Theurich/ESMF-Nightly-Testing-Hera/gfortran_13.2.0_openmpi_g_feature_esmx-cmake/esmf/src/Infrastructure/Regrid/src/ESMF_Regrid.F90:381
#16  0x1488e099c13c in __esmf_fieldregridmod_MOD_esmf_fieldregridstorenx
	at /scratch3/NCEPDEV/stmp/Gerhard.Theurich/ESMF-Nightly-Testing-Hera/gfortran_13.2.0_openmpi_g_feature_esmx-cmake/esmf/src/Infrastructure/Field/src/ESMF_FieldRegrid.F90:1346
#16  0x14889ce0d13c in __esmf_fieldregridmod_MOD_esmf_fieldregridstorenx
	at /scratch3/NCEPDEV/stmp/Gerhard.Theurich/ESMF-Nightly-Testing-Hera/gfortran_13.2.0_openmpi_g_feature_esmx-cmake/esmf/src/Infrastructure/Field/src/ESMF_FieldRegrid.F90:1346
#16  0x147ec725713c in __esmf_fieldregridmod_MOD_esmf_fieldregridstorenx
	at /scratch3/NCEPDEV/stmp/Gerhard.Theurich/ESMF-Nightly-Testing-Hera/gfortran_13.2.0_openmpi_g_feature_esmx-cmake/esmf/src/Infrastructure/Field/src/ESMF_FieldRegrid.F90:1346
#16  0x147d894ce13c in __esmf_fieldregridmod_MOD_esmf_fieldregridstorenx
	at /scratch3/NCEPDEV/stmp/Gerhard.Theurich/ESMF-Nightly-Testing-Hera/gfortran_13.2.0_openmpi_g_feature_esmx-cmake/esmf/src/Infrastructure/Field/src/ESMF_FieldRegrid.F90:1346
#17  0x1488e05c2df2 in __esmf_fieldbundlemod_MOD_esmf_fieldbundleregridstorepair
	at /scratch3/NCEPDEV/stmp/Gerhard.Theurich/ESMF-Nightly-Testing-Hera/gfortran_13.2.0_openmpi_g_feature_esmx-cmake/esmf/src/Infrastructure/FieldBundle/src/ESMF_FieldBundle.F90:16193
#17  0x147d890f4df2 in __esmf_fieldbundlemod_MOD_esmf_fieldbundleregridstorepair
	at /scratch3/NCEPDEV/stmp/Gerhard.Theurich/ESMF-Nightly-Testing-Hera/gfortran_13.2.0_openmpi_g_feature_esmx-cmake/esmf/src/Infrastructure/FieldBundle/src/ESMF_FieldBundle.F90:16193
#17  0x14889ca33df2 in __esmf_fieldbundlemod_MOD_esmf_fieldbundleregridstorepair
	at /scratch3/NCEPDEV/stmp/Gerhard.Theurich/ESMF-Nightly-Testing-Hera/gfortran_13.2.0_openmpi_g_feature_esmx-cmake/esmf/src/Infrastructure/FieldBundle/src/ESMF_FieldBundle.F90:16193
#17  0x147ec6e7ddf2 in __esmf_fieldbundlemod_MOD_esmf_fieldbundleregridstorepair
	at /scratch3/NCEPDEV/stmp/Gerhard.Theurich/ESMF-Nightly-Testing-Hera/gfortran_13.2.0_openmpi_g_feature_esmx-cmake/esmf/src/Infrastructure/FieldBundle/src/ESMF_FieldBundle.F90:16193
#18  0x147d89b9123e in fieldbundlecplstore
	at /scratch3/NCEPDEV/stmp/Gerhard.Theurich/ESMF-Nightly-Testing-Hera/gfortran_13.2.0_openmpi_g_feature_esmx-cmake/esmf/src/addon/NUOPC/src/NUOPC_Connector.F90:7857
#18  0x14889d4d023e in fieldbundlecplstore
	at /scratch3/NCEPDEV/stmp/Gerhard.Theurich/ESMF-Nightly-Testing-Hera/gfortran_13.2.0_openmpi_g_feature_esmx-cmake/esmf/src/addon/NUOPC/src/NUOPC_Connector.F90:7857
#18  0x147ec791a23e in fieldbundlecplstore
	at /scratch3/NCEPDEV/stmp/Gerhard.Theurich/ESMF-Nightly-Testing-Hera/gfortran_13.2.0_openmpi_g_feature_esmx-cmake/esmf/src/addon/NUOPC/src/NUOPC_Connector.F90:7857
#18  0x1488e105f23e in fieldbundlecplstore
	at /scratch3/NCEPDEV/stmp/Gerhard.Theurich/ESMF-Nightly-Testing-Hera/gfortran_13.2.0_openmpi_g_feature_esmx-cmake/esmf/src/addon/NUOPC/src/NUOPC_Connector.F90:7857
#19  0x1488e1088a3e in initializeipdv05p6b
	at /scratch3/NCEPDEV/stmp/Gerhard.Theurich/ESMF-Nightly-Testing-Hera/gfortran_13.2.0_openmpi_g_feature_esmx-cmake/esmf/src/addon/NUOPC/src/NUOPC_Connector.F90:5540
#19  0x147d89bbaa3e in initializeipdv05p6b
	at /scratch3/NCEPDEV/stmp/Gerhard.Theurich/ESMF-Nightly-Testing-Hera/gfortran_13.2.0_openmpi_g_feature_esmx-cmake/esmf/src/addon/NUOPC/src/NUOPC_Connector.F90:5540
#19  0x14889d4f9a3e in initializeipdv05p6b
	at /scratch3/NCEPDEV/stmp/Gerhard.Theurich/ESMF-Nightly-Testing-Hera/gfortran_13.2.0_openmpi_g_feature_esmx-cmake/esmf/src/addon/NUOPC/src/NUOPC_Connector.F90:5540
#19  0x147ec7943a3e in initializeipdv05p6b
	at /scratch3/NCEPDEV/stmp/Gerhard.Theurich/ESMF-Nightly-Testing-Hera/gfortran_13.2.0_openmpi_g_feature_esmx-cmake/esmf/src/addon/NUOPC/src/NUOPC_Connector.F90:5540
#20  0x147ec65c5241 in _ZN5ESMCI6FTable12callVFuncPtrEPKcPNS_2VMEPi
	at /scratch3/NCEPDEV/stmp/Gerhard.Theurich/ESMF-Nightly-Testing-Hera/gfortran_13.2.0_openmpi_g_feature_esmx-cmake/esmf/src/Superstructure/Component/src/ESMCI_FTable.C:2192
#20  0x14889c17b241 in _ZN5ESMCI6FTable12callVFuncPtrEPKcPNS_2VMEPi
	at /scratch3/NCEPDEV/stmp/Gerhard.Theurich/ESMF-Nightly-Testing-Hera/gfortran_13.2.0_openmpi_g_feature_esmx-cmake/esmf/src/Superstructure/Component/src/ESMCI_FTable.C:2192
#20  0x1488dfd0a241 in _ZN5ESMCI6FTable12callVFuncPtrEPKcPNS_2VMEPi
	at /scratch3/NCEPDEV/stmp/Gerhard.Theurich/ESMF-Nightly-Testing-Hera/gfortran_13.2.0_openmpi_g_feature_esmx-cmake/esmf/src/Superstructure/Component/src/ESMCI_FTable.C:2192
#20  0x147d8883c241 in _ZN5ESMCI6FTable12callVFuncPtrEPKcPNS_2VMEPi
	at /scratch3/NCEPDEV/stmp/Gerhard.Theurich/ESMF-Nightly-Testing-Hera/gfortran_13.2.0_openmpi_g_feature_esmx-cmake/esmf/src/Superstructure/Component/src/ESMCI_FTable.C:2192
#21  0x147ec65c2311 in ESMCI_FTableCallEntryPointVMHop
	at /scratch3/NCEPDEV/stmp/Gerhard.Theurich/ESMF-Nightly-Testing-Hera/gfortran_13.2.0_openmpi_g_feature_esmx-cmake/esmf/src/Superstructure/Component/src/ESMCI_FTable.C:849
#21  0x14889c178311 in ESMCI_FTableCallEntryPointVMHop
	at /scratch3/NCEPDEV/stmp/Gerhard.Theurich/ESMF-Nightly-Testing-Hera/gfortran_13.2.0_openmpi_g_feature_esmx-cmake/esmf/src/Superstructure/Component/src/ESMCI_FTable.C:849
#21  0x1488dfd07311 in ESMCI_FTableCallEntryPointVMHop
	at /scratch3/NCEPDEV/stmp/Gerhard.Theurich/ESMF-Nightly-Testing-Hera/gfortran_13.2.0_openmpi_g_feature_esmx-cmake/esmf/src/Superstructure/Component/src/ESMCI_FTable.C:849
#21  0x147d88839311 in ESMCI_FTableCallEntryPointVMHop
	at /scratch3/NCEPDEV/stmp/Gerhard.Theurich/ESMF-Nightly-Testing-Hera/gfortran_13.2.0_openmpi_g_feature_esmx-cmake/esmf/src/Superstructure/Component/src/ESMCI_FTable.C:849
#22  0x147d88c83885 in _ZN5ESMCI3VMK5enterEPNS_7VMKPlanEPvS3_
	at /scratch3/NCEPDEV/stmp/Gerhard.Theurich/ESMF-Nightly-Testing-Hera/gfortran_13.2.0_openmpi_g_feature_esmx-cmake/esmf/src/Infrastructure/VM/src/ESMCI_VMKernel.C:2740
#22  0x14889c5c2885 in _ZN5ESMCI3VMK5enterEPNS_7VMKPlanEPvS3_
	at /scratch3/NCEPDEV/stmp/Gerhard.Theurich/ESMF-Nightly-Testing-Hera/gfortran_13.2.0_openmpi_g_feature_esmx-cmake/esmf/src/Infrastructure/VM/src/ESMCI_VMKernel.C:2740
#22  0x147ec6a0c885 in _ZN5ESMCI3VMK5enterEPNS_7VMKPlanEPvS3_
	at /scratch3/NCEPDEV/stmp/Gerhard.Theurich/ESMF-Nightly-Testing-Hera/gfortran_13.2.0_openmpi_g_feature_esmx-cmake/esmf/src/Infrastructure/VM/src/ESMCI_VMKernel.C:2740
#22  0x1488e0151885 in _ZN5ESMCI3VMK5enterEPNS_7VMKPlanEPvS3_
	at /scratch3/NCEPDEV/stmp/Gerhard.Theurich/ESMF-Nightly-Testing-Hera/gfortran_13.2.0_openmpi_g_feature_esmx-cmake/esmf/src/Infrastructure/VM/src/ESMCI_VMKernel.C:2740
#23  0x1488e0137fde in _ZN5ESMCI2VM5enterEPNS_6VMPlanEPvS3_
	at /scratch3/NCEPDEV/stmp/Gerhard.Theurich/ESMF-Nightly-Testing-Hera/gfortran_13.2.0_openmpi_g_feature_esmx-cmake/esmf/src/Infrastructure/VM/src/ESMCI_VM.C:1365
#23  0x147d88c69fde in _ZN5ESMCI2VM5enterEPNS_6VMPlanEPvS3_
	at /scratch3/NCEPDEV/stmp/Gerhard.Theurich/ESMF-Nightly-Testing-Hera/gfortran_13.2.0_openmpi_g_feature_esmx-cmake/esmf/src/Infrastructure/VM/src/ESMCI_VM.C:1365
#23  0x14889c5a8fde in _ZN5ESMCI2VM5enterEPNS_6VMPlanEPvS3_
	at /scratch3/NCEPDEV/stmp/Gerhard.Theurich/ESMF-Nightly-Testing-Hera/gfortran_13.2.0_openmpi_g_feature_esmx-cmake/esmf/src/Infrastructure/VM/src/ESMCI_VM.C:1365
#23  0x147ec69f2fde in _ZN5ESMCI2VM5enterEPNS_6VMPlanEPvS3_
	at /scratch3/NCEPDEV/stmp/Gerhard.Theurich/ESMF-Nightly-Testing-Hera/gfortran_13.2.0_openmpi_g_feature_esmx-cmake/esmf/src/Infrastructure/VM/src/ESMCI_VM.C:1365
#24  0x1488dfd077aa in c_esmc_ftablecallentrypointvm_
	at /scratch3/NCEPDEV/stmp/Gerhard.Theurich/ESMF-Nightly-Testing-Hera/gfortran_13.2.0_openmpi_g_feature_esmx-cmake/esmf/src/Superstructure/Component/src/ESMCI_FTable.C:1006
#24  0x147d888397aa in c_esmc_ftablecallentrypointvm_
	at /scratch3/NCEPDEV/stmp/Gerhard.Theurich/ESMF-Nightly-Testing-Hera/gfortran_13.2.0_openmpi_g_feature_esmx-cmake/esmf/src/Superstructure/Component/src/ESMCI_FTable.C:1006
#24  0x14889c1787aa in c_esmc_ftablecallentrypointvm_
	at /scratch3/NCEPDEV/stmp/Gerhard.Theurich/ESMF-Nightly-Testing-Hera/gfortran_13.2.0_openmpi_g_feature_esmx-cmake/esmf/src/Superstructure/Component/src/ESMCI_FTable.C:1006
#24  0x147ec65c27aa in c_esmc_ftablecallentrypointvm_
	at /scratch3/NCEPDEV/stmp/Gerhard.Theurich/ESMF-Nightly-Testing-Hera/gfortran_13.2.0_openmpi_g_feature_esmx-cmake/esmf/src/Superstructure/Component/src/ESMCI_FTable.C:1006
#25  0x14889c99908a in __esmf_compmod_MOD_esmf_compexecute
	at /scratch3/NCEPDEV/stmp/Gerhard.Theurich/ESMF-Nightly-Testing-Hera/gfortran_13.2.0_openmpi_g_feature_esmx-cmake/esmf/src/Superstructure/Component/src/ESMF_Comp.F90:1274
#25  0x1488e052808a in __esmf_compmod_MOD_esmf_compexecute
	at /scratch3/NCEPDEV/stmp/Gerhard.Theurich/ESMF-Nightly-Testing-Hera/gfortran_13.2.0_openmpi_g_feature_esmx-cmake/esmf/src/Superstructure/Component/src/ESMF_Comp.F90:1274
#25  0x147ec6de308a in __esmf_compmod_MOD_esmf_compexecute
	at /scratch3/NCEPDEV/stmp/Gerhard.Theurich/ESMF-Nightly-Testing-Hera/gfortran_13.2.0_openmpi_g_feature_esmx-cmake/esmf/src/Superstructure/Component/src/ESMF_Comp.F90:1274
#25  0x147d8905a08a in __esmf_compmod_MOD_esmf_compexecute
	at /scratch3/NCEPDEV/stmp/Gerhard.Theurich/ESMF-Nightly-Testing-Hera/gfortran_13.2.0_openmpi_g_feature_esmx-cmake/esmf/src/Superstructure/Component/src/ESMF_Comp.F90:1274
#26  0x1488e0566608 in __esmf_cplcompmod_MOD_esmf_cplcompinitialize
	at /scratch3/NCEPDEV/stmp/Gerhard.Theurich/ESMF-Nightly-Testing-Hera/gfortran_13.2.0_openmpi_g_feature_esmx-cmake/esmf/src/Superstructure/Component/src/ESMF_CplComp.F90:1327
#26  0x14889c9d7608 in __esmf_cplcompmod_MOD_esmf_cplcompinitialize
	at /scratch3/NCEPDEV/stmp/Gerhard.Theurich/ESMF-Nightly-Testing-Hera/gfortran_13.2.0_openmpi_g_feature_esmx-cmake/esmf/src/Superstructure/Component/src/ESMF_CplComp.F90:1327
#26  0x147ec6e21608 in __esmf_cplcompmod_MOD_esmf_cplcompinitialize
	at /scratch3/NCEPDEV/stmp/Gerhard.Theurich/ESMF-Nightly-Testing-Hera/gfortran_13.2.0_openmpi_g_feature_esmx-cmake/esmf/src/Superstructure/Component/src/ESMF_CplComp.F90:1327
#26  0x147d89098608 in __esmf_cplcompmod_MOD_esmf_cplcompinitialize
	at /scratch3/NCEPDEV/stmp/Gerhard.Theurich/ESMF-Nightly-Testing-Hera/gfortran_13.2.0_openmpi_g_feature_esmx-cmake/esmf/src/Superstructure/Component/src/ESMF_CplComp.F90:1327
#27  0x1488e1171ba2 in loopconnectorcompss
	at /scratch3/NCEPDEV/stmp/Gerhard.Theurich/ESMF-Nightly-Testing-Hera/gfortran_13.2.0_openmpi_g_feature_esmx-cmake/esmf/src/addon/NUOPC/src/NUOPC_Driver.F90:2954
#27  0x147d89ca3ba2 in loopconnectorcompss
	at /scratch3/NCEPDEV/stmp/Gerhard.Theurich/ESMF-Nightly-Testing-Hera/gfortran_13.2.0_openmpi_g_feature_esmx-cmake/esmf/src/addon/NUOPC/src/NUOPC_Driver.F90:2954
#27  0x14889d5e2ba2 in loopconnectorcompss
	at /scratch3/NCEPDEV/stmp/Gerhard.Theurich/ESMF-Nightly-Testing-Hera/gfortran_13.2.0_openmpi_g_feature_esmx-cmake/esmf/src/addon/NUOPC/src/NUOPC_Driver.F90:2954
#28  0x14889d5f62b0 in initializeipdv02p3
	at /scratch3/NCEPDEV/stmp/Gerhard.Theurich/ESMF-Nightly-Testing-Hera/gfortran_13.2.0_openmpi_g_feature_esmx-cmake/esmf/src/addon/NUOPC/src/NUOPC_Driver.F90:2225
#29  0x14889d61d1c5 in initializegeneric
	at /scratch3/NCEPDEV/stmp/Gerhard.Theurich/ESMF-Nightly-Testing-Hera/gfortran_13.2.0_openmpi_g_feature_esmx-cmake/esmf/src/addon/NUOPC/src/NUOPC_Driver.F90:432
#30  0x14889c17b241 in _ZN5ESMCI6FTable12callVFuncPtrEPKcPNS_2VMEPi
	at /scratch3/NCEPDEV/stmp/Gerhard.Theurich/ESMF-Nightly-Testing-Hera/gfortran_13.2.0_openmpi_g_feature_esmx-cmake/esmf/src/Superstructure/Component/src/ESMCI_FTable.C:2192
#27  0x147ec7a2cba2 in loopconnectorcompss
	at /scratch3/NCEPDEV/stmp/Gerhard.Theurich/ESMF-Nightly-Testing-Hera/gfortran_13.2.0_openmpi_g_feature_esmx-cmake/esmf/src/addon/NUOPC/src/NUOPC_Driver.F90:2954
#28  0x147ec7a402b0 in initializeipdv02p3
	at /scratch3/NCEPDEV/stmp/Gerhard.Theurich/ESMF-Nightly-Testing-Hera/gfortran_13.2.0_openmpi_g_feature_esmx-cmake/esmf/src/addon/NUOPC/src/NUOPC_Driver.F90:2225
#29  0x147ec7a671c5 in initializegeneric
	at /scratch3/NCEPDEV/stmp/Gerhard.Theurich/ESMF-Nightly-Testing-Hera/gfortran_13.2.0_openmpi_g_feature_esmx-cmake/esmf/src/addon/NUOPC/src/NUOPC_Driver.F90:432
#30  0x147ec65c5241 in _ZN5ESMCI6FTable12callVFuncPtrEPKcPNS_2VMEPi
	at /scratch3/NCEPDEV/stmp/Gerhard.Theurich/ESMF-Nightly-Testing-Hera/gfortran_13.2.0_openmpi_g_feature_esmx-cmake/esmf/src/Superstructure/Component/src/ESMCI_FTable.C:2192
#31  0x147ec65c2311 in ESMCI_FTableCallEntryPointVMHop
	at /scratch3/NCEPDEV/stmp/Gerhard.Theurich/ESMF-Nightly-Testing-Hera/gfortran_13.2.0_openmpi_g_feature_esmx-cmake/esmf/src/Superstructure/Component/src/ESMCI_FTable.C:849
#28  0x1488e11852b0 in initializeipdv02p3
	at /scratch3/NCEPDEV/stmp/Gerhard.Theurich/ESMF-Nightly-Testing-Hera/gfortran_13.2.0_openmpi_g_feature_esmx-cmake/esmf/src/addon/NUOPC/src/NUOPC_Driver.F90:2225
#29  0x1488e11ac1c5 in initializegeneric
	at /scratch3/NCEPDEV/stmp/Gerhard.Theurich/ESMF-Nightly-Testing-Hera/gfortran_13.2.0_openmpi_g_feature_esmx-cmake/esmf/src/addon/NUOPC/src/NUOPC_Driver.F90:432
#30  0x1488dfd0a241 in _ZN5ESMCI6FTable12callVFuncPtrEPKcPNS_2VMEPi
	at /scratch3/NCEPDEV/stmp/Gerhard.Theurich/ESMF-Nightly-Testing-Hera/gfortran_13.2.0_openmpi_g_feature_esmx-cmake/esmf/src/Superstructure/Component/src/ESMCI_FTable.C:2192
#31  0x1488dfd07311 in ESMCI_FTableCallEntryPointVMHop
	at /scratch3/NCEPDEV/stmp/Gerhard.Theurich/ESMF-Nightly-Testing-Hera/gfortran_13.2.0_openmpi_g_feature_esmx-cmake/esmf/src/Superstructure/Component/src/ESMCI_FTable.C:849
#32  0x1488e0151885 in _ZN5ESMCI3VMK5enterEPNS_7VMKPlanEPvS3_
	at /scratch3/NCEPDEV/stmp/Gerhard.Theurich/ESMF-Nightly-Testing-Hera/gfortran_13.2.0_openmpi_g_feature_esmx-cmake/esmf/src/Infrastructure/VM/src/ESMCI_VMKernel.C:2740
#33  0x1488e0137fde in _ZN5ESMCI2VM5enterEPNS_6VMPlanEPvS3_
	at /scratch3/NCEPDEV/stmp/Gerhard.Theurich/ESMF-Nightly-Testing-Hera/gfortran_13.2.0_openmpi_g_feature_esmx-cmake/esmf/src/Infrastructure/VM/src/ESMCI_VM.C:1365
#34  0x1488dfd077aa in c_esmc_ftablecallentrypointvm_
	at /scratch3/NCEPDEV/stmp/Gerhard.Theurich/ESMF-Nightly-Testing-Hera/gfortran_13.2.0_openmpi_g_feature_esmx-cmake/esmf/src/Superstructure/Component/src/ESMCI_FTable.C:1006
#35  0x1488e052808a in __esmf_compmod_MOD_esmf_compexecute
	at /scratch3/NCEPDEV/stmp/Gerhard.Theurich/ESMF-Nightly-Testing-Hera/gfortran_13.2.0_openmpi_g_feature_esmx-cmake/esmf/src/Superstructure/Component/src/ESMF_Comp.F90:1274
#28  0x147d89cb72b0 in initializeipdv02p3
	at /scratch3/NCEPDEV/stmp/Gerhard.Theurich/ESMF-Nightly-Testing-Hera/gfortran_13.2.0_openmpi_g_feature_esmx-cmake/esmf/src/addon/NUOPC/src/NUOPC_Driver.F90:2225
#29  0x147d89cde1c5 in initializegeneric
	at /scratch3/NCEPDEV/stmp/Gerhard.Theurich/ESMF-Nightly-Testing-Hera/gfortran_13.2.0_openmpi_g_feature_esmx-cmake/esmf/src/addon/NUOPC/src/NUOPC_Driver.F90:432
#30  0x147d8883c241 in _ZN5ESMCI6FTable12callVFuncPtrEPKcPNS_2VMEPi
	at /scratch3/NCEPDEV/stmp/Gerhard.Theurich/ESMF-Nightly-Testing-Hera/gfortran_13.2.0_openmpi_g_feature_esmx-cmake/esmf/src/Superstructure/Component/src/ESMCI_FTable.C:2192
#31  0x147d88839311 in ESMCI_FTableCallEntryPointVMHop
	at /scratch3/NCEPDEV/stmp/Gerhard.Theurich/ESMF-Nightly-Testing-Hera/gfortran_13.2.0_openmpi_g_feature_esmx-cmake/esmf/src/Superstructure/Component/src/ESMCI_FTable.C:849
#32  0x147d88c83885 in _ZN5ESMCI3VMK5enterEPNS_7VMKPlanEPvS3_
	at /scratch3/NCEPDEV/stmp/Gerhard.Theurich/ESMF-Nightly-Testing-Hera/gfortran_13.2.0_openmpi_g_feature_esmx-cmake/esmf/src/Infrastructure/VM/src/ESMCI_VMKernel.C:2740
#33  0x147d88c69fde in _ZN5ESMCI2VM5enterEPNS_6VMPlanEPvS3_
	at /scratch3/NCEPDEV/stmp/Gerhard.Theurich/ESMF-Nightly-Testing-Hera/gfortran_13.2.0_openmpi_g_feature_esmx-cmake/esmf/src/Infrastructure/VM/src/ESMCI_VM.C:1365
#34  0x147d888397aa in c_esmc_ftablecallentrypointvm_
	at /scratch3/NCEPDEV/stmp/Gerhard.Theurich/ESMF-Nightly-Testing-Hera/gfortran_13.2.0_openmpi_g_feature_esmx-cmake/esmf/src/Superstructure/Component/src/ESMCI_FTable.C:1006
#35  0x147d8905a08a in __esmf_compmod_MOD_esmf_compexecute
	at /scratch3/NCEPDEV/stmp/Gerhard.Theurich/ESMF-Nightly-Testing-Hera/gfortran_13.2.0_openmpi_g_feature_esmx-cmake/esmf/src/Superstructure/Component/src/ESMF_Comp.F90:1274
#31  0x14889c178311 in ESMCI_FTableCallEntryPointVMHop
	at /scratch3/NCEPDEV/stmp/Gerhard.Theurich/ESMF-Nightly-Testing-Hera/gfortran_13.2.0_openmpi_g_feature_esmx-cmake/esmf/src/Superstructure/Component/src/ESMCI_FTable.C:849
#32  0x14889c5c2885 in _ZN5ESMCI3VMK5enterEPNS_7VMKPlanEPvS3_
	at /scratch3/NCEPDEV/stmp/Gerhard.Theurich/ESMF-Nightly-Testing-Hera/gfortran_13.2.0_openmpi_g_feature_esmx-cmake/esmf/src/Infrastructure/VM/src/ESMCI_VMKernel.C:2740
#33  0x14889c5a8fde in _ZN5ESMCI2VM5enterEPNS_6VMPlanEPvS3_
	at /scratch3/NCEPDEV/stmp/Gerhard.Theurich/ESMF-Nightly-Testing-Hera/gfortran_13.2.0_openmpi_g_feature_esmx-cmake/esmf/src/Infrastructure/VM/src/ESMCI_VM.C:1365
#34  0x14889c1787aa in c_esmc_ftablecallentrypointvm_
	at /scratch3/NCEPDEV/stmp/Gerhard.Theurich/ESMF-Nightly-Testing-Hera/gfortran_13.2.0_openmpi_g_feature_esmx-cmake/esmf/src/Superstructure/Component/src/ESMCI_FTable.C:1006
#35  0x14889c99908a in __esmf_compmod_MOD_esmf_compexecute
	at /scratch3/NCEPDEV/stmp/Gerhard.Theurich/ESMF-Nightly-Testing-Hera/gfortran_13.2.0_openmpi_g_feature_esmx-cmake/esmf/src/Superstructure/Component/src/ESMF_Comp.F90:1274
#32  0x147ec6a0c885 in _ZN5ESMCI3VMK5enterEPNS_7VMKPlanEPvS3_
	at /scratch3/NCEPDEV/stmp/Gerhard.Theurich/ESMF-Nightly-Testing-Hera/gfortran_13.2.0_openmpi_g_feature_esmx-cmake/esmf/src/Infrastructure/VM/src/ESMCI_VMKernel.C:2740
#33  0x147ec69f2fde in _ZN5ESMCI2VM5enterEPNS_6VMPlanEPvS3_
	at /scratch3/NCEPDEV/stmp/Gerhard.Theurich/ESMF-Nightly-Testing-Hera/gfortran_13.2.0_openmpi_g_feature_esmx-cmake/esmf/src/Infrastructure/VM/src/ESMCI_VM.C:1365
#34  0x147ec65c27aa in c_esmc_ftablecallentrypointvm_
	at /scratch3/NCEPDEV/stmp/Gerhard.Theurich/ESMF-Nightly-Testing-Hera/gfortran_13.2.0_openmpi_g_feature_esmx-cmake/esmf/src/Superstructure/Component/src/ESMCI_FTable.C:1006
#35  0x147ec6de308a in __esmf_compmod_MOD_esmf_compexecute
	at /scratch3/NCEPDEV/stmp/Gerhard.Theurich/ESMF-Nightly-Testing-Hera/gfortran_13.2.0_openmpi_g_feature_esmx-cmake/esmf/src/Superstructure/Component/src/ESMF_Comp.F90:1274
#36  0x14889cf8ad72 in __esmf_gridcompmod_MOD_esmf_gridcompinitialize
	at /scratch3/NCEPDEV/stmp/Gerhard.Theurich/ESMF-Nightly-Testing-Hera/gfortran_13.2.0_openmpi_g_feature_esmx-cmake/esmf/src/Superstructure/Component/src/ESMF_GridComp.F90:1567
#36  0x1488e0b19d72 in __esmf_gridcompmod_MOD_esmf_gridcompinitialize
	at /scratch3/NCEPDEV/stmp/Gerhard.Theurich/ESMF-Nightly-Testing-Hera/gfortran_13.2.0_openmpi_g_feature_esmx-cmake/esmf/src/Superstructure/Component/src/ESMF_GridComp.F90:1567
#36  0x147ec73d4d72 in __esmf_gridcompmod_MOD_esmf_gridcompinitialize
	at /scratch3/NCEPDEV/stmp/Gerhard.Theurich/ESMF-Nightly-Testing-Hera/gfortran_13.2.0_openmpi_g_feature_esmx-cmake/esmf/src/Superstructure/Component/src/ESMF_GridComp.F90:1567
#36  0x147d8964bd72 in __esmf_gridcompmod_MOD_esmf_gridcompinitialize
	at /scratch3/NCEPDEV/stmp/Gerhard.Theurich/ESMF-Nightly-Testing-Hera/gfortran_13.2.0_openmpi_g_feature_esmx-cmake/esmf/src/Superstructure/Component/src/ESMF_GridComp.F90:1567
#37  0x408e73 in esmx_app
	at /scratch3/NCEPDEV/stmp/Gerhard.Theurich/ESMF-Nightly-Testing-Hera/gfortran_13.2.0_openmpi_g_feature_esmx-cmake/esmf/DEFAULTINSTALLDIR/include/ESMX/ESMX_App.F90:388
#37  0x408e73 in esmx_app
	at /scratch3/NCEPDEV/stmp/Gerhard.Theurich/ESMF-Nightly-Testing-Hera/gfortran_13.2.0_openmpi_g_feature_esmx-cmake/esmf/DEFAULTINSTALLDIR/include/ESMX/ESMX_App.F90:388
#38  0x40954c in main
	at /scratch3/NCEPDEV/stmp/Gerhard.Theurich/ESMF-Nightly-Testing-Hera/gfortran_13.2.0_openmpi_g_feature_esmx-cmake/esmf/DEFAULTINSTALLDIR/include/ESMX/ESMX_App.F90:14
#37  0x408e73 in esmx_app
	at /scratch3/NCEPDEV/stmp/Gerhard.Theurich/ESMF-Nightly-Testing-Hera/gfortran_13.2.0_openmpi_g_feature_esmx-cmake/esmf/DEFAULTINSTALLDIR/include/ESMX/ESMX_App.F90:388
#38  0x40954c in main
	at /scratch3/NCEPDEV/stmp/Gerhard.Theurich/ESMF-Nightly-Testing-Hera/gfortran_13.2.0_openmpi_g_feature_esmx-cmake/esmf/DEFAULTINSTALLDIR/include/ESMX/ESMX_App.F90:14
#37  0x408e73 in esmx_app
	at /scratch3/NCEPDEV/stmp/Gerhard.Theurich/ESMF-Nightly-Testing-Hera/gfortran_13.2.0_openmpi_g_feature_esmx-cmake/esmf/DEFAULTINSTALLDIR/include/ESMX/ESMX_App.F90:388
#38  0x40954c in main
	at /scratch3/NCEPDEV/stmp/Gerhard.Theurich/ESMF-Nightly-Testing-Hera/gfortran_13.2.0_openmpi_g_feature_esmx-cmake/esmf/DEFAULTINSTALLDIR/include/ESMX/ESMX_App.F90:14
#38  0x40954c in main
	at /scratch3/NCEPDEV/stmp/Gerhard.Theurich/ESMF-Nightly-Testing-Hera/gfortran_13.2.0_openmpi_g_feature_esmx-cmake/esmf/DEFAULTINSTALLDIR/include/ESMX/ESMX_App.F90:14
srun: error: h6c56: tasks 0-3: Floating point exception
srun: Terminating StepId=32300579.407
