2026-09-07 23:37:54

Program received signal SIGFPE: Floating-point exception - erroneous arithmetic operation.

Backtrace for this error:
#0  0x14ec5ab8662f in ???
#1  0x14ec5dfc50ad in _ZN5ESMCI3XXE15exec_psssDstRraIfddEEvPT_PiPT0_PT1_S4_ii
	at /scratch3/NCEPDEV/stmp/Gerhard.Theurich/ESMF-Nightly-Testing-Hera/gfortran_13.2.0_openmpi_g_feature_esmx-cmake/esmf/src/Infrastructure/DELayout/src/ESMCI_DELayout.C:6576
#2  0x14ec5df6903e in _ZN5ESMCI3XXE10psssDstRraIfddEEvPT_NS0_4TKIdEPiPT0_S4_PT1_S5_S4_iiiiiiiS5_S5_b
	at /scratch3/NCEPDEV/stmp/Gerhard.Theurich/ESMF-Nightly-Testing-Hera/gfortran_13.2.0_openmpi_g_feature_esmx-cmake/esmf/src/Infrastructure/DELayout/src/ESMCI_DELayout.C:6548
#3  0x14ec5df13350 in _ZN5ESMCI3XXE10psssDstRraIfdiEEvPT_NS0_4TKIdEPiPT0_S4_PT1_S5_S4_iiiiiiiS5_S5_b
	at /scratch3/NCEPDEV/stmp/Gerhard.Theurich/ESMF-Nightly-Testing-Hera/gfortran_13.2.0_openmpi_g_feature_esmx-cmake/esmf/src/Infrastructure/DELayout/src/ESMCI_DELayout.C:6512
#4  0x14ec5dee82fd in _ZN5ESMCI3XXE10psssDstRraIfiiEEvPT_NS0_4TKIdEPiPT0_S4_PT1_S5_S4_iiiiiiiS5_S5_b
	at /scratch3/NCEPDEV/stmp/Gerhard.Theurich/ESMF-Nightly-Testing-Hera/gfortran_13.2.0_openmpi_g_feature_esmx-cmake/esmf/src/Infrastructure/DELayout/src/ESMCI_DELayout.C:6472
#5  0x14ec5dedb634 in ???
#6  0x14ec5decf1f5 in _ZN5ESMCI3XXE4execEiPPcPiiPbS4_PdiiS3_PNS0_10SuperVectPE
	at /scratch3/NCEPDEV/stmp/Gerhard.Theurich/ESMF-Nightly-Testing-Hera/gfortran_13.2.0_openmpi_g_feature_esmx-cmake/esmf/src/Infrastructure/DELayout/src/ESMCI_DELayout.C:4851
#7  0x14ec5dece452 in _ZN5ESMCI3XXE4execEiPPcPiiPbS4_PdiiS3_PNS0_10SuperVectPE
	at /scratch3/NCEPDEV/stmp/Gerhard.Theurich/ESMF-Nightly-Testing-Hera/gfortran_13.2.0_openmpi_g_feature_esmx-cmake/esmf/src/Infrastructure/DELayout/src/ESMCI_DELayout.C:4419
#8  0x14ec5dd95cf8 in ???
#9  0x14ec5dd85f9d in _ZN5ESMCI5Array18tSparseMatMulStoreIiiEEiPS0_S2_PPNS_11RouteHandleERKSt6vectorINS_12SparseMatrixIT_T0_EESaISA_EEbbPiSF_
	at /scratch3/NCEPDEV/stmp/Gerhard.Theurich/ESMF-Nightly-Testing-Hera/gfortran_13.2.0_openmpi_g_feature_esmx-cmake/esmf/src/Infrastructure/Array/src/ESMCI_Array.C:9613
#10  0x14ec5dd808b4 in ???
#11  0x14ec5de4aa6a in c_esmc_arraysmmstoreind4_
	at /scratch3/NCEPDEV/stmp/Gerhard.Theurich/ESMF-Nightly-Testing-Hera/gfortran_13.2.0_openmpi_g_feature_esmx-cmake/esmf/src/Infrastructure/Array/interface/ESMCI_Array_F.C:1105
#12  0x14ec5e3bd48d in _Z19ESMCI_regrid_createPPN5ESMCI4MeshEPPNS_5ArrayEPPNS_9PointListES2_S5_S8_PiS9_S9_S9_S9_S9_S9_S9_PdS9_S9_S9_S9_S9_S9_PPNS_11RouteHandleES9_S9_S9_PPNS_11TempWeightsESD_S9_S9_S9_PPNS_7TempUDLES9_S5_S9_S9_
	at /scratch3/NCEPDEV/stmp/Gerhard.Theurich/ESMF-Nightly-Testing-Hera/gfortran_13.2.0_openmpi_g_feature_esmx-cmake/esmf/src/Infrastructure/Mesh/src/ESMCI_Mesh_Regrid_Glue.C:681
#13  0x14ec5e320ff1 in _ZN5ESMCI7MeshCap13regrid_createEPPS0_PPNS_5ArrayEPPNS_9PointListES2_S5_S8_PiS9_S9_S9_S9_S9_S9_S9_PdS9_S9_S9_S9_S9_S9_PPNS_11RouteHandleES9_S9_S9_PPNS_11TempWeightsESD_S9_S9_S9_PPNS_7TempUDLES9_S5_S9_S9_
	at /scratch3/NCEPDEV/stmp/Gerhard.Theurich/ESMF-Nightly-Testing-Hera/gfortran_13.2.0_openmpi_g_feature_esmx-cmake/esmf/src/Infrastructure/Mesh/src/ESMCI_MeshCap.C:1658
#14  0x14ec5e4137d3 in c_esmc_regrid_create_
	at /scratch3/NCEPDEV/stmp/Gerhard.Theurich/ESMF-Nightly-Testing-Hera/gfortran_13.2.0_openmpi_g_feature_esmx-cmake/esmf/src/Infrastructure/Regrid/interface/ESMCI_Regrid_F.C:93
#15  0x14ec5f12e520 in __esmf_regridmod_MOD_esmf_regridstore
	at /scratch3/NCEPDEV/stmp/Gerhard.Theurich/ESMF-Nightly-Testing-Hera/gfortran_13.2.0_openmpi_g_feature_esmx-cmake/esmf/src/Infrastructure/Regrid/src/ESMF_Regrid.F90:381
#16  0x14ec5ed2413c in __esmf_fieldregridmod_MOD_esmf_fieldregridstorenx
	at /scratch3/NCEPDEV/stmp/Gerhard.Theurich/ESMF-Nightly-Testing-Hera/gfortran_13.2.0_openmpi_g_feature_esmx-cmake/esmf/src/Infrastructure/Field/src/ESMF_FieldRegrid.F90:1346
#17  0x14ec5e94adf2 in __esmf_fieldbundlemod_MOD_esmf_fieldbundleregridstorepair
	at /scratch3/NCEPDEV/stmp/Gerhard.Theurich/ESMF-Nightly-Testing-Hera/gfortran_13.2.0_openmpi_g_feature_esmx-cmake/esmf/src/Infrastructure/FieldBundle/src/ESMF_FieldBundle.F90:16193
#18  0x14ec5f3e723e in fieldbundlecplstore
	at /scratch3/NCEPDEV/stmp/Gerhard.Theurich/ESMF-Nightly-Testing-Hera/gfortran_13.2.0_openmpi_g_feature_esmx-cmake/esmf/src/addon/NUOPC/src/NUOPC_Connector.F90:7857
#19  0x14ec5f410a3e in initializeipdv05p6b
	at /scratch3/NCEPDEV/stmp/Gerhard.Theurich/ESMF-Nightly-Testing-Hera/gfortran_13.2.0_openmpi_g_feature_esmx-cmake/esmf/src/addon/NUOPC/src/NUOPC_Connector.F90:5540
#20  0x14ec5e092241 in _ZN5ESMCI6FTable12callVFuncPtrEPKcPNS_2VMEPi
	at /scratch3/NCEPDEV/stmp/Gerhard.Theurich/ESMF-Nightly-Testing-Hera/gfortran_13.2.0_openmpi_g_feature_esmx-cmake/esmf/src/Superstructure/Component/src/ESMCI_FTable.C:2192
#21  0x14ec5e08f311 in ESMCI_FTableCallEntryPointVMHop
	at /scratch3/NCEPDEV/stmp/Gerhard.Theurich/ESMF-Nightly-Testing-Hera/gfortran_13.2.0_openmpi_g_feature_esmx-cmake/esmf/src/Superstructure/Component/src/ESMCI_FTable.C:849
#22  0x14ec5e4d9885 in _ZN5ESMCI3VMK5enterEPNS_7VMKPlanEPvS3_
	at /scratch3/NCEPDEV/stmp/Gerhard.Theurich/ESMF-Nightly-Testing-Hera/gfortran_13.2.0_openmpi_g_feature_esmx-cmake/esmf/src/Infrastructure/VM/src/ESMCI_VMKernel.C:2740
#23  0x14ec5e4bffde in _ZN5ESMCI2VM5enterEPNS_6VMPlanEPvS3_
	at /scratch3/NCEPDEV/stmp/Gerhard.Theurich/ESMF-Nightly-Testing-Hera/gfortran_13.2.0_openmpi_g_feature_esmx-cmake/esmf/src/Infrastructure/VM/src/ESMCI_VM.C:1365
#24  0x14ec5e08f7aa in c_esmc_ftablecallentrypointvm_
	at /scratch3/NCEPDEV/stmp/Gerhard.Theurich/ESMF-Nightly-Testing-Hera/gfortran_13.2.0_openmpi_g_feature_esmx-cmake/esmf/src/Superstructure/Component/src/ESMCI_FTable.C:1006
#25  0x14ec5e8b008a in __esmf_compmod_MOD_esmf_compexecute
	at /scratch3/NCEPDEV/stmp/Gerhard.Theurich/ESMF-Nightly-Testing-Hera/gfortran_13.2.0_openmpi_g_feature_esmx-cmake/esmf/src/Superstructure/Component/src/ESMF_Comp.F90:1274
#26  0x14ec5e8ee608 in __esmf_cplcompmod_MOD_esmf_cplcompinitialize
	at /scratch3/NCEPDEV/stmp/Gerhard.Theurich/ESMF-Nightly-Testing-Hera/gfortran_13.2.0_openmpi_g_feature_esmx-cmake/esmf/src/Superstructure/Component/src/ESMF_CplComp.F90:1327
#27  0x14ec5f4f9ba2 in loopconnectorcompss
	at /scratch3/NCEPDEV/stmp/Gerhard.Theurich/ESMF-Nightly-Testing-Hera/gfortran_13.2.0_openmpi_g_feature_esmx-cmake/esmf/src/addon/NUOPC/src/NUOPC_Driver.F90:2954
#28  0x14ec5f50d2b0 in initializeipdv02p3
	at /scratch3/NCEPDEV/stmp/Gerhard.Theurich/ESMF-Nightly-Testing-Hera/gfortran_13.2.0_openmpi_g_feature_esmx-cmake/esmf/src/addon/NUOPC/src/NUOPC_Driver.F90:2225
#29  0x14ec5f5341c5 in initializegeneric
	at /scratch3/NCEPDEV/stmp/Gerhard.Theurich/ESMF-Nightly-Testing-Hera/gfortran_13.2.0_openmpi_g_feature_esmx-cmake/esmf/src/addon/NUOPC/src/NUOPC_Driver.F90:432
#30  0x14ec5e092241 in _ZN5ESMCI6FTable12callVFuncPtrEPKcPNS_2VMEPi
	at /scratch3/NCEPDEV/stmp/Gerhard.Theurich/ESMF-Nightly-Testing-Hera/gfortran_13.2.0_openmpi_g_feature_esmx-cmake/esmf/src/Superstructure/Component/src/ESMCI_FTable.C:2192
#31  0x14ec5e08f311 in ESMCI_FTableCallEntryPointVMHop
	at /scratch3/NCEPDEV/stmp/Gerhard.Theurich/ESMF-Nightly-Testing-Hera/gfortran_13.2.0_openmpi_g_feature_esmx-cmake/esmf/src/Superstructure/Component/src/ESMCI_FTable.C:849
#32  0x14ec5e4d9885 in _ZN5ESMCI3VMK5enterEPNS_7VMKPlanEPvS3_
	at /scratch3/NCEPDEV/stmp/Gerhard.Theurich/ESMF-Nightly-Testing-Hera/gfortran_13.2.0_openmpi_g_feature_esmx-cmake/esmf/src/Infrastructure/VM/src/ESMCI_VMKernel.C:2740
#33  0x14ec5e4bffde in _ZN5ESMCI2VM5enterEPNS_6VMPlanEPvS3_
	at /scratch3/NCEPDEV/stmp/Gerhard.Theurich/ESMF-Nightly-Testing-Hera/gfortran_13.2.0_openmpi_g_feature_esmx-cmake/esmf/src/Infrastructure/VM/src/ESMCI_VM.C:1365
#34  0x14ec5e08f7aa in c_esmc_ftablecallentrypointvm_
	at /scratch3/NCEPDEV/stmp/Gerhard.Theurich/ESMF-Nightly-Testing-Hera/gfortran_13.2.0_openmpi_g_feature_esmx-cmake/esmf/src/Superstructure/Component/src/ESMCI_FTable.C:1006
#35  0x14ec5e8b008a in __esmf_compmod_MOD_esmf_compexecute
	at /scratch3/NCEPDEV/stmp/Gerhard.Theurich/ESMF-Nightly-Testing-Hera/gfortran_13.2.0_openmpi_g_feature_esmx-cmake/esmf/src/Superstructure/Component/src/ESMF_Comp.F90:1274
#36  0x14ec5eea1d72 in __esmf_gridcompmod_MOD_esmf_gridcompinitialize
	at /scratch3/NCEPDEV/stmp/Gerhard.Theurich/ESMF-Nightly-Testing-Hera/gfortran_13.2.0_openmpi_g_feature_esmx-cmake/esmf/src/Superstructure/Component/src/ESMF_GridComp.F90:1567
#37  0x408e73 in esmx_app
	at /scratch3/NCEPDEV/stmp/Gerhard.Theurich/ESMF-Nightly-Testing-Hera/gfortran_13.2.0_openmpi_g_feature_esmx-cmake/esmf/DEFAULTINSTALLDIR/include/ESMX/ESMX_App.F90:388
#38  0x40954c in main
	at /scratch3/NCEPDEV/stmp/Gerhard.Theurich/ESMF-Nightly-Testing-Hera/gfortran_13.2.0_openmpi_g_feature_esmx-cmake/esmf/DEFAULTINSTALLDIR/include/ESMX/ESMX_App.F90:14
srun: error: h6c56: task 2: Floating point exception
srun: Terminating StepId=32300579.409
[2026-09-08T00:39:50.142] error: *** STEP 32300579.409 ON h6c56 CANCELLED AT 2026-09-08T00:39:50 DUE TO TASK FAILURE ***
srun: error: h6c56: tasks 0-1,3: Terminated
srun: Force Terminated StepId=32300579.409
