2026-09-20 03:46:03
20260920 035956.759 INFO             PET0 !!!!!!!!!!!!!!!!!!!!!!!!!!!!!!!!!!!!!!!!!!!!!!!!!!!!!!
20260920 035956.759 INFO             PET0 !!! THE ESMF_LOG IS SET TO OUTPUT ALL LOG MESSAGES !!!
20260920 035956.759 INFO             PET0 !!!     THIS MAY CAUSE SLOWDOWN IN PERFORMANCE     !!!
20260920 035956.759 INFO             PET0 !!! FOR PRODUCTION RUNS, USE:                      !!!
20260920 035956.759 INFO             PET0 !!!                   ESMF_LOGKIND_Multi_On_Error  !!!
20260920 035956.759 INFO             PET0 !!!!!!!!!!!!!!!!!!!!!!!!!!!!!!!!!!!!!!!!!!!!!!!!!!!!!!
20260920 035956.759 INFO             PET0 Running with ESMF Version   : v9.0.0b19
20260920 035956.759 INFO             PET0 ESMF library build date/time: "Sep 20 2026" "03:45:12"
20260920 035956.759 INFO             PET0 ESMF library build location : /tmp/intel_2025.2.1_mpiuni_O_develop/esmf
20260920 035956.759 INFO             PET0 ESMF_COMM                   : mpiuni
20260920 035956.760 INFO             PET0 ESMF_MOAB                   : enabled
20260920 035956.760 INFO             PET0 ESMF_LAPACK                 : enabled
20260920 035956.760 INFO             PET0 ESMF_NETCDF                 : enabled
20260920 035956.760 INFO             PET0 ESMF_PNETCDF                : disabled
20260920 035956.760 INFO             PET0 ESMF_PIO                    : enabled
20260920 035956.760 INFO             PET0 ESMF_YAMLCPP                : enabled
20260920 035956.762 INFO             PET0  NUMBER_OF_PROCESSORS           1
20260920 035956.762 INFO             PET0  PASS  Example ESMF_GCompEx, ESMF_GCompEx.F90, line 465
20260920 035956.762 INFO             PET0  Finalizing ESMF
