2026-09-14 00:45:06
--- ESMCI::Array::print start ---
--- ESMCI::Array::print start ---
 Base name    = Array008
 Status: Base = Ready,  object = Ready
 Proxy        = no
 Root Info (Attributes):
{
 Base name    = Array008
 Status: Base = Ready,  object = Ready
  "ESMF": {
    "Instance": {
      "NamedAliasCount": 0
    }
 Proxy        = no
 Root Info (Attributes):
  }
}Array typekind/rank: Real*8 / 2 
~ lower class' values ~
DistGrid dimCount = 2
deCount = 4
localDeCount = 1
~ local data in LocalArray for DE 0 ~
LocalArrayPrint: Array at address 0x130711e20:
            rank = 2, typekind = 6, base_addr = 0x600003890960
            dim[0] = 3  dim[1] = 10  
  Real, *8, Dim 2, Data values:
( 1, 1) =  513.58
( 2, 1) =  613.58
( 3, 1) =  713.58
( 1, 2) =  514.814
( 2, 2) =  614.814
( 3, 2) =  714.814
( 1, 3) =  516.048
( 2, 3) =  616.048
( 3, 3) =  716.048
( 1, 4) =  517.283
  skipping to end ...
( 3, 7) =  720.986
( 1, 8) =  522.221
( 2, 8) =  622.221
( 3, 8) =  722.221
( 1, 9) =  523.456
( 2, 9) =  623.456
( 3, 9) =  723.456
( 1,10) =  524.69
( 2,10) =  624.69
( 3,10) =  724.69
--- ESMCI::Array::print end ---
{
  "ESMF": {
    "Instance": {
--- ESMCI::Array::print start ---
 Base name    = Array008
 Status: Base = Ready,  object = Ready
 Proxy        = no
 Root Info (Attributes):
{
  "ESMF": {
    "Instance": {
      "NamedAliasCount": 0
    }
  }
}Array typekind/rank: Real*8 / 2 
~ lower class' values ~
DistGrid dimCount = 2
deCount = 4
localDeCount = 1
~ local data in LocalArray for DE 2 ~
LocalArrayPrint: Array at address 0x14310f420:
      "NamedAliasCount": 0
            rank = 2, typekind = 6, base_addr = 0x600003ebc5a0
            dim[0] = 3  dim[1] = 10  
    }
  Real, *8, Dim 2, Data values:
( 1, 1) =  513.58
  }
( 2, 1) =  613.58
( 3, 1) =  713.58
( 1, 2) =  514.814
}( 2, 2) =  614.814
( 3, 2) =  714.814
( 1, 3) =  516.048
( 2, 3) =  616.048
( 3, 3) =  716.048
( 1, 4) =  517.283
  skipping to end ...
--- ESMCI::Array::print start ---
 Base name    = Array008
( 3, 7) =  720.986
( 1, 8) =  522.221
( 2, 8) =  622.221
( 3, 8) =  722.221
 Status: Base = Ready,  object = Ready
 Proxy        = no
( 1, 9) =  523.456
( 2, 9) =  623.456
 Root Info (Attributes):
( 3, 9) =  723.456
( 1,10) =  524.69
( 2,10) =  624.69
( 3,10) =  724.69
{
  "ESMF": {
    "Instance": {
      "NamedAliasCount": 0
--- ESMCI::Array::print end ---
 localPet =            2 myFarray2D2:    0.0000000000000000        0.0000000000000000        0.0000000000000000        0.0000000000000000        0.0000000000000000        0.0000000000000000        0.0000000000000000        0.0000000000000000        0.0000000000000000        0.0000000000000000        0.0000000000000000        0.0000000000000000        0.0000000000000000        0.0000000000000000        0.0000000000000000        0.0000000000000000        0.0000000000000000        0.0000000000000000        0.0000000000000000        0.0000000000000000        0.0000000000000000        0.0000000000000000        0.0000000000000000        0.0000000000000000        0.0000000000000000        0.0000000000000000        0.0000000000000000        0.0000000000000000        0.0000000000000000        0.0000000000000000     
Array typekind/rank: Real*8 / 2 
    }
  }
}--- ESMCI::Array::print start ---
 Base name    = Array008
~ lower class' values ~
Array typekind/rank: Real*8 / 2 
DistGrid dimCount = 2
~ lower class' values ~
DistGrid dimCount = 2
 Status: Base = Ready,  object = Ready
 Proxy        = no
deCount = 4
deCount = 4
localDeCount = 1
 Root Info (Attributes):
localDeCount = 1
~ local data in LocalArray for DE 3 ~
{
  "ESMF": {
LocalArrayPrint: Array at address 0x103507e30:
~ local data in LocalArray for DE 1 ~
            rank = 2, typekind = 6, base_addr = 0x600003ba83c0
    "Instance": {
            dim[0] = 3  dim[1] = 10  
      "NamedAliasCount": 0
  Real, *8, Dim 2, Data values:
    }
  }
LocalArrayPrint: Array at address 0x122e067a0:
( 1, 1) =  513.58
( 2, 1) =  613.58
            rank = 2, typekind = 6, base_addr = 0x600003b0c5a0
}Array typekind/rank: Real*8 / 2 
( 3, 1) =  713.58
( 1, 2) =  514.814
            dim[0] = 3  dim[1] = 10  
  Real, *8, Dim 2, Data values:
~ lower class' values ~
DistGrid dimCount = 2
deCount = 4
localDeCount = 1
( 2, 2) =  614.814
( 3, 2) =  714.814
( 1, 3) =  516.048
( 2, 3) =  616.048
( 3, 3) =  716.048
( 1, 1) =  1.2345
~ local data in LocalArray for DE 2 ~
LocalArrayPrint: Array at address 0x14310f420:
( 1, 4) =  517.283
( 2, 1) =  1.2345
            rank = 2, typekind = 6, base_addr = 0x600003ebc5a0
            dim[0] = 3  dim[1] = 10  
  skipping to end ...
( 3, 7) =  720.986
( 3, 1) =  1.2345
  Real, *8, Dim 2, Data values:
( 1, 1) =  513.58
( 1, 8) =  522.221
( 2, 8) =  622.221
( 2, 1) =  613.58
( 3, 1) =  713.58
( 3, 8) =  722.221
( 1, 9) =  523.456
( 2, 9) =  623.456
( 1, 2) =  1.2345
( 2, 2) =  1.2345
( 1, 2) =  514.814
( 2, 2) =  614.814
( 3, 2) =  714.814
( 3, 9) =  723.456
( 1,10) =  524.69
( 3, 2) =  1.2345
( 1, 3) =  516.048
( 2, 3) =  616.048
( 2,10) =  624.69
( 3,10) =  724.69
( 1, 3) =  1.2345
( 2, 3) =  1.2345
--- ESMCI::Array::print end ---
( 3, 3) =  716.048
( 1, 4) =  517.283
  skipping to end ...
( 3, 7) =  720.986
( 1, 8) =  522.221
( 2, 8) =  622.221
( 3, 3) =  1.2345
( 3, 8) =  722.221
( 1, 4) =  1.2345
( 1, 9) =  523.456
( 2, 9) =  623.456
( 3, 9) =  723.456
( 1,10) =  524.69
  skipping to end ...
( 2,10) =  624.69
( 3, 7) =  1.2345
( 3,10) =  724.69
--- ESMCI::Array::print end ---
( 1, 8) =  1.2345
( 2, 8) =  1.2345
( 3, 8) =  1.2345
( 1, 9) =  1.2345
( 2, 9) =  1.2345
( 3, 9) =  1.2345
( 1,10) =  1.2345
( 2,10) =  1.2345
( 3,10) =  1.2345
--- ESMCI::Array::print end ---
 localPet =            3 myFarray2D2:    0.0000000000000000        0.0000000000000000        0.0000000000000000        0.0000000000000000        0.0000000000000000        0.0000000000000000        0.0000000000000000        0.0000000000000000        0.0000000000000000        0.0000000000000000        0.0000000000000000        0.0000000000000000        0.0000000000000000        0.0000000000000000        0.0000000000000000        0.0000000000000000        0.0000000000000000        0.0000000000000000        0.0000000000000000        0.0000000000000000        0.0000000000000000        0.0000000000000000        0.0000000000000000        0.0000000000000000        0.0000000000000000        0.0000000000000000        0.0000000000000000        0.0000000000000000        0.0000000000000000        0.0000000000000000     
--- ESMCI::Array::print start ---
 Base name    = Array008
 Status: Base = Ready,  object = Ready
 Proxy        = no
 Root Info (Attributes):
 localPet =            0 myFarray2D2:    513.57950000000005        613.57950000000005        713.57950000000005        514.81399999999996        614.81399999999996        714.81399999999996        516.04849999999999        616.04849999999999        716.04849999999999        517.28300000000002        617.28300000000002        717.28300000000002        518.51750000000004        618.51750000000004        718.51750000000004        519.75199999999995        619.75199999999995        719.75199999999995        520.98649999999998        620.98649999999998        720.98649999999998        522.22100000000000        622.22100000000000        722.22100000000000        523.45550000000003        623.45550000000003        723.45550000000003        524.69000000000005        624.69000000000005        724.69000000000005     
--- ESMCI::Array::print start ---
 Base name    = Array008
 localPet =            1 myFarray2D2:    0.0000000000000000        0.0000000000000000        0.0000000000000000        0.0000000000000000        0.0000000000000000        0.0000000000000000        0.0000000000000000        0.0000000000000000        0.0000000000000000        0.0000000000000000        0.0000000000000000        0.0000000000000000        0.0000000000000000        0.0000000000000000        0.0000000000000000        0.0000000000000000        0.0000000000000000        0.0000000000000000        0.0000000000000000        0.0000000000000000        0.0000000000000000        0.0000000000000000        0.0000000000000000        0.0000000000000000        0.0000000000000000        0.0000000000000000        0.0000000000000000        0.0000000000000000        0.0000000000000000        0.0000000000000000     
{
--- ESMCI::Array::print start ---
  "ESMF": {
    "Instance": {
 Status: Base = Ready,  object = Ready
 Proxy        = no
 Root Info (Attributes):
 Base name    = Array008
      "NamedAliasCount": 0
    }
  }
{
  "ESMF": {
 Status: Base = Ready,  object = Ready
}Array typekind/rank: Real*8 / 2 
    "Instance": {
 Proxy        = no
~ lower class' values ~
DistGrid dimCount = 2
      "NamedAliasCount": 0
    }
 Root Info (Attributes):
deCount = 4
localDeCount = 1
~ local data in LocalArray for DE 3 ~
LocalArrayPrint: Array at address 0x103507e30:
  }
}Array typekind/rank: Real*8 / 2 
~ lower class' values ~
DistGrid dimCount = 2
            rank = 2, typekind = 6, base_addr = 0x600003ba83c0
deCount = 4
{
            dim[0] = 3  dim[1] = 10  
  Real, *8, Dim 2, Data values:
localDeCount = 1
~ local data in LocalArray for DE 0 ~
  "ESMF": {
( 1, 1) =  5.4321
LocalArrayPrint: Array at address 0x130711e20:
    "Instance": {
            rank = 2, typekind = 6, base_addr = 0x600003890960
            dim[0] = 3  dim[1] = 10  
( 2, 1) =  5.4321
( 3, 1) =  5.4321
      "NamedAliasCount": 0
  Real, *8, Dim 2, Data values:
( 1, 1) =  513.58
( 1, 2) =  5.4321
( 2, 2) =  5.4321
    }
( 3, 2) =  5.4321
( 1, 3) =  5.4321
( 2, 1) =  613.58
( 3, 1) =  713.58
  }
( 2, 3) =  5.4321
( 1, 2) =  514.814
( 2, 2) =  614.814
}( 3, 3) =  5.4321
( 1, 4) =  5.4321
( 3, 2) =  714.814
Array typekind/rank: Real*8 / 2 
~ lower class' values ~
( 1, 3) =  516.048
( 2, 3) =  616.048
( 3, 3) =  716.048
  skipping to end ...
( 3, 7) =  5.4321
( 1, 8) =  5.4321
( 2, 8) =  5.4321
( 1, 4) =  517.283
DistGrid dimCount = 2
  skipping to end ...
( 3, 8) =  5.4321
( 3, 7) =  720.986
( 1, 9) =  5.4321
( 1, 8) =  522.221
( 2, 9) =  5.4321
( 3, 9) =  5.4321
deCount = 4
( 2, 8) =  622.221
( 3, 8) =  722.221
( 1,10) =  5.4321
( 2,10) =  5.4321
localDeCount = 1
( 1, 9) =  523.456
( 2, 9) =  623.456
~ local data in LocalArray for DE 1 ~
( 3,10) =  5.4321
--- ESMCI::Array::print end ---
( 3, 9) =  723.456
( 1,10) =  524.69
LocalArrayPrint: Array at address 0x122e067a0:
( 2,10) =  624.69
( 3,10) =  724.69
--- ESMCI::Array::print end ---
            rank = 2, typekind = 6, base_addr = 0x600003b0c5a0
            dim[0] = 3  dim[1] = 10  
 localPet =            2 myFarray2D2:    0.0000000000000000        0.0000000000000000        0.0000000000000000        0.0000000000000000        0.0000000000000000        0.0000000000000000        0.0000000000000000        0.0000000000000000        0.0000000000000000        0.0000000000000000        0.0000000000000000        0.0000000000000000        0.0000000000000000        0.0000000000000000        0.0000000000000000        0.0000000000000000        0.0000000000000000        0.0000000000000000        0.0000000000000000        0.0000000000000000        0.0000000000000000        0.0000000000000000        0.0000000000000000        0.0000000000000000        0.0000000000000000        0.0000000000000000        0.0000000000000000        0.0000000000000000        0.0000000000000000        0.0000000000000000     
  Real, *8, Dim 2, Data values:
  PASS  Example ESMF_ArrayScatterGatherEx, ESMF_ArrayScatterGatherEx.F90, line 328
( 1, 1) =  1.2345
( 2, 1) =  1.2345
( 3, 1) =  1.2345
( 1, 2) =  1.2345
( 2, 2) =  1.2345
( 3, 2) =  1.2345
( 1, 3) =  1.2345
( 2, 3) =  1.2345
( 3, 3) =  1.2345
( 1, 4) =  1.2345
  skipping to end ...
( 3, 7) =  1.2345
( 1, 8) =  1.2345
( 2, 8) =  1.2345
( 3, 8) =  1.2345
( 1, 9) =  1.2345
( 2, 9) =  1.2345
( 3, 9) =  1.2345
( 1,10) =  1.2345
( 2,10) =  1.2345
( 3,10) =  1.2345
--- ESMCI::Array::print end ---
 localPet =            3 myFarray2D2:    0.0000000000000000        0.0000000000000000        0.0000000000000000        0.0000000000000000        0.0000000000000000        0.0000000000000000        0.0000000000000000        0.0000000000000000        0.0000000000000000        0.0000000000000000        0.0000000000000000        0.0000000000000000        0.0000000000000000        0.0000000000000000        0.0000000000000000        0.0000000000000000        0.0000000000000000        0.0000000000000000        0.0000000000000000        0.0000000000000000        0.0000000000000000        0.0000000000000000        0.0000000000000000        0.0000000000000000        0.0000000000000000        0.0000000000000000        0.0000000000000000        0.0000000000000000        0.0000000000000000        0.0000000000000000     
 localPet =            1 myFarray2D2:    0.0000000000000000        0.0000000000000000        0.0000000000000000        0.0000000000000000        0.0000000000000000        0.0000000000000000        0.0000000000000000        0.0000000000000000        0.0000000000000000        0.0000000000000000        0.0000000000000000        0.0000000000000000        0.0000000000000000        0.0000000000000000        0.0000000000000000        0.0000000000000000        0.0000000000000000        0.0000000000000000        0.0000000000000000        0.0000000000000000        0.0000000000000000        0.0000000000000000        0.0000000000000000        0.0000000000000000        0.0000000000000000        0.0000000000000000        0.0000000000000000        0.0000000000000000        0.0000000000000000        0.0000000000000000     
  PASS  Example ESMF_ArrayScatterGatherEx, ESMF_ArrayScatterGatherEx.F90, line 328
  PASS  Example ESMF_ArrayScatterGatherEx, ESMF_ArrayScatterGatherEx.F90, line 328
 localPet =            0 myFarray2D2:    5.4320998191833496        5.4320998191833496        5.4320998191833496        5.4320998191833496        5.4320998191833496        5.4320998191833496        5.4320998191833496        5.4320998191833496        5.4320998191833496        5.4320998191833496        5.4320998191833496        5.4320998191833496        5.4320998191833496        5.4320998191833496        5.4320998191833496        5.4320998191833496        5.4320998191833496        5.4320998191833496        5.4320998191833496        5.4320998191833496        5.4320998191833496        5.4320998191833496        5.4320998191833496        5.4320998191833496        5.4320998191833496        5.4320998191833496        5.4320998191833496        5.4320998191833496        5.4320998191833496        5.4320998191833496     
  PASS  Example ESMF_ArrayScatterGatherEx, ESMF_ArrayScatterGatherEx.F90, line 328
 PASS: ESMF_ArrayScatterGatherEx.F90
 PASS: ESMF_ArrayScatterGatherEx.F90
 PASS: ESMF_ArrayScatterGatherEx.F90
 PASS: ESMF_ArrayScatterGatherEx.F90
