2026-09-21 01:13:56
--- ESMCI::Array::print start ---
 Base name    = Array002
 Status: Base = Ready,  object = Ready
 Proxy        = no
--- ESMCI::Array::print start ---
 Base name    = Array002
 Status: Base = Ready,  object = Ready
 Proxy        = no
 Root Info (Attributes):
--- ESMCI::Array::print start ---
 Base name    = Array002
 Status: Base = Ready,  object = Ready
 Proxy        = no
 Root Info (Attributes):
 Root Info (Attributes):
{
{
  "ESMF": {
{
  "ESMF": {
    "Instance": {
--- ESMCI::Array::print start ---
  "ESMF": {
    "Instance": {
      "NamedAliasCount": 0
    }
  }
}Array typekind/rank: Real*8 / 2 
~ lower class' values ~
DistGrid dimCount = 2
deCount = 4
localDeCount = 1
~ local data in LocalArray for DE 0 ~
LocalArrayPrint: Array at address 0x147a05180:
            rank = 2, typekind = 6, base_addr = 0x600002f7e4e0
            dim[0] = 2  dim[1] = 2  
  Real, *8, Dim 2, Data values:
( 1, 1) =  100
( 2, 1) =  100
( 1, 2) =  100
( 2, 2) =  100
--- ESMCI::Array::print end ---
--- ESMCI::Array::print start ---
 Base name    = Array003
 Status: Base = Ready,  object = Ready
 Proxy        = no
 Root Info (Attributes):
{
  "ESMF": {
    "Instance": {
      "NamedAliasCount": 0
    }
  }
}Array typekind/rank: Real*8 / 2 
~ lower class' values ~
DistGrid dimCount = 2
deCount = 4
localDeCount = 1
~ local data in LocalArray for DE 0 ~
LocalArrayPrint: Array at address 0x147a054b0:
            rank = 2, typekind = 6, base_addr = 0x600002f7e660
            dim[0] = 2  dim[1] = 2  
  Real, *8, Dim 2, Data values:
(     "Instance": {
      "NamedAliasCount": 0
    }
  }
}Array typekind/rank: Real*8 / 2 
~ lower class' values ~
DistGrid dimCount = 2
deCount = 4
localDeCount = 1
~ local data in LocalArray for DE 3 ~
LocalArrayPrint: Array at address 0x131a060a0:
            rank = 2, typekind = 6, base_addr = 0x6000039d4820
            dim[0] = 2  dim[1] = 2  
  Real, *8, Dim 2, Data values:
( 1, 1) =  103
( 2, 1) =  103
( 1, 2) =  103
( 2, 2) =  103
--- ESMCI::Array::print end ---
--- ESMCI::Array::print start ---
 Base name    = Array003
 Status: Base = Ready,  object = Ready
 Proxy        = no
 Root Info (Attributes):
{
  "ESMF": {
    "Instance": {
      "NamedAliasCount": 0
    }
  }
}Array typekind/rank: Real*8 / 2 
~ lower class' values ~
DistGrid dimCount = 2
deCount = 4
localDeCount = 1
~ local data in LocalArray for DE 3 ~
LocalArrayPrint: Array at address 0x131a063d0:
            rank = 2, typekind = 6, base_addr = 0x6000039d49a0
            dim[0] = 2  dim[1] = 2  
  Real, *8, Dim 2, Data values:
( 1, 1) =  203      "NamedAliasCount": 0
    }
  }
}Array typekind/rank: Real*8 / 2 
~ lower class' values ~
DistGrid dimCount = 2
deCount = 4
localDeCount = 1
~ local data in LocalArray for DE 2 ~
LocalArrayPrint: Array at address 0x11c606f00:
            rank = 2, typekind = 6, base_addr = 0x60000117d680
            dim[0] = 2  dim[1] = 2  
  Real, *8, Dim 2, Data values:
( 1, 1) =  102
( 2, 1) =  102
( 1, 2) =  102
( 2, 2) =  102
--- ESMCI::Array::print end ---
--- ESMCI::Array::print start ---
 Base name    = Array003
 Status: Base = Ready,  object = Ready
 Proxy        = no
 Root Info (Attributes):
{
  "ESMF": {
    "Instance": {
      "NamedAliasCount": 0
    }
  }
}Array typekind/rank: Real*8 / 2 
~ lower class' values ~
DistGrid dimCount = 2
deCount = 4
localDeCount = 1
~ local data in LocalArray for DE 2 ~
LocalArrayPrint: Array at address 0x11c607230:
            rank = 2, typekind = 6, base_addr = 0x60000115dd20
            dim[0] = 2  dim[1] = 2  
  Real, *8, Dim 2, Data values:
( 1, 1) =  202
( 2, 1) =  202
( 1, 1) =  200
 Base name    = Array002
 Status: Base = Ready,  object = Ready
 Proxy        = no
 Root Info (Attributes):
{
  "ESMF": {
    "Instance": {
      "NamedAliasCount": 0
    }
  }
}Array typekind/rank: Real*8 / 2 
~ lower class' values ~
DistGrid dimCount = 2
deCount = 4
localDeCount = 1
~ local data in LocalArray for DE 1 ~
LocalArrayPrint: Array at address 0x14d807950:
            rank = 2, typekind = 6, base_addr = 0x6000036ba240
            dim[0] = 2  dim[1] = 2  
  Real, *8, Dim 2, Data values:
( 1, 1) =  101
( 2, 1) =  101
( 1, 2) =  101
( 2, 2) =  101
--- ESMCI::Array::print end ---
--- ESMCI::Array::print start ---
 Base name    = Array003
 Status: Base = Ready,  object = Ready
 Proxy        = no
 Root Info (Attributes):
{
  "ESMF": {

( 2, 1) =  203
( 1, 2) =  203
( 2, 2) =  203
--- ESMCI::Array::print end ---
--- ESMCI::Array::print start ---
 Base name    = Array004
 Status: Base = Ready,  object = Ready
 Proxy        = no
 Root Info (Attributes):
{
  "ESMF": {
    "Instance": {
      "NamedAliasCount": 0
    }
  }
}Array typekind/rank: Real*8 / 2 
~ lower class' values ~
DistGrid dimCount = 2
deCount = 4
localDeCount = 1
~ local data in LocalArray for DE 3 ~
LocalArrayPrint: Array at address 0x131a06700:
            rank = 2, typekind = 6, base_addr = 0x6000017d0080
            dim[0] = 4  dim[1] = 4  
  Real, *8, Dim 2, Data values:
( 0, 0) =  300
( 2, 1) =  200
( 1, 2) =  200
( 2, 2) =  200
--- ESMCI::Array::print end ---
--- ESMCI::Array::print start ---
1, 2) =  202
    "Instance": {
      "NamedAliasCount": 0
( 1, 0) =  301
( 2, 0) =  301
( 3, 0) =  303
    }
  }
( 0, 1) =  302
}( 2, 2) =  202
( 1, 1) =  303
 Base name    = Array004
Array typekind/rank: Real*8 / 2 
( 2, 1) =  303
~ lower class' values ~
( 3, 1) =  303
( 0, 2) =  302
--- ESMCI::Array::print end ---
DistGrid dimCount = 2
deCount = 4
( 1, 2) =  303
 Status: Base = Ready,  object = Ready
localDeCount = 1
~ local data in LocalArray for DE 1 ~
( 2, 2) =  303
( 3, 2) =  303
( 0, 3) =  303
( 1, 3) =  303
LocalArrayPrint: Array at address 0x14d807ca0:
            rank = 2, typekind = 6, base_addr = 0x6000036ba3c0
            dim[0] = 2  dim[1] = 2  
  Real, *8, Dim 2, Data values:
( 2, 3) =  303
 Proxy        = no
--- ESMCI::Array::print start ---
 Base name    = Array004
( 3, 3) =  303
--- ESMCI::Array::print end ---
( 1, 1) =  201
( 2, 1) =  201
--- ESMCI::Array::print start ---
( 1, 2) =  201
 Root Info (Attributes):
 Base name    = Array005
( 2, 2) =  201
--- ESMCI::Array::print end ---
--- ESMCI::Array::print start ---
 Status: Base = Ready,  object = Ready
 Proxy        = no
 Status: Base = Ready,  object = Ready
 Base name    = Array004
 Root Info (Attributes):
 Status: Base = Ready,  object = Ready
{
 Proxy        = no
  "ESMF": {
 Root Info (Attributes):
{
  "ESMF": {
 Proxy        = no
    "Instance": {
      "NamedAliasCount": 0
    }
  }
}Array typekind/rank: Real*8 / 2 
    "Instance": {
      "NamedAliasCount": 0
    }
 Root Info (Attributes):
~ lower class' values ~
DistGrid dimCount = 2
{
  "ESMF": {
    "Instance": {
      "NamedAliasCount": 0
    }
  }
  }
}deCount = 4
localDeCount = 1
}Array typekind/rank: Real*8 / 2 
Array typekind/rank: Real*8 / 2 
~ lower class' values ~
{
~ local data in LocalArray for DE 3 ~
LocalArrayPrint: Array at address 0x131a06a30:
~ lower class' values ~
DistGrid dimCount = 2
DistGrid dimCount = 2
deCount = 4
  "ESMF": {
            rank = 2, typekind = 6, base_addr = 0x6000017d0180
            dim[0] = 4  dim[1] = 4  
deCount = 4
localDeCount = 1
localDeCount = 1
~ local data in LocalArray for DE 1 ~
LocalArrayPrint: Array at address 0x14d807fd0:
    "Instance": {
  Real, *8, Dim 2, Data values:
( 0, 0) =  400
~ local data in LocalArray for DE 0 ~
LocalArrayPrint: Array at address 0x147a057e0:
      "NamedAliasCount": 0
( 1, 0) =  401
( 2, 0) =  401
            rank = 2, typekind = 6, base_addr = 0x6000018b1f80
            dim[0] = 4  dim[1] = 4  
            rank = 2, typekind = 6, base_addr = 0x600000142300
            dim[0] = 4  dim[1] = 4  
    }
  Real, *8, Dim 2, Data values:
  Real, *8, Dim 2, Data values:
( 0, 0) =  300
( 3, 0) =  403
( 0, 1) =  402
( 0, 0) =  301
( 1, 0) =  301
  }
( 1, 0) =  300
( 2, 0) =  300
( 1, 1) =  403
( 2, 1) =  403
( 2, 0) =  301
}( 3, 0) =  301
( 0, 1) =  300
( 3, 1) =  403
( 0, 2) =  402
( 3, 0) =  300
( 0, 1) =  300
( 1, 1) =  300
( 1, 1) =  301
( 2, 1) =  301
( 1, 2) =  403
( 2, 2) =  403
Array typekind/rank: Real*8 / 2 
( 2, 1) =  300
( 3, 1) =  301
~ lower class' values ~
( 3, 1) =  301
( 0, 2) =  300
( 3, 2) =  403
( 0, 3) =  403
( 0, 2) =  300
( 1, 2) =  300
DistGrid dimCount = 2
( 1, 2) =  301
( 2, 2) =  301
( 1, 3) =  403
( 2, 3) =  403
( 2, 2) =  300
deCount = 4
( 3, 2) =  301
( 3, 3) =  403
( 3, 2) =  301
( 0, 3) =  302
( 1, 3) =  303
localDeCount = 1
( 0, 3) =  300
( 1, 3) =  302
--- ESMCI::Array::print end ---
--- ESMCI::Array::print start ---
( 2, 3) =  303
~ local data in LocalArray for DE 2 ~
( 3, 3) =  301
 Base name    = Array006
 Status: Base = Ready,  object = Ready
( 2, 3) =  302
( 3, 3) =  303
--- ESMCI::Array::print end ---
LocalArrayPrint: Array at address 0x11c607560:
--- ESMCI::Array::print start ---
--- ESMCI::Array::print end ---
--- ESMCI::Array::print start ---
 Proxy        = no
 Root Info (Attributes):
 Base name    = Array005
            rank = 2, typekind = 6, base_addr = 0x600003f7a080
 Status: Base = Ready,  object = Ready
            dim[0] = 4  dim[1] = 4  
 Base name    = Array005
 Status: Base = Ready,  object = Ready
{
  "ESMF": {
 Proxy        = no
 Root Info (Attributes):
  Real, *8, Dim 2, Data values:
 Proxy        = no
 Root Info (Attributes):
    "Instance": {
      "NamedAliasCount": 0
{
  "ESMF": {
( 0, 0) =  302
    }
{
    "Instance": {
  }
  "ESMF": {
    "Instance": {
      "NamedAliasCount": 0
    }
}Array typekind/rank: Real*8 / 2 
      "NamedAliasCount": 0
( 1, 0) =  300
( 2, 0) =  300
  }
~ lower class' values ~
    }
  }
}Array typekind/rank: Real*8 / 2 
DistGrid dimCount = 2
deCount = 4
}Array typekind/rank: Real*8 / 2 
( 3, 0) =  301
~ lower class' values ~
localDeCount = 1
DistGrid dimCount = 2
deCount = 4
( 0, 1) =  302
~ lower class' values ~
DistGrid dimCount = 2
~ local data in LocalArray for DE 3 ~
LocalArrayPrint: Array at address 0x131a06d60:
localDeCount = 1
( 1, 1) =  302
deCount = 4
            rank = 2, typekind = 6, base_addr = 0x600001dc42a0
~ local data in LocalArray for DE 1 ~
localDeCount = 1
            dim[0] = 4  dim[1] = 3  
~ local data in LocalArray for DE 0 ~
  Real, *8, Dim 2, Data values:
( 2, 1) =  302
LocalArrayPrint: Array at address 0x14d808300:
            rank = 2, typekind = 6, base_addr = 0x6000018b2500
LocalArrayPrint: Array at address 0x147a05b10:
( 0, 0) =  500
( 1, 0) =  501
( 3, 1) =  303
            rank = 2, typekind = 6, base_addr = 0x600000142000
            dim[0] = 4  dim[1] = 4  
( 0, 2) =  302
            dim[0] = 4  dim[1] = 4  
  Real, *8, Dim 2, Data values:
  Real, *8, Dim 2, Data values:
( 0, 0) =  401
( 2, 0) =  501
( 3, 0) =  503
( 0, 0) =  400
( 1, 0) =  401
( 0, 1) =  502
( 1, 2) =  302
( 2, 2) =  302
( 1, 0) =  400
( 2, 0) =  401
( 3, 0) =  401
( 1, 1) =  503
( 2, 1) =  503
( 2, 0) =  400
( 3, 0) =  400
( 3, 1) =  503
( 0, 1) =  400
( 1, 1) =  401
( 3, 2) =  303
( 0, 2) =  502
( 0, 1) =  400
( 1, 1) =  400
( 1, 2) =  503
( 2, 1) =  401
( 2, 2) =  503
( 3, 1) =  401
( 0, 3) =  302
( 2, 1) =  400
( 3, 1) =  401
( 3, 2) =  503
--- ESMCI::Array::print end ---
( 0, 2) =  400
( 1, 2) =  401
( 1, 3) =  302
( 2, 2) =  401
( 0, 2) =  400
( 1, 2) =  400
( 2, 2) =  400
( 3, 2) =  401
( 0, 3) =  402
( 2, 3) =  302
( 3, 2) =  401
  PASS  Example ESMF_ArrayBundleHaloEx, ESMF_ArrayBundleHaloEx.F90, line 172
( 3, 3) =  302
( 1, 3) =  403
( 2, 3) =  403
( 0, 3) =  400
( 1, 3) =  402
--- ESMCI::Array::print end ---
( 3, 3) =  401
--- ESMCI::Array::print end ---
( 2, 3) =  402
( 3, 3) =  403
--- ESMCI::Array::print start ---
--- ESMCI::Array::print end ---
--- ESMCI::Array::print start ---
 Base name    = Array006
--- ESMCI::Array::print start ---
 Base name    = Array006
 Status: Base = Ready,  object = Ready
 Status: Base = Ready,  object = Ready
 Proxy        = no
 Proxy        = no
 Root Info (Attributes):
 Base name    = Array005
 Status: Base = Ready,  object = Ready
 Proxy        = no
 Root Info (Attributes):
{
  "ESMF": {
 Root Info (Attributes):
{
  "ESMF": {
    "Instance": {
      "NamedAliasCount": 0
{
  "ESMF": {
    "Instance": {
      "NamedAliasCount": 0
    }
  }
    "Instance": {
      "NamedAliasCount": 0
    }
  }
}Array typekind/rank: Real*8 / 2 
    }
  }
}Array typekind/rank: Real*8 / 2 
~ lower class' values ~
DistGrid dimCount = 2
}Array typekind/rank: Real*8 / 2 
~ lower class' values ~
DistGrid dimCount = 2
deCount = 4
~ lower class' values ~
DistGrid dimCount = 2
deCount = 4
localDeCount = 1
localDeCount = 1
~ local data in LocalArray for DE 1 ~
deCount = 4
localDeCount = 1
~ local data in LocalArray for DE 0 ~
LocalArrayPrint: Array at address 0x14d808630:
            rank = 2, typekind = 6, base_addr = 0x6000012a04e0
LocalArrayPrint: Array at address 0x147a05e40:
~ local data in LocalArray for DE 2 ~
LocalArrayPrint: Array at address 0x11c607890:
            rank = 2, typekind = 6, base_addr = 0x600000b50060
            dim[0] = 4  dim[1] = 3  
            rank = 2, typekind = 6, base_addr = 0x600003f7a180
            dim[0] = 4  dim[1] = 4  
            dim[0] = 4  dim[1] = 3  
  Real, *8, Dim 2, Data values:
( 0, 0) =  501
( 1, 0) =  501
  Real, *8, Dim 2, Data values:
( 0, 0) =  500
  Real, *8, Dim 2, Data values:
( 2, 0) =  501
( 3, 0) =  501
( 0, 0) =  402
( 1, 0) =  500
( 2, 0) =  500
( 1, 0) =  400
( 2, 0) =  400
( 3, 0) =  500
( 0, 1) =  500
( 0, 1) =  500
( 1, 1) =  501
( 2, 1) =  501
( 3, 0) =  401
( 0, 1) =  402
( 1, 1) =  402
( 1, 1) =  500
( 2, 1) =  500
( 3, 1) =  501
( 0, 2) =  500
( 2, 1) =  402
( 3, 1) =  501
( 0, 2) =  500
( 1, 2) =  501
( 2, 2) =  501
( 3, 1) =  403
( 0, 2) =  402
( 1, 2) =  500
( 3, 2) =  501
--- ESMCI::Array::print end ---
( 2, 2) =  500
( 3, 2) =  501
( 1, 2) =  402
( 2, 2) =  402
--- ESMCI::Array::print end ---
( 3, 2) =  403
( 0, 3) =  402
( 1, 3) =  402
( 2, 3) =  402
  PASS  Example ESMF_ArrayBundleHaloEx, ESMF_ArrayBundleHaloEx.F90, line 172
( 3, 3) =  402
--- ESMCI::Array::print end ---
  PASS  Example ESMF_ArrayBundleHaloEx, ESMF_ArrayBundleHaloEx.F90, line 172
--- ESMCI::Array::print start ---
 Base name    = Array006
 Status: Base = Ready,  object = Ready
 Proxy        = no
 Root Info (Attributes):
{
  "ESMF": {
    "Instance": {
      "NamedAliasCount": 0
    }
  }
}Array typekind/rank: Real*8 / 2 
~ lower class' values ~
DistGrid dimCount = 2
deCount = 4
localDeCount = 1
~ local data in LocalArray for DE 2 ~
LocalArrayPrint: Array at address 0x11c607bc0:
            rank = 2, typekind = 6, base_addr = 0x6000035785a0
            dim[0] = 4  dim[1] = 3  
  Real, *8, Dim 2, Data values:
( 0, 0) =  502
( 1, 0) =  500
( 2, 0) =  500
( 3, 0) =  501
( 0, 1) =  502
( 1, 1) =  502
( 2, 1) =  502
( 3, 1) =  503
( 0, 2) =  502
( 1, 2) =  502
( 2, 2) =  502
( 3, 2) =  503
--- ESMCI::Array::print end ---
  PASS  Example ESMF_ArrayBundleHaloEx, ESMF_ArrayBundleHaloEx.F90, line 172
 PASS: ESMF_ArrayBundleHaloEx.F90
 PASS: ESMF_ArrayBundleHaloEx.F90
 PASS: ESMF_ArrayBundleHaloEx.F90
 PASS: ESMF_ArrayBundleHaloEx.F90
