2026-09-22 04:42:23
20260922 051740.243 INFO             PET0 !!!!!!!!!!!!!!!!!!!!!!!!!!!!!!!!!!!!!!!!!!!!!!!!!!!!!!
20260922 051740.243 INFO             PET0 !!! THE ESMF_LOG IS SET TO OUTPUT ALL LOG MESSAGES !!!
20260922 051740.243 INFO             PET0 !!!     THIS MAY CAUSE SLOWDOWN IN PERFORMANCE     !!!
20260922 051740.243 INFO             PET0 !!! FOR PRODUCTION RUNS, USE:                      !!!
20260922 051740.243 INFO             PET0 !!!                   ESMF_LOGKIND_Multi_On_Error  !!!
20260922 051740.243 INFO             PET0 !!!!!!!!!!!!!!!!!!!!!!!!!!!!!!!!!!!!!!!!!!!!!!!!!!!!!!
20260922 051740.243 INFO             PET0 Running with ESMF Version   : v9.0.0b19
20260922 051740.243 INFO             PET0 ESMF library build date/time: "Sep 22 2026" "04:41:09"
20260922 051740.243 INFO             PET0 ESMF library build location : /tmp/intel_2023.2.0_mpi_g_develop/esmf
20260922 051740.243 INFO             PET0 ESMF_COMM                   : mpi
20260922 051740.244 INFO             PET0 ESMF_MOAB                   : enabled
20260922 051740.244 INFO             PET0 ESMF_LAPACK                 : enabled
20260922 051740.244 INFO             PET0 ESMF_NETCDF                 : enabled
20260922 051740.244 INFO             PET0 ESMF_PNETCDF                : disabled
20260922 051740.244 INFO             PET0 ESMF_PIO                    : enabled
20260922 051740.244 INFO             PET0 ESMF_YAMLCPP                : enabled
20260922 051740.248 INFO             PET0 =============================================
20260922 051740.248 INFO             PET0 ESMX (Earth System Model eXecutable) STARTING
20260922 051740.248 INFO             PET0 =============================================
20260922 051740.258 DEBUG            PET0 Generic SetVM() is executing for: ESMX_Driver
20260922 051740.259 DEBUG            PET0 Generic SetVM() found no NUOPC Hint for: ESMX_Driver
20260922 051740.259 DEBUG            PET0 Generic SetVM() therefore is NOT calling ESMF_GridCompSetVMMaxPEs() for: ESMX_Driver
20260922 051740.265 INFO             PET0 ESMX_Driver: InitializeGeneric intro.
20260922 051740.265 INFO             PET0   >>>ESMX_Driver: entered Initialize (phase=<none>) without valid internal Clock.
20260922 051740.265 INFO             PET0   ESMX_Driver: InitializeP0 intro.
20260922 051740.266 INFO             PET0     >>>ESMX_Driver: entered Initialize (phase=<none>) without valid internal Clock.
20260922 051740.266 INFO             PET0     <<<ESMX_Driver: leaving Initialize (phase=<none>) without valid internal Clock.
20260922 051740.266 INFO             PET0   ESMX_Driver: InitializeP0 extro.
20260922 051740.266 INFO             PET0   ESMX_Driver: InitializeIPDv02p1 intro.
20260922 051740.266 INFO             PET0     >>>ESMX_Driver: entered Initialize (phase=<none>) without valid internal Clock.
20260922 051740.269 INFO             PET0     ESMX_Driver: IInitAdvertise intro.
20260922 051740.269 INFO             PET0       >>>ESMX_Driver: entered Initialize (phase=<none>) with current time: 2012 10 24  8  0  0   0
20260922 051740.270 INFO             PET0       <<<ESMX_Driver: leaving Initialize (phase=<none>) with current time: 2012 10 24  8  0  0   0
20260922 051740.270 INFO             PET0     ESMX_Driver: IInitAdvertise extro.
20260922 051740.270 INFO             PET0     ESMX_Driver: IInitAdvertiseFinish intro.
20260922 051740.270 INFO             PET0       >>>ESMX_Driver: entered Initialize (phase=<none>) with current time: 2012 10 24  8  0  0   0
20260922 051740.270 INFO             PET0       <<<ESMX_Driver: leaving Initialize (phase=<none>) with current time: 2012 10 24  8  0  0   0
20260922 051740.270 INFO             PET0     ESMX_Driver: IInitAdvertiseFinish extro.
20260922 051740.270 INFO             PET0     ESMX_Driver: IInitModifyCplLists intro.
20260922 051740.270 INFO             PET0       >>>ESMX_Driver: entered Initialize (phase=<none>) with current time: 2012 10 24  8  0  0   0
20260922 051740.270 INFO             PET0       <<<ESMX_Driver: leaving Initialize (phase=<none>) with current time: 2012 10 24  8  0  0   0
20260922 051740.270 INFO             PET0     ESMX_Driver: IInitModifyCplLists extro.
20260922 051740.271 INFO             PET0     <<<ESMX_Driver: leaving Initialize (phase=<none>) with current time: 2012 10 24  8  0  0   0
20260922 051740.271 INFO             PET0   ESMX_Driver: InitializeIPDv02p1 extro.
20260922 051740.271 INFO             PET0   ESMX_Driver: InitializeIPDv02p3 intro.
20260922 051740.271 INFO             PET0     >>>ESMX_Driver: entered Initialize (phase=<none>) with current time: 2012 10 24  8  0  0   0
20260922 051740.271 INFO             PET0     ESMX_Driver: IInitCheck intro.
20260922 051740.271 INFO             PET0       >>>ESMX_Driver: entered Initialize (phase=<none>) with current time: 2012 10 24  8  0  0   0
20260922 051740.271 INFO             PET0       <<<ESMX_Driver: leaving Initialize (phase=<none>) with current time: 2012 10 24  8  0  0   0
20260922 051740.271 INFO             PET0     ESMX_Driver: IInitCheck extro.
20260922 051740.271 INFO             PET0     ESMX_Driver: IInitRealize intro.
20260922 051740.272 INFO             PET0       >>>ESMX_Driver: entered Initialize (phase=<none>) with current time: 2012 10 24  8  0  0   0
20260922 051740.272 INFO             PET0       <<<ESMX_Driver: leaving Initialize (phase=<none>) with current time: 2012 10 24  8  0  0   0
20260922 051740.272 INFO             PET0     ESMX_Driver: IInitRealize extro.
20260922 051740.272 INFO             PET0     <<<ESMX_Driver: leaving Initialize (phase=<none>) with current time: 2012 10 24  8  0  0   0
20260922 051740.272 INFO             PET0   ESMX_Driver: InitializeIPDv02p3 extro.
20260922 051740.272 INFO             PET0   ESMX_Driver: InitializeIPDv02p5 intro.
20260922 051740.272 INFO             PET0     >>>ESMX_Driver: entered Initialize (phase=<none>) with current time: 2012 10 24  8  0  0   0
20260922 051740.272 INFO             PET0     ESMX_Driver: InitializeIPDv02p5Data intro.
20260922 051740.272 INFO             PET0       >>>ESMX_Driver: entered Initialize (phase=<none>) with current time: 2012 10 24  8  0  0   0
20260922 051740.272 INFO             PET0       ESMX_Driver: InternalInitializeComplete intro.
20260922 051740.272 INFO             PET0         >>>ESMX_Driver: entered Initialize (phase=<none>) with current time: 2012 10 24  8  0  0   0
20260922 051740.273 INFO             PET0         <<<ESMX_Driver: leaving Initialize (phase=<none>) with current time: 2012 10 24  8  0  0   0
20260922 051740.273 INFO             PET0       ESMX_Driver: InternalInitializeComplete extro.
20260922 051740.279 INFO             PET0       ESMX_Driver: loopDataDependentInitialize intro.
20260922 051740.279 INFO             PET0         >>>ESMX_Driver: entered Initialize (phase=<none>) with current time: 2012 10 24  8  0  0   0
20260922 051740.279 INFO             PET0         <<<ESMX_Driver: leaving Initialize (phase=<none>) with current time: 2012 10 24  8  0  0   0
20260922 051740.279 INFO             PET0       ESMX_Driver: loopDataDependentInitialize extro.
20260922 051740.279 INFO             PET0       <<<ESMX_Driver: leaving Initialize (phase=<none>) with current time: 2012 10 24  8  0  0   0
20260922 051740.279 INFO             PET0     ESMX_Driver: InitializeIPDv02p5Data extro.
20260922 051740.279 INFO             PET0     <<<ESMX_Driver: leaving Initialize (phase=<none>) with current time: 2012 10 24  8  0  0   0
20260922 051740.279 INFO             PET0   ESMX_Driver: InitializeIPDv02p5 extro.
20260922 051740.279 INFO             PET0   <<<ESMX_Driver: leaving Initialize (phase=<none>) with current time: 2012 10 24  8  0  0   0
20260922 051740.279 INFO             PET0 ESMX_Driver: InitializeGeneric extro.
20260922 051740.280 INFO             PET0 ESMX_Driver: Run intro.
20260922 051740.280 INFO             PET0   >>>ESMX_Driver: entered Run (phase=RunPhase1) with current time: 2012 10 24  8  0  0   0
20260922 051740.280 INFO             PET0   <<<ESMX_Driver: leaving Run (phase=RunPhase1) with current time: 2012 10 24  8  0  0   0
20260922 051740.280 INFO             PET0 ESMX_Driver: Run extro.
20260922 051740.280 INFO             PET0 ESMX_Driver: Finalize intro.
20260922 051740.280 INFO             PET0   >>>ESMX_Driver: entered Finalize (phase=FinalizePhase1) with current time: 2012 10 24  8  0  0   0
20260922 051740.280 INFO             PET0   <<<ESMX_Driver: leaving Finalize (phase=FinalizePhase1) with current time: 2012 10 24  8  0  0   0
20260922 051740.280 INFO             PET0 ESMX_Driver: Finalize extro.
20260922 051740.280 INFO             PET0 =============================================
20260922 051740.280 INFO             PET0 ESMX (Earth System Model eXecutable) FINISHED
20260922 051740.280 INFO             PET0 =============================================
20260922 051740.280 INFO             PET0  Finalizing ESMF
20260922 051740.243 INFO             PET1 !!!!!!!!!!!!!!!!!!!!!!!!!!!!!!!!!!!!!!!!!!!!!!!!!!!!!!
20260922 051740.243 INFO             PET1 !!! THE ESMF_LOG IS SET TO OUTPUT ALL LOG MESSAGES !!!
20260922 051740.243 INFO             PET1 !!!     THIS MAY CAUSE SLOWDOWN IN PERFORMANCE     !!!
20260922 051740.243 INFO             PET1 !!! FOR PRODUCTION RUNS, USE:                      !!!
20260922 051740.243 INFO             PET1 !!!                   ESMF_LOGKIND_Multi_On_Error  !!!
20260922 051740.243 INFO             PET1 !!!!!!!!!!!!!!!!!!!!!!!!!!!!!!!!!!!!!!!!!!!!!!!!!!!!!!
20260922 051740.243 INFO             PET1 Running with ESMF Version   : v9.0.0b19
20260922 051740.243 INFO             PET1 ESMF library build date/time: "Sep 22 2026" "04:41:09"
20260922 051740.243 INFO             PET1 ESMF library build location : /tmp/intel_2023.2.0_mpi_g_develop/esmf
20260922 051740.244 INFO             PET1 ESMF_COMM                   : mpi
20260922 051740.244 INFO             PET1 ESMF_MOAB                   : enabled
20260922 051740.244 INFO             PET1 ESMF_LAPACK                 : enabled
20260922 051740.244 INFO             PET1 ESMF_NETCDF                 : enabled
20260922 051740.244 INFO             PET1 ESMF_PNETCDF                : disabled
20260922 051740.244 INFO             PET1 ESMF_PIO                    : enabled
20260922 051740.244 INFO             PET1 ESMF_YAMLCPP                : enabled
20260922 051740.249 INFO             PET1 =============================================
20260922 051740.249 INFO             PET1 ESMX (Earth System Model eXecutable) STARTING
20260922 051740.249 INFO             PET1 =============================================
20260922 051740.260 DEBUG            PET1 Generic SetVM() is executing for: ESMX_Driver
20260922 051740.261 DEBUG            PET1 Generic SetVM() found no NUOPC Hint for: ESMX_Driver
20260922 051740.261 DEBUG            PET1 Generic SetVM() therefore is NOT calling ESMF_GridCompSetVMMaxPEs() for: ESMX_Driver
20260922 051740.267 INFO             PET1 ESMX_Driver: InitializeGeneric intro.
20260922 051740.267 INFO             PET1   >>>ESMX_Driver: entered Initialize (phase=<none>) without valid internal Clock.
20260922 051740.267 INFO             PET1   ESMX_Driver: InitializeP0 intro.
20260922 051740.268 INFO             PET1     >>>ESMX_Driver: entered Initialize (phase=<none>) without valid internal Clock.
20260922 051740.268 INFO             PET1     <<<ESMX_Driver: leaving Initialize (phase=<none>) without valid internal Clock.
20260922 051740.268 INFO             PET1   ESMX_Driver: InitializeP0 extro.
20260922 051740.268 INFO             PET1   ESMX_Driver: InitializeIPDv02p1 intro.
20260922 051740.268 INFO             PET1     >>>ESMX_Driver: entered Initialize (phase=<none>) without valid internal Clock.
20260922 051740.273 INFO             PET1     ESMX_Driver: IInitAdvertise intro.
20260922 051740.273 INFO             PET1       >>>ESMX_Driver: entered Initialize (phase=<none>) with current time: 2012 10 24  8  0  0   0
20260922 051740.273 INFO             PET1       <<<ESMX_Driver: leaving Initialize (phase=<none>) with current time: 2012 10 24  8  0  0   0
20260922 051740.273 INFO             PET1     ESMX_Driver: IInitAdvertise extro.
20260922 051740.274 INFO             PET1     ESMX_Driver: IInitAdvertiseFinish intro.
20260922 051740.274 INFO             PET1       >>>ESMX_Driver: entered Initialize (phase=<none>) with current time: 2012 10 24  8  0  0   0
20260922 051740.274 INFO             PET1       <<<ESMX_Driver: leaving Initialize (phase=<none>) with current time: 2012 10 24  8  0  0   0
20260922 051740.274 INFO             PET1     ESMX_Driver: IInitAdvertiseFinish extro.
20260922 051740.275 INFO             PET1     ESMX_Driver: IInitModifyCplLists intro.
20260922 051740.275 INFO             PET1       >>>ESMX_Driver: entered Initialize (phase=<none>) with current time: 2012 10 24  8  0  0   0
20260922 051740.275 INFO             PET1       <<<ESMX_Driver: leaving Initialize (phase=<none>) with current time: 2012 10 24  8  0  0   0
20260922 051740.275 INFO             PET1     ESMX_Driver: IInitModifyCplLists extro.
20260922 051740.275 INFO             PET1     <<<ESMX_Driver: leaving Initialize (phase=<none>) with current time: 2012 10 24  8  0  0   0
20260922 051740.275 INFO             PET1   ESMX_Driver: InitializeIPDv02p1 extro.
20260922 051740.275 INFO             PET1   ESMX_Driver: InitializeIPDv02p3 intro.
20260922 051740.275 INFO             PET1     >>>ESMX_Driver: entered Initialize (phase=<none>) with current time: 2012 10 24  8  0  0   0
20260922 051740.276 INFO             PET1     ESMX_Driver: IInitCheck intro.
20260922 051740.276 INFO             PET1       >>>ESMX_Driver: entered Initialize (phase=<none>) with current time: 2012 10 24  8  0  0   0
20260922 051740.276 INFO             PET1       <<<ESMX_Driver: leaving Initialize (phase=<none>) with current time: 2012 10 24  8  0  0   0
20260922 051740.276 INFO             PET1     ESMX_Driver: IInitCheck extro.
20260922 051740.277 INFO             PET1     ESMX_Driver: IInitRealize intro.
20260922 051740.277 INFO             PET1       >>>ESMX_Driver: entered Initialize (phase=<none>) with current time: 2012 10 24  8  0  0   0
20260922 051740.277 INFO             PET1       <<<ESMX_Driver: leaving Initialize (phase=<none>) with current time: 2012 10 24  8  0  0   0
20260922 051740.277 INFO             PET1     ESMX_Driver: IInitRealize extro.
20260922 051740.277 INFO             PET1     <<<ESMX_Driver: leaving Initialize (phase=<none>) with current time: 2012 10 24  8  0  0   0
20260922 051740.277 INFO             PET1   ESMX_Driver: InitializeIPDv02p3 extro.
20260922 051740.277 INFO             PET1   ESMX_Driver: InitializeIPDv02p5 intro.
20260922 051740.278 INFO             PET1     >>>ESMX_Driver: entered Initialize (phase=<none>) with current time: 2012 10 24  8  0  0   0
20260922 051740.278 INFO             PET1     ESMX_Driver: InitializeIPDv02p5Data intro.
20260922 051740.278 INFO             PET1       >>>ESMX_Driver: entered Initialize (phase=<none>) with current time: 2012 10 24  8  0  0   0
20260922 051740.278 INFO             PET1       ESMX_Driver: InternalInitializeComplete intro.
20260922 051740.278 INFO             PET1         >>>ESMX_Driver: entered Initialize (phase=<none>) with current time: 2012 10 24  8  0  0   0
20260922 051740.278 INFO             PET1         <<<ESMX_Driver: leaving Initialize (phase=<none>) with current time: 2012 10 24  8  0  0   0
20260922 051740.278 INFO             PET1       ESMX_Driver: InternalInitializeComplete extro.
20260922 051740.279 INFO             PET1       ESMX_Driver: loopDataDependentInitialize intro.
20260922 051740.279 INFO             PET1         >>>ESMX_Driver: entered Initialize (phase=<none>) with current time: 2012 10 24  8  0  0   0
20260922 051740.279 INFO             PET1         <<<ESMX_Driver: leaving Initialize (phase=<none>) with current time: 2012 10 24  8  0  0   0
20260922 051740.279 INFO             PET1       ESMX_Driver: loopDataDependentInitialize extro.
20260922 051740.279 INFO             PET1       <<<ESMX_Driver: leaving Initialize (phase=<none>) with current time: 2012 10 24  8  0  0   0
20260922 051740.279 INFO             PET1     ESMX_Driver: InitializeIPDv02p5Data extro.
20260922 051740.279 INFO             PET1     <<<ESMX_Driver: leaving Initialize (phase=<none>) with current time: 2012 10 24  8  0  0   0
20260922 051740.280 INFO             PET1   ESMX_Driver: InitializeIPDv02p5 extro.
20260922 051740.280 INFO             PET1   <<<ESMX_Driver: leaving Initialize (phase=<none>) with current time: 2012 10 24  8  0  0   0
20260922 051740.280 INFO             PET1 ESMX_Driver: InitializeGeneric extro.
20260922 051740.280 INFO             PET1 ESMX_Driver: Run intro.
20260922 051740.280 INFO             PET1   >>>ESMX_Driver: entered Run (phase=RunPhase1) with current time: 2012 10 24  8  0  0   0
20260922 051740.280 INFO             PET1   <<<ESMX_Driver: leaving Run (phase=RunPhase1) with current time: 2012 10 24  8  0  0   0
20260922 051740.280 INFO             PET1 ESMX_Driver: Run extro.
20260922 051740.280 INFO             PET1 ESMX_Driver: Finalize intro.
20260922 051740.280 INFO             PET1   >>>ESMX_Driver: entered Finalize (phase=FinalizePhase1) with current time: 2012 10 24  8  0  0   0
20260922 051740.281 INFO             PET1   <<<ESMX_Driver: leaving Finalize (phase=FinalizePhase1) with current time: 2012 10 24  8  0  0   0
20260922 051740.281 INFO             PET1 ESMX_Driver: Finalize extro.
20260922 051740.281 INFO             PET1 =============================================
20260922 051740.281 INFO             PET1 ESMX (Earth System Model eXecutable) FINISHED
20260922 051740.281 INFO             PET1 =============================================
20260922 051740.281 INFO             PET1  Finalizing ESMF
20260922 051740.245 INFO             PET2 !!!!!!!!!!!!!!!!!!!!!!!!!!!!!!!!!!!!!!!!!!!!!!!!!!!!!!
20260922 051740.245 INFO             PET2 !!! THE ESMF_LOG IS SET TO OUTPUT ALL LOG MESSAGES !!!
20260922 051740.245 INFO             PET2 !!!     THIS MAY CAUSE SLOWDOWN IN PERFORMANCE     !!!
20260922 051740.245 INFO             PET2 !!! FOR PRODUCTION RUNS, USE:                      !!!
20260922 051740.245 INFO             PET2 !!!                   ESMF_LOGKIND_Multi_On_Error  !!!
20260922 051740.245 INFO             PET2 !!!!!!!!!!!!!!!!!!!!!!!!!!!!!!!!!!!!!!!!!!!!!!!!!!!!!!
20260922 051740.245 INFO             PET2 Running with ESMF Version   : v9.0.0b19
20260922 051740.245 INFO             PET2 ESMF library build date/time: "Sep 22 2026" "04:41:09"
20260922 051740.245 INFO             PET2 ESMF library build location : /tmp/intel_2023.2.0_mpi_g_develop/esmf
20260922 051740.245 INFO             PET2 ESMF_COMM                   : mpi
20260922 051740.245 INFO             PET2 ESMF_MOAB                   : enabled
20260922 051740.245 INFO             PET2 ESMF_LAPACK                 : enabled
20260922 051740.245 INFO             PET2 ESMF_NETCDF                 : enabled
20260922 051740.245 INFO             PET2 ESMF_PNETCDF                : disabled
20260922 051740.245 INFO             PET2 ESMF_PIO                    : enabled
20260922 051740.245 INFO             PET2 ESMF_YAMLCPP                : enabled
20260922 051740.248 INFO             PET2 =============================================
20260922 051740.248 INFO             PET2 ESMX (Earth System Model eXecutable) STARTING
20260922 051740.248 INFO             PET2 =============================================
20260922 051740.260 DEBUG            PET2 Generic SetVM() is executing for: ESMX_Driver
20260922 051740.261 DEBUG            PET2 Generic SetVM() found no NUOPC Hint for: ESMX_Driver
20260922 051740.261 DEBUG            PET2 Generic SetVM() therefore is NOT calling ESMF_GridCompSetVMMaxPEs() for: ESMX_Driver
20260922 051740.267 INFO             PET2 ESMX_Driver: InitializeGeneric intro.
20260922 051740.267 INFO             PET2   >>>ESMX_Driver: entered Initialize (phase=<none>) without valid internal Clock.
20260922 051740.267 INFO             PET2   ESMX_Driver: InitializeP0 intro.
20260922 051740.268 INFO             PET2     >>>ESMX_Driver: entered Initialize (phase=<none>) without valid internal Clock.
20260922 051740.268 INFO             PET2     <<<ESMX_Driver: leaving Initialize (phase=<none>) without valid internal Clock.
20260922 051740.268 INFO             PET2   ESMX_Driver: InitializeP0 extro.
20260922 051740.268 INFO             PET2   ESMX_Driver: InitializeIPDv02p1 intro.
20260922 051740.268 INFO             PET2     >>>ESMX_Driver: entered Initialize (phase=<none>) without valid internal Clock.
20260922 051740.273 INFO             PET2     ESMX_Driver: IInitAdvertise intro.
20260922 051740.273 INFO             PET2       >>>ESMX_Driver: entered Initialize (phase=<none>) with current time: 2012 10 24  8  0  0   0
20260922 051740.273 INFO             PET2       <<<ESMX_Driver: leaving Initialize (phase=<none>) with current time: 2012 10 24  8  0  0   0
20260922 051740.273 INFO             PET2     ESMX_Driver: IInitAdvertise extro.
20260922 051740.274 INFO             PET2     ESMX_Driver: IInitAdvertiseFinish intro.
20260922 051740.274 INFO             PET2       >>>ESMX_Driver: entered Initialize (phase=<none>) with current time: 2012 10 24  8  0  0   0
20260922 051740.274 INFO             PET2       <<<ESMX_Driver: leaving Initialize (phase=<none>) with current time: 2012 10 24  8  0  0   0
20260922 051740.274 INFO             PET2     ESMX_Driver: IInitAdvertiseFinish extro.
20260922 051740.275 INFO             PET2     ESMX_Driver: IInitModifyCplLists intro.
20260922 051740.275 INFO             PET2       >>>ESMX_Driver: entered Initialize (phase=<none>) with current time: 2012 10 24  8  0  0   0
20260922 051740.275 INFO             PET2       <<<ESMX_Driver: leaving Initialize (phase=<none>) with current time: 2012 10 24  8  0  0   0
20260922 051740.275 INFO             PET2     ESMX_Driver: IInitModifyCplLists extro.
20260922 051740.275 INFO             PET2     <<<ESMX_Driver: leaving Initialize (phase=<none>) with current time: 2012 10 24  8  0  0   0
20260922 051740.275 INFO             PET2   ESMX_Driver: InitializeIPDv02p1 extro.
20260922 051740.275 INFO             PET2   ESMX_Driver: InitializeIPDv02p3 intro.
20260922 051740.275 INFO             PET2     >>>ESMX_Driver: entered Initialize (phase=<none>) with current time: 2012 10 24  8  0  0   0
20260922 051740.276 INFO             PET2     ESMX_Driver: IInitCheck intro.
20260922 051740.276 INFO             PET2       >>>ESMX_Driver: entered Initialize (phase=<none>) with current time: 2012 10 24  8  0  0   0
20260922 051740.276 INFO             PET2       <<<ESMX_Driver: leaving Initialize (phase=<none>) with current time: 2012 10 24  8  0  0   0
20260922 051740.276 INFO             PET2     ESMX_Driver: IInitCheck extro.
20260922 051740.277 INFO             PET2     ESMX_Driver: IInitRealize intro.
20260922 051740.277 INFO             PET2       >>>ESMX_Driver: entered Initialize (phase=<none>) with current time: 2012 10 24  8  0  0   0
20260922 051740.277 INFO             PET2       <<<ESMX_Driver: leaving Initialize (phase=<none>) with current time: 2012 10 24  8  0  0   0
20260922 051740.277 INFO             PET2     ESMX_Driver: IInitRealize extro.
20260922 051740.277 INFO             PET2     <<<ESMX_Driver: leaving Initialize (phase=<none>) with current time: 2012 10 24  8  0  0   0
20260922 051740.277 INFO             PET2   ESMX_Driver: InitializeIPDv02p3 extro.
20260922 051740.277 INFO             PET2   ESMX_Driver: InitializeIPDv02p5 intro.
20260922 051740.278 INFO             PET2     >>>ESMX_Driver: entered Initialize (phase=<none>) with current time: 2012 10 24  8  0  0   0
20260922 051740.278 INFO             PET2     ESMX_Driver: InitializeIPDv02p5Data intro.
20260922 051740.278 INFO             PET2       >>>ESMX_Driver: entered Initialize (phase=<none>) with current time: 2012 10 24  8  0  0   0
20260922 051740.278 INFO             PET2       ESMX_Driver: InternalInitializeComplete intro.
20260922 051740.278 INFO             PET2         >>>ESMX_Driver: entered Initialize (phase=<none>) with current time: 2012 10 24  8  0  0   0
20260922 051740.278 INFO             PET2         <<<ESMX_Driver: leaving Initialize (phase=<none>) with current time: 2012 10 24  8  0  0   0
20260922 051740.278 INFO             PET2       ESMX_Driver: InternalInitializeComplete extro.
20260922 051740.279 INFO             PET2       ESMX_Driver: loopDataDependentInitialize intro.
20260922 051740.279 INFO             PET2         >>>ESMX_Driver: entered Initialize (phase=<none>) with current time: 2012 10 24  8  0  0   0
20260922 051740.279 INFO             PET2         <<<ESMX_Driver: leaving Initialize (phase=<none>) with current time: 2012 10 24  8  0  0   0
20260922 051740.279 INFO             PET2       ESMX_Driver: loopDataDependentInitialize extro.
20260922 051740.279 INFO             PET2       <<<ESMX_Driver: leaving Initialize (phase=<none>) with current time: 2012 10 24  8  0  0   0
20260922 051740.279 INFO             PET2     ESMX_Driver: InitializeIPDv02p5Data extro.
20260922 051740.279 INFO             PET2     <<<ESMX_Driver: leaving Initialize (phase=<none>) with current time: 2012 10 24  8  0  0   0
20260922 051740.280 INFO             PET2   ESMX_Driver: InitializeIPDv02p5 extro.
20260922 051740.280 INFO             PET2   <<<ESMX_Driver: leaving Initialize (phase=<none>) with current time: 2012 10 24  8  0  0   0
20260922 051740.280 INFO             PET2 ESMX_Driver: InitializeGeneric extro.
20260922 051740.280 INFO             PET2 ESMX_Driver: Run intro.
20260922 051740.280 INFO             PET2   >>>ESMX_Driver: entered Run (phase=RunPhase1) with current time: 2012 10 24  8  0  0   0
20260922 051740.280 INFO             PET2   <<<ESMX_Driver: leaving Run (phase=RunPhase1) with current time: 2012 10 24  8  0  0   0
20260922 051740.280 INFO             PET2 ESMX_Driver: Run extro.
20260922 051740.280 INFO             PET2 ESMX_Driver: Finalize intro.
20260922 051740.280 INFO             PET2   >>>ESMX_Driver: entered Finalize (phase=FinalizePhase1) with current time: 2012 10 24  8  0  0   0
20260922 051740.281 INFO             PET2   <<<ESMX_Driver: leaving Finalize (phase=FinalizePhase1) with current time: 2012 10 24  8  0  0   0
20260922 051740.281 INFO             PET2 ESMX_Driver: Finalize extro.
20260922 051740.281 INFO             PET2 =============================================
20260922 051740.281 INFO             PET2 ESMX (Earth System Model eXecutable) FINISHED
20260922 051740.281 INFO             PET2 =============================================
20260922 051740.281 INFO             PET2  Finalizing ESMF
20260922 051740.243 INFO             PET3 !!!!!!!!!!!!!!!!!!!!!!!!!!!!!!!!!!!!!!!!!!!!!!!!!!!!!!
20260922 051740.243 INFO             PET3 !!! THE ESMF_LOG IS SET TO OUTPUT ALL LOG MESSAGES !!!
20260922 051740.243 INFO             PET3 !!!     THIS MAY CAUSE SLOWDOWN IN PERFORMANCE     !!!
20260922 051740.243 INFO             PET3 !!! FOR PRODUCTION RUNS, USE:                      !!!
20260922 051740.243 INFO             PET3 !!!                   ESMF_LOGKIND_Multi_On_Error  !!!
20260922 051740.243 INFO             PET3 !!!!!!!!!!!!!!!!!!!!!!!!!!!!!!!!!!!!!!!!!!!!!!!!!!!!!!
20260922 051740.243 INFO             PET3 Running with ESMF Version   : v9.0.0b19
20260922 051740.243 INFO             PET3 ESMF library build date/time: "Sep 22 2026" "04:41:09"
20260922 051740.243 INFO             PET3 ESMF library build location : /tmp/intel_2023.2.0_mpi_g_develop/esmf
20260922 051740.243 INFO             PET3 ESMF_COMM                   : mpi
20260922 051740.244 INFO             PET3 ESMF_MOAB                   : enabled
20260922 051740.244 INFO             PET3 ESMF_LAPACK                 : enabled
20260922 051740.244 INFO             PET3 ESMF_NETCDF                 : enabled
20260922 051740.244 INFO             PET3 ESMF_PNETCDF                : disabled
20260922 051740.244 INFO             PET3 ESMF_PIO                    : enabled
20260922 051740.244 INFO             PET3 ESMF_YAMLCPP                : enabled
20260922 051740.248 INFO             PET3 =============================================
20260922 051740.248 INFO             PET3 ESMX (Earth System Model eXecutable) STARTING
20260922 051740.248 INFO             PET3 =============================================
20260922 051740.258 DEBUG            PET3 Generic SetVM() is executing for: ESMX_Driver
20260922 051740.259 DEBUG            PET3 Generic SetVM() found no NUOPC Hint for: ESMX_Driver
20260922 051740.259 DEBUG            PET3 Generic SetVM() therefore is NOT calling ESMF_GridCompSetVMMaxPEs() for: ESMX_Driver
20260922 051740.265 INFO             PET3 ESMX_Driver: InitializeGeneric intro.
20260922 051740.265 INFO             PET3   >>>ESMX_Driver: entered Initialize (phase=<none>) without valid internal Clock.
20260922 051740.265 INFO             PET3   ESMX_Driver: InitializeP0 intro.
20260922 051740.265 INFO             PET3     >>>ESMX_Driver: entered Initialize (phase=<none>) without valid internal Clock.
20260922 051740.266 INFO             PET3     <<<ESMX_Driver: leaving Initialize (phase=<none>) without valid internal Clock.
20260922 051740.266 INFO             PET3   ESMX_Driver: InitializeP0 extro.
20260922 051740.266 INFO             PET3   ESMX_Driver: InitializeIPDv02p1 intro.
20260922 051740.266 INFO             PET3     >>>ESMX_Driver: entered Initialize (phase=<none>) without valid internal Clock.
20260922 051740.269 INFO             PET3     ESMX_Driver: IInitAdvertise intro.
20260922 051740.269 INFO             PET3       >>>ESMX_Driver: entered Initialize (phase=<none>) with current time: 2012 10 24  8  0  0   0
20260922 051740.270 INFO             PET3       <<<ESMX_Driver: leaving Initialize (phase=<none>) with current time: 2012 10 24  8  0  0   0
20260922 051740.270 INFO             PET3     ESMX_Driver: IInitAdvertise extro.
20260922 051740.270 INFO             PET3     ESMX_Driver: IInitAdvertiseFinish intro.
20260922 051740.270 INFO             PET3       >>>ESMX_Driver: entered Initialize (phase=<none>) with current time: 2012 10 24  8  0  0   0
20260922 051740.270 INFO             PET3       <<<ESMX_Driver: leaving Initialize (phase=<none>) with current time: 2012 10 24  8  0  0   0
20260922 051740.270 INFO             PET3     ESMX_Driver: IInitAdvertiseFinish extro.
20260922 051740.270 INFO             PET3     ESMX_Driver: IInitModifyCplLists intro.
20260922 051740.270 INFO             PET3       >>>ESMX_Driver: entered Initialize (phase=<none>) with current time: 2012 10 24  8  0  0   0
20260922 051740.270 INFO             PET3       <<<ESMX_Driver: leaving Initialize (phase=<none>) with current time: 2012 10 24  8  0  0   0
20260922 051740.270 INFO             PET3     ESMX_Driver: IInitModifyCplLists extro.
20260922 051740.271 INFO             PET3     <<<ESMX_Driver: leaving Initialize (phase=<none>) with current time: 2012 10 24  8  0  0   0
20260922 051740.271 INFO             PET3   ESMX_Driver: InitializeIPDv02p1 extro.
20260922 051740.271 INFO             PET3   ESMX_Driver: InitializeIPDv02p3 intro.
20260922 051740.271 INFO             PET3     >>>ESMX_Driver: entered Initialize (phase=<none>) with current time: 2012 10 24  8  0  0   0
20260922 051740.271 INFO             PET3     ESMX_Driver: IInitCheck intro.
20260922 051740.271 INFO             PET3       >>>ESMX_Driver: entered Initialize (phase=<none>) with current time: 2012 10 24  8  0  0   0
20260922 051740.271 INFO             PET3       <<<ESMX_Driver: leaving Initialize (phase=<none>) with current time: 2012 10 24  8  0  0   0
20260922 051740.271 INFO             PET3     ESMX_Driver: IInitCheck extro.
20260922 051740.271 INFO             PET3     ESMX_Driver: IInitRealize intro.
20260922 051740.272 INFO             PET3       >>>ESMX_Driver: entered Initialize (phase=<none>) with current time: 2012 10 24  8  0  0   0
20260922 051740.272 INFO             PET3       <<<ESMX_Driver: leaving Initialize (phase=<none>) with current time: 2012 10 24  8  0  0   0
20260922 051740.272 INFO             PET3     ESMX_Driver: IInitRealize extro.
20260922 051740.272 INFO             PET3     <<<ESMX_Driver: leaving Initialize (phase=<none>) with current time: 2012 10 24  8  0  0   0
20260922 051740.272 INFO             PET3   ESMX_Driver: InitializeIPDv02p3 extro.
20260922 051740.272 INFO             PET3   ESMX_Driver: InitializeIPDv02p5 intro.
20260922 051740.272 INFO             PET3     >>>ESMX_Driver: entered Initialize (phase=<none>) with current time: 2012 10 24  8  0  0   0
20260922 051740.272 INFO             PET3     ESMX_Driver: InitializeIPDv02p5Data intro.
20260922 051740.272 INFO             PET3       >>>ESMX_Driver: entered Initialize (phase=<none>) with current time: 2012 10 24  8  0  0   0
20260922 051740.272 INFO             PET3       ESMX_Driver: InternalInitializeComplete intro.
20260922 051740.272 INFO             PET3         >>>ESMX_Driver: entered Initialize (phase=<none>) with current time: 2012 10 24  8  0  0   0
20260922 051740.273 INFO             PET3         <<<ESMX_Driver: leaving Initialize (phase=<none>) with current time: 2012 10 24  8  0  0   0
20260922 051740.273 INFO             PET3       ESMX_Driver: InternalInitializeComplete extro.
20260922 051740.279 INFO             PET3       ESMX_Driver: loopDataDependentInitialize intro.
20260922 051740.279 INFO             PET3         >>>ESMX_Driver: entered Initialize (phase=<none>) with current time: 2012 10 24  8  0  0   0
20260922 051740.279 INFO             PET3         <<<ESMX_Driver: leaving Initialize (phase=<none>) with current time: 2012 10 24  8  0  0   0
20260922 051740.279 INFO             PET3       ESMX_Driver: loopDataDependentInitialize extro.
20260922 051740.279 INFO             PET3       <<<ESMX_Driver: leaving Initialize (phase=<none>) with current time: 2012 10 24  8  0  0   0
20260922 051740.279 INFO             PET3     ESMX_Driver: InitializeIPDv02p5Data extro.
20260922 051740.279 INFO             PET3     <<<ESMX_Driver: leaving Initialize (phase=<none>) with current time: 2012 10 24  8  0  0   0
20260922 051740.279 INFO             PET3   ESMX_Driver: InitializeIPDv02p5 extro.
20260922 051740.279 INFO             PET3   <<<ESMX_Driver: leaving Initialize (phase=<none>) with current time: 2012 10 24  8  0  0   0
20260922 051740.279 INFO             PET3 ESMX_Driver: InitializeGeneric extro.
20260922 051740.280 INFO             PET3 ESMX_Driver: Run intro.
20260922 051740.280 INFO             PET3   >>>ESMX_Driver: entered Run (phase=RunPhase1) with current time: 2012 10 24  8  0  0   0
20260922 051740.280 INFO             PET3   <<<ESMX_Driver: leaving Run (phase=RunPhase1) with current time: 2012 10 24  8  0  0   0
20260922 051740.280 INFO             PET3 ESMX_Driver: Run extro.
20260922 051740.280 INFO             PET3 ESMX_Driver: Finalize intro.
20260922 051740.280 INFO             PET3   >>>ESMX_Driver: entered Finalize (phase=FinalizePhase1) with current time: 2012 10 24  8  0  0   0
20260922 051740.280 INFO             PET3   <<<ESMX_Driver: leaving Finalize (phase=FinalizePhase1) with current time: 2012 10 24  8  0  0   0
20260922 051740.280 INFO             PET3 ESMX_Driver: Finalize extro.
20260922 051740.280 INFO             PET3 =============================================
20260922 051740.280 INFO             PET3 ESMX (Earth System Model eXecutable) FINISHED
20260922 051740.280 INFO             PET3 =============================================
20260922 051740.280 INFO             PET3  Finalizing ESMF
