2026-08-28 06:41:35
20260828 071159.306 INFO             PET0 !!!!!!!!!!!!!!!!!!!!!!!!!!!!!!!!!!!!!!!!!!!!!!!!!!!!!!
20260828 071159.307 INFO             PET0 !!! THE ESMF_LOG IS SET TO OUTPUT ALL LOG MESSAGES !!!
20260828 071159.307 INFO             PET0 !!!     THIS MAY CAUSE SLOWDOWN IN PERFORMANCE     !!!
20260828 071159.307 INFO             PET0 !!! FOR PRODUCTION RUNS, USE:                      !!!
20260828 071159.307 INFO             PET0 !!!                   ESMF_LOGKIND_Multi_On_Error  !!!
20260828 071159.307 INFO             PET0 !!!!!!!!!!!!!!!!!!!!!!!!!!!!!!!!!!!!!!!!!!!!!!!!!!!!!!
20260828 071159.307 INFO             PET0 Running with ESMF Version   : develop+g1082792c4b
20260828 071159.307 INFO             PET0 ESMF library build date/time: "Aug 28 2026" "06:40:04"
20260828 071159.307 INFO             PET0 ESMF library build location : /usr/local/esmf/esmf-testing/gfortran_14.2.0_mpich_O_develop/esmf
20260828 071159.307 INFO             PET0 ESMF_COMM                   : mpich
20260828 071159.307 INFO             PET0 ESMF_MOAB                   : enabled
20260828 071159.307 INFO             PET0 ESMF_LAPACK                 : enabled
20260828 071159.307 INFO             PET0 ESMF_NETCDF                 : enabled
20260828 071159.307 INFO             PET0 ESMF_PNETCDF                : disabled
20260828 071159.307 INFO             PET0 ESMF_PIO                    : enabled
20260828 071159.307 INFO             PET0 ESMF_YAMLCPP                : enabled
20260828 071159.358 INFO             PET0 ESMF_FieldRedistStoreNF(): Just entered routine.
20260828 071159.450 INFO             PET0 ESMF_FieldRedistStoreNF(): Leaving routine.
20260828 071159.461 INFO             PET0  NUMBER_OF_PROCESSORS           4
20260828 071159.461 INFO             PET0  PASS  Example ESMF_RHandleFromRHandleEx, ESMF_RHandleFromRHandleEx.F90, line 660
20260828 071159.461 INFO             PET0  Finalizing ESMF
20260828 071159.306 INFO             PET1 !!!!!!!!!!!!!!!!!!!!!!!!!!!!!!!!!!!!!!!!!!!!!!!!!!!!!!
20260828 071159.308 INFO             PET1 !!! THE ESMF_LOG IS SET TO OUTPUT ALL LOG MESSAGES !!!
20260828 071159.308 INFO             PET1 !!!     THIS MAY CAUSE SLOWDOWN IN PERFORMANCE     !!!
20260828 071159.308 INFO             PET1 !!! FOR PRODUCTION RUNS, USE:                      !!!
20260828 071159.308 INFO             PET1 !!!                   ESMF_LOGKIND_Multi_On_Error  !!!
20260828 071159.308 INFO             PET1 !!!!!!!!!!!!!!!!!!!!!!!!!!!!!!!!!!!!!!!!!!!!!!!!!!!!!!
20260828 071159.308 INFO             PET1 Running with ESMF Version   : develop+g1082792c4b
20260828 071159.308 INFO             PET1 ESMF library build date/time: "Aug 28 2026" "06:40:04"
20260828 071159.308 INFO             PET1 ESMF library build location : /usr/local/esmf/esmf-testing/gfortran_14.2.0_mpich_O_develop/esmf
20260828 071159.308 INFO             PET1 ESMF_COMM                   : mpich
20260828 071159.308 INFO             PET1 ESMF_MOAB                   : enabled
20260828 071159.308 INFO             PET1 ESMF_LAPACK                 : enabled
20260828 071159.308 INFO             PET1 ESMF_NETCDF                 : enabled
20260828 071159.308 INFO             PET1 ESMF_PNETCDF                : disabled
20260828 071159.308 INFO             PET1 ESMF_PIO                    : enabled
20260828 071159.308 INFO             PET1 ESMF_YAMLCPP                : enabled
20260828 071159.358 INFO             PET1 ESMF_FieldRedistStoreNF(): Just entered routine.
20260828 071159.450 INFO             PET1 ESMF_FieldRedistStoreNF(): Leaving routine.
20260828 071159.457 INFO             PET1  NUMBER_OF_PROCESSORS           4
20260828 071159.457 INFO             PET1  PASS  Example ESMF_RHandleFromRHandleEx, ESMF_RHandleFromRHandleEx.F90, line 660
20260828 071159.457 INFO             PET1  Finalizing ESMF
20260828 071159.306 INFO             PET2 !!!!!!!!!!!!!!!!!!!!!!!!!!!!!!!!!!!!!!!!!!!!!!!!!!!!!!
20260828 071159.317 INFO             PET2 !!! THE ESMF_LOG IS SET TO OUTPUT ALL LOG MESSAGES !!!
20260828 071159.317 INFO             PET2 !!!     THIS MAY CAUSE SLOWDOWN IN PERFORMANCE     !!!
20260828 071159.317 INFO             PET2 !!! FOR PRODUCTION RUNS, USE:                      !!!
20260828 071159.317 INFO             PET2 !!!                   ESMF_LOGKIND_Multi_On_Error  !!!
20260828 071159.317 INFO             PET2 !!!!!!!!!!!!!!!!!!!!!!!!!!!!!!!!!!!!!!!!!!!!!!!!!!!!!!
20260828 071159.317 INFO             PET2 Running with ESMF Version   : develop+g1082792c4b
20260828 071159.317 INFO             PET2 ESMF library build date/time: "Aug 28 2026" "06:40:04"
20260828 071159.317 INFO             PET2 ESMF library build location : /usr/local/esmf/esmf-testing/gfortran_14.2.0_mpich_O_develop/esmf
20260828 071159.317 INFO             PET2 ESMF_COMM                   : mpich
20260828 071159.317 INFO             PET2 ESMF_MOAB                   : enabled
20260828 071159.317 INFO             PET2 ESMF_LAPACK                 : enabled
20260828 071159.317 INFO             PET2 ESMF_NETCDF                 : enabled
20260828 071159.317 INFO             PET2 ESMF_PNETCDF                : disabled
20260828 071159.317 INFO             PET2 ESMF_PIO                    : enabled
20260828 071159.317 INFO             PET2 ESMF_YAMLCPP                : enabled
20260828 071159.358 INFO             PET2 ESMF_FieldRedistStoreNF(): Just entered routine.
20260828 071159.450 INFO             PET2 ESMF_FieldRedistStoreNF(): Leaving routine.
20260828 071159.451 INFO             PET2  NUMBER_OF_PROCESSORS           4
20260828 071159.451 INFO             PET2  PASS  Example ESMF_RHandleFromRHandleEx, ESMF_RHandleFromRHandleEx.F90, line 660
20260828 071159.451 INFO             PET2  Finalizing ESMF
20260828 071159.306 INFO             PET3 !!!!!!!!!!!!!!!!!!!!!!!!!!!!!!!!!!!!!!!!!!!!!!!!!!!!!!
20260828 071159.308 INFO             PET3 !!! THE ESMF_LOG IS SET TO OUTPUT ALL LOG MESSAGES !!!
20260828 071159.308 INFO             PET3 !!!     THIS MAY CAUSE SLOWDOWN IN PERFORMANCE     !!!
20260828 071159.308 INFO             PET3 !!! FOR PRODUCTION RUNS, USE:                      !!!
20260828 071159.308 INFO             PET3 !!!                   ESMF_LOGKIND_Multi_On_Error  !!!
20260828 071159.308 INFO             PET3 !!!!!!!!!!!!!!!!!!!!!!!!!!!!!!!!!!!!!!!!!!!!!!!!!!!!!!
20260828 071159.308 INFO             PET3 Running with ESMF Version   : develop+g1082792c4b
20260828 071159.308 INFO             PET3 ESMF library build date/time: "Aug 28 2026" "06:40:04"
20260828 071159.308 INFO             PET3 ESMF library build location : /usr/local/esmf/esmf-testing/gfortran_14.2.0_mpich_O_develop/esmf
20260828 071159.308 INFO             PET3 ESMF_COMM                   : mpich
20260828 071159.309 INFO             PET3 ESMF_MOAB                   : enabled
20260828 071159.309 INFO             PET3 ESMF_LAPACK                 : enabled
20260828 071159.309 INFO             PET3 ESMF_NETCDF                 : enabled
20260828 071159.309 INFO             PET3 ESMF_PNETCDF                : disabled
20260828 071159.309 INFO             PET3 ESMF_PIO                    : enabled
20260828 071159.309 INFO             PET3 ESMF_YAMLCPP                : enabled
20260828 071159.358 INFO             PET3 ESMF_FieldRedistStoreNF(): Just entered routine.
20260828 071159.450 INFO             PET3 ESMF_FieldRedistStoreNF(): Leaving routine.
20260828 071159.461 INFO             PET3  NUMBER_OF_PROCESSORS           4
20260828 071159.461 INFO             PET3  PASS  Example ESMF_RHandleFromRHandleEx, ESMF_RHandleFromRHandleEx.F90, line 660
20260828 071159.461 INFO             PET3  Finalizing ESMF
