2026-09-05 16:59:26
20260905 183909.809 INFO             PET0 !!!!!!!!!!!!!!!!!!!!!!!!!!!!!!!!!!!!!!!!!!!!!!!!!!!!!!
20260905 183909.813 INFO             PET0 !!! THE ESMF_LOG IS SET TO OUTPUT ALL LOG MESSAGES !!!
20260905 183909.813 INFO             PET0 !!!     THIS MAY CAUSE SLOWDOWN IN PERFORMANCE     !!!
20260905 183909.813 INFO             PET0 !!! FOR PRODUCTION RUNS, USE:                      !!!
20260905 183909.813 INFO             PET0 !!!                   ESMF_LOGKIND_Multi_On_Error  !!!
20260905 183909.813 INFO             PET0 !!!!!!!!!!!!!!!!!!!!!!!!!!!!!!!!!!!!!!!!!!!!!!!!!!!!!!
20260905 183909.813 INFO             PET0 Running with ESMF Version   : develop+g4161bf9d44
20260905 183909.813 INFO             PET0 ESMF library build date/time: "Sep  5 2026" "16:48:23"
20260905 183909.813 INFO             PET0 ESMF library build location : /usr/local/esmf/esmf-testing/gfortran_14.2.0_mpich_O_develop/esmf
20260905 183909.813 INFO             PET0 ESMF_COMM                   : mpich
20260905 183909.813 INFO             PET0 ESMF_MOAB                   : enabled
20260905 183909.813 INFO             PET0 ESMF_LAPACK                 : enabled
20260905 183909.813 INFO             PET0 ESMF_NETCDF                 : enabled
20260905 183909.814 INFO             PET0 ESMF_PNETCDF                : disabled
20260905 183909.814 INFO             PET0 ESMF_PIO                    : enabled
20260905 183909.814 INFO             PET0 ESMF_YAMLCPP                : enabled
20260905 183909.816 INFO             PET0  NUMBER_OF_PROCESSORS           1
20260905 183909.816 INFO             PET0  PASS  Example ESMF_AlarmEx, ESMF_AlarmEx.F90, line 244
20260905 183909.816 INFO             PET0  Finalizing ESMF
