2026-09-05 16:59:26
20260905 183620.341 INFO             PET0 !!!!!!!!!!!!!!!!!!!!!!!!!!!!!!!!!!!!!!!!!!!!!!!!!!!!!!
20260905 183620.350 INFO             PET0 !!! THE ESMF_LOG IS SET TO OUTPUT ALL LOG MESSAGES !!!
20260905 183620.350 INFO             PET0 !!!     THIS MAY CAUSE SLOWDOWN IN PERFORMANCE     !!!
20260905 183620.350 INFO             PET0 !!! FOR PRODUCTION RUNS, USE:                      !!!
20260905 183620.350 INFO             PET0 !!!                   ESMF_LOGKIND_Multi_On_Error  !!!
20260905 183620.350 INFO             PET0 !!!!!!!!!!!!!!!!!!!!!!!!!!!!!!!!!!!!!!!!!!!!!!!!!!!!!!
20260905 183620.350 INFO             PET0 Running with ESMF Version   : develop+g4161bf9d44
20260905 183620.350 INFO             PET0 ESMF library build date/time: "Sep  5 2026" "16:48:23"
20260905 183620.350 INFO             PET0 ESMF library build location : /usr/local/esmf/esmf-testing/gfortran_14.2.0_mpich_O_develop/esmf
20260905 183620.350 INFO             PET0 ESMF_COMM                   : mpich
20260905 183620.350 INFO             PET0 ESMF_MOAB                   : enabled
20260905 183620.350 INFO             PET0 ESMF_LAPACK                 : enabled
20260905 183620.350 INFO             PET0 ESMF_NETCDF                 : enabled
20260905 183620.350 INFO             PET0 ESMF_PNETCDF                : disabled
20260905 183620.350 INFO             PET0 ESMF_PIO                    : enabled
20260905 183620.350 INFO             PET0 ESMF_YAMLCPP                : enabled
20260905 183620.360 INFO             PET0  NUMBER_OF_PROCESSORS           4
20260905 183620.360 INFO             PET0  PASS  Example ESMF_VMUserMpiCommMultiEx, ESMF_VMUserMpiCommMultiEx.F90, line 126
20260905 183620.360 INFO             PET0  Finalizing ESMF with endflag==ESMF_END_KEEPMPI
20260905 183620.341 INFO             PET0 !!!!!!!!!!!!!!!!!!!!!!!!!!!!!!!!!!!!!!!!!!!!!!!!!!!!!!
20260905 183620.349 INFO             PET0 !!! THE ESMF_LOG IS SET TO OUTPUT ALL LOG MESSAGES !!!
20260905 183620.349 INFO             PET0 !!!     THIS MAY CAUSE SLOWDOWN IN PERFORMANCE     !!!
20260905 183620.349 INFO             PET0 !!! FOR PRODUCTION RUNS, USE:                      !!!
20260905 183620.349 INFO             PET0 !!!                   ESMF_LOGKIND_Multi_On_Error  !!!
20260905 183620.349 INFO             PET0 !!!!!!!!!!!!!!!!!!!!!!!!!!!!!!!!!!!!!!!!!!!!!!!!!!!!!!
20260905 183620.349 INFO             PET0 Running with ESMF Version   : develop+g4161bf9d44
20260905 183620.350 INFO             PET0 ESMF library build date/time: "Sep  5 2026" "16:48:23"
20260905 183620.350 INFO             PET0 ESMF library build location : /usr/local/esmf/esmf-testing/gfortran_14.2.0_mpich_O_develop/esmf
20260905 183620.350 INFO             PET0 ESMF_COMM                   : mpich
20260905 183620.350 INFO             PET0 ESMF_MOAB                   : enabled
20260905 183620.350 INFO             PET0 ESMF_LAPACK                 : enabled
20260905 183620.350 INFO             PET0 ESMF_NETCDF                 : enabled
20260905 183620.350 INFO             PET0 ESMF_PNETCDF                : disabled
20260905 183620.350 INFO             PET0 ESMF_PIO                    : enabled
20260905 183620.350 INFO             PET0 ESMF_YAMLCPP                : enabled
20260905 183620.360 INFO             PET0  NUMBER_OF_PROCESSORS           4
20260905 183620.360 INFO             PET0  PASS  Example ESMF_VMUserMpiCommMultiEx, ESMF_VMUserMpiCommMultiEx.F90, line 154
20260905 183620.360 INFO             PET0  Finalizing ESMF with endflag==ESMF_END_KEEPMPI
20260905 183620.341 INFO             PET1 !!!!!!!!!!!!!!!!!!!!!!!!!!!!!!!!!!!!!!!!!!!!!!!!!!!!!!
20260905 183620.349 INFO             PET1 !!! THE ESMF_LOG IS SET TO OUTPUT ALL LOG MESSAGES !!!
20260905 183620.349 INFO             PET1 !!!     THIS MAY CAUSE SLOWDOWN IN PERFORMANCE     !!!
20260905 183620.349 INFO             PET1 !!! FOR PRODUCTION RUNS, USE:                      !!!
20260905 183620.349 INFO             PET1 !!!                   ESMF_LOGKIND_Multi_On_Error  !!!
20260905 183620.349 INFO             PET1 !!!!!!!!!!!!!!!!!!!!!!!!!!!!!!!!!!!!!!!!!!!!!!!!!!!!!!
20260905 183620.349 INFO             PET1 Running with ESMF Version   : develop+g4161bf9d44
20260905 183620.350 INFO             PET1 ESMF library build date/time: "Sep  5 2026" "16:48:23"
20260905 183620.350 INFO             PET1 ESMF library build location : /usr/local/esmf/esmf-testing/gfortran_14.2.0_mpich_O_develop/esmf
20260905 183620.350 INFO             PET1 ESMF_COMM                   : mpich
20260905 183620.350 INFO             PET1 ESMF_MOAB                   : enabled
20260905 183620.350 INFO             PET1 ESMF_LAPACK                 : enabled
20260905 183620.350 INFO             PET1 ESMF_NETCDF                 : enabled
20260905 183620.350 INFO             PET1 ESMF_PNETCDF                : disabled
20260905 183620.350 INFO             PET1 ESMF_PIO                    : enabled
20260905 183620.350 INFO             PET1 ESMF_YAMLCPP                : enabled
20260905 183620.360 INFO             PET1  NUMBER_OF_PROCESSORS           4
20260905 183620.360 INFO             PET1  PASS  Example ESMF_VMUserMpiCommMultiEx, ESMF_VMUserMpiCommMultiEx.F90, line 126
20260905 183620.360 INFO             PET1  Finalizing ESMF with endflag==ESMF_END_KEEPMPI
20260905 183620.342 INFO             PET1 !!!!!!!!!!!!!!!!!!!!!!!!!!!!!!!!!!!!!!!!!!!!!!!!!!!!!!
20260905 183620.349 INFO             PET1 !!! THE ESMF_LOG IS SET TO OUTPUT ALL LOG MESSAGES !!!
20260905 183620.349 INFO             PET1 !!!     THIS MAY CAUSE SLOWDOWN IN PERFORMANCE     !!!
20260905 183620.349 INFO             PET1 !!! FOR PRODUCTION RUNS, USE:                      !!!
20260905 183620.349 INFO             PET1 !!!                   ESMF_LOGKIND_Multi_On_Error  !!!
20260905 183620.349 INFO             PET1 !!!!!!!!!!!!!!!!!!!!!!!!!!!!!!!!!!!!!!!!!!!!!!!!!!!!!!
20260905 183620.349 INFO             PET1 Running with ESMF Version   : develop+g4161bf9d44
20260905 183620.350 INFO             PET1 ESMF library build date/time: "Sep  5 2026" "16:48:23"
20260905 183620.350 INFO             PET1 ESMF library build location : /usr/local/esmf/esmf-testing/gfortran_14.2.0_mpich_O_develop/esmf
20260905 183620.350 INFO             PET1 ESMF_COMM                   : mpich
20260905 183620.350 INFO             PET1 ESMF_MOAB                   : enabled
20260905 183620.350 INFO             PET1 ESMF_LAPACK                 : enabled
20260905 183620.350 INFO             PET1 ESMF_NETCDF                 : enabled
20260905 183620.350 INFO             PET1 ESMF_PNETCDF                : disabled
20260905 183620.350 INFO             PET1 ESMF_PIO                    : enabled
20260905 183620.350 INFO             PET1 ESMF_YAMLCPP                : enabled
20260905 183620.360 INFO             PET1  NUMBER_OF_PROCESSORS           4
20260905 183620.360 INFO             PET1  PASS  Example ESMF_VMUserMpiCommMultiEx, ESMF_VMUserMpiCommMultiEx.F90, line 154
20260905 183620.360 INFO             PET1  Finalizing ESMF with endflag==ESMF_END_KEEPMPI
