2026-09-21 02:42:55
20260921 040730.300 INFO             PET0 !!!!!!!!!!!!!!!!!!!!!!!!!!!!!!!!!!!!!!!!!!!!!!!!!!!!!!
20260921 040730.301 INFO             PET0 !!! THE ESMF_LOG IS SET TO OUTPUT ALL LOG MESSAGES !!!
20260921 040730.301 INFO             PET0 !!!     THIS MAY CAUSE SLOWDOWN IN PERFORMANCE     !!!
20260921 040730.301 INFO             PET0 !!! FOR PRODUCTION RUNS, USE:                      !!!
20260921 040730.301 INFO             PET0 !!!                   ESMF_LOGKIND_Multi_On_Error  !!!
20260921 040730.301 INFO             PET0 !!!!!!!!!!!!!!!!!!!!!!!!!!!!!!!!!!!!!!!!!!!!!!!!!!!!!!
20260921 040730.301 INFO             PET0 Running with ESMF Version   : v9.0.0b19
20260921 040730.301 INFO             PET0 ESMF library build date/time: "Sep 21 2026" "02:41:13"
20260921 040730.301 INFO             PET0 ESMF library build location : /glade/derecho/scratch/sacks/esmf-testing/intel_2024.2.1_mpi_g_develop/esmf
20260921 040730.301 INFO             PET0 ESMF_COMM                   : mpi
20260921 040730.301 INFO             PET0 ESMF_MOAB                   : enabled
20260921 040730.301 INFO             PET0 ESMF_LAPACK                 : enabled
20260921 040730.301 INFO             PET0 ESMF_NETCDF                 : enabled
20260921 040730.301 INFO             PET0 ESMF_PNETCDF                : disabled
20260921 040730.301 INFO             PET0 ESMF_PIO                    : enabled
20260921 040730.301 INFO             PET0 ESMF_YAMLCPP                : enabled
20260921 040730.302 INFO             PET0  NUMBER_OF_PROCESSORS           1
20260921 040730.302 INFO             PET0  PASS  Example ESMF_AlarmEx, ESMF_AlarmEx.F90, line 244
20260921 040730.302 INFO             PET0  Finalizing ESMF
