2026-09-15 02:10:45
[2026-09-15T10:17:17.741] error: couldn't chdir to `/tmp/gfortran_12.3.0_mpi_O_develop/esmf/examples/examplesO/Unicos.gfortran.64.mpi.default': No such file or directory: going to /tmp instead
 Application Example 1:
 Application Example 1:
 Application Example 1:
 Application Example 1:
 Comp Create returned, name = Atmosphere Model Coupler
 Comp Create returned, name = Atmosphere Model Coupler
 Comp Create returned, name = Atmosphere Model Coupler
 Comp Create returned, name = Atmosphere Model Coupler
 Coupler Init starting
 Coupler Init returning
 Comp Initialize complete
 Coupler Run starting
 Coupler Run returning
 Coupler Run starting
 Coupler Run returning
 Coupler Init starting
 Coupler Init returning
 Comp Initialize complete
 Coupler Run starting
 Coupler Run returning
 Coupler Run starting
 Coupler Run returning
 Coupler Run starting
 Coupler Run returning
 Coupler Init starting
 Coupler Init returning
 Comp Initialize complete
 Coupler Run starting
 Coupler Run returning
 Coupler Run starting
 Coupler Run returning
 Coupler Run starting
 Coupler Run returning
 Coupler Run starting
 Coupler Run returning
 Coupler Init starting
 Coupler Init returning
 Comp Initialize complete
 Coupler Run starting
 Coupler Run returning
 Coupler Run starting
 Coupler Run returning
 Coupler Run starting
 Coupler Run returning
 Coupler Run starting
 Coupler Run returning
 Coupler Run starting
 Coupler Run returning
 Coupler Run starting
 Coupler Run returning
 Comp Run complete
 Coupler Final starting
 Coupler Final returning
 Comp Finalize complete
 Coupler Run starting
 Coupler Run returning
 Comp Run complete
 Coupler Final starting
 Coupler Final returning
 Comp Finalize complete
 Comp Run complete
 Coupler Final starting
 Coupler Final returning
 Comp Finalize complete
 Comp Run complete
 Coupler Final starting
 Coupler Final returning
 Comp Finalize complete
 Destroy calls returned
 Application Example 1 finished
 Destroy calls returned
 Application Example 1 finished
 Destroy calls returned
 Application Example 1 finished
 Destroy calls returned
 Application Example 1 finished
  PASS  Example ESMF_CplEx, ESMF_CplEx.F90, line 457
  PASS  Example ESMF_CplEx, ESMF_CplEx.F90, line 457
  PASS  Example ESMF_CplEx, ESMF_CplEx.F90, line 457
  PASS  Example ESMF_CplEx, ESMF_CplEx.F90, line 457
 PASS: ESMF_CplEx.F90
 PASS: ESMF_CplEx.F90
 PASS: ESMF_CplEx.F90
 PASS: ESMF_CplEx.F90
