2026-09-09 04:44:18
20260909 050744.790 INFO             PET0 !!!!!!!!!!!!!!!!!!!!!!!!!!!!!!!!!!!!!!!!!!!!!!!!!!!!!!
20260909 050744.790 INFO             PET0 !!! THE ESMF_LOG IS SET TO OUTPUT ALL LOG MESSAGES !!!
20260909 050744.790 INFO             PET0 !!!     THIS MAY CAUSE SLOWDOWN IN PERFORMANCE     !!!
20260909 050744.790 INFO             PET0 !!! FOR PRODUCTION RUNS, USE:                      !!!
20260909 050744.790 INFO             PET0 !!!                   ESMF_LOGKIND_Multi_On_Error  !!!
20260909 050744.790 INFO             PET0 !!!!!!!!!!!!!!!!!!!!!!!!!!!!!!!!!!!!!!!!!!!!!!!!!!!!!!
20260909 050744.790 INFO             PET0 Running with ESMF Version   : develop+g4161bf9d44
20260909 050744.790 INFO             PET0 ESMF library build date/time: "Sep  9 2026" "04:42:57"
20260909 050744.790 INFO             PET0 ESMF library build location : /tmp/gfortran_12.3.0_mpi_O_develop/esmf
20260909 050744.790 INFO             PET0 ESMF_COMM                   : mpi
20260909 050744.790 INFO             PET0 ESMF_MOAB                   : enabled
20260909 050744.790 INFO             PET0 ESMF_LAPACK                 : enabled
20260909 050744.790 INFO             PET0 ESMF_NETCDF                 : enabled
20260909 050744.790 INFO             PET0 ESMF_PNETCDF                : disabled
20260909 050744.790 INFO             PET0 ESMF_PIO                    : enabled
20260909 050744.790 INFO             PET0 ESMF_YAMLCPP                : enabled
20260909 050744.791 INFO             PET0  NUMBER_OF_PROCESSORS           1
20260909 050744.791 INFO             PET0  PASS  Example ESMF_AlarmEx, ESMF_AlarmEx.F90, line 244
20260909 050744.791 INFO             PET0  Finalizing ESMF
