2026-09-26 13:06:55
20260926 142033.606 INFO             PET0 !!!!!!!!!!!!!!!!!!!!!!!!!!!!!!!!!!!!!!!!!!!!!!!!!!!!!!
20260926 142033.606 INFO             PET0 !!! THE ESMF_LOG IS SET TO OUTPUT ALL LOG MESSAGES !!!
20260926 142033.606 INFO             PET0 !!!     THIS MAY CAUSE SLOWDOWN IN PERFORMANCE     !!!
20260926 142033.606 INFO             PET0 !!! FOR PRODUCTION RUNS, USE:                      !!!
20260926 142033.606 INFO             PET0 !!!                   ESMF_LOGKIND_Multi_On_Error  !!!
20260926 142033.606 INFO             PET0 !!!!!!!!!!!!!!!!!!!!!!!!!!!!!!!!!!!!!!!!!!!!!!!!!!!!!!
20260926 142033.606 INFO             PET0 Running with ESMF Version   : v9.0.0b19
20260926 142033.606 INFO             PET0 ESMF library build date/time: "Sep 26 2026" "13:03:27"
20260926 142033.606 INFO             PET0 ESMF library build location : /discover/nobackup/projects/gmao/SIteam/ESMF_Testing/llvm_22.1.0_mpich_O_develop/esmf
20260926 142033.606 INFO             PET0 ESMF_COMM                   : mpich
20260926 142033.606 INFO             PET0 ESMF_MOAB                   : enabled
20260926 142033.606 INFO             PET0 ESMF_LAPACK                 : enabled
20260926 142033.606 INFO             PET0 ESMF_NETCDF                 : disabled
20260926 142033.606 INFO             PET0 ESMF_PNETCDF                : disabled
20260926 142033.606 INFO             PET0 ESMF_PIO                    : disabled
20260926 142033.606 INFO             PET0 ESMF_YAMLCPP                : enabled
20260926 142033.607 INFO             PET0  NUMBER_OF_PROCESSORS 1
20260926 142033.607 INFO             PET0  PASS  Example CalendarEx, ./ESMF_CalendarEx.F90, line 217
20260926 142033.607 INFO             PET0  Finalizing ESMF
