2026-09-21 22:54:08
 localPET= 0  localDE= 0 : array( 1 , 1 )= 0.
 localPET= 0  localDE= 0 : array( 1 , 2 )= 4.243991583E-314
 localPET= 0  localDE= 0 : array( 2 , 1 )= 0.
 localPET= 0  localDE= 0 : array( 2 , 2 )= 2.1219957924E-314
 localPET= 0  localDE= 0 : array( 3 , 1 )= 4.2439915834E-314
 localPET= 0  localDE= 0 : array( 3 , 2 )= 2.121995792E-314
 localPET= 0  localDE= 1 : array( 1 , 1 )= 4.67876055776715E-310
 localPET= 0  localDE= 1 : array( 2 , 1 )= 0.
 localPET= 0  localDE= 1 : array( 3 , 1 )= 0.
 localPet:  0 DE  0  [ 1 3 ]
 localPet:  0 DE  4  [ 1 3 ]
  PASS  Example ESMF_ArrayEx, ./ESMF_ArrayEx.F90, line 1901
 PASS: ESMF_ArrayEx.F90
 localPET= 3  localDE= 0 : array( 1 , 1 )= 4.65061221619236E-310
 localPET= 3  localDE= 0 : array( 1 , 2 )= 0.
 localPET= 3  localDE= 0 : array( 2 , 1 )= 0.
 localPET= 3  localDE= 0 : array( 2 , 2 )= 0.
 localPet:  3 DE  3  [ 1 2 ]
  PASS  Example ESMF_ArrayEx, ./ESMF_ArrayEx.F90, line 1901
 PASS: ESMF_ArrayEx.F90
 localPET= 2  localDE= 0 : array( 1 , 1 )= 4.6559788041026E-310
 localPET= 2  localDE= 0 : array( 1 , 2 )= 4.243991583E-314
 localPET= 2  localDE= 0 : array( 2 , 1 )= 0.
 localPET= 2  localDE= 0 : array( 2 , 2 )= 2.1219957924E-314
 localPET= 2  localDE= 0 : array( 3 , 1 )= 4.2439915834E-314
 localPET= 2  localDE= 0 : array( 3 , 2 )= 2.121995792E-314
 localPet:  2 DE  2  [ 1 3 ]
  PASS  Example ESMF_ArrayEx, ./ESMF_ArrayEx.F90, line 1901
 PASS: ESMF_ArrayEx.F90
 localPET= 1  localDE= 0 : array( 1 , 1 )= 4.68068797017815E-310
 localPET= 1  localDE= 0 : array( 1 , 2 )= 0.
 localPET= 1  localDE= 0 : array( 2 , 1 )= 0.
 localPET= 1  localDE= 0 : array( 2 , 2 )= 0.
 localPET= 1  localDE= 1 : array( 1 , 1 )= 4.6806879703252E-310
 localPET= 1  localDE= 1 : array( 2 , 1 )= 1.13431049805426E-310
 localPet:  1 DE  1  [ 1 2 ]
 localPet:  1 DE  5  [ 1 2 ]
  PASS  Example ESMF_ArrayEx, ./ESMF_ArrayEx.F90, line 1901
 PASS: ESMF_ArrayEx.F90
