2026-09-26 13:06:55
 12.45 12.45 12.45 12.45 12.45 12.45 12.45 12.45 12.45 12.45 12.45 12.45 12.45
 12.45 12.45 12.45 12.45 12.45 12.45 12.45 12.45 12.45 12.45 12.45 12.45 12.45
 12.45 12.45 12.45 12.45 12.45 12.45 12.45 12.45 12.45 12.45 12.45 12.45 12.45
 12.45 12.45 12.45 12.45 12.45 12.45 12.45 12.45 12.45 12.45 12.45 12.45 12.45
 12.45 12.45 12.45 12.45 12.45 12.45 12.45 12.45 12.45 12.45 12.45 12.45 12.45
 12.45 12.45 12.45 12.45 12.45 12.45 12.45 12.45 12.45 12.45 12.45 12.45 12.45
 12.45 12.45 12.45 12.45 12.45 12.45 12.45 12.45 12.45 12.45 12.45 12.45 12.45
 12.45 12.45 12.45 12.45 12.45 12.45 12.45 12.45 12.45
 12.45 12.45 12.45 12.45 12.45 12.45 12.45 12.45 12.45 12.45 12.45 12.45 12.45
 12.45 12.45 12.45 12.45 12.45 12.45 12.45 12.45 12.45 12.45 12.45 12.45 12.45
 12.45 12.45 12.45 12.45 12.45 12.45 12.45 12.45 12.45 12.45 12.45 12.45 12.45
 12.45 12.45 12.45 12.45 12.45 12.45 12.45 12.45 12.45 12.45 12.45 12.45 12.45
 12.45 12.45 12.45 12.45 12.45 12.45 12.45 12.45 12.45 12.45 12.45 12.45 12.45
 12.45 12.45 12.45 12.45 12.45 12.45 12.45 12.45 12.45 12.45 12.45 12.45 12.45
 12.45 12.45 12.45 12.45 12.45 12.45 12.45 12.45 12.45 12.45 12.45 12.45 12.45
 12.45 12.45 12.45 12.45 12.45 12.45 12.45 12.45 12.45
 23.67 23.67 23.67 23.67 23.67 23.67 23.67 23.67 23.67 23.67 23.67 23.67 23.67
 23.67 23.67 23.67 23.67 23.67 23.67 23.67 23.67 23.67 23.67 23.67 23.67 23.67
 23.67 23.67 23.67 23.67 23.67 23.67 23.67 23.67 23.67 23.67 23.67 23.67 23.67
 23.67 23.67 23.67 23.67 23.67 23.67 23.67 23.67 23.67 23.67 23.67 23.67 23.67
 23.67 23.67 23.67 23.67 23.67 23.67 23.67 23.67 23.67 23.67 23.67 23.67 23.67
 23.67 23.67 23.67 23.67 23.67 23.67 23.67 23.67 23.67 23.67 23.67 23.67 23.67
 23.67 23.67 23.67 23.67 23.67 23.67 23.67 23.67 23.67 23.67 23.67 23.67 23.67
 23.67 23.67 23.67 23.67 23.67 23.67 23.67 23.67 23.67
 23.67 23.67 23.67 23.67 23.67 23.67 23.67 23.67 23.67 23.67 23.67 23.67 23.67
 23.67 23.67 23.67 23.67 23.67 23.67 23.67 23.67 23.67 23.67 23.67 23.67 23.67
 23.67 23.67 23.67 23.67 23.67 23.67 23.67 23.67 23.67 23.67 23.67 23.67 23.67
 23.67 23.67 23.67 23.67 23.67 23.67 23.67 23.67 23.67 23.67 23.67 23.67 23.67
 23.67 23.67 23.67 23.67 23.67 23.67 23.67 23.67 23.67 23.67 23.67 23.67 23.67
 23.67 23.67 23.67 23.67 23.67 23.67 23.67 23.67 23.67 23.67 23.67 23.67 23.67
 23.67 23.67 23.67 23.67 23.67 23.67 23.67 23.67 23.67 23.67 23.67 23.67 23.67
 23.67 23.67 23.67 23.67 23.67 23.67 23.67 23.67 23.67
 56.81 56.81 56.81 56.81 56.81 56.81 56.81 56.81 56.81 56.81 56.81 56.81 56.81
 56.81 56.81 56.81 56.81 56.81 56.81 56.81 56.81 56.81 56.81 56.81 56.81 56.81
 56.81 56.81 56.81 56.81 56.81 56.81 56.81 56.81 56.81 56.81 56.81 56.81 56.81
 56.81 56.81 56.81 56.81 56.81 56.81 56.81 56.81 56.81 56.81 56.81 56.81 56.81
 56.81 56.81 56.81 56.81 56.81 56.81 56.81 56.81 56.81 56.81 56.81 56.81 56.81
 56.81 56.81 56.81 56.81 56.81 56.81 56.81 56.81 56.81 56.81 56.81 56.81 56.81
 56.81 56.81 56.81 56.81 56.81 56.81 56.81 56.81 56.81 56.81 56.81 56.81 56.81
 56.81 56.81 56.81 56.81 56.81 56.81 56.81 56.81 56.81
 56.81 56.81 56.81 56.81 56.81 56.81 56.81 56.81 56.81 56.81 56.81 56.81 56.81
 56.81 56.81 56.81 56.81 56.81 56.81 56.81 56.81 56.81 56.81 56.81 56.81 56.81
 56.81 56.81 56.81 56.81 56.81 56.81 56.81 56.81 56.81 56.81 56.81 56.81 56.81
 56.81 56.81 56.81 56.81 56.81 56.81 56.81 56.81 56.81 56.81 56.81 56.81 56.81
 56.81 56.81 56.81 56.81 56.81 56.81 56.81 56.81 56.81 56.81 56.81 56.81 56.81
 56.81 56.81 56.81 56.81 56.81 56.81 56.81 56.81 56.81 56.81 56.81 56.81 56.81
 56.81 56.81 56.81 56.81 56.81 56.81 56.81 56.81 56.81 56.81 56.81 56.81 56.81
 56.81 56.81 56.81 56.81 56.81 56.81 56.81 56.81 56.81
  PASS  Example ESMF_ArrayFarrayEx, ./ESMF_ArrayFarrayEx.F90, line 288
 PASS: ESMF_ArrayFarrayEx.F90
 12.45 12.45 12.45 12.45 12.45 12.45 12.45 12.45 12.45 12.45 12.45 12.45 12.45
 12.45 12.45 12.45 12.45 12.45 12.45 12.45 12.45 12.45 12.45 12.45 12.45 12.45
 12.45 12.45 12.45 12.45 12.45 12.45 12.45 12.45 12.45 12.45 12.45 12.45 12.45
 12.45 12.45 12.45 12.45 12.45 12.45 12.45 12.45 12.45 12.45 12.45 12.45 12.45
 12.45 12.45 12.45 12.45 12.45 12.45 12.45 12.45 12.45 12.45 12.45 12.45 12.45
 12.45 12.45 12.45 12.45 12.45 12.45 12.45 12.45 12.45 12.45 12.45 12.45 12.45
 12.45 12.45 12.45 12.45 12.45 12.45 12.45 12.45 12.45 12.45 12.45 12.45 12.45
 12.45 12.45 12.45 12.45 12.45 12.45 12.45 12.45 12.45
 12.45 12.45 12.45 12.45 12.45 12.45 12.45 12.45 12.45 12.45 12.45 12.45 12.45
 12.45 12.45 12.45 12.45 12.45 12.45 12.45 12.45 12.45 12.45 12.45 12.45 12.45
 12.45 12.45 12.45 12.45 12.45 12.45 12.45 12.45 12.45 12.45 12.45 12.45 12.45
 12.45 12.45 12.45 12.45 12.45 12.45 12.45 12.45 12.45 12.45 12.45 12.45 12.45
 12.45 12.45 12.45 12.45 12.45 12.45 12.45 12.45 12.45 12.45 12.45 12.45 12.45
 12.45 12.45 12.45 12.45 12.45 12.45 12.45 12.45 12.45 12.45 12.45 12.45 12.45
 12.45 12.45 12.45 12.45 12.45 12.45 12.45 12.45 12.45 12.45 12.45 12.45 12.45
 12.45 12.45 12.45 12.45 12.45 12.45 12.45 12.45 12.45
 23.67 23.67 23.67 23.67 23.67 23.67 23.67 23.67 23.67 23.67 23.67 23.67 23.67
 23.67 23.67 23.67 23.67 23.67 23.67 23.67 23.67 23.67 23.67 23.67 23.67 23.67
 23.67 23.67 23.67 23.67 23.67 23.67 23.67 23.67 23.67 23.67 23.67 23.67 23.67
 23.67 23.67 23.67 23.67 23.67 23.67 23.67 23.67 23.67 23.67 23.67 23.67 23.67
 23.67 23.67 23.67 23.67 23.67 23.67 23.67 23.67 23.67 23.67 23.67 23.67 23.67
 23.67 23.67 23.67 23.67 23.67 23.67 23.67 23.67 23.67 23.67 23.67 23.67 23.67
 23.67 23.67 23.67 23.67 23.67 23.67 23.67 23.67 23.67 23.67 23.67 23.67 23.67
 23.67 23.67 23.67 23.67 23.67 23.67 23.67 23.67 23.67
 23.67 23.67 23.67 23.67 23.67 23.67 23.67 23.67 23.67 23.67 23.67 23.67 23.67
 23.67 23.67 23.67 23.67 23.67 23.67 23.67 23.67 23.67 23.67 23.67 23.67 23.67
 23.67 23.67 23.67 23.67 23.67 23.67 23.67 23.67 23.67 23.67 23.67 23.67 23.67
 23.67 23.67 23.67 23.67 23.67 23.67 23.67 23.67 23.67 23.67 23.67 23.67 23.67
 23.67 23.67 23.67 23.67 23.67 23.67 23.67 23.67 23.67 23.67 23.67 23.67 23.67
 23.67 23.67 23.67 23.67 23.67 23.67 23.67 23.67 23.67 23.67 23.67 23.67 23.67
 23.67 23.67 23.67 23.67 23.67 23.67 23.67 23.67 23.67 23.67 23.67 23.67 23.67
 23.67 23.67 23.67 23.67 23.67 23.67 23.67 23.67 23.67
 56.81 56.81 56.81 56.81 56.81 56.81 56.81 56.81 56.81 56.81 56.81 56.81 56.81
 56.81 56.81 56.81 56.81 56.81 56.81 56.81 56.81 56.81 56.81 56.81 56.81 56.81
 56.81 56.81 56.81 56.81 56.81 56.81 56.81 56.81 56.81 56.81 56.81 56.81 56.81
 56.81 56.81 56.81 56.81 56.81 56.81 56.81 56.81 56.81 56.81 56.81 56.81 56.81
 56.81 56.81 56.81 56.81 56.81 56.81 56.81 56.81 56.81 56.81 56.81 56.81 56.81
 56.81 56.81 56.81 56.81 56.81 56.81 56.81 56.81 56.81 56.81 56.81 56.81 56.81
 56.81 56.81 56.81 56.81 56.81 56.81 56.81 56.81 56.81 56.81 56.81 56.81 56.81
 56.81 56.81 56.81 56.81 56.81 56.81 56.81 56.81 56.81
 56.81 56.81 56.81 56.81 56.81 56.81 56.81 56.81 56.81 56.81 56.81 56.81 56.81
 56.81 56.81 56.81 56.81 56.81 56.81 56.81 56.81 56.81 56.81 56.81 56.81 56.81
 56.81 56.81 56.81 56.81 56.81 56.81 56.81 56.81 56.81 56.81 56.81 56.81 56.81
 56.81 56.81 56.81 56.81 56.81 56.81 56.81 56.81 56.81 56.81 56.81 56.81 56.81
 56.81 56.81 56.81 56.81 56.81 56.81 56.81 56.81 56.81 56.81 56.81 56.81 56.81
 56.81 56.81 56.81 56.81 56.81 56.81 56.81 56.81 56.81 56.81 56.81 56.81 56.81
 56.81 56.81 56.81 56.81 56.81 56.81 56.81 56.81 56.81 56.81 56.81 56.81 56.81
 56.81 56.81 56.81 56.81 56.81 56.81 56.81 56.81 56.81
  PASS  Example ESMF_ArrayFarrayEx, ./ESMF_ArrayFarrayEx.F90, line 288
 PASS: ESMF_ArrayFarrayEx.F90
 12.45 12.45 12.45 12.45 12.45 12.45 12.45 12.45 12.45 12.45 12.45 12.45 12.45
 12.45 12.45 12.45 12.45 12.45 12.45 12.45 12.45 12.45 12.45 12.45 12.45 12.45
 12.45 12.45 12.45 12.45 12.45 12.45 12.45 12.45 12.45 12.45 12.45 12.45 12.45
 12.45 12.45 12.45 12.45 12.45 12.45 12.45 12.45 12.45 12.45 12.45 12.45 12.45
 12.45 12.45 12.45 12.45 12.45 12.45 12.45 12.45 12.45 12.45 12.45 12.45 12.45
 12.45 12.45 12.45 12.45 12.45 12.45 12.45 12.45 12.45 12.45 12.45 12.45 12.45
 12.45 12.45 12.45 12.45 12.45 12.45 12.45 12.45 12.45 12.45 12.45 12.45 12.45
 12.45 12.45 12.45 12.45 12.45 12.45 12.45 12.45 12.45
 12.45 12.45 12.45 12.45 12.45 12.45 12.45 12.45 12.45 12.45 12.45 12.45 12.45
 12.45 12.45 12.45 12.45 12.45 12.45 12.45 12.45 12.45 12.45 12.45 12.45 12.45
 12.45 12.45 12.45 12.45 12.45 12.45 12.45 12.45 12.45 12.45 12.45 12.45 12.45
 12.45 12.45 12.45 12.45 12.45 12.45 12.45 12.45 12.45 12.45 12.45 12.45 12.45
 12.45 12.45 12.45 12.45 12.45 12.45 12.45 12.45 12.45 12.45 12.45 12.45 12.45
 12.45 12.45 12.45 12.45 12.45 12.45 12.45 12.45 12.45 12.45 12.45 12.45 12.45
 12.45 12.45 12.45 12.45 12.45 12.45 12.45 12.45 12.45 12.45 12.45 12.45 12.45
 12.45 12.45 12.45 12.45 12.45 12.45 12.45 12.45 12.45
 23.67 23.67 23.67 23.67 23.67 23.67 23.67 23.67 23.67 23.67 23.67 23.67 23.67
 23.67 23.67 23.67 23.67 23.67 23.67 23.67 23.67 23.67 23.67 23.67 23.67 23.67
 23.67 23.67 23.67 23.67 23.67 23.67 23.67 23.67 23.67 23.67 23.67 23.67 23.67
 23.67 23.67 23.67 23.67 23.67 23.67 23.67 23.67 23.67 23.67 23.67 23.67 23.67
 23.67 23.67 23.67 23.67 23.67 23.67 23.67 23.67 23.67 23.67 23.67 23.67 23.67
 23.67 23.67 23.67 23.67 23.67 23.67 23.67 23.67 23.67 23.67 23.67 23.67 23.67
 23.67 23.67 23.67 23.67 23.67 23.67 23.67 23.67 23.67 23.67 23.67 23.67 23.67
 23.67 23.67 23.67 23.67 23.67 23.67 23.67 23.67 23.67
 23.67 23.67 23.67 23.67 23.67 23.67 23.67 23.67 23.67 23.67 23.67 23.67 23.67
 23.67 23.67 23.67 23.67 23.67 23.67 23.67 23.67 23.67 23.67 23.67 23.67 23.67
 23.67 23.67 23.67 23.67 23.67 23.67 23.67 23.67 23.67 23.67 23.67 23.67 23.67
 23.67 23.67 23.67 23.67 23.67 23.67 23.67 23.67 23.67 23.67 23.67 23.67 23.67
 23.67 23.67 23.67 23.67 23.67 23.67 23.67 23.67 23.67 23.67 23.67 23.67 23.67
 23.67 23.67 23.67 23.67 23.67 23.67 23.67 23.67 23.67 23.67 23.67 23.67 23.67
 23.67 23.67 23.67 23.67 23.67 23.67 23.67 23.67 23.67 23.67 23.67 23.67 23.67
 23.67 23.67 23.67 23.67 23.67 23.67 23.67 23.67 23.67
 56.81 56.81 56.81 56.81 56.81 56.81 56.81 56.81 56.81 56.81 56.81 56.81 56.81
 56.81 56.81 56.81 56.81 56.81 56.81 56.81 56.81 56.81 56.81 56.81 56.81 56.81
 56.81 56.81 56.81 56.81 56.81 56.81 56.81 56.81 56.81 56.81 56.81 56.81 56.81
 56.81 56.81 56.81 56.81 56.81 56.81 56.81 56.81 56.81 56.81 56.81 56.81 56.81
 56.81 56.81 56.81 56.81 56.81 56.81 56.81 56.81 56.81 56.81 56.81 56.81 56.81
 56.81 56.81 56.81 56.81 56.81 56.81 56.81 56.81 56.81 56.81 56.81 56.81 56.81
 56.81 56.81 56.81 56.81 56.81 56.81 56.81 56.81 56.81 56.81 56.81 56.81 56.81
 56.81 56.81 56.81 56.81 56.81 56.81 56.81 56.81 56.81
 56.81 56.81 56.81 56.81 56.81 56.81 56.81 56.81 56.81 56.81 56.81 56.81 56.81
 56.81 56.81 56.81 56.81 56.81 56.81 56.81 56.81 56.81 56.81 56.81 56.81 56.81
 56.81 56.81 56.81 56.81 56.81 56.81 56.81 56.81 56.81 56.81 56.81 56.81 56.81
 56.81 56.81 56.81 56.81 56.81 56.81 56.81 56.81 56.81 56.81 56.81 56.81 56.81
 56.81 56.81 56.81 56.81 56.81 56.81 56.81 56.81 56.81 56.81 56.81 56.81 56.81
 56.81 56.81 56.81 56.81 56.81 56.81 56.81 56.81 56.81 56.81 56.81 56.81 56.81
 56.81 56.81 56.81 56.81 56.81 56.81 56.81 56.81 56.81 56.81 56.81 56.81 56.81
 56.81 56.81 56.81 56.81 56.81 56.81 56.81 56.81 56.81
  PASS  Example ESMF_ArrayFarrayEx, ./ESMF_ArrayFarrayEx.F90, line 288
 PASS: ESMF_ArrayFarrayEx.F90
 12.45 12.45 12.45 12.45 12.45 12.45 12.45 12.45 12.45 12.45 12.45 12.45 12.45
 12.45 12.45 12.45 12.45 12.45 12.45 12.45 12.45 12.45 12.45 12.45 12.45 12.45
 12.45 12.45 12.45 12.45 12.45 12.45 12.45 12.45 12.45 12.45 12.45 12.45 12.45
 12.45 12.45 12.45 12.45 12.45 12.45 12.45 12.45 12.45 12.45 12.45 12.45 12.45
 12.45 12.45 12.45 12.45 12.45 12.45 12.45 12.45 12.45 12.45 12.45 12.45 12.45
 12.45 12.45 12.45 12.45 12.45 12.45 12.45 12.45 12.45 12.45 12.45 12.45 12.45
 12.45 12.45 12.45 12.45 12.45 12.45 12.45 12.45 12.45 12.45 12.45 12.45 12.45
 12.45 12.45 12.45 12.45 12.45 12.45 12.45 12.45 12.45
 12.45 12.45 12.45 12.45 12.45 12.45 12.45 12.45 12.45 12.45 12.45 12.45 12.45
 12.45 12.45 12.45 12.45 12.45 12.45 12.45 12.45 12.45 12.45 12.45 12.45 12.45
 12.45 12.45 12.45 12.45 12.45 12.45 12.45 12.45 12.45 12.45 12.45 12.45 12.45
 12.45 12.45 12.45 12.45 12.45 12.45 12.45 12.45 12.45 12.45 12.45 12.45 12.45
 12.45 12.45 12.45 12.45 12.45 12.45 12.45 12.45 12.45 12.45 12.45 12.45 12.45
 12.45 12.45 12.45 12.45 12.45 12.45 12.45 12.45 12.45 12.45 12.45 12.45 12.45
 12.45 12.45 12.45 12.45 12.45 12.45 12.45 12.45 12.45 12.45 12.45 12.45 12.45
 12.45 12.45 12.45 12.45 12.45 12.45 12.45 12.45 12.45
 23.67 23.67 23.67 23.67 23.67 23.67 23.67 23.67 23.67 23.67 23.67 23.67 23.67
 23.67 23.67 23.67 23.67 23.67 23.67 23.67 23.67 23.67 23.67 23.67 23.67 23.67
 23.67 23.67 23.67 23.67 23.67 23.67 23.67 23.67 23.67 23.67 23.67 23.67 23.67
 23.67 23.67 23.67 23.67 23.67 23.67 23.67 23.67 23.67 23.67 23.67 23.67 23.67
 23.67 23.67 23.67 23.67 23.67 23.67 23.67 23.67 23.67 23.67 23.67 23.67 23.67
 23.67 23.67 23.67 23.67 23.67 23.67 23.67 23.67 23.67 23.67 23.67 23.67 23.67
 23.67 23.67 23.67 23.67 23.67 23.67 23.67 23.67 23.67 23.67 23.67 23.67 23.67
 23.67 23.67 23.67 23.67 23.67 23.67 23.67 23.67 23.67
 23.67 23.67 23.67 23.67 23.67 23.67 23.67 23.67 23.67 23.67 23.67 23.67 23.67
 23.67 23.67 23.67 23.67 23.67 23.67 23.67 23.67 23.67 23.67 23.67 23.67 23.67
 23.67 23.67 23.67 23.67 23.67 23.67 23.67 23.67 23.67 23.67 23.67 23.67 23.67
 23.67 23.67 23.67 23.67 23.67 23.67 23.67 23.67 23.67 23.67 23.67 23.67 23.67
 23.67 23.67 23.67 23.67 23.67 23.67 23.67 23.67 23.67 23.67 23.67 23.67 23.67
 23.67 23.67 23.67 23.67 23.67 23.67 23.67 23.67 23.67 23.67 23.67 23.67 23.67
 23.67 23.67 23.67 23.67 23.67 23.67 23.67 23.67 23.67 23.67 23.67 23.67 23.67
 23.67 23.67 23.67 23.67 23.67 23.67 23.67 23.67 23.67
 56.81 56.81 56.81 56.81 56.81 56.81 56.81 56.81 56.81 56.81 56.81 56.81 56.81
 56.81 56.81 56.81 56.81 56.81 56.81 56.81 56.81 56.81 56.81 56.81 56.81 56.81
 56.81 56.81 56.81 56.81 56.81 56.81 56.81 56.81 56.81 56.81 56.81 56.81 56.81
 56.81 56.81 56.81 56.81 56.81 56.81 56.81 56.81 56.81 56.81 56.81 56.81 56.81
 56.81 56.81 56.81 56.81 56.81 56.81 56.81 56.81 56.81 56.81 56.81 56.81 56.81
 56.81 56.81 56.81 56.81 56.81 56.81 56.81 56.81 56.81 56.81 56.81 56.81 56.81
 56.81 56.81 56.81 56.81 56.81 56.81 56.81 56.81 56.81 56.81 56.81 56.81 56.81
 56.81 56.81 56.81 56.81 56.81 56.81 56.81 56.81 56.81
 56.81 56.81 56.81 56.81 56.81 56.81 56.81 56.81 56.81 56.81 56.81 56.81 56.81
 56.81 56.81 56.81 56.81 56.81 56.81 56.81 56.81 56.81 56.81 56.81 56.81 56.81
 56.81 56.81 56.81 56.81 56.81 56.81 56.81 56.81 56.81 56.81 56.81 56.81 56.81
 56.81 56.81 56.81 56.81 56.81 56.81 56.81 56.81 56.81 56.81 56.81 56.81 56.81
 56.81 56.81 56.81 56.81 56.81 56.81 56.81 56.81 56.81 56.81 56.81 56.81 56.81
 56.81 56.81 56.81 56.81 56.81 56.81 56.81 56.81 56.81 56.81 56.81 56.81 56.81
 56.81 56.81 56.81 56.81 56.81 56.81 56.81 56.81 56.81 56.81 56.81 56.81 56.81
 56.81 56.81 56.81 56.81 56.81 56.81 56.81 56.81 56.81
  PASS  Example ESMF_ArrayFarrayEx, ./ESMF_ArrayFarrayEx.F90, line 288
 PASS: ESMF_ArrayFarrayEx.F90
