2026-09-11 21:09:18
20260911 222256.043 INFO             PET0 !!!!!!!!!!!!!!!!!!!!!!!!!!!!!!!!!!!!!!!!!!!!!!!!!!!!!!
20260911 222256.043 INFO             PET0 !!! THE ESMF_LOG IS SET TO OUTPUT ALL LOG MESSAGES !!!
20260911 222256.043 INFO             PET0 !!!     THIS MAY CAUSE SLOWDOWN IN PERFORMANCE     !!!
20260911 222256.043 INFO             PET0 !!! FOR PRODUCTION RUNS, USE:                      !!!
20260911 222256.043 INFO             PET0 !!!                   ESMF_LOGKIND_Multi_On_Error  !!!
20260911 222256.043 INFO             PET0 !!!!!!!!!!!!!!!!!!!!!!!!!!!!!!!!!!!!!!!!!!!!!!!!!!!!!!
20260911 222256.043 INFO             PET0 Running with ESMF Version   : v9.0.0b18
20260911 222256.043 INFO             PET0 ESMF library build date/time: "Sep 11 2026" "21:06:33"
20260911 222256.043 INFO             PET0 ESMF library build location : /scratch3/NCEPDEV/stmp/Gerhard.Theurich/ESMF-Nightly-Testing-Hera/intel_2023.2.0_intelmpi_g_develop/esmf
20260911 222256.043 INFO             PET0 ESMF_COMM                   : intelmpi
20260911 222256.043 INFO             PET0 ESMF_MOAB                   : enabled
20260911 222256.043 INFO             PET0 ESMF_LAPACK                 : enabled
20260911 222256.043 INFO             PET0 ESMF_NETCDF                 : enabled
20260911 222256.043 INFO             PET0 ESMF_PNETCDF                : disabled
20260911 222256.043 INFO             PET0 ESMF_PIO                    : enabled
20260911 222256.043 INFO             PET0 ESMF_YAMLCPP                : enabled
20260911 222256.054 INFO             PET0 =============================================
20260911 222256.054 INFO             PET0 ESMX (Earth System Model eXecutable) STARTING
20260911 222256.054 INFO             PET0 =============================================
20260911 222256.086 DEBUG            PET0 Generic SetVM() is executing for: ESMX_Driver
20260911 222256.087 DEBUG            PET0 Generic SetVM() found no NUOPC Hint for: ESMX_Driver
20260911 222256.087 DEBUG            PET0 Generic SetVM() therefore is NOT calling ESMF_GridCompSetVMMaxPEs() for: ESMX_Driver
20260911 222256.100 INFO             PET0 ESMX_Driver: InitializeGeneric intro.
20260911 222256.100 INFO             PET0   >>>ESMX_Driver: entered Initialize (phase=<none>) without valid internal Clock.
20260911 222256.101 INFO             PET0   ESMX_Driver: InitializeP0 intro.
20260911 222256.101 INFO             PET0     >>>ESMX_Driver: entered Initialize (phase=<none>) without valid internal Clock.
20260911 222256.101 INFO             PET0     <<<ESMX_Driver: leaving Initialize (phase=<none>) without valid internal Clock.
20260911 222256.101 INFO             PET0   ESMX_Driver: InitializeP0 extro.
20260911 222256.101 INFO             PET0   ESMX_Driver: InitializeIPDv02p1 intro.
20260911 222256.101 INFO             PET0     >>>ESMX_Driver: entered Initialize (phase=<none>) without valid internal Clock.
20260911 222256.125 INFO             PET0     ESMX_Driver - Creating model component ABC without petList.
20260911 222256.125 DEBUG            PET0     Generic SetVM() is executing for: ABC
20260911 222256.126 DEBUG            PET0     Generic SetVM() found no NUOPC Hint for: ABC
20260911 222256.126 DEBUG            PET0     Generic SetVM() therefore is NOT calling ESMF_GridCompSetVMMaxPEs() for: ABC
20260911 222256.149 INFO             PET0     ABC: InitializeP0 intro.
20260911 222256.149 INFO             PET0       >>>ABC: entered Initialize (phase=<none>) without valid internal Clock.
20260911 222256.151 INFO             PET0       <<<ABC: leaving Initialize (phase=<none>) without valid internal Clock.
20260911 222256.152 INFO             PET0     ABC: InitializeP0 extro.
20260911 222256.160 INFO             PET0     ESMX_Driver: IInitAdvertise intro.
20260911 222256.161 INFO             PET0       >>>ESMX_Driver: entered Initialize (phase=<none>) with current time: 2012 10 24  8  0  0   0
20260911 222256.161 INFO             PET0       <<<ESMX_Driver: leaving Initialize (phase=<none>) with current time: 2012 10 24  8  0  0   0
20260911 222256.161 INFO             PET0     ESMX_Driver: IInitAdvertise extro.
20260911 222256.161 INFO             PET0     ABC: InitializeIPDvXp01 intro.
20260911 222256.161 INFO             PET0       >>>ABC: entered Initialize (phase=IPDvXp01) without valid internal Clock.
20260911 222256.162 INFO             PET0       <<<ABC: leaving Initialize (phase=IPDvXp01) without valid internal Clock.
20260911 222256.162 INFO             PET0     ABC: InitializeIPDvXp01 extro.
20260911 222256.163 INFO             PET0     ESMX_Driver: IInitAdvertiseFinish intro.
20260911 222256.164 INFO             PET0       >>>ESMX_Driver: entered Initialize (phase=<none>) with current time: 2012 10 24  8  0  0   0
20260911 222256.164 INFO             PET0       <<<ESMX_Driver: leaving Initialize (phase=<none>) with current time: 2012 10 24  8  0  0   0
20260911 222256.164 INFO             PET0     ESMX_Driver: IInitAdvertiseFinish extro.
20260911 222256.164 INFO             PET0     ESMX_Driver: IInitModifyCplLists intro.
20260911 222256.165 INFO             PET0       >>>ESMX_Driver: entered Initialize (phase=<none>) with current time: 2012 10 24  8  0  0   0
20260911 222256.165 INFO             PET0       <<<ESMX_Driver: leaving Initialize (phase=<none>) with current time: 2012 10 24  8  0  0   0
20260911 222256.165 INFO             PET0     ESMX_Driver: IInitModifyCplLists extro.
20260911 222256.165 INFO             PET0     <<<ESMX_Driver: leaving Initialize (phase=<none>) with current time: 2012 10 24  8  0  0   0
20260911 222256.165 INFO             PET0   ESMX_Driver: InitializeIPDv02p1 extro.
20260911 222256.166 INFO             PET0   ESMX_Driver: InitializeIPDv02p3 intro.
20260911 222256.166 INFO             PET0     >>>ESMX_Driver: entered Initialize (phase=<none>) with current time: 2012 10 24  8  0  0   0
20260911 222256.166 INFO             PET0     ESMX_Driver: IInitCheck intro.
20260911 222256.166 INFO             PET0       >>>ESMX_Driver: entered Initialize (phase=<none>) with current time: 2012 10 24  8  0  0   0
20260911 222256.167 INFO             PET0       <<<ESMX_Driver: leaving Initialize (phase=<none>) with current time: 2012 10 24  8  0  0   0
20260911 222256.167 INFO             PET0     ESMX_Driver: IInitCheck extro.
20260911 222256.167 INFO             PET0     ABC: InitializeIPDvXp04 intro.
20260911 222256.167 INFO             PET0       >>>ABC: entered Initialize (phase=IPDvXp04) without valid internal Clock.
20260911 222256.167 INFO             PET0       <<<ABC: leaving Initialize (phase=IPDvXp04) without valid internal Clock.
20260911 222256.167 INFO             PET0     ABC: InitializeIPDvXp04 extro.
20260911 222256.169 INFO             PET0     ESMX_Driver: IInitRealize intro.
20260911 222256.169 INFO             PET0       >>>ESMX_Driver: entered Initialize (phase=<none>) with current time: 2012 10 24  8  0  0   0
20260911 222256.170 INFO             PET0       <<<ESMX_Driver: leaving Initialize (phase=<none>) with current time: 2012 10 24  8  0  0   0
20260911 222256.170 INFO             PET0     ESMX_Driver: IInitRealize extro.
20260911 222256.170 INFO             PET0     ABC: InitializeIPDvXp07 intro.
20260911 222256.171 INFO             PET0       >>>ABC: entered Initialize (phase=IPDvXp07) without valid internal Clock.
20260911 222256.171 INFO             PET0       <<<ABC: leaving Initialize (phase=IPDvXp07) with current time: 2012 10 24  8  0  0   0
20260911 222256.171 INFO             PET0     ABC: InitializeIPDvXp07 extro.
20260911 222256.171 INFO             PET0     <<<ESMX_Driver: leaving Initialize (phase=<none>) with current time: 2012 10 24  8  0  0   0
20260911 222256.171 INFO             PET0   ESMX_Driver: InitializeIPDv02p3 extro.
20260911 222256.171 INFO             PET0   ESMX_Driver: InitializeIPDv02p5 intro.
20260911 222256.171 INFO             PET0     >>>ESMX_Driver: entered Initialize (phase=<none>) with current time: 2012 10 24  8  0  0   0
20260911 222256.172 INFO             PET0     ESMX_Driver: InitializeIPDv02p5Data intro.
20260911 222256.172 INFO             PET0       >>>ESMX_Driver: entered Initialize (phase=<none>) with current time: 2012 10 24  8  0  0   0
20260911 222256.172 INFO             PET0       ESMX_Driver: InternalInitializeComplete intro.
20260911 222256.173 INFO             PET0         >>>ESMX_Driver: entered Initialize (phase=<none>) with current time: 2012 10 24  8  0  0   0
20260911 222256.173 INFO             PET0         <<<ESMX_Driver: leaving Initialize (phase=<none>) with current time: 2012 10 24  8  0  0   0
20260911 222256.173 INFO             PET0       ESMX_Driver: InternalInitializeComplete extro.
20260911 222256.173 INFO             PET0       ABC: InitializeIPDvXp08 intro.
20260911 222256.173 INFO             PET0         >>>ABC: entered Initialize (phase=IPDv05p8) with current time: 2012 10 24  8  0  0   0
20260911 222256.174 INFO             PET0         <<<ABC: leaving Initialize (phase=IPDv05p8) with current time: 2012 10 24  8  0  0   0
20260911 222256.174 INFO             PET0       ABC: InitializeIPDvXp08 extro.
20260911 222256.176 INFO             PET0       ESMX_Driver: loopDataDependentInitialize intro.
20260911 222256.176 INFO             PET0         >>>ESMX_Driver: entered Initialize (phase=<none>) with current time: 2012 10 24  8  0  0   0
20260911 222256.177 INFO             PET0         <<<ESMX_Driver: leaving Initialize (phase=<none>) with current time: 2012 10 24  8  0  0   0
20260911 222256.177 INFO             PET0       ESMX_Driver: loopDataDependentInitialize extro.
20260911 222256.177 INFO             PET0       <<<ESMX_Driver: leaving Initialize (phase=<none>) with current time: 2012 10 24  8  0  0   0
20260911 222256.177 INFO             PET0     ESMX_Driver: InitializeIPDv02p5Data extro.
20260911 222256.177 INFO             PET0     <<<ESMX_Driver: leaving Initialize (phase=<none>) with current time: 2012 10 24  8  0  0   0
20260911 222256.177 INFO             PET0   ESMX_Driver: InitializeIPDv02p5 extro.
20260911 222256.177 INFO             PET0   <<<ESMX_Driver: leaving Initialize (phase=<none>) with current time: 2012 10 24  8  0  0   0
20260911 222256.177 INFO             PET0 ESMX_Driver: InitializeGeneric extro.
20260911 222256.178 INFO             PET0 ESMX_Driver: Run intro.
20260911 222256.178 INFO             PET0   >>>ESMX_Driver: entered Run (phase=RunPhase1) with current time: 2012 10 24  8  0  0   0
20260911 222256.178 INFO             PET0   ABC: Run intro.
20260911 222256.179 INFO             PET0     >>>ABC: entered Run (phase=RunPhase1) with current time: 2012 10 24  8  0  0   0
20260911 222256.179 INFO             PET0     <<<ABC: leaving Run (phase=RunPhase1) with current time: 2012 10 24 20  0  0   0
20260911 222256.179 INFO             PET0   ABC: Run extro.
20260911 222256.179 INFO             PET0   <<<ESMX_Driver: leaving Run (phase=RunPhase1) with current time: 2012 10 24 20  0  0   0
20260911 222256.179 INFO             PET0 ESMX_Driver: Run extro.
20260911 222256.179 INFO             PET0 ESMX_Driver: Finalize intro.
20260911 222256.180 INFO             PET0   >>>ESMX_Driver: entered Finalize (phase=FinalizePhase1) with current time: 2012 10 24 20  0  0   0
20260911 222256.180 INFO             PET0   Calling Finalize phase 1 for modelComp: ABC
20260911 222256.180 INFO             PET0   ABC: Finalize intro.
20260911 222256.180 INFO             PET0     >>>ABC: entered Finalize (phase=FinalizePhase1) with current time: 2012 10 24 20  0  0   0
20260911 222256.180 INFO             PET0     <<<ABC: leaving Finalize (phase=FinalizePhase1) with current time: 2012 10 24 20  0  0   0
20260911 222256.180 INFO             PET0   ABC: Finalize extro.
20260911 222256.180 INFO             PET0   Delete modelComp: ABC
20260911 222256.180 INFO             PET0   <<<ESMX_Driver: leaving Finalize (phase=FinalizePhase1) with current time: 2012 10 24 20  0  0   0
20260911 222256.180 INFO             PET0 ESMX_Driver: Finalize extro.
20260911 222256.180 INFO             PET0 =============================================
20260911 222256.181 INFO             PET0 ESMX (Earth System Model eXecutable) FINISHED
20260911 222256.181 INFO             PET0 =============================================
20260911 222256.181 INFO             PET0  Finalizing ESMF
20260911 222256.043 INFO             PET1 !!!!!!!!!!!!!!!!!!!!!!!!!!!!!!!!!!!!!!!!!!!!!!!!!!!!!!
20260911 222256.044 INFO             PET1 !!! THE ESMF_LOG IS SET TO OUTPUT ALL LOG MESSAGES !!!
20260911 222256.044 INFO             PET1 !!!     THIS MAY CAUSE SLOWDOWN IN PERFORMANCE     !!!
20260911 222256.044 INFO             PET1 !!! FOR PRODUCTION RUNS, USE:                      !!!
20260911 222256.044 INFO             PET1 !!!                   ESMF_LOGKIND_Multi_On_Error  !!!
20260911 222256.044 INFO             PET1 !!!!!!!!!!!!!!!!!!!!!!!!!!!!!!!!!!!!!!!!!!!!!!!!!!!!!!
20260911 222256.044 INFO             PET1 Running with ESMF Version   : v9.0.0b18
20260911 222256.044 INFO             PET1 ESMF library build date/time: "Sep 11 2026" "21:06:33"
20260911 222256.044 INFO             PET1 ESMF library build location : /scratch3/NCEPDEV/stmp/Gerhard.Theurich/ESMF-Nightly-Testing-Hera/intel_2023.2.0_intelmpi_g_develop/esmf
20260911 222256.044 INFO             PET1 ESMF_COMM                   : intelmpi
20260911 222256.044 INFO             PET1 ESMF_MOAB                   : enabled
20260911 222256.044 INFO             PET1 ESMF_LAPACK                 : enabled
20260911 222256.044 INFO             PET1 ESMF_NETCDF                 : enabled
20260911 222256.044 INFO             PET1 ESMF_PNETCDF                : disabled
20260911 222256.044 INFO             PET1 ESMF_PIO                    : enabled
20260911 222256.044 INFO             PET1 ESMF_YAMLCPP                : enabled
20260911 222256.054 INFO             PET1 =============================================
20260911 222256.054 INFO             PET1 ESMX (Earth System Model eXecutable) STARTING
20260911 222256.054 INFO             PET1 =============================================
20260911 222256.086 DEBUG            PET1 Generic SetVM() is executing for: ESMX_Driver
20260911 222256.087 DEBUG            PET1 Generic SetVM() found no NUOPC Hint for: ESMX_Driver
20260911 222256.087 DEBUG            PET1 Generic SetVM() therefore is NOT calling ESMF_GridCompSetVMMaxPEs() for: ESMX_Driver
20260911 222256.100 INFO             PET1 ESMX_Driver: InitializeGeneric intro.
20260911 222256.100 INFO             PET1   >>>ESMX_Driver: entered Initialize (phase=<none>) without valid internal Clock.
20260911 222256.101 INFO             PET1   ESMX_Driver: InitializeP0 intro.
20260911 222256.101 INFO             PET1     >>>ESMX_Driver: entered Initialize (phase=<none>) without valid internal Clock.
20260911 222256.101 INFO             PET1     <<<ESMX_Driver: leaving Initialize (phase=<none>) without valid internal Clock.
20260911 222256.101 INFO             PET1   ESMX_Driver: InitializeP0 extro.
20260911 222256.101 INFO             PET1   ESMX_Driver: InitializeIPDv02p1 intro.
20260911 222256.101 INFO             PET1     >>>ESMX_Driver: entered Initialize (phase=<none>) without valid internal Clock.
20260911 222256.125 INFO             PET1     ESMX_Driver - Creating model component ABC without petList.
20260911 222256.125 DEBUG            PET1     Generic SetVM() is executing for: ABC
20260911 222256.126 DEBUG            PET1     Generic SetVM() found no NUOPC Hint for: ABC
20260911 222256.126 DEBUG            PET1     Generic SetVM() therefore is NOT calling ESMF_GridCompSetVMMaxPEs() for: ABC
20260911 222256.149 INFO             PET1     ABC: InitializeP0 intro.
20260911 222256.149 INFO             PET1       >>>ABC: entered Initialize (phase=<none>) without valid internal Clock.
20260911 222256.151 INFO             PET1       <<<ABC: leaving Initialize (phase=<none>) without valid internal Clock.
20260911 222256.151 INFO             PET1     ABC: InitializeP0 extro.
20260911 222256.161 INFO             PET1     ESMX_Driver: IInitAdvertise intro.
20260911 222256.161 INFO             PET1       >>>ESMX_Driver: entered Initialize (phase=<none>) with current time: 2012 10 24  8  0  0   0
20260911 222256.161 INFO             PET1       <<<ESMX_Driver: leaving Initialize (phase=<none>) with current time: 2012 10 24  8  0  0   0
20260911 222256.161 INFO             PET1     ESMX_Driver: IInitAdvertise extro.
20260911 222256.162 INFO             PET1     ABC: InitializeIPDvXp01 intro.
20260911 222256.162 INFO             PET1       >>>ABC: entered Initialize (phase=IPDvXp01) without valid internal Clock.
20260911 222256.162 INFO             PET1       <<<ABC: leaving Initialize (phase=IPDvXp01) without valid internal Clock.
20260911 222256.162 INFO             PET1     ABC: InitializeIPDvXp01 extro.
20260911 222256.164 INFO             PET1     ESMX_Driver: IInitAdvertiseFinish intro.
20260911 222256.164 INFO             PET1       >>>ESMX_Driver: entered Initialize (phase=<none>) with current time: 2012 10 24  8  0  0   0
20260911 222256.164 INFO             PET1       <<<ESMX_Driver: leaving Initialize (phase=<none>) with current time: 2012 10 24  8  0  0   0
20260911 222256.164 INFO             PET1     ESMX_Driver: IInitAdvertiseFinish extro.
20260911 222256.165 INFO             PET1     ESMX_Driver: IInitModifyCplLists intro.
20260911 222256.165 INFO             PET1       >>>ESMX_Driver: entered Initialize (phase=<none>) with current time: 2012 10 24  8  0  0   0
20260911 222256.165 INFO             PET1       <<<ESMX_Driver: leaving Initialize (phase=<none>) with current time: 2012 10 24  8  0  0   0
20260911 222256.165 INFO             PET1     ESMX_Driver: IInitModifyCplLists extro.
20260911 222256.166 INFO             PET1     <<<ESMX_Driver: leaving Initialize (phase=<none>) with current time: 2012 10 24  8  0  0   0
20260911 222256.166 INFO             PET1   ESMX_Driver: InitializeIPDv02p1 extro.
20260911 222256.166 INFO             PET1   ESMX_Driver: InitializeIPDv02p3 intro.
20260911 222256.166 INFO             PET1     >>>ESMX_Driver: entered Initialize (phase=<none>) with current time: 2012 10 24  8  0  0   0
20260911 222256.167 INFO             PET1     ESMX_Driver: IInitCheck intro.
20260911 222256.167 INFO             PET1       >>>ESMX_Driver: entered Initialize (phase=<none>) with current time: 2012 10 24  8  0  0   0
20260911 222256.167 INFO             PET1       <<<ESMX_Driver: leaving Initialize (phase=<none>) with current time: 2012 10 24  8  0  0   0
20260911 222256.167 INFO             PET1     ESMX_Driver: IInitCheck extro.
20260911 222256.167 INFO             PET1     ABC: InitializeIPDvXp04 intro.
20260911 222256.168 INFO             PET1       >>>ABC: entered Initialize (phase=IPDvXp04) without valid internal Clock.
20260911 222256.168 INFO             PET1       <<<ABC: leaving Initialize (phase=IPDvXp04) without valid internal Clock.
20260911 222256.168 INFO             PET1     ABC: InitializeIPDvXp04 extro.
20260911 222256.170 INFO             PET1     ESMX_Driver: IInitRealize intro.
20260911 222256.170 INFO             PET1       >>>ESMX_Driver: entered Initialize (phase=<none>) with current time: 2012 10 24  8  0  0   0
20260911 222256.170 INFO             PET1       <<<ESMX_Driver: leaving Initialize (phase=<none>) with current time: 2012 10 24  8  0  0   0
20260911 222256.170 INFO             PET1     ESMX_Driver: IInitRealize extro.
20260911 222256.171 INFO             PET1     ABC: InitializeIPDvXp07 intro.
20260911 222256.171 INFO             PET1       >>>ABC: entered Initialize (phase=IPDvXp07) without valid internal Clock.
20260911 222256.171 INFO             PET1       <<<ABC: leaving Initialize (phase=IPDvXp07) with current time: 2012 10 24  8  0  0   0
20260911 222256.171 INFO             PET1     ABC: InitializeIPDvXp07 extro.
20260911 222256.171 INFO             PET1     <<<ESMX_Driver: leaving Initialize (phase=<none>) with current time: 2012 10 24  8  0  0   0
20260911 222256.171 INFO             PET1   ESMX_Driver: InitializeIPDv02p3 extro.
20260911 222256.172 INFO             PET1   ESMX_Driver: InitializeIPDv02p5 intro.
20260911 222256.172 INFO             PET1     >>>ESMX_Driver: entered Initialize (phase=<none>) with current time: 2012 10 24  8  0  0   0
20260911 222256.172 INFO             PET1     ESMX_Driver: InitializeIPDv02p5Data intro.
20260911 222256.172 INFO             PET1       >>>ESMX_Driver: entered Initialize (phase=<none>) with current time: 2012 10 24  8  0  0   0
20260911 222256.173 INFO             PET1       ESMX_Driver: InternalInitializeComplete intro.
20260911 222256.173 INFO             PET1         >>>ESMX_Driver: entered Initialize (phase=<none>) with current time: 2012 10 24  8  0  0   0
20260911 222256.173 INFO             PET1         <<<ESMX_Driver: leaving Initialize (phase=<none>) with current time: 2012 10 24  8  0  0   0
20260911 222256.173 INFO             PET1       ESMX_Driver: InternalInitializeComplete extro.
20260911 222256.174 INFO             PET1       ABC: InitializeIPDvXp08 intro.
20260911 222256.174 INFO             PET1         >>>ABC: entered Initialize (phase=IPDv05p8) with current time: 2012 10 24  8  0  0   0
20260911 222256.174 INFO             PET1         <<<ABC: leaving Initialize (phase=IPDv05p8) with current time: 2012 10 24  8  0  0   0
20260911 222256.174 INFO             PET1       ABC: InitializeIPDvXp08 extro.
20260911 222256.176 INFO             PET1       ESMX_Driver: loopDataDependentInitialize intro.
20260911 222256.176 INFO             PET1         >>>ESMX_Driver: entered Initialize (phase=<none>) with current time: 2012 10 24  8  0  0   0
20260911 222256.176 INFO             PET1         <<<ESMX_Driver: leaving Initialize (phase=<none>) with current time: 2012 10 24  8  0  0   0
20260911 222256.177 INFO             PET1       ESMX_Driver: loopDataDependentInitialize extro.
20260911 222256.177 INFO             PET1       <<<ESMX_Driver: leaving Initialize (phase=<none>) with current time: 2012 10 24  8  0  0   0
20260911 222256.177 INFO             PET1     ESMX_Driver: InitializeIPDv02p5Data extro.
20260911 222256.177 INFO             PET1     <<<ESMX_Driver: leaving Initialize (phase=<none>) with current time: 2012 10 24  8  0  0   0
20260911 222256.177 INFO             PET1   ESMX_Driver: InitializeIPDv02p5 extro.
20260911 222256.177 INFO             PET1   <<<ESMX_Driver: leaving Initialize (phase=<none>) with current time: 2012 10 24  8  0  0   0
20260911 222256.177 INFO             PET1 ESMX_Driver: InitializeGeneric extro.
20260911 222256.177 INFO             PET1 ESMX_Driver: Run intro.
20260911 222256.177 INFO             PET1   >>>ESMX_Driver: entered Run (phase=RunPhase1) with current time: 2012 10 24  8  0  0   0
20260911 222256.178 INFO             PET1   ABC: Run intro.
20260911 222256.178 INFO             PET1     >>>ABC: entered Run (phase=RunPhase1) with current time: 2012 10 24  8  0  0   0
20260911 222256.179 INFO             PET1     <<<ABC: leaving Run (phase=RunPhase1) with current time: 2012 10 24 20  0  0   0
20260911 222256.179 INFO             PET1   ABC: Run extro.
20260911 222256.179 INFO             PET1   <<<ESMX_Driver: leaving Run (phase=RunPhase1) with current time: 2012 10 24 20  0  0   0
20260911 222256.179 INFO             PET1 ESMX_Driver: Run extro.
20260911 222256.179 INFO             PET1 ESMX_Driver: Finalize intro.
20260911 222256.179 INFO             PET1   >>>ESMX_Driver: entered Finalize (phase=FinalizePhase1) with current time: 2012 10 24 20  0  0   0
20260911 222256.179 INFO             PET1   Calling Finalize phase 1 for modelComp: ABC
20260911 222256.179 INFO             PET1   ABC: Finalize intro.
20260911 222256.179 INFO             PET1     >>>ABC: entered Finalize (phase=FinalizePhase1) with current time: 2012 10 24 20  0  0   0
20260911 222256.179 INFO             PET1     <<<ABC: leaving Finalize (phase=FinalizePhase1) with current time: 2012 10 24 20  0  0   0
20260911 222256.180 INFO             PET1   ABC: Finalize extro.
20260911 222256.180 INFO             PET1   Delete modelComp: ABC
20260911 222256.180 INFO             PET1   <<<ESMX_Driver: leaving Finalize (phase=FinalizePhase1) with current time: 2012 10 24 20  0  0   0
20260911 222256.180 INFO             PET1 ESMX_Driver: Finalize extro.
20260911 222256.180 INFO             PET1 =============================================
20260911 222256.180 INFO             PET1 ESMX (Earth System Model eXecutable) FINISHED
20260911 222256.180 INFO             PET1 =============================================
20260911 222256.180 INFO             PET1  Finalizing ESMF
20260911 222256.043 INFO             PET2 !!!!!!!!!!!!!!!!!!!!!!!!!!!!!!!!!!!!!!!!!!!!!!!!!!!!!!
20260911 222256.043 INFO             PET2 !!! THE ESMF_LOG IS SET TO OUTPUT ALL LOG MESSAGES !!!
20260911 222256.043 INFO             PET2 !!!     THIS MAY CAUSE SLOWDOWN IN PERFORMANCE     !!!
20260911 222256.043 INFO             PET2 !!! FOR PRODUCTION RUNS, USE:                      !!!
20260911 222256.043 INFO             PET2 !!!                   ESMF_LOGKIND_Multi_On_Error  !!!
20260911 222256.043 INFO             PET2 !!!!!!!!!!!!!!!!!!!!!!!!!!!!!!!!!!!!!!!!!!!!!!!!!!!!!!
20260911 222256.043 INFO             PET2 Running with ESMF Version   : v9.0.0b18
20260911 222256.043 INFO             PET2 ESMF library build date/time: "Sep 11 2026" "21:06:33"
20260911 222256.043 INFO             PET2 ESMF library build location : /scratch3/NCEPDEV/stmp/Gerhard.Theurich/ESMF-Nightly-Testing-Hera/intel_2023.2.0_intelmpi_g_develop/esmf
20260911 222256.043 INFO             PET2 ESMF_COMM                   : intelmpi
20260911 222256.044 INFO             PET2 ESMF_MOAB                   : enabled
20260911 222256.044 INFO             PET2 ESMF_LAPACK                 : enabled
20260911 222256.044 INFO             PET2 ESMF_NETCDF                 : enabled
20260911 222256.044 INFO             PET2 ESMF_PNETCDF                : disabled
20260911 222256.044 INFO             PET2 ESMF_PIO                    : enabled
20260911 222256.044 INFO             PET2 ESMF_YAMLCPP                : enabled
20260911 222256.054 INFO             PET2 =============================================
20260911 222256.054 INFO             PET2 ESMX (Earth System Model eXecutable) STARTING
20260911 222256.054 INFO             PET2 =============================================
20260911 222256.086 DEBUG            PET2 Generic SetVM() is executing for: ESMX_Driver
20260911 222256.087 DEBUG            PET2 Generic SetVM() found no NUOPC Hint for: ESMX_Driver
20260911 222256.087 DEBUG            PET2 Generic SetVM() therefore is NOT calling ESMF_GridCompSetVMMaxPEs() for: ESMX_Driver
20260911 222256.100 INFO             PET2 ESMX_Driver: InitializeGeneric intro.
20260911 222256.100 INFO             PET2   >>>ESMX_Driver: entered Initialize (phase=<none>) without valid internal Clock.
20260911 222256.101 INFO             PET2   ESMX_Driver: InitializeP0 intro.
20260911 222256.101 INFO             PET2     >>>ESMX_Driver: entered Initialize (phase=<none>) without valid internal Clock.
20260911 222256.101 INFO             PET2     <<<ESMX_Driver: leaving Initialize (phase=<none>) without valid internal Clock.
20260911 222256.101 INFO             PET2   ESMX_Driver: InitializeP0 extro.
20260911 222256.101 INFO             PET2   ESMX_Driver: InitializeIPDv02p1 intro.
20260911 222256.101 INFO             PET2     >>>ESMX_Driver: entered Initialize (phase=<none>) without valid internal Clock.
20260911 222256.125 INFO             PET2     ESMX_Driver - Creating model component ABC without petList.
20260911 222256.125 DEBUG            PET2     Generic SetVM() is executing for: ABC
20260911 222256.126 DEBUG            PET2     Generic SetVM() found no NUOPC Hint for: ABC
20260911 222256.126 DEBUG            PET2     Generic SetVM() therefore is NOT calling ESMF_GridCompSetVMMaxPEs() for: ABC
20260911 222256.149 INFO             PET2     ABC: InitializeP0 intro.
20260911 222256.149 INFO             PET2       >>>ABC: entered Initialize (phase=<none>) without valid internal Clock.
20260911 222256.152 INFO             PET2       <<<ABC: leaving Initialize (phase=<none>) without valid internal Clock.
20260911 222256.152 INFO             PET2     ABC: InitializeP0 extro.
20260911 222256.161 INFO             PET2     ESMX_Driver: IInitAdvertise intro.
20260911 222256.161 INFO             PET2       >>>ESMX_Driver: entered Initialize (phase=<none>) with current time: 2012 10 24  8  0  0   0
20260911 222256.161 INFO             PET2       <<<ESMX_Driver: leaving Initialize (phase=<none>) with current time: 2012 10 24  8  0  0   0
20260911 222256.161 INFO             PET2     ESMX_Driver: IInitAdvertise extro.
20260911 222256.162 INFO             PET2     ABC: InitializeIPDvXp01 intro.
20260911 222256.162 INFO             PET2       >>>ABC: entered Initialize (phase=IPDvXp01) without valid internal Clock.
20260911 222256.162 INFO             PET2       <<<ABC: leaving Initialize (phase=IPDvXp01) without valid internal Clock.
20260911 222256.162 INFO             PET2     ABC: InitializeIPDvXp01 extro.
20260911 222256.164 INFO             PET2     ESMX_Driver: IInitAdvertiseFinish intro.
20260911 222256.164 INFO             PET2       >>>ESMX_Driver: entered Initialize (phase=<none>) with current time: 2012 10 24  8  0  0   0
20260911 222256.164 INFO             PET2       <<<ESMX_Driver: leaving Initialize (phase=<none>) with current time: 2012 10 24  8  0  0   0
20260911 222256.164 INFO             PET2     ESMX_Driver: IInitAdvertiseFinish extro.
20260911 222256.165 INFO             PET2     ESMX_Driver: IInitModifyCplLists intro.
20260911 222256.165 INFO             PET2       >>>ESMX_Driver: entered Initialize (phase=<none>) with current time: 2012 10 24  8  0  0   0
20260911 222256.165 INFO             PET2       <<<ESMX_Driver: leaving Initialize (phase=<none>) with current time: 2012 10 24  8  0  0   0
20260911 222256.165 INFO             PET2     ESMX_Driver: IInitModifyCplLists extro.
20260911 222256.166 INFO             PET2     <<<ESMX_Driver: leaving Initialize (phase=<none>) with current time: 2012 10 24  8  0  0   0
20260911 222256.166 INFO             PET2   ESMX_Driver: InitializeIPDv02p1 extro.
20260911 222256.166 INFO             PET2   ESMX_Driver: InitializeIPDv02p3 intro.
20260911 222256.166 INFO             PET2     >>>ESMX_Driver: entered Initialize (phase=<none>) with current time: 2012 10 24  8  0  0   0
20260911 222256.167 INFO             PET2     ESMX_Driver: IInitCheck intro.
20260911 222256.167 INFO             PET2       >>>ESMX_Driver: entered Initialize (phase=<none>) with current time: 2012 10 24  8  0  0   0
20260911 222256.167 INFO             PET2       <<<ESMX_Driver: leaving Initialize (phase=<none>) with current time: 2012 10 24  8  0  0   0
20260911 222256.167 INFO             PET2     ESMX_Driver: IInitCheck extro.
20260911 222256.167 INFO             PET2     ABC: InitializeIPDvXp04 intro.
20260911 222256.168 INFO             PET2       >>>ABC: entered Initialize (phase=IPDvXp04) without valid internal Clock.
20260911 222256.168 INFO             PET2       <<<ABC: leaving Initialize (phase=IPDvXp04) without valid internal Clock.
20260911 222256.168 INFO             PET2     ABC: InitializeIPDvXp04 extro.
20260911 222256.170 INFO             PET2     ESMX_Driver: IInitRealize intro.
20260911 222256.170 INFO             PET2       >>>ESMX_Driver: entered Initialize (phase=<none>) with current time: 2012 10 24  8  0  0   0
20260911 222256.170 INFO             PET2       <<<ESMX_Driver: leaving Initialize (phase=<none>) with current time: 2012 10 24  8  0  0   0
20260911 222256.170 INFO             PET2     ESMX_Driver: IInitRealize extro.
20260911 222256.171 INFO             PET2     ABC: InitializeIPDvXp07 intro.
20260911 222256.171 INFO             PET2       >>>ABC: entered Initialize (phase=IPDvXp07) without valid internal Clock.
20260911 222256.171 INFO             PET2       <<<ABC: leaving Initialize (phase=IPDvXp07) with current time: 2012 10 24  8  0  0   0
20260911 222256.171 INFO             PET2     ABC: InitializeIPDvXp07 extro.
20260911 222256.171 INFO             PET2     <<<ESMX_Driver: leaving Initialize (phase=<none>) with current time: 2012 10 24  8  0  0   0
20260911 222256.171 INFO             PET2   ESMX_Driver: InitializeIPDv02p3 extro.
20260911 222256.172 INFO             PET2   ESMX_Driver: InitializeIPDv02p5 intro.
20260911 222256.172 INFO             PET2     >>>ESMX_Driver: entered Initialize (phase=<none>) with current time: 2012 10 24  8  0  0   0
20260911 222256.172 INFO             PET2     ESMX_Driver: InitializeIPDv02p5Data intro.
20260911 222256.172 INFO             PET2       >>>ESMX_Driver: entered Initialize (phase=<none>) with current time: 2012 10 24  8  0  0   0
20260911 222256.173 INFO             PET2       ESMX_Driver: InternalInitializeComplete intro.
20260911 222256.173 INFO             PET2         >>>ESMX_Driver: entered Initialize (phase=<none>) with current time: 2012 10 24  8  0  0   0
20260911 222256.173 INFO             PET2         <<<ESMX_Driver: leaving Initialize (phase=<none>) with current time: 2012 10 24  8  0  0   0
20260911 222256.173 INFO             PET2       ESMX_Driver: InternalInitializeComplete extro.
20260911 222256.174 INFO             PET2       ABC: InitializeIPDvXp08 intro.
20260911 222256.174 INFO             PET2         >>>ABC: entered Initialize (phase=IPDv05p8) with current time: 2012 10 24  8  0  0   0
20260911 222256.174 INFO             PET2         <<<ABC: leaving Initialize (phase=IPDv05p8) with current time: 2012 10 24  8  0  0   0
20260911 222256.174 INFO             PET2       ABC: InitializeIPDvXp08 extro.
20260911 222256.176 INFO             PET2       ESMX_Driver: loopDataDependentInitialize intro.
20260911 222256.176 INFO             PET2         >>>ESMX_Driver: entered Initialize (phase=<none>) with current time: 2012 10 24  8  0  0   0
20260911 222256.176 INFO             PET2         <<<ESMX_Driver: leaving Initialize (phase=<none>) with current time: 2012 10 24  8  0  0   0
20260911 222256.177 INFO             PET2       ESMX_Driver: loopDataDependentInitialize extro.
20260911 222256.177 INFO             PET2       <<<ESMX_Driver: leaving Initialize (phase=<none>) with current time: 2012 10 24  8  0  0   0
20260911 222256.177 INFO             PET2     ESMX_Driver: InitializeIPDv02p5Data extro.
20260911 222256.177 INFO             PET2     <<<ESMX_Driver: leaving Initialize (phase=<none>) with current time: 2012 10 24  8  0  0   0
20260911 222256.177 INFO             PET2   ESMX_Driver: InitializeIPDv02p5 extro.
20260911 222256.177 INFO             PET2   <<<ESMX_Driver: leaving Initialize (phase=<none>) with current time: 2012 10 24  8  0  0   0
20260911 222256.177 INFO             PET2 ESMX_Driver: InitializeGeneric extro.
20260911 222256.177 INFO             PET2 ESMX_Driver: Run intro.
20260911 222256.177 INFO             PET2   >>>ESMX_Driver: entered Run (phase=RunPhase1) with current time: 2012 10 24  8  0  0   0
20260911 222256.178 INFO             PET2   ABC: Run intro.
20260911 222256.178 INFO             PET2     >>>ABC: entered Run (phase=RunPhase1) with current time: 2012 10 24  8  0  0   0
20260911 222256.179 INFO             PET2     <<<ABC: leaving Run (phase=RunPhase1) with current time: 2012 10 24 20  0  0   0
20260911 222256.179 INFO             PET2   ABC: Run extro.
20260911 222256.179 INFO             PET2   <<<ESMX_Driver: leaving Run (phase=RunPhase1) with current time: 2012 10 24 20  0  0   0
20260911 222256.179 INFO             PET2 ESMX_Driver: Run extro.
20260911 222256.179 INFO             PET2 ESMX_Driver: Finalize intro.
20260911 222256.179 INFO             PET2   >>>ESMX_Driver: entered Finalize (phase=FinalizePhase1) with current time: 2012 10 24 20  0  0   0
20260911 222256.179 INFO             PET2   Calling Finalize phase 1 for modelComp: ABC
20260911 222256.179 INFO             PET2   ABC: Finalize intro.
20260911 222256.179 INFO             PET2     >>>ABC: entered Finalize (phase=FinalizePhase1) with current time: 2012 10 24 20  0  0   0
20260911 222256.179 INFO             PET2     <<<ABC: leaving Finalize (phase=FinalizePhase1) with current time: 2012 10 24 20  0  0   0
20260911 222256.180 INFO             PET2   ABC: Finalize extro.
20260911 222256.180 INFO             PET2   Delete modelComp: ABC
20260911 222256.180 INFO             PET2   <<<ESMX_Driver: leaving Finalize (phase=FinalizePhase1) with current time: 2012 10 24 20  0  0   0
20260911 222256.180 INFO             PET2 ESMX_Driver: Finalize extro.
20260911 222256.180 INFO             PET2 =============================================
20260911 222256.180 INFO             PET2 ESMX (Earth System Model eXecutable) FINISHED
20260911 222256.180 INFO             PET2 =============================================
20260911 222256.180 INFO             PET2  Finalizing ESMF
20260911 222256.043 INFO             PET3 !!!!!!!!!!!!!!!!!!!!!!!!!!!!!!!!!!!!!!!!!!!!!!!!!!!!!!
20260911 222256.043 INFO             PET3 !!! THE ESMF_LOG IS SET TO OUTPUT ALL LOG MESSAGES !!!
20260911 222256.043 INFO             PET3 !!!     THIS MAY CAUSE SLOWDOWN IN PERFORMANCE     !!!
20260911 222256.043 INFO             PET3 !!! FOR PRODUCTION RUNS, USE:                      !!!
20260911 222256.043 INFO             PET3 !!!                   ESMF_LOGKIND_Multi_On_Error  !!!
20260911 222256.043 INFO             PET3 !!!!!!!!!!!!!!!!!!!!!!!!!!!!!!!!!!!!!!!!!!!!!!!!!!!!!!
20260911 222256.043 INFO             PET3 Running with ESMF Version   : v9.0.0b18
20260911 222256.043 INFO             PET3 ESMF library build date/time: "Sep 11 2026" "21:06:33"
20260911 222256.043 INFO             PET3 ESMF library build location : /scratch3/NCEPDEV/stmp/Gerhard.Theurich/ESMF-Nightly-Testing-Hera/intel_2023.2.0_intelmpi_g_develop/esmf
20260911 222256.043 INFO             PET3 ESMF_COMM                   : intelmpi
20260911 222256.044 INFO             PET3 ESMF_MOAB                   : enabled
20260911 222256.044 INFO             PET3 ESMF_LAPACK                 : enabled
20260911 222256.044 INFO             PET3 ESMF_NETCDF                 : enabled
20260911 222256.044 INFO             PET3 ESMF_PNETCDF                : disabled
20260911 222256.044 INFO             PET3 ESMF_PIO                    : enabled
20260911 222256.044 INFO             PET3 ESMF_YAMLCPP                : enabled
20260911 222256.054 INFO             PET3 =============================================
20260911 222256.054 INFO             PET3 ESMX (Earth System Model eXecutable) STARTING
20260911 222256.054 INFO             PET3 =============================================
20260911 222256.086 DEBUG            PET3 Generic SetVM() is executing for: ESMX_Driver
20260911 222256.087 DEBUG            PET3 Generic SetVM() found no NUOPC Hint for: ESMX_Driver
20260911 222256.087 DEBUG            PET3 Generic SetVM() therefore is NOT calling ESMF_GridCompSetVMMaxPEs() for: ESMX_Driver
20260911 222256.100 INFO             PET3 ESMX_Driver: InitializeGeneric intro.
20260911 222256.100 INFO             PET3   >>>ESMX_Driver: entered Initialize (phase=<none>) without valid internal Clock.
20260911 222256.101 INFO             PET3   ESMX_Driver: InitializeP0 intro.
20260911 222256.101 INFO             PET3     >>>ESMX_Driver: entered Initialize (phase=<none>) without valid internal Clock.
20260911 222256.101 INFO             PET3     <<<ESMX_Driver: leaving Initialize (phase=<none>) without valid internal Clock.
20260911 222256.101 INFO             PET3   ESMX_Driver: InitializeP0 extro.
20260911 222256.101 INFO             PET3   ESMX_Driver: InitializeIPDv02p1 intro.
20260911 222256.101 INFO             PET3     >>>ESMX_Driver: entered Initialize (phase=<none>) without valid internal Clock.
20260911 222256.125 INFO             PET3     ESMX_Driver - Creating model component ABC without petList.
20260911 222256.125 DEBUG            PET3     Generic SetVM() is executing for: ABC
20260911 222256.126 DEBUG            PET3     Generic SetVM() found no NUOPC Hint for: ABC
20260911 222256.126 DEBUG            PET3     Generic SetVM() therefore is NOT calling ESMF_GridCompSetVMMaxPEs() for: ABC
20260911 222256.149 INFO             PET3     ABC: InitializeP0 intro.
20260911 222256.149 INFO             PET3       >>>ABC: entered Initialize (phase=<none>) without valid internal Clock.
20260911 222256.151 INFO             PET3       <<<ABC: leaving Initialize (phase=<none>) without valid internal Clock.
20260911 222256.152 INFO             PET3     ABC: InitializeP0 extro.
20260911 222256.161 INFO             PET3     ESMX_Driver: IInitAdvertise intro.
20260911 222256.161 INFO             PET3       >>>ESMX_Driver: entered Initialize (phase=<none>) with current time: 2012 10 24  8  0  0   0
20260911 222256.161 INFO             PET3       <<<ESMX_Driver: leaving Initialize (phase=<none>) with current time: 2012 10 24  8  0  0   0
20260911 222256.161 INFO             PET3     ESMX_Driver: IInitAdvertise extro.
20260911 222256.162 INFO             PET3     ABC: InitializeIPDvXp01 intro.
20260911 222256.162 INFO             PET3       >>>ABC: entered Initialize (phase=IPDvXp01) without valid internal Clock.
20260911 222256.162 INFO             PET3       <<<ABC: leaving Initialize (phase=IPDvXp01) without valid internal Clock.
20260911 222256.162 INFO             PET3     ABC: InitializeIPDvXp01 extro.
20260911 222256.164 INFO             PET3     ESMX_Driver: IInitAdvertiseFinish intro.
20260911 222256.164 INFO             PET3       >>>ESMX_Driver: entered Initialize (phase=<none>) with current time: 2012 10 24  8  0  0   0
20260911 222256.164 INFO             PET3       <<<ESMX_Driver: leaving Initialize (phase=<none>) with current time: 2012 10 24  8  0  0   0
20260911 222256.164 INFO             PET3     ESMX_Driver: IInitAdvertiseFinish extro.
20260911 222256.165 INFO             PET3     ESMX_Driver: IInitModifyCplLists intro.
20260911 222256.165 INFO             PET3       >>>ESMX_Driver: entered Initialize (phase=<none>) with current time: 2012 10 24  8  0  0   0
20260911 222256.165 INFO             PET3       <<<ESMX_Driver: leaving Initialize (phase=<none>) with current time: 2012 10 24  8  0  0   0
20260911 222256.165 INFO             PET3     ESMX_Driver: IInitModifyCplLists extro.
20260911 222256.166 INFO             PET3     <<<ESMX_Driver: leaving Initialize (phase=<none>) with current time: 2012 10 24  8  0  0   0
20260911 222256.166 INFO             PET3   ESMX_Driver: InitializeIPDv02p1 extro.
20260911 222256.166 INFO             PET3   ESMX_Driver: InitializeIPDv02p3 intro.
20260911 222256.166 INFO             PET3     >>>ESMX_Driver: entered Initialize (phase=<none>) with current time: 2012 10 24  8  0  0   0
20260911 222256.167 INFO             PET3     ESMX_Driver: IInitCheck intro.
20260911 222256.167 INFO             PET3       >>>ESMX_Driver: entered Initialize (phase=<none>) with current time: 2012 10 24  8  0  0   0
20260911 222256.167 INFO             PET3       <<<ESMX_Driver: leaving Initialize (phase=<none>) with current time: 2012 10 24  8  0  0   0
20260911 222256.167 INFO             PET3     ESMX_Driver: IInitCheck extro.
20260911 222256.167 INFO             PET3     ABC: InitializeIPDvXp04 intro.
20260911 222256.168 INFO             PET3       >>>ABC: entered Initialize (phase=IPDvXp04) without valid internal Clock.
20260911 222256.168 INFO             PET3       <<<ABC: leaving Initialize (phase=IPDvXp04) without valid internal Clock.
20260911 222256.168 INFO             PET3     ABC: InitializeIPDvXp04 extro.
20260911 222256.170 INFO             PET3     ESMX_Driver: IInitRealize intro.
20260911 222256.170 INFO             PET3       >>>ESMX_Driver: entered Initialize (phase=<none>) with current time: 2012 10 24  8  0  0   0
20260911 222256.170 INFO             PET3       <<<ESMX_Driver: leaving Initialize (phase=<none>) with current time: 2012 10 24  8  0  0   0
20260911 222256.170 INFO             PET3     ESMX_Driver: IInitRealize extro.
20260911 222256.171 INFO             PET3     ABC: InitializeIPDvXp07 intro.
20260911 222256.171 INFO             PET3       >>>ABC: entered Initialize (phase=IPDvXp07) without valid internal Clock.
20260911 222256.171 INFO             PET3       <<<ABC: leaving Initialize (phase=IPDvXp07) with current time: 2012 10 24  8  0  0   0
20260911 222256.171 INFO             PET3     ABC: InitializeIPDvXp07 extro.
20260911 222256.171 INFO             PET3     <<<ESMX_Driver: leaving Initialize (phase=<none>) with current time: 2012 10 24  8  0  0   0
20260911 222256.171 INFO             PET3   ESMX_Driver: InitializeIPDv02p3 extro.
20260911 222256.172 INFO             PET3   ESMX_Driver: InitializeIPDv02p5 intro.
20260911 222256.172 INFO             PET3     >>>ESMX_Driver: entered Initialize (phase=<none>) with current time: 2012 10 24  8  0  0   0
20260911 222256.172 INFO             PET3     ESMX_Driver: InitializeIPDv02p5Data intro.
20260911 222256.172 INFO             PET3       >>>ESMX_Driver: entered Initialize (phase=<none>) with current time: 2012 10 24  8  0  0   0
20260911 222256.173 INFO             PET3       ESMX_Driver: InternalInitializeComplete intro.
20260911 222256.173 INFO             PET3         >>>ESMX_Driver: entered Initialize (phase=<none>) with current time: 2012 10 24  8  0  0   0
20260911 222256.173 INFO             PET3         <<<ESMX_Driver: leaving Initialize (phase=<none>) with current time: 2012 10 24  8  0  0   0
20260911 222256.173 INFO             PET3       ESMX_Driver: InternalInitializeComplete extro.
20260911 222256.174 INFO             PET3       ABC: InitializeIPDvXp08 intro.
20260911 222256.174 INFO             PET3         >>>ABC: entered Initialize (phase=IPDv05p8) with current time: 2012 10 24  8  0  0   0
20260911 222256.174 INFO             PET3         <<<ABC: leaving Initialize (phase=IPDv05p8) with current time: 2012 10 24  8  0  0   0
20260911 222256.174 INFO             PET3       ABC: InitializeIPDvXp08 extro.
20260911 222256.176 INFO             PET3       ESMX_Driver: loopDataDependentInitialize intro.
20260911 222256.176 INFO             PET3         >>>ESMX_Driver: entered Initialize (phase=<none>) with current time: 2012 10 24  8  0  0   0
20260911 222256.176 INFO             PET3         <<<ESMX_Driver: leaving Initialize (phase=<none>) with current time: 2012 10 24  8  0  0   0
20260911 222256.177 INFO             PET3       ESMX_Driver: loopDataDependentInitialize extro.
20260911 222256.177 INFO             PET3       <<<ESMX_Driver: leaving Initialize (phase=<none>) with current time: 2012 10 24  8  0  0   0
20260911 222256.177 INFO             PET3     ESMX_Driver: InitializeIPDv02p5Data extro.
20260911 222256.177 INFO             PET3     <<<ESMX_Driver: leaving Initialize (phase=<none>) with current time: 2012 10 24  8  0  0   0
20260911 222256.177 INFO             PET3   ESMX_Driver: InitializeIPDv02p5 extro.
20260911 222256.177 INFO             PET3   <<<ESMX_Driver: leaving Initialize (phase=<none>) with current time: 2012 10 24  8  0  0   0
20260911 222256.177 INFO             PET3 ESMX_Driver: InitializeGeneric extro.
20260911 222256.177 INFO             PET3 ESMX_Driver: Run intro.
20260911 222256.177 INFO             PET3   >>>ESMX_Driver: entered Run (phase=RunPhase1) with current time: 2012 10 24  8  0  0   0
20260911 222256.178 INFO             PET3   ABC: Run intro.
20260911 222256.178 INFO             PET3     >>>ABC: entered Run (phase=RunPhase1) with current time: 2012 10 24  8  0  0   0
20260911 222256.179 INFO             PET3     <<<ABC: leaving Run (phase=RunPhase1) with current time: 2012 10 24 20  0  0   0
20260911 222256.179 INFO             PET3   ABC: Run extro.
20260911 222256.179 INFO             PET3   <<<ESMX_Driver: leaving Run (phase=RunPhase1) with current time: 2012 10 24 20  0  0   0
20260911 222256.179 INFO             PET3 ESMX_Driver: Run extro.
20260911 222256.179 INFO             PET3 ESMX_Driver: Finalize intro.
20260911 222256.179 INFO             PET3   >>>ESMX_Driver: entered Finalize (phase=FinalizePhase1) with current time: 2012 10 24 20  0  0   0
20260911 222256.179 INFO             PET3   Calling Finalize phase 1 for modelComp: ABC
20260911 222256.179 INFO             PET3   ABC: Finalize intro.
20260911 222256.179 INFO             PET3     >>>ABC: entered Finalize (phase=FinalizePhase1) with current time: 2012 10 24 20  0  0   0
20260911 222256.179 INFO             PET3     <<<ABC: leaving Finalize (phase=FinalizePhase1) with current time: 2012 10 24 20  0  0   0
20260911 222256.180 INFO             PET3   ABC: Finalize extro.
20260911 222256.180 INFO             PET3   Delete modelComp: ABC
20260911 222256.180 INFO             PET3   <<<ESMX_Driver: leaving Finalize (phase=FinalizePhase1) with current time: 2012 10 24 20  0  0   0
20260911 222256.180 INFO             PET3 ESMX_Driver: Finalize extro.
20260911 222256.180 INFO             PET3 =============================================
20260911 222256.180 INFO             PET3 ESMX (Earth System Model eXecutable) FINISHED
20260911 222256.180 INFO             PET3 =============================================
20260911 222256.180 INFO             PET3  Finalizing ESMF
