2026-09-04 02:00:01
20260904 024734.562 INFO             PET0 !!!!!!!!!!!!!!!!!!!!!!!!!!!!!!!!!!!!!!!!!!!!!!!!!!!!!!
20260904 024734.562 INFO             PET0 !!! THE ESMF_LOG IS SET TO OUTPUT ALL LOG MESSAGES !!!
20260904 024734.562 INFO             PET0 !!!     THIS MAY CAUSE SLOWDOWN IN PERFORMANCE     !!!
20260904 024734.562 INFO             PET0 !!! FOR PRODUCTION RUNS, USE:                      !!!
20260904 024734.562 INFO             PET0 !!!                   ESMF_LOGKIND_Multi_On_Error  !!!
20260904 024734.562 INFO             PET0 !!!!!!!!!!!!!!!!!!!!!!!!!!!!!!!!!!!!!!!!!!!!!!!!!!!!!!
20260904 024734.562 INFO             PET0 Running with ESMF Version   : develop+g4161bf9d44
20260904 024734.562 INFO             PET0 ESMF library build date/time: "Sep  4 2026" "01:57:37"
20260904 024734.562 INFO             PET0 ESMF library build location : /glade/derecho/scratch/sacks/esmf-testing/gfortran_12.2.0_pio2.6.2_mpi_g_develop/esmf
20260904 024734.562 INFO             PET0 ESMF_COMM                   : mpi
20260904 024734.563 INFO             PET0 ESMF_MOAB                   : enabled
20260904 024734.563 INFO             PET0 ESMF_LAPACK                 : enabled
20260904 024734.563 INFO             PET0 ESMF_NETCDF                 : enabled
20260904 024734.563 INFO             PET0 ESMF_PNETCDF                : disabled
20260904 024734.563 INFO             PET0 ESMF_PIO                    : enabled
20260904 024734.563 INFO             PET0 ESMF_YAMLCPP                : enabled
20260904 024734.568 INFO             PET0 ESMF_FieldRedistStoreNF(): Just entered routine.
20260904 024734.752 INFO             PET0 ESMF_FieldRedistStoreNF(): Leaving routine.
20260904 024734.777 INFO             PET0  NUMBER_OF_PROCESSORS           4
20260904 024734.777 INFO             PET0  PASS  Example ESMF_RHandleFromFileEx, ESMF_RHandleFromFileEx.F90, line 192
20260904 024734.777 INFO             PET0  Finalizing ESMF
20260904 024734.562 INFO             PET1 !!!!!!!!!!!!!!!!!!!!!!!!!!!!!!!!!!!!!!!!!!!!!!!!!!!!!!
20260904 024734.562 INFO             PET1 !!! THE ESMF_LOG IS SET TO OUTPUT ALL LOG MESSAGES !!!
20260904 024734.562 INFO             PET1 !!!     THIS MAY CAUSE SLOWDOWN IN PERFORMANCE     !!!
20260904 024734.562 INFO             PET1 !!! FOR PRODUCTION RUNS, USE:                      !!!
20260904 024734.562 INFO             PET1 !!!                   ESMF_LOGKIND_Multi_On_Error  !!!
20260904 024734.562 INFO             PET1 !!!!!!!!!!!!!!!!!!!!!!!!!!!!!!!!!!!!!!!!!!!!!!!!!!!!!!
20260904 024734.562 INFO             PET1 Running with ESMF Version   : develop+g4161bf9d44
20260904 024734.563 INFO             PET1 ESMF library build date/time: "Sep  4 2026" "01:57:37"
20260904 024734.563 INFO             PET1 ESMF library build location : /glade/derecho/scratch/sacks/esmf-testing/gfortran_12.2.0_pio2.6.2_mpi_g_develop/esmf
20260904 024734.563 INFO             PET1 ESMF_COMM                   : mpi
20260904 024734.563 INFO             PET1 ESMF_MOAB                   : enabled
20260904 024734.563 INFO             PET1 ESMF_LAPACK                 : enabled
20260904 024734.563 INFO             PET1 ESMF_NETCDF                 : enabled
20260904 024734.563 INFO             PET1 ESMF_PNETCDF                : disabled
20260904 024734.563 INFO             PET1 ESMF_PIO                    : enabled
20260904 024734.563 INFO             PET1 ESMF_YAMLCPP                : enabled
20260904 024734.567 INFO             PET1 ESMF_FieldRedistStoreNF(): Just entered routine.
20260904 024734.752 INFO             PET1 ESMF_FieldRedistStoreNF(): Leaving routine.
20260904 024734.777 INFO             PET1  NUMBER_OF_PROCESSORS           4
20260904 024734.777 INFO             PET1  PASS  Example ESMF_RHandleFromFileEx, ESMF_RHandleFromFileEx.F90, line 192
20260904 024734.777 INFO             PET1  Finalizing ESMF
20260904 024734.562 INFO             PET2 !!!!!!!!!!!!!!!!!!!!!!!!!!!!!!!!!!!!!!!!!!!!!!!!!!!!!!
20260904 024734.562 INFO             PET2 !!! THE ESMF_LOG IS SET TO OUTPUT ALL LOG MESSAGES !!!
20260904 024734.562 INFO             PET2 !!!     THIS MAY CAUSE SLOWDOWN IN PERFORMANCE     !!!
20260904 024734.562 INFO             PET2 !!! FOR PRODUCTION RUNS, USE:                      !!!
20260904 024734.562 INFO             PET2 !!!                   ESMF_LOGKIND_Multi_On_Error  !!!
20260904 024734.562 INFO             PET2 !!!!!!!!!!!!!!!!!!!!!!!!!!!!!!!!!!!!!!!!!!!!!!!!!!!!!!
20260904 024734.562 INFO             PET2 Running with ESMF Version   : develop+g4161bf9d44
20260904 024734.562 INFO             PET2 ESMF library build date/time: "Sep  4 2026" "01:57:37"
20260904 024734.562 INFO             PET2 ESMF library build location : /glade/derecho/scratch/sacks/esmf-testing/gfortran_12.2.0_pio2.6.2_mpi_g_develop/esmf
20260904 024734.562 INFO             PET2 ESMF_COMM                   : mpi
20260904 024734.562 INFO             PET2 ESMF_MOAB                   : enabled
20260904 024734.562 INFO             PET2 ESMF_LAPACK                 : enabled
20260904 024734.562 INFO             PET2 ESMF_NETCDF                 : enabled
20260904 024734.562 INFO             PET2 ESMF_PNETCDF                : disabled
20260904 024734.562 INFO             PET2 ESMF_PIO                    : enabled
20260904 024734.562 INFO             PET2 ESMF_YAMLCPP                : enabled
20260904 024734.567 INFO             PET2 ESMF_FieldRedistStoreNF(): Just entered routine.
20260904 024734.752 INFO             PET2 ESMF_FieldRedistStoreNF(): Leaving routine.
20260904 024734.777 INFO             PET2  NUMBER_OF_PROCESSORS           4
20260904 024734.777 INFO             PET2  PASS  Example ESMF_RHandleFromFileEx, ESMF_RHandleFromFileEx.F90, line 192
20260904 024734.777 INFO             PET2  Finalizing ESMF
20260904 024734.562 INFO             PET3 !!!!!!!!!!!!!!!!!!!!!!!!!!!!!!!!!!!!!!!!!!!!!!!!!!!!!!
20260904 024734.562 INFO             PET3 !!! THE ESMF_LOG IS SET TO OUTPUT ALL LOG MESSAGES !!!
20260904 024734.562 INFO             PET3 !!!     THIS MAY CAUSE SLOWDOWN IN PERFORMANCE     !!!
20260904 024734.562 INFO             PET3 !!! FOR PRODUCTION RUNS, USE:                      !!!
20260904 024734.562 INFO             PET3 !!!                   ESMF_LOGKIND_Multi_On_Error  !!!
20260904 024734.562 INFO             PET3 !!!!!!!!!!!!!!!!!!!!!!!!!!!!!!!!!!!!!!!!!!!!!!!!!!!!!!
20260904 024734.562 INFO             PET3 Running with ESMF Version   : develop+g4161bf9d44
20260904 024734.562 INFO             PET3 ESMF library build date/time: "Sep  4 2026" "01:57:37"
20260904 024734.562 INFO             PET3 ESMF library build location : /glade/derecho/scratch/sacks/esmf-testing/gfortran_12.2.0_pio2.6.2_mpi_g_develop/esmf
20260904 024734.562 INFO             PET3 ESMF_COMM                   : mpi
20260904 024734.563 INFO             PET3 ESMF_MOAB                   : enabled
20260904 024734.563 INFO             PET3 ESMF_LAPACK                 : enabled
20260904 024734.563 INFO             PET3 ESMF_NETCDF                 : enabled
20260904 024734.563 INFO             PET3 ESMF_PNETCDF                : disabled
20260904 024734.563 INFO             PET3 ESMF_PIO                    : enabled
20260904 024734.563 INFO             PET3 ESMF_YAMLCPP                : enabled
20260904 024734.568 INFO             PET3 ESMF_FieldRedistStoreNF(): Just entered routine.
20260904 024734.752 INFO             PET3 ESMF_FieldRedistStoreNF(): Leaving routine.
20260904 024734.777 INFO             PET3  NUMBER_OF_PROCESSORS           4
20260904 024734.777 INFO             PET3  PASS  Example ESMF_RHandleFromFileEx, ESMF_RHandleFromFileEx.F90, line 192
20260904 024734.777 INFO             PET3  Finalizing ESMF
