2026-09-18 04:41:50
20260918 053014.109 INFO             PET0 !!!!!!!!!!!!!!!!!!!!!!!!!!!!!!!!!!!!!!!!!!!!!!!!!!!!!!
20260918 053014.109 INFO             PET0 !!! THE ESMF_LOG IS SET TO OUTPUT ALL LOG MESSAGES !!!
20260918 053014.109 INFO             PET0 !!!     THIS MAY CAUSE SLOWDOWN IN PERFORMANCE     !!!
20260918 053014.109 INFO             PET0 !!! FOR PRODUCTION RUNS, USE:                      !!!
20260918 053014.109 INFO             PET0 !!!                   ESMF_LOGKIND_Multi_On_Error  !!!
20260918 053014.109 INFO             PET0 !!!!!!!!!!!!!!!!!!!!!!!!!!!!!!!!!!!!!!!!!!!!!!!!!!!!!!
20260918 053014.109 INFO             PET0 Running with ESMF Version   : develop+gb6b90e9e0c
20260918 053014.109 INFO             PET0 ESMF library build date/time: "Sep 18 2026" "04:39:56"
20260918 053014.109 INFO             PET0 ESMF library build location : /tmp/cce_20.0.2_mpi_g_develop/esmf
20260918 053014.109 INFO             PET0 ESMF_COMM                   : mpi
20260918 053014.109 INFO             PET0 ESMF_MOAB                   : enabled
20260918 053014.109 INFO             PET0 ESMF_LAPACK                 : enabled
20260918 053014.109 INFO             PET0 ESMF_NETCDF                 : enabled
20260918 053014.109 INFO             PET0 ESMF_PNETCDF                : disabled
20260918 053014.109 INFO             PET0 ESMF_PIO                    : enabled
20260918 053014.109 INFO             PET0 ESMF_YAMLCPP                : enabled
20260918 053014.110 INFO             PET0 ESMF Profiling Enabled
20260918 053014.110 INFO             PET0 ESMF Trace/Profile clock: REALTIME
20260918 053014.116 INFO             PET0 =============================================
20260918 053014.116 INFO             PET0 ESMX (Earth System Model eXecutable) STARTING
20260918 053014.116 INFO             PET0 =============================================
20260918 053014.149 DEBUG            PET0 Generic SetVM() is executing for: ESMX_Driver
20260918 053014.149 DEBUG            PET0 Generic SetVM() found no NUOPC Hint for: ESMX_Driver
20260918 053014.149 DEBUG            PET0 Generic SetVM() therefore is NOT calling ESMF_GridCompSetVMMaxPEs() for: ESMX_Driver
20260918 053014.165 INFO             PET0 ESMX_Driver: InitializeGeneric intro.
20260918 053014.165 INFO             PET0   ESMX_Driver: InitializeGeneric intro {IS}:--- StateLog() start -----------------
20260918 053014.165 INFO             PET0   ESMX_Driver: InitializeGeneric intro {IS}:State object is invalid! Not created or deleted!
20260918 053014.165 INFO             PET0   ESMX_Driver: InitializeGeneric intro {IS}:--- StateLog() end -------------------
20260918 053014.165 INFO             PET0   ESMX_Driver: InitializeGeneric intro {ES}:--- StateLog() start -----------------
20260918 053014.165 INFO             PET0   ESMX_Driver: InitializeGeneric intro {ES}:State object is invalid! Not created or deleted!
20260918 053014.165 INFO             PET0   ESMX_Driver: InitializeGeneric intro {ES}:--- StateLog() end -------------------
20260918 053014.165 INFO             PET0   >>>ESMX_Driver: entered Initialize (phase=<none>) without valid internal Clock.
20260918 053014.165 INFO             PET0   ESMX_Driver: InitializeP0 intro.
20260918 053014.165 INFO             PET0     ESMX_Driver: InitializeP0 intro {IS}:--- StateLog() start -----------------
20260918 053014.165 INFO             PET0     ESMX_Driver: InitializeP0 intro {IS}:State object is invalid! Not created or deleted!
20260918 053014.165 INFO             PET0     ESMX_Driver: InitializeP0 intro {IS}:--- StateLog() end -------------------
20260918 053014.165 INFO             PET0     ESMX_Driver: InitializeP0 intro {ES}:--- StateLog() start -----------------
20260918 053014.165 INFO             PET0     ESMX_Driver: InitializeP0 intro {ES}:State object is invalid! Not created or deleted!
20260918 053014.165 INFO             PET0     ESMX_Driver: InitializeP0 intro {ES}:--- StateLog() end -------------------
20260918 053014.165 INFO             PET0     >>>ESMX_Driver: entered Initialize (phase=<none>) without valid internal Clock.
20260918 053014.165 INFO             PET0     <<<ESMX_Driver: leaving Initialize (phase=<none>) without valid internal Clock.
20260918 053014.165 INFO             PET0     ESMX_Driver: InitializeP0 extro {IS}:--- StateLog() start -----------------
20260918 053014.165 INFO             PET0     ESMX_Driver: InitializeP0 extro {IS}:State object is invalid! Not created or deleted!
20260918 053014.165 INFO             PET0     ESMX_Driver: InitializeP0 extro {IS}:--- StateLog() end -------------------
20260918 053014.165 INFO             PET0     ESMX_Driver: InitializeP0 extro {ES}:--- StateLog() start -----------------
20260918 053014.165 INFO             PET0     ESMX_Driver: InitializeP0 extro {ES}:State object is invalid! Not created or deleted!
20260918 053014.165 INFO             PET0     ESMX_Driver: InitializeP0 extro {ES}:--- StateLog() end -------------------
20260918 053014.165 INFO             PET0   ESMX_Driver: InitializeP0 extro.
20260918 053014.165 INFO             PET0   ESMX_Driver: InitializeIPDv02p1 intro.
20260918 053014.165 INFO             PET0     ESMX_Driver: InitializeIPDv02p1 intro {IS}:--- StateLog() start -----------------
20260918 053014.165 INFO             PET0     ESMX_Driver: InitializeIPDv02p1 intro {IS}:State object is invalid! Not created or deleted!
20260918 053014.165 INFO             PET0     ESMX_Driver: InitializeIPDv02p1 intro {IS}:--- StateLog() end -------------------
20260918 053014.165 INFO             PET0     ESMX_Driver: InitializeIPDv02p1 intro {ES}:--- StateLog() start -----------------
20260918 053014.165 INFO             PET0     ESMX_Driver: InitializeIPDv02p1 intro {ES}:State object is invalid! Not created or deleted!
20260918 053014.165 INFO             PET0     ESMX_Driver: InitializeIPDv02p1 intro {ES}:--- StateLog() end -------------------
20260918 053014.165 INFO             PET0     >>>ESMX_Driver: entered Initialize (phase=<none>) without valid internal Clock.
20260918 053014.187 INFO             PET0     ESMX_Driver - Creating model component ABC without petList.
20260918 053014.187 DEBUG            PET0     Generic SetVM() is executing for: ABC
20260918 053014.187 DEBUG            PET0     Generic SetVM() found no NUOPC Hint for: ABC
20260918 053014.187 DEBUG            PET0     Generic SetVM() therefore is NOT calling ESMF_GridCompSetVMMaxPEs() for: ABC
20260918 053014.196 ERROR            PET0 /tmp/cce_20.0.2_mpi_g_develop/esmf/DEFAULTINSTALLDIR/include/ESMX/Comps/ESMX_Data/ESMX_Data.F90:316     Wrong argument specified  - An invalid key was found for output 'export' (maybe a typo?): onDataInit
20260918 053014.196 ERROR            PET0 ABC:/tmp/cce_20.0.2_mpi_g_develop/esmf/DEFAULTINSTALLDIR/include/ESMX/Comps/ESMX_Data/ESMX_Data.F90:200     Wrong argument specified  - Problem ingesting hconfig.
20260918 053014.196 ERROR            PET0 ESMX_Driver:src/addon/NUOPC/src/NUOPC_Driver.F90:4764     Wrong argument specified  - Passing error in return code
20260918 053014.196 ERROR            PET0 src/addon/ESMX/Driver/ESMX_Driver.F90:382     Wrong argument specified  - Unable to add component 'ABC' to driver via Fortran module.
20260918 053014.196 ERROR            PET0 ESMX_Driver:src/addon/NUOPC/src/NUOPC_Driver.F90:799     Wrong argument specified  - Passing error in return code
20260918 053014.197 ERROR            PET0 ESMX_Driver:src/addon/NUOPC/src/NUOPC_Driver.F90:505     Wrong argument specified  - Passing error in return code
20260918 053014.197 ERROR            PET0 src/addon/ESMX/ESMX_App.F90:393     Wrong argument specified  - Passing error in return code
20260918 053014.197 INFO             PET0      Finalizing ESMF with endflag==ESMF_END_ABORT
20260918 053014.109 INFO             PET1 !!!!!!!!!!!!!!!!!!!!!!!!!!!!!!!!!!!!!!!!!!!!!!!!!!!!!!
20260918 053014.109 INFO             PET1 !!! THE ESMF_LOG IS SET TO OUTPUT ALL LOG MESSAGES !!!
20260918 053014.109 INFO             PET1 !!!     THIS MAY CAUSE SLOWDOWN IN PERFORMANCE     !!!
20260918 053014.109 INFO             PET1 !!! FOR PRODUCTION RUNS, USE:                      !!!
20260918 053014.109 INFO             PET1 !!!                   ESMF_LOGKIND_Multi_On_Error  !!!
20260918 053014.109 INFO             PET1 !!!!!!!!!!!!!!!!!!!!!!!!!!!!!!!!!!!!!!!!!!!!!!!!!!!!!!
20260918 053014.109 INFO             PET1 Running with ESMF Version   : develop+gb6b90e9e0c
20260918 053014.109 INFO             PET1 ESMF library build date/time: "Sep 18 2026" "04:39:56"
20260918 053014.109 INFO             PET1 ESMF library build location : /tmp/cce_20.0.2_mpi_g_develop/esmf
20260918 053014.109 INFO             PET1 ESMF_COMM                   : mpi
20260918 053014.109 INFO             PET1 ESMF_MOAB                   : enabled
20260918 053014.109 INFO             PET1 ESMF_LAPACK                 : enabled
20260918 053014.109 INFO             PET1 ESMF_NETCDF                 : enabled
20260918 053014.109 INFO             PET1 ESMF_PNETCDF                : disabled
20260918 053014.109 INFO             PET1 ESMF_PIO                    : enabled
20260918 053014.109 INFO             PET1 ESMF_YAMLCPP                : enabled
20260918 053014.111 INFO             PET1 ESMF Profiling Enabled
20260918 053014.111 INFO             PET1 ESMF Trace/Profile clock: REALTIME
20260918 053014.118 INFO             PET1 =============================================
20260918 053014.118 INFO             PET1 ESMX (Earth System Model eXecutable) STARTING
20260918 053014.118 INFO             PET1 =============================================
20260918 053014.156 DEBUG            PET1 Generic SetVM() is executing for: ESMX_Driver
20260918 053014.156 DEBUG            PET1 Generic SetVM() found no NUOPC Hint for: ESMX_Driver
20260918 053014.156 DEBUG            PET1 Generic SetVM() therefore is NOT calling ESMF_GridCompSetVMMaxPEs() for: ESMX_Driver
20260918 053014.168 INFO             PET1 ESMX_Driver: InitializeGeneric intro.
20260918 053014.168 INFO             PET1   ESMX_Driver: InitializeGeneric intro {IS}:--- StateLog() start -----------------
20260918 053014.168 INFO             PET1   ESMX_Driver: InitializeGeneric intro {IS}:State object is invalid! Not created or deleted!
20260918 053014.168 INFO             PET1   ESMX_Driver: InitializeGeneric intro {IS}:--- StateLog() end -------------------
20260918 053014.168 INFO             PET1   ESMX_Driver: InitializeGeneric intro {ES}:--- StateLog() start -----------------
20260918 053014.168 INFO             PET1   ESMX_Driver: InitializeGeneric intro {ES}:State object is invalid! Not created or deleted!
20260918 053014.168 INFO             PET1   ESMX_Driver: InitializeGeneric intro {ES}:--- StateLog() end -------------------
20260918 053014.168 INFO             PET1   >>>ESMX_Driver: entered Initialize (phase=<none>) without valid internal Clock.
20260918 053014.168 INFO             PET1   ESMX_Driver: InitializeP0 intro.
20260918 053014.168 INFO             PET1     ESMX_Driver: InitializeP0 intro {IS}:--- StateLog() start -----------------
20260918 053014.168 INFO             PET1     ESMX_Driver: InitializeP0 intro {IS}:State object is invalid! Not created or deleted!
20260918 053014.168 INFO             PET1     ESMX_Driver: InitializeP0 intro {IS}:--- StateLog() end -------------------
20260918 053014.168 INFO             PET1     ESMX_Driver: InitializeP0 intro {ES}:--- StateLog() start -----------------
20260918 053014.168 INFO             PET1     ESMX_Driver: InitializeP0 intro {ES}:State object is invalid! Not created or deleted!
20260918 053014.168 INFO             PET1     ESMX_Driver: InitializeP0 intro {ES}:--- StateLog() end -------------------
20260918 053014.168 INFO             PET1     >>>ESMX_Driver: entered Initialize (phase=<none>) without valid internal Clock.
20260918 053014.168 INFO             PET1     <<<ESMX_Driver: leaving Initialize (phase=<none>) without valid internal Clock.
20260918 053014.168 INFO             PET1     ESMX_Driver: InitializeP0 extro {IS}:--- StateLog() start -----------------
20260918 053014.168 INFO             PET1     ESMX_Driver: InitializeP0 extro {IS}:State object is invalid! Not created or deleted!
20260918 053014.168 INFO             PET1     ESMX_Driver: InitializeP0 extro {IS}:--- StateLog() end -------------------
20260918 053014.168 INFO             PET1     ESMX_Driver: InitializeP0 extro {ES}:--- StateLog() start -----------------
20260918 053014.168 INFO             PET1     ESMX_Driver: InitializeP0 extro {ES}:State object is invalid! Not created or deleted!
20260918 053014.168 INFO             PET1     ESMX_Driver: InitializeP0 extro {ES}:--- StateLog() end -------------------
20260918 053014.168 INFO             PET1   ESMX_Driver: InitializeP0 extro.
20260918 053014.169 INFO             PET1   ESMX_Driver: InitializeIPDv02p1 intro.
20260918 053014.169 INFO             PET1     ESMX_Driver: InitializeIPDv02p1 intro {IS}:--- StateLog() start -----------------
20260918 053014.169 INFO             PET1     ESMX_Driver: InitializeIPDv02p1 intro {IS}:State object is invalid! Not created or deleted!
20260918 053014.169 INFO             PET1     ESMX_Driver: InitializeIPDv02p1 intro {IS}:--- StateLog() end -------------------
20260918 053014.169 INFO             PET1     ESMX_Driver: InitializeIPDv02p1 intro {ES}:--- StateLog() start -----------------
20260918 053014.169 INFO             PET1     ESMX_Driver: InitializeIPDv02p1 intro {ES}:State object is invalid! Not created or deleted!
20260918 053014.169 INFO             PET1     ESMX_Driver: InitializeIPDv02p1 intro {ES}:--- StateLog() end -------------------
20260918 053014.169 INFO             PET1     >>>ESMX_Driver: entered Initialize (phase=<none>) without valid internal Clock.
20260918 053014.187 INFO             PET1     ESMX_Driver - Creating model component ABC without petList.
20260918 053014.187 DEBUG            PET1     Generic SetVM() is executing for: ABC
20260918 053014.187 DEBUG            PET1     Generic SetVM() found no NUOPC Hint for: ABC
20260918 053014.187 DEBUG            PET1     Generic SetVM() therefore is NOT calling ESMF_GridCompSetVMMaxPEs() for: ABC
20260918 053014.200 ERROR            PET1 /tmp/cce_20.0.2_mpi_g_develop/esmf/DEFAULTINSTALLDIR/include/ESMX/Comps/ESMX_Data/ESMX_Data.F90:316     Wrong argument specified  - An invalid key was found for output 'export' (maybe a typo?): onDataInit
20260918 053014.200 ERROR            PET1 ABC:/tmp/cce_20.0.2_mpi_g_develop/esmf/DEFAULTINSTALLDIR/include/ESMX/Comps/ESMX_Data/ESMX_Data.F90:200     Wrong argument specified  - Problem ingesting hconfig.
20260918 053014.201 ERROR            PET1 ESMX_Driver:src/addon/NUOPC/src/NUOPC_Driver.F90:4764     Wrong argument specified  - Passing error in return code
20260918 053014.201 ERROR            PET1 src/addon/ESMX/Driver/ESMX_Driver.F90:382     Wrong argument specified  - Unable to add component 'ABC' to driver via Fortran module.
20260918 053014.201 ERROR            PET1 ESMX_Driver:src/addon/NUOPC/src/NUOPC_Driver.F90:799     Wrong argument specified  - Passing error in return code
20260918 053014.201 ERROR            PET1 ESMX_Driver:src/addon/NUOPC/src/NUOPC_Driver.F90:505     Wrong argument specified  - Passing error in return code
20260918 053014.201 ERROR            PET1 src/addon/ESMX/ESMX_App.F90:393     Wrong argument specified  - Passing error in return code
20260918 053014.201 INFO             PET1      Finalizing ESMF with endflag==ESMF_END_ABORT
20260918 053014.109 INFO             PET2 !!!!!!!!!!!!!!!!!!!!!!!!!!!!!!!!!!!!!!!!!!!!!!!!!!!!!!
20260918 053014.109 INFO             PET2 !!! THE ESMF_LOG IS SET TO OUTPUT ALL LOG MESSAGES !!!
20260918 053014.109 INFO             PET2 !!!     THIS MAY CAUSE SLOWDOWN IN PERFORMANCE     !!!
20260918 053014.109 INFO             PET2 !!! FOR PRODUCTION RUNS, USE:                      !!!
20260918 053014.109 INFO             PET2 !!!                   ESMF_LOGKIND_Multi_On_Error  !!!
20260918 053014.109 INFO             PET2 !!!!!!!!!!!!!!!!!!!!!!!!!!!!!!!!!!!!!!!!!!!!!!!!!!!!!!
20260918 053014.109 INFO             PET2 Running with ESMF Version   : develop+gb6b90e9e0c
20260918 053014.109 INFO             PET2 ESMF library build date/time: "Sep 18 2026" "04:39:56"
20260918 053014.109 INFO             PET2 ESMF library build location : /tmp/cce_20.0.2_mpi_g_develop/esmf
20260918 053014.109 INFO             PET2 ESMF_COMM                   : mpi
20260918 053014.109 INFO             PET2 ESMF_MOAB                   : enabled
20260918 053014.109 INFO             PET2 ESMF_LAPACK                 : enabled
20260918 053014.109 INFO             PET2 ESMF_NETCDF                 : enabled
20260918 053014.109 INFO             PET2 ESMF_PNETCDF                : disabled
20260918 053014.109 INFO             PET2 ESMF_PIO                    : enabled
20260918 053014.109 INFO             PET2 ESMF_YAMLCPP                : enabled
20260918 053014.111 INFO             PET2 ESMF Profiling Enabled
20260918 053014.111 INFO             PET2 ESMF Trace/Profile clock: REALTIME
20260918 053014.118 INFO             PET2 =============================================
20260918 053014.118 INFO             PET2 ESMX (Earth System Model eXecutable) STARTING
20260918 053014.118 INFO             PET2 =============================================
20260918 053014.155 DEBUG            PET2 Generic SetVM() is executing for: ESMX_Driver
20260918 053014.156 DEBUG            PET2 Generic SetVM() found no NUOPC Hint for: ESMX_Driver
20260918 053014.156 DEBUG            PET2 Generic SetVM() therefore is NOT calling ESMF_GridCompSetVMMaxPEs() for: ESMX_Driver
20260918 053014.168 INFO             PET2 ESMX_Driver: InitializeGeneric intro.
20260918 053014.168 INFO             PET2   ESMX_Driver: InitializeGeneric intro {IS}:--- StateLog() start -----------------
20260918 053014.168 INFO             PET2   ESMX_Driver: InitializeGeneric intro {IS}:State object is invalid! Not created or deleted!
20260918 053014.168 INFO             PET2   ESMX_Driver: InitializeGeneric intro {IS}:--- StateLog() end -------------------
20260918 053014.168 INFO             PET2   ESMX_Driver: InitializeGeneric intro {ES}:--- StateLog() start -----------------
20260918 053014.168 INFO             PET2   ESMX_Driver: InitializeGeneric intro {ES}:State object is invalid! Not created or deleted!
20260918 053014.168 INFO             PET2   ESMX_Driver: InitializeGeneric intro {ES}:--- StateLog() end -------------------
20260918 053014.168 INFO             PET2   >>>ESMX_Driver: entered Initialize (phase=<none>) without valid internal Clock.
20260918 053014.168 INFO             PET2   ESMX_Driver: InitializeP0 intro.
20260918 053014.168 INFO             PET2     ESMX_Driver: InitializeP0 intro {IS}:--- StateLog() start -----------------
20260918 053014.168 INFO             PET2     ESMX_Driver: InitializeP0 intro {IS}:State object is invalid! Not created or deleted!
20260918 053014.168 INFO             PET2     ESMX_Driver: InitializeP0 intro {IS}:--- StateLog() end -------------------
20260918 053014.168 INFO             PET2     ESMX_Driver: InitializeP0 intro {ES}:--- StateLog() start -----------------
20260918 053014.168 INFO             PET2     ESMX_Driver: InitializeP0 intro {ES}:State object is invalid! Not created or deleted!
20260918 053014.168 INFO             PET2     ESMX_Driver: InitializeP0 intro {ES}:--- StateLog() end -------------------
20260918 053014.168 INFO             PET2     >>>ESMX_Driver: entered Initialize (phase=<none>) without valid internal Clock.
20260918 053014.168 INFO             PET2     <<<ESMX_Driver: leaving Initialize (phase=<none>) without valid internal Clock.
20260918 053014.168 INFO             PET2     ESMX_Driver: InitializeP0 extro {IS}:--- StateLog() start -----------------
20260918 053014.168 INFO             PET2     ESMX_Driver: InitializeP0 extro {IS}:State object is invalid! Not created or deleted!
20260918 053014.168 INFO             PET2     ESMX_Driver: InitializeP0 extro {IS}:--- StateLog() end -------------------
20260918 053014.168 INFO             PET2     ESMX_Driver: InitializeP0 extro {ES}:--- StateLog() start -----------------
20260918 053014.168 INFO             PET2     ESMX_Driver: InitializeP0 extro {ES}:State object is invalid! Not created or deleted!
20260918 053014.168 INFO             PET2     ESMX_Driver: InitializeP0 extro {ES}:--- StateLog() end -------------------
20260918 053014.168 INFO             PET2   ESMX_Driver: InitializeP0 extro.
20260918 053014.168 INFO             PET2   ESMX_Driver: InitializeIPDv02p1 intro.
20260918 053014.168 INFO             PET2     ESMX_Driver: InitializeIPDv02p1 intro {IS}:--- StateLog() start -----------------
20260918 053014.168 INFO             PET2     ESMX_Driver: InitializeIPDv02p1 intro {IS}:State object is invalid! Not created or deleted!
20260918 053014.169 INFO             PET2     ESMX_Driver: InitializeIPDv02p1 intro {IS}:--- StateLog() end -------------------
20260918 053014.169 INFO             PET2     ESMX_Driver: InitializeIPDv02p1 intro {ES}:--- StateLog() start -----------------
20260918 053014.169 INFO             PET2     ESMX_Driver: InitializeIPDv02p1 intro {ES}:State object is invalid! Not created or deleted!
20260918 053014.169 INFO             PET2     ESMX_Driver: InitializeIPDv02p1 intro {ES}:--- StateLog() end -------------------
20260918 053014.169 INFO             PET2     >>>ESMX_Driver: entered Initialize (phase=<none>) without valid internal Clock.
20260918 053014.187 INFO             PET2     ESMX_Driver - Creating model component ABC without petList.
20260918 053014.187 DEBUG            PET2     Generic SetVM() is executing for: ABC
20260918 053014.187 DEBUG            PET2     Generic SetVM() found no NUOPC Hint for: ABC
20260918 053014.187 DEBUG            PET2     Generic SetVM() therefore is NOT calling ESMF_GridCompSetVMMaxPEs() for: ABC
20260918 053014.200 ERROR            PET2 /tmp/cce_20.0.2_mpi_g_develop/esmf/DEFAULTINSTALLDIR/include/ESMX/Comps/ESMX_Data/ESMX_Data.F90:316     Wrong argument specified  - An invalid key was found for output 'export' (maybe a typo?): onDataInit
20260918 053014.200 ERROR            PET2 ABC:/tmp/cce_20.0.2_mpi_g_develop/esmf/DEFAULTINSTALLDIR/include/ESMX/Comps/ESMX_Data/ESMX_Data.F90:200     Wrong argument specified  - Problem ingesting hconfig.
20260918 053014.201 ERROR            PET2 ESMX_Driver:src/addon/NUOPC/src/NUOPC_Driver.F90:4764     Wrong argument specified  - Passing error in return code
20260918 053014.201 ERROR            PET2 src/addon/ESMX/Driver/ESMX_Driver.F90:382     Wrong argument specified  - Unable to add component 'ABC' to driver via Fortran module.
20260918 053014.201 ERROR            PET2 ESMX_Driver:src/addon/NUOPC/src/NUOPC_Driver.F90:799     Wrong argument specified  - Passing error in return code
20260918 053014.201 ERROR            PET2 ESMX_Driver:src/addon/NUOPC/src/NUOPC_Driver.F90:505     Wrong argument specified  - Passing error in return code
20260918 053014.201 ERROR            PET2 src/addon/ESMX/ESMX_App.F90:393     Wrong argument specified  - Passing error in return code
20260918 053014.201 INFO             PET2      Finalizing ESMF with endflag==ESMF_END_ABORT
20260918 053014.109 INFO             PET3 !!!!!!!!!!!!!!!!!!!!!!!!!!!!!!!!!!!!!!!!!!!!!!!!!!!!!!
20260918 053014.109 INFO             PET3 !!! THE ESMF_LOG IS SET TO OUTPUT ALL LOG MESSAGES !!!
20260918 053014.109 INFO             PET3 !!!     THIS MAY CAUSE SLOWDOWN IN PERFORMANCE     !!!
20260918 053014.109 INFO             PET3 !!! FOR PRODUCTION RUNS, USE:                      !!!
20260918 053014.109 INFO             PET3 !!!                   ESMF_LOGKIND_Multi_On_Error  !!!
20260918 053014.109 INFO             PET3 !!!!!!!!!!!!!!!!!!!!!!!!!!!!!!!!!!!!!!!!!!!!!!!!!!!!!!
20260918 053014.109 INFO             PET3 Running with ESMF Version   : develop+gb6b90e9e0c
20260918 053014.109 INFO             PET3 ESMF library build date/time: "Sep 18 2026" "04:39:56"
20260918 053014.109 INFO             PET3 ESMF library build location : /tmp/cce_20.0.2_mpi_g_develop/esmf
20260918 053014.109 INFO             PET3 ESMF_COMM                   : mpi
20260918 053014.109 INFO             PET3 ESMF_MOAB                   : enabled
20260918 053014.109 INFO             PET3 ESMF_LAPACK                 : enabled
20260918 053014.109 INFO             PET3 ESMF_NETCDF                 : enabled
20260918 053014.109 INFO             PET3 ESMF_PNETCDF                : disabled
20260918 053014.109 INFO             PET3 ESMF_PIO                    : enabled
20260918 053014.109 INFO             PET3 ESMF_YAMLCPP                : enabled
20260918 053014.110 INFO             PET3 ESMF Profiling Enabled
20260918 053014.110 INFO             PET3 ESMF Trace/Profile clock: REALTIME
20260918 053014.116 INFO             PET3 =============================================
20260918 053014.116 INFO             PET3 ESMX (Earth System Model eXecutable) STARTING
20260918 053014.116 INFO             PET3 =============================================
20260918 053014.149 DEBUG            PET3 Generic SetVM() is executing for: ESMX_Driver
20260918 053014.149 DEBUG            PET3 Generic SetVM() found no NUOPC Hint for: ESMX_Driver
20260918 053014.149 DEBUG            PET3 Generic SetVM() therefore is NOT calling ESMF_GridCompSetVMMaxPEs() for: ESMX_Driver
20260918 053014.164 INFO             PET3 ESMX_Driver: InitializeGeneric intro.
20260918 053014.164 INFO             PET3   ESMX_Driver: InitializeGeneric intro {IS}:--- StateLog() start -----------------
20260918 053014.164 INFO             PET3   ESMX_Driver: InitializeGeneric intro {IS}:State object is invalid! Not created or deleted!
20260918 053014.164 INFO             PET3   ESMX_Driver: InitializeGeneric intro {IS}:--- StateLog() end -------------------
20260918 053014.164 INFO             PET3   ESMX_Driver: InitializeGeneric intro {ES}:--- StateLog() start -----------------
20260918 053014.164 INFO             PET3   ESMX_Driver: InitializeGeneric intro {ES}:State object is invalid! Not created or deleted!
20260918 053014.164 INFO             PET3   ESMX_Driver: InitializeGeneric intro {ES}:--- StateLog() end -------------------
20260918 053014.165 INFO             PET3   >>>ESMX_Driver: entered Initialize (phase=<none>) without valid internal Clock.
20260918 053014.165 INFO             PET3   ESMX_Driver: InitializeP0 intro.
20260918 053014.165 INFO             PET3     ESMX_Driver: InitializeP0 intro {IS}:--- StateLog() start -----------------
20260918 053014.165 INFO             PET3     ESMX_Driver: InitializeP0 intro {IS}:State object is invalid! Not created or deleted!
20260918 053014.165 INFO             PET3     ESMX_Driver: InitializeP0 intro {IS}:--- StateLog() end -------------------
20260918 053014.165 INFO             PET3     ESMX_Driver: InitializeP0 intro {ES}:--- StateLog() start -----------------
20260918 053014.165 INFO             PET3     ESMX_Driver: InitializeP0 intro {ES}:State object is invalid! Not created or deleted!
20260918 053014.165 INFO             PET3     ESMX_Driver: InitializeP0 intro {ES}:--- StateLog() end -------------------
20260918 053014.165 INFO             PET3     >>>ESMX_Driver: entered Initialize (phase=<none>) without valid internal Clock.
20260918 053014.165 INFO             PET3     <<<ESMX_Driver: leaving Initialize (phase=<none>) without valid internal Clock.
20260918 053014.165 INFO             PET3     ESMX_Driver: InitializeP0 extro {IS}:--- StateLog() start -----------------
20260918 053014.165 INFO             PET3     ESMX_Driver: InitializeP0 extro {IS}:State object is invalid! Not created or deleted!
20260918 053014.165 INFO             PET3     ESMX_Driver: InitializeP0 extro {IS}:--- StateLog() end -------------------
20260918 053014.165 INFO             PET3     ESMX_Driver: InitializeP0 extro {ES}:--- StateLog() start -----------------
20260918 053014.165 INFO             PET3     ESMX_Driver: InitializeP0 extro {ES}:State object is invalid! Not created or deleted!
20260918 053014.165 INFO             PET3     ESMX_Driver: InitializeP0 extro {ES}:--- StateLog() end -------------------
20260918 053014.165 INFO             PET3   ESMX_Driver: InitializeP0 extro.
20260918 053014.165 INFO             PET3   ESMX_Driver: InitializeIPDv02p1 intro.
20260918 053014.165 INFO             PET3     ESMX_Driver: InitializeIPDv02p1 intro {IS}:--- StateLog() start -----------------
20260918 053014.165 INFO             PET3     ESMX_Driver: InitializeIPDv02p1 intro {IS}:State object is invalid! Not created or deleted!
20260918 053014.165 INFO             PET3     ESMX_Driver: InitializeIPDv02p1 intro {IS}:--- StateLog() end -------------------
20260918 053014.165 INFO             PET3     ESMX_Driver: InitializeIPDv02p1 intro {ES}:--- StateLog() start -----------------
20260918 053014.165 INFO             PET3     ESMX_Driver: InitializeIPDv02p1 intro {ES}:State object is invalid! Not created or deleted!
20260918 053014.165 INFO             PET3     ESMX_Driver: InitializeIPDv02p1 intro {ES}:--- StateLog() end -------------------
20260918 053014.165 INFO             PET3     >>>ESMX_Driver: entered Initialize (phase=<none>) without valid internal Clock.
20260918 053014.187 INFO             PET3     ESMX_Driver - Creating model component ABC without petList.
20260918 053014.187 DEBUG            PET3     Generic SetVM() is executing for: ABC
20260918 053014.187 DEBUG            PET3     Generic SetVM() found no NUOPC Hint for: ABC
20260918 053014.187 DEBUG            PET3     Generic SetVM() therefore is NOT calling ESMF_GridCompSetVMMaxPEs() for: ABC
20260918 053014.196 ERROR            PET3 /tmp/cce_20.0.2_mpi_g_develop/esmf/DEFAULTINSTALLDIR/include/ESMX/Comps/ESMX_Data/ESMX_Data.F90:316     Wrong argument specified  - An invalid key was found for output 'export' (maybe a typo?): onDataInit
20260918 053014.196 ERROR            PET3 ABC:/tmp/cce_20.0.2_mpi_g_develop/esmf/DEFAULTINSTALLDIR/include/ESMX/Comps/ESMX_Data/ESMX_Data.F90:200     Wrong argument specified  - Problem ingesting hconfig.
20260918 053014.196 ERROR            PET3 ESMX_Driver:src/addon/NUOPC/src/NUOPC_Driver.F90:4764     Wrong argument specified  - Passing error in return code
20260918 053014.196 ERROR            PET3 src/addon/ESMX/Driver/ESMX_Driver.F90:382     Wrong argument specified  - Unable to add component 'ABC' to driver via Fortran module.
20260918 053014.196 ERROR            PET3 ESMX_Driver:src/addon/NUOPC/src/NUOPC_Driver.F90:799     Wrong argument specified  - Passing error in return code
20260918 053014.196 ERROR            PET3 ESMX_Driver:src/addon/NUOPC/src/NUOPC_Driver.F90:505     Wrong argument specified  - Passing error in return code
20260918 053014.197 ERROR            PET3 src/addon/ESMX/ESMX_App.F90:393     Wrong argument specified  - Passing error in return code
20260918 053014.197 INFO             PET3      Finalizing ESMF with endflag==ESMF_END_ABORT
