2026-09-10 04:37:05
20260910 052606.219 INFO             PET0 !!!!!!!!!!!!!!!!!!!!!!!!!!!!!!!!!!!!!!!!!!!!!!!!!!!!!!
20260910 052606.219 INFO             PET0 !!! THE ESMF_LOG IS SET TO OUTPUT ALL LOG MESSAGES !!!
20260910 052606.219 INFO             PET0 !!!     THIS MAY CAUSE SLOWDOWN IN PERFORMANCE     !!!
20260910 052606.219 INFO             PET0 !!! FOR PRODUCTION RUNS, USE:                      !!!
20260910 052606.219 INFO             PET0 !!!                   ESMF_LOGKIND_Multi_On_Error  !!!
20260910 052606.219 INFO             PET0 !!!!!!!!!!!!!!!!!!!!!!!!!!!!!!!!!!!!!!!!!!!!!!!!!!!!!!
20260910 052606.219 INFO             PET0 Running with ESMF Version   : develop+gc12f7f42f7
20260910 052606.219 INFO             PET0 ESMF library build date/time: "Sep 10 2026" "04:35:10"
20260910 052606.219 INFO             PET0 ESMF library build location : /tmp/cce_20.0.2_mpi_g_develop/esmf
20260910 052606.219 INFO             PET0 ESMF_COMM                   : mpi
20260910 052606.219 INFO             PET0 ESMF_MOAB                   : enabled
20260910 052606.219 INFO             PET0 ESMF_LAPACK                 : enabled
20260910 052606.219 INFO             PET0 ESMF_NETCDF                 : enabled
20260910 052606.219 INFO             PET0 ESMF_PNETCDF                : disabled
20260910 052606.219 INFO             PET0 ESMF_PIO                    : enabled
20260910 052606.219 INFO             PET0 ESMF_YAMLCPP                : enabled
20260910 052606.228 INFO             PET0 =============================================
20260910 052606.228 INFO             PET0 ESMX (Earth System Model eXecutable) STARTING
20260910 052606.228 INFO             PET0 =============================================
20260910 052606.264 DEBUG            PET0 Generic SetVM() is executing for: ESMX_Driver
20260910 052606.264 DEBUG            PET0 Generic SetVM() found no NUOPC Hint for: ESMX_Driver
20260910 052606.264 DEBUG            PET0 Generic SetVM() therefore is NOT calling ESMF_GridCompSetVMMaxPEs() for: ESMX_Driver
20260910 052606.280 INFO             PET0 ESMX_Driver: InitializeGeneric intro.
20260910 052606.280 INFO             PET0   >>>ESMX_Driver: entered Initialize (phase=<none>) without valid internal Clock.
20260910 052606.280 INFO             PET0   ESMX_Driver: InitializeP0 intro.
20260910 052606.280 INFO             PET0     >>>ESMX_Driver: entered Initialize (phase=<none>) without valid internal Clock.
20260910 052606.280 INFO             PET0     <<<ESMX_Driver: leaving Initialize (phase=<none>) without valid internal Clock.
20260910 052606.280 INFO             PET0   ESMX_Driver: InitializeP0 extro.
20260910 052606.280 INFO             PET0   ESMX_Driver: InitializeIPDv02p1 intro.
20260910 052606.280 INFO             PET0     >>>ESMX_Driver: entered Initialize (phase=<none>) without valid internal Clock.
20260910 052606.304 INFO             PET0     ESMX_Driver - Creating model component ATM with petList of size 4 :
20260910 052606.304 INFO             PET0           3      2      1      0
20260910 052606.304 DEBUG            PET0     Generic SetVM() is executing for: ATM
20260910 052606.304 DEBUG            PET0     Generic SetVM() is calling ESMF_GridCompSetVMMaxPEs() for: ATM with:
20260910 052606.304 DEBUG            PET0      -             MaxCount =          4
20260910 052606.304 DEBUG            PET0      -       OpenMpHandling =
20260910 052606.304 DEBUG            PET0      -     OpenMpNumThreads =         -1
20260910 052606.304 DEBUG            PET0      -   ForceChildPthreads =          F
20260910 052606.304 DEBUG            PET0      -  PthreadMinStackSize =         -1
20260910 052606.304 DEBUG            PET0     vmkt_create()#229 Pthread: service=1 (0: actual PET, 1: service thread) - PTHREAD_STACK_MIN: 16384 bytes stack_size: 4194304 bytes
20260910 052606.305 DEBUG            PET0     vmkt_create()#229 Pthread: service=1 (0: actual PET, 1: service thread) - PTHREAD_STACK_MIN: 16384 bytes stack_size: 4194304 bytes
20260910 052606.219 INFO             PET1 !!!!!!!!!!!!!!!!!!!!!!!!!!!!!!!!!!!!!!!!!!!!!!!!!!!!!!
20260910 052606.219 INFO             PET1 !!! THE ESMF_LOG IS SET TO OUTPUT ALL LOG MESSAGES !!!
20260910 052606.219 INFO             PET1 !!!     THIS MAY CAUSE SLOWDOWN IN PERFORMANCE     !!!
20260910 052606.219 INFO             PET1 !!! FOR PRODUCTION RUNS, USE:                      !!!
20260910 052606.219 INFO             PET1 !!!                   ESMF_LOGKIND_Multi_On_Error  !!!
20260910 052606.219 INFO             PET1 !!!!!!!!!!!!!!!!!!!!!!!!!!!!!!!!!!!!!!!!!!!!!!!!!!!!!!
20260910 052606.219 INFO             PET1 Running with ESMF Version   : develop+gc12f7f42f7
20260910 052606.219 INFO             PET1 ESMF library build date/time: "Sep 10 2026" "04:35:10"
20260910 052606.219 INFO             PET1 ESMF library build location : /tmp/cce_20.0.2_mpi_g_develop/esmf
20260910 052606.219 INFO             PET1 ESMF_COMM                   : mpi
20260910 052606.219 INFO             PET1 ESMF_MOAB                   : enabled
20260910 052606.219 INFO             PET1 ESMF_LAPACK                 : enabled
20260910 052606.219 INFO             PET1 ESMF_NETCDF                 : enabled
20260910 052606.219 INFO             PET1 ESMF_PNETCDF                : disabled
20260910 052606.219 INFO             PET1 ESMF_PIO                    : enabled
20260910 052606.219 INFO             PET1 ESMF_YAMLCPP                : enabled
20260910 052606.231 INFO             PET1 =============================================
20260910 052606.231 INFO             PET1 ESMX (Earth System Model eXecutable) STARTING
20260910 052606.231 INFO             PET1 =============================================
20260910 052606.271 DEBUG            PET1 Generic SetVM() is executing for: ESMX_Driver
20260910 052606.271 DEBUG            PET1 Generic SetVM() found no NUOPC Hint for: ESMX_Driver
20260910 052606.271 DEBUG            PET1 Generic SetVM() therefore is NOT calling ESMF_GridCompSetVMMaxPEs() for: ESMX_Driver
20260910 052606.283 INFO             PET1 ESMX_Driver: InitializeGeneric intro.
20260910 052606.283 INFO             PET1   >>>ESMX_Driver: entered Initialize (phase=<none>) without valid internal Clock.
20260910 052606.283 INFO             PET1   ESMX_Driver: InitializeP0 intro.
20260910 052606.284 INFO             PET1     >>>ESMX_Driver: entered Initialize (phase=<none>) without valid internal Clock.
20260910 052606.284 INFO             PET1     <<<ESMX_Driver: leaving Initialize (phase=<none>) without valid internal Clock.
20260910 052606.284 INFO             PET1   ESMX_Driver: InitializeP0 extro.
20260910 052606.284 INFO             PET1   ESMX_Driver: InitializeIPDv02p1 intro.
20260910 052606.284 INFO             PET1     >>>ESMX_Driver: entered Initialize (phase=<none>) without valid internal Clock.
20260910 052606.304 INFO             PET1     ESMX_Driver - Creating model component ATM with petList of size 4 :
20260910 052606.304 INFO             PET1           3      2      1      0
20260910 052606.304 DEBUG            PET1     Generic SetVM() is executing for: ATM
20260910 052606.304 DEBUG            PET1     Generic SetVM() is calling ESMF_GridCompSetVMMaxPEs() for: ATM with:
20260910 052606.304 DEBUG            PET1      -             MaxCount =          4
20260910 052606.304 DEBUG            PET1      -       OpenMpHandling =
20260910 052606.304 DEBUG            PET1      -     OpenMpNumThreads =         -1
20260910 052606.304 DEBUG            PET1      -   ForceChildPthreads =          F
20260910 052606.304 DEBUG            PET1      -  PthreadMinStackSize =         -1
20260910 052606.305 DEBUG            PET1     vmkt_create()#229 Pthread: service=1 (0: actual PET, 1: service thread) - PTHREAD_STACK_MIN: 16384 bytes stack_size: 4194304 bytes
20260910 052606.305 DEBUG            PET1     vmkt_create()#229 Pthread: service=1 (0: actual PET, 1: service thread) - PTHREAD_STACK_MIN: 16384 bytes stack_size: 4194304 bytes
20260910 052606.219 INFO             PET2 !!!!!!!!!!!!!!!!!!!!!!!!!!!!!!!!!!!!!!!!!!!!!!!!!!!!!!
20260910 052606.219 INFO             PET2 !!! THE ESMF_LOG IS SET TO OUTPUT ALL LOG MESSAGES !!!
20260910 052606.219 INFO             PET2 !!!     THIS MAY CAUSE SLOWDOWN IN PERFORMANCE     !!!
20260910 052606.219 INFO             PET2 !!! FOR PRODUCTION RUNS, USE:                      !!!
20260910 052606.219 INFO             PET2 !!!                   ESMF_LOGKIND_Multi_On_Error  !!!
20260910 052606.219 INFO             PET2 !!!!!!!!!!!!!!!!!!!!!!!!!!!!!!!!!!!!!!!!!!!!!!!!!!!!!!
20260910 052606.219 INFO             PET2 Running with ESMF Version   : develop+gc12f7f42f7
20260910 052606.219 INFO             PET2 ESMF library build date/time: "Sep 10 2026" "04:35:10"
20260910 052606.219 INFO             PET2 ESMF library build location : /tmp/cce_20.0.2_mpi_g_develop/esmf
20260910 052606.222 INFO             PET2 ESMF_COMM                   : mpi
20260910 052606.222 INFO             PET2 ESMF_MOAB                   : enabled
20260910 052606.222 INFO             PET2 ESMF_LAPACK                 : enabled
20260910 052606.222 INFO             PET2 ESMF_NETCDF                 : enabled
20260910 052606.222 INFO             PET2 ESMF_PNETCDF                : disabled
20260910 052606.222 INFO             PET2 ESMF_PIO                    : enabled
20260910 052606.222 INFO             PET2 ESMF_YAMLCPP                : enabled
20260910 052606.231 INFO             PET2 =============================================
20260910 052606.231 INFO             PET2 ESMX (Earth System Model eXecutable) STARTING
20260910 052606.231 INFO             PET2 =============================================
20260910 052606.271 DEBUG            PET2 Generic SetVM() is executing for: ESMX_Driver
20260910 052606.271 DEBUG            PET2 Generic SetVM() found no NUOPC Hint for: ESMX_Driver
20260910 052606.271 DEBUG            PET2 Generic SetVM() therefore is NOT calling ESMF_GridCompSetVMMaxPEs() for: ESMX_Driver
20260910 052606.283 INFO             PET2 ESMX_Driver: InitializeGeneric intro.
20260910 052606.283 INFO             PET2   >>>ESMX_Driver: entered Initialize (phase=<none>) without valid internal Clock.
20260910 052606.283 INFO             PET2   ESMX_Driver: InitializeP0 intro.
20260910 052606.284 INFO             PET2     >>>ESMX_Driver: entered Initialize (phase=<none>) without valid internal Clock.
20260910 052606.284 INFO             PET2     <<<ESMX_Driver: leaving Initialize (phase=<none>) without valid internal Clock.
20260910 052606.284 INFO             PET2   ESMX_Driver: InitializeP0 extro.
20260910 052606.284 INFO             PET2   ESMX_Driver: InitializeIPDv02p1 intro.
20260910 052606.284 INFO             PET2     >>>ESMX_Driver: entered Initialize (phase=<none>) without valid internal Clock.
20260910 052606.304 INFO             PET2     ESMX_Driver - Creating model component ATM with petList of size 4 :
20260910 052606.304 INFO             PET2           3      2      1      0
20260910 052606.304 DEBUG            PET2     Generic SetVM() is executing for: ATM
20260910 052606.304 DEBUG            PET2     Generic SetVM() is calling ESMF_GridCompSetVMMaxPEs() for: ATM with:
20260910 052606.304 DEBUG            PET2      -             MaxCount =          4
20260910 052606.304 DEBUG            PET2      -       OpenMpHandling =
20260910 052606.304 DEBUG            PET2      -     OpenMpNumThreads =         -1
20260910 052606.304 DEBUG            PET2      -   ForceChildPthreads =          F
20260910 052606.304 DEBUG            PET2      -  PthreadMinStackSize =         -1
20260910 052606.305 DEBUG            PET2     vmkt_create()#229 Pthread: service=1 (0: actual PET, 1: service thread) - PTHREAD_STACK_MIN: 16384 bytes stack_size: 4194304 bytes
20260910 052606.305 DEBUG            PET2     vmkt_create()#229 Pthread: service=1 (0: actual PET, 1: service thread) - PTHREAD_STACK_MIN: 16384 bytes stack_size: 4194304 bytes
20260910 052606.219 INFO             PET3 !!!!!!!!!!!!!!!!!!!!!!!!!!!!!!!!!!!!!!!!!!!!!!!!!!!!!!
20260910 052606.219 INFO             PET3 !!! THE ESMF_LOG IS SET TO OUTPUT ALL LOG MESSAGES !!!
20260910 052606.219 INFO             PET3 !!!     THIS MAY CAUSE SLOWDOWN IN PERFORMANCE     !!!
20260910 052606.219 INFO             PET3 !!! FOR PRODUCTION RUNS, USE:                      !!!
20260910 052606.219 INFO             PET3 !!!                   ESMF_LOGKIND_Multi_On_Error  !!!
20260910 052606.219 INFO             PET3 !!!!!!!!!!!!!!!!!!!!!!!!!!!!!!!!!!!!!!!!!!!!!!!!!!!!!!
20260910 052606.219 INFO             PET3 Running with ESMF Version   : develop+gc12f7f42f7
20260910 052606.219 INFO             PET3 ESMF library build date/time: "Sep 10 2026" "04:35:10"
20260910 052606.219 INFO             PET3 ESMF library build location : /tmp/cce_20.0.2_mpi_g_develop/esmf
20260910 052606.219 INFO             PET3 ESMF_COMM                   : mpi
20260910 052606.219 INFO             PET3 ESMF_MOAB                   : enabled
20260910 052606.219 INFO             PET3 ESMF_LAPACK                 : enabled
20260910 052606.219 INFO             PET3 ESMF_NETCDF                 : enabled
20260910 052606.219 INFO             PET3 ESMF_PNETCDF                : disabled
20260910 052606.219 INFO             PET3 ESMF_PIO                    : enabled
20260910 052606.219 INFO             PET3 ESMF_YAMLCPP                : enabled
20260910 052606.228 INFO             PET3 =============================================
20260910 052606.228 INFO             PET3 ESMX (Earth System Model eXecutable) STARTING
20260910 052606.228 INFO             PET3 =============================================
20260910 052606.264 DEBUG            PET3 Generic SetVM() is executing for: ESMX_Driver
20260910 052606.264 DEBUG            PET3 Generic SetVM() found no NUOPC Hint for: ESMX_Driver
20260910 052606.264 DEBUG            PET3 Generic SetVM() therefore is NOT calling ESMF_GridCompSetVMMaxPEs() for: ESMX_Driver
20260910 052606.280 INFO             PET3 ESMX_Driver: InitializeGeneric intro.
20260910 052606.280 INFO             PET3   >>>ESMX_Driver: entered Initialize (phase=<none>) without valid internal Clock.
20260910 052606.280 INFO             PET3   ESMX_Driver: InitializeP0 intro.
20260910 052606.280 INFO             PET3     >>>ESMX_Driver: entered Initialize (phase=<none>) without valid internal Clock.
20260910 052606.280 INFO             PET3     <<<ESMX_Driver: leaving Initialize (phase=<none>) without valid internal Clock.
20260910 052606.280 INFO             PET3   ESMX_Driver: InitializeP0 extro.
20260910 052606.280 INFO             PET3   ESMX_Driver: InitializeIPDv02p1 intro.
20260910 052606.280 INFO             PET3     >>>ESMX_Driver: entered Initialize (phase=<none>) without valid internal Clock.
20260910 052606.304 INFO             PET3     ESMX_Driver - Creating model component ATM with petList of size 4 :
20260910 052606.304 INFO             PET3           3      2      1      0
20260910 052606.304 DEBUG            PET3     Generic SetVM() is executing for: ATM
20260910 052606.304 DEBUG            PET3     Generic SetVM() is calling ESMF_GridCompSetVMMaxPEs() for: ATM with:
20260910 052606.304 DEBUG            PET3      -             MaxCount =          4
20260910 052606.304 DEBUG            PET3      -       OpenMpHandling =
20260910 052606.304 DEBUG            PET3      -     OpenMpNumThreads =         -1
20260910 052606.304 DEBUG            PET3      -   ForceChildPthreads =          F
20260910 052606.304 DEBUG            PET3      -  PthreadMinStackSize =         -1
20260910 052606.435 ERROR            PET3 /tmp/cce_20.0.2_mpi_g_develop/esmf/DEFAULTINSTALLDIR/include/ESMX/Comps/ESMX_Data/ESMX_Data.F90:316     Wrong argument specified  - An invalid key was found for output 'import' (maybe a typo?): onDataInit
20260910 052606.435 ERROR            PET3 ATM:/tmp/cce_20.0.2_mpi_g_develop/esmf/DEFAULTINSTALLDIR/include/ESMX/Comps/ESMX_Data/ESMX_Data.F90:200     Wrong argument specified  - Problem ingesting hconfig.
20260910 052606.443 ERROR            PET3 ESMX_Driver:src/addon/NUOPC/src/NUOPC_Driver.F90:4764     Wrong argument specified  - Passing error in return code
20260910 052606.443 ERROR            PET3 src/addon/ESMX/Driver/ESMX_Driver.F90:382     Wrong argument specified  - Unable to add component 'ATM' to driver via Fortran module.
20260910 052606.443 ERROR            PET3 ESMX_Driver:src/addon/NUOPC/src/NUOPC_Driver.F90:799     Wrong argument specified  - Passing error in return code
20260910 052606.443 ERROR            PET3 ESMX_Driver:src/addon/NUOPC/src/NUOPC_Driver.F90:505     Wrong argument specified  - Passing error in return code
20260910 052606.443 ERROR            PET3 src/addon/ESMX/ESMX_App.F90:393     Wrong argument specified  - Passing error in return code
20260910 052606.443 INFO             PET3      Finalizing ESMF with endflag==ESMF_END_ABORT
