2026-08-30 07:50:12
20260830 091050.388 INFO             PET0 !!!!!!!!!!!!!!!!!!!!!!!!!!!!!!!!!!!!!!!!!!!!!!!!!!!!!!
20260830 091050.388 INFO             PET0 !!! THE ESMF_LOG IS SET TO OUTPUT ALL LOG MESSAGES !!!
20260830 091050.388 INFO             PET0 !!!     THIS MAY CAUSE SLOWDOWN IN PERFORMANCE     !!!
20260830 091050.388 INFO             PET0 !!! FOR PRODUCTION RUNS, USE:                      !!!
20260830 091050.388 INFO             PET0 !!!                   ESMF_LOGKIND_Multi_On_Error  !!!
20260830 091050.388 INFO             PET0 !!!!!!!!!!!!!!!!!!!!!!!!!!!!!!!!!!!!!!!!!!!!!!!!!!!!!!
20260830 091050.388 INFO             PET0 Running with ESMF Version   : develop+g1082792c4b
20260830 091050.388 INFO             PET0 ESMF library build date/time: "Aug 30 2026" "07:45:47"
20260830 091050.388 INFO             PET0 ESMF library build location : /scratch3/NCEPDEV/stmp/Gerhard.Theurich/ESMF-Nightly-Testing-Hera/nvhpc_24.1_openmpi_O_develop/esmf
20260830 091050.388 INFO             PET0 ESMF_COMM                   : openmpi
20260830 091050.389 INFO             PET0 ESMF_MOAB                   : enabled
20260830 091050.389 INFO             PET0 ESMF_LAPACK                 : enabled
20260830 091050.389 INFO             PET0 ESMF_NETCDF                 : disabled
20260830 091050.389 INFO             PET0 ESMF_PNETCDF                : disabled
20260830 091050.389 INFO             PET0 ESMF_PIO                    : disabled
20260830 091050.389 INFO             PET0 ESMF_YAMLCPP                : enabled
20260830 091050.390 INFO             PET0  NUMBER_OF_PROCESSORS            1
20260830 091050.390 INFO             PET0  PASS  Example ESMF_ClockEx, ESMF_ClockEx.F90, line 220
20260830 091050.390 INFO             PET0  Finalizing ESMF
