2026-09-11 21:25:42
20260911 224218.232 INFO             PET0 !!!!!!!!!!!!!!!!!!!!!!!!!!!!!!!!!!!!!!!!!!!!!!!!!!!!!!
20260911 224218.232 INFO             PET0 !!! THE ESMF_LOG IS SET TO OUTPUT ALL LOG MESSAGES !!!
20260911 224218.232 INFO             PET0 !!!     THIS MAY CAUSE SLOWDOWN IN PERFORMANCE     !!!
20260911 224218.232 INFO             PET0 !!! FOR PRODUCTION RUNS, USE:                      !!!
20260911 224218.232 INFO             PET0 !!!                   ESMF_LOGKIND_Multi_On_Error  !!!
20260911 224218.232 INFO             PET0 !!!!!!!!!!!!!!!!!!!!!!!!!!!!!!!!!!!!!!!!!!!!!!!!!!!!!!
20260911 224218.232 INFO             PET0 Running with ESMF Version   : v9.0.0b18
20260911 224218.232 INFO             PET0 ESMF library build date/time: "Sep 11 2026" "21:21:27"
20260911 224218.232 INFO             PET0 ESMF library build location : /scratch3/NCEPDEV/stmp/Gerhard.Theurich/ESMF-Nightly-Testing-Hera/nvhpc_24.1_openmpi_O_develop/esmf
20260911 224218.232 INFO             PET0 ESMF_COMM                   : openmpi
20260911 224218.233 INFO             PET0 ESMF_MOAB                   : enabled
20260911 224218.233 INFO             PET0 ESMF_LAPACK                 : enabled
20260911 224218.233 INFO             PET0 ESMF_NETCDF                 : disabled
20260911 224218.233 INFO             PET0 ESMF_PNETCDF                : disabled
20260911 224218.233 INFO             PET0 ESMF_PIO                    : disabled
20260911 224218.233 INFO             PET0 ESMF_YAMLCPP                : enabled
20260911 224218.235 INFO             PET0  NUMBER_OF_PROCESSORS            1
20260911 224218.235 INFO             PET0  PASS  Example ESMF_AlarmEx, ESMF_AlarmEx.F90, line 244
20260911 224218.235 INFO             PET0  Finalizing ESMF
