2026-09-07 23:38:24

Program received signal SIGFPE: Floating-point exception - erroneous arithmetic operation.

Backtrace for this error:

Program received signal SIGFPE: Floating-point exception - erroneous arithmetic operation.

Backtrace for this error:

Program received signal SIGFPE: Floating-point exception - erroneous arithmetic operation.

Backtrace for this error:

Program received signal SIGFPE: Floating-point exception - erroneous arithmetic operation.

Backtrace for this error:
#0  0x14d44dc6562f in ???
#0  0x14f09ae3f62f in ???
#0  0x1485abd1862f in ???
#0  0x14fe47ca162f in ???
#1  0x14fe4a78cf4c in ???
#1  0x14d450750f4c in ???
#1  0x14f09d92af4c in ???
#1  0x1485ae803f4c in ???
#2  0x14fe4a784fb6 in ???
#3  0x14fe4a791424 in ???
#2  0x14d450748fb6 in ???
#3  0x14d450755424 in ???
#4  0x14d4507559e0 in ???
#5  0x14d4507173bb in ???
#6  0x14d4507156e0 in ???
#2  0x14f09d922fb6 in ???
#3  0x14f09d92f424 in ???
#4  0x14f09d92f9e0 in ???
#5  0x14f09d8f13bb in ???
#6  0x14f09d8ef6e0 in ???
#7  0x14f09d8658b6 in ???
#8  0x14f09d876a5a in ???
#2  0x1485ae7fbfb6 in ???
#3  0x1485ae808424 in ???
#4  0x1485ae8089e0 in ???
#5  0x1485ae7ca3bb in ???
#6  0x1485ae7c86e0 in ???
#7  0x1485ae73e8b6 in ???
#8  0x1485ae74fa5a in ???
#9  0x1485ae7502b1 in ???
#4  0x14fe4a7919e0 in ???
#5  0x14fe4a7533bb in ???
#6  0x14fe4a7516e0 in ???
#7  0x14fe4a6c78b6 in ???
#8  0x14fe4a6d8a5a in ???
#9  0x14fe4a6d92b1 in ???
#7  0x14d45068b8b6 in ???
#8  0x14d45069ca5a in ???
#9  0x14d45069d2b1 in ???
#10  0x14d4506c2d2d in ???
#9  0x14f09d8772b1 in ???
#10  0x14f09d89cd2d in ???
#10  0x1485ae775d2d in ???
#10  0x14fe4a6fed2d in ???
#11  0x14d450a6e19e in ???
#11  0x14f09dc4819e in ???
#11  0x1485aeb2119e in ???
#12  0x1485aeaab21d in ???
#13  0x1485aeb52ef6 in ???
#11  0x14fe4aaaa19e in ???
#12  0x14fe4aa3421d in ???
#13  0x14fe4aadbef6 in ???
#12  0x14d4509f821d in ???
#13  0x14d450a9fef6 in ???
#12  0x14f09dbd221d in ???
#13  0x14f09dc79ef6 in ???
#14  0x1485af181bce in ???
#14  0x14d4510cebce in ???
#14  0x14f09e2a8bce in ???
#14  0x14fe4b10abce in ???
#15  0x14d450f42f57 in ???
#15  0x1485aeff5f57 in ???
#15  0x14fe4af7ef57 in ???
#15  0x14f09e11cf57 in ???
#16  0x14d450d7bb82 in ???
#16  0x14f09df55b82 in ???
#16  0x1485aee2eb82 in ???
#16  0x14fe4adb7b82 in ???
#17  0x14d451271539 in ???
#17  0x14fe4b2ad539 in ???
#17  0x14f09e44b539 in ???
#17  0x1485af324539 in ???
#18  0x14d45127b436 in ???
#18  0x1485af32e436 in ???
#19  0x1485ae8f4ece in ???
#20  0x1485ae8f5224 in ???
#18  0x14fe4b2b7436 in ???
#19  0x14fe4a87dece in ???
#19  0x14d450841ece in ???
#20  0x14d450842224 in ???
#21  0x14d450b21b34 in ???
#22  0x14d450b10543 in ???
#23  0x14d450840d3b in ???
#18  0x14f09e455436 in ???
#19  0x14f09da1bece in ???
#20  0x14f09da1c224 in ???
#21  0x14f09dcfbb34 in ???
#22  0x14f09dcea543 in ???
#21  0x1485aebd4b34 in ???
#22  0x1485aebc3543 in ???
#23  0x1485ae8f3d3b in ???
#20  0x14fe4a87e224 in ???
#21  0x14fe4ab5db34 in ???
#22  0x14fe4ab4c543 in ???
#23  0x14fe4a87cd3b in ???
#23  0x14f09da1ad3b in ???
#24  0x1485aede9890 in ???
#24  0x14d450d36890 in ???
#24  0x14f09df10890 in ???
#24  0x14fe4ad72890 in ???
#25  0x14d450d5b432 in ???
#25  0x14fe4ad97432 in ???
#25  0x14f09df35432 in ???
#25  0x1485aee0e432 in ???
#26  0x14fe4b2f7fb2 in ???
#26  0x1485af36efb2 in ???
#26  0x14d4512bbfb2 in ???
#26  0x14f09e495fb2 in ???
#27  0x14fe4b3097f2 in ???
#27  0x14f09e4a77f2 in ???
#27  0x1485af3807f2 in ???
#27  0x14d4512cd7f2 in ???
#28  0x14fe4b339bf2 in ???
#29  0x14fe4a87dece in ???
#28  0x14f09e4d7bf2 in ???
#29  0x14f09da1bece in ???
#30  0x14f09da1c224 in ???
#28  0x1485af3b0bf2 in ???
#29  0x1485ae8f4ece in ???
#30  0x1485ae8f5224 in ???
#31  0x1485aebd4b34 in ???
#32  0x1485aebc3543 in ???
#30  0x14fe4a87e224 in ???
#31  0x14fe4ab5db34 in ???
#32  0x14fe4ab4c543 in ???
#33  0x14fe4a87cd3b in ???
#34  0x14fe4ad72890 in ???
#28  0x14d4512fdbf2 in ???
#29  0x14d450841ece in ???
#30  0x14d450842224 in ???
#31  0x14d450b21b34 in ???
#32  0x14d450b10543 in ???
#33  0x14d450840d3b in ???
#34  0x14d450d36890 in ???
#31  0x14f09dcfbb34 in ???
#32  0x14f09dcea543 in ???
#33  0x14f09da1ad3b in ???
#34  0x14f09df10890 in ???
#33  0x1485ae8f3d3b in ???
#34  0x1485aede9890 in ???
#35  0x14f09e199e60 in ???
#35  0x14fe4affbe60 in ???
#35  0x1485af072e60 in ???
#35  0x14d450fbfe60 in ???
#36  0x408e73 in esmx_app
	at /scratch3/NCEPDEV/stmp/Gerhard.Theurich/ESMF-Nightly-Testing-Hera/gfortran_13.2.0_openmpi_O_feature_esmx-cmake/esmf/DEFAULTINSTALLDIR/include/ESMX/ESMX_App.F90:388
#37  0x40954c in main
	at /scratch3/NCEPDEV/stmp/Gerhard.Theurich/ESMF-Nightly-Testing-Hera/gfortran_13.2.0_openmpi_O_feature_esmx-cmake/esmf/DEFAULTINSTALLDIR/include/ESMX/ESMX_App.F90:14
#36  0x408e73 in esmx_app
	at /scratch3/NCEPDEV/stmp/Gerhard.Theurich/ESMF-Nightly-Testing-Hera/gfortran_13.2.0_openmpi_O_feature_esmx-cmake/esmf/DEFAULTINSTALLDIR/include/ESMX/ESMX_App.F90:388
#37  0x40954c in main
	at /scratch3/NCEPDEV/stmp/Gerhard.Theurich/ESMF-Nightly-Testing-Hera/gfortran_13.2.0_openmpi_O_feature_esmx-cmake/esmf/DEFAULTINSTALLDIR/include/ESMX/ESMX_App.F90:14
#36  0x408e73 in esmx_app
	at /scratch3/NCEPDEV/stmp/Gerhard.Theurich/ESMF-Nightly-Testing-Hera/gfortran_13.2.0_openmpi_O_feature_esmx-cmake/esmf/DEFAULTINSTALLDIR/include/ESMX/ESMX_App.F90:388
#37  0x40954c in main
	at /scratch3/NCEPDEV/stmp/Gerhard.Theurich/ESMF-Nightly-Testing-Hera/gfortran_13.2.0_openmpi_O_feature_esmx-cmake/esmf/DEFAULTINSTALLDIR/include/ESMX/ESMX_App.F90:14
#36  0x408e73 in esmx_app
	at /scratch3/NCEPDEV/stmp/Gerhard.Theurich/ESMF-Nightly-Testing-Hera/gfortran_13.2.0_openmpi_O_feature_esmx-cmake/esmf/DEFAULTINSTALLDIR/include/ESMX/ESMX_App.F90:388
#37  0x40954c in main
	at /scratch3/NCEPDEV/stmp/Gerhard.Theurich/ESMF-Nightly-Testing-Hera/gfortran_13.2.0_openmpi_O_feature_esmx-cmake/esmf/DEFAULTINSTALLDIR/include/ESMX/ESMX_App.F90:14
srun: error: h5c48: tasks 0-3: Floating point exception
srun: Terminating StepId=32300572.407
