2026-09-07 23:38:24

Program received signal SIGFPE: Floating-point exception - erroneous arithmetic operation.

Backtrace for this error:

Program received signal SIGFPE: Floating-point exception - erroneous arithmetic operation.

Backtrace for this error:

Program received signal SIGFPE: Floating-point exception - erroneous arithmetic operation.

Backtrace for this error:

Program received signal SIGFPE: Floating-point exception - erroneous arithmetic operation.

Backtrace for this error:
#0  0x15296beed62f in ???
#0  0x148882e6362f in ???
#1  0x15296e9d8f4c in ???
#2  0x15296e9d0fb6 in ???
#3  0x15296e9dd424 in ???
#4  0x15296e9dd9e0 in ???
#5  0x15296e99f3bb in ???
#0  0x14a58409162f in ???
#1  0x14888594ef4c in ???
#2  0x148885946fb6 in ???
#3  0x148885953424 in ???
#0  0x147dc6be162f in ???
#1  0x147dc96ccf4c in ???
#2  0x147dc96c4fb6 in ???
#3  0x147dc96d1424 in ???
#4  0x147dc96d19e0 in ???
#5  0x147dc96933bb in ???
#6  0x15296e99d6e0 in ???
#7  0x15296e9138b6 in ???
#8  0x15296e924a5a in ???
#9  0x15296e9252b1 in ???
#10  0x15296e94ad2d in ???
#11  0x15296ecf619e in ???
#1  0x14a586b7cf4c in ???
#2  0x14a586b74fb6 in ???
#3  0x14a586b81424 in ???
#4  0x14a586b819e0 in ???
#5  0x14a586b433bb in ???
#6  0x14a586b416e0 in ???
#4  0x1488859539e0 in ???
#5  0x1488859153bb in ???
#6  0x1488859136e0 in ???
#7  0x1488858898b6 in ???
#8  0x14888589aa5a in ???
#9  0x14888589b2b1 in ???
#10  0x1488858c0d2d in ???
#6  0x147dc96916e0 in ???
#7  0x147dc96078b6 in ???
#8  0x147dc9618a5a in ???
#9  0x147dc96192b1 in ???
#10  0x147dc963ed2d in ???
#11  0x147dc99ea19e in ???
#12  0x15296ec8021d in ???
#13  0x15296ed27ef6 in ???
#14  0x15296f356bce in ???
#7  0x14a586ab78b6 in ???
#8  0x14a586ac8a5a in ???
#9  0x14a586ac92b1 in ???
#10  0x14a586aeed2d in ???
#11  0x14a586e9a19e in ???
#11  0x148885c6c19e in ???
#12  0x148885bf621d in ???
#13  0x148885c9def6 in ???
#12  0x147dc997421d in ???
#13  0x147dc9a1bef6 in ???
#14  0x147dca04abce in ???
#15  0x15296f1caf57 in ???
#12  0x14a586e2421d in ???
#13  0x14a586ecbef6 in ???
#14  0x1488862ccbce in ???
#15  0x147dc9ebef57 in ???
#16  0x15296f003b82 in ???
#14  0x14a5874fabce in ???
#15  0x14a58736ef57 in ???
#15  0x148886140f57 in ???
#16  0x148885f79b82 in ???
#16  0x147dc9cf7b82 in ???
#17  0x147dca1ed539 in ???
#17  0x15296f4f9539 in ???
#18  0x15296f503436 in ???
#16  0x14a5871a7b82 in ???
#17  0x14888646f539 in ???
#19  0x15296eac9ece in ???
#20  0x15296eaca224 in ???
#21  0x15296eda9b34 in ???
#22  0x15296ed98543 in ???
#17  0x14a58769d539 in ???
#18  0x148886479436 in ???
#19  0x148885a3fece in ???
#20  0x148885a40224 in ???
#21  0x148885d1fb34 in ???
#18  0x147dca1f7436 in ???
#19  0x147dc97bdece in ???
#20  0x147dc97be224 in ???
#21  0x147dc9a9db34 in ???
#22  0x147dc9a8c543 in ???
#23  0x147dc97bcd3b in ???
#24  0x147dc9cb2890 in ???
#25  0x147dc9cd7432 in ???
#23  0x15296eac8d3b in ???
#24  0x15296efbe890 in ???
#25  0x15296efe3432 in ???
#26  0x15296f543fb2 in ???
#18  0x14a5876a7436 in ???
#19  0x14a586c6dece in ???
#20  0x14a586c6e224 in ???
#21  0x14a586f4db34 in ???
#22  0x14a586f3c543 in ???
#23  0x14a586c6cd3b in ???
#22  0x148885d0e543 in ???
#23  0x148885a3ed3b in ???
#24  0x148885f34890 in ???
#25  0x148885f59432 in ???
#26  0x1488864b9fb2 in ???
#26  0x147dca237fb2 in ???
#27  0x147dca2497f2 in ???
#28  0x147dca279bf2 in ???
#27  0x15296f5557f2 in ???
#28  0x15296f585bf2 in ???
#29  0x15296eac9ece in ???
#30  0x15296eaca224 in ???
#31  0x15296eda9b34 in ???
#32  0x15296ed98543 in ???
#33  0x15296eac8d3b in ???
#34  0x15296efbe890 in ???
#24  0x14a587162890 in ???
#25  0x14a587187432 in ???
#26  0x14a5876e7fb2 in ???
#27  0x14a5876f97f2 in ???
#27  0x1488864cb7f2 in ???
#28  0x1488864fbbf2 in ???
#29  0x148885a3fece in ???
#30  0x148885a40224 in ???
#31  0x148885d1fb34 in ???
#32  0x148885d0e543 in ???
#33  0x148885a3ed3b in ???
#34  0x148885f34890 in ???
#29  0x147dc97bdece in ???
#30  0x147dc97be224 in ???
#31  0x147dc9a9db34 in ???
#32  0x147dc9a8c543 in ???
#33  0x147dc97bcd3b in ???
#34  0x147dc9cb2890 in ???
#35  0x147dc9f3be60 in ???
#35  0x15296f247e60 in ???
#28  0x14a587729bf2 in ???
#29  0x14a586c6dece in ???
#30  0x14a586c6e224 in ???
#31  0x14a586f4db34 in ???
#32  0x14a586f3c543 in ???
#33  0x14a586c6cd3b in ???
#34  0x14a587162890 in ???
#35  0x14a5873ebe60 in ???
#35  0x1488861bde60 in ???
#36  0x408e73 in esmx_app
	at /scratch3/NCEPDEV/stmp/Gerhard.Theurich/ESMF-Nightly-Testing-Hera/gfortran_13.2.0_openmpi_O_feature_esmx-cmake/esmf/DEFAULTINSTALLDIR/include/ESMX/ESMX_App.F90:388
#37  0x40954c in main
	at /scratch3/NCEPDEV/stmp/Gerhard.Theurich/ESMF-Nightly-Testing-Hera/gfortran_13.2.0_openmpi_O_feature_esmx-cmake/esmf/DEFAULTINSTALLDIR/include/ESMX/ESMX_App.F90:14
#36  0x408e73 in esmx_app
	at /scratch3/NCEPDEV/stmp/Gerhard.Theurich/ESMF-Nightly-Testing-Hera/gfortran_13.2.0_openmpi_O_feature_esmx-cmake/esmf/DEFAULTINSTALLDIR/include/ESMX/ESMX_App.F90:388
#37  0x40954c in main
	at /scratch3/NCEPDEV/stmp/Gerhard.Theurich/ESMF-Nightly-Testing-Hera/gfortran_13.2.0_openmpi_O_feature_esmx-cmake/esmf/DEFAULTINSTALLDIR/include/ESMX/ESMX_App.F90:14
#36  0x408e73 in esmx_app
	at /scratch3/NCEPDEV/stmp/Gerhard.Theurich/ESMF-Nightly-Testing-Hera/gfortran_13.2.0_openmpi_O_feature_esmx-cmake/esmf/DEFAULTINSTALLDIR/include/ESMX/ESMX_App.F90:388
#37  0x40954c in main
	at /scratch3/NCEPDEV/stmp/Gerhard.Theurich/ESMF-Nightly-Testing-Hera/gfortran_13.2.0_openmpi_O_feature_esmx-cmake/esmf/DEFAULTINSTALLDIR/include/ESMX/ESMX_App.F90:14
#36  0x408e73 in esmx_app
	at /scratch3/NCEPDEV/stmp/Gerhard.Theurich/ESMF-Nightly-Testing-Hera/gfortran_13.2.0_openmpi_O_feature_esmx-cmake/esmf/DEFAULTINSTALLDIR/include/ESMX/ESMX_App.F90:388
#37  0x40954c in main
	at /scratch3/NCEPDEV/stmp/Gerhard.Theurich/ESMF-Nightly-Testing-Hera/gfortran_13.2.0_openmpi_O_feature_esmx-cmake/esmf/DEFAULTINSTALLDIR/include/ESMX/ESMX_App.F90:14
srun: error: h5c48: tasks 0-3: Floating point exception
srun: Terminating StepId=32300572.408
