2026-09-13 07:30:47
20260913 082007.600 INFO             PET0 !!!!!!!!!!!!!!!!!!!!!!!!!!!!!!!!!!!!!!!!!!!!!!!!!!!!!!
20260913 082007.600 INFO             PET0 !!! THE ESMF_LOG IS SET TO OUTPUT ALL LOG MESSAGES !!!
20260913 082007.600 INFO             PET0 !!!     THIS MAY CAUSE SLOWDOWN IN PERFORMANCE     !!!
20260913 082007.600 INFO             PET0 !!! FOR PRODUCTION RUNS, USE:                      !!!
20260913 082007.600 INFO             PET0 !!!                   ESMF_LOGKIND_Multi_On_Error  !!!
20260913 082007.600 INFO             PET0 !!!!!!!!!!!!!!!!!!!!!!!!!!!!!!!!!!!!!!!!!!!!!!!!!!!!!!
20260913 082007.600 INFO             PET0 Running with ESMF Version   : v9.0.0b18
20260913 082007.600 INFO             PET0 ESMF library build date/time: "Sep 13 2026" "07:28:03"
20260913 082007.600 INFO             PET0 ESMF library build location : /scratch3/NCEPDEV/stmp/Gerhard.Theurich/ESMF-Nightly-Testing-Hera/gfortran_13.2.0_openmpi_g_develop/esmf
20260913 082007.600 INFO             PET0 ESMF_COMM                   : openmpi
20260913 082007.601 INFO             PET0 ESMF_MOAB                   : enabled
20260913 082007.601 INFO             PET0 ESMF_LAPACK                 : enabled
20260913 082007.601 INFO             PET0 ESMF_NETCDF                 : disabled
20260913 082007.601 INFO             PET0 ESMF_PNETCDF                : disabled
20260913 082007.601 INFO             PET0 ESMF_PIO                    : disabled
20260913 082007.601 INFO             PET0 ESMF_YAMLCPP                : enabled
20260913 082007.601 INFO             PET0  NUMBER_OF_PROCESSORS           4
20260913 082007.601 INFO             PET0  PASS  Example ESMF_VMUserMpiCommMultiEx, ESMF_VMUserMpiCommMultiEx.F90, line 126
20260913 082007.601 INFO             PET0  Finalizing ESMF with endflag==ESMF_END_KEEPMPI
20260913 082007.600 INFO             PET0 !!!!!!!!!!!!!!!!!!!!!!!!!!!!!!!!!!!!!!!!!!!!!!!!!!!!!!
20260913 082007.600 INFO             PET0 !!! THE ESMF_LOG IS SET TO OUTPUT ALL LOG MESSAGES !!!
20260913 082007.600 INFO             PET0 !!!     THIS MAY CAUSE SLOWDOWN IN PERFORMANCE     !!!
20260913 082007.600 INFO             PET0 !!! FOR PRODUCTION RUNS, USE:                      !!!
20260913 082007.600 INFO             PET0 !!!                   ESMF_LOGKIND_Multi_On_Error  !!!
20260913 082007.600 INFO             PET0 !!!!!!!!!!!!!!!!!!!!!!!!!!!!!!!!!!!!!!!!!!!!!!!!!!!!!!
20260913 082007.600 INFO             PET0 Running with ESMF Version   : v9.0.0b18
20260913 082007.600 INFO             PET0 ESMF library build date/time: "Sep 13 2026" "07:28:03"
20260913 082007.600 INFO             PET0 ESMF library build location : /scratch3/NCEPDEV/stmp/Gerhard.Theurich/ESMF-Nightly-Testing-Hera/gfortran_13.2.0_openmpi_g_develop/esmf
20260913 082007.600 INFO             PET0 ESMF_COMM                   : openmpi
20260913 082007.600 INFO             PET0 ESMF_MOAB                   : enabled
20260913 082007.600 INFO             PET0 ESMF_LAPACK                 : enabled
20260913 082007.600 INFO             PET0 ESMF_NETCDF                 : disabled
20260913 082007.600 INFO             PET0 ESMF_PNETCDF                : disabled
20260913 082007.600 INFO             PET0 ESMF_PIO                    : disabled
20260913 082007.600 INFO             PET0 ESMF_YAMLCPP                : enabled
20260913 082007.601 INFO             PET0  NUMBER_OF_PROCESSORS           4
20260913 082007.601 INFO             PET0  PASS  Example ESMF_VMUserMpiCommMultiEx, ESMF_VMUserMpiCommMultiEx.F90, line 154
20260913 082007.601 INFO             PET0  Finalizing ESMF with endflag==ESMF_END_KEEPMPI
20260913 082007.600 INFO             PET1 !!!!!!!!!!!!!!!!!!!!!!!!!!!!!!!!!!!!!!!!!!!!!!!!!!!!!!
20260913 082007.600 INFO             PET1 !!! THE ESMF_LOG IS SET TO OUTPUT ALL LOG MESSAGES !!!
20260913 082007.600 INFO             PET1 !!!     THIS MAY CAUSE SLOWDOWN IN PERFORMANCE     !!!
20260913 082007.600 INFO             PET1 !!! FOR PRODUCTION RUNS, USE:                      !!!
20260913 082007.600 INFO             PET1 !!!                   ESMF_LOGKIND_Multi_On_Error  !!!
20260913 082007.600 INFO             PET1 !!!!!!!!!!!!!!!!!!!!!!!!!!!!!!!!!!!!!!!!!!!!!!!!!!!!!!
20260913 082007.600 INFO             PET1 Running with ESMF Version   : v9.0.0b18
20260913 082007.600 INFO             PET1 ESMF library build date/time: "Sep 13 2026" "07:28:03"
20260913 082007.600 INFO             PET1 ESMF library build location : /scratch3/NCEPDEV/stmp/Gerhard.Theurich/ESMF-Nightly-Testing-Hera/gfortran_13.2.0_openmpi_g_develop/esmf
20260913 082007.600 INFO             PET1 ESMF_COMM                   : openmpi
20260913 082007.600 INFO             PET1 ESMF_MOAB                   : enabled
20260913 082007.600 INFO             PET1 ESMF_LAPACK                 : enabled
20260913 082007.600 INFO             PET1 ESMF_NETCDF                 : disabled
20260913 082007.600 INFO             PET1 ESMF_PNETCDF                : disabled
20260913 082007.600 INFO             PET1 ESMF_PIO                    : disabled
20260913 082007.600 INFO             PET1 ESMF_YAMLCPP                : enabled
20260913 082007.601 INFO             PET1  NUMBER_OF_PROCESSORS           4
20260913 082007.601 INFO             PET1  PASS  Example ESMF_VMUserMpiCommMultiEx, ESMF_VMUserMpiCommMultiEx.F90, line 126
20260913 082007.601 INFO             PET1  Finalizing ESMF with endflag==ESMF_END_KEEPMPI
20260913 082007.599 INFO             PET1 !!!!!!!!!!!!!!!!!!!!!!!!!!!!!!!!!!!!!!!!!!!!!!!!!!!!!!
20260913 082007.599 INFO             PET1 !!! THE ESMF_LOG IS SET TO OUTPUT ALL LOG MESSAGES !!!
20260913 082007.599 INFO             PET1 !!!     THIS MAY CAUSE SLOWDOWN IN PERFORMANCE     !!!
20260913 082007.599 INFO             PET1 !!! FOR PRODUCTION RUNS, USE:                      !!!
20260913 082007.599 INFO             PET1 !!!                   ESMF_LOGKIND_Multi_On_Error  !!!
20260913 082007.599 INFO             PET1 !!!!!!!!!!!!!!!!!!!!!!!!!!!!!!!!!!!!!!!!!!!!!!!!!!!!!!
20260913 082007.599 INFO             PET1 Running with ESMF Version   : v9.0.0b18
20260913 082007.599 INFO             PET1 ESMF library build date/time: "Sep 13 2026" "07:28:03"
20260913 082007.599 INFO             PET1 ESMF library build location : /scratch3/NCEPDEV/stmp/Gerhard.Theurich/ESMF-Nightly-Testing-Hera/gfortran_13.2.0_openmpi_g_develop/esmf
20260913 082007.599 INFO             PET1 ESMF_COMM                   : openmpi
20260913 082007.600 INFO             PET1 ESMF_MOAB                   : enabled
20260913 082007.600 INFO             PET1 ESMF_LAPACK                 : enabled
20260913 082007.600 INFO             PET1 ESMF_NETCDF                 : disabled
20260913 082007.600 INFO             PET1 ESMF_PNETCDF                : disabled
20260913 082007.600 INFO             PET1 ESMF_PIO                    : disabled
20260913 082007.600 INFO             PET1 ESMF_YAMLCPP                : enabled
20260913 082007.601 INFO             PET1  NUMBER_OF_PROCESSORS           4
20260913 082007.601 INFO             PET1  PASS  Example ESMF_VMUserMpiCommMultiEx, ESMF_VMUserMpiCommMultiEx.F90, line 154
20260913 082007.601 INFO             PET1  Finalizing ESMF with endflag==ESMF_END_KEEPMPI
