2026-09-01 16:07:53
20260901 165029.285 INFO             PET0 !!!!!!!!!!!!!!!!!!!!!!!!!!!!!!!!!!!!!!!!!!!!!!!!!!!!!!
20260901 165029.285 INFO             PET0 !!! THE ESMF_LOG IS SET TO OUTPUT ALL LOG MESSAGES !!!
20260901 165029.285 INFO             PET0 !!!     THIS MAY CAUSE SLOWDOWN IN PERFORMANCE     !!!
20260901 165029.285 INFO             PET0 !!! FOR PRODUCTION RUNS, USE:                      !!!
20260901 165029.285 INFO             PET0 !!!                   ESMF_LOGKIND_Multi_On_Error  !!!
20260901 165029.285 INFO             PET0 !!!!!!!!!!!!!!!!!!!!!!!!!!!!!!!!!!!!!!!!!!!!!!!!!!!!!!
20260901 165029.285 INFO             PET0 Running with ESMF Version   : fix/esmx-data-internal-state+g8c62426d6f
20260901 165029.285 INFO             PET0 ESMF library build date/time: "Sep  1 2026" "16:05:22"
20260901 165029.285 INFO             PET0 ESMF library build location : /scratch3/NCEPDEV/stmp/Gerhard.Theurich/ESMF-Nightly-Testing-Hera/gfortran_13.2.0_openmpi_O_fix_esmx-data-internal-state/esmf
20260901 165029.285 INFO             PET0 ESMF_COMM                   : openmpi
20260901 165029.286 INFO             PET0 ESMF_MOAB                   : enabled
20260901 165029.286 INFO             PET0 ESMF_LAPACK                 : enabled
20260901 165029.286 INFO             PET0 ESMF_NETCDF                 : disabled
20260901 165029.286 INFO             PET0 ESMF_PNETCDF                : disabled
20260901 165029.286 INFO             PET0 ESMF_PIO                    : disabled
20260901 165029.286 INFO             PET0 ESMF_YAMLCPP                : enabled
20260901 165029.367 INFO             PET0  NUMBER_OF_PROCESSORS           4
20260901 165029.367 INFO             PET0  PASS  Example ESMF_MeshEx, ESMF_MeshEx.F90, line 1795
20260901 165029.367 INFO             PET0  Finalizing ESMF
20260901 165029.286 INFO             PET1 !!!!!!!!!!!!!!!!!!!!!!!!!!!!!!!!!!!!!!!!!!!!!!!!!!!!!!
20260901 165029.286 INFO             PET1 !!! THE ESMF_LOG IS SET TO OUTPUT ALL LOG MESSAGES !!!
20260901 165029.286 INFO             PET1 !!!     THIS MAY CAUSE SLOWDOWN IN PERFORMANCE     !!!
20260901 165029.286 INFO             PET1 !!! FOR PRODUCTION RUNS, USE:                      !!!
20260901 165029.286 INFO             PET1 !!!                   ESMF_LOGKIND_Multi_On_Error  !!!
20260901 165029.286 INFO             PET1 !!!!!!!!!!!!!!!!!!!!!!!!!!!!!!!!!!!!!!!!!!!!!!!!!!!!!!
20260901 165029.286 INFO             PET1 Running with ESMF Version   : fix/esmx-data-internal-state+g8c62426d6f
20260901 165029.286 INFO             PET1 ESMF library build date/time: "Sep  1 2026" "16:05:22"
20260901 165029.286 INFO             PET1 ESMF library build location : /scratch3/NCEPDEV/stmp/Gerhard.Theurich/ESMF-Nightly-Testing-Hera/gfortran_13.2.0_openmpi_O_fix_esmx-data-internal-state/esmf
20260901 165029.286 INFO             PET1 ESMF_COMM                   : openmpi
20260901 165029.287 INFO             PET1 ESMF_MOAB                   : enabled
20260901 165029.287 INFO             PET1 ESMF_LAPACK                 : enabled
20260901 165029.287 INFO             PET1 ESMF_NETCDF                 : disabled
20260901 165029.287 INFO             PET1 ESMF_PNETCDF                : disabled
20260901 165029.287 INFO             PET1 ESMF_PIO                    : disabled
20260901 165029.287 INFO             PET1 ESMF_YAMLCPP                : enabled
20260901 165029.367 INFO             PET1  NUMBER_OF_PROCESSORS           4
20260901 165029.367 INFO             PET1  PASS  Example ESMF_MeshEx, ESMF_MeshEx.F90, line 1795
20260901 165029.367 INFO             PET1  Finalizing ESMF
20260901 165029.285 INFO             PET2 !!!!!!!!!!!!!!!!!!!!!!!!!!!!!!!!!!!!!!!!!!!!!!!!!!!!!!
20260901 165029.285 INFO             PET2 !!! THE ESMF_LOG IS SET TO OUTPUT ALL LOG MESSAGES !!!
20260901 165029.285 INFO             PET2 !!!     THIS MAY CAUSE SLOWDOWN IN PERFORMANCE     !!!
20260901 165029.285 INFO             PET2 !!! FOR PRODUCTION RUNS, USE:                      !!!
20260901 165029.285 INFO             PET2 !!!                   ESMF_LOGKIND_Multi_On_Error  !!!
20260901 165029.285 INFO             PET2 !!!!!!!!!!!!!!!!!!!!!!!!!!!!!!!!!!!!!!!!!!!!!!!!!!!!!!
20260901 165029.285 INFO             PET2 Running with ESMF Version   : fix/esmx-data-internal-state+g8c62426d6f
20260901 165029.285 INFO             PET2 ESMF library build date/time: "Sep  1 2026" "16:05:22"
20260901 165029.285 INFO             PET2 ESMF library build location : /scratch3/NCEPDEV/stmp/Gerhard.Theurich/ESMF-Nightly-Testing-Hera/gfortran_13.2.0_openmpi_O_fix_esmx-data-internal-state/esmf
20260901 165029.286 INFO             PET2 ESMF_COMM                   : openmpi
20260901 165029.286 INFO             PET2 ESMF_MOAB                   : enabled
20260901 165029.286 INFO             PET2 ESMF_LAPACK                 : enabled
20260901 165029.286 INFO             PET2 ESMF_NETCDF                 : disabled
20260901 165029.286 INFO             PET2 ESMF_PNETCDF                : disabled
20260901 165029.286 INFO             PET2 ESMF_PIO                    : disabled
20260901 165029.286 INFO             PET2 ESMF_YAMLCPP                : enabled
20260901 165029.367 INFO             PET2  NUMBER_OF_PROCESSORS           4
20260901 165029.367 INFO             PET2  PASS  Example ESMF_MeshEx, ESMF_MeshEx.F90, line 1795
20260901 165029.367 INFO             PET2  Finalizing ESMF
20260901 165029.286 INFO             PET3 !!!!!!!!!!!!!!!!!!!!!!!!!!!!!!!!!!!!!!!!!!!!!!!!!!!!!!
20260901 165029.286 INFO             PET3 !!! THE ESMF_LOG IS SET TO OUTPUT ALL LOG MESSAGES !!!
20260901 165029.286 INFO             PET3 !!!     THIS MAY CAUSE SLOWDOWN IN PERFORMANCE     !!!
20260901 165029.286 INFO             PET3 !!! FOR PRODUCTION RUNS, USE:                      !!!
20260901 165029.286 INFO             PET3 !!!                   ESMF_LOGKIND_Multi_On_Error  !!!
20260901 165029.286 INFO             PET3 !!!!!!!!!!!!!!!!!!!!!!!!!!!!!!!!!!!!!!!!!!!!!!!!!!!!!!
20260901 165029.286 INFO             PET3 Running with ESMF Version   : fix/esmx-data-internal-state+g8c62426d6f
20260901 165029.286 INFO             PET3 ESMF library build date/time: "Sep  1 2026" "16:05:22"
20260901 165029.286 INFO             PET3 ESMF library build location : /scratch3/NCEPDEV/stmp/Gerhard.Theurich/ESMF-Nightly-Testing-Hera/gfortran_13.2.0_openmpi_O_fix_esmx-data-internal-state/esmf
20260901 165029.286 INFO             PET3 ESMF_COMM                   : openmpi
20260901 165029.286 INFO             PET3 ESMF_MOAB                   : enabled
20260901 165029.286 INFO             PET3 ESMF_LAPACK                 : enabled
20260901 165029.286 INFO             PET3 ESMF_NETCDF                 : disabled
20260901 165029.286 INFO             PET3 ESMF_PNETCDF                : disabled
20260901 165029.286 INFO             PET3 ESMF_PIO                    : disabled
20260901 165029.286 INFO             PET3 ESMF_YAMLCPP                : enabled
20260901 165029.367 INFO             PET3  NUMBER_OF_PROCESSORS           4
20260901 165029.367 INFO             PET3  PASS  Example ESMF_MeshEx, ESMF_MeshEx.F90, line 1795
20260901 165029.367 INFO             PET3  Finalizing ESMF
