2026-09-01 16:25:44
20260901 181449.807 INFO             PET0 !!!!!!!!!!!!!!!!!!!!!!!!!!!!!!!!!!!!!!!!!!!!!!!!!!!!!!
20260901 181449.807 INFO             PET0 !!! THE ESMF_LOG IS SET TO OUTPUT ALL LOG MESSAGES !!!
20260901 181449.807 INFO             PET0 !!!     THIS MAY CAUSE SLOWDOWN IN PERFORMANCE     !!!
20260901 181449.807 INFO             PET0 !!! FOR PRODUCTION RUNS, USE:                      !!!
20260901 181449.807 INFO             PET0 !!!                   ESMF_LOGKIND_Multi_On_Error  !!!
20260901 181449.807 INFO             PET0 !!!!!!!!!!!!!!!!!!!!!!!!!!!!!!!!!!!!!!!!!!!!!!!!!!!!!!
20260901 181449.807 INFO             PET0 Running with ESMF Version   : fix/esmx-data-internal-state+g8c62426d6f
20260901 181449.807 INFO             PET0 ESMF library build date/time: "Sep  1 2026" "16:21:24"
20260901 181449.807 INFO             PET0 ESMF library build location : /scratch3/NCEPDEV/stmp/Gerhard.Theurich/ESMF-Nightly-Testing-Hera/nvhpc_24.1_openmpi_O_fix_esmx-data-internal-state/esmf
20260901 181449.807 INFO             PET0 ESMF_COMM                   : openmpi
20260901 181449.808 INFO             PET0 ESMF_MOAB                   : enabled
20260901 181449.808 INFO             PET0 ESMF_LAPACK                 : enabled
20260901 181449.808 INFO             PET0 ESMF_NETCDF                 : disabled
20260901 181449.808 INFO             PET0 ESMF_PNETCDF                : disabled
20260901 181449.808 INFO             PET0 ESMF_PIO                    : disabled
20260901 181449.808 INFO             PET0 ESMF_YAMLCPP                : enabled
20260901 181449.813 INFO             PET0 =============================================
20260901 181449.813 INFO             PET0 ESMX (Earth System Model eXecutable) STARTING
20260901 181449.813 INFO             PET0 =============================================
20260901 181449.829 DEBUG            PET0 Generic SetVM() is executing for: ESMX_Driver
20260901 181449.829 DEBUG            PET0 Generic SetVM() found no NUOPC Hint for: ESMX_Driver
20260901 181449.829 DEBUG            PET0 Generic SetVM() therefore is NOT calling ESMF_GridCompSetVMMaxPEs() for: ESMX_Driver
20260901 181449.835 INFO             PET0 ESMX_Driver: InitializeGeneric intro.
20260901 181449.835 INFO             PET0   >>>ESMX_Driver: entered Initialize (phase=<none>) without valid internal Clock.
20260901 181449.835 INFO             PET0   ESMX_Driver: InitializeP0 intro.
20260901 181449.835 INFO             PET0     >>>ESMX_Driver: entered Initialize (phase=<none>) without valid internal Clock.
20260901 181449.835 INFO             PET0     <<<ESMX_Driver: leaving Initialize (phase=<none>) without valid internal Clock.
20260901 181449.836 INFO             PET0   ESMX_Driver: InitializeP0 extro.
20260901 181449.836 INFO             PET0   ESMX_Driver: InitializeIPDv02p1 intro.
20260901 181449.836 INFO             PET0     >>>ESMX_Driver: entered Initialize (phase=<none>) without valid internal Clock.
20260901 181449.844 INFO             PET0     ESMX_Driver - Creating model component ATM with petList of size 4 :
20260901 181449.844 INFO             PET0           3      2      1      0
20260901 181449.844 DEBUG            PET0     Generic SetVM() is executing for: ATM
20260901 181449.844 DEBUG            PET0     Generic SetVM() is calling ESMF_GridCompSetVMMaxPEs() for: ATM with:
20260901 181449.844 DEBUG            PET0      -             MaxCount =          4
20260901 181449.844 DEBUG            PET0      -       OpenMpHandling =
20260901 181449.844 DEBUG            PET0      -     OpenMpNumThreads =         -1
20260901 181449.845 DEBUG            PET0      -   ForceChildPthreads =          F
20260901 181449.845 DEBUG            PET0      -  PthreadMinStackSize =         -1
20260901 181449.845 DEBUG            PET0     vmkt_create()#229 Pthread: service=1 (0: actual PET, 1: service thread) - PTHREAD_STACK_MIN: 16384 bytes stack_size: 4194304 bytes
20260901 181449.845 DEBUG            PET0     vmkt_create()#229 Pthread: service=1 (0: actual PET, 1: service thread) - PTHREAD_STACK_MIN: 16384 bytes stack_size: 4194304 bytes
20260901 181449.808 INFO             PET1 !!!!!!!!!!!!!!!!!!!!!!!!!!!!!!!!!!!!!!!!!!!!!!!!!!!!!!
20260901 181449.808 INFO             PET1 !!! THE ESMF_LOG IS SET TO OUTPUT ALL LOG MESSAGES !!!
20260901 181449.808 INFO             PET1 !!!     THIS MAY CAUSE SLOWDOWN IN PERFORMANCE     !!!
20260901 181449.808 INFO             PET1 !!! FOR PRODUCTION RUNS, USE:                      !!!
20260901 181449.808 INFO             PET1 !!!                   ESMF_LOGKIND_Multi_On_Error  !!!
20260901 181449.808 INFO             PET1 !!!!!!!!!!!!!!!!!!!!!!!!!!!!!!!!!!!!!!!!!!!!!!!!!!!!!!
20260901 181449.808 INFO             PET1 Running with ESMF Version   : fix/esmx-data-internal-state+g8c62426d6f
20260901 181449.808 INFO             PET1 ESMF library build date/time: "Sep  1 2026" "16:21:24"
20260901 181449.808 INFO             PET1 ESMF library build location : /scratch3/NCEPDEV/stmp/Gerhard.Theurich/ESMF-Nightly-Testing-Hera/nvhpc_24.1_openmpi_O_fix_esmx-data-internal-state/esmf
20260901 181449.808 INFO             PET1 ESMF_COMM                   : openmpi
20260901 181449.809 INFO             PET1 ESMF_MOAB                   : enabled
20260901 181449.809 INFO             PET1 ESMF_LAPACK                 : enabled
20260901 181449.809 INFO             PET1 ESMF_NETCDF                 : disabled
20260901 181449.809 INFO             PET1 ESMF_PNETCDF                : disabled
20260901 181449.809 INFO             PET1 ESMF_PIO                    : disabled
20260901 181449.809 INFO             PET1 ESMF_YAMLCPP                : enabled
20260901 181449.813 INFO             PET1 =============================================
20260901 181449.813 INFO             PET1 ESMX (Earth System Model eXecutable) STARTING
20260901 181449.813 INFO             PET1 =============================================
20260901 181449.829 DEBUG            PET1 Generic SetVM() is executing for: ESMX_Driver
20260901 181449.829 DEBUG            PET1 Generic SetVM() found no NUOPC Hint for: ESMX_Driver
20260901 181449.829 DEBUG            PET1 Generic SetVM() therefore is NOT calling ESMF_GridCompSetVMMaxPEs() for: ESMX_Driver
20260901 181449.835 INFO             PET1 ESMX_Driver: InitializeGeneric intro.
20260901 181449.835 INFO             PET1   >>>ESMX_Driver: entered Initialize (phase=<none>) without valid internal Clock.
20260901 181449.835 INFO             PET1   ESMX_Driver: InitializeP0 intro.
20260901 181449.835 INFO             PET1     >>>ESMX_Driver: entered Initialize (phase=<none>) without valid internal Clock.
20260901 181449.836 INFO             PET1     <<<ESMX_Driver: leaving Initialize (phase=<none>) without valid internal Clock.
20260901 181449.836 INFO             PET1   ESMX_Driver: InitializeP0 extro.
20260901 181449.836 INFO             PET1   ESMX_Driver: InitializeIPDv02p1 intro.
20260901 181449.836 INFO             PET1     >>>ESMX_Driver: entered Initialize (phase=<none>) without valid internal Clock.
20260901 181449.844 INFO             PET1     ESMX_Driver - Creating model component ATM with petList of size 4 :
20260901 181449.844 INFO             PET1           3      2      1      0
20260901 181449.844 DEBUG            PET1     Generic SetVM() is executing for: ATM
20260901 181449.844 DEBUG            PET1     Generic SetVM() is calling ESMF_GridCompSetVMMaxPEs() for: ATM with:
20260901 181449.844 DEBUG            PET1      -             MaxCount =          4
20260901 181449.844 DEBUG            PET1      -       OpenMpHandling =
20260901 181449.844 DEBUG            PET1      -     OpenMpNumThreads =         -1
20260901 181449.845 DEBUG            PET1      -   ForceChildPthreads =          F
20260901 181449.845 DEBUG            PET1      -  PthreadMinStackSize =         -1
20260901 181449.845 DEBUG            PET1     vmkt_create()#229 Pthread: service=1 (0: actual PET, 1: service thread) - PTHREAD_STACK_MIN: 16384 bytes stack_size: 4194304 bytes
20260901 181449.845 DEBUG            PET1     vmkt_create()#229 Pthread: service=1 (0: actual PET, 1: service thread) - PTHREAD_STACK_MIN: 16384 bytes stack_size: 4194304 bytes
20260901 181449.807 INFO             PET2 !!!!!!!!!!!!!!!!!!!!!!!!!!!!!!!!!!!!!!!!!!!!!!!!!!!!!!
20260901 181449.807 INFO             PET2 !!! THE ESMF_LOG IS SET TO OUTPUT ALL LOG MESSAGES !!!
20260901 181449.807 INFO             PET2 !!!     THIS MAY CAUSE SLOWDOWN IN PERFORMANCE     !!!
20260901 181449.807 INFO             PET2 !!! FOR PRODUCTION RUNS, USE:                      !!!
20260901 181449.807 INFO             PET2 !!!                   ESMF_LOGKIND_Multi_On_Error  !!!
20260901 181449.808 INFO             PET2 !!!!!!!!!!!!!!!!!!!!!!!!!!!!!!!!!!!!!!!!!!!!!!!!!!!!!!
20260901 181449.808 INFO             PET2 Running with ESMF Version   : fix/esmx-data-internal-state+g8c62426d6f
20260901 181449.808 INFO             PET2 ESMF library build date/time: "Sep  1 2026" "16:21:24"
20260901 181449.808 INFO             PET2 ESMF library build location : /scratch3/NCEPDEV/stmp/Gerhard.Theurich/ESMF-Nightly-Testing-Hera/nvhpc_24.1_openmpi_O_fix_esmx-data-internal-state/esmf
20260901 181449.808 INFO             PET2 ESMF_COMM                   : openmpi
20260901 181449.808 INFO             PET2 ESMF_MOAB                   : enabled
20260901 181449.808 INFO             PET2 ESMF_LAPACK                 : enabled
20260901 181449.808 INFO             PET2 ESMF_NETCDF                 : disabled
20260901 181449.808 INFO             PET2 ESMF_PNETCDF                : disabled
20260901 181449.808 INFO             PET2 ESMF_PIO                    : disabled
20260901 181449.808 INFO             PET2 ESMF_YAMLCPP                : enabled
20260901 181449.813 INFO             PET2 =============================================
20260901 181449.813 INFO             PET2 ESMX (Earth System Model eXecutable) STARTING
20260901 181449.813 INFO             PET2 =============================================
20260901 181449.829 DEBUG            PET2 Generic SetVM() is executing for: ESMX_Driver
20260901 181449.829 DEBUG            PET2 Generic SetVM() found no NUOPC Hint for: ESMX_Driver
20260901 181449.829 DEBUG            PET2 Generic SetVM() therefore is NOT calling ESMF_GridCompSetVMMaxPEs() for: ESMX_Driver
20260901 181449.835 INFO             PET2 ESMX_Driver: InitializeGeneric intro.
20260901 181449.835 INFO             PET2   >>>ESMX_Driver: entered Initialize (phase=<none>) without valid internal Clock.
20260901 181449.835 INFO             PET2   ESMX_Driver: InitializeP0 intro.
20260901 181449.835 INFO             PET2     >>>ESMX_Driver: entered Initialize (phase=<none>) without valid internal Clock.
20260901 181449.835 INFO             PET2     <<<ESMX_Driver: leaving Initialize (phase=<none>) without valid internal Clock.
20260901 181449.836 INFO             PET2   ESMX_Driver: InitializeP0 extro.
20260901 181449.836 INFO             PET2   ESMX_Driver: InitializeIPDv02p1 intro.
20260901 181449.836 INFO             PET2     >>>ESMX_Driver: entered Initialize (phase=<none>) without valid internal Clock.
20260901 181449.844 INFO             PET2     ESMX_Driver - Creating model component ATM with petList of size 4 :
20260901 181449.844 INFO             PET2           3      2      1      0
20260901 181449.844 DEBUG            PET2     Generic SetVM() is executing for: ATM
20260901 181449.844 DEBUG            PET2     Generic SetVM() is calling ESMF_GridCompSetVMMaxPEs() for: ATM with:
20260901 181449.844 DEBUG            PET2      -             MaxCount =          4
20260901 181449.844 DEBUG            PET2      -       OpenMpHandling =
20260901 181449.844 DEBUG            PET2      -     OpenMpNumThreads =         -1
20260901 181449.844 DEBUG            PET2      -   ForceChildPthreads =          F
20260901 181449.845 DEBUG            PET2      -  PthreadMinStackSize =         -1
20260901 181449.845 DEBUG            PET2     vmkt_create()#229 Pthread: service=1 (0: actual PET, 1: service thread) - PTHREAD_STACK_MIN: 16384 bytes stack_size: 4194304 bytes
20260901 181449.845 DEBUG            PET2     vmkt_create()#229 Pthread: service=1 (0: actual PET, 1: service thread) - PTHREAD_STACK_MIN: 16384 bytes stack_size: 4194304 bytes
20260901 181449.808 INFO             PET3 !!!!!!!!!!!!!!!!!!!!!!!!!!!!!!!!!!!!!!!!!!!!!!!!!!!!!!
20260901 181449.808 INFO             PET3 !!! THE ESMF_LOG IS SET TO OUTPUT ALL LOG MESSAGES !!!
20260901 181449.808 INFO             PET3 !!!     THIS MAY CAUSE SLOWDOWN IN PERFORMANCE     !!!
20260901 181449.808 INFO             PET3 !!! FOR PRODUCTION RUNS, USE:                      !!!
20260901 181449.808 INFO             PET3 !!!                   ESMF_LOGKIND_Multi_On_Error  !!!
20260901 181449.808 INFO             PET3 !!!!!!!!!!!!!!!!!!!!!!!!!!!!!!!!!!!!!!!!!!!!!!!!!!!!!!
20260901 181449.808 INFO             PET3 Running with ESMF Version   : fix/esmx-data-internal-state+g8c62426d6f
20260901 181449.808 INFO             PET3 ESMF library build date/time: "Sep  1 2026" "16:21:24"
20260901 181449.808 INFO             PET3 ESMF library build location : /scratch3/NCEPDEV/stmp/Gerhard.Theurich/ESMF-Nightly-Testing-Hera/nvhpc_24.1_openmpi_O_fix_esmx-data-internal-state/esmf
20260901 181449.808 INFO             PET3 ESMF_COMM                   : openmpi
20260901 181449.809 INFO             PET3 ESMF_MOAB                   : enabled
20260901 181449.809 INFO             PET3 ESMF_LAPACK                 : enabled
20260901 181449.809 INFO             PET3 ESMF_NETCDF                 : disabled
20260901 181449.809 INFO             PET3 ESMF_PNETCDF                : disabled
20260901 181449.809 INFO             PET3 ESMF_PIO                    : disabled
20260901 181449.809 INFO             PET3 ESMF_YAMLCPP                : enabled
20260901 181449.813 INFO             PET3 =============================================
20260901 181449.813 INFO             PET3 ESMX (Earth System Model eXecutable) STARTING
20260901 181449.813 INFO             PET3 =============================================
20260901 181449.829 DEBUG            PET3 Generic SetVM() is executing for: ESMX_Driver
20260901 181449.829 DEBUG            PET3 Generic SetVM() found no NUOPC Hint for: ESMX_Driver
20260901 181449.829 DEBUG            PET3 Generic SetVM() therefore is NOT calling ESMF_GridCompSetVMMaxPEs() for: ESMX_Driver
20260901 181449.835 INFO             PET3 ESMX_Driver: InitializeGeneric intro.
20260901 181449.835 INFO             PET3   >>>ESMX_Driver: entered Initialize (phase=<none>) without valid internal Clock.
20260901 181449.835 INFO             PET3   ESMX_Driver: InitializeP0 intro.
20260901 181449.835 INFO             PET3     >>>ESMX_Driver: entered Initialize (phase=<none>) without valid internal Clock.
20260901 181449.836 INFO             PET3     <<<ESMX_Driver: leaving Initialize (phase=<none>) without valid internal Clock.
20260901 181449.836 INFO             PET3   ESMX_Driver: InitializeP0 extro.
20260901 181449.836 INFO             PET3   ESMX_Driver: InitializeIPDv02p1 intro.
20260901 181449.836 INFO             PET3     >>>ESMX_Driver: entered Initialize (phase=<none>) without valid internal Clock.
20260901 181449.844 INFO             PET3     ESMX_Driver - Creating model component ATM with petList of size 4 :
20260901 181449.844 INFO             PET3           3      2      1      0
20260901 181449.844 DEBUG            PET3     Generic SetVM() is executing for: ATM
20260901 181449.844 DEBUG            PET3     Generic SetVM() is calling ESMF_GridCompSetVMMaxPEs() for: ATM with:
20260901 181449.844 DEBUG            PET3      -             MaxCount =          4
20260901 181449.844 DEBUG            PET3      -       OpenMpHandling =
20260901 181449.844 DEBUG            PET3      -     OpenMpNumThreads =         -1
20260901 181449.845 DEBUG            PET3      -   ForceChildPthreads =          F
20260901 181449.845 DEBUG            PET3      -  PthreadMinStackSize =         -1
20260901 181449.853 ERROR            PET3 /scratch3/NCEPDEV/stmp/Gerhard.Theurich/ESMF-Nightly-Testing-Hera/nvhpc_24.1_openmpi_O_fix_esmx-data-internal-state/esmf/DEFAULTINSTALLDIR/include/ESMX/Comps/ESMX_Data/ESMX_Data.F90:243     Wrong argument specified  - An invalid setting was found for 'timeKeeping' (maybe a typo?): Model
20260901 181449.853 ERROR            PET3 ATM:/scratch3/NCEPDEV/stmp/Gerhard.Theurich/ESMF-Nightly-Testing-Hera/nvhpc_24.1_openmpi_O_fix_esmx-data-internal-state/esmf/DEFAULTINSTALLDIR/include/ESMX/Comps/ESMX_Data/ESMX_Data.F90:200     Wrong argument specified  - Problem ingesting hconfig.
20260901 181449.853 ERROR            PET3 ESMX_Driver:src/addon/NUOPC/src/NUOPC_Driver.F90:4764     Wrong argument specified  - Passing error in return code
20260901 181449.853 ERROR            PET3 src/addon/ESMX/Driver/ESMX_Driver.F90:382     Wrong argument specified  - Unable to add component 'ATM' to driver via Fortran module.
20260901 181449.853 ERROR            PET3 ESMX_Driver:src/addon/NUOPC/src/NUOPC_Driver.F90:799     Wrong argument specified  - Passing error in return code
20260901 181449.853 ERROR            PET3 ESMX_Driver:src/addon/NUOPC/src/NUOPC_Driver.F90:505     Wrong argument specified  - Passing error in return code
20260901 181449.853 ERROR            PET3 src/addon/ESMX/ESMX_App.F90:393     Wrong argument specified  - Passing error in return code
20260901 181449.853 INFO             PET3      Finalizing ESMF with endflag==ESMF_END_ABORT
