2026-09-15 05:52:11
--- ESMCI::ArrayBundle::print start ---
ArrayBundle: MyArrayBundle
arrayCount = 3
--- ESMCI::ArrayBundle::print start ---
ArrayBundle: MyArrayBundle
arrayCount = 3
Container::print() multipmap:item=0 key=AonFly value=0x13f077400
Container::print() multipmap:item=1 key=Array002 value=0x13f075c00
Container::print() multipmap:item=2 key=Array003 value=0x13f076200
Container::print()      list:item=0 key=Array002 value=0x13f075c00
--- ESMCI::ArrayBundle::print start ---
ArrayBundle: MyArrayBundle
arrayCount = 3
Container::print() multipmap:item=0 key=AonFly value=0x134025600
Container::print() multipmap:item=1 key=Array002 value=0x134023e00
Container::print() multipmap:item=2 key=Array003 value=0x134024400
Container::print()      list:item=0 key=Array002 value=0x134023e00
Container::print()      list:item=1 key=Array003 value=0x134024400
Container::print()      list:item=2 key=AonFly value=0x134025600
Container::print() multipmap:item=0 key=AonFly value=0x13f82d000
Container::print() multipmap:item=1 key=Array002 value=0x13f817000
Container::print() multipmap:item=2 key=Array003 value=0x13f817600
Container::print()      list:item=0 key=Array002 value=0x13f817000
Container::print()      list:item=1 key=Array003 value=0x13f817600
Container::print()      list:item=2 key=AonFly value=0x13f82d000
--- ESMCI::ArrayBundle::print end ---
--- ESMCI::Array::print start ---
 Base name    = AonFly
 Status: Base = Ready,  object = Ready
 Proxy        = no
 Root Info (Attributes):
Container::print()      list:item=1 key=Array003 value=0x13f076200
Container::print()      list:item=2 key=AonFly value=0x13f077400
--- ESMCI::ArrayBundle::print end ---
--- ESMCI::Array::print start ---
 Base name    = AonFly
 Status: Base = Ready,  object = Ready
 Proxy        = no
 Root Info (Attributes):
{
--- ESMCI::ArrayBundle::print end ---
--- ESMCI::Array::print start ---
 Base name    = AonFly
 Status: Base = Ready,  object = Ready
 Proxy        = no
 Root Info (Attributes):
{
  "ESMF": {
    "Instance": {
      "NamedAliasCount": 0
    }
  }
}Array typekind/rank: Real*4 / 2 
{
  "ESMF": {
    "Instance": {
      "NamedAliasCount": 0
    }
  }
}Array typekind/rank: Real*4 / 2 
  "ESMF": {
    "Instance": {
      "NamedAliasCount": 0
    }
  }
}Array typekind/rank: Real*4 / 2 
~ lower class' values ~
~ lower class' values ~
DistGrid dimCount = 2
DistGrid dimCount = 2
deCount = 6
~ lower class' values ~
DistGrid dimCount = 2
deCount = 6
localDeCount = 1
~ local data in LocalArray for DE 3 ~
deCount = 6
localDeCount = 2
localDeCount = 2
~ local data in LocalArray for DE 0 ~
~ local data in LocalArray for DE 1 ~
LocalArrayPrint: Array at address 0x13f612250:
            rank = 2, typekind = 5, base_addr = 0x60000353f6e0
            dim[0] = 2  dim[1] = 2  
  Real, *4, Dim 2, Data values:
( 1, 1) =  0
( 2, 1) =  0
( 1, 2) =  0
( 2, 2) =  0
~ local data in LocalArray for DE 5 ~
LocalArrayPrint: Array at address 0x13f612580:
            rank = 2, typekind = 5, base_addr = 0x60000353f6f0
            dim[0] = 2  dim[1] = 1  
  Real, *4, Dim 2, Data values:
( 1, 1) =  0
( 2, 1) =  0
--- ESMCI::Array::print end ---
--- ESMCI::Array::print start ---
 Base name    = Array002
LocalArrayPrint: Array at address 0x133711620:
            rank = 2, typekind = 5, base_addr = 0x6000035d2ec0
            dim[0] = 2  dim[1] = 2  
  Real, *4, Dim 2, Data values:
( 1, 1) =  0
( 2, 1) =  0
( 1, 2) =  0
( 2, 2) =  0
--- ESMCI::Array::print end ---
--- ESMCI::Array::print start ---
 Base name    = Array002
 Status: Base = Ready,  object = Ready
 Proxy        = no
 Root Info (Attributes):
{
  "ESMF": {
    "Instance": {
      "NamedAliasCount": 0
    }
 Status: Base = Ready,  object = Ready
 Proxy        = no
  }
LocalArrayPrint: Array at address 0x13ee23910:
            rank = 2, typekind = 5, base_addr = 0x6000006dcb40
            dim[0] = 3  dim[1] = 2  
  Real, *4, Dim 2, Data values:
( 1, 1) =  0
( 2, 1) =  0
( 3, 1) =  0
( 1, 2) =  0
( 2, 2) =  0
( 3, 2) =  0
~ local data in LocalArray for DE 4 ~
LocalArrayPrint: Array at address 0x13ee23c40:
            rank = 2, typekind = 5, base_addr = 0x6000004ddda0
            dim[0] = 3  dim[1] = 1  
  Real, *4, Dim 2, Data values:
( 1, 1) =  0
( 2, 1) =  0
( 3, 1) =  0
--- ESMCI::Array::print end ---
--- ESMCI::ArrayBundle::print start ---
ArrayBundle: MyArrayBundle
arrayCount = 3
 Root Info (Attributes):
{
}Array typekind/rank: Real*8 / 2 
--- ESMCI::Array::print start ---
 Base name    = Array002
Container::print() multipmap:item=0 key=AonFly value=0x122811a00
~ lower class' values ~
 Status: Base = Ready,  object = Ready
DistGrid dimCount = 2
 Proxy        = no
  "ESMF": {
    "Instance": {
      "NamedAliasCount": 0
    }
  }
}Array typekind/rank: Real*8 / 2 
deCount = 6
localDeCount = 1
~ local data in LocalArray for DE 3 ~
LocalArrayPrint: Array at address 0x133710590:
            rank = 2, typekind = 6, base_addr = 0x6000037c8140
            dim[0] = 2  dim[1] = 2  
 Root Info (Attributes):
{
  "ESMF": {
    "Instance": {
      "NamedAliasCount": 0
    }
  }
Container::print() multipmap:item=1 key=Array002 value=0x122810200
Container::print() multipmap:item=2 key=Array003 value=0x122810800
Container::print()      list:item=0 key=Array002 value=0x122810200
Container::print()      list:item=1 key=Array003 value=0x122810800
  Real, *8, Dim 2, Data values:
~ lower class' values ~
( 1, 1) =  0
DistGrid dimCount = 2
Container::print()      list:item=2 key=AonFly value=0x122811a00
}Array typekind/rank: Real*8 / 2 
( 2, 1) =  0
deCount = 6
localDeCount = 2
( 1, 2) =  0
( 2, 2) =  0
--- ESMCI::ArrayBundle::print end ---
~ lower class' values ~
DistGrid dimCount = 2
deCount = 6
--- ESMCI::Array::print end ---
~ local data in LocalArray for DE 1 ~
--- ESMCI::Array::print start ---
 Base name    = Array003
 Status: Base = Ready,  object = Ready
LocalArrayPrint: Array at address 0x13f610500:
            rank = 2, typekind = 6, base_addr = 0x600003733380
            dim[0] = 2  dim[1] = 2  
  Real, *8, Dim 2, Data values:
localDeCount = 2
~ local data in LocalArray for DE 0 ~
LocalArrayPrint: Array at address 0x13ee21bc0:
            rank = 2, typekind = 6, base_addr = 0x6000008d68e0
 Proxy        = no
 Root Info (Attributes):
( 1, 1) =  0
( 2, 1) =  0
            dim[0] = 3  dim[1] = 2  
  Real, *8, Dim 2, Data values:
--- ESMCI::Array::print start ---
 Base name    = AonFly
 Status: Base = Ready,  object = Ready
 Proxy        = no
{
  "ESMF": {
( 1, 2) =  0
( 2, 2) =  0
( 1, 1) =  0
( 2, 1) =  0
    "Instance": {
      "NamedAliasCount": 0
    }
 Root Info (Attributes):
( 3, 1) =  0
( 1, 2) =  0
( 2, 2) =  0
~ local data in LocalArray for DE 5 ~
LocalArrayPrint: Array at address 0x13f610830:
            rank = 2, typekind = 6, base_addr = 0x60000353f1d0
  }
}Array typekind/rank: Real*8 / 2 
~ lower class' values ~
DistGrid dimCount = 2
deCount = 6
localDeCount = 1
~ local data in LocalArray for DE 3 ~
( 3, 2) =  0
~ local data in LocalArray for DE 4 ~
LocalArrayPrint: Array at address 0x13ee21ef0:
            rank = 2, typekind = 6, base_addr = 0x6000006dcaa0
            dim[0] = 3  dim[1] = 1  
  Real, *8, Dim 2, Data values:
( 1, 1) =  0
            dim[0] = 2  dim[1] = 1  
  Real, *8, Dim 2, Data values:
( 1, 1) =  0
( 2, 1) =  0
--- ESMCI::Array::print end ---
--- ESMCI::Array::print start ---
 Base name    = Array003
 Status: Base = Ready,  object = Ready
LocalArrayPrint: Array at address 0x1337108c0:
            rank = 2, typekind = 6, base_addr = 0x6000037c81a0
( 2, 1) =  0
( 3, 1) =  0
 Proxy        = no
{
  "ESMF": {
    "Instance": {
            dim[0] = 2  dim[1] = 2  
  Real, *8, Dim 2, Data values:
--- ESMCI::Array::print end ---
--- ESMCI::Array::print start ---
 Root Info (Attributes):
{
      "NamedAliasCount": 0
 Base name    = Array003
 Status: Base = Ready,  object = Ready
  "ESMF": {
    "Instance": {
      "NamedAliasCount": 0
    }
  }
( 1, 1) =  0
( 2, 1) =  0
( 1, 2) =  0
( 2, 2) =  0
 Proxy        = no
 Root Info (Attributes):
}Array typekind/rank: Real*8 / 2 
    }
  }
{
  "ESMF": {
    "Instance": {
~ lower class' values ~
DistGrid dimCount = 2
--- ESMCI::Array::print end ---
deCount = 6
}      "NamedAliasCount": 0
    }
localDeCount = 2
~ local data in LocalArray for DE 1 ~
  }
  PASS  Example ESMF_ArrayBundleEx, ESMF_ArrayBundleEx.F90, line 267
LocalArrayPrint: Array at address 0x13f610b60:
}Array typekind/rank: Real*8 / 2 
Array typekind/rank: Real*4 / 2 
            rank = 2, typekind = 6, base_addr = 0x600003733360
            dim[0] = 2  dim[1] = 2  
~ lower class' values ~
DistGrid dimCount = 2
~ lower class' values ~
  Real, *8, Dim 2, Data values:
( 1, 1) =  0
deCount = 6
( 2, 1) =  0
( 1, 2) =  0
localDeCount = 2
~ local data in LocalArray for DE 0 ~
DistGrid dimCount = 2
deCount = 6
( 2, 2) =  0
LocalArrayPrint: Array at address 0x13ee22220:
            rank = 2, typekind = 6, base_addr = 0x6000008d6af0
            dim[0] = 3  dim[1] = 2  
  Real, *8, Dim 2, Data values:
( 1, 1) =  0
( 2, 1) =  0
~ local data in LocalArray for DE 5 ~
LocalArrayPrint: Array at address 0x13f610e90:
            rank = 2, typekind = 6, base_addr = 0x60000353f310
            dim[0] = 2  dim[1] = 1  
  Real, *8, Dim 2, Data values:
( 1, 1) =  0
localDeCount = 1
~ local data in LocalArray for DE 2 ~
LocalArrayPrint: Array at address 0x121906790:
            rank = 2, typekind = 5, base_addr = 0x600001ff6860
            dim[0] = 3  dim[1] = 2  
( 3, 1) =  0
( 1, 2) =  0
( 2, 1) =  0
--- ESMCI::Array::print end ---
  Real, *4, Dim 2, Data values:
( 1, 1) =  0
( 2, 2) =  0
( 3, 2) =  0
~ local data in LocalArray for DE 4 ~
( 2, 1) =  0
LocalArrayPrint: Array at address 0x13ee22550:
( 3, 1) =  0
( 1, 2) =  0
  PASS  Example ESMF_ArrayBundleEx, ESMF_ArrayBundleEx.F90, line 267
            rank = 2, typekind = 6, base_addr = 0x6000006dca80
            dim[0] = 3  dim[1] = 1  
( 2, 2) =  0
( 3, 2) =  0
  Real, *8, Dim 2, Data values:
--- ESMCI::Array::print end ---
--- ESMCI::Array::print start ---
 Base name    = Array002
( 1, 1) =  0
( 2, 1) =  0
( 3, 1) =  0
--- ESMCI::Array::print end ---
 Status: Base = Ready,  object = Ready
 Proxy        = no
 Root Info (Attributes):
  PASS  Example ESMF_ArrayBundleEx, ESMF_ArrayBundleEx.F90, line 267
{
  "ESMF": {
    "Instance": {
      "NamedAliasCount": 0
    }
  }
}Array typekind/rank: Real*8 / 2 
~ lower class' values ~
DistGrid dimCount = 2
deCount = 6
localDeCount = 1
~ local data in LocalArray for DE 2 ~
LocalArrayPrint: Array at address 0x121905700:
            rank = 2, typekind = 6, base_addr = 0x6000011ffae0
            dim[0] = 3  dim[1] = 2  
  Real, *8, Dim 2, Data values:
( 1, 1) =  0
( 2, 1) =  0
( 3, 1) =  0
( 1, 2) =  0
( 2, 2) =  0
( 3, 2) =  0
--- ESMCI::Array::print end ---
--- ESMCI::Array::print start ---
 Base name    = Array003
 Status: Base = Ready,  object = Ready
 Proxy        = no
 Root Info (Attributes):
{
  "ESMF": {
    "Instance": {
      "NamedAliasCount": 0
    }
  }
}Array typekind/rank: Real*8 / 2 
~ lower class' values ~
DistGrid dimCount = 2
deCount = 6
localDeCount = 1
~ local data in LocalArray for DE 2 ~
LocalArrayPrint: Array at address 0x121905a30:
            rank = 2, typekind = 6, base_addr = 0x6000011ff8d0
            dim[0] = 3  dim[1] = 2  
  Real, *8, Dim 2, Data values:
( 1, 1) =  0
( 2, 1) =  0
( 3, 1) =  0
( 1, 2) =  0
( 2, 2) =  0
( 3, 2) =  0
--- ESMCI::Array::print end ---
  PASS  Example ESMF_ArrayBundleEx, ESMF_ArrayBundleEx.F90, line 267
 PASS: ESMF_ArrayBundleEx.F90
 PASS: ESMF_ArrayBundleEx.F90
 PASS: ESMF_ArrayBundleEx.F90
 PASS: ESMF_ArrayBundleEx.F90
