2026-09-25 19:05:18
20260926 054001.003 INFO             PET0 !!!!!!!!!!!!!!!!!!!!!!!!!!!!!!!!!!!!!!!!!!!!!!!!!!!!!!
20260926 054001.025 INFO             PET0 !!! THE ESMF_LOG IS SET TO OUTPUT ALL LOG MESSAGES !!!
20260926 054001.027 INFO             PET0 !!!     THIS MAY CAUSE SLOWDOWN IN PERFORMANCE     !!!
20260926 054001.027 INFO             PET0 !!! FOR PRODUCTION RUNS, USE:                      !!!
20260926 054001.027 INFO             PET0 !!!                   ESMF_LOGKIND_Multi_On_Error  !!!
20260926 054001.027 INFO             PET0 !!!!!!!!!!!!!!!!!!!!!!!!!!!!!!!!!!!!!!!!!!!!!!!!!!!!!!
20260926 054001.027 INFO             PET0 Running with ESMF Version   : v9.0.0b19
20260926 054001.031 INFO             PET0 ESMF library build date/time: "Sep 25 2026" "18:14:18"
20260926 054001.031 INFO             PET0 ESMF library build location : /usr/local/esmf/esmf-testing/gfortran_14.2.0_openmpi_g_develop/esmf
20260926 054001.031 INFO             PET0 ESMF_COMM                   : openmpi
20260926 054001.031 INFO             PET0 ESMF_MOAB                   : enabled
20260926 054001.031 INFO             PET0 ESMF_LAPACK                 : enabled
20260926 054001.031 INFO             PET0 ESMF_NETCDF                 : enabled
20260926 054001.031 INFO             PET0 ESMF_PNETCDF                : disabled
20260926 054001.032 INFO             PET0 ESMF_PIO                    : enabled
20260926 054001.032 INFO             PET0 ESMF_YAMLCPP                : enabled
20260926 054001.357 INFO             PET0  NUMBER_OF_PROCESSORS           4
20260926 054001.425 INFO             PET0  PASS  Example ESMF_InfoGetFromHostEx, ESMF_InfoGetFromHostEx.F90, line 112
20260926 054001.435 INFO             PET0  Finalizing ESMF
20260926 054001.003 INFO             PET1 !!!!!!!!!!!!!!!!!!!!!!!!!!!!!!!!!!!!!!!!!!!!!!!!!!!!!!
20260926 054001.025 INFO             PET1 !!! THE ESMF_LOG IS SET TO OUTPUT ALL LOG MESSAGES !!!
20260926 054001.026 INFO             PET1 !!!     THIS MAY CAUSE SLOWDOWN IN PERFORMANCE     !!!
20260926 054001.027 INFO             PET1 !!! FOR PRODUCTION RUNS, USE:                      !!!
20260926 054001.027 INFO             PET1 !!!                   ESMF_LOGKIND_Multi_On_Error  !!!
20260926 054001.027 INFO             PET1 !!!!!!!!!!!!!!!!!!!!!!!!!!!!!!!!!!!!!!!!!!!!!!!!!!!!!!
20260926 054001.027 INFO             PET1 Running with ESMF Version   : v9.0.0b19
20260926 054001.031 INFO             PET1 ESMF library build date/time: "Sep 25 2026" "18:14:18"
20260926 054001.031 INFO             PET1 ESMF library build location : /usr/local/esmf/esmf-testing/gfortran_14.2.0_openmpi_g_develop/esmf
20260926 054001.031 INFO             PET1 ESMF_COMM                   : openmpi
20260926 054001.032 INFO             PET1 ESMF_MOAB                   : enabled
20260926 054001.032 INFO             PET1 ESMF_LAPACK                 : enabled
20260926 054001.032 INFO             PET1 ESMF_NETCDF                 : enabled
20260926 054001.032 INFO             PET1 ESMF_PNETCDF                : disabled
20260926 054001.032 INFO             PET1 ESMF_PIO                    : enabled
20260926 054001.032 INFO             PET1 ESMF_YAMLCPP                : enabled
20260926 054001.357 INFO             PET1  NUMBER_OF_PROCESSORS           4
20260926 054001.425 INFO             PET1  PASS  Example ESMF_InfoGetFromHostEx, ESMF_InfoGetFromHostEx.F90, line 112
20260926 054001.435 INFO             PET1  Finalizing ESMF
20260926 054001.003 INFO             PET2 !!!!!!!!!!!!!!!!!!!!!!!!!!!!!!!!!!!!!!!!!!!!!!!!!!!!!!
20260926 054001.062 INFO             PET2 !!! THE ESMF_LOG IS SET TO OUTPUT ALL LOG MESSAGES !!!
20260926 054001.063 INFO             PET2 !!!     THIS MAY CAUSE SLOWDOWN IN PERFORMANCE     !!!
20260926 054001.063 INFO             PET2 !!! FOR PRODUCTION RUNS, USE:                      !!!
20260926 054001.063 INFO             PET2 !!!                   ESMF_LOGKIND_Multi_On_Error  !!!
20260926 054001.063 INFO             PET2 !!!!!!!!!!!!!!!!!!!!!!!!!!!!!!!!!!!!!!!!!!!!!!!!!!!!!!
20260926 054001.063 INFO             PET2 Running with ESMF Version   : v9.0.0b19
20260926 054001.063 INFO             PET2 ESMF library build date/time: "Sep 25 2026" "18:14:18"
20260926 054001.063 INFO             PET2 ESMF library build location : /usr/local/esmf/esmf-testing/gfortran_14.2.0_openmpi_g_develop/esmf
20260926 054001.063 INFO             PET2 ESMF_COMM                   : openmpi
20260926 054001.064 INFO             PET2 ESMF_MOAB                   : enabled
20260926 054001.064 INFO             PET2 ESMF_LAPACK                 : enabled
20260926 054001.064 INFO             PET2 ESMF_NETCDF                 : enabled
20260926 054001.064 INFO             PET2 ESMF_PNETCDF                : disabled
20260926 054001.064 INFO             PET2 ESMF_PIO                    : enabled
20260926 054001.064 INFO             PET2 ESMF_YAMLCPP                : enabled
20260926 054001.383 INFO             PET2  NUMBER_OF_PROCESSORS           4
20260926 054001.425 INFO             PET2  PASS  Example ESMF_InfoGetFromHostEx, ESMF_InfoGetFromHostEx.F90, line 112
20260926 054001.435 INFO             PET2  Finalizing ESMF
20260926 054001.003 INFO             PET3 !!!!!!!!!!!!!!!!!!!!!!!!!!!!!!!!!!!!!!!!!!!!!!!!!!!!!!
20260926 054001.025 INFO             PET3 !!! THE ESMF_LOG IS SET TO OUTPUT ALL LOG MESSAGES !!!
20260926 054001.026 INFO             PET3 !!!     THIS MAY CAUSE SLOWDOWN IN PERFORMANCE     !!!
20260926 054001.026 INFO             PET3 !!! FOR PRODUCTION RUNS, USE:                      !!!
20260926 054001.026 INFO             PET3 !!!                   ESMF_LOGKIND_Multi_On_Error  !!!
20260926 054001.026 INFO             PET3 !!!!!!!!!!!!!!!!!!!!!!!!!!!!!!!!!!!!!!!!!!!!!!!!!!!!!!
20260926 054001.026 INFO             PET3 Running with ESMF Version   : v9.0.0b19
20260926 054001.031 INFO             PET3 ESMF library build date/time: "Sep 25 2026" "18:14:18"
20260926 054001.031 INFO             PET3 ESMF library build location : /usr/local/esmf/esmf-testing/gfortran_14.2.0_openmpi_g_develop/esmf
20260926 054001.031 INFO             PET3 ESMF_COMM                   : openmpi
20260926 054001.031 INFO             PET3 ESMF_MOAB                   : enabled
20260926 054001.031 INFO             PET3 ESMF_LAPACK                 : enabled
20260926 054001.031 INFO             PET3 ESMF_NETCDF                 : enabled
20260926 054001.031 INFO             PET3 ESMF_PNETCDF                : disabled
20260926 054001.031 INFO             PET3 ESMF_PIO                    : enabled
20260926 054001.031 INFO             PET3 ESMF_YAMLCPP                : enabled
20260926 054001.357 INFO             PET3  NUMBER_OF_PROCESSORS           4
20260926 054001.425 INFO             PET3  PASS  Example ESMF_InfoGetFromHostEx, ESMF_InfoGetFromHostEx.F90, line 112
20260926 054001.435 INFO             PET3  Finalizing ESMF
