2026-09-21 06:54:45
20260921 072311.232 INFO             PET0 !!!!!!!!!!!!!!!!!!!!!!!!!!!!!!!!!!!!!!!!!!!!!!!!!!!!!!
20260921 072311.233 INFO             PET0 !!! THE ESMF_LOG IS SET TO OUTPUT ALL LOG MESSAGES !!!
20260921 072311.233 INFO             PET0 !!!     THIS MAY CAUSE SLOWDOWN IN PERFORMANCE     !!!
20260921 072311.233 INFO             PET0 !!! FOR PRODUCTION RUNS, USE:                      !!!
20260921 072311.233 INFO             PET0 !!!                   ESMF_LOGKIND_Multi_On_Error  !!!
20260921 072311.233 INFO             PET0 !!!!!!!!!!!!!!!!!!!!!!!!!!!!!!!!!!!!!!!!!!!!!!!!!!!!!!
20260921 072311.233 INFO             PET0 Running with ESMF Version   : v9.0.0b19
20260921 072311.233 INFO             PET0 ESMF library build date/time: "Sep 21 2026" "06:53:02"
20260921 072311.233 INFO             PET0 ESMF library build location : /usr/local/esmf/esmf-testing/gfortran_14.2.0_openmpi_g_develop/esmf
20260921 072311.233 INFO             PET0 ESMF_COMM                   : openmpi
20260921 072311.233 INFO             PET0 ESMF_MOAB                   : enabled
20260921 072311.233 INFO             PET0 ESMF_LAPACK                 : enabled
20260921 072311.233 INFO             PET0 ESMF_NETCDF                 : enabled
20260921 072311.233 INFO             PET0 ESMF_PNETCDF                : disabled
20260921 072311.233 INFO             PET0 ESMF_PIO                    : enabled
20260921 072311.233 INFO             PET0 ESMF_YAMLCPP                : enabled
20260921 072311.248 INFO             PET0 ESMF Tracing Enabled
20260921 072311.248 INFO             PET0 ESMF Profiling Enabled
20260921 072311.251 INFO             PET0 ESMF Trace/Profile clock: REALTIME
20260921 072311.268 INFO             PET0  NUMBER_OF_PROCESSORS           4
20260921 072311.268 INFO             PET0  PASS  Example ESMF_TraceEx, ESMF_TraceEx.F90, line 178
20260921 072311.268 INFO             PET0  Finalizing ESMF
20260921 072311.268 INFO             PET0 **************** Region Timings *******************
20260921 072311.268 INFO             PET0 Region              Count  Total (s)   Self (s)    Mean (s)    Min (s)     Max (s)
20260921 072311.268 INFO             PET0   [ESMF]            1      0.0157      0.0156      0.0157      0.0157      0.0157
20260921 072311.268 INFO             PET0     [test] Run 1    5      0.0001      0.0001      0.0000      0.0000      0.0000
20260921 072311.268 INFO             PET0     [test] Init 1   1      0.0000      0.0000      0.0000      0.0000      0.0000
20260921 072311.268 INFO             PET0     [test] Final 1  1      0.0000      0.0000      0.0000      0.0000      0.0000
20260921 072311.233 INFO             PET1 !!!!!!!!!!!!!!!!!!!!!!!!!!!!!!!!!!!!!!!!!!!!!!!!!!!!!!
20260921 072311.233 INFO             PET1 !!! THE ESMF_LOG IS SET TO OUTPUT ALL LOG MESSAGES !!!
20260921 072311.233 INFO             PET1 !!!     THIS MAY CAUSE SLOWDOWN IN PERFORMANCE     !!!
20260921 072311.233 INFO             PET1 !!! FOR PRODUCTION RUNS, USE:                      !!!
20260921 072311.233 INFO             PET1 !!!                   ESMF_LOGKIND_Multi_On_Error  !!!
20260921 072311.233 INFO             PET1 !!!!!!!!!!!!!!!!!!!!!!!!!!!!!!!!!!!!!!!!!!!!!!!!!!!!!!
20260921 072311.233 INFO             PET1 Running with ESMF Version   : v9.0.0b19
20260921 072311.233 INFO             PET1 ESMF library build date/time: "Sep 21 2026" "06:53:02"
20260921 072311.233 INFO             PET1 ESMF library build location : /usr/local/esmf/esmf-testing/gfortran_14.2.0_openmpi_g_develop/esmf
20260921 072311.233 INFO             PET1 ESMF_COMM                   : openmpi
20260921 072311.233 INFO             PET1 ESMF_MOAB                   : enabled
20260921 072311.233 INFO             PET1 ESMF_LAPACK                 : enabled
20260921 072311.233 INFO             PET1 ESMF_NETCDF                 : enabled
20260921 072311.233 INFO             PET1 ESMF_PNETCDF                : disabled
20260921 072311.233 INFO             PET1 ESMF_PIO                    : enabled
20260921 072311.233 INFO             PET1 ESMF_YAMLCPP                : enabled
20260921 072311.248 INFO             PET1 ESMF Tracing Enabled
20260921 072311.248 INFO             PET1 ESMF Profiling Enabled
20260921 072311.251 INFO             PET1 ESMF Trace/Profile clock: REALTIME
20260921 072311.268 INFO             PET1  NUMBER_OF_PROCESSORS           4
20260921 072311.268 INFO             PET1  PASS  Example ESMF_TraceEx, ESMF_TraceEx.F90, line 178
20260921 072311.268 INFO             PET1  Finalizing ESMF
20260921 072311.268 INFO             PET1 **************** Region Timings *******************
20260921 072311.268 INFO             PET1 Region              Count  Total (s)   Self (s)    Mean (s)    Min (s)     Max (s)
20260921 072311.268 INFO             PET1   [ESMF]            1      0.0161      0.0160      0.0161      0.0161      0.0161
20260921 072311.268 INFO             PET1     [test] Run 1    5      0.0001      0.0001      0.0000      0.0000      0.0000
20260921 072311.268 INFO             PET1     [test] Init 1   1      0.0000      0.0000      0.0000      0.0000      0.0000
20260921 072311.268 INFO             PET1     [test] Final 1  1      0.0000      0.0000      0.0000      0.0000      0.0000
20260921 072311.232 INFO             PET2 !!!!!!!!!!!!!!!!!!!!!!!!!!!!!!!!!!!!!!!!!!!!!!!!!!!!!!
20260921 072311.233 INFO             PET2 !!! THE ESMF_LOG IS SET TO OUTPUT ALL LOG MESSAGES !!!
20260921 072311.233 INFO             PET2 !!!     THIS MAY CAUSE SLOWDOWN IN PERFORMANCE     !!!
20260921 072311.233 INFO             PET2 !!! FOR PRODUCTION RUNS, USE:                      !!!
20260921 072311.233 INFO             PET2 !!!                   ESMF_LOGKIND_Multi_On_Error  !!!
20260921 072311.233 INFO             PET2 !!!!!!!!!!!!!!!!!!!!!!!!!!!!!!!!!!!!!!!!!!!!!!!!!!!!!!
20260921 072311.233 INFO             PET2 Running with ESMF Version   : v9.0.0b19
20260921 072311.233 INFO             PET2 ESMF library build date/time: "Sep 21 2026" "06:53:02"
20260921 072311.233 INFO             PET2 ESMF library build location : /usr/local/esmf/esmf-testing/gfortran_14.2.0_openmpi_g_develop/esmf
20260921 072311.233 INFO             PET2 ESMF_COMM                   : openmpi
20260921 072311.233 INFO             PET2 ESMF_MOAB                   : enabled
20260921 072311.233 INFO             PET2 ESMF_LAPACK                 : enabled
20260921 072311.233 INFO             PET2 ESMF_NETCDF                 : enabled
20260921 072311.233 INFO             PET2 ESMF_PNETCDF                : disabled
20260921 072311.233 INFO             PET2 ESMF_PIO                    : enabled
20260921 072311.233 INFO             PET2 ESMF_YAMLCPP                : enabled
20260921 072311.248 INFO             PET2 ESMF Tracing Enabled
20260921 072311.248 INFO             PET2 ESMF Profiling Enabled
20260921 072311.251 INFO             PET2 ESMF Trace/Profile clock: REALTIME
20260921 072311.268 INFO             PET2  NUMBER_OF_PROCESSORS           4
20260921 072311.268 INFO             PET2  PASS  Example ESMF_TraceEx, ESMF_TraceEx.F90, line 178
20260921 072311.268 INFO             PET2  Finalizing ESMF
20260921 072311.268 INFO             PET2 **************** Region Timings *******************
20260921 072311.268 INFO             PET2 Region              Count  Total (s)   Self (s)    Mean (s)    Min (s)     Max (s)
20260921 072311.268 INFO             PET2   [ESMF]            1      0.0161      0.0160      0.0161      0.0161      0.0161
20260921 072311.268 INFO             PET2     [test] Run 1    5      0.0001      0.0001      0.0000      0.0000      0.0000
20260921 072311.268 INFO             PET2     [test] Init 1   1      0.0000      0.0000      0.0000      0.0000      0.0000
20260921 072311.268 INFO             PET2     [test] Final 1  1      0.0000      0.0000      0.0000      0.0000      0.0000
20260921 072311.232 INFO             PET3 !!!!!!!!!!!!!!!!!!!!!!!!!!!!!!!!!!!!!!!!!!!!!!!!!!!!!!
20260921 072311.233 INFO             PET3 !!! THE ESMF_LOG IS SET TO OUTPUT ALL LOG MESSAGES !!!
20260921 072311.233 INFO             PET3 !!!     THIS MAY CAUSE SLOWDOWN IN PERFORMANCE     !!!
20260921 072311.233 INFO             PET3 !!! FOR PRODUCTION RUNS, USE:                      !!!
20260921 072311.233 INFO             PET3 !!!                   ESMF_LOGKIND_Multi_On_Error  !!!
20260921 072311.233 INFO             PET3 !!!!!!!!!!!!!!!!!!!!!!!!!!!!!!!!!!!!!!!!!!!!!!!!!!!!!!
20260921 072311.233 INFO             PET3 Running with ESMF Version   : v9.0.0b19
20260921 072311.233 INFO             PET3 ESMF library build date/time: "Sep 21 2026" "06:53:02"
20260921 072311.233 INFO             PET3 ESMF library build location : /usr/local/esmf/esmf-testing/gfortran_14.2.0_openmpi_g_develop/esmf
20260921 072311.233 INFO             PET3 ESMF_COMM                   : openmpi
20260921 072311.233 INFO             PET3 ESMF_MOAB                   : enabled
20260921 072311.233 INFO             PET3 ESMF_LAPACK                 : enabled
20260921 072311.233 INFO             PET3 ESMF_NETCDF                 : enabled
20260921 072311.233 INFO             PET3 ESMF_PNETCDF                : disabled
20260921 072311.233 INFO             PET3 ESMF_PIO                    : enabled
20260921 072311.233 INFO             PET3 ESMF_YAMLCPP                : enabled
20260921 072311.248 INFO             PET3 ESMF Tracing Enabled
20260921 072311.248 INFO             PET3 ESMF Profiling Enabled
20260921 072311.251 INFO             PET3 ESMF Trace/Profile clock: REALTIME
20260921 072311.268 INFO             PET3  NUMBER_OF_PROCESSORS           4
20260921 072311.268 INFO             PET3  PASS  Example ESMF_TraceEx, ESMF_TraceEx.F90, line 178
20260921 072311.268 INFO             PET3  Finalizing ESMF
20260921 072311.268 INFO             PET3 **************** Region Timings *******************
20260921 072311.268 INFO             PET3 Region              Count  Total (s)   Self (s)    Mean (s)    Min (s)     Max (s)
20260921 072311.268 INFO             PET3   [ESMF]            1      0.0161      0.0160      0.0161      0.0161      0.0161
20260921 072311.268 INFO             PET3     [test] Run 1    5      0.0001      0.0001      0.0000      0.0000      0.0000
20260921 072311.268 INFO             PET3     [test] Init 1   1      0.0000      0.0000      0.0000      0.0000      0.0000
20260921 072311.268 INFO             PET3     [test] Final 1  1      0.0000      0.0000      0.0000      0.0000      0.0000
