2026-09-19 06:00:58
--- ESMCI::Array::print start ---
 Base name    = Array002
 Status: Base = Ready,  object = Ready
 Proxy        = no
--- ESMCI::Array::print start ---
 Base name    = Array002
 Status: Base = Ready,  object = Ready
 Proxy        = no
 Root Info (Attributes):
--- ESMCI::Array::print start ---
 Base name    = Array002
 Status: Base = Ready,  object = Ready
 Proxy        = no
 Root Info (Attributes):
{
  "ESMF": {
--- ESMCI::Array::print start ---
 Base name    = Array002
 Status: Base = Ready,  object = Ready
 Proxy        = no
 Root Info (Attributes):
{
  "ESMF": {
    "Instance": {
      "NamedAliasCount": 0
    }
 Root Info (Attributes):
{
  "ESMF": {
    "Instance": {
      "NamedAliasCount": 0
    }
  }
}Array typekind/rank: Real*8 / 2 
~ lower class' values ~
DistGrid dimCount = 2
deCount = 4
localDeCount = 1
~ local data in LocalArray for DE 0 ~
LocalArrayPrint: Array at address 0x12a823e50:
            rank = 2, typekind = 6, base_addr = 0x6000031b2960
            dim[0] = 2  dim[1] = 2  
  Real, *8, Dim 2, Data values:
( 1, 1) =  100
( 2, 1) =  100
( 1, 2) =  100
( 2, 2) =  100
--- ESMCI::Array::print end ---
--- ESMCI::Array::print start ---
 Base name    = Array003
 Status: Base = Ready,  object = Ready
 Proxy        = no
 Root Info (Attributes):
{
  "ESMF": {
{
  "ESMF": {
    "Instance": {
      "NamedAliasCount": 0
    }
  }
}Array typekind/rank: Real*8 / 2 
~ lower class' values ~
DistGrid dimCount = 2
deCount = 4
localDeCount = 1
~ local data in LocalArray for DE 1 ~
LocalArrayPrint: Array at address 0x11a604920:
            rank = 2, typekind = 6, base_addr = 0x600003c2c560
            dim[0] = 2  dim[1] = 2  
  Real, *8, Dim 2, Data values:
( 1, 1) =  101
( 2, 1) =  101
( 1, 2) =  101
( 2, 2) =  101
--- ESMCI::Array::print end ---
--- ESMCI::Array::print start ---
 Base name    = Array003
 Status: Base = Ready,  object = Ready
 Proxy        = no
 Root Info (Attributes):
{
  "ESMF": {
    "Instance": {
      "NamedAliasCount": 0
    }
  }
}Array typekind/rank: Real*8 / 2 
~ lower class' values ~
DistGrid dimCount = 2
deCount = 4
localDeCount = 1
~ local data in LocalArray for DE 1 ~
LocalArrayPrint: Array at address 0x11a6050a0:
            rank = 2, typekind = 6, base_addr = 0x600003c2c580
            dim[0] = 2  dim[1] = 2  
  Real, *8, Dim 2, Data values:
    "Instance": {
      "NamedAliasCount": 0
    }
  }
}Array typekind/rank: Real*8 / 2 
~ lower class' values ~
DistGrid dimCount = 2
deCount = 4
localDeCount = 1
~ local data in LocalArray for DE 2 ~
LocalArrayPrint: Array at address 0x136a0f8f0:
            rank = 2, typekind = 6, base_addr = 0x600002005e40
            dim[0] = 2  dim[1] = 2  
  Real, *8, Dim 2, Data values:
( 1, 1) =  102
( 2, 1) =  102
( 1, 2) =  102
( 2, 2) =  102
--- ESMCI::Array::print end ---
--- ESMCI::Array::print start ---
 Base name    = Array003
 Status: Base = Ready,  object = Ready
 Proxy        = no
 Root Info (Attributes):
{
  "ESMF": {
    "Instance": {
      "NamedAliasCount": 0
    }
  }
}Array typekind/rank: Real*8 / 2 
~ lower class' values ~
DistGrid dimCount = 2
deCount = 4
localDeCount = 1
~ local data in LocalArray for DE 2 ~
LocalArrayPrint: Array at address 0x136a0fc20:
            rank = 2, typekind = 6, base_addr = 0x600002005e60
            dim[0] = 2  dim[1] = 2  
  Real, *8, Dim 2, Data values:
( 1, 1) =  202  }
}Array typekind/rank: Real*8 / 2 
~ lower class' values ~
DistGrid dimCount = 2
deCount = 4
localDeCount = 1
~ local data in LocalArray for DE 3 ~
LocalArrayPrint: Array at address 0x15b704b60:
            rank = 2, typekind = 6, base_addr = 0x600003db0100
            dim[0] = 2  dim[1] = 2  
  Real, *8, Dim 2, Data values:
( 1, 1) =  103
( 2, 1) =  103
( 1, 2) =  103
( 2, 2) =  103
--- ESMCI::Array::print end ---
--- ESMCI::Array::print start ---
 Base name    = Array003
 Status: Base = Ready,  object = Ready
 Proxy        = no
 Root Info (Attributes):
{
  "ESMF": {
    "Instance": {
      "NamedAliasCount": 0
    }
  }
}Array typekind/rank: Real*8 / 2 
~ lower class' values ~
DistGrid dimCount = 2
deCount = 4
localDeCount = 1
~ local data in LocalArray for DE 3 ~
LocalArrayPrint: Array at address 0x15b704e90:
            rank = 2, typekind = 6, base_addr = 0x600003db0120
            dim[0] = 2  dim[1] = 2  
  Real, *8, Dim 2, Data values:
( 1, 1) =  203
( 2, 1) =  203
( 1, 2) =  203
    "Instance": {
      "NamedAliasCount": 0
    }
  }
}Array typekind/rank: Real*8 / 2 
~ lower class' values ~
DistGrid dimCount = 2
deCount = 4
localDeCount = 1
~ local data in LocalArray for DE 0 ~
LocalArrayPrint: Array at address 0x12a824180:
            rank = 2, typekind = 6, base_addr = 0x6000031b2980
            dim[0] = 2  dim[1] = 2  
  Real, *8, Dim 2, Data values:
( 1, 1) =  200
( 2, 1) =  200
( 1, 2) =  200
( 1, 1) =  201
( 2, 2) =  200
( 2, 1) =  201
( 2, 2) =  203
--- ESMCI::Array::print end ---
--- ESMCI::Array::print end ---
( 1, 2) =  201

( 2, 1) =  202
--- ESMCI::Array::print start ---
 Base name    = Array004
 Status: Base = Ready,  object = Ready
 Proxy        = no
 Root Info (Attributes):
{
  "ESMF": {
    "Instance": {
      "NamedAliasCount": 0
( 2, 2) =  201
--- ESMCI::Array::print end ---
--- ESMCI::Array::print start ---
 Base name    = Array004
 Status: Base = Ready,  object = Ready
 Proxy        = no
 Root Info (Attributes):
{
  "ESMF": {
    "Instance": {
      "NamedAliasCount": 0
--- ESMCI::Array::print start ---
 Base name    = Array004
 Status: Base = Ready,  object = Ready
 Proxy        = no
 Root Info (Attributes):
{
  "ESMF": {
    "Instance": {
      "NamedAliasCount": 0
    }
  }
( 1, 2) =  202
( 2, 2) =  202
--- ESMCI::Array::print end ---
--- ESMCI::Array::print start ---
 Base name    = Array004
 Status: Base = Ready,  object = Ready
 Proxy        = no
 Root Info (Attributes):
    }
  }
}Array typekind/rank: Real*8 / 2 
    }
  }
}}Array typekind/rank: Real*8 / 2 
~ lower class' values ~
DistGrid dimCount = 2
deCount = 4
localDeCount = 1
~ local data in LocalArray for DE 0 ~
LocalArrayPrint: Array at address 0x12a8244b0:
{
  "ESMF": {
    "Instance": {
      "NamedAliasCount": 0
    }
  }
~ lower class' values ~
DistGrid dimCount = 2
deCount = 4
localDeCount = 1
~ local data in LocalArray for DE 3 ~
LocalArrayPrint: Array at address 0x15b7051c0:
            rank = 2, typekind = 6, base_addr = 0x600001384000
Array typekind/rank: Real*8 / 2 
~ lower class' values ~
DistGrid dimCount = 2
deCount = 4
localDeCount = 1
~ local data in LocalArray for DE 1 ~
LocalArrayPrint: Array at address 0x11a6053d0:
            rank = 2, typekind = 6, base_addr = 0x600001f9d600
            dim[0] = 4  dim[1] = 4  
}Array typekind/rank: Real*8 / 2 
~ lower class' values ~
            dim[0] = 4  dim[1] = 4  
  Real, *8, Dim 2, Data values:
            rank = 2, typekind = 6, base_addr = 0x600001204080
            dim[0] = 4  dim[1] = 4  
  Real, *8, Dim 2, Data values:
( 0, 0) =  301
( 1, 0) =  301
( 2, 0) =  301
( 3, 0) =  301
  Real, *8, Dim 2, Data values:
( 0, 0) =  300
( 1, 0) =  300
( 2, 0) =  300
( 3, 0) =  300
( 0, 1) =  300
( 1, 1) =  300
( 2, 1) =  300
DistGrid dimCount = 2
deCount = 4
localDeCount = 1
~ local data in LocalArray for DE 2 ~
LocalArrayPrint: Array at address 0x136a0ff50:
            rank = 2, typekind = 6, base_addr = 0x600000e2b480
            dim[0] = 4  dim[1] = 4  
  Real, *8, Dim 2, Data values:
( 0, 0) =  302
( 0, 0) =  300
( 1, 0) =  301
( 2, 0) =  301
( 3, 0) =  303
( 0, 1) =  302
( 1, 1) =  303
( 2, 1) =  303
( 3, 1) =  303
( 0, 1) =  300
( 1, 1) =  301
( 2, 1) =  301
( 3, 1) =  301
( 0, 2) =  300
( 1, 2) =  300
( 1, 0) =  300
( 2, 0) =  300
( 3, 0) =  301
( 0, 2) =  302
( 1, 2) =  303
( 2, 2) =  303
( 3, 2) =  303
( 3, 1) =  301
( 0, 2) =  300
( 1, 2) =  301
( 2, 2) =  301
( 2, 2) =  300
( 3, 2) =  301
( 0, 3) =  300
( 1, 3) =  302
( 0, 1) =  302
( 1, 1) =  302
( 0, 3) =  303
( 1, 3) =  303
( 3, 2) =  301
( 0, 3) =  302
( 2, 3) =  302
( 3, 3) =  303
( 2, 1) =  302
( 3, 1) =  303
( 0, 2) =  302
( 2, 3) =  303
( 3, 3) =  303
--- ESMCI::Array::print end ---
( 1, 3) =  303
( 2, 3) =  303
( 3, 3) =  301
--- ESMCI::Array::print end ---
--- ESMCI::Array::print start ---
 Base name    = Array005
( 1, 2) =  302
( 2, 2) =  302
( 3, 2) =  303
( 0, 3) =  302
--- ESMCI::Array::print start ---
 Base name    = Array005
 Status: Base = Ready,  object = Ready
--- ESMCI::Array::print end ---
--- ESMCI::Array::print start ---
 Base name    = Array005
 Status: Base = Ready,  object = Ready
 Status: Base = Ready,  object = Ready
 Proxy        = no
 Root Info (Attributes):
( 1, 3) =  302
( 2, 3) =  302
 Proxy        = no
 Root Info (Attributes):
 Proxy        = no
 Root Info (Attributes):
{
  "ESMF": {
( 3, 3) =  302
--- ESMCI::Array::print end ---
{
  "ESMF": {
    "Instance": {
{
  "ESMF": {
    "Instance": {
    "Instance": {
      "NamedAliasCount": 0
    }
  }
--- ESMCI::Array::print start ---
 Base name    = Array005
 Status: Base = Ready,  object = Ready
 Proxy        = no
      "NamedAliasCount": 0
    }
  }
}      "NamedAliasCount": 0
    }
  }
}Array typekind/rank: Real*8 / 2 
~ lower class' values ~
 Root Info (Attributes):
{
Array typekind/rank: Real*8 / 2 
~ lower class' values ~
DistGrid dimCount = 2
}Array typekind/rank: Real*8 / 2 
~ lower class' values ~
DistGrid dimCount = 2
  "ESMF": {
    "Instance": {
      "NamedAliasCount": 0
deCount = 4
localDeCount = 1
~ local data in LocalArray for DE 3 ~
DistGrid dimCount = 2
deCount = 4
localDeCount = 1
~ local data in LocalArray for DE 0 ~
LocalArrayPrint: Array at address 0x12a8247e0:
    }
  }
LocalArrayPrint: Array at address 0x15b7054f0:
            rank = 2, typekind = 6, base_addr = 0x600001384100
            rank = 2, typekind = 6, base_addr = 0x600001f9e300
            dim[0] = 4  dim[1] = 4  
  Real, *8, Dim 2, Data values:
deCount = 4
localDeCount = 1
~ local data in LocalArray for DE 1 ~
LocalArrayPrint: Array at address 0x11a605700:
            rank = 2, typekind = 6, base_addr = 0x600001204180
}Array typekind/rank: Real*8 / 2 
~ lower class' values ~
            dim[0] = 4  dim[1] = 4  
  Real, *8, Dim 2, Data values:
( 0, 0) =  400
( 1, 0) =  400
( 2, 0) =  400
            dim[0] = 4  dim[1] = 4  
  Real, *8, Dim 2, Data values:
DistGrid dimCount = 2
deCount = 4
( 0, 0) =  400
( 1, 0) =  401
( 2, 0) =  401
( 3, 0) =  400
( 0, 1) =  400
( 0, 0) =  401
( 1, 0) =  401
localDeCount = 1
~ local data in LocalArray for DE 2 ~
( 3, 0) =  403
( 0, 1) =  402
( 1, 1) =  400
( 2, 1) =  400
( 2, 0) =  401
( 3, 0) =  401
( 0, 1) =  400
LocalArrayPrint: Array at address 0x136a10280:
            rank = 2, typekind = 6, base_addr = 0x600000e2bd80
            dim[0] = 4  dim[1] = 4  
  Real, *8, Dim 2, Data values:
( 1, 1) =  403
( 2, 1) =  403
( 3, 1) =  403
( 0, 2) =  402
( 1, 2) =  403
( 3, 1) =  401
( 0, 2) =  400
( 1, 2) =  400
( 2, 2) =  400
( 1, 1) =  401
( 2, 1) =  401
( 3, 1) =  401
( 0, 0) =  402
( 1, 0) =  400
( 2, 2) =  403
( 3, 2) =  401
( 0, 2) =  400
( 1, 2) =  401
( 2, 0) =  400
( 3, 2) =  403
( 0, 3) =  400
( 1, 3) =  402
( 3, 0) =  401
( 0, 1) =  402
( 1, 1) =  402
( 0, 3) =  403
( 1, 3) =  403
( 2, 3) =  403
( 3, 3) =  403
( 2, 3) =  402
( 3, 3) =  403
--- ESMCI::Array::print end ---
( 2, 2) =  401
( 3, 2) =  401
( 0, 3) =  402
( 1, 3) =  403
( 2, 1) =  402
( 3, 1) =  403
--- ESMCI::Array::print end ---
--- ESMCI::Array::print start ---
--- ESMCI::Array::print start ---
 Base name    = Array006
( 2, 3) =  403
( 3, 3) =  401
( 0, 2) =  402
( 1, 2) =  402
( 2, 2) =  402
 Base name    = Array006
 Status: Base = Ready,  object = Ready
 Proxy        = no
--- ESMCI::Array::print end ---
--- ESMCI::Array::print start ---
 Base name    = Array006
( 3, 2) =  403
( 0, 3) =  402
( 1, 3) =  402
( 2, 3) =  402
( 3, 3) =  402
--- ESMCI::Array::print end ---
--- ESMCI::Array::print start ---
 Base name    = Array006
 Status: Base = Ready,  object = Ready
 Proxy        = no
 Root Info (Attributes):
{
  "ESMF": {
    "Instance": {
      "NamedAliasCount": 0
 Status: Base = Ready,  object = Ready
 Proxy        = no
 Root Info (Attributes):
{
  "ESMF": {
    "Instance": {
      "NamedAliasCount": 0
    }
  }
}Array typekind/rank: Real*8 / 2 
~ lower class' values ~
DistGrid dimCount = 2
deCount = 4
localDeCount = 1
~ local data in LocalArray for DE 3 ~
LocalArrayPrint: Array at address 0x15b705820:
 Root Info (Attributes):
{
  "ESMF": {
    "Instance": {
      "NamedAliasCount": 0
    }
  }
}Array typekind/rank: Real*8 / 2 
~ lower class' values ~
DistGrid dimCount = 2
deCount = 4
localDeCount = 1
~ local data in LocalArray for DE 0 ~
LocalArrayPrint: Array at address 0x12a824b10:
            rank = 2, typekind = 6, base_addr = 0x60000159df20
 Status: Base = Ready,  object = Ready
 Proxy        = no
 Root Info (Attributes):
{
  "ESMF": {
    "Instance": {
      "NamedAliasCount": 0
    }
  }
}Array typekind/rank: Real*8 / 2 
~ lower class' values ~
DistGrid dimCount = 2
deCount = 4
localDeCount = 1
~ local data in LocalArray for DE 1 ~
    }
  }
}            rank = 2, typekind = 6, base_addr = 0x600001988060
            dim[0] = 4  dim[1] = 3  
            dim[0] = 4  dim[1] = 3  
LocalArrayPrint: Array at address 0x11a605a30:
Array typekind/rank: Real*8 / 2 
~ lower class' values ~
  Real, *8, Dim 2, Data values:
( 0, 0) =  500
( 1, 0) =  501
( 2, 0) =  501
( 3, 0) =  503
  Real, *8, Dim 2, Data values:
( 0, 0) =  500
( 1, 0) =  500
( 2, 0) =  500
( 3, 0) =  500
( 0, 1) =  500
            rank = 2, typekind = 6, base_addr = 0x6000018081e0
            dim[0] = 4  dim[1] = 3  
  Real, *8, Dim 2, Data values:
( 0, 0) =  501
( 1, 0) =  501
( 2, 0) =  501
DistGrid dimCount = 2
deCount = 4
localDeCount = 1
~ local data in LocalArray for DE 2 ~
LocalArrayPrint: Array at address 0x136a105b0:
            rank = 2, typekind = 6, base_addr = 0x600000431aa0
( 0, 1) =  502
( 1, 1) =  503
( 2, 1) =  503
( 1, 1) =  500
( 2, 1) =  500
( 3, 1) =  501
( 3, 0) =  501
( 0, 1) =  500
( 1, 1) =  501
            dim[0] = 4  dim[1] = 3  
  Real, *8, Dim 2, Data values:
( 3, 1) =  503
( 0, 0) =  502
( 1, 0) =  500
( 0, 2) =  502
( 1, 2) =  503
( 2, 2) =  503
( 0, 2) =  500
( 1, 2) =  500
( 2, 2) =  500
( 2, 1) =  501
( 3, 1) =  501
( 0, 2) =  500
( 2, 0) =  500
( 3, 0) =  501
( 0, 1) =  502
( 3, 2) =  501
( 3, 2) =  503
--- ESMCI::Array::print end ---
--- ESMCI::Array::print end ---
( 1, 1) =  502
( 2, 1) =  502
( 3, 1) =  503
( 0, 2) =  502
  PASS  Example ESMF_ArrayBundleHaloEx, ESMF_ArrayBundleHaloEx.F90, line 172
( 1, 2) =  502
( 2, 2) =  502
( 1, 2) =  501
( 2, 2) =  501
  PASS  Example ESMF_ArrayBundleHaloEx, ESMF_ArrayBundleHaloEx.F90, line 172
( 3, 2) =  503
--- ESMCI::Array::print end ---
( 3, 2) =  501
--- ESMCI::Array::print end ---
  PASS  Example ESMF_ArrayBundleHaloEx, ESMF_ArrayBundleHaloEx.F90, line 172
  PASS  Example ESMF_ArrayBundleHaloEx, ESMF_ArrayBundleHaloEx.F90, line 172
 PASS: ESMF_ArrayBundleHaloEx.F90
 PASS: ESMF_ArrayBundleHaloEx.F90
 PASS: ESMF_ArrayBundleHaloEx.F90
 PASS: ESMF_ArrayBundleHaloEx.F90
