2026-09-25 21:34:54
20260926 073430.762 INFO             PET0 !!!!!!!!!!!!!!!!!!!!!!!!!!!!!!!!!!!!!!!!!!!!!!!!!!!!!!
20260926 073430.766 INFO             PET0 !!! THE ESMF_LOG IS SET TO OUTPUT ALL LOG MESSAGES !!!
20260926 073430.766 INFO             PET0 !!!     THIS MAY CAUSE SLOWDOWN IN PERFORMANCE     !!!
20260926 073430.766 INFO             PET0 !!! FOR PRODUCTION RUNS, USE:                      !!!
20260926 073430.766 INFO             PET0 !!!                   ESMF_LOGKIND_Multi_On_Error  !!!
20260926 073430.766 INFO             PET0 !!!!!!!!!!!!!!!!!!!!!!!!!!!!!!!!!!!!!!!!!!!!!!!!!!!!!!
20260926 073430.766 INFO             PET0 Running with ESMF Version   : v9.0.0b19
20260926 073430.766 INFO             PET0 ESMF library build date/time: "Sep 25 2026" "21:31:54"
20260926 073430.766 INFO             PET0 ESMF library build location : /Users/sacks/projects/scratch/esmf-testing/gfortranclang_12.2.0_14.0.0_openmpi_g_develop/esmf
20260926 073430.766 INFO             PET0 ESMF_COMM                   : openmpi
20260926 073430.766 INFO             PET0 ESMF_MOAB                   : enabled
20260926 073430.766 INFO             PET0 ESMF_LAPACK                 : enabled
20260926 073430.766 INFO             PET0 ESMF_NETCDF                 : enabled
20260926 073430.766 INFO             PET0 ESMF_PNETCDF                : disabled
20260926 073430.767 INFO             PET0 ESMF_PIO                    : enabled
20260926 073430.767 INFO             PET0 ESMF_YAMLCPP                : enabled
20260926 073430.779 INFO             PET0 =============================================
20260926 073430.779 INFO             PET0 ESMX (Earth System Model eXecutable) STARTING
20260926 073430.779 INFO             PET0 =============================================
20260926 073430.861 DEBUG            PET0 Generic SetVM() is executing for: ESMX_Driver
20260926 073430.867 DEBUG            PET0 Generic SetVM() found no NUOPC Hint for: ESMX_Driver
20260926 073430.867 DEBUG            PET0 Generic SetVM() therefore is NOT calling ESMF_GridCompSetVMMaxPEs() for: ESMX_Driver
20260926 073430.887 INFO             PET0 ESMX_Driver: InitializeGeneric intro.
20260926 073430.887 INFO             PET0   >>>ESMX_Driver: entered Initialize (phase=<none>) without valid internal Clock.
20260926 073430.887 INFO             PET0   ESMX_Driver: InitializeP0 intro.
20260926 073430.887 INFO             PET0     >>>ESMX_Driver: entered Initialize (phase=<none>) without valid internal Clock.
20260926 073430.887 INFO             PET0     <<<ESMX_Driver: leaving Initialize (phase=<none>) without valid internal Clock.
20260926 073430.887 INFO             PET0   ESMX_Driver: InitializeP0 extro.
20260926 073430.887 INFO             PET0   ESMX_Driver: InitializeIPDv02p1 intro.
20260926 073430.887 INFO             PET0     >>>ESMX_Driver: entered Initialize (phase=<none>) without valid internal Clock.
20260926 073430.890 INFO             PET0     ESMX_Driver - Creating model component MDL without petList.
20260926 073431.137 DEBUG            PET0     Generic SetVM() is executing for: MDL
20260926 073431.137 DEBUG            PET0     Generic SetVM() found no NUOPC Hint for: MDL
20260926 073431.138 DEBUG            PET0     Generic SetVM() therefore is NOT calling ESMF_GridCompSetVMMaxPEs() for: MDL
20260926 073431.146 INFO             PET0     ESMX_Driver: IInitAdvertise intro.
20260926 073431.146 INFO             PET0       >>>ESMX_Driver: entered Initialize (phase=<none>) with current time: 2012 10 24 18  0  0   0
20260926 073431.146 INFO             PET0       <<<ESMX_Driver: leaving Initialize (phase=<none>) with current time: 2012 10 24 18  0  0   0
20260926 073431.146 INFO             PET0     ESMX_Driver: IInitAdvertise extro.
20260926 073431.146 INFO             PET0     Message from inside C component Advertise() method
20260926 073431.147 INFO             PET0     ESMX_Driver: IInitAdvertiseFinish intro.
20260926 073431.147 INFO             PET0       >>>ESMX_Driver: entered Initialize (phase=<none>) with current time: 2012 10 24 18  0  0   0
20260926 073431.147 INFO             PET0       <<<ESMX_Driver: leaving Initialize (phase=<none>) with current time: 2012 10 24 18  0  0   0
20260926 073431.147 INFO             PET0     ESMX_Driver: IInitAdvertiseFinish extro.
20260926 073431.147 INFO             PET0     ESMX_Driver: IInitModifyCplLists intro.
20260926 073431.148 INFO             PET0       >>>ESMX_Driver: entered Initialize (phase=<none>) with current time: 2012 10 24 18  0  0   0
20260926 073431.148 INFO             PET0       <<<ESMX_Driver: leaving Initialize (phase=<none>) with current time: 2012 10 24 18  0  0   0
20260926 073431.148 INFO             PET0     ESMX_Driver: IInitModifyCplLists extro.
20260926 073431.148 INFO             PET0     <<<ESMX_Driver: leaving Initialize (phase=<none>) with current time: 2012 10 24 18  0  0   0
20260926 073431.148 INFO             PET0   ESMX_Driver: InitializeIPDv02p1 extro.
20260926 073431.148 INFO             PET0   ESMX_Driver: InitializeIPDv02p3 intro.
20260926 073431.148 INFO             PET0     >>>ESMX_Driver: entered Initialize (phase=<none>) with current time: 2012 10 24 18  0  0   0
20260926 073431.148 INFO             PET0     ESMX_Driver: IInitCheck intro.
20260926 073431.148 INFO             PET0       >>>ESMX_Driver: entered Initialize (phase=<none>) with current time: 2012 10 24 18  0  0   0
20260926 073431.148 INFO             PET0       <<<ESMX_Driver: leaving Initialize (phase=<none>) with current time: 2012 10 24 18  0  0   0
20260926 073431.148 INFO             PET0     ESMX_Driver: IInitCheck extro.
20260926 073431.149 INFO             PET0     ESMX_Driver: IInitRealize intro.
20260926 073431.149 INFO             PET0       >>>ESMX_Driver: entered Initialize (phase=<none>) with current time: 2012 10 24 18  0  0   0
20260926 073431.149 INFO             PET0       <<<ESMX_Driver: leaving Initialize (phase=<none>) with current time: 2012 10 24 18  0  0   0
20260926 073431.149 INFO             PET0     ESMX_Driver: IInitRealize extro.
20260926 073431.149 INFO             PET0     <<<ESMX_Driver: leaving Initialize (phase=<none>) with current time: 2012 10 24 18  0  0   0
20260926 073431.149 INFO             PET0   ESMX_Driver: InitializeIPDv02p3 extro.
20260926 073431.150 INFO             PET0   ESMX_Driver: InitializeIPDv02p5 intro.
20260926 073431.150 INFO             PET0     >>>ESMX_Driver: entered Initialize (phase=<none>) with current time: 2012 10 24 18  0  0   0
20260926 073431.150 INFO             PET0     ESMX_Driver: InitializeIPDv02p5Data intro.
20260926 073431.150 INFO             PET0       >>>ESMX_Driver: entered Initialize (phase=<none>) with current time: 2012 10 24 18  0  0   0
20260926 073431.150 INFO             PET0       ESMX_Driver: InternalInitializeComplete intro.
20260926 073431.150 INFO             PET0         >>>ESMX_Driver: entered Initialize (phase=<none>) with current time: 2012 10 24 18  0  0   0
20260926 073431.150 INFO             PET0         <<<ESMX_Driver: leaving Initialize (phase=<none>) with current time: 2012 10 24 18  0  0   0
20260926 073431.150 INFO             PET0       ESMX_Driver: InternalInitializeComplete extro.
20260926 073431.151 INFO             PET0       ESMX_Driver: loopDataDependentInitialize intro.
20260926 073431.151 INFO             PET0         >>>ESMX_Driver: entered Initialize (phase=<none>) with current time: 2012 10 24 18  0  0   0
20260926 073431.151 INFO             PET0         <<<ESMX_Driver: leaving Initialize (phase=<none>) with current time: 2012 10 24 18  0  0   0
20260926 073431.151 INFO             PET0       ESMX_Driver: loopDataDependentInitialize extro.
20260926 073431.151 INFO             PET0       <<<ESMX_Driver: leaving Initialize (phase=<none>) with current time: 2012 10 24 18  0  0   0
20260926 073431.151 INFO             PET0     ESMX_Driver: InitializeIPDv02p5Data extro.
20260926 073431.151 INFO             PET0     <<<ESMX_Driver: leaving Initialize (phase=<none>) with current time: 2012 10 24 18  0  0   0
20260926 073431.151 INFO             PET0   ESMX_Driver: InitializeIPDv02p5 extro.
20260926 073431.152 INFO             PET0   <<<ESMX_Driver: leaving Initialize (phase=<none>) with current time: 2012 10 24 18  0  0   0
20260926 073431.152 INFO             PET0 ESMX_Driver: InitializeGeneric extro.
20260926 073431.152 INFO             PET0 ESMX_Driver: Run intro.
20260926 073431.152 INFO             PET0   >>>ESMX_Driver: entered Run (phase=RunPhase1) with current time: 2012 10 24 18  0  0   0
20260926 073431.152 INFO             PET0   Message from inside C component Advance() method
20260926 073431.152 INFO             PET0   <<<ESMX_Driver: leaving Run (phase=RunPhase1) with current time: 2012 10 24 19  0  0   0
20260926 073431.152 INFO             PET0 ESMX_Driver: Run extro.
20260926 073431.152 INFO             PET0 ESMX_Driver: Finalize intro.
20260926 073431.152 INFO             PET0   >>>ESMX_Driver: entered Finalize (phase=FinalizePhase1) with current time: 2012 10 24 19  0  0   0
20260926 073431.152 INFO             PET0   Calling Finalize phase 1 for modelComp: MDL
20260926 073431.152 INFO             PET0   Delete modelComp: MDL
20260926 073431.152 INFO             PET0   <<<ESMX_Driver: leaving Finalize (phase=FinalizePhase1) with current time: 2012 10 24 19  0  0   0
20260926 073431.152 INFO             PET0 ESMX_Driver: Finalize extro.
20260926 073431.152 INFO             PET0 =============================================
20260926 073431.152 INFO             PET0 ESMX (Earth System Model eXecutable) FINISHED
20260926 073431.152 INFO             PET0 =============================================
20260926 073431.152 INFO             PET0  Finalizing ESMF
20260926 073430.761 INFO             PET1 !!!!!!!!!!!!!!!!!!!!!!!!!!!!!!!!!!!!!!!!!!!!!!!!!!!!!!
20260926 073430.766 INFO             PET1 !!! THE ESMF_LOG IS SET TO OUTPUT ALL LOG MESSAGES !!!
20260926 073430.766 INFO             PET1 !!!     THIS MAY CAUSE SLOWDOWN IN PERFORMANCE     !!!
20260926 073430.766 INFO             PET1 !!! FOR PRODUCTION RUNS, USE:                      !!!
20260926 073430.766 INFO             PET1 !!!                   ESMF_LOGKIND_Multi_On_Error  !!!
20260926 073430.766 INFO             PET1 !!!!!!!!!!!!!!!!!!!!!!!!!!!!!!!!!!!!!!!!!!!!!!!!!!!!!!
20260926 073430.766 INFO             PET1 Running with ESMF Version   : v9.0.0b19
20260926 073430.766 INFO             PET1 ESMF library build date/time: "Sep 25 2026" "21:31:54"
20260926 073430.766 INFO             PET1 ESMF library build location : /Users/sacks/projects/scratch/esmf-testing/gfortranclang_12.2.0_14.0.0_openmpi_g_develop/esmf
20260926 073430.766 INFO             PET1 ESMF_COMM                   : openmpi
20260926 073430.766 INFO             PET1 ESMF_MOAB                   : enabled
20260926 073430.766 INFO             PET1 ESMF_LAPACK                 : enabled
20260926 073430.766 INFO             PET1 ESMF_NETCDF                 : enabled
20260926 073430.766 INFO             PET1 ESMF_PNETCDF                : disabled
20260926 073430.767 INFO             PET1 ESMF_PIO                    : enabled
20260926 073430.767 INFO             PET1 ESMF_YAMLCPP                : enabled
20260926 073430.782 INFO             PET1 =============================================
20260926 073430.782 INFO             PET1 ESMX (Earth System Model eXecutable) STARTING
20260926 073430.782 INFO             PET1 =============================================
20260926 073430.861 DEBUG            PET1 Generic SetVM() is executing for: ESMX_Driver
20260926 073430.862 DEBUG            PET1 Generic SetVM() found no NUOPC Hint for: ESMX_Driver
20260926 073430.862 DEBUG            PET1 Generic SetVM() therefore is NOT calling ESMF_GridCompSetVMMaxPEs() for: ESMX_Driver
20260926 073430.887 INFO             PET1 ESMX_Driver: InitializeGeneric intro.
20260926 073430.887 INFO             PET1   >>>ESMX_Driver: entered Initialize (phase=<none>) without valid internal Clock.
20260926 073430.887 INFO             PET1   ESMX_Driver: InitializeP0 intro.
20260926 073430.887 INFO             PET1     >>>ESMX_Driver: entered Initialize (phase=<none>) without valid internal Clock.
20260926 073430.887 INFO             PET1     <<<ESMX_Driver: leaving Initialize (phase=<none>) without valid internal Clock.
20260926 073430.887 INFO             PET1   ESMX_Driver: InitializeP0 extro.
20260926 073430.887 INFO             PET1   ESMX_Driver: InitializeIPDv02p1 intro.
20260926 073430.887 INFO             PET1     >>>ESMX_Driver: entered Initialize (phase=<none>) without valid internal Clock.
20260926 073430.890 INFO             PET1     ESMX_Driver - Creating model component MDL without petList.
20260926 073431.136 DEBUG            PET1     Generic SetVM() is executing for: MDL
20260926 073431.137 DEBUG            PET1     Generic SetVM() found no NUOPC Hint for: MDL
20260926 073431.137 DEBUG            PET1     Generic SetVM() therefore is NOT calling ESMF_GridCompSetVMMaxPEs() for: MDL
20260926 073431.146 INFO             PET1     ESMX_Driver: IInitAdvertise intro.
20260926 073431.146 INFO             PET1       >>>ESMX_Driver: entered Initialize (phase=<none>) with current time: 2012 10 24 18  0  0   0
20260926 073431.146 INFO             PET1       <<<ESMX_Driver: leaving Initialize (phase=<none>) with current time: 2012 10 24 18  0  0   0
20260926 073431.146 INFO             PET1     ESMX_Driver: IInitAdvertise extro.
20260926 073431.146 INFO             PET1     Message from inside C component Advertise() method
20260926 073431.147 INFO             PET1     ESMX_Driver: IInitAdvertiseFinish intro.
20260926 073431.147 INFO             PET1       >>>ESMX_Driver: entered Initialize (phase=<none>) with current time: 2012 10 24 18  0  0   0
20260926 073431.147 INFO             PET1       <<<ESMX_Driver: leaving Initialize (phase=<none>) with current time: 2012 10 24 18  0  0   0
20260926 073431.147 INFO             PET1     ESMX_Driver: IInitAdvertiseFinish extro.
20260926 073431.147 INFO             PET1     ESMX_Driver: IInitModifyCplLists intro.
20260926 073431.148 INFO             PET1       >>>ESMX_Driver: entered Initialize (phase=<none>) with current time: 2012 10 24 18  0  0   0
20260926 073431.148 INFO             PET1       <<<ESMX_Driver: leaving Initialize (phase=<none>) with current time: 2012 10 24 18  0  0   0
20260926 073431.148 INFO             PET1     ESMX_Driver: IInitModifyCplLists extro.
20260926 073431.148 INFO             PET1     <<<ESMX_Driver: leaving Initialize (phase=<none>) with current time: 2012 10 24 18  0  0   0
20260926 073431.148 INFO             PET1   ESMX_Driver: InitializeIPDv02p1 extro.
20260926 073431.148 INFO             PET1   ESMX_Driver: InitializeIPDv02p3 intro.
20260926 073431.148 INFO             PET1     >>>ESMX_Driver: entered Initialize (phase=<none>) with current time: 2012 10 24 18  0  0   0
20260926 073431.148 INFO             PET1     ESMX_Driver: IInitCheck intro.
20260926 073431.148 INFO             PET1       >>>ESMX_Driver: entered Initialize (phase=<none>) with current time: 2012 10 24 18  0  0   0
20260926 073431.148 INFO             PET1       <<<ESMX_Driver: leaving Initialize (phase=<none>) with current time: 2012 10 24 18  0  0   0
20260926 073431.148 INFO             PET1     ESMX_Driver: IInitCheck extro.
20260926 073431.148 INFO             PET1     ESMX_Driver: IInitRealize intro.
20260926 073431.148 INFO             PET1       >>>ESMX_Driver: entered Initialize (phase=<none>) with current time: 2012 10 24 18  0  0   0
20260926 073431.149 INFO             PET1       <<<ESMX_Driver: leaving Initialize (phase=<none>) with current time: 2012 10 24 18  0  0   0
20260926 073431.149 INFO             PET1     ESMX_Driver: IInitRealize extro.
20260926 073431.149 INFO             PET1     <<<ESMX_Driver: leaving Initialize (phase=<none>) with current time: 2012 10 24 18  0  0   0
20260926 073431.149 INFO             PET1   ESMX_Driver: InitializeIPDv02p3 extro.
20260926 073431.149 INFO             PET1   ESMX_Driver: InitializeIPDv02p5 intro.
20260926 073431.149 INFO             PET1     >>>ESMX_Driver: entered Initialize (phase=<none>) with current time: 2012 10 24 18  0  0   0
20260926 073431.149 INFO             PET1     ESMX_Driver: InitializeIPDv02p5Data intro.
20260926 073431.149 INFO             PET1       >>>ESMX_Driver: entered Initialize (phase=<none>) with current time: 2012 10 24 18  0  0   0
20260926 073431.149 INFO             PET1       ESMX_Driver: InternalInitializeComplete intro.
20260926 073431.149 INFO             PET1         >>>ESMX_Driver: entered Initialize (phase=<none>) with current time: 2012 10 24 18  0  0   0
20260926 073431.149 INFO             PET1         <<<ESMX_Driver: leaving Initialize (phase=<none>) with current time: 2012 10 24 18  0  0   0
20260926 073431.149 INFO             PET1       ESMX_Driver: InternalInitializeComplete extro.
20260926 073431.151 INFO             PET1       ESMX_Driver: loopDataDependentInitialize intro.
20260926 073431.151 INFO             PET1         >>>ESMX_Driver: entered Initialize (phase=<none>) with current time: 2012 10 24 18  0  0   0
20260926 073431.151 INFO             PET1         <<<ESMX_Driver: leaving Initialize (phase=<none>) with current time: 2012 10 24 18  0  0   0
20260926 073431.151 INFO             PET1       ESMX_Driver: loopDataDependentInitialize extro.
20260926 073431.151 INFO             PET1       <<<ESMX_Driver: leaving Initialize (phase=<none>) with current time: 2012 10 24 18  0  0   0
20260926 073431.152 INFO             PET1     ESMX_Driver: InitializeIPDv02p5Data extro.
20260926 073431.152 INFO             PET1     <<<ESMX_Driver: leaving Initialize (phase=<none>) with current time: 2012 10 24 18  0  0   0
20260926 073431.152 INFO             PET1   ESMX_Driver: InitializeIPDv02p5 extro.
20260926 073431.152 INFO             PET1   <<<ESMX_Driver: leaving Initialize (phase=<none>) with current time: 2012 10 24 18  0  0   0
20260926 073431.152 INFO             PET1 ESMX_Driver: InitializeGeneric extro.
20260926 073431.152 INFO             PET1 ESMX_Driver: Run intro.
20260926 073431.152 INFO             PET1   >>>ESMX_Driver: entered Run (phase=RunPhase1) with current time: 2012 10 24 18  0  0   0
20260926 073431.152 INFO             PET1   Message from inside C component Advance() method
20260926 073431.152 INFO             PET1   <<<ESMX_Driver: leaving Run (phase=RunPhase1) with current time: 2012 10 24 19  0  0   0
20260926 073431.152 INFO             PET1 ESMX_Driver: Run extro.
20260926 073431.152 INFO             PET1 ESMX_Driver: Finalize intro.
20260926 073431.152 INFO             PET1   >>>ESMX_Driver: entered Finalize (phase=FinalizePhase1) with current time: 2012 10 24 19  0  0   0
20260926 073431.152 INFO             PET1   Calling Finalize phase 1 for modelComp: MDL
20260926 073431.152 INFO             PET1   Delete modelComp: MDL
20260926 073431.153 INFO             PET1   <<<ESMX_Driver: leaving Finalize (phase=FinalizePhase1) with current time: 2012 10 24 19  0  0   0
20260926 073431.153 INFO             PET1 ESMX_Driver: Finalize extro.
20260926 073431.153 INFO             PET1 =============================================
20260926 073431.153 INFO             PET1 ESMX (Earth System Model eXecutable) FINISHED
20260926 073431.153 INFO             PET1 =============================================
20260926 073431.153 INFO             PET1  Finalizing ESMF
20260926 073430.765 INFO             PET2 !!!!!!!!!!!!!!!!!!!!!!!!!!!!!!!!!!!!!!!!!!!!!!!!!!!!!!
20260926 073430.771 INFO             PET2 !!! THE ESMF_LOG IS SET TO OUTPUT ALL LOG MESSAGES !!!
20260926 073430.771 INFO             PET2 !!!     THIS MAY CAUSE SLOWDOWN IN PERFORMANCE     !!!
20260926 073430.771 INFO             PET2 !!! FOR PRODUCTION RUNS, USE:                      !!!
20260926 073430.771 INFO             PET2 !!!                   ESMF_LOGKIND_Multi_On_Error  !!!
20260926 073430.771 INFO             PET2 !!!!!!!!!!!!!!!!!!!!!!!!!!!!!!!!!!!!!!!!!!!!!!!!!!!!!!
20260926 073430.771 INFO             PET2 Running with ESMF Version   : v9.0.0b19
20260926 073430.771 INFO             PET2 ESMF library build date/time: "Sep 25 2026" "21:31:54"
20260926 073430.771 INFO             PET2 ESMF library build location : /Users/sacks/projects/scratch/esmf-testing/gfortranclang_12.2.0_14.0.0_openmpi_g_develop/esmf
20260926 073430.771 INFO             PET2 ESMF_COMM                   : openmpi
20260926 073430.771 INFO             PET2 ESMF_MOAB                   : enabled
20260926 073430.771 INFO             PET2 ESMF_LAPACK                 : enabled
20260926 073430.771 INFO             PET2 ESMF_NETCDF                 : enabled
20260926 073430.771 INFO             PET2 ESMF_PNETCDF                : disabled
20260926 073430.771 INFO             PET2 ESMF_PIO                    : enabled
20260926 073430.771 INFO             PET2 ESMF_YAMLCPP                : enabled
20260926 073430.784 INFO             PET2 =============================================
20260926 073430.784 INFO             PET2 ESMX (Earth System Model eXecutable) STARTING
20260926 073430.784 INFO             PET2 =============================================
20260926 073430.861 DEBUG            PET2 Generic SetVM() is executing for: ESMX_Driver
20260926 073430.866 DEBUG            PET2 Generic SetVM() found no NUOPC Hint for: ESMX_Driver
20260926 073430.866 DEBUG            PET2 Generic SetVM() therefore is NOT calling ESMF_GridCompSetVMMaxPEs() for: ESMX_Driver
20260926 073430.887 INFO             PET2 ESMX_Driver: InitializeGeneric intro.
20260926 073430.887 INFO             PET2   >>>ESMX_Driver: entered Initialize (phase=<none>) without valid internal Clock.
20260926 073430.887 INFO             PET2   ESMX_Driver: InitializeP0 intro.
20260926 073430.887 INFO             PET2     >>>ESMX_Driver: entered Initialize (phase=<none>) without valid internal Clock.
20260926 073430.887 INFO             PET2     <<<ESMX_Driver: leaving Initialize (phase=<none>) without valid internal Clock.
20260926 073430.887 INFO             PET2   ESMX_Driver: InitializeP0 extro.
20260926 073430.887 INFO             PET2   ESMX_Driver: InitializeIPDv02p1 intro.
20260926 073430.888 INFO             PET2     >>>ESMX_Driver: entered Initialize (phase=<none>) without valid internal Clock.
20260926 073430.890 INFO             PET2     ESMX_Driver - Creating model component MDL without petList.
20260926 073431.137 DEBUG            PET2     Generic SetVM() is executing for: MDL
20260926 073431.137 DEBUG            PET2     Generic SetVM() found no NUOPC Hint for: MDL
20260926 073431.137 DEBUG            PET2     Generic SetVM() therefore is NOT calling ESMF_GridCompSetVMMaxPEs() for: MDL
20260926 073431.146 INFO             PET2     ESMX_Driver: IInitAdvertise intro.
20260926 073431.146 INFO             PET2       >>>ESMX_Driver: entered Initialize (phase=<none>) with current time: 2012 10 24 18  0  0   0
20260926 073431.146 INFO             PET2       <<<ESMX_Driver: leaving Initialize (phase=<none>) with current time: 2012 10 24 18  0  0   0
20260926 073431.146 INFO             PET2     ESMX_Driver: IInitAdvertise extro.
20260926 073431.146 INFO             PET2     Message from inside C component Advertise() method
20260926 073431.147 INFO             PET2     ESMX_Driver: IInitAdvertiseFinish intro.
20260926 073431.147 INFO             PET2       >>>ESMX_Driver: entered Initialize (phase=<none>) with current time: 2012 10 24 18  0  0   0
20260926 073431.147 INFO             PET2       <<<ESMX_Driver: leaving Initialize (phase=<none>) with current time: 2012 10 24 18  0  0   0
20260926 073431.147 INFO             PET2     ESMX_Driver: IInitAdvertiseFinish extro.
20260926 073431.148 INFO             PET2     ESMX_Driver: IInitModifyCplLists intro.
20260926 073431.148 INFO             PET2       >>>ESMX_Driver: entered Initialize (phase=<none>) with current time: 2012 10 24 18  0  0   0
20260926 073431.148 INFO             PET2       <<<ESMX_Driver: leaving Initialize (phase=<none>) with current time: 2012 10 24 18  0  0   0
20260926 073431.148 INFO             PET2     ESMX_Driver: IInitModifyCplLists extro.
20260926 073431.148 INFO             PET2     <<<ESMX_Driver: leaving Initialize (phase=<none>) with current time: 2012 10 24 18  0  0   0
20260926 073431.148 INFO             PET2   ESMX_Driver: InitializeIPDv02p1 extro.
20260926 073431.148 INFO             PET2   ESMX_Driver: InitializeIPDv02p3 intro.
20260926 073431.148 INFO             PET2     >>>ESMX_Driver: entered Initialize (phase=<none>) with current time: 2012 10 24 18  0  0   0
20260926 073431.148 INFO             PET2     ESMX_Driver: IInitCheck intro.
20260926 073431.148 INFO             PET2       >>>ESMX_Driver: entered Initialize (phase=<none>) with current time: 2012 10 24 18  0  0   0
20260926 073431.148 INFO             PET2       <<<ESMX_Driver: leaving Initialize (phase=<none>) with current time: 2012 10 24 18  0  0   0
20260926 073431.148 INFO             PET2     ESMX_Driver: IInitCheck extro.
20260926 073431.149 INFO             PET2     ESMX_Driver: IInitRealize intro.
20260926 073431.149 INFO             PET2       >>>ESMX_Driver: entered Initialize (phase=<none>) with current time: 2012 10 24 18  0  0   0
20260926 073431.149 INFO             PET2       <<<ESMX_Driver: leaving Initialize (phase=<none>) with current time: 2012 10 24 18  0  0   0
20260926 073431.149 INFO             PET2     ESMX_Driver: IInitRealize extro.
20260926 073431.149 INFO             PET2     <<<ESMX_Driver: leaving Initialize (phase=<none>) with current time: 2012 10 24 18  0  0   0
20260926 073431.149 INFO             PET2   ESMX_Driver: InitializeIPDv02p3 extro.
20260926 073431.149 INFO             PET2   ESMX_Driver: InitializeIPDv02p5 intro.
20260926 073431.149 INFO             PET2     >>>ESMX_Driver: entered Initialize (phase=<none>) with current time: 2012 10 24 18  0  0   0
20260926 073431.149 INFO             PET2     ESMX_Driver: InitializeIPDv02p5Data intro.
20260926 073431.149 INFO             PET2       >>>ESMX_Driver: entered Initialize (phase=<none>) with current time: 2012 10 24 18  0  0   0
20260926 073431.149 INFO             PET2       ESMX_Driver: InternalInitializeComplete intro.
20260926 073431.150 INFO             PET2         >>>ESMX_Driver: entered Initialize (phase=<none>) with current time: 2012 10 24 18  0  0   0
20260926 073431.150 INFO             PET2         <<<ESMX_Driver: leaving Initialize (phase=<none>) with current time: 2012 10 24 18  0  0   0
20260926 073431.150 INFO             PET2       ESMX_Driver: InternalInitializeComplete extro.
20260926 073431.151 INFO             PET2       ESMX_Driver: loopDataDependentInitialize intro.
20260926 073431.151 INFO             PET2         >>>ESMX_Driver: entered Initialize (phase=<none>) with current time: 2012 10 24 18  0  0   0
20260926 073431.151 INFO             PET2         <<<ESMX_Driver: leaving Initialize (phase=<none>) with current time: 2012 10 24 18  0  0   0
20260926 073431.151 INFO             PET2       ESMX_Driver: loopDataDependentInitialize extro.
20260926 073431.151 INFO             PET2       <<<ESMX_Driver: leaving Initialize (phase=<none>) with current time: 2012 10 24 18  0  0   0
20260926 073431.151 INFO             PET2     ESMX_Driver: InitializeIPDv02p5Data extro.
20260926 073431.151 INFO             PET2     <<<ESMX_Driver: leaving Initialize (phase=<none>) with current time: 2012 10 24 18  0  0   0
20260926 073431.151 INFO             PET2   ESMX_Driver: InitializeIPDv02p5 extro.
20260926 073431.152 INFO             PET2   <<<ESMX_Driver: leaving Initialize (phase=<none>) with current time: 2012 10 24 18  0  0   0
20260926 073431.152 INFO             PET2 ESMX_Driver: InitializeGeneric extro.
20260926 073431.152 INFO             PET2 ESMX_Driver: Run intro.
20260926 073431.152 INFO             PET2   >>>ESMX_Driver: entered Run (phase=RunPhase1) with current time: 2012 10 24 18  0  0   0
20260926 073431.152 INFO             PET2   Message from inside C component Advance() method
20260926 073431.152 INFO             PET2   <<<ESMX_Driver: leaving Run (phase=RunPhase1) with current time: 2012 10 24 19  0  0   0
20260926 073431.152 INFO             PET2 ESMX_Driver: Run extro.
20260926 073431.152 INFO             PET2 ESMX_Driver: Finalize intro.
20260926 073431.152 INFO             PET2   >>>ESMX_Driver: entered Finalize (phase=FinalizePhase1) with current time: 2012 10 24 19  0  0   0
20260926 073431.152 INFO             PET2   Calling Finalize phase 1 for modelComp: MDL
20260926 073431.152 INFO             PET2   Delete modelComp: MDL
20260926 073431.152 INFO             PET2   <<<ESMX_Driver: leaving Finalize (phase=FinalizePhase1) with current time: 2012 10 24 19  0  0   0
20260926 073431.152 INFO             PET2 ESMX_Driver: Finalize extro.
20260926 073431.152 INFO             PET2 =============================================
20260926 073431.152 INFO             PET2 ESMX (Earth System Model eXecutable) FINISHED
20260926 073431.152 INFO             PET2 =============================================
20260926 073431.152 INFO             PET2  Finalizing ESMF
20260926 073430.764 INFO             PET3 !!!!!!!!!!!!!!!!!!!!!!!!!!!!!!!!!!!!!!!!!!!!!!!!!!!!!!
20260926 073430.774 INFO             PET3 !!! THE ESMF_LOG IS SET TO OUTPUT ALL LOG MESSAGES !!!
20260926 073430.774 INFO             PET3 !!!     THIS MAY CAUSE SLOWDOWN IN PERFORMANCE     !!!
20260926 073430.774 INFO             PET3 !!! FOR PRODUCTION RUNS, USE:                      !!!
20260926 073430.774 INFO             PET3 !!!                   ESMF_LOGKIND_Multi_On_Error  !!!
20260926 073430.774 INFO             PET3 !!!!!!!!!!!!!!!!!!!!!!!!!!!!!!!!!!!!!!!!!!!!!!!!!!!!!!
20260926 073430.774 INFO             PET3 Running with ESMF Version   : v9.0.0b19
20260926 073430.774 INFO             PET3 ESMF library build date/time: "Sep 25 2026" "21:31:54"
20260926 073430.774 INFO             PET3 ESMF library build location : /Users/sacks/projects/scratch/esmf-testing/gfortranclang_12.2.0_14.0.0_openmpi_g_develop/esmf
20260926 073430.774 INFO             PET3 ESMF_COMM                   : openmpi
20260926 073430.774 INFO             PET3 ESMF_MOAB                   : enabled
20260926 073430.774 INFO             PET3 ESMF_LAPACK                 : enabled
20260926 073430.774 INFO             PET3 ESMF_NETCDF                 : enabled
20260926 073430.774 INFO             PET3 ESMF_PNETCDF                : disabled
20260926 073430.774 INFO             PET3 ESMF_PIO                    : enabled
20260926 073430.774 INFO             PET3 ESMF_YAMLCPP                : enabled
20260926 073430.784 INFO             PET3 =============================================
20260926 073430.784 INFO             PET3 ESMX (Earth System Model eXecutable) STARTING
20260926 073430.784 INFO             PET3 =============================================
20260926 073430.858 DEBUG            PET3 Generic SetVM() is executing for: ESMX_Driver
20260926 073430.862 DEBUG            PET3 Generic SetVM() found no NUOPC Hint for: ESMX_Driver
20260926 073430.862 DEBUG            PET3 Generic SetVM() therefore is NOT calling ESMF_GridCompSetVMMaxPEs() for: ESMX_Driver
20260926 073430.887 INFO             PET3 ESMX_Driver: InitializeGeneric intro.
20260926 073430.887 INFO             PET3   >>>ESMX_Driver: entered Initialize (phase=<none>) without valid internal Clock.
20260926 073430.887 INFO             PET3   ESMX_Driver: InitializeP0 intro.
20260926 073430.887 INFO             PET3     >>>ESMX_Driver: entered Initialize (phase=<none>) without valid internal Clock.
20260926 073430.887 INFO             PET3     <<<ESMX_Driver: leaving Initialize (phase=<none>) without valid internal Clock.
20260926 073430.887 INFO             PET3   ESMX_Driver: InitializeP0 extro.
20260926 073430.887 INFO             PET3   ESMX_Driver: InitializeIPDv02p1 intro.
20260926 073430.887 INFO             PET3     >>>ESMX_Driver: entered Initialize (phase=<none>) without valid internal Clock.
20260926 073430.890 INFO             PET3     ESMX_Driver - Creating model component MDL without petList.
20260926 073431.136 DEBUG            PET3     Generic SetVM() is executing for: MDL
20260926 073431.136 DEBUG            PET3     Generic SetVM() found no NUOPC Hint for: MDL
20260926 073431.136 DEBUG            PET3     Generic SetVM() therefore is NOT calling ESMF_GridCompSetVMMaxPEs() for: MDL
20260926 073431.146 INFO             PET3     ESMX_Driver: IInitAdvertise intro.
20260926 073431.146 INFO             PET3       >>>ESMX_Driver: entered Initialize (phase=<none>) with current time: 2012 10 24 18  0  0   0
20260926 073431.146 INFO             PET3       <<<ESMX_Driver: leaving Initialize (phase=<none>) with current time: 2012 10 24 18  0  0   0
20260926 073431.146 INFO             PET3     ESMX_Driver: IInitAdvertise extro.
20260926 073431.146 INFO             PET3     Message from inside C component Advertise() method
20260926 073431.147 INFO             PET3     ESMX_Driver: IInitAdvertiseFinish intro.
20260926 073431.147 INFO             PET3       >>>ESMX_Driver: entered Initialize (phase=<none>) with current time: 2012 10 24 18  0  0   0
20260926 073431.147 INFO             PET3       <<<ESMX_Driver: leaving Initialize (phase=<none>) with current time: 2012 10 24 18  0  0   0
20260926 073431.147 INFO             PET3     ESMX_Driver: IInitAdvertiseFinish extro.
20260926 073431.147 INFO             PET3     ESMX_Driver: IInitModifyCplLists intro.
20260926 073431.147 INFO             PET3       >>>ESMX_Driver: entered Initialize (phase=<none>) with current time: 2012 10 24 18  0  0   0
20260926 073431.148 INFO             PET3       <<<ESMX_Driver: leaving Initialize (phase=<none>) with current time: 2012 10 24 18  0  0   0
20260926 073431.148 INFO             PET3     ESMX_Driver: IInitModifyCplLists extro.
20260926 073431.148 INFO             PET3     <<<ESMX_Driver: leaving Initialize (phase=<none>) with current time: 2012 10 24 18  0  0   0
20260926 073431.148 INFO             PET3   ESMX_Driver: InitializeIPDv02p1 extro.
20260926 073431.148 INFO             PET3   ESMX_Driver: InitializeIPDv02p3 intro.
20260926 073431.148 INFO             PET3     >>>ESMX_Driver: entered Initialize (phase=<none>) with current time: 2012 10 24 18  0  0   0
20260926 073431.148 INFO             PET3     ESMX_Driver: IInitCheck intro.
20260926 073431.148 INFO             PET3       >>>ESMX_Driver: entered Initialize (phase=<none>) with current time: 2012 10 24 18  0  0   0
20260926 073431.148 INFO             PET3       <<<ESMX_Driver: leaving Initialize (phase=<none>) with current time: 2012 10 24 18  0  0   0
20260926 073431.148 INFO             PET3     ESMX_Driver: IInitCheck extro.
20260926 073431.148 INFO             PET3     ESMX_Driver: IInitRealize intro.
20260926 073431.149 INFO             PET3       >>>ESMX_Driver: entered Initialize (phase=<none>) with current time: 2012 10 24 18  0  0   0
20260926 073431.149 INFO             PET3       <<<ESMX_Driver: leaving Initialize (phase=<none>) with current time: 2012 10 24 18  0  0   0
20260926 073431.149 INFO             PET3     ESMX_Driver: IInitRealize extro.
20260926 073431.149 INFO             PET3     <<<ESMX_Driver: leaving Initialize (phase=<none>) with current time: 2012 10 24 18  0  0   0
20260926 073431.149 INFO             PET3   ESMX_Driver: InitializeIPDv02p3 extro.
20260926 073431.149 INFO             PET3   ESMX_Driver: InitializeIPDv02p5 intro.
20260926 073431.149 INFO             PET3     >>>ESMX_Driver: entered Initialize (phase=<none>) with current time: 2012 10 24 18  0  0   0
20260926 073431.149 INFO             PET3     ESMX_Driver: InitializeIPDv02p5Data intro.
20260926 073431.149 INFO             PET3       >>>ESMX_Driver: entered Initialize (phase=<none>) with current time: 2012 10 24 18  0  0   0
20260926 073431.149 INFO             PET3       ESMX_Driver: InternalInitializeComplete intro.
20260926 073431.149 INFO             PET3         >>>ESMX_Driver: entered Initialize (phase=<none>) with current time: 2012 10 24 18  0  0   0
20260926 073431.149 INFO             PET3         <<<ESMX_Driver: leaving Initialize (phase=<none>) with current time: 2012 10 24 18  0  0   0
20260926 073431.149 INFO             PET3       ESMX_Driver: InternalInitializeComplete extro.
20260926 073431.151 INFO             PET3       ESMX_Driver: loopDataDependentInitialize intro.
20260926 073431.151 INFO             PET3         >>>ESMX_Driver: entered Initialize (phase=<none>) with current time: 2012 10 24 18  0  0   0
20260926 073431.151 INFO             PET3         <<<ESMX_Driver: leaving Initialize (phase=<none>) with current time: 2012 10 24 18  0  0   0
20260926 073431.151 INFO             PET3       ESMX_Driver: loopDataDependentInitialize extro.
20260926 073431.151 INFO             PET3       <<<ESMX_Driver: leaving Initialize (phase=<none>) with current time: 2012 10 24 18  0  0   0
20260926 073431.151 INFO             PET3     ESMX_Driver: InitializeIPDv02p5Data extro.
20260926 073431.151 INFO             PET3     <<<ESMX_Driver: leaving Initialize (phase=<none>) with current time: 2012 10 24 18  0  0   0
20260926 073431.151 INFO             PET3   ESMX_Driver: InitializeIPDv02p5 extro.
20260926 073431.152 INFO             PET3   <<<ESMX_Driver: leaving Initialize (phase=<none>) with current time: 2012 10 24 18  0  0   0
20260926 073431.152 INFO             PET3 ESMX_Driver: InitializeGeneric extro.
20260926 073431.152 INFO             PET3 ESMX_Driver: Run intro.
20260926 073431.152 INFO             PET3   >>>ESMX_Driver: entered Run (phase=RunPhase1) with current time: 2012 10 24 18  0  0   0
20260926 073431.152 INFO             PET3   Message from inside C component Advance() method
20260926 073431.152 INFO             PET3   <<<ESMX_Driver: leaving Run (phase=RunPhase1) with current time: 2012 10 24 19  0  0   0
20260926 073431.152 INFO             PET3 ESMX_Driver: Run extro.
20260926 073431.152 INFO             PET3 ESMX_Driver: Finalize intro.
20260926 073431.152 INFO             PET3   >>>ESMX_Driver: entered Finalize (phase=FinalizePhase1) with current time: 2012 10 24 19  0  0   0
20260926 073431.152 INFO             PET3   Calling Finalize phase 1 for modelComp: MDL
20260926 073431.153 INFO             PET3   Delete modelComp: MDL
20260926 073431.153 INFO             PET3   <<<ESMX_Driver: leaving Finalize (phase=FinalizePhase1) with current time: 2012 10 24 19  0  0   0
20260926 073431.153 INFO             PET3 ESMX_Driver: Finalize extro.
20260926 073431.153 INFO             PET3 =============================================
20260926 073431.153 INFO             PET3 ESMX (Earth System Model eXecutable) FINISHED
20260926 073431.153 INFO             PET3 =============================================
20260926 073431.153 INFO             PET3  Finalizing ESMF
