2026-09-03 00:37:48
20260903 010955.083 INFO             PET0 !!!!!!!!!!!!!!!!!!!!!!!!!!!!!!!!!!!!!!!!!!!!!!!!!!!!!!
20260903 010955.084 INFO             PET0 !!! THE ESMF_LOG IS SET TO OUTPUT ALL LOG MESSAGES !!!
20260903 010955.084 INFO             PET0 !!!     THIS MAY CAUSE SLOWDOWN IN PERFORMANCE     !!!
20260903 010955.084 INFO             PET0 !!! FOR PRODUCTION RUNS, USE:                      !!!
20260903 010955.084 INFO             PET0 !!!                   ESMF_LOGKIND_Multi_On_Error  !!!
20260903 010955.084 INFO             PET0 !!!!!!!!!!!!!!!!!!!!!!!!!!!!!!!!!!!!!!!!!!!!!!!!!!!!!!
20260903 010955.084 INFO             PET0 Running with ESMF Version   : develop+g4161bf9d44
20260903 010955.084 INFO             PET0 ESMF library build date/time: "Sep  3 2026" "00:35:54"
20260903 010955.084 INFO             PET0 ESMF library build location : /project/esmf/ESMF-Nightly-Testing-Bighorn/gfortran_8.2.0_mpiuni_O_develop/esmf
20260903 010955.084 INFO             PET0 ESMF_COMM                   : mpiuni
20260903 010955.084 INFO             PET0 ESMF_MOAB                   : enabled
20260903 010955.084 INFO             PET0 ESMF_LAPACK                 : enabled
20260903 010955.084 INFO             PET0 ESMF_NETCDF                 : enabled
20260903 010955.084 INFO             PET0 ESMF_PNETCDF                : disabled
20260903 010955.084 INFO             PET0 ESMF_PIO                    : enabled
20260903 010955.084 INFO             PET0 ESMF_YAMLCPP                : enabled
20260903 010955.087 INFO             PET0  NUMBER_OF_PROCESSORS           1
20260903 010955.087 INFO             PET0  PASS  Example ESMF_FieldArbGridEx, ESMF_FieldArbGridEx.F90, line 243
20260903 010955.087 INFO             PET0  Finalizing ESMF
