2026-09-17 20:55:40
--- ESMCI::Array::print start ---
 Base name    = Array002
 Status: Base = Ready,  object = Ready
 Proxy        = no
 Root Info (Attributes):
--- ESMCI::Array::print start ---
 Base name    = Array002
 Status: Base = Ready,  object = Ready
 Proxy        = no
 Root Info (Attributes):
{
  "ESMF": {
    "Instance": {
--- ESMCI::Array::print start ---
 Base name    = Array002
 Status: Base = Ready,  object = Ready
 Proxy        = no
 Root Info (Attributes):
{
  "ESMF": {
    "Instance": {
      "NamedAliasCount": 0
{
  "ESMF": {
    "Instance": {
      "NamedAliasCount": 0
    }
      "NamedAliasCount": 0
    }
  }
    }
  }
--- ESMCI::Array::print start ---
 Base name    = Array002
  }
}Array typekind/rank: Real*8 / 2 
}Array typekind/rank: Real*8 / 2 
}Array typekind/rank: Real*8 / 2 
 Status: Base = Ready,  object = Ready
~ lower class' values ~
DistGrid dimCount = 2
~ lower class' values ~
DistGrid dimCount = 2
~ lower class' values ~
DistGrid dimCount = 2
deCount = 4
localDeCount = 1
~ local data in LocalArray for DE 3 ~
LocalArrayPrint: Array at address 0x13b70a550:
            rank = 2, typekind = 6, base_addr = 0x102313330
            dim[0] = 2  dim[1] = 2  
  Real, *8, Dim 2, Data values:
( 1, 1) =  103
( 2, 1) =  103
( 1, 2) =  103
( 2, 2) =  103
--- ESMCI::Array::print end ---
--- ESMCI::Array::print start ---
 Base name    = Array003
 Status: Base = Ready,  object = Ready
 Proxy        = no
 Root Info (Attributes):
{
 Proxy        = no
 Root Info (Attributes):
{
  "ESMF": {
    "Instance": {
      "NamedAliasCount": 0
    }
  }
deCount = 4
localDeCount = 1
~ local data in LocalArray for DE 1 ~
LocalArrayPrint: Array at address 0x124f159e0:
            rank = 2, typekind = 6, base_addr = 0x10639f330
            dim[0] = 2  dim[1] = 2  
  Real, *8, Dim 2, Data values:
( 1, 1) =  101
( 2, 1) =  101
( 1, 2) =  101
( 2, 2) =  101
--- ESMCI::Array::print end ---
--- ESMCI::Array::print start ---
 Base name    = Array003
 Status: Base = Ready,  object = Ready
 Proxy        = no
 Root Info (Attributes):
{
  "ESMF": {
    "Instance": {
      "NamedAliasCount": 0
    }
deCount = 4
localDeCount = 1
~ local data in LocalArray for DE 0 ~
LocalArrayPrint: Array at address 0x145f04e00:
            rank = 2, typekind = 6, base_addr = 0x1018eb330
            dim[0] = 2  dim[1] = 2  
  Real, *8, Dim 2, Data values:
( 1, 1) =  100
( 2, 1) =  100
( 1, 2) =  100
( 2, 2) =  100
--- ESMCI::Array::print end ---
--- ESMCI::Array::print start ---
 Base name    = Array003
 Status: Base = Ready,  object = Ready
 Proxy        = no
 Root Info (Attributes):
{
  "ESMF": {
    "Instance": {
      "NamedAliasCount": 0
    }
  "ESMF": {
    "Instance": {
      "NamedAliasCount": 0
    }
  }
}  }
}  }
}}Array typekind/rank: Real*8 / 2 
Array typekind/rank: Real*8 / 2 
~ lower class' values ~
DistGrid dimCount = 2
deCount = 4
localDeCount = 1
~ local data in LocalArray for DE 1 ~
~ lower class' values ~
DistGrid dimCount = 2
Array typekind/rank: Real*8 / 2 
~ lower class' values ~
DistGrid dimCount = 2
deCount = 4
localDeCount = 1
~ local data in LocalArray for DE 3 ~
LocalArrayPrint: Array at address 0x13b70a880:
            rank = 2, typekind = 6, base_addr = 0x102313360
            dim[0] = 2  dim[1] = 2  
  Real, *8, Dim 2, Data values:
( 1, 1) =  203
( 2, 1) =  203
( 1, 2) =  203
( 2, 2) =  203
--- ESMCI::Array::print end ---
--- ESMCI::Array::print start ---
 Base name    = Array004
Array typekind/rank: Real*8 / 2 
~ lower class' values ~
DistGrid dimCount = 2
deCount = 4
localDeCount = 1
~ local data in LocalArray for DE 0 ~
LocalArrayPrint: Array at address 0x145f05150:
            rank = 2, typekind = 6, base_addr = 0x1018eb360
            dim[0] = 2  dim[1] = 2  
  Real, *8, Dim 2, Data values:
( 1, 1) =  200
( 2, 1) =  200
( 1, 2) =  200
( 2, 2) =  200
--- ESMCI::Array::print end ---
--- ESMCI::Array::print start ---
 Base name    = Array004
 Status: Base = Ready,  object = Ready
 Proxy        = no
LocalArrayPrint: Array at address 0x124f15d30:
            rank = 2, typekind = 6, base_addr = 0x10639f360
            dim[0] = 2  dim[1] = 2  
  Real, *8, Dim 2, Data values:
( 1, 1) =  201
( 2, 1) =  201
( 1, 2) =  201
( 2, 2) =  201
--- ESMCI::Array::print end ---
--- ESMCI::Array::print start ---
 Base name    = Array004
 Status: Base = Ready,  object = Ready
 Proxy        = no
 Root Info (Attributes):
{
  "ESMF": {
deCount = 4
localDeCount = 1
~ local data in LocalArray for DE 2 ~
LocalArrayPrint: Array at address 0x116b045d0:
            rank = 2, typekind = 6, base_addr = 0x101ba7330
            dim[0] = 2  dim[1] = 2  
 Status: Base = Ready,  object = Ready
 Proxy        = no
 Root Info (Attributes):
{
    "Instance": {
      "NamedAliasCount": 0
  Real, *8, Dim 2, Data values:
 Root Info (Attributes):
{
  "ESMF": {
    "Instance": {
      "NamedAliasCount": 0
    }
  }
}Array typekind/rank: Real*8 / 2 
~ lower class' values ~
DistGrid dimCount = 2
deCount = 4
localDeCount = 1
~ local data in LocalArray for DE 1 ~
LocalArrayPrint: Array at address 0x124f16060:
            rank = 2, typekind = 6, base_addr = 0x10639f390
            dim[0] = 4  dim[1] = 4  
  Real, *8, Dim 2, Data values:
  "ESMF": {
    "Instance": {
      "NamedAliasCount": 0
    }
  }
}Array typekind/rank: Real*8 / 2 
~ lower class' values ~
DistGrid dimCount = 2
deCount = 4
localDeCount = 1
    }
  }
}Array typekind/rank: Real*8 / 2 
~ lower class' values ~
DistGrid dimCount = 2
deCount = 4
localDeCount = 1
~ local data in LocalArray for DE 0 ~
LocalArrayPrint: Array at address 0x145f05480:
            rank = 2, typekind = 6, base_addr = 0x1018eb390
            dim[0] = 4  dim[1] = 4  
  Real, *8, Dim 2, Data values:
( 1, 1) =  102
( 2, 1) =  102
( 1, 2) =  102
( 2, 2) =  102
--- ESMCI::Array::print end ---
--- ESMCI::Array::print start ---
 Base name    = Array003
( 0, 0) =  301
( 1, 0) =  301
( 2, 0) =  301
~ local data in LocalArray for DE 3 ~
LocalArrayPrint: Array at address 0x13b70abb0:
            rank = 2, typekind = 6, base_addr = 0x102313390
( 0, 0) =  300
( 1, 0) =  300
( 2, 0) =  300
( 3, 0) =  301
( 0, 1) =  300
            dim[0] = 4  dim[1] = 4  
  Real, *8, Dim 2, Data values:
( 0, 0) =  300
( 1, 0) =  301
( 3, 0) =  300
( 0, 1) =  300
( 1, 1) =  300
( 2, 1) =  300
 Status: Base = Ready,  object = Ready
 Proxy        = no
 Root Info (Attributes):
( 1, 1) =  301
( 2, 1) =  301
( 3, 1) =  301
( 0, 2) =  300
( 1, 2) =  301
( 2, 2) =  301
( 3, 2) =  301
( 0, 3) =  302
( 1, 3) =  303
( 2, 3) =  303
( 3, 3) =  301
--- ESMCI::Array::print end ---
--- ESMCI::Array::print start ---
 Base name    = Array005
 Status: Base = Ready,  object = Ready
 Proxy        = no
 Root Info (Attributes):
( 2, 0) =  301
( 3, 0) =  303
( 0, 1) =  302
( 1, 1) =  303
( 2, 1) =  303
( 3, 1) =  303
( 0, 2) =  302
( 1, 2) =  303
( 2, 2) =  303
( 3, 2) =  303
( 0, 3) =  303
( 1, 3) =  303
( 2, 3) =  303
( 3, 3) =  303
--- ESMCI::Array::print end ---
( 3, 1) =  301
( 0, 2) =  300
( 1, 2) =  300
( 2, 2) =  300
( 3, 2) =  301
( 0, 3) =  300
( 1, 3) =  302
( 2, 3) =  302
( 3, 3) =  303
--- ESMCI::Array::print end ---
--- ESMCI::Array::print start ---
 Base name    = Array005
 Status: Base = Ready,  object = Ready
 Proxy        = no
 Root Info (Attributes):
{
  "ESMF": {
    "Instance": {
      "NamedAliasCount": 0
    }
  }
{
  "ESMF": {
--- ESMCI::Array::print start ---
 Base name    = Array005
{
}  "ESMF": {
    "Instance": {
      "NamedAliasCount": 0
    "Instance": {
      "NamedAliasCount": 0
 Status: Base = Ready,  object = Ready
 Proxy        = no
Array typekind/rank: Real*8 / 2 
~ lower class' values ~
 Root Info (Attributes):
    }
  }
}DistGrid dimCount = 2
deCount = 4
Array typekind/rank: Real*8 / 2 
~ lower class' values ~
localDeCount = 1
~ local data in LocalArray for DE 2 ~
DistGrid dimCount = 2
{
  "ESMF": {
deCount = 4
localDeCount = 1
~ local data in LocalArray for DE 1 ~
LocalArrayPrint: Array at address 0x116a0cb20:
            rank = 2, typekind = 6, base_addr = 0x101ba7360
            dim[0] = 2  dim[1] = 2  
  Real, *8, Dim 2, Data values:
    }
    "Instance": {
LocalArrayPrint: Array at address 0x124f16390:
            rank = 2, typekind = 6, base_addr = 0x10639f420
            dim[0] = 4  dim[1] = 4  
( 1, 1) =  202
( 2, 1) =  202
      "NamedAliasCount": 0
  Real, *8, Dim 2, Data values:
( 1, 2) =  202
( 0, 0) =  401
( 2, 2) =  202
    }
--- ESMCI::Array::print end ---
( 1, 0) =  401
( 2, 0) =  401
--- ESMCI::Array::print start ---
 Base name    = Array004
  }
( 3, 0) =  401
( 0, 1) =  400
 Status: Base = Ready,  object = Ready
 Proxy        = no
}( 1, 1) =  401
( 2, 1) =  401
 Root Info (Attributes):
Array typekind/rank: Real*8 / 2 
( 3, 1) =  401
( 0, 2) =  400
{
  "ESMF": {
~ lower class' values ~
( 1, 2) =  401
( 2, 2) =  401
  }
}    "Instance": {
      "NamedAliasCount": 0
DistGrid dimCount = 2
Array typekind/rank: Real*8 / 2 
( 3, 2) =  401
( 0, 3) =  402
    }
deCount = 4
~ lower class' values ~
DistGrid dimCount = 2
  }
( 1, 3) =  403
}Array typekind/rank: Real*8 / 2 
~ lower class' values ~
DistGrid dimCount = 2
deCount = 4
localDeCount = 1
( 2, 3) =  403
( 3, 3) =  401
--- ESMCI::Array::print end ---
--- ESMCI::Array::print start ---
 Base name    = Array006
 Status: Base = Ready,  object = Ready
 Proxy        = no
deCount = 4
localDeCount = 1
~ local data in LocalArray for DE 0 ~
LocalArrayPrint: Array at address 0x145f057b0:
            rank = 2, typekind = 6, base_addr = 0x1018eb420
            dim[0] = 4  dim[1] = 4  
  Real, *8, Dim 2, Data values:
localDeCount = 1
~ local data in LocalArray for DE 3 ~
LocalArrayPrint: Array at address 0x13b70aee0:
            rank = 2, typekind = 6, base_addr = 0x102313420
~ local data in LocalArray for DE 2 ~
LocalArrayPrint: Array at address 0x116a0ce50:
 Root Info (Attributes):
( 0, 0) =  400
( 1, 0) =  400
            rank = 2, typekind = 6, base_addr = 0x101ba7390
            dim[0] = 4  dim[1] = 4  
{
  "ESMF": {
            dim[0] = 4  dim[1] = 4  
  Real, *8, Dim 2, Data values:
( 2, 0) =  400
( 3, 0) =  400
  Real, *8, Dim 2, Data values:
    "Instance": {
( 0, 0) =  302
( 0, 1) =  400
      "NamedAliasCount": 0
( 1, 0) =  300
( 2, 0) =  300
( 1, 1) =  400
    }
  }
( 0, 0) =  400
( 2, 1) =  400
( 3, 0) =  301
( 0, 1) =  302
( 3, 1) =  401
( 1, 0) =  401
}Array typekind/rank: Real*8 / 2 
( 0, 2) =  400
( 2, 0) =  401
( 1, 1) =  302
( 2, 1) =  302
( 1, 2) =  400
( 2, 2) =  400
( 3, 2) =  401
( 0, 3) =  400
( 1, 3) =  402
( 2, 3) =  402
( 3, 3) =  403
--- ESMCI::Array::print end ---
--- ESMCI::Array::print start ---
 Base name    = Array006
 Status: Base = Ready,  object = Ready
 Proxy        = no
 Root Info (Attributes):
{
  "ESMF": {
    "Instance": {
      "NamedAliasCount": 0
    }
  }
( 3, 0) =  403
( 0, 1) =  402
( 1, 1) =  403
( 2, 1) =  403
( 3, 1) =  403
( 0, 2) =  402
( 1, 2) =  403
( 2, 2) =  403
( 3, 2) =  403
( 3, 1) =  303
( 0, 2) =  302
( 1, 2) =  302
( 2, 2) =  302
( 3, 2) =  303
( 0, 3) =  302
( 1, 3) =  302
( 2, 3) =  302
( 3, 3) =  302
--- ESMCI::Array::print end ---
--- ESMCI::Array::print start ---
 Base name    = Array005
 Status: Base = Ready,  object = Ready
 Proxy        = no
 Root Info (Attributes):
{
  "ESMF": {
    "Instance": {
      "NamedAliasCount": 0
    }
~ lower class' values ~
DistGrid dimCount = 2
deCount = 4
localDeCount = 1
~ local data in LocalArray for DE 1 ~
LocalArrayPrint: Array at address 0x124f166c0:
            rank = 2, typekind = 6, base_addr = 0x10639f4b0
            dim[0] = 4  dim[1] = 3  
  Real, *8, Dim 2, Data values:
( 0, 0) =  501
( 1, 0) =  501
( 2, 0) =  501
( 3, 0) =  501
( 0, 1) =  500
( 1, 1) =  501
( 2, 1) =  501
( 3, 1) =  501
( 0, 2) =  500
( 1, 2) =  501
( 2, 2) =  501
}Array typekind/rank: Real*8 / 2 
~ lower class' values ~
( 0, 3) =  403
  }
}( 3, 2) =  501
--- ESMCI::Array::print end ---
DistGrid dimCount = 2
deCount = 4
( 1, 3) =  403
Array typekind/rank: Real*8 / 2 
~ lower class' values ~
localDeCount = 1
( 2, 3) =  403
( 3, 3) =  403
DistGrid dimCount = 2
deCount = 4
localDeCount = 1
~ local data in LocalArray for DE 2 ~
~ local data in LocalArray for DE 0 ~
LocalArrayPrint: Array at address 0x145f05ae0:
            rank = 2, typekind = 6, base_addr = 0x1018eb4b0
            dim[0] = 4  dim[1] = 3  
  Real, *8, Dim 2, Data values:
  PASS  Example ESMF_ArrayBundleHaloEx, ESMF_ArrayBundleHaloEx.F90, line 172
--- ESMCI::Array::print end ---
LocalArrayPrint: Array at address 0x116a0d180:
            rank = 2, typekind = 6, base_addr = 0x101ba7420
            dim[0] = 4  dim[1] = 4  
( 0, 0) =  500
( 1, 0) =  500
( 2, 0) =  500
  Real, *8, Dim 2, Data values:
( 0, 0) =  402
( 3, 0) =  500
( 0, 1) =  500
( 1, 0) =  400
--- ESMCI::Array::print start ---
( 2, 0) =  400
( 1, 1) =  500
( 2, 1) =  500
( 3, 0) =  401
( 0, 1) =  402
( 3, 1) =  501
( 0, 2) =  500
( 1, 1) =  402
 Base name    = Array006
 Status: Base = Ready,  object = Ready
 Proxy        = no
( 1, 2) =  500
( 2, 2) =  500
( 3, 2) =  501
--- ESMCI::Array::print end ---
  PASS  Example ESMF_ArrayBundleHaloEx, ESMF_ArrayBundleHaloEx.F90, line 172
( 2, 1) =  402
( 3, 1) =  403
( 0, 2) =  402
( 1, 2) =  402
( 2, 2) =  402
( 3, 2) =  403
( 0, 3) =  402
( 1, 3) =  402
( 2, 3) =  402
( 3, 3) =  402
--- ESMCI::Array::print end ---
--- ESMCI::Array::print start ---
 Base name    = Array006
 Status: Base = Ready,  object = Ready
 Proxy        = no
 Root Info (Attributes):
 Root Info (Attributes):
{
  "ESMF": {
    "Instance": {
      "NamedAliasCount": 0
    }
  }
}{
Array typekind/rank: Real*8 / 2 
~ lower class' values ~
  "ESMF": {
    "Instance": {
DistGrid dimCount = 2
deCount = 4
      "NamedAliasCount": 0
localDeCount = 1
    }
~ local data in LocalArray for DE 2 ~
LocalArrayPrint: Array at address 0x116a0d4b0:
  }
}Array typekind/rank: Real*8 / 2 
            rank = 2, typekind = 6, base_addr = 0x101ba74b0
            dim[0] = 4  dim[1] = 3  
~ lower class' values ~
  Real, *8, Dim 2, Data values:
( 0, 0) =  502
DistGrid dimCount = 2
( 1, 0) =  500
( 2, 0) =  500
( 3, 0) =  501
( 0, 1) =  502
deCount = 4
localDeCount = 1
~ local data in LocalArray for DE 3 ~
LocalArrayPrint: Array at address 0x13b70b470:
            rank = 2, typekind = 6, base_addr = 0x1023134b0
( 1, 1) =  502
( 2, 1) =  502
            dim[0] = 4  dim[1] = 3  
  Real, *8, Dim 2, Data values:
( 3, 1) =  503
( 0, 2) =  502
( 0, 0) =  500
( 1, 0) =  501
( 1, 2) =  502
( 2, 2) =  502
( 2, 0) =  501
( 3, 0) =  503
( 0, 1) =  502
( 3, 2) =  503
--- ESMCI::Array::print end ---
( 1, 1) =  503
( 2, 1) =  503
( 3, 1) =  503
( 0, 2) =  502
( 1, 2) =  503
( 2, 2) =  503
  PASS  Example ESMF_ArrayBundleHaloEx, ESMF_ArrayBundleHaloEx.F90, line 172
( 3, 2) =  503
--- ESMCI::Array::print end ---
  PASS  Example ESMF_ArrayBundleHaloEx, ESMF_ArrayBundleHaloEx.F90, line 172
 PASS: ESMF_ArrayBundleHaloEx.F90
 PASS: ESMF_ArrayBundleHaloEx.F90
 PASS: ESMF_ArrayBundleHaloEx.F90
 PASS: ESMF_ArrayBundleHaloEx.F90
