2026-09-13 20:53:47
--- ESMCI::ArrayBundle::print start ---
ArrayBundle: MyArrayBundle
arrayCount = 3
--- ESMCI::ArrayBundle::print start ---
ArrayBundle: MyArrayBundle
arrayCount = 3
Container::print() multipmap:item=0 key=AonFly value=0x157868e00
Container::print() multipmap:item=1 key=Array002 value=0x157867600
Container::print() multipmap:item=2 key=Array003 value=0x157867c00
Container::print()      list:item=0 key=Array002 value=0x157867600
--- ESMCI::ArrayBundle::print start ---
ArrayBundle: MyArrayBundle
arrayCount = 3
Container::print() multipmap:item=0 key=AonFly value=0x13b00c200
Container::print() multipmap:item=1 key=Array002 value=0x13b008800
Container::print() multipmap:item=2 key=Array003 value=0x13b00b000
Container::print()      list:item=0 key=Array002 value=0x13b008800
Container::print()      list:item=1 key=Array003 value=0x13b00b000
Container::print() multipmap:item=0 key=AonFly value=0x139812c00
Container::print() multipmap:item=1 key=Array002 value=0x139811400
Container::print() multipmap:item=2 key=Array003 value=0x139811a00
Container::print()      list:item=0 key=Array002 value=0x139811400
Container::print()      list:item=1 key=Array003 value=0x139811a00
Container::print()      list:item=2 key=AonFly value=0x139812c00
--- ESMCI::ArrayBundle::print end ---
Container::print()      list:item=1 key=Array003 value=0x157867c00
Container::print()      list:item=2 key=AonFly value=0x157868e00
--- ESMCI::ArrayBundle::print end ---
Container::print()      list:item=2 key=AonFly value=0x13b00c200
--- ESMCI::ArrayBundle::print end ---
--- ESMCI::Array::print start ---
--- ESMCI::Array::print start ---
 Base name    = AonFly
 Status: Base = Ready,  object = Ready
--- ESMCI::Array::print start ---
 Base name    = AonFly
 Status: Base = Ready,  object = Ready
 Base name    = AonFly
 Status: Base = Ready,  object = Ready
 Proxy        = no
 Proxy        = no
 Root Info (Attributes):
 Proxy        = no
 Root Info (Attributes):
 Root Info (Attributes):
{
  "ESMF": {
    "Instance": {
{
  "ESMF": {
    "Instance": {
{
  "ESMF": {
    "Instance": {
      "NamedAliasCount": 0
    }
  }
      "NamedAliasCount": 0
    }
  }
}Array typekind/rank: Real*4 / 2 
      "NamedAliasCount": 0
    }
  }
}Array typekind/rank: Real*4 / 2 
~ lower class' values ~
}Array typekind/rank: Real*4 / 2 
~ lower class' values ~
~ lower class' values ~
DistGrid dimCount = 2
DistGrid dimCount = 2
DistGrid dimCount = 2
deCount = 6
deCount = 6
deCount = 6
localDeCount = 1
localDeCount = 2
localDeCount = 2
~ local data in LocalArray for DE 1 ~
~ local data in LocalArray for DE 2 ~
LocalArrayPrint: Array at address 0x139606f70:
~ local data in LocalArray for DE 0 ~
LocalArrayPrint: Array at address 0x13a20c330:
LocalArrayPrint: Array at address 0x157623a70:
            rank = 2, typekind = 5, base_addr = 0x105b07410
            rank = 2, typekind = 5, base_addr = 0x103f4b310
            dim[0] = 3  dim[1] = 2  
            rank = 2, typekind = 5, base_addr = 0x10651f3c0
            dim[0] = 3  dim[1] = 2  
            dim[0] = 2  dim[1] = 2  
  Real, *4, Dim 2, Data values:
( 1, 1) =  0
  Real, *4, Dim 2, Data values:
( 1, 1) =  0
  Real, *4, Dim 2, Data values:
( 1, 1) =  0
( 2, 1) =  0
( 2, 1) =  0
( 1, 2) =  0
( 2, 1) =  0
( 3, 1) =  0
( 3, 1) =  0
( 1, 2) =  0
( 2, 2) =  0
~ local data in LocalArray for DE 5 ~
LocalArrayPrint: Array at address 0x157623da0:
( 1, 2) =  0
( 2, 2) =  0
( 2, 2) =  0
( 3, 2) =  0
            rank = 2, typekind = 5, base_addr = 0x105b07430
( 3, 2) =  0
--- ESMCI::Array::print end ---
~ local data in LocalArray for DE 4 ~
LocalArrayPrint: Array at address 0x13a20c660:
            dim[0] = 2  dim[1] = 1  
  Real, *4, Dim 2, Data values:
( 1, 1) =  0
--- ESMCI::Array::print start ---
 Base name    = Array002
            rank = 2, typekind = 5, base_addr = 0x10651f3f0
            dim[0] = 3  dim[1] = 1  
( 2, 1) =  0
 Status: Base = Ready,  object = Ready
--- ESMCI::Array::print end ---
--- ESMCI::Array::print start ---
 Proxy        = no
 Root Info (Attributes):
  Real, *4, Dim 2, Data values:
( 1, 1) =  0
( 2, 1) =  0
( 3, 1) =  0
 Base name    = Array002
 Status: Base = Ready,  object = Ready
 Proxy        = no
{
  "ESMF": {
    "Instance": {
--- ESMCI::Array::print end ---
--- ESMCI::Array::print start ---
 Root Info (Attributes):
      "NamedAliasCount": 0
    }
 Base name    = Array002
 Status: Base = Ready,  object = Ready
{
  "ESMF": {
  }
} Proxy        = no
 Root Info (Attributes):
    "Instance": {
Array typekind/rank: Real*8 / 2 
      "NamedAliasCount": 0
~ lower class' values ~
DistGrid dimCount = 2
{
  "ESMF": {
    "Instance": {
    }
  }
deCount = 6
localDeCount = 1
      "NamedAliasCount": 0
    }
}Array typekind/rank: Real*8 / 2 
~ local data in LocalArray for DE 2 ~
LocalArrayPrint: Array at address 0x139605200:
  }
}~ lower class' values ~
DistGrid dimCount = 2
deCount = 6
            rank = 2, typekind = 6, base_addr = 0x103f4b2a0
            dim[0] = 3  dim[1] = 2  
Array typekind/rank: Real*8 / 2 
~ lower class' values ~
localDeCount = 2
~ local data in LocalArray for DE 1 ~
DistGrid dimCount = 2
deCount = 6
LocalArrayPrint: Array at address 0x157621d30:
            rank = 2, typekind = 6, base_addr = 0x105b072e0
localDeCount = 2
~ local data in LocalArray for DE 0 ~
  Real, *8, Dim 2, Data values:
( 1, 1) =  2.18602e-314
( 2, 1) =  6.01347e-154
( 3, 1) =  6.01347e-154
            dim[0] = 2  dim[1] = 2  
  Real, *8, Dim 2, Data values:
LocalArrayPrint: Array at address 0x13a20a5f0:
            rank = 2, typekind = 6, base_addr = 0x10651f2a0
( 1, 2) =  6.10916e+223
( 2, 2) =  4.33046e-312
( 1, 1) =  0
( 2, 1) =  0
            dim[0] = 3  dim[1] = 2  
  Real, *8, Dim 2, Data values:
( 3, 2) =  0
--- ESMCI::Array::print end ---
( 1, 2) =  0
( 2, 2) =  0
--- ESMCI::Array::print start ---
( 1, 1) =  2.20492e-314
( 2, 1) =  6.01347e-154
~ local data in LocalArray for DE 5 ~
LocalArrayPrint: Array at address 0x157622060:
 Base name    = Array003
 Status: Base = Ready,  object = Ready
 Proxy        = no
( 3, 1) =  6.01347e-154
( 1, 2) =  6.10916e+223
            rank = 2, typekind = 6, base_addr = 0x105b07310
            dim[0] = 2  dim[1] = 1  
 Root Info (Attributes):
( 2, 2) =  4.33046e-312
( 3, 2) =  0
  Real, *8, Dim 2, Data values:
( 1, 1) =  0
{
  "ESMF": {
    "Instance": {
~ local data in LocalArray for DE 4 ~
LocalArrayPrint: Array at address 0x13a20a920:
( 2, 1) =  0
--- ESMCI::Array::print end ---
      "NamedAliasCount": 0
    }
  }
            rank = 2, typekind = 6, base_addr = 0x10651f2e0
            dim[0] = 3  dim[1] = 1  
  Real, *8, Dim 2, Data values:
--- ESMCI::Array::print start ---
 Base name    = Array003
 Status: Base = Ready,  object = Ready
}Array typekind/rank: Real*8 / 2 
( 1, 1) =  0
( 2, 1) =  0
 Proxy        = no
~ lower class' values ~
( 3, 1) =  0
--- ESMCI::Array::print end ---
DistGrid dimCount = 2
deCount = 6
 Root Info (Attributes):
{
localDeCount = 1
  "ESMF": {
--- ESMCI::Array::print start ---
~ local data in LocalArray for DE 2 ~
    "Instance": {
      "NamedAliasCount": 0
 Base name    = Array003
 Status: Base = Ready,  object = Ready
--- ESMCI::ArrayBundle::print start ---
LocalArrayPrint: Array at address 0x139606220:
            rank = 2, typekind = 6, base_addr = 0x103f4b260
    }
  }
 Proxy        = no
 Root Info (Attributes):
            dim[0] = 3  dim[1] = 2  
ArrayBundle: MyArrayBundle
  Real, *8, Dim 2, Data values:
}{
arrayCount = 3
  "ESMF": {
    "Instance": {
      "NamedAliasCount": 0
Array typekind/rank: Real*8 / 2 
~ lower class' values ~
DistGrid dimCount = 2
( 1, 1) =  2.18602e-314
( 2, 1) =  6.01347e-154
( 3, 1) =  6.01347e-154
( 1, 2) =  6.10916e+223
Container::print() multipmap:item=0 key=AonFly value=0x126008e00
    }
  }
deCount = 6
localDeCount = 2
Container::print() multipmap:item=1 key=Array002 value=0x146808800
}Array typekind/rank: Real*8 / 2 
~ local data in LocalArray for DE 1 ~
LocalArrayPrint: Array at address 0x157622390:
( 2, 2) =  4.33046e-312
( 3, 2) =  0
--- ESMCI::Array::print end ---
~ lower class' values ~
            rank = 2, typekind = 6, base_addr = 0x105b07330
            dim[0] = 2  dim[1] = 2  
  Real, *8, Dim 2, Data values:
( 1, 1) =  0
( 2, 1) =  0
( 1, 2) =  0
( 2, 2) =  0
DistGrid dimCount = 2
deCount = 6
localDeCount = 2
~ local data in LocalArray for DE 0 ~
LocalArrayPrint: Array at address 0x13a20ac50:
            rank = 2, typekind = 6, base_addr = 0x10651f260
            dim[0] = 3  dim[1] = 2  
~ local data in LocalArray for DE 5 ~
LocalArrayPrint: Array at address 0x1576226c0:
            rank = 2, typekind = 6, base_addr = 0x105b07360
  PASS  Example ESMF_ArrayBundleEx, ESMF_ArrayBundleEx.F90, line 267
Container::print() multipmap:item=2 key=Array003 value=0x146808e00
Container::print()      list:item=0 key=Array002 value=0x146808800
Container::print()      list:item=1 key=Array003 value=0x146808e00
            dim[0] = 2  dim[1] = 1  
  Real, *8, Dim 2, Data values:
( 1, 1) =  0
( 2, 1) =  0
  Real, *8, Dim 2, Data values:
( 1, 1) =  2.20492e-314
( 2, 1) =  6.01347e-154
( 3, 1) =  6.01347e-154
( 1, 2) =  6.10916e+223
( 2, 2) =  4.33046e-312
--- ESMCI::Array::print end ---
Container::print()      list:item=2 key=AonFly value=0x126008e00
( 3, 2) =  0
~ local data in LocalArray for DE 4 ~
LocalArrayPrint: Array at address 0x13a20af80:
            rank = 2, typekind = 6, base_addr = 0x10651f310
  PASS  Example ESMF_ArrayBundleEx, ESMF_ArrayBundleEx.F90, line 267
--- ESMCI::ArrayBundle::print end ---
            dim[0] = 3  dim[1] = 1  
  Real, *8, Dim 2, Data values:
( 1, 1) =  0
( 2, 1) =  0
( 3, 1) =  0
--- ESMCI::Array::print end ---
--- ESMCI::Array::print start ---
  PASS  Example ESMF_ArrayBundleEx, ESMF_ArrayBundleEx.F90, line 267
 Base name    = AonFly
 Status: Base = Ready,  object = Ready
 Proxy        = no
 Root Info (Attributes):
{
  "ESMF": {
    "Instance": {
      "NamedAliasCount": 0
    }
  }
}Array typekind/rank: Real*4 / 2 
~ lower class' values ~
DistGrid dimCount = 2
deCount = 6
localDeCount = 1
~ local data in LocalArray for DE 3 ~
LocalArrayPrint: Array at address 0x1256046e0:
            rank = 2, typekind = 5, base_addr = 0x1025d7390
            dim[0] = 2  dim[1] = 2  
  Real, *4, Dim 2, Data values:
( 1, 1) =  0
( 2, 1) =  0
( 1, 2) =  0
( 2, 2) =  0
--- ESMCI::Array::print end ---
--- ESMCI::Array::print start ---
 Base name    = Array002
 Status: Base = Ready,  object = Ready
 Proxy        = no
 Root Info (Attributes):
{
  "ESMF": {
    "Instance": {
      "NamedAliasCount": 0
    }
  }
}Array typekind/rank: Real*8 / 2 
~ lower class' values ~
DistGrid dimCount = 2
deCount = 6
localDeCount = 1
~ local data in LocalArray for DE 3 ~
LocalArrayPrint: Array at address 0x155705420:
            rank = 2, typekind = 6, base_addr = 0x1025d72e0
            dim[0] = 2  dim[1] = 2  
  Real, *8, Dim 2, Data values:
( 1, 1) =  0
( 2, 1) =  0
( 1, 2) =  0
( 2, 2) =  0
--- ESMCI::Array::print end ---
--- ESMCI::Array::print start ---
 Base name    = Array003
 Status: Base = Ready,  object = Ready
 Proxy        = no
 Root Info (Attributes):
{
  "ESMF": {
    "Instance": {
      "NamedAliasCount": 0
    }
  }
}Array typekind/rank: Real*8 / 2 
~ lower class' values ~
DistGrid dimCount = 2
deCount = 6
localDeCount = 1
~ local data in LocalArray for DE 3 ~
LocalArrayPrint: Array at address 0x155705750:
            rank = 2, typekind = 6, base_addr = 0x1025d7310
            dim[0] = 2  dim[1] = 2  
  Real, *8, Dim 2, Data values:
( 1, 1) =  0
( 2, 1) =  0
( 1, 2) =  0
( 2, 2) =  0
--- ESMCI::Array::print end ---
  PASS  Example ESMF_ArrayBundleEx, ESMF_ArrayBundleEx.F90, line 267
 PASS: ESMF_ArrayBundleEx.F90
 PASS: ESMF_ArrayBundleEx.F90
 PASS: ESMF_ArrayBundleEx.F90
 PASS: ESMF_ArrayBundleEx.F90
