2026-09-01 20:59:40
20260901 212245.589 INFO             PET0 !!!!!!!!!!!!!!!!!!!!!!!!!!!!!!!!!!!!!!!!!!!!!!!!!!!!!!
20260901 212245.589 INFO             PET0 !!! THE ESMF_LOG IS SET TO OUTPUT ALL LOG MESSAGES !!!
20260901 212245.589 INFO             PET0 !!!     THIS MAY CAUSE SLOWDOWN IN PERFORMANCE     !!!
20260901 212245.589 INFO             PET0 !!! FOR PRODUCTION RUNS, USE:                      !!!
20260901 212245.589 INFO             PET0 !!!                   ESMF_LOGKIND_Multi_On_Error  !!!
20260901 212245.589 INFO             PET0 !!!!!!!!!!!!!!!!!!!!!!!!!!!!!!!!!!!!!!!!!!!!!!!!!!!!!!
20260901 212245.589 INFO             PET0 Running with ESMF Version   : develop+g4161bf9d44
20260901 212245.589 INFO             PET0 ESMF library build date/time: "Sep  1 2026" "20:58:20"
20260901 212245.589 INFO             PET0 ESMF library build location : /usr/local/esmf/esmf-testing/nagclang_7.2.44_17.0.0_openmpi_g_develop/esmf
20260901 212245.589 INFO             PET0 ESMF_COMM                   : openmpi
20260901 212245.589 INFO             PET0 ESMF_MOAB                   : enabled
20260901 212245.589 INFO             PET0 ESMF_LAPACK                 : enabled
20260901 212245.589 INFO             PET0 ESMF_NETCDF                 : enabled
20260901 212245.589 INFO             PET0 ESMF_PNETCDF                : disabled
20260901 212245.590 INFO             PET0 ESMF_PIO                    : enabled
20260901 212245.590 INFO             PET0 ESMF_YAMLCPP                : enabled
20260901 212245.592 INFO             PET0 ESMF_FieldRedistStoreNF(): Just entered routine.
20260901 212245.753 INFO             PET0 ESMF_FieldRedistStoreNF(): Leaving routine.
20260901 212245.761 INFO             PET0  NUMBER_OF_PROCESSORS 4
20260901 212245.761 INFO             PET0  PASS  Example ESMF_RHandleFromFileEx, ESMF_RHandleFromFileEx.F90, line 192
20260901 212245.761 INFO             PET0  Finalizing ESMF
20260901 212245.589 INFO             PET1 !!!!!!!!!!!!!!!!!!!!!!!!!!!!!!!!!!!!!!!!!!!!!!!!!!!!!!
20260901 212245.590 INFO             PET1 !!! THE ESMF_LOG IS SET TO OUTPUT ALL LOG MESSAGES !!!
20260901 212245.590 INFO             PET1 !!!     THIS MAY CAUSE SLOWDOWN IN PERFORMANCE     !!!
20260901 212245.590 INFO             PET1 !!! FOR PRODUCTION RUNS, USE:                      !!!
20260901 212245.590 INFO             PET1 !!!                   ESMF_LOGKIND_Multi_On_Error  !!!
20260901 212245.590 INFO             PET1 !!!!!!!!!!!!!!!!!!!!!!!!!!!!!!!!!!!!!!!!!!!!!!!!!!!!!!
20260901 212245.590 INFO             PET1 Running with ESMF Version   : develop+g4161bf9d44
20260901 212245.590 INFO             PET1 ESMF library build date/time: "Sep  1 2026" "20:58:20"
20260901 212245.590 INFO             PET1 ESMF library build location : /usr/local/esmf/esmf-testing/nagclang_7.2.44_17.0.0_openmpi_g_develop/esmf
20260901 212245.590 INFO             PET1 ESMF_COMM                   : openmpi
20260901 212245.590 INFO             PET1 ESMF_MOAB                   : enabled
20260901 212245.590 INFO             PET1 ESMF_LAPACK                 : enabled
20260901 212245.590 INFO             PET1 ESMF_NETCDF                 : enabled
20260901 212245.590 INFO             PET1 ESMF_PNETCDF                : disabled
20260901 212245.590 INFO             PET1 ESMF_PIO                    : enabled
20260901 212245.590 INFO             PET1 ESMF_YAMLCPP                : enabled
20260901 212245.591 INFO             PET1 ESMF_FieldRedistStoreNF(): Just entered routine.
20260901 212245.752 INFO             PET1 ESMF_FieldRedistStoreNF(): Leaving routine.
20260901 212245.761 INFO             PET1  NUMBER_OF_PROCESSORS 4
20260901 212245.761 INFO             PET1  PASS  Example ESMF_RHandleFromFileEx, ESMF_RHandleFromFileEx.F90, line 192
20260901 212245.761 INFO             PET1  Finalizing ESMF
20260901 212245.589 INFO             PET2 !!!!!!!!!!!!!!!!!!!!!!!!!!!!!!!!!!!!!!!!!!!!!!!!!!!!!!
20260901 212245.589 INFO             PET2 !!! THE ESMF_LOG IS SET TO OUTPUT ALL LOG MESSAGES !!!
20260901 212245.589 INFO             PET2 !!!     THIS MAY CAUSE SLOWDOWN IN PERFORMANCE     !!!
20260901 212245.589 INFO             PET2 !!! FOR PRODUCTION RUNS, USE:                      !!!
20260901 212245.589 INFO             PET2 !!!                   ESMF_LOGKIND_Multi_On_Error  !!!
20260901 212245.589 INFO             PET2 !!!!!!!!!!!!!!!!!!!!!!!!!!!!!!!!!!!!!!!!!!!!!!!!!!!!!!
20260901 212245.589 INFO             PET2 Running with ESMF Version   : develop+g4161bf9d44
20260901 212245.589 INFO             PET2 ESMF library build date/time: "Sep  1 2026" "20:58:20"
20260901 212245.589 INFO             PET2 ESMF library build location : /usr/local/esmf/esmf-testing/nagclang_7.2.44_17.0.0_openmpi_g_develop/esmf
20260901 212245.589 INFO             PET2 ESMF_COMM                   : openmpi
20260901 212245.590 INFO             PET2 ESMF_MOAB                   : enabled
20260901 212245.590 INFO             PET2 ESMF_LAPACK                 : enabled
20260901 212245.590 INFO             PET2 ESMF_NETCDF                 : enabled
20260901 212245.590 INFO             PET2 ESMF_PNETCDF                : disabled
20260901 212245.590 INFO             PET2 ESMF_PIO                    : enabled
20260901 212245.590 INFO             PET2 ESMF_YAMLCPP                : enabled
20260901 212245.591 INFO             PET2 ESMF_FieldRedistStoreNF(): Just entered routine.
20260901 212245.753 INFO             PET2 ESMF_FieldRedistStoreNF(): Leaving routine.
20260901 212245.761 INFO             PET2  NUMBER_OF_PROCESSORS 4
20260901 212245.761 INFO             PET2  PASS  Example ESMF_RHandleFromFileEx, ESMF_RHandleFromFileEx.F90, line 192
20260901 212245.761 INFO             PET2  Finalizing ESMF
20260901 212245.589 INFO             PET3 !!!!!!!!!!!!!!!!!!!!!!!!!!!!!!!!!!!!!!!!!!!!!!!!!!!!!!
20260901 212245.590 INFO             PET3 !!! THE ESMF_LOG IS SET TO OUTPUT ALL LOG MESSAGES !!!
20260901 212245.590 INFO             PET3 !!!     THIS MAY CAUSE SLOWDOWN IN PERFORMANCE     !!!
20260901 212245.590 INFO             PET3 !!! FOR PRODUCTION RUNS, USE:                      !!!
20260901 212245.590 INFO             PET3 !!!                   ESMF_LOGKIND_Multi_On_Error  !!!
20260901 212245.590 INFO             PET3 !!!!!!!!!!!!!!!!!!!!!!!!!!!!!!!!!!!!!!!!!!!!!!!!!!!!!!
20260901 212245.590 INFO             PET3 Running with ESMF Version   : develop+g4161bf9d44
20260901 212245.590 INFO             PET3 ESMF library build date/time: "Sep  1 2026" "20:58:20"
20260901 212245.590 INFO             PET3 ESMF library build location : /usr/local/esmf/esmf-testing/nagclang_7.2.44_17.0.0_openmpi_g_develop/esmf
20260901 212245.590 INFO             PET3 ESMF_COMM                   : openmpi
20260901 212245.590 INFO             PET3 ESMF_MOAB                   : enabled
20260901 212245.590 INFO             PET3 ESMF_LAPACK                 : enabled
20260901 212245.590 INFO             PET3 ESMF_NETCDF                 : enabled
20260901 212245.590 INFO             PET3 ESMF_PNETCDF                : disabled
20260901 212245.590 INFO             PET3 ESMF_PIO                    : enabled
20260901 212245.590 INFO             PET3 ESMF_YAMLCPP                : enabled
20260901 212245.594 INFO             PET3 ESMF_FieldRedistStoreNF(): Just entered routine.
20260901 212245.753 INFO             PET3 ESMF_FieldRedistStoreNF(): Leaving routine.
20260901 212245.761 INFO             PET3  NUMBER_OF_PROCESSORS 4
20260901 212245.761 INFO             PET3  PASS  Example ESMF_RHandleFromFileEx, ESMF_RHandleFromFileEx.F90, line 192
20260901 212245.761 INFO             PET3  Finalizing ESMF
