2026-09-21 22:04:09
20260921 223255.042 INFO             PET0 !!!!!!!!!!!!!!!!!!!!!!!!!!!!!!!!!!!!!!!!!!!!!!!!!!!!!!
20260921 223255.042 INFO             PET0 !!! THE ESMF_LOG IS SET TO OUTPUT ALL LOG MESSAGES !!!
20260921 223255.042 INFO             PET0 !!!     THIS MAY CAUSE SLOWDOWN IN PERFORMANCE     !!!
20260921 223255.042 INFO             PET0 !!! FOR PRODUCTION RUNS, USE:                      !!!
20260921 223255.042 INFO             PET0 !!!                   ESMF_LOGKIND_Multi_On_Error  !!!
20260921 223255.042 INFO             PET0 !!!!!!!!!!!!!!!!!!!!!!!!!!!!!!!!!!!!!!!!!!!!!!!!!!!!!!
20260921 223255.042 INFO             PET0 Running with ESMF Version   : v9.0.0b19
20260921 223255.043 INFO             PET0 ESMF library build date/time: "Sep 21 2026" "22:02:41"
20260921 223255.043 INFO             PET0 ESMF library build location : /usr/local/esmf/esmf-testing/nagclang_7.2.44_17.0.0_openmpi_g_develop/esmf
20260921 223255.043 INFO             PET0 ESMF_COMM                   : openmpi
20260921 223255.043 INFO             PET0 ESMF_MOAB                   : enabled
20260921 223255.043 INFO             PET0 ESMF_LAPACK                 : enabled
20260921 223255.043 INFO             PET0 ESMF_NETCDF                 : enabled
20260921 223255.043 INFO             PET0 ESMF_PNETCDF                : disabled
20260921 223255.043 INFO             PET0 ESMF_PIO                    : enabled
20260921 223255.043 INFO             PET0 ESMF_YAMLCPP                : enabled
20260921 223255.044 INFO             PET0  NUMBER_OF_PROCESSORS 4
20260921 223255.044 INFO             PET0  PASS  Example ESMF_VMUserMpiCommMultiEx, ESMF_VMUserMpiCommMultiEx.F90, line 126
20260921 223255.044 INFO             PET0  Finalizing ESMF with endflag==ESMF_END_KEEPMPI
20260921 223255.042 INFO             PET0 !!!!!!!!!!!!!!!!!!!!!!!!!!!!!!!!!!!!!!!!!!!!!!!!!!!!!!
20260921 223255.042 INFO             PET0 !!! THE ESMF_LOG IS SET TO OUTPUT ALL LOG MESSAGES !!!
20260921 223255.042 INFO             PET0 !!!     THIS MAY CAUSE SLOWDOWN IN PERFORMANCE     !!!
20260921 223255.042 INFO             PET0 !!! FOR PRODUCTION RUNS, USE:                      !!!
20260921 223255.042 INFO             PET0 !!!                   ESMF_LOGKIND_Multi_On_Error  !!!
20260921 223255.042 INFO             PET0 !!!!!!!!!!!!!!!!!!!!!!!!!!!!!!!!!!!!!!!!!!!!!!!!!!!!!!
20260921 223255.042 INFO             PET0 Running with ESMF Version   : v9.0.0b19
20260921 223255.043 INFO             PET0 ESMF library build date/time: "Sep 21 2026" "22:02:41"
20260921 223255.043 INFO             PET0 ESMF library build location : /usr/local/esmf/esmf-testing/nagclang_7.2.44_17.0.0_openmpi_g_develop/esmf
20260921 223255.043 INFO             PET0 ESMF_COMM                   : openmpi
20260921 223255.043 INFO             PET0 ESMF_MOAB                   : enabled
20260921 223255.043 INFO             PET0 ESMF_LAPACK                 : enabled
20260921 223255.043 INFO             PET0 ESMF_NETCDF                 : enabled
20260921 223255.043 INFO             PET0 ESMF_PNETCDF                : disabled
20260921 223255.043 INFO             PET0 ESMF_PIO                    : enabled
20260921 223255.043 INFO             PET0 ESMF_YAMLCPP                : enabled
20260921 223255.044 INFO             PET0  NUMBER_OF_PROCESSORS 4
20260921 223255.044 INFO             PET0  PASS  Example ESMF_VMUserMpiCommMultiEx, ESMF_VMUserMpiCommMultiEx.F90, line 154
20260921 223255.044 INFO             PET0  Finalizing ESMF with endflag==ESMF_END_KEEPMPI
20260921 223255.042 INFO             PET1 !!!!!!!!!!!!!!!!!!!!!!!!!!!!!!!!!!!!!!!!!!!!!!!!!!!!!!
20260921 223255.042 INFO             PET1 !!! THE ESMF_LOG IS SET TO OUTPUT ALL LOG MESSAGES !!!
20260921 223255.042 INFO             PET1 !!!     THIS MAY CAUSE SLOWDOWN IN PERFORMANCE     !!!
20260921 223255.042 INFO             PET1 !!! FOR PRODUCTION RUNS, USE:                      !!!
20260921 223255.042 INFO             PET1 !!!                   ESMF_LOGKIND_Multi_On_Error  !!!
20260921 223255.042 INFO             PET1 !!!!!!!!!!!!!!!!!!!!!!!!!!!!!!!!!!!!!!!!!!!!!!!!!!!!!!
20260921 223255.042 INFO             PET1 Running with ESMF Version   : v9.0.0b19
20260921 223255.043 INFO             PET1 ESMF library build date/time: "Sep 21 2026" "22:02:41"
20260921 223255.043 INFO             PET1 ESMF library build location : /usr/local/esmf/esmf-testing/nagclang_7.2.44_17.0.0_openmpi_g_develop/esmf
20260921 223255.043 INFO             PET1 ESMF_COMM                   : openmpi
20260921 223255.043 INFO             PET1 ESMF_MOAB                   : enabled
20260921 223255.043 INFO             PET1 ESMF_LAPACK                 : enabled
20260921 223255.043 INFO             PET1 ESMF_NETCDF                 : enabled
20260921 223255.043 INFO             PET1 ESMF_PNETCDF                : disabled
20260921 223255.043 INFO             PET1 ESMF_PIO                    : enabled
20260921 223255.043 INFO             PET1 ESMF_YAMLCPP                : enabled
20260921 223255.044 INFO             PET1  NUMBER_OF_PROCESSORS 4
20260921 223255.044 INFO             PET1  PASS  Example ESMF_VMUserMpiCommMultiEx, ESMF_VMUserMpiCommMultiEx.F90, line 126
20260921 223255.044 INFO             PET1  Finalizing ESMF with endflag==ESMF_END_KEEPMPI
20260921 223255.042 INFO             PET1 !!!!!!!!!!!!!!!!!!!!!!!!!!!!!!!!!!!!!!!!!!!!!!!!!!!!!!
20260921 223255.042 INFO             PET1 !!! THE ESMF_LOG IS SET TO OUTPUT ALL LOG MESSAGES !!!
20260921 223255.042 INFO             PET1 !!!     THIS MAY CAUSE SLOWDOWN IN PERFORMANCE     !!!
20260921 223255.042 INFO             PET1 !!! FOR PRODUCTION RUNS, USE:                      !!!
20260921 223255.042 INFO             PET1 !!!                   ESMF_LOGKIND_Multi_On_Error  !!!
20260921 223255.042 INFO             PET1 !!!!!!!!!!!!!!!!!!!!!!!!!!!!!!!!!!!!!!!!!!!!!!!!!!!!!!
20260921 223255.042 INFO             PET1 Running with ESMF Version   : v9.0.0b19
20260921 223255.043 INFO             PET1 ESMF library build date/time: "Sep 21 2026" "22:02:41"
20260921 223255.043 INFO             PET1 ESMF library build location : /usr/local/esmf/esmf-testing/nagclang_7.2.44_17.0.0_openmpi_g_develop/esmf
20260921 223255.043 INFO             PET1 ESMF_COMM                   : openmpi
20260921 223255.043 INFO             PET1 ESMF_MOAB                   : enabled
20260921 223255.043 INFO             PET1 ESMF_LAPACK                 : enabled
20260921 223255.043 INFO             PET1 ESMF_NETCDF                 : enabled
20260921 223255.043 INFO             PET1 ESMF_PNETCDF                : disabled
20260921 223255.043 INFO             PET1 ESMF_PIO                    : enabled
20260921 223255.043 INFO             PET1 ESMF_YAMLCPP                : enabled
20260921 223255.044 INFO             PET1  NUMBER_OF_PROCESSORS 4
20260921 223255.044 INFO             PET1  PASS  Example ESMF_VMUserMpiCommMultiEx, ESMF_VMUserMpiCommMultiEx.F90, line 154
20260921 223255.044 INFO             PET1  Finalizing ESMF with endflag==ESMF_END_KEEPMPI
