2026-09-17 20:55:40
--- ESMCI::Array::print start ---
 Base name    = Array008
 Status: Base = Ready,  object = Ready
 Proxy        = no
 Root Info (Attributes):
{
  "ESMF": {
    "Instance": {
      "NamedAliasCount": 0
    }
--- ESMCI::Array::print start ---
--- ESMCI::Array::print start ---
 Base name    = Array008
 Status: Base = Ready,  object = Ready
 Proxy        = no
  }
}Array typekind/rank: Real*8 / 2 
~ lower class' values ~
DistGrid dimCount = 2
 Root Info (Attributes):
deCount = 4
localDeCount = 1
~ local data in LocalArray for DE 0 ~
{
  "ESMF": {
LocalArrayPrint: Array at address 0x110e0c860:
            rank = 2, typekind = 6, base_addr = 0x1044b7330
    "Instance": {
            dim[0] = 3  dim[1] = 10  
      "NamedAliasCount": 0
    }
  Real, *8, Dim 2, Data values:
( 1, 1) =  513.58
  }
}( 2, 1) =  613.58
Array typekind/rank: Real*8 / 2 
~ lower class' values ~
DistGrid dimCount = 2
deCount = 4
localDeCount = 1
~ local data in LocalArray for DE 2 ~
LocalArrayPrint: Array at address 0x14aa0d160:
            rank = 2, typekind = 6, base_addr = 0x1021cb350
            dim[0] = 3  dim[1] = 10  
( 3, 1) =  713.58
( 1, 2) =  514.814
( 2, 2) =  614.814
( 3, 2) =  714.814
( 1, 3) =  516.048
( 2, 3) =  616.048
( 3, 3) =  716.048
( 1, 4) =  517.283
  skipping to end ...
( 3, 7) =  720.986
( 1, 8) =  522.221
 Base name    = Array008
  Real, *8, Dim 2, Data values:
( 1, 1) =  513.58
( 2, 1) =  613.58
( 3, 1) =  713.58
( 1, 2) =  514.814
( 2, 8) =  622.221
( 3, 8) =  722.221
( 1, 9) =  523.456
( 2, 9) =  623.456
( 2, 2) =  614.814
( 3, 2) =  714.814
( 3, 9) =  723.456
( 1,10) =  524.69
( 2,10) =  624.69
( 1, 3) =  516.048
( 2, 3) =  616.048
( 3, 3) =  716.048
( 3,10) =  724.69
--- ESMCI::Array::print end ---
( 1, 4) =  517.283
  skipping to end ...
( 3, 7) =  720.986
--- ESMCI::Array::print start ---
 Base name    = Array008
( 1, 8) =  522.221
( 2, 8) =  622.221
 Status: Base = Ready,  object = Ready
( 3, 8) =  722.221
 Proxy        = no
 Root Info (Attributes):
( 1, 9) =  523.456
( 2, 9) =  623.456
( 3, 9) =  723.456
( 1,10) =  524.69
( 2,10) =  624.69
( 3,10) =  724.69
--- ESMCI::Array::print end ---
 localPet =  2 myFarray2D2:    0.0000000000000000   0.0000000000000000   0.0000000000000000   0.0000000000000000   0.0000000000000000   0.0000000000000000   0.0000000000000000   0.0000000000000000   0.0000000000000000   0.0000000000000000   0.0000000000000000   0.0000000000000000   0.0000000000000000   0.0000000000000000   0.0000000000000000   0.0000000000000000   0.0000000000000000   0.0000000000000000   0.0000000000000000   0.0000000000000000   0.0000000000000000   0.0000000000000000   0.0000000000000000   0.0000000000000000   0.0000000000000000   0.0000000000000000   0.0000000000000000   0.0000000000000000   0.0000000000000000   0.0000000000000000
--- ESMCI::Array::print start ---
 Base name    = Array008
 Status: Base = Ready,  object = Ready
 Proxy        = no
 Root Info (Attributes):
{
  "ESMF": {
    "Instance": {
      "NamedAliasCount": 0
    }
  }
}Array typekind/rank: Real*8 / 2 
~ lower class' values ~
DistGrid d{
  "ESMF": {
    "Instance": {
      "NamedAliasCount": 0
    }
  }
}Array typekind/rank: Real*8 / 2 
~ lower class' values ~
DistGrid dimCount = 2
deCount = 4
localDeCount = 1
~ local data in LocalArray for DE 3 ~
LocalArrayPrint: Array at address 0x143f101d0:
            rank = 2, typekind = 6, base_addr = 0x101eb7350
            dim[0] = 3  dim[1] = 10  
  Real, *8, Dim 2, Data values:
( 1, 1) =  513.58
( 2, 1) =  613.58
( 3, 1) =  713.58
( 1, 2) =  514.814
( 2, 2) =  614.814
( 3, 2) =  714.814
( 1, 3) =  516.048
( 2, 3) =  616.048
( 3, 3) =  716.048
( 1, 4) =  517.283
  skipping to end ...
( 3, 7) =  720.986
 Status: Base = Ready,  object = Ready
 Proxy        = no
 Root Info (Attributes):
{
( 1, 8) =  522.221
( 2, 8) =  622.221
( 3, 8) =  722.221
  "ESMF": {
    "Instance": {
      "NamedAliasCount": 0
( 1, 9) =  523.456
    }
  }
( 2, 9) =  623.456
( 3, 9) =  723.456
}( 1,10) =  524.69
Array typekind/rank: Real*8 / 2 
~ lower class' values ~
( 2,10) =  624.69
( 3,10) =  724.69
--- ESMCI::Array::print end ---
DistGrid dimCount = 2
deCount = 4
localDeCount = 1
~ local data in LocalArray for DE 1 ~
LocalArrayPrint: Array at address 0x13661e570:
            rank = 2, typekind = 6, base_addr = 0x10436b350
            dim[0] = 3  dim[1] = 10  
  Real, *8, Dim 2, Data values:
( 1, 1) =  1.2345
( 2, 1) =  1.2345
( 3, 1) =  1.2345
( 1, 2) =  1.2345
( 2, 2) =  1.2345
( 3, 2) =  1.2345
( 1, 3) =  1.2345
( 2, 3) =  1.2345
imCount = 2
deCount = 4
localDeCount = 1
~ local data in LocalArray for DE 2 ~
( 3, 3) =  1.2345
( 1, 4) =  1.2345
  skipping to end ...
( 3, 7) =  1.2345
( 1, 8) =  1.2345
LocalArrayPrint: Array at address 0x14aa0d160:
            rank = 2, typekind = 6, base_addr = 0x1021cb350
( 2, 8) =  1.2345
( 3, 8) =  1.2345
( 1, 9) =  1.2345
( 2, 9) =  1.2345
( 3, 9) =  1.2345
( 1,10) =  1.2345
( 2,10) =  1.2345
( 3,10) =  1.2345
--- ESMCI::Array::print end ---
 localPet =  1 myFarray2D2:    0.0000000000000000   0.0000000000000000   0.0000000000000000   0.0000000000000000   0.0000000000000000   0.0000000000000000   0.0000000000000000   0.0000000000000000   0.0000000000000000   0.0000000000000000   0.0000000000000000   0.0000000000000000   0.0000000000000000   0.0000000000000000   0.0000000000000000   0.0000000000000000   0.0000000000000000   0.0000000000000000   0.0000000000000000   0.0000000000000000   0.0000000000000000   0.0000000000000000   0.0000000000000000   0.0000000000000000   0.0000000000000000   0.0000000000000000   0.0000000000000000   0.0000000000000000   0.0000000000000000   0.0000000000000000
--- ESMCI::Array::print start ---
 Base name    = Array008
 Status: Base = Ready,  object = Ready
 localPet =  3 myFarray2D2:    0.0000000000000000   0.0000000000000000   0.0000000000000000   0.0000000000000000   0.0000000000000000   0.0000000000000000   0.0000000000000000   0.0000000000000000   0.0000000000000000   0.0000000000000000   0.0000000000000000   0.0000000000000000   0.0000000000000000   0.0000000000000000   0.0000000000000000   0.0000000000000000   0.0000000000000000   0.0000000000000000   0.0000000000000000   0.0000000000000000   0.0000000000000000   0.0000000000000000   0.0000000000000000   0.0000000000000000   0.0000000000000000   0.0000000000000000   0.0000000000000000   0.0000000000000000   0.0000000000000000   0.0000000000000000
--- ESMCI::Array::print start ---
 Base name    = Array008
 Status: Base = Ready,  object = Ready
 Proxy        = no
 Root Info (Attributes):
{
 Proxy        = no
 Root Info (Attributes):
{
  "ESMF": {
            dim[0] = 3  dim[1] = 10  
 localPet =  0 myFarray2D2:    5.1357950000000005E+02   6.1357950000000005E+02   7.1357950000000005E+02   5.1481399999999996E+02   6.1481399999999996E+02   7.1481399999999996E+02   5.1604849999999999E+02   6.1604849999999999E+02   7.1604849999999999E+02   5.1728300000000002E+02   6.1728300000000002E+02   7.1728300000000002E+02   5.1851750000000004E+02   6.1851750000000004E+02   7.1851750000000004E+02   5.1975199999999995E+02   6.1975199999999995E+02   7.1975199999999995E+02   5.2098649999999998E+02   6.2098649999999998E+02   7.2098649999999998E+02   5.2222100000000000E+02   6.2222100000000000E+02   7.2222100000000000E+02   5.2345550000000003E+02   6.2345550000000003E+02   7.2345550000000003E+02   5.2469000000000005E+02   6.2469000000000005E+02   7.2469000000000005E+02
--- ESMCI::Array::print start ---
 Base name    = Array008
 Status: Base = Ready,  object = Ready
 Proxy        = no
    "Instance": {
      "NamedAliasCount": 0
    }
  Real, *8, Dim 2, Data values:
( 1, 1) =  513.58
 Root Info (Attributes):
{
  "ESMF": {
  "ESMF": {
    "Instance": {
      "NamedAliasCount": 0
    }
  }
}    "Instance": {
      "NamedAliasCount": 0
    }
  }
}Array typekind/rank: Real*8 / 2 
Array typekind/rank: Real*8 / 2 
~ lower class' values ~
DistGrid dimCount = 2
deCount = 4
localDeCount = 1
~ local data in LocalArray for DE 1 ~
LocalArrayPrint: Array at address 0x13661e570:
( 2, 1) =  613.58
( 3, 1) =  713.58
( 1, 2) =  514.814
( 2, 2) =  614.814
( 3, 2) =  714.814
  }
}Array typekind/rank: Real*8 / 2 
~ lower class' values ~
~ lower class' values ~
DistGrid dimCount = 2
deCount = 4
localDeCount = 1
            rank = 2, typekind = 6, base_addr = 0x10436b350
            dim[0] = 3  dim[1] = 10  
  Real, *8, Dim 2, Data values:
DistGrid dimCount = 2
( 1, 3) =  516.048
( 2, 3) =  616.048
( 1, 1) =  1.2345
( 2, 1) =  1.2345
( 3, 1) =  1.2345
( 1, 2) =  1.2345
~ local data in LocalArray for DE 0 ~
LocalArrayPrint: Array at address 0x110e0c860:
            rank = 2, typekind = 6, base_addr = 0x1044b7330
            dim[0] = 3  dim[1] = 10  
( 3, 3) =  716.048
( 2, 2) =  1.2345
( 3, 2) =  1.2345
deCount = 4
( 1, 4) =  517.283
  Real, *8, Dim 2, Data values:
( 1, 1) =  513.58
  skipping to end ...
( 3, 7) =  720.986
( 1, 3) =  1.2345
( 2, 3) =  1.2345
( 2, 1) =  613.58
localDeCount = 1
( 3, 3) =  1.2345
( 1, 4) =  1.2345
( 3, 1) =  713.58
( 1, 2) =  514.814
( 1, 8) =  522.221
( 2, 8) =  622.221
~ local data in LocalArray for DE 3 ~
  skipping to end ...
( 2, 2) =  614.814
( 3, 8) =  722.221
LocalArrayPrint: Array at address 0x143f101d0:
            rank = 2, typekind = 6, base_addr = 0x101eb7350
( 3, 7) =  1.2345
( 1, 8) =  1.2345
( 2, 8) =  1.2345
( 3, 8) =  1.2345
( 1, 9) =  523.456
( 2, 9) =  623.456
( 3, 9) =  723.456
( 1,10) =  524.69
( 3, 2) =  714.814
( 1, 3) =  516.048
( 2, 3) =  616.048
( 3, 3) =  716.048
            dim[0] = 3  dim[1] = 10  
( 1, 9) =  1.2345
( 2,10) =  624.69
( 1, 4) =  517.283
  skipping to end ...
( 2, 9) =  1.2345
( 3,10) =  724.69
--- ESMCI::Array::print end ---
( 3, 9) =  1.2345
( 3, 7) =  720.986
( 1,10) =  1.2345
( 1, 8) =  522.221
( 2, 8) =  622.221
( 2,10) =  1.2345
( 3,10) =  1.2345
  Real, *8, Dim 2, Data values:
( 3, 8) =  722.221
( 1, 9) =  523.456
--- ESMCI::Array::print end ---
( 2, 9) =  623.456
( 1, 1) =  5.4321
( 3, 9) =  723.456
( 2, 1) =  5.4321
( 1,10) =  524.69
( 2,10) =  624.69
( 3, 1) =  5.4321
( 3,10) =  724.69
--- ESMCI::Array::print end ---
( 1, 2) =  5.4321
 localPet =  1 myFarray2D2:    0.0000000000000000   0.0000000000000000   0.0000000000000000   0.0000000000000000   0.0000000000000000   0.0000000000000000   0.0000000000000000   0.0000000000000000   0.0000000000000000   0.0000000000000000   0.0000000000000000   0.0000000000000000   0.0000000000000000   0.0000000000000000   0.0000000000000000   0.0000000000000000   0.0000000000000000   0.0000000000000000   0.0000000000000000   0.0000000000000000   0.0000000000000000   0.0000000000000000   0.0000000000000000   0.0000000000000000   0.0000000000000000   0.0000000000000000   0.0000000000000000   0.0000000000000000   0.0000000000000000   0.0000000000000000
 localPet =  2 myFarray2D2:    0.0000000000000000   0.0000000000000000   0.0000000000000000   0.0000000000000000   0.0000000000000000   0.0000000000000000   0.0000000000000000   0.0000000000000000   0.0000000000000000   0.0000000000000000   0.0000000000000000   0.0000000000000000   0.0000000000000000   0.0000000000000000   0.0000000000000000   0.0000000000000000   0.0000000000000000   0.0000000000000000   0.0000000000000000   0.0000000000000000   0.0000000000000000   0.0000000000000000   0.0000000000000000   0.0000000000000000   0.0000000000000000   0.0000000000000000   0.0000000000000000   0.0000000000000000   0.0000000000000000   0.0000000000000000
( 2, 2) =  5.4321
  PASS  Example ESMF_ArrayScatterGatherEx, ESMF_ArrayScatterGatherEx.F90, line 328
  PASS  Example ESMF_ArrayScatterGatherEx, ESMF_ArrayScatterGatherEx.F90, line 328
( 3, 2) =  5.4321
( 1, 3) =  5.4321
( 2, 3) =  5.4321
( 3, 3) =  5.4321
( 1, 4) =  5.4321
  skipping to end ...
( 3, 7) =  5.4321
( 1, 8) =  5.4321
( 2, 8) =  5.4321
( 3, 8) =  5.4321
( 1, 9) =  5.4321
( 2, 9) =  5.4321
( 3, 9) =  5.4321
( 1,10) =  5.4321
( 2,10) =  5.4321
( 3,10) =  5.4321
--- ESMCI::Array::print end ---
 localPet =  3 myFarray2D2:    0.0000000000000000   0.0000000000000000   0.0000000000000000   0.0000000000000000   0.0000000000000000   0.0000000000000000   0.0000000000000000   0.0000000000000000   0.0000000000000000   0.0000000000000000   0.0000000000000000   0.0000000000000000   0.0000000000000000   0.0000000000000000   0.0000000000000000   0.0000000000000000   0.0000000000000000   0.0000000000000000   0.0000000000000000   0.0000000000000000   0.0000000000000000   0.0000000000000000   0.0000000000000000   0.0000000000000000   0.0000000000000000   0.0000000000000000   0.0000000000000000   0.0000000000000000   0.0000000000000000   0.0000000000000000
  PASS  Example ESMF_ArrayScatterGatherEx, ESMF_ArrayScatterGatherEx.F90, line 328
 localPet =  0 myFarray2D2:    5.4320998191833496   5.4320998191833496   5.4320998191833496   5.4320998191833496   5.4320998191833496   5.4320998191833496   5.4320998191833496   5.4320998191833496   5.4320998191833496   5.4320998191833496   5.4320998191833496   5.4320998191833496   5.4320998191833496   5.4320998191833496   5.4320998191833496   5.4320998191833496   5.4320998191833496   5.4320998191833496   5.4320998191833496   5.4320998191833496   5.4320998191833496   5.4320998191833496   5.4320998191833496   5.4320998191833496   5.4320998191833496   5.4320998191833496   5.4320998191833496   5.4320998191833496   5.4320998191833496   5.4320998191833496
  PASS  Example ESMF_ArrayScatterGatherEx, ESMF_ArrayScatterGatherEx.F90, line 328
 PASS: ESMF_ArrayScatterGatherEx.F90
 PASS: ESMF_ArrayScatterGatherEx.F90
 PASS: ESMF_ArrayScatterGatherEx.F90
 PASS: ESMF_ArrayScatterGatherEx.F90
