2026-09-14 20:54:05
20260914 211533.282 INFO             PET0 !!!!!!!!!!!!!!!!!!!!!!!!!!!!!!!!!!!!!!!!!!!!!!!!!!!!!!
20260914 211533.282 INFO             PET0 !!! THE ESMF_LOG IS SET TO OUTPUT ALL LOG MESSAGES !!!
20260914 211533.282 INFO             PET0 !!!     THIS MAY CAUSE SLOWDOWN IN PERFORMANCE     !!!
20260914 211533.282 INFO             PET0 !!! FOR PRODUCTION RUNS, USE:                      !!!
20260914 211533.282 INFO             PET0 !!!                   ESMF_LOGKIND_Multi_On_Error  !!!
20260914 211533.282 INFO             PET0 !!!!!!!!!!!!!!!!!!!!!!!!!!!!!!!!!!!!!!!!!!!!!!!!!!!!!!
20260914 211533.282 INFO             PET0 Running with ESMF Version   : v9.0.0b18
20260914 211533.282 INFO             PET0 ESMF library build date/time: "Sep 14 2026" "20:52:48"
20260914 211533.282 INFO             PET0 ESMF library build location : /usr/local/esmf/esmf-testing/nagclang_7.2.44_17.0.0_openmpi_g_develop/esmf
20260914 211533.282 INFO             PET0 ESMF_COMM                   : openmpi
20260914 211533.282 INFO             PET0 ESMF_MOAB                   : enabled
20260914 211533.282 INFO             PET0 ESMF_LAPACK                 : enabled
20260914 211533.282 INFO             PET0 ESMF_NETCDF                 : enabled
20260914 211533.282 INFO             PET0 ESMF_PNETCDF                : disabled
20260914 211533.282 INFO             PET0 ESMF_PIO                    : enabled
20260914 211533.282 INFO             PET0 ESMF_YAMLCPP                : enabled
20260914 211533.282 INFO             PET0  NUMBER_OF_PROCESSORS 1
20260914 211533.282 INFO             PET0  PASS  Example CalendarEx, ESMF_CalendarEx.F90, line 217
20260914 211533.282 INFO             PET0  Finalizing ESMF
