2026-09-20 18:53:30
20260920 204212.350 INFO             PET0 !!!!!!!!!!!!!!!!!!!!!!!!!!!!!!!!!!!!!!!!!!!!!!!!!!!!!!
20260920 204212.350 INFO             PET0 !!! THE ESMF_LOG IS SET TO OUTPUT ALL LOG MESSAGES !!!
20260920 204212.350 INFO             PET0 !!!     THIS MAY CAUSE SLOWDOWN IN PERFORMANCE     !!!
20260920 204212.350 INFO             PET0 !!! FOR PRODUCTION RUNS, USE:                      !!!
20260920 204212.350 INFO             PET0 !!!                   ESMF_LOGKIND_Multi_On_Error  !!!
20260920 204212.350 INFO             PET0 !!!!!!!!!!!!!!!!!!!!!!!!!!!!!!!!!!!!!!!!!!!!!!!!!!!!!!
20260920 204212.350 INFO             PET0 Running with ESMF Version   : v9.0.0b19
20260920 204212.350 INFO             PET0 ESMF library build date/time: "Sep 20 2026" "18:50:02"
20260920 204212.350 INFO             PET0 ESMF library build location : /glade/derecho/scratch/sacks/esmf-testing/nvhpc_26.1_mpi_O_develop/esmf
20260920 204212.350 INFO             PET0 ESMF_COMM                   : mpi
20260920 204212.351 INFO             PET0 ESMF_MOAB                   : enabled
20260920 204212.351 INFO             PET0 ESMF_LAPACK                 : enabled
20260920 204212.351 INFO             PET0 ESMF_NETCDF                 : enabled
20260920 204212.351 INFO             PET0 ESMF_PNETCDF                : disabled
20260920 204212.351 INFO             PET0 ESMF_PIO                    : enabled
20260920 204212.351 INFO             PET0 ESMF_YAMLCPP                : enabled
20260920 204212.351 INFO             PET0  NUMBER_OF_PROCESSORS            4
20260920 204212.351 INFO             PET0  PASS  Example ESMF_VMUserMpiCommMultiEx, ESMF_VMUserMpiCommMultiEx.F90, line 126
20260920 204212.351 INFO             PET0  Finalizing ESMF with endflag==ESMF_END_KEEPMPI
20260920 204212.350 INFO             PET0 !!!!!!!!!!!!!!!!!!!!!!!!!!!!!!!!!!!!!!!!!!!!!!!!!!!!!!
20260920 204212.350 INFO             PET0 !!! THE ESMF_LOG IS SET TO OUTPUT ALL LOG MESSAGES !!!
20260920 204212.350 INFO             PET0 !!!     THIS MAY CAUSE SLOWDOWN IN PERFORMANCE     !!!
20260920 204212.350 INFO             PET0 !!! FOR PRODUCTION RUNS, USE:                      !!!
20260920 204212.350 INFO             PET0 !!!                   ESMF_LOGKIND_Multi_On_Error  !!!
20260920 204212.350 INFO             PET0 !!!!!!!!!!!!!!!!!!!!!!!!!!!!!!!!!!!!!!!!!!!!!!!!!!!!!!
20260920 204212.350 INFO             PET0 Running with ESMF Version   : v9.0.0b19
20260920 204212.350 INFO             PET0 ESMF library build date/time: "Sep 20 2026" "18:50:02"
20260920 204212.350 INFO             PET0 ESMF library build location : /glade/derecho/scratch/sacks/esmf-testing/nvhpc_26.1_mpi_O_develop/esmf
20260920 204212.350 INFO             PET0 ESMF_COMM                   : mpi
20260920 204212.351 INFO             PET0 ESMF_MOAB                   : enabled
20260920 204212.351 INFO             PET0 ESMF_LAPACK                 : enabled
20260920 204212.351 INFO             PET0 ESMF_NETCDF                 : enabled
20260920 204212.351 INFO             PET0 ESMF_PNETCDF                : disabled
20260920 204212.351 INFO             PET0 ESMF_PIO                    : enabled
20260920 204212.351 INFO             PET0 ESMF_YAMLCPP                : enabled
20260920 204212.351 INFO             PET0  NUMBER_OF_PROCESSORS            4
20260920 204212.351 INFO             PET0  PASS  Example ESMF_VMUserMpiCommMultiEx, ESMF_VMUserMpiCommMultiEx.F90, line 154
20260920 204212.351 INFO             PET0  Finalizing ESMF with endflag==ESMF_END_KEEPMPI
20260920 204212.351 INFO             PET1 !!!!!!!!!!!!!!!!!!!!!!!!!!!!!!!!!!!!!!!!!!!!!!!!!!!!!!
20260920 204212.351 INFO             PET1 !!! THE ESMF_LOG IS SET TO OUTPUT ALL LOG MESSAGES !!!
20260920 204212.351 INFO             PET1 !!!     THIS MAY CAUSE SLOWDOWN IN PERFORMANCE     !!!
20260920 204212.351 INFO             PET1 !!! FOR PRODUCTION RUNS, USE:                      !!!
20260920 204212.351 INFO             PET1 !!!                   ESMF_LOGKIND_Multi_On_Error  !!!
20260920 204212.351 INFO             PET1 !!!!!!!!!!!!!!!!!!!!!!!!!!!!!!!!!!!!!!!!!!!!!!!!!!!!!!
20260920 204212.351 INFO             PET1 Running with ESMF Version   : v9.0.0b19
20260920 204212.351 INFO             PET1 ESMF library build date/time: "Sep 20 2026" "18:50:02"
20260920 204212.351 INFO             PET1 ESMF library build location : /glade/derecho/scratch/sacks/esmf-testing/nvhpc_26.1_mpi_O_develop/esmf
20260920 204212.351 INFO             PET1 ESMF_COMM                   : mpi
20260920 204212.351 INFO             PET1 ESMF_MOAB                   : enabled
20260920 204212.351 INFO             PET1 ESMF_LAPACK                 : enabled
20260920 204212.351 INFO             PET1 ESMF_NETCDF                 : enabled
20260920 204212.351 INFO             PET1 ESMF_PNETCDF                : disabled
20260920 204212.351 INFO             PET1 ESMF_PIO                    : enabled
20260920 204212.351 INFO             PET1 ESMF_YAMLCPP                : enabled
20260920 204212.351 INFO             PET1  NUMBER_OF_PROCESSORS            4
20260920 204212.351 INFO             PET1  PASS  Example ESMF_VMUserMpiCommMultiEx, ESMF_VMUserMpiCommMultiEx.F90, line 126
20260920 204212.351 INFO             PET1  Finalizing ESMF with endflag==ESMF_END_KEEPMPI
20260920 204212.351 INFO             PET1 !!!!!!!!!!!!!!!!!!!!!!!!!!!!!!!!!!!!!!!!!!!!!!!!!!!!!!
20260920 204212.351 INFO             PET1 !!! THE ESMF_LOG IS SET TO OUTPUT ALL LOG MESSAGES !!!
20260920 204212.351 INFO             PET1 !!!     THIS MAY CAUSE SLOWDOWN IN PERFORMANCE     !!!
20260920 204212.351 INFO             PET1 !!! FOR PRODUCTION RUNS, USE:                      !!!
20260920 204212.351 INFO             PET1 !!!                   ESMF_LOGKIND_Multi_On_Error  !!!
20260920 204212.351 INFO             PET1 !!!!!!!!!!!!!!!!!!!!!!!!!!!!!!!!!!!!!!!!!!!!!!!!!!!!!!
20260920 204212.351 INFO             PET1 Running with ESMF Version   : v9.0.0b19
20260920 204212.351 INFO             PET1 ESMF library build date/time: "Sep 20 2026" "18:50:02"
20260920 204212.351 INFO             PET1 ESMF library build location : /glade/derecho/scratch/sacks/esmf-testing/nvhpc_26.1_mpi_O_develop/esmf
20260920 204212.351 INFO             PET1 ESMF_COMM                   : mpi
20260920 204212.351 INFO             PET1 ESMF_MOAB                   : enabled
20260920 204212.351 INFO             PET1 ESMF_LAPACK                 : enabled
20260920 204212.351 INFO             PET1 ESMF_NETCDF                 : enabled
20260920 204212.351 INFO             PET1 ESMF_PNETCDF                : disabled
20260920 204212.351 INFO             PET1 ESMF_PIO                    : enabled
20260920 204212.351 INFO             PET1 ESMF_YAMLCPP                : enabled
20260920 204212.351 INFO             PET1  NUMBER_OF_PROCESSORS            4
20260920 204212.351 INFO             PET1  PASS  Example ESMF_VMUserMpiCommMultiEx, ESMF_VMUserMpiCommMultiEx.F90, line 154
20260920 204212.351 INFO             PET1  Finalizing ESMF with endflag==ESMF_END_KEEPMPI
