2026-09-22 04:28:23
20260922 051833.415 INFO             PET0 !!!!!!!!!!!!!!!!!!!!!!!!!!!!!!!!!!!!!!!!!!!!!!!!!!!!!!
20260922 051833.415 INFO             PET0 !!! THE ESMF_LOG IS SET TO OUTPUT ALL LOG MESSAGES !!!
20260922 051833.415 INFO             PET0 !!!     THIS MAY CAUSE SLOWDOWN IN PERFORMANCE     !!!
20260922 051833.415 INFO             PET0 !!! FOR PRODUCTION RUNS, USE:                      !!!
20260922 051833.415 INFO             PET0 !!!                   ESMF_LOGKIND_Multi_On_Error  !!!
20260922 051833.415 INFO             PET0 !!!!!!!!!!!!!!!!!!!!!!!!!!!!!!!!!!!!!!!!!!!!!!!!!!!!!!
20260922 051833.415 INFO             PET0 Running with ESMF Version   : v9.0.0b19
20260922 051833.415 INFO             PET0 ESMF library build date/time: "Sep 22 2026" "04:24:55"
20260922 051833.415 INFO             PET0 ESMF library build location : /glade/derecho/scratch/sacks/esmf-testing/nvhpc_26.1_mpi_O_develop/esmf
20260922 051833.415 INFO             PET0 ESMF_COMM                   : mpi
20260922 051833.416 INFO             PET0 ESMF_MOAB                   : enabled
20260922 051833.416 INFO             PET0 ESMF_LAPACK                 : enabled
20260922 051833.416 INFO             PET0 ESMF_NETCDF                 : enabled
20260922 051833.416 INFO             PET0 ESMF_PNETCDF                : disabled
20260922 051833.416 INFO             PET0 ESMF_PIO                    : enabled
20260922 051833.416 INFO             PET0 ESMF_YAMLCPP                : enabled
20260922 051833.416 INFO             PET0  NUMBER_OF_PROCESSORS            1
20260922 051833.416 INFO             PET0  PASS  Example ESMF_AlarmEx, ESMF_AlarmEx.F90, line 244
20260922 051833.416 INFO             PET0  Finalizing ESMF
