2026-09-15 03:03:47
[2026-09-15T10:40:43.554] error: couldn't chdir to `/tmp/intel_2023.1.0-oneAPI_mpi_g_develop/nuopc-app-prototypes/DriverInDriverDataDepProto': No such file or directory: going to /tmp instead
forrtl: severe (174): SIGSEGV, segmentation fault occurred
Image              PC                Routine            Line        Source             
libc.so.6          000014654C843980  Unknown               Unknown  Unknown
mainApp            00000000004504F2  Unknown               Unknown  Unknown
mainApp            00000000004514F0  Unknown               Unknown  Unknown
mainApp            0000000000450695  Unknown               Unknown  Unknown
libesmf.so         000014655268B711  f_esmf_compcollec         519  ESMF_Comp_C.F90
libesmf.so         000014655222B562  finalize                 3822  ESMCI_VM.C
libesmf.so         00001465521F0577  c_esmc_vmfinalize        1274  ESMCI_VM_F.C
libesmf.so         00001465532ED63B  c_esmc_vmfinalize           0  ESMF_VM.F90
libesmf.so         00001465532E4A42  esmf_vmfinalize          9523  ESMF_VM.F90
libesmf.so         0000146552DF282D  esmf_finalize            1752  ESMF_Init.F90
mainApp            0000000000417FAE  mainapp                   102  mainApp.F90
mainApp            000000000041758D  Unknown               Unknown  Unknown
libc.so.6          000014654C82CEEC  Unknown               Unknown  Unknown
libc.so.6          000014654C82CFB5  __libc_start_main     Unknown  Unknown
mainApp            0000000000417491  Unknown               Unknown  Unknown
srun: error: nid006335: task 2: Exited with exit code 174
srun: Terminating StepId=58343059.389
[2026-09-15T10:40:48.427] error: *** STEP 58343059.389 ON nid006335 CANCELLED AT 2026-09-15T10:40:48 DUE TO TASK FAILURE ***
forrtl: error (78): process killed (SIGTERM)
Image              PC                Routine            Line        Source             
libc.so.6          000014B801A43980  Unknown               Unknown  Unknown
libc.so.6          000014B801B001E7  __sched_yield         Unknown  Unknown
libmpi_intel.so.1  000014B803701ADE  Unknown               Unknown  Unknown
libmpi_intel.so.1  000014B80449DA16  Unknown               Unknown  Unknown
libmpi_intel.so.1  000014B8044B0169  Unknown               Unknown  Unknown
libmpi_intel.so.1  000014B8043B858C  Unknown               Unknown  Unknown
libmpi_intel.so.1  000014B8029A3D11  Unknown               Unknown  Unknown
libmpi_intel.so.1  000014B8029A3EF5  Unknown               Unknown  Unknown
libmpi_intel.so.1  000014B80469D5F0  Unknown               Unknown  Unknown
libmpi_intel.so.1  000014B8044DD0FC  Unknown               Unknown  Unknown
libmpi_intel.so.1  000014B8044DB00C  Unknown               Unknown  Unknown
libmpi_intel.so.1  000014B802C67C01  Unknown               Unknown  Unknown
libmpi_intel.so.1  000014B8044DF380  Unknown               Unknown  Unknown
libmpi_intel.so.1  000014B80469E3D3  Unknown               Unknown  Unknown
libmpi_intel.so.1  000014B802A91200  Unknown               Unknown  Unknown
libmpi_intel.so.1  000014B802A9173F  PMPI_Barrier          Unknown  Unknown
libdarshan.so.0.0  000014B8054E651C  darshan_core_shut     Unknown  Unknown
libdarshan.so.0.0  000014B8054E3674  MPI_Finalize          Unknown  Unknown
libesmf.so         000014B80747920E  finalize                  873  ESMCI_VMKernel.C
libesmf.so         000014B8074AC1E7  finalize                 3938  ESMCI_VM.C
libesmf.so         000014B807470577  c_esmc_vmfinalize        1274  ESMCI_VM_F.C
libesmf.so         000014B80856D63B  c_esmc_vmfinalize           0  ESMF_VM.F90
libesmf.so         000014B808564A42  esmf_vmfinalize          9523  ESMF_VM.F90
libesmf.so         000014B80807282D  esmf_finalize            1752  ESMF_Init.F90
mainApp            0000000000417FAE  mainapp                   102  mainApp.F90
mainApp            000000000041758D  Unknown               Unknown  Unknown
libc.so.6          000014B801A2CEEC  Unknown               Unknown  Unknown
libc.so.6          000014B801A2CFB5  __libc_start_main     Unknown  Unknown
mainApp            0000000000417491  Unknown               Unknown  Unknown
forrtl: error (78): process killed (SIGTERM)
Image              PC                Routine            Line        Source             
libc.so.6          000014CF43A43980  Unknown               Unknown  Unknown
libc.so.6          000014CF43B001E7  __sched_yield         Unknown  Unknown
libmpi_intel.so.1  000014CF45701ADE  Unknown               Unknown  Unknown
libmpi_intel.so.1  000014CF4649DA16  Unknown               Unknown  Unknown
libmpi_intel.so.1  000014CF464B0169  Unknown               Unknown  Unknown
libmpi_intel.so.1  000014CF463B858C  Unknown               Unknown  Unknown
libmpi_intel.so.1  000014CF449A3D11  Unknown               Unknown  Unknown
libmpi_intel.so.1  000014CF449A3EF5  Unknown               Unknown  Unknown
libmpi_intel.so.1  000014CF4669D5F0  Unknown               Unknown  Unknown
libmpi_intel.so.1  000014CF464DD0FC  Unknown               Unknown  Unknown
libmpi_intel.so.1  000014CF464DB00C  Unknown               Unknown  Unknown
libmpi_intel.so.1  000014CF44C67C01  Unknown               Unknown  Unknown
libmpi_intel.so.1  000014CF464DF380  Unknown               Unknown  Unknown
libmpi_intel.so.1  000014CF4669E3D3  Unknown               Unknown  Unknown
libmpi_intel.so.1  000014CF44A91200  Unknown               Unknown  Unknown
libmpi_intel.so.1  000014CF44A9173F  PMPI_Barrier          Unknown  Unknown
libdarshan.so.0.0  000014CF4756D51C  darshan_core_shut     Unknown  Unknown
libdarshan.so.0.0  000014CF4756A674  MPI_Finalize          Unknown  Unknown
libesmf.so         000014CF4950020E  finalize                  873  ESMCI_VMKernel.C
libesmf.so         000014CF495331E7  finalize                 3938  ESMCI_VM.C
libesmf.so         000014CF494F7577  c_esmc_vmfinalize        1274  ESMCI_VM_F.C
libesmf.so         000014CF4A5F463B  c_esmc_vmfinalize           0  ESMF_VM.F90
libesmf.so         000014CF4A5EBA42  esmf_vmfinalize          9523  ESMF_VM.F90
libesmf.so         000014CF4A0F982D  esmf_finalize            1752  ESMF_Init.F90
mainApp            0000000000417FAE  mainapp                   102  mainApp.F90
mainApp            000000000041758D  Unknown               Unknown  Unknown
libc.so.6          000014CF43A2CEEC  Unknown               Unknown  Unknown
libc.so.6          000014CF43A2CFB5  __libc_start_main     Unknown  Unknown
mainApp            0000000000417491  Unknown               Unknown  Unknown
forrtl: error (78): process killed (SIGTERM)
Image              PC                Routine            Line        Source             
libc.so.6          0000154166443980  Unknown               Unknown  Unknown
libc.so.6          00001541665001E7  __sched_yield         Unknown  Unknown
libmpi_intel.so.1  0000154168101ADE  Unknown               Unknown  Unknown
libmpi_intel.so.1  0000154168E9DA16  Unknown               Unknown  Unknown
libmpi_intel.so.1  0000154168EB0169  Unknown               Unknown  Unknown
libmpi_intel.so.1  0000154168DB858C  Unknown               Unknown  Unknown
libmpi_intel.so.1  00001541673A3D11  Unknown               Unknown  Unknown
libmpi_intel.so.1  00001541673A3EF5  Unknown               Unknown  Unknown
libmpi_intel.so.1  000015416909D5F0  Unknown               Unknown  Unknown
libmpi_intel.so.1  0000154168EDD0FC  Unknown               Unknown  Unknown
libmpi_intel.so.1  0000154168EDB00C  Unknown               Unknown  Unknown
libmpi_intel.so.1  0000154167667C01  Unknown               Unknown  Unknown
libmpi_intel.so.1  0000154168EDF380  Unknown               Unknown  Unknown
libmpi_intel.so.1  000015416909E3D3  Unknown               Unknown  Unknown
libmpi_intel.so.1  0000154167491200  Unknown               Unknown  Unknown
libmpi_intel.so.1  000015416749173F  PMPI_Barrier          Unknown  Unknown
libdarshan.so.0.0  0000154169FBF51C  darshan_core_shut     Unknown  Unknown
libdarshan.so.0.0  0000154169FBC674  MPI_Finalize          Unknown  Unknown
libesmf.so         000015416BF5220E  finalize                  873  ESMCI_VMKernel.C
libesmf.so         000015416BF851E7  finalize                 3938  ESMCI_VM.C
libesmf.so         000015416BF49577  c_esmc_vmfinalize        1274  ESMCI_VM_F.C
libesmf.so         000015416D04663B  c_esmc_vmfinalize           0  ESMF_VM.F90
libesmf.so         000015416D03DA42  esmf_vmfinalize          9523  ESMF_VM.F90
libesmf.so         000015416CB4B82D  esmf_finalize            1752  ESMF_Init.F90
mainApp            0000000000417FAE  mainapp                   102  mainApp.F90
mainApp            000000000041758D  Unknown               Unknown  Unknown
libc.so.6          000015416642CEEC  Unknown               Unknown  Unknown
libc.so.6          000015416642CFB5  __libc_start_main     Unknown  Unknown
mainApp            0000000000417491  Unknown               Unknown  Unknown
srun: error: nid006335: tasks 0-1,3: Killed
srun: Force Terminated StepId=58343059.389
