2026-09-15 03:03:47
[2026-09-15T10:41:21.170] error: couldn't chdir to `/tmp/intel_2023.1.0-oneAPI_mpi_g_develop/nuopc-app-prototypes/DriverInDriverProto': No such file or directory: going to /tmp instead
forrtl: severe (174): SIGSEGV, segmentation fault occurred
Image              PC                Routine            Line        Source             
libc.so.6          000014F9D9C43980  Unknown               Unknown  Unknown
mainApp            000000000044EFA0  Unknown               Unknown  Unknown
mainApp            000000000044FFA0  Unknown               Unknown  Unknown
mainApp            000000000044F145  Unknown               Unknown  Unknown
libesmf.so         000014F9DFB60711  f_esmf_compcollec         519  ESMF_Comp_C.F90
libesmf.so         000014F9DF700562  finalize                 3822  ESMCI_VM.C
libesmf.so         000014F9DF6C5577  c_esmc_vmfinalize        1274  ESMCI_VM_F.C
libesmf.so         000014F9E07C263B  c_esmc_vmfinalize           0  ESMF_VM.F90
libesmf.so         000014F9E07B9A42  esmf_vmfinalize          9523  ESMF_VM.F90
libesmf.so         000014F9E02C782D  esmf_finalize            1752  ESMF_Init.F90
mainApp            0000000000417CAE  mainapp                   102  mainApp.F90
mainApp            000000000041728D  Unknown               Unknown  Unknown
libc.so.6          000014F9D9C2CEEC  Unknown               Unknown  Unknown
libc.so.6          000014F9D9C2CFB5  __libc_start_main     Unknown  Unknown
mainApp            0000000000417191  Unknown               Unknown  Unknown
forrtl: severe (174): SIGSEGV, segmentation fault occurred
Image              PC                Routine            Line        Source             
libc.so.6          000014E033843980  Unknown               Unknown  Unknown
mainApp            000000000044EFC9  Unknown               Unknown  Unknown
mainApp            000000000044FFA0  Unknown               Unknown  Unknown
mainApp            000000000044F145  Unknown               Unknown  Unknown
libesmf.so         000014E039675711  f_esmf_compcollec         519  ESMF_Comp_C.F90
libesmf.so         000014E039215562  finalize                 3822  ESMCI_VM.C
libesmf.so         000014E0391DA577  c_esmc_vmfinalize        1274  ESMCI_VM_F.C
libesmf.so         000014E03A2D763B  c_esmc_vmfinalize           0  ESMF_VM.F90
libesmf.so         000014E03A2CEA42  esmf_vmfinalize          9523  ESMF_VM.F90
libesmf.so         000014E039DDC82D  esmf_finalize            1752  ESMF_Init.F90
mainApp            0000000000417CAE  mainapp                   102  mainApp.F90
mainApp            000000000041728D  Unknown               Unknown  Unknown
libc.so.6          000014E03382CEEC  Unknown               Unknown  Unknown
libc.so.6          000014E03382CFB5  __libc_start_main     Unknown  Unknown
mainApp            0000000000417191  Unknown               Unknown  Unknown
srun: error: nid006335: tasks 1,3: Exited with exit code 174
srun: Terminating StepId=58343059.390
[2026-09-15T10:41:21.959] error: *** STEP 58343059.390 ON nid006335 CANCELLED AT 2026-09-15T10:41:21 DUE TO TASK FAILURE ***
forrtl: error (78): process killed (SIGTERM)
Image              PC                Routine            Line        Source             
libc.so.6          000014AE09243980  Unknown               Unknown  Unknown
libc.so.6          000014AE093001E7  __sched_yield         Unknown  Unknown
libmpi_intel.so.1  000014AE0AF01ADE  Unknown               Unknown  Unknown
libmpi_intel.so.1  000014AE0BC9DA16  Unknown               Unknown  Unknown
libmpi_intel.so.1  000014AE0BCB0169  Unknown               Unknown  Unknown
libmpi_intel.so.1  000014AE0BBB858C  Unknown               Unknown  Unknown
libmpi_intel.so.1  000014AE0A1A3D11  Unknown               Unknown  Unknown
libmpi_intel.so.1  000014AE0A1A3EF5  Unknown               Unknown  Unknown
libmpi_intel.so.1  000014AE0BE9D5F0  Unknown               Unknown  Unknown
libmpi_intel.so.1  000014AE0BCDD0FC  Unknown               Unknown  Unknown
libmpi_intel.so.1  000014AE0BCDB00C  Unknown               Unknown  Unknown
libmpi_intel.so.1  000014AE0A467C01  Unknown               Unknown  Unknown
libmpi_intel.so.1  000014AE0BCDF380  Unknown               Unknown  Unknown
libmpi_intel.so.1  000014AE0BE9E3D3  Unknown               Unknown  Unknown
libmpi_intel.so.1  000014AE0A291200  Unknown               Unknown  Unknown
libmpi_intel.so.1  000014AE0A29173F  PMPI_Barrier          Unknown  Unknown
libdarshan.so.0.0  000014AE0CDBE51C  darshan_core_shut     Unknown  Unknown
libdarshan.so.0.0  000014AE0CDBB674  MPI_Finalize          Unknown  Unknown
libesmf.so         000014AE0ED5120E  finalize                  873  ESMCI_VMKernel.C
libesmf.so         000014AE0ED841E7  finalize                 3938  ESMCI_VM.C
libesmf.so         000014AE0ED48577  c_esmc_vmfinalize        1274  ESMCI_VM_F.C
libesmf.so         000014AE0FE4563B  c_esmc_vmfinalize           0  ESMF_VM.F90
libesmf.so         000014AE0FE3CA42  esmf_vmfinalize          9523  ESMF_VM.F90
forrtl: error (78): process killed (SIGTERM)
Image              PC                Routine            Line        Source             
libc.so.6          00001481CA443980  Unknown               Unknown  Unknown
libc.so.6          00001481CA5001E7  __sched_yield         Unknown  Unknown
libmpi_intel.so.1  00001481CC101ADE  Unknown               Unknown  Unknown
libmpi_intel.so.1  00001481CCE9DA16  Unknown               Unknown  Unknown
libmpi_intel.so.1  00001481CCEB0169  Unknown               Unknown  Unknown
libmpi_intel.so.1  00001481CCDB858C  Unknown               Unknown  Unknown
libmpi_intel.so.1  00001481CB3A3D11  Unknown               Unknown  Unknown
libmpi_intel.so.1  00001481CB3A3EF5  Unknown               Unknown  Unknown
libmpi_intel.so.1  00001481CD09D5F0  Unknown               Unknown  Unknown
libmpi_intel.so.1  00001481CCEDD0FC  Unknown               Unknown  Unknown
libmpi_intel.so.1  00001481CCEDB00C  Unknown               Unknown  Unknown
libmpi_intel.so.1  00001481CB667C01  Unknown               Unknown  Unknown
libmpi_intel.so.1  00001481CCEDF380  Unknown               Unknown  Unknown
libmpi_intel.so.1  00001481CD09E3D3  Unknown               Unknown  Unknown
libmpi_intel.so.1  00001481CB491200  Unknown               Unknown  Unknown
libmpi_intel.so.1  00001481CB49173F  PMPI_Barrier          Unknown  Unknown
libdarshan.so.0.0  00001481CDFDC51C  darshan_core_shut     Unknown  Unknown
libdarshan.so.0.0  00001481CDFD9674  MPI_Finalize          Unknown  Unknown
libesmf.so         00001481CFF6F20E  finalize                  873  ESMCI_VMKernel.C
libesmf.so         00001481CFFA21E7  finalize                 3938  ESMCI_VM.C
libesmf.so         00001481CFF66577  c_esmc_vmfinalize        1274  ESMCI_VM_F.C
libesmf.so         00001481D106363B  c_esmc_vmfinalize           0  ESMF_VM.F90
libesmf.so         00001481D105AA42  esmf_vmfinalize          9523  ESMF_VM.F90
libesmf.so         00001481D0B6882D  esmf_finalize            1752  ESMF_Init.F90
mainApp            0000000000417CAE  mainapp                   102  mainApp.F90
mainApp            000000000041728D  Unknown               Unknown  Unknown
libc.so.6          00001481CA42CEEC  Unknown               Unknown  Unknown
libc.so.6          00001481CA42CFB5  __libc_start_main     Unknown  Unknown
mainApp            0000000000417191  Unknown               Unknown  Unknown
libesmf.so         000014AE0F94A82D  esmf_finalize            1752  ESMF_Init.F90
mainApp            0000000000417CAE  mainapp                   102  mainApp.F90
mainApp            000000000041728D  Unknown               Unknown  Unknown
libc.so.6          000014AE0922CEEC  Unknown               Unknown  Unknown
libc.so.6          000014AE0922CFB5  __libc_start_main     Unknown  Unknown
mainApp            0000000000417191  Unknown               Unknown  Unknown
srun: error: nid006335: tasks 0,2: Killed
srun: Force Terminated StepId=58343059.390
