2026-09-15 03:03:47
[2026-09-15T10:43:05.843] error: couldn't chdir to `/tmp/intel_2023.1.0-oneAPI_mpi_g_develop/nuopc-app-prototypes/NestingSingleProto': No such file or directory: going to /tmp instead
forrtl: severe (174): SIGSEGV, segmentation fault occurred
Image              PC                Routine            Line        Source             
libc.so.6          0000147A75843980  Unknown               Unknown  Unknown
mainApp            0000000000454E20  Unknown               Unknown  Unknown
mainApp            0000000000455E20  Unknown               Unknown  Unknown
mainApp            0000000000454FC5  Unknown               Unknown  Unknown
libesmf.so         0000147A7B768711  f_esmf_compcollec         519  ESMF_Comp_C.F90
libesmf.so         0000147A7B308562  finalize                 3822  ESMCI_VM.C
libesmf.so         0000147A7B2CD577  c_esmc_vmfinalize        1274  ESMCI_VM_F.C
libesmf.so         0000147A7C3CA63B  c_esmc_vmfinalize           0  ESMF_VM.F90
libesmf.so         0000147A7C3C1A42  esmf_vmfinalize          9523  ESMF_VM.F90
libesmf.so         0000147A7BECF82D  esmf_finalize            1752  ESMF_Init.F90
mainApp            00000000004186DE  mainapp                   112  mainApp.F90
mainApp            0000000000417C0D  Unknown               Unknown  Unknown
libc.so.6          0000147A7582CEEC  Unknown               Unknown  Unknown
libc.so.6          0000147A7582CFB5  __libc_start_main     Unknown  Unknown
mainApp            0000000000417B11  Unknown               Unknown  Unknown
forrtl: severe (174): SIGSEGV, segmentation fault occurred
Image              PC                Routine            Line        Source             
libc.so.6          00001516FD443980  Unknown               Unknown  Unknown
mainApp            0000000000454E73  Unknown               Unknown  Unknown
mainApp            0000000000455E20  Unknown               Unknown  Unknown
mainApp            0000000000454FC5  Unknown               Unknown  Unknown
libesmf.so         000015170328F711  f_esmf_compcollec         519  ESMF_Comp_C.F90
libesmf.so         0000151702E2F562  finalize                 3822  ESMCI_VM.C
libesmf.so         0000151702DF4577  c_esmc_vmfinalize        1274  ESMCI_VM_F.C
libesmf.so         0000151703EF163B  c_esmc_vmfinalize           0  ESMF_VM.F90
libesmf.so         0000151703EE8A42  esmf_vmfinalize          9523  ESMF_VM.F90
libesmf.so         00001517039F682D  esmf_finalize            1752  ESMF_Init.F90
mainApp            00000000004186DE  mainapp                   112  mainApp.F90
mainApp            0000000000417C0D  Unknown               Unknown  Unknown
libc.so.6          00001516FD42CEEC  Unknown               Unknown  Unknown
libc.so.6          00001516FD42CFB5  __libc_start_main     Unknown  Unknown
mainApp            0000000000417B11  Unknown               Unknown  Unknown
srun: error: nid006335: tasks 0,2: Exited with exit code 174
srun: Terminating StepId=58343059.398
[2026-09-15T10:43:08.732] error: *** STEP 58343059.398 ON nid006335 CANCELLED AT 2026-09-15T10:43:08 DUE TO TASK FAILURE ***
forrtl: error (78): process killed (SIGTERM)
Image              PC                Routine            Line        Source             
libc.so.6          000014B9D8443980  Unknown               Unknown  Unknown
libc.so.6          000014B9D85001E7  __sched_yield         Unknown  Unknown
libmpi_intel.so.1  000014B9DA101ADE  Unknown               Unknown  Unknown
libmpi_intel.so.1  000014B9DAE9DA16  Unknown               Unknown  Unknown
libmpi_intel.so.1  000014B9DAEB0169  Unknown               Unknown  Unknown
libmpi_intel.so.1  000014B9DADB858C  Unknown               Unknown  Unknown
libmpi_intel.so.1  000014B9D93A3D11  Unknown               Unknown  Unknown
libmpi_intel.so.1  000014B9D93A3EF5  Unknown               Unknown  Unknown
libmpi_intel.so.1  000014B9DB09D5F0  Unknown               Unknown  Unknown
libmpi_intel.so.1  000014B9DAEDD0FC  Unknown               Unknown  Unknown
libmpi_intel.so.1  000014B9DAEDB00C  Unknown               Unknown  Unknown
libmpi_intel.so.1  000014B9D9667C01  Unknown               Unknown  Unknown
libmpi_intel.so.1  000014B9DAEDF380  Unknown               Unknown  Unknown
libmpi_intel.so.1  000014B9DB09E3D3  Unknown               Unknown  Unknown
libmpi_intel.so.1  000014B9D9491200  Unknown               Unknown  Unknown
libmpi_intel.so.1  000014B9D949173F  PMPI_Barrier          Unknown  Unknown
libdarshan.so.0.0  000014B9DBF5D51C  darshan_core_shut     Unknown  Unknown
libdarshan.so.0.0  000014B9DBF5A674  MPI_Finalize          Unknown  Unknown
libesmf.so         000014B9DDEF020E  finalize                  873  ESMCI_VMKernel.C
libesmf.so         000014B9DDF231E7  finalize                 3938  ESMCI_VM.C
libesmf.so         000014B9DDEE7577  c_esmc_vmfinalize        1274  ESMCI_VM_F.C
libesmf.so         000014B9DEFE463B  c_esmc_vmfinalize           0  ESMF_VM.F90
libesmf.so         000014B9DEFDBA42  esmf_vmfinalize          9523  ESMF_VM.F90
libesmf.so         000014B9DEAE982D  esmf_finalize            1752  ESMF_Init.F90
mainApp            00000000004186DE  mainapp                   112  mainApp.F90
mainApp            0000000000417C0D  Unknown               Unknown  Unknown
libc.so.6          000014B9D842CEEC  Unknown               Unknown  Unknown
libc.so.6          000014B9D842CFB5  __libc_start_main     Unknown  Unknown
mainApp            0000000000417B11  Unknown               Unknown  Unknown
forrtl: error (78): process killed (SIGTERM)
Image              PC                Routine            Line        Source             
libc.so.6          0000150127443980  Unknown               Unknown  Unknown
libc.so.6          00001501275001E7  __sched_yield         Unknown  Unknown
libmpi_intel.so.1  0000150129101ADE  Unknown               Unknown  Unknown
libmpi_intel.so.1  0000150129E9DA16  Unknown               Unknown  Unknown
libmpi_intel.so.1  0000150129EB0169  Unknown               Unknown  Unknown
libmpi_intel.so.1  0000150129DB858C  Unknown               Unknown  Unknown
libmpi_intel.so.1  00001501283A3D11  Unknown               Unknown  Unknown
libmpi_intel.so.1  00001501283A3EF5  Unknown               Unknown  Unknown
libmpi_intel.so.1  000015012A09D5F0  Unknown               Unknown  Unknown
libmpi_intel.so.1  0000150129EDD0FC  Unknown               Unknown  Unknown
libmpi_intel.so.1  0000150129EDB00C  Unknown               Unknown  Unknown
libmpi_intel.so.1  0000150128667C01  Unknown               Unknown  Unknown
libmpi_intel.so.1  0000150129EDF380  Unknown               Unknown  Unknown
libmpi_intel.so.1  000015012A09E3D3  Unknown               Unknown  Unknown
libmpi_intel.so.1  0000150128491200  Unknown               Unknown  Unknown
libmpi_intel.so.1  000015012849173F  PMPI_Barrier          Unknown  Unknown
libdarshan.so.0.0  000015012AEF151C  darshan_core_shut     Unknown  Unknown
libdarshan.so.0.0  000015012AEEE674  MPI_Finalize          Unknown  Unknown
libesmf.so         000015012CE8420E  finalize                  873  ESMCI_VMKernel.C
libesmf.so         000015012CEB71E7  finalize                 3938  ESMCI_VM.C
libesmf.so         000015012CE7B577  c_esmc_vmfinalize        1274  ESMCI_VM_F.C
libesmf.so         000015012DF7863B  c_esmc_vmfinalize           0  ESMF_VM.F90
libesmf.so         000015012DF6FA42  esmf_vmfinalize          9523  ESMF_VM.F90
libesmf.so         000015012DA7D82D  esmf_finalize            1752  ESMF_Init.F90
mainApp            00000000004186DE  mainapp                   112  mainApp.F90
mainApp            0000000000417C0D  Unknown               Unknown  Unknown
libc.so.6          000015012742CEEC  Unknown               Unknown  Unknown
libc.so.6          000015012742CFB5  __libc_start_main     Unknown  Unknown
mainApp            0000000000417B11  Unknown               Unknown  Unknown
srun: error: nid006335: tasks 1,3: Killed
srun: Force Terminated StepId=58343059.398
