2026-09-10 04:35:11
forrtl: error (65): floating invalid
Image              PC                Routine            Line        Source             
libc.so.6          00007F045DC16980  Unknown               Unknown  Unknown
libhdf5_intel.so.  00007F045C14BA15  H5T__init_native_     Unknown  Unknown
libhdf5_intel.so.  00007F045C07DA26  H5T_init              Unknown  Unknown
libhdf5_intel.so.  00007F045C169519  H5VL_init_phase2      Unknown  Unknown
libhdf5_intel.so.  00007F045BE63DD5  H5_init_library       Unknown  Unknown
libhdf5_intel.so.  00007F045BF0112C  H5Eset_auto2          Unknown  Unknown
libnetcdf_intel.s  00007F04611F7BEC  nc4_hdf5_initiali     Unknown  Unknown
libnetcdf_intel.s  00007F04611FFEC9  NC_HDF5_initializ     Unknown  Unknown
libnetcdf_intel.s  00007F0461177214  nc_initialize         Unknown  Unknown
libnetcdf_intel.s  00007F0461179F1D  NC_create             Unknown  Unknown
libnetcdf_intel.s  00007F0461179DA6  nc_create             Unknown  Unknown
esmx_app           00000000004A514E  Unknown               Unknown  Unknown
esmx_app           00000000004A112E  Unknown               Unknown  Unknown
libesmf.so         00007F0461DE06ED  _ZN5ESMCI11PIO_Ha     Unknown  Unknown
libesmf.so         00007F0461C1CE09  _ZN5ESMCI10IO_Han     Unknown  Unknown
libesmf.so         00007F0461C235E4  _ZN5ESMCI2IO4open     Unknown  Unknown
libesmf.so         00007F0461C24F6E  _ZN5ESMCI2IO5writ     Unknown  Unknown
libesmf.so         00007F0461C1A821  c_esmc_iowrite_       Unknown  Unknown
libesmf.so         00007F0462338CAF  esmf_iomod_mp_esm     Unknown  Unknown
libesmf.so         00007F04621E93F5  esmf_fieldwrmod_m     Unknown  Unknown
libesmf.so         00007F0462610935  nuopc_auxiliary_m     Unknown  Unknown
libesmf.so         00007F0462611313  nuopc_auxiliary_m     Unknown  Unknown
esmx_app           0000000000457B03  datainitialize           1845  ESMX_Data.F90
libesmf.so         00007F0461DB0EF7  _ZN5ESMCI11Method     Unknown  Unknown
libesmf.so         00007F0461DB15B8  c_esmc_methodtabl     Unknown  Unknown
libesmf.so         00007F0461F3DAE0  esmf_attachmethod     Unknown  Unknown
libesmf.so         00007F0462725E24  nuopc_modelbase_m     Unknown  Unknown
libesmf.so         00007F0461B70B10  _ZN5ESMCI6FTable1     Unknown  Unknown
libesmf.so         00007F0461B7055C  ESMCI_FTableCallE     Unknown  Unknown
libesmf.so         00007F0461E79071  _ZN5ESMCI3VMK5ent     Unknown  Unknown
libesmf.so         00007F0461E8BB24  _ZN5ESMCI2VM5ente     Unknown  Unknown
libesmf.so         00007F0461B711F6  c_esmc_ftablecall     Unknown  Unknown
libesmf.so         00007F046205BD4D  esmf_compmod_mp_e     Unknown  Unknown
libesmf.so         00007F04622214F8  esmf_gridcompmod_     Unknown  Unknown
libesmf.so         00007F04626DD4D7  nuopc_driver_mp_l     Unknown  Unknown
libesmf.so         00007F04626DB6B2  nuopc_driver_mp_i     Unknown  Unknown
libesmf.so         00007F04626D97B4  nuopc_driver_mp_i     Unknown  Unknown
libesmf.so         00007F04626C5E34  nuopc_driver_mp_i     Unknown  Unknown
libesmf.so         00007F0461B70B10  _ZN5ESMCI6FTable1     Unknown  Unknown
libesmf.so         00007F0461B7055C  ESMCI_FTableCallE     Unknown  Unknown
libesmf.so         00007F0461E79071  _ZN5ESMCI3VMK5ent     Unknown  Unknown
libesmf.so         00007F0461E8BB24  _ZN5ESMCI2VM5ente     Unknown  Unknown
libesmf.so         00007F0461B711F6  c_esmc_ftablecall     Unknown  Unknown
libesmf.so         00007F046205BD4D  esmf_compmod_mp_e     Unknown  Unknown
libesmf.so         00007F04622214F8  esmf_gridcompmod_     Unknown  Unknown
esmx_app           0000000000421E8E  esmx_app                  388  ESMX_App.F90
esmx_app           000000000041AC9D  Unknown               Unknown  Unknown
libc.so.6          00007F045DBFFEEC  Unknown               Unknown  Unknown
libc.so.6          00007F045DBFFFB5  __libc_start_main     Unknown  Unknown
esmx_app           000000000041ABA1  Unknown               Unknown  Unknown
srun: error: c5n0120: task 0: Aborted
srun: Terminating StepId=135845243.409
[2026-09-10T05:01:15.820] error: *** STEP 135845243.409 ON c5n0120 CANCELLED AT 2026-09-10T05:01:15 DUE TO TASK FAILURE ***
forrtl: error (78): process killed (SIGTERM)
Image              PC                Routine            Line        Source             
libc.so.6          00007F8D5F043980  Unknown               Unknown  Unknown
libc.so.6          00007F8D5F1001E7  __sched_yield         Unknown  Unknown
libmpi_intel.so.1  00007F8D60BB43F8  Unknown               Unknown  Unknown
libmpi_intel.so.1  00007F8D6179E666  Unknown               Unknown  Unknown
libmpi_intel.so.1  00007F8D617A2B3F  Unknown               Unknown  Unknown
libmpi_intel.so.1  00007F8D6192E995  Unknown               Unknown  Unknown
libmpi_intel.so.1  00007F8D6192F8CF  Unknown               Unknown  Unknown
libmpi_intel.so.1  00007F8D616CA682  Unknown               Unknown  Unknown
libmpi_intel.so.1  00007F8D5FFEF086  Unknown               Unknown  Unknown
libmpi_intel.so.1  00007F8D5FFEF141  Unknown               Unknown  Unknown
libmpi_intel.so.1  00007F8D61929223  Unknown               Unknown  Unknown
libmpi_intel.so.1  00007F8D617CAFD4  Unknown               Unknown  Unknown
libmpi_intel.so.1  00007F8D617C8FFE  Unknown               Unknown  Unknown
libmpi_intel.so.1  00007F8D60244011  Unknown               Unknown  Unknown
libmpi_intel.so.1  00007F8D617CD8BF  Unknown               Unknown  Unknown
libmpi_intel.so.1  00007F8D6192F925  Unknown               Unknown  Unknown
libmpi_intel.so.1  00007F8D6012736D  MPI_Bcast             Unknown  Unknown
esmx_app           00000000004A516E  Unknown               Unknown  Unknown
esmx_app           00000000004A112E  Unknown               Unknown  Unknown
libesmf.so         00007F8D632EE6ED  _ZN5ESMCI11PIO_Ha     Unknown  Unknown
libesmf.so         00007F8D6312AE09  _ZN5ESMCI10IO_Han     Unknown  Unknown
libesmf.so         00007F8D631315E4  _ZN5ESMCI2IO4open     Unknown  Unknown
libesmf.so         00007F8D63132F6E  _ZN5ESMCI2IO5writ     Unknown  Unknown
libesmf.so         00007F8D63128821  c_esmc_iowrite_       Unknown  Unknown
libesmf.so         00007F8D63846CAF  esmf_iomod_mp_esm     Unknown  Unknown
libesmf.so         00007F8D636F73F5  esmf_fieldwrmod_m     Unknown  Unknown
libesmf.so         00007F8D63B1E935  nuopc_auxiliary_m     Unknown  Unknown
libesmf.so         00007F8D63B1F313  nuopc_auxiliary_m     Unknown  Unknown
esmx_app           0000000000457B03  datainitialize           1845  ESMX_Data.F90
libesmf.so         00007F8D632BEEF7  _ZN5ESMCI11Method     Unknown  Unknown
libesmf.so         00007F8D632BF5B8  c_esmc_methodtabl     Unknown  Unknown
libesmf.so         00007F8D6344BAE0  esmf_attachmethod     Unknown  Unknown
libesmf.so         00007F8D63C33E24  nuopc_modelbase_m     Unknown  Unknown
libesmf.so         00007F8D6307EB10  _ZN5ESMCI6FTable1     Unknown  Unknown
libesmf.so         00007F8D6307E55C  ESMCI_FTableCallE     Unknown  Unknown
libesmf.so         00007F8D63387071  _ZN5ESMCI3VMK5ent     Unknown  Unknown
libesmf.so         00007F8D63399B24  _ZN5ESMCI2VM5ente     Unknown  Unknown
libesmf.so         00007F8D6307F1F6  c_esmc_ftablecall     Unknown  Unknown
libesmf.so         00007F8D63569D4D  esmf_compmod_mp_e     Unknown  Unknown
libesmf.so         00007F8D6372F4F8  esmf_gridcompmod_     Unknown  Unknown
libesmf.so         00007F8D63BEB4D7  nuopc_driver_mp_l     Unknown  Unknown
libesmf.so         00007F8D63BE96B2  nuopc_driver_mp_i     Unknown  Unknown
libesmf.so         00007F8D63BE77B4  nuopc_driver_mp_i     Unknown  Unknown
libesmf.so         00007F8D63BD3E34  nuopc_driver_mp_i     Unknown  Unknown
libesmf.so         00007F8D6307EB10  _ZN5ESMCI6FTable1     Unknown  Unknown
libesmf.so         00007F8D6307E55C  ESMCI_FTableCallE     Unknown  Unknown
libesmf.so         00007F8D63387071  _ZN5ESMCI3VMK5ent     Unknown  Unknown
libesmf.so         00007F8D63399B24  _ZN5ESMCI2VM5ente     Unknown  Unknown
libesmf.so         00007F8D6307F1F6  c_esmc_ftablecall     Unknown  Unknown
libesmf.so         00007F8D63569D4D  esmf_compmod_mp_e     Unknown  Unknown
libesmf.so         00007F8D6372F4F8  esmf_gridcompmod_     Unknown  Unknown
esmx_app           0000000000421E8E  esmx_app                  388  ESMX_App.F90
esmx_app           000000000041AC9D  Unknown               Unknown  Unknown
libc.so.6          00007F8D5F02CEEC  Unknown               Unknown  Unknown
libc.so.6          00007F8D5F02CFB5  __libc_start_main     Unknown  Unknown
esmx_app           000000000041ABA1  Unknown               Unknown  Unknown
forrtl: error (78): process killed (SIGTERM)
Image              PC                Routine            Line        Source             
libc.so.6          00007FCF5E243980  Unknown               Unknown  Unknown
libc.so.6          00007FCF5E3001E7  __sched_yield         Unknown  Unknown
libmpi_intel.so.1  00007FCF5FE533F8  Unknown               Unknown  Unknown
libmpi_intel.so.1  00007FCF60A3D666  Unknown               Unknown  Unknown
libmpi_intel.so.1  00007FCF60A41B3F  Unknown               Unknown  Unknown
libmpi_intel.so.1  00007FCF60BCD995  Unknown               Unknown  Unknown
libmpi_intel.so.1  00007FCF60BCE8CF  Unknown               Unknown  Unknown
libmpi_intel.so.1  00007FCF60969682  Unknown               Unknown  Unknown
libmpi_intel.so.1  00007FCF5F28E086  Unknown               Unknown  Unknown
libmpi_intel.so.1  00007FCF5F28E141  Unknown               Unknown  Unknown
libmpi_intel.so.1  00007FCF60BC8223  Unknown               Unknown  Unknown
libmpi_intel.so.1  00007FCF60A69FD4  Unknown               Unknown  Unknown
libmpi_intel.so.1  00007FCF60A67FFE  Unknown               Unknown  Unknown
libmpi_intel.so.1  00007FCF5F4E3011  Unknown               Unknown  Unknown
libmpi_intel.so.1  00007FCF60A6C8BF  Unknown               Unknown  Unknown
libmpi_intel.so.1  00007FCF60BCE925  Unknown               Unknown  Unknown
libmpi_intel.so.1  00007FCF5F3C636D  MPI_Bcast             Unknown  Unknown
esmx_app           00000000004A516E  Unknown               Unknown  Unknown
esmx_app           00000000004A112E  Unknown               Unknown  Unknown
libesmf.so         00007FCF6258D6ED  _ZN5ESMCI11PIO_Ha     Unknown  Unknown
libesmf.so         00007FCF623C9E09  _ZN5ESMCI10IO_Han     Unknown  Unknown
libesmf.so         00007FCF623D05E4  _ZN5ESMCI2IO4open     Unknown  Unknown
libesmf.so         00007FCF623D1F6E  _ZN5ESMCI2IO5writ     Unknown  Unknown
libesmf.so         00007FCF623C7821  c_esmc_iowrite_       Unknown  Unknown
libesmf.so         00007FCF62AE5CAF  esmf_iomod_mp_esm     Unknown  Unknown
libesmf.so         00007FCF629963F5  esmf_fieldwrmod_m     Unknown  Unknown
libesmf.so         00007FCF62DBD935  nuopc_auxiliary_m     Unknown  Unknown
libesmf.so         00007FCF62DBE313  nuopc_auxiliary_m     Unknown  Unknown
esmx_app           0000000000457B03  datainitialize           1845  ESMX_Data.F90
libesmf.so         00007FCF6255DEF7  _ZN5ESMCI11Method     Unknown  Unknown
libesmf.so         00007FCF6255E5B8  c_esmc_methodtabl     Unknown  Unknown
libesmf.so         00007FCF626EAAE0  esmf_attachmethod     Unknown  Unknown
libesmf.so         00007FCF62ED2E24  nuopc_modelbase_m     Unknown  Unknown
libesmf.so         00007FCF6231DB10  _ZN5ESMCI6FTable1     Unknown  Unknown
libesmf.so         00007FCF6231D55C  ESMCI_FTableCallE     Unknown  Unknown
libesmf.so         00007FCF62626071  _ZN5ESMCI3VMK5ent     Unknown  Unknown
libesmf.so         00007FCF62638B24  _ZN5ESMCI2VM5ente     Unknown  Unknown
libesmf.so         00007FCF6231E1F6  c_esmc_ftablecall     Unknown  Unknown
libesmf.so         00007FCF62808D4D  esmf_compmod_mp_e     Unknown  Unknown
libesmf.so         00007FCF629CE4F8  esmf_gridcompmod_     Unknown  Unknown
libesmf.so         00007FCF62E8A4D7  nuopc_driver_mp_l     Unknown  Unknown
libesmf.so         00007FCF62E886B2  nuopc_driver_mp_i     Unknown  Unknown
libesmf.so         00007FCF62E867B4  nuopc_driver_mp_i     Unknown  Unknown
libesmf.so         00007FCF62E72E34  nuopc_driver_mp_i     Unknown  Unknown
libesmf.so         00007FCF6231DB10  _ZN5ESMCI6FTable1     Unknown  Unknown
libesmf.so         00007FCF6231D55C  ESMCI_FTableCallE     Unknown  Unknown
libesmf.so         00007FCF62626071  _ZN5ESMCI3VMK5ent     Unknown  Unknown
libesmf.so         00007FCF62638B24  _ZN5ESMCI2VM5ente     Unknown  Unknown
libesmf.so         00007FCF6231E1F6  c_esmc_ftablecall     Unknown  Unknown
libesmf.so         00007FCF62808D4D  esmf_compmod_mp_e     Unknown  Unknown
libesmf.so         00007FCF629CE4F8  esmf_gridcompmod_     Unknown  Unknown
esmx_app           0000000000421E8E  esmx_app                  388  ESMX_App.F90
esmx_app           000000000041AC9D  Unknown               Unknown  Unknown
libc.so.6          00007FCF5E22CEEC  Unknown               Unknown  Unknown
libc.so.6          00007FCF5E22CFB5  __libc_start_main     Unknown  Unknown
esmx_app           000000000041ABA1  Unknown               Unknown  Unknown
forrtl: error (78): process killed (SIGTERM)
Image              PC                Routine            Line        Source             
libc.so.6          00007F5F09843980  Unknown               Unknown  Unknown
libc.so.6          00007F5F099001E7  __sched_yield         Unknown  Unknown
libmpi_intel.so.1  00007F5F0B4023F8  Unknown               Unknown  Unknown
libmpi_intel.so.1  00007F5F0BFEC666  Unknown               Unknown  Unknown
libmpi_intel.so.1  00007F5F0BFF0B3F  Unknown               Unknown  Unknown
libmpi_intel.so.1  00007F5F0C17C995  Unknown               Unknown  Unknown
libmpi_intel.so.1  00007F5F0C17D8CF  Unknown               Unknown  Unknown
libmpi_intel.so.1  00007F5F0BF18682  Unknown               Unknown  Unknown
libmpi_intel.so.1  00007F5F0A83D086  Unknown               Unknown  Unknown
libmpi_intel.so.1  00007F5F0A83D141  Unknown               Unknown  Unknown
libmpi_intel.so.1  00007F5F0C177223  Unknown               Unknown  Unknown
libmpi_intel.so.1  00007F5F0C018FD4  Unknown               Unknown  Unknown
libmpi_intel.so.1  00007F5F0C016FFE  Unknown               Unknown  Unknown
libmpi_intel.so.1  00007F5F0AA92011  Unknown               Unknown  Unknown
libmpi_intel.so.1  00007F5F0C01B8BF  Unknown               Unknown  Unknown
libmpi_intel.so.1  00007F5F0C17D925  Unknown               Unknown  Unknown
libmpi_intel.so.1  00007F5F0A97536D  MPI_Bcast             Unknown  Unknown
esmx_app           00000000004A516E  Unknown               Unknown  Unknown
esmx_app           00000000004A112E  Unknown               Unknown  Unknown
libesmf.so         00007F5F0DB3C6ED  _ZN5ESMCI11PIO_Ha     Unknown  Unknown
libesmf.so         00007F5F0D978E09  _ZN5ESMCI10IO_Han     Unknown  Unknown
libesmf.so         00007F5F0D97F5E4  _ZN5ESMCI2IO4open     Unknown  Unknown
libesmf.so         00007F5F0D980F6E  _ZN5ESMCI2IO5writ     Unknown  Unknown
libesmf.so         00007F5F0D976821  c_esmc_iowrite_       Unknown  Unknown
libesmf.so         00007F5F0E094CAF  esmf_iomod_mp_esm     Unknown  Unknown
libesmf.so         00007F5F0DF453F5  esmf_fieldwrmod_m     Unknown  Unknown
libesmf.so         00007F5F0E36C935  nuopc_auxiliary_m     Unknown  Unknown
libesmf.so         00007F5F0E36D313  nuopc_auxiliary_m     Unknown  Unknown
esmx_app           0000000000457B03  datainitialize           1845  ESMX_Data.F90
libesmf.so         00007F5F0DB0CEF7  _ZN5ESMCI11Method     Unknown  Unknown
libesmf.so         00007F5F0DB0D5B8  c_esmc_methodtabl     Unknown  Unknown
libesmf.so         00007F5F0DC99AE0  esmf_attachmethod     Unknown  Unknown
libesmf.so         00007F5F0E481E24  nuopc_modelbase_m     Unknown  Unknown
libesmf.so         00007F5F0D8CCB10  _ZN5ESMCI6FTable1     Unknown  Unknown
libesmf.so         00007F5F0D8CC55C  ESMCI_FTableCallE     Unknown  Unknown
libesmf.so         00007F5F0DBD5071  _ZN5ESMCI3VMK5ent     Unknown  Unknown
libesmf.so         00007F5F0DBE7B24  _ZN5ESMCI2VM5ente     Unknown  Unknown
libesmf.so         00007F5F0D8CD1F6  c_esmc_ftablecall     Unknown  Unknown
libesmf.so         00007F5F0DDB7D4D  esmf_compmod_mp_e     Unknown  Unknown
libesmf.so         00007F5F0DF7D4F8  esmf_gridcompmod_     Unknown  Unknown
libesmf.so         00007F5F0E4394D7  nuopc_driver_mp_l     Unknown  Unknown
libesmf.so         00007F5F0E4376B2  nuopc_driver_mp_i     Unknown  Unknown
libesmf.so         00007F5F0E4357B4  nuopc_driver_mp_i     Unknown  Unknown
libesmf.so         00007F5F0E421E34  nuopc_driver_mp_i     Unknown  Unknown
libesmf.so         00007F5F0D8CCB10  _ZN5ESMCI6FTable1     Unknown  Unknown
libesmf.so         00007F5F0D8CC55C  ESMCI_FTableCallE     Unknown  Unknown
libesmf.so         00007F5F0DBD5071  _ZN5ESMCI3VMK5ent     Unknown  Unknown
libesmf.so         00007F5F0DBE7B24  _ZN5ESMCI2VM5ente     Unknown  Unknown
libesmf.so         00007F5F0D8CD1F6  c_esmc_ftablecall     Unknown  Unknown
libesmf.so         00007F5F0DDB7D4D  esmf_compmod_mp_e     Unknown  Unknown
libesmf.so         00007F5F0DF7D4F8  esmf_gridcompmod_     Unknown  Unknown
esmx_app           0000000000421E8E  esmx_app                  388  ESMX_App.F90
esmx_app           000000000041AC9D  Unknown               Unknown  Unknown
libc.so.6          00007F5F0982CEEC  Unknown               Unknown  Unknown
libc.so.6          00007F5F0982CFB5  __libc_start_main     Unknown  Unknown
esmx_app           000000000041ABA1  Unknown               Unknown  Unknown
srun: error: c5n0120: tasks 1-3: Exited with exit code 1
