2026-09-10 04:35:11
forrtl: error (65): floating invalid
Image              PC                Routine            Line        Source             
libc.so.6          00007FB9F3816980  Unknown               Unknown  Unknown
libhdf5_intel.so.  00007FB9F1D43A15  H5T__init_native_     Unknown  Unknown
libhdf5_intel.so.  00007FB9F1C75A26  H5T_init              Unknown  Unknown
libhdf5_intel.so.  00007FB9F1D61519  H5VL_init_phase2      Unknown  Unknown
libhdf5_intel.so.  00007FB9F1A5BDD5  H5_init_library       Unknown  Unknown
libhdf5_intel.so.  00007FB9F1AF912C  H5Eset_auto2          Unknown  Unknown
libnetcdf_intel.s  00007FB9F6DEFBEC  nc4_hdf5_initiali     Unknown  Unknown
libnetcdf_intel.s  00007FB9F6DF7EC9  NC_HDF5_initializ     Unknown  Unknown
libnetcdf_intel.s  00007FB9F6D6F214  nc_initialize         Unknown  Unknown
libnetcdf_intel.s  00007FB9F6D71F1D  NC_create             Unknown  Unknown
libnetcdf_intel.s  00007FB9F6D71DA6  nc_create             Unknown  Unknown
esmx_app           00000000004A514E  Unknown               Unknown  Unknown
esmx_app           00000000004A112E  Unknown               Unknown  Unknown
libesmf.so         00007FB9F79D86ED  _ZN5ESMCI11PIO_Ha     Unknown  Unknown
libesmf.so         00007FB9F7814E09  _ZN5ESMCI10IO_Han     Unknown  Unknown
libesmf.so         00007FB9F781B5E4  _ZN5ESMCI2IO4open     Unknown  Unknown
libesmf.so         00007FB9F781CF6E  _ZN5ESMCI2IO5writ     Unknown  Unknown
libesmf.so         00007FB9F7812821  c_esmc_iowrite_       Unknown  Unknown
libesmf.so         00007FB9F7F30CAF  esmf_iomod_mp_esm     Unknown  Unknown
libesmf.so         00007FB9F7DE13F5  esmf_fieldwrmod_m     Unknown  Unknown
libesmf.so         00007FB9F8208935  nuopc_auxiliary_m     Unknown  Unknown
libesmf.so         00007FB9F8209313  nuopc_auxiliary_m     Unknown  Unknown
esmx_app           0000000000457B03  datainitialize           1845  ESMX_Data.F90
libesmf.so         00007FB9F79A8EF7  _ZN5ESMCI11Method     Unknown  Unknown
libesmf.so         00007FB9F79A95B8  c_esmc_methodtabl     Unknown  Unknown
libesmf.so         00007FB9F7B35AE0  esmf_attachmethod     Unknown  Unknown
libesmf.so         00007FB9F831DE24  nuopc_modelbase_m     Unknown  Unknown
libesmf.so         00007FB9F7768B10  _ZN5ESMCI6FTable1     Unknown  Unknown
libesmf.so         00007FB9F776855C  ESMCI_FTableCallE     Unknown  Unknown
libesmf.so         00007FB9F7A71071  _ZN5ESMCI3VMK5ent     Unknown  Unknown
libesmf.so         00007FB9F7A83B24  _ZN5ESMCI2VM5ente     Unknown  Unknown
libesmf.so         00007FB9F77691F6  c_esmc_ftablecall     Unknown  Unknown
libesmf.so         00007FB9F7C53D4D  esmf_compmod_mp_e     Unknown  Unknown
libesmf.so         00007FB9F7E194F8  esmf_gridcompmod_     Unknown  Unknown
libesmf.so         00007FB9F82D54D7  nuopc_driver_mp_l     Unknown  Unknown
libesmf.so         00007FB9F82D36B2  nuopc_driver_mp_i     Unknown  Unknown
libesmf.so         00007FB9F82D17B4  nuopc_driver_mp_i     Unknown  Unknown
libesmf.so         00007FB9F82BDE34  nuopc_driver_mp_i     Unknown  Unknown
libesmf.so         00007FB9F7768B10  _ZN5ESMCI6FTable1     Unknown  Unknown
libesmf.so         00007FB9F776855C  ESMCI_FTableCallE     Unknown  Unknown
libesmf.so         00007FB9F7A71071  _ZN5ESMCI3VMK5ent     Unknown  Unknown
libesmf.so         00007FB9F7A83B24  _ZN5ESMCI2VM5ente     Unknown  Unknown
libesmf.so         00007FB9F77691F6  c_esmc_ftablecall     Unknown  Unknown
libesmf.so         00007FB9F7C53D4D  esmf_compmod_mp_e     Unknown  Unknown
libesmf.so         00007FB9F7E194F8  esmf_gridcompmod_     Unknown  Unknown
esmx_app           0000000000421E8E  esmx_app                  388  ESMX_App.F90
esmx_app           000000000041AC9D  Unknown               Unknown  Unknown
libc.so.6          00007FB9F37FFEEC  Unknown               Unknown  Unknown
libc.so.6          00007FB9F37FFFB5  __libc_start_main     Unknown  Unknown
esmx_app           000000000041ABA1  Unknown               Unknown  Unknown
srun: error: c5n0120: task 0: Aborted (core dumped)
srun: Terminating StepId=135845243.407
[2026-09-10T05:01:14.195] error: *** STEP 135845243.407 ON c5n0120 CANCELLED AT 2026-09-10T05:01:14 DUE TO TASK FAILURE ***
forrtl: error (78): process killed (SIGTERM)
Image              PC                Routine            Line        Source             
libc.so.6          00007FBCE5843980  Unknown               Unknown  Unknown
libc.so.6          00007FBCE59001E7  __sched_yield         Unknown  Unknown
libmpi_intel.so.1  00007FBCE743E3F8  Unknown               Unknown  Unknown
libmpi_intel.so.1  00007FBCE8028666  Unknown               Unknown  Unknown
libmpi_intel.so.1  00007FBCE802CB3F  Unknown               Unknown  Unknown
libmpi_intel.so.1  00007FBCE81B8995  Unknown               Unknown  Unknown
libmpi_intel.so.1  00007FBCE81B98CF  Unknown               Unknown  Unknown
libmpi_intel.so.1  00007FBCE7F54682  Unknown               Unknown  Unknown
libmpi_intel.so.1  00007FBCE6879086  Unknown               Unknown  Unknown
libmpi_intel.so.1  00007FBCE6879141  Unknown               Unknown  Unknown
libmpi_intel.so.1  00007FBCE81B3223  Unknown               Unknown  Unknown
libmpi_intel.so.1  00007FBCE8054FD4  Unknown               Unknown  Unknown
libmpi_intel.so.1  00007FBCE8052FFE  Unknown               Unknown  Unknown
libmpi_intel.so.1  00007FBCE6ACE011  Unknown               Unknown  Unknown
libmpi_intel.so.1  00007FBCE80578BF  Unknown               Unknown  Unknown
libmpi_intel.so.1  00007FBCE81B9925  Unknown               Unknown  Unknown
libmpi_intel.so.1  00007FBCE69B136D  MPI_Bcast             Unknown  Unknown
esmx_app           00000000004A516E  Unknown               Unknown  Unknown
esmx_app           00000000004A112E  Unknown               Unknown  Unknown
libesmf.so         00007FBCE9B786ED  _ZN5ESMCI11PIO_Ha     Unknown  Unknown
libesmf.so         00007FBCE99B4E09  _ZN5ESMCI10IO_Han     Unknown  Unknown
libesmf.so         00007FBCE99BB5E4  _ZN5ESMCI2IO4open     Unknown  Unknown
libesmf.so         00007FBCE99BCF6E  _ZN5ESMCI2IO5writ     Unknown  Unknown
libesmf.so         00007FBCE99B2821  c_esmc_iowrite_       Unknown  Unknown
libesmf.so         00007FBCEA0D0CAF  esmf_iomod_mp_esm     Unknown  Unknown
libesmf.so         00007FBCE9F813F5  esmf_fieldwrmod_m     Unknown  Unknown
libesmf.so         00007FBCEA3A8935  nuopc_auxiliary_m     Unknown  Unknown
libesmf.so         00007FBCEA3A9313  nuopc_auxiliary_m     Unknown  Unknown
esmx_app           0000000000457B03  datainitialize           1845  ESMX_Data.F90
libesmf.so         00007FBCE9B48EF7  _ZN5ESMCI11Method     Unknown  Unknown
libesmf.so         00007FBCE9B495B8  c_esmc_methodtabl     Unknown  Unknown
libesmf.so         00007FBCE9CD5AE0  esmf_attachmethod     Unknown  Unknown
libesmf.so         00007FBCEA4BDE24  nuopc_modelbase_m     Unknown  Unknown
libesmf.so         00007FBCE9908B10  _ZN5ESMCI6FTable1     Unknown  Unknown
libesmf.so         00007FBCE990855C  ESMCI_FTableCallE     Unknown  Unknown
libesmf.so         00007FBCE9C11071  _ZN5ESMCI3VMK5ent     Unknown  Unknown
libesmf.so         00007FBCE9C23B24  _ZN5ESMCI2VM5ente     Unknown  Unknown
libesmf.so         00007FBCE99091F6  c_esmc_ftablecall     Unknown  Unknown
libesmf.so         00007FBCE9DF3D4D  esmf_compmod_mp_e     Unknown  Unknown
libesmf.so         00007FBCE9FB94F8  esmf_gridcompmod_     Unknown  Unknown
libesmf.so         00007FBCEA4754D7  nuopc_driver_mp_l     Unknown  Unknown
libesmf.so         00007FBCEA4736B2  nuopc_driver_mp_i     Unknown  Unknown
libesmf.so         00007FBCEA4717B4  nuopc_driver_mp_i     Unknown  Unknown
libesmf.so         00007FBCEA45DE34  nuopc_driver_mp_i     Unknown  Unknown
libesmf.so         00007FBCE9908B10  _ZN5ESMCI6FTable1     Unknown  Unknown
libesmf.so         00007FBCE990855C  ESMCI_FTableCallE     Unknown  Unknown
libesmf.so         00007FBCE9C11071  _ZN5ESMCI3VMK5ent     Unknown  Unknown
libesmf.so         00007FBCE9C23B24  _ZN5ESMCI2VM5ente     Unknown  Unknown
libesmf.so         00007FBCE99091F6  c_esmc_ftablecall     Unknown  Unknown
libesmf.so         00007FBCE9DF3D4D  esmf_compmod_mp_e     Unknown  Unknown
libesmf.so         00007FBCE9FB94F8  esmf_gridcompmod_     Unknown  Unknown
esmx_app           0000000000421E8E  esmx_app                  388  ESMX_App.F90
esmx_app           000000000041AC9D  Unknown               Unknown  Unknown
libc.so.6          00007FBCE582CEEC  Unknown               Unknown  Unknown
libc.so.6          00007FBCE582CFB5  __libc_start_main     Unknown  Unknown
esmx_app           000000000041ABA1  Unknown               Unknown  Unknown
forrtl: error (78): process killed (SIGTERM)
Image              PC                Routine            Line        Source             
libc.so.6          00007F19A7243980  Unknown               Unknown  Unknown
libc.so.6          00007F19A73001E7  __sched_yield         Unknown  Unknown
libmpi_intel.so.1  00007F19A8D8F3F8  Unknown               Unknown  Unknown
libmpi_intel.so.1  00007F19A9979666  Unknown               Unknown  Unknown
libmpi_intel.so.1  00007F19A997DB3F  Unknown               Unknown  Unknown
libmpi_intel.so.1  00007F19A9B09995  Unknown               Unknown  Unknown
libmpi_intel.so.1  00007F19A9B0A8CF  Unknown               Unknown  Unknown
libmpi_intel.so.1  00007F19A98A5682  Unknown               Unknown  Unknown
libmpi_intel.so.1  00007F19A81CA086  Unknown               Unknown  Unknown
libmpi_intel.so.1  00007F19A81CA141  Unknown               Unknown  Unknown
libmpi_intel.so.1  00007F19A9B04223  Unknown               Unknown  Unknown
libmpi_intel.so.1  00007F19A99A5FD4  Unknown               Unknown  Unknown
libmpi_intel.so.1  00007F19A99A3FFE  Unknown               Unknown  Unknown
libmpi_intel.so.1  00007F19A841F011  Unknown               Unknown  Unknown
libmpi_intel.so.1  00007F19A99A88BF  Unknown               Unknown  Unknown
libmpi_intel.so.1  00007F19A9B0A925  Unknown               Unknown  Unknown
libmpi_intel.so.1  00007F19A830236D  MPI_Bcast             Unknown  Unknown
esmx_app           00000000004A516E  Unknown               Unknown  Unknown
esmx_app           00000000004A112E  Unknown               Unknown  Unknown
libesmf.so         00007F19AB4C96ED  _ZN5ESMCI11PIO_Ha     Unknown  Unknown
libesmf.so         00007F19AB305E09  _ZN5ESMCI10IO_Han     Unknown  Unknown
libesmf.so         00007F19AB30C5E4  _ZN5ESMCI2IO4open     Unknown  Unknown
libesmf.so         00007F19AB30DF6E  _ZN5ESMCI2IO5writ     Unknown  Unknown
libesmf.so         00007F19AB303821  c_esmc_iowrite_       Unknown  Unknown
libesmf.so         00007F19ABA21CAF  esmf_iomod_mp_esm     Unknown  Unknown
libesmf.so         00007F19AB8D23F5  esmf_fieldwrmod_m     Unknown  Unknown
libesmf.so         00007F19ABCF9935  nuopc_auxiliary_m     Unknown  Unknown
libesmf.so         00007F19ABCFA313  nuopc_auxiliary_m     Unknown  Unknown
esmx_app           0000000000457B03  datainitialize           1845  ESMX_Data.F90
libesmf.so         00007F19AB499EF7  _ZN5ESMCI11Method     Unknown  Unknown
libesmf.so         00007F19AB49A5B8  c_esmc_methodtabl     Unknown  Unknown
libesmf.so         00007F19AB626AE0  esmf_attachmethod     Unknown  Unknown
libesmf.so         00007F19ABE0EE24  nuopc_modelbase_m     Unknown  Unknown
libesmf.so         00007F19AB259B10  _ZN5ESMCI6FTable1     Unknown  Unknown
libesmf.so         00007F19AB25955C  ESMCI_FTableCallE     Unknown  Unknown
libesmf.so         00007F19AB562071  _ZN5ESMCI3VMK5ent     Unknown  Unknown
libesmf.so         00007F19AB574B24  _ZN5ESMCI2VM5ente     Unknown  Unknown
libesmf.so         00007F19AB25A1F6  c_esmc_ftablecall     Unknown  Unknown
libesmf.so         00007F19AB744D4D  esmf_compmod_mp_e     Unknown  Unknown
libesmf.so         00007F19AB90A4F8  esmf_gridcompmod_     Unknown  Unknown
libesmf.so         00007F19ABDC64D7  nuopc_driver_mp_l     Unknown  Unknown
libesmf.so         00007F19ABDC46B2  nuopc_driver_mp_i     Unknown  Unknown
libesmf.so         00007F19ABDC27B4  nuopc_driver_mp_i     Unknown  Unknown
libesmf.so         00007F19ABDAEE34  nuopc_driver_mp_i     Unknown  Unknown
libesmf.so         00007F19AB259B10  _ZN5ESMCI6FTable1     Unknown  Unknown
libesmf.so         00007F19AB25955C  ESMCI_FTableCallE     Unknown  Unknown
libesmf.so         00007F19AB562071  _ZN5ESMCI3VMK5ent     Unknown  Unknown
libesmf.so         00007F19AB574B24  _ZN5ESMCI2VM5ente     Unknown  Unknown
libesmf.so         00007F19AB25A1F6  c_esmc_ftablecall     Unknown  Unknown
libesmf.so         00007F19AB744D4D  esmf_compmod_mp_e     Unknown  Unknown
libesmf.so         00007F19AB90A4F8  esmf_gridcompmod_     Unknown  Unknown
esmx_app           0000000000421E8E  esmx_app                  388  ESMX_App.F90
esmx_app           000000000041AC9D  Unknown               Unknown  Unknown
libc.so.6          00007F19A722CEEC  Unknown               Unknown  Unknown
libc.so.6          00007F19A722CFB5  __libc_start_main     Unknown  Unknown
esmx_app           000000000041ABA1  Unknown               Unknown  Unknown
forrtl: error (78): process killed (SIGTERM)
Image              PC                Routine            Line        Source             
libc.so.6          00007FE26D043980  Unknown               Unknown  Unknown
libc.so.6          00007FE26D1001E7  __sched_yield         Unknown  Unknown
libmpi_intel.so.1  00007FE26EBF73F8  Unknown               Unknown  Unknown
libmpi_intel.so.1  00007FE26F7E1666  Unknown               Unknown  Unknown
libmpi_intel.so.1  00007FE26F7E5B3F  Unknown               Unknown  Unknown
libmpi_intel.so.1  00007FE26F971995  Unknown               Unknown  Unknown
libmpi_intel.so.1  00007FE26F9728CF  Unknown               Unknown  Unknown
libmpi_intel.so.1  00007FE26F70D682  Unknown               Unknown  Unknown
libmpi_intel.so.1  00007FE26E032086  Unknown               Unknown  Unknown
libmpi_intel.so.1  00007FE26E032141  Unknown               Unknown  Unknown
libmpi_intel.so.1  00007FE26F96C223  Unknown               Unknown  Unknown
libmpi_intel.so.1  00007FE26F80DFD4  Unknown               Unknown  Unknown
libmpi_intel.so.1  00007FE26F80BFFE  Unknown               Unknown  Unknown
libmpi_intel.so.1  00007FE26E287011  Unknown               Unknown  Unknown
libmpi_intel.so.1  00007FE26F8108BF  Unknown               Unknown  Unknown
libmpi_intel.so.1  00007FE26F972925  Unknown               Unknown  Unknown
libmpi_intel.so.1  00007FE26E16A36D  MPI_Bcast             Unknown  Unknown
esmx_app           00000000004A516E  Unknown               Unknown  Unknown
esmx_app           00000000004A112E  Unknown               Unknown  Unknown
libesmf.so         00007FE2713316ED  _ZN5ESMCI11PIO_Ha     Unknown  Unknown
libesmf.so         00007FE27116DE09  _ZN5ESMCI10IO_Han     Unknown  Unknown
libesmf.so         00007FE2711745E4  _ZN5ESMCI2IO4open     Unknown  Unknown
libesmf.so         00007FE271175F6E  _ZN5ESMCI2IO5writ     Unknown  Unknown
libesmf.so         00007FE27116B821  c_esmc_iowrite_       Unknown  Unknown
libesmf.so         00007FE271889CAF  esmf_iomod_mp_esm     Unknown  Unknown
libesmf.so         00007FE27173A3F5  esmf_fieldwrmod_m     Unknown  Unknown
libesmf.so         00007FE271B61935  nuopc_auxiliary_m     Unknown  Unknown
libesmf.so         00007FE271B62313  nuopc_auxiliary_m     Unknown  Unknown
esmx_app           0000000000457B03  datainitialize           1845  ESMX_Data.F90
libesmf.so         00007FE271301EF7  _ZN5ESMCI11Method     Unknown  Unknown
libesmf.so         00007FE2713025B8  c_esmc_methodtabl     Unknown  Unknown
libesmf.so         00007FE27148EAE0  esmf_attachmethod     Unknown  Unknown
libesmf.so         00007FE271C76E24  nuopc_modelbase_m     Unknown  Unknown
libesmf.so         00007FE2710C1B10  _ZN5ESMCI6FTable1     Unknown  Unknown
libesmf.so         00007FE2710C155C  ESMCI_FTableCallE     Unknown  Unknown
libesmf.so         00007FE2713CA071  _ZN5ESMCI3VMK5ent     Unknown  Unknown
libesmf.so         00007FE2713DCB24  _ZN5ESMCI2VM5ente     Unknown  Unknown
libesmf.so         00007FE2710C21F6  c_esmc_ftablecall     Unknown  Unknown
libesmf.so         00007FE2715ACD4D  esmf_compmod_mp_e     Unknown  Unknown
libesmf.so         00007FE2717724F8  esmf_gridcompmod_     Unknown  Unknown
libesmf.so         00007FE271C2E4D7  nuopc_driver_mp_l     Unknown  Unknown
libesmf.so         00007FE271C2C6B2  nuopc_driver_mp_i     Unknown  Unknown
libesmf.so         00007FE271C2A7B4  nuopc_driver_mp_i     Unknown  Unknown
libesmf.so         00007FE271C16E34  nuopc_driver_mp_i     Unknown  Unknown
libesmf.so         00007FE2710C1B10  _ZN5ESMCI6FTable1     Unknown  Unknown
libesmf.so         00007FE2710C155C  ESMCI_FTableCallE     Unknown  Unknown
libesmf.so         00007FE2713CA071  _ZN5ESMCI3VMK5ent     Unknown  Unknown
libesmf.so         00007FE2713DCB24  _ZN5ESMCI2VM5ente     Unknown  Unknown
libesmf.so         00007FE2710C21F6  c_esmc_ftablecall     Unknown  Unknown
libesmf.so         00007FE2715ACD4D  esmf_compmod_mp_e     Unknown  Unknown
libesmf.so         00007FE2717724F8  esmf_gridcompmod_     Unknown  Unknown
esmx_app           0000000000421E8E  esmx_app                  388  ESMX_App.F90
esmx_app           000000000041AC9D  Unknown               Unknown  Unknown
libc.so.6          00007FE26D02CEEC  Unknown               Unknown  Unknown
libc.so.6          00007FE26D02CFB5  __libc_start_main     Unknown  Unknown
esmx_app           000000000041ABA1  Unknown               Unknown  Unknown
srun: error: c5n0120: tasks 1-3: Exited with exit code 1
