2026-09-10 04:35:11
forrtl: error (65): floating invalid
Image              PC                Routine            Line        Source             
libc.so.6          00007FBC4B416980  Unknown               Unknown  Unknown
libhdf5_intel.so.  00007FBC4994DA15  H5T__init_native_     Unknown  Unknown
libhdf5_intel.so.  00007FBC4987FA26  H5T_init              Unknown  Unknown
libhdf5_intel.so.  00007FBC4996B519  H5VL_init_phase2      Unknown  Unknown
libhdf5_intel.so.  00007FBC49665DD5  H5_init_library       Unknown  Unknown
libhdf5_intel.so.  00007FBC4970312C  H5Eset_auto2          Unknown  Unknown
libnetcdf_intel.s  00007FBC4EA06BEC  nc4_hdf5_initiali     Unknown  Unknown
libnetcdf_intel.s  00007FBC4EA0EEC9  NC_HDF5_initializ     Unknown  Unknown
libnetcdf_intel.s  00007FBC4E986214  nc_initialize         Unknown  Unknown
libnetcdf_intel.s  00007FBC4E988F1D  NC_create             Unknown  Unknown
libnetcdf_intel.s  00007FBC4E988DA6  nc_create             Unknown  Unknown
esmx_app           00000000004A514E  Unknown               Unknown  Unknown
esmx_app           00000000004A112E  Unknown               Unknown  Unknown
libesmf.so         00007FBC4F5EF6ED  _ZN5ESMCI11PIO_Ha     Unknown  Unknown
libesmf.so         00007FBC4F42BE09  _ZN5ESMCI10IO_Han     Unknown  Unknown
libesmf.so         00007FBC4F4325E4  _ZN5ESMCI2IO4open     Unknown  Unknown
libesmf.so         00007FBC4F433F6E  _ZN5ESMCI2IO5writ     Unknown  Unknown
libesmf.so         00007FBC4F429821  c_esmc_iowrite_       Unknown  Unknown
libesmf.so         00007FBC4FB47CAF  esmf_iomod_mp_esm     Unknown  Unknown
libesmf.so         00007FBC4F9F83F5  esmf_fieldwrmod_m     Unknown  Unknown
libesmf.so         00007FBC4FE1F935  nuopc_auxiliary_m     Unknown  Unknown
libesmf.so         00007FBC4FE20313  nuopc_auxiliary_m     Unknown  Unknown
esmx_app           0000000000457B03  datainitialize           1845  ESMX_Data.F90
libesmf.so         00007FBC4F5BFEF7  _ZN5ESMCI11Method     Unknown  Unknown
libesmf.so         00007FBC4F5C05B8  c_esmc_methodtabl     Unknown  Unknown
libesmf.so         00007FBC4F74CAE0  esmf_attachmethod     Unknown  Unknown
libesmf.so         00007FBC4FF34E24  nuopc_modelbase_m     Unknown  Unknown
libesmf.so         00007FBC4F37FB10  _ZN5ESMCI6FTable1     Unknown  Unknown
libesmf.so         00007FBC4F37F55C  ESMCI_FTableCallE     Unknown  Unknown
libesmf.so         00007FBC4F688071  _ZN5ESMCI3VMK5ent     Unknown  Unknown
libesmf.so         00007FBC4F69AB24  _ZN5ESMCI2VM5ente     Unknown  Unknown
libesmf.so         00007FBC4F3801F6  c_esmc_ftablecall     Unknown  Unknown
libesmf.so         00007FBC4F86AD4D  esmf_compmod_mp_e     Unknown  Unknown
libesmf.so         00007FBC4FA304F8  esmf_gridcompmod_     Unknown  Unknown
libesmf.so         00007FBC4FEEC4D7  nuopc_driver_mp_l     Unknown  Unknown
libesmf.so         00007FBC4FEEA6B2  nuopc_driver_mp_i     Unknown  Unknown
libesmf.so         00007FBC4FEE87B4  nuopc_driver_mp_i     Unknown  Unknown
libesmf.so         00007FBC4FED4E34  nuopc_driver_mp_i     Unknown  Unknown
libesmf.so         00007FBC4F37FB10  _ZN5ESMCI6FTable1     Unknown  Unknown
libesmf.so         00007FBC4F37F55C  ESMCI_FTableCallE     Unknown  Unknown
libesmf.so         00007FBC4F688071  _ZN5ESMCI3VMK5ent     Unknown  Unknown
libesmf.so         00007FBC4F69AB24  _ZN5ESMCI2VM5ente     Unknown  Unknown
libesmf.so         00007FBC4F3801F6  c_esmc_ftablecall     Unknown  Unknown
libesmf.so         00007FBC4F86AD4D  esmf_compmod_mp_e     Unknown  Unknown
libesmf.so         00007FBC4FA304F8  esmf_gridcompmod_     Unknown  Unknown
esmx_app           0000000000421E8E  esmx_app                  388  ESMX_App.F90
esmx_app           000000000041AC9D  Unknown               Unknown  Unknown
libc.so.6          00007FBC4B3FFEEC  Unknown               Unknown  Unknown
libc.so.6          00007FBC4B3FFFB5  __libc_start_main     Unknown  Unknown
esmx_app           000000000041ABA1  Unknown               Unknown  Unknown
srun: error: c5n0120: task 0: Aborted
srun: Terminating StepId=135845243.408
[2026-09-10T05:01:14.948] error: *** STEP 135845243.408 ON c5n0120 CANCELLED AT 2026-09-10T05:01:14 DUE TO TASK FAILURE ***
forrtl: error (78): process killed (SIGTERM)
Image              PC                Routine            Line        Source             
libc.so.6          00007F637F243980  Unknown               Unknown  Unknown
libc.so.6          00007F637F3001E7  __sched_yield         Unknown  Unknown
libmpi_intel.so.1  00007F6380D473F8  Unknown               Unknown  Unknown
libmpi_intel.so.1  00007F6381931666  Unknown               Unknown  Unknown
libmpi_intel.so.1  00007F6381935B3F  Unknown               Unknown  Unknown
libmpi_intel.so.1  00007F6381AC1995  Unknown               Unknown  Unknown
libmpi_intel.so.1  00007F6381AC28CF  Unknown               Unknown  Unknown
libmpi_intel.so.1  00007F638185D682  Unknown               Unknown  Unknown
libmpi_intel.so.1  00007F6380182086  Unknown               Unknown  Unknown
libmpi_intel.so.1  00007F6380182141  Unknown               Unknown  Unknown
libmpi_intel.so.1  00007F6381ABC223  Unknown               Unknown  Unknown
libmpi_intel.so.1  00007F638195DFD4  Unknown               Unknown  Unknown
libmpi_intel.so.1  00007F638195BFFE  Unknown               Unknown  Unknown
libmpi_intel.so.1  00007F63803D7011  Unknown               Unknown  Unknown
libmpi_intel.so.1  00007F63819608BF  Unknown               Unknown  Unknown
libmpi_intel.so.1  00007F6381AC2925  Unknown               Unknown  Unknown
libmpi_intel.so.1  00007F63802BA36D  MPI_Bcast             Unknown  Unknown
esmx_app           00000000004A516E  Unknown               Unknown  Unknown
esmx_app           00000000004A112E  Unknown               Unknown  Unknown
libesmf.so         00007F63834816ED  _ZN5ESMCI11PIO_Ha     Unknown  Unknown
libesmf.so         00007F63832BDE09  _ZN5ESMCI10IO_Han     Unknown  Unknown
libesmf.so         00007F63832C45E4  _ZN5ESMCI2IO4open     Unknown  Unknown
libesmf.so         00007F63832C5F6E  _ZN5ESMCI2IO5writ     Unknown  Unknown
libesmf.so         00007F63832BB821  c_esmc_iowrite_       Unknown  Unknown
libesmf.so         00007F63839D9CAF  esmf_iomod_mp_esm     Unknown  Unknown
libesmf.so         00007F638388A3F5  esmf_fieldwrmod_m     Unknown  Unknown
libesmf.so         00007F6383CB1935  nuopc_auxiliary_m     Unknown  Unknown
libesmf.so         00007F6383CB2313  nuopc_auxiliary_m     Unknown  Unknown
esmx_app           0000000000457B03  datainitialize           1845  ESMX_Data.F90
libesmf.so         00007F6383451EF7  _ZN5ESMCI11Method     Unknown  Unknown
libesmf.so         00007F63834525B8  c_esmc_methodtabl     Unknown  Unknown
libesmf.so         00007F63835DEAE0  esmf_attachmethod     Unknown  Unknown
libesmf.so         00007F6383DC6E24  nuopc_modelbase_m     Unknown  Unknown
libesmf.so         00007F6383211B10  _ZN5ESMCI6FTable1     Unknown  Unknown
libesmf.so         00007F638321155C  ESMCI_FTableCallE     Unknown  Unknown
libesmf.so         00007F638351A071  _ZN5ESMCI3VMK5ent     Unknown  Unknown
libesmf.so         00007F638352CB24  _ZN5ESMCI2VM5ente     Unknown  Unknown
libesmf.so         00007F63832121F6  c_esmc_ftablecall     Unknown  Unknown
libesmf.so         00007F63836FCD4D  esmf_compmod_mp_e     Unknown  Unknown
libesmf.so         00007F63838C24F8  esmf_gridcompmod_     Unknown  Unknown
libesmf.so         00007F6383D7E4D7  nuopc_driver_mp_l     Unknown  Unknown
libesmf.so         00007F6383D7C6B2  nuopc_driver_mp_i     Unknown  Unknown
libesmf.so         00007F6383D7A7B4  nuopc_driver_mp_i     Unknown  Unknown
libesmf.so         00007F6383D66E34  nuopc_driver_mp_i     Unknown  Unknown
libesmf.so         00007F6383211B10  _ZN5ESMCI6FTable1     Unknown  Unknown
libesmf.so         00007F638321155C  ESMCI_FTableCallE     Unknown  Unknown
libesmf.so         00007F638351A071  _ZN5ESMCI3VMK5ent     Unknown  Unknown
libesmf.so         00007F638352CB24  _ZN5ESMCI2VM5ente     Unknown  Unknown
libesmf.so         00007F63832121F6  c_esmc_ftablecall     Unknown  Unknown
libesmf.so         00007F63836FCD4D  esmf_compmod_mp_e     Unknown  Unknown
libesmf.so         00007F63838C24F8  esmf_gridcompmod_     Unknown  Unknown
esmx_app           0000000000421E8E  esmx_app                  388  ESMX_App.F90
esmx_app           000000000041AC9D  Unknown               Unknown  Unknown
libc.so.6          00007F637F22CEEC  Unknown               Unknown  Unknown
libc.so.6          00007F637F22CFB5  __libc_start_main     Unknown  Unknown
esmx_app           000000000041ABA1  Unknown               Unknown  Unknown
forrtl: error (78): process killed (SIGTERM)
Image              PC                Routine            Line        Source             
libc.so.6          00007FF40B843980  Unknown               Unknown  Unknown
libc.so.6          00007FF40B9001E7  __sched_yield         Unknown  Unknown
libmpi_intel.so.1  00007FF40D4203F8  Unknown               Unknown  Unknown
libmpi_intel.so.1  00007FF40E00A666  Unknown               Unknown  Unknown
libmpi_intel.so.1  00007FF40E00EB3F  Unknown               Unknown  Unknown
libmpi_intel.so.1  00007FF40E19A995  Unknown               Unknown  Unknown
libmpi_intel.so.1  00007FF40E19B8CF  Unknown               Unknown  Unknown
libmpi_intel.so.1  00007FF40DF36682  Unknown               Unknown  Unknown
libmpi_intel.so.1  00007FF40C85B086  Unknown               Unknown  Unknown
libmpi_intel.so.1  00007FF40C85B141  Unknown               Unknown  Unknown
libmpi_intel.so.1  00007FF40E195223  Unknown               Unknown  Unknown
libmpi_intel.so.1  00007FF40E036FD4  Unknown               Unknown  Unknown
libmpi_intel.so.1  00007FF40E034FFE  Unknown               Unknown  Unknown
libmpi_intel.so.1  00007FF40CAB0011  Unknown               Unknown  Unknown
libmpi_intel.so.1  00007FF40E0398BF  Unknown               Unknown  Unknown
libmpi_intel.so.1  00007FF40E19B925  Unknown               Unknown  Unknown
libmpi_intel.so.1  00007FF40C99336D  MPI_Bcast             Unknown  Unknown
esmx_app           00000000004A516E  Unknown               Unknown  Unknown
esmx_app           00000000004A112E  Unknown               Unknown  Unknown
libesmf.so         00007FF40FB5A6ED  _ZN5ESMCI11PIO_Ha     Unknown  Unknown
libesmf.so         00007FF40F996E09  _ZN5ESMCI10IO_Han     Unknown  Unknown
libesmf.so         00007FF40F99D5E4  _ZN5ESMCI2IO4open     Unknown  Unknown
libesmf.so         00007FF40F99EF6E  _ZN5ESMCI2IO5writ     Unknown  Unknown
libesmf.so         00007FF40F994821  c_esmc_iowrite_       Unknown  Unknown
libesmf.so         00007FF4100B2CAF  esmf_iomod_mp_esm     Unknown  Unknown
libesmf.so         00007FF40FF633F5  esmf_fieldwrmod_m     Unknown  Unknown
libesmf.so         00007FF41038A935  nuopc_auxiliary_m     Unknown  Unknown
libesmf.so         00007FF41038B313  nuopc_auxiliary_m     Unknown  Unknown
esmx_app           0000000000457B03  datainitialize           1845  ESMX_Data.F90
libesmf.so         00007FF40FB2AEF7  _ZN5ESMCI11Method     Unknown  Unknown
libesmf.so         00007FF40FB2B5B8  c_esmc_methodtabl     Unknown  Unknown
libesmf.so         00007FF40FCB7AE0  esmf_attachmethod     Unknown  Unknown
libesmf.so         00007FF41049FE24  nuopc_modelbase_m     Unknown  Unknown
libesmf.so         00007FF40F8EAB10  _ZN5ESMCI6FTable1     Unknown  Unknown
libesmf.so         00007FF40F8EA55C  ESMCI_FTableCallE     Unknown  Unknown
libesmf.so         00007FF40FBF3071  _ZN5ESMCI3VMK5ent     Unknown  Unknown
libesmf.so         00007FF40FC05B24  _ZN5ESMCI2VM5ente     Unknown  Unknown
libesmf.so         00007FF40F8EB1F6  c_esmc_ftablecall     Unknown  Unknown
libesmf.so         00007FF40FDD5D4D  esmf_compmod_mp_e     Unknown  Unknown
libesmf.so         00007FF40FF9B4F8  esmf_gridcompmod_     Unknown  Unknown
libesmf.so         00007FF4104574D7  nuopc_driver_mp_l     Unknown  Unknown
libesmf.so         00007FF4104556B2  nuopc_driver_mp_i     Unknown  Unknown
libesmf.so         00007FF4104537B4  nuopc_driver_mp_i     Unknown  Unknown
libesmf.so         00007FF41043FE34  nuopc_driver_mp_i     Unknown  Unknown
libesmf.so         00007FF40F8EAB10  _ZN5ESMCI6FTable1     Unknown  Unknown
libesmf.so         00007FF40F8EA55C  ESMCI_FTableCallE     Unknown  Unknown
libesmf.so         00007FF40FBF3071  _ZN5ESMCI3VMK5ent     Unknown  Unknown
libesmf.so         00007FF40FC05B24  _ZN5ESMCI2VM5ente     Unknown  Unknown
libesmf.so         00007FF40F8EB1F6  c_esmc_ftablecall     Unknown  Unknown
libesmf.so         00007FF40FDD5D4D  esmf_compmod_mp_e     Unknown  Unknown
libesmf.so         00007FF40FF9B4F8  esmf_gridcompmod_     Unknown  Unknown
esmx_app           0000000000421E8E  esmx_app                  388  ESMX_App.F90
esmx_app           000000000041AC9D  Unknown               Unknown  Unknown
libc.so.6          00007FF40B82CEEC  Unknown               Unknown  Unknown
libc.so.6          00007FF40B82CFB5  __libc_start_main     Unknown  Unknown
esmx_app           000000000041ABA1  Unknown               Unknown  Unknown
forrtl: error (78): process killed (SIGTERM)
Image              PC                Routine            Line        Source             
libc.so.6          00007F83E3A43980  Unknown               Unknown  Unknown
libc.so.6          00007F83E3B001E7  __sched_yield         Unknown  Unknown
libmpi_intel.so.1  00007F83E54FA3F8  Unknown               Unknown  Unknown
libmpi_intel.so.1  00007F83E60E4666  Unknown               Unknown  Unknown
libmpi_intel.so.1  00007F83E60E8B3F  Unknown               Unknown  Unknown
libmpi_intel.so.1  00007F83E6274995  Unknown               Unknown  Unknown
libmpi_intel.so.1  00007F83E62758CF  Unknown               Unknown  Unknown
libmpi_intel.so.1  00007F83E6010682  Unknown               Unknown  Unknown
libmpi_intel.so.1  00007F83E4935086  Unknown               Unknown  Unknown
libmpi_intel.so.1  00007F83E4935141  Unknown               Unknown  Unknown
libmpi_intel.so.1  00007F83E626F223  Unknown               Unknown  Unknown
libmpi_intel.so.1  00007F83E6110FD4  Unknown               Unknown  Unknown
libmpi_intel.so.1  00007F83E610EFFE  Unknown               Unknown  Unknown
libmpi_intel.so.1  00007F83E4B8A011  Unknown               Unknown  Unknown
libmpi_intel.so.1  00007F83E61138BF  Unknown               Unknown  Unknown
libmpi_intel.so.1  00007F83E6275925  Unknown               Unknown  Unknown
libmpi_intel.so.1  00007F83E4A6D36D  MPI_Bcast             Unknown  Unknown
esmx_app           00000000004A516E  Unknown               Unknown  Unknown
esmx_app           00000000004A112E  Unknown               Unknown  Unknown
libesmf.so         00007F83E7C346ED  _ZN5ESMCI11PIO_Ha     Unknown  Unknown
libesmf.so         00007F83E7A70E09  _ZN5ESMCI10IO_Han     Unknown  Unknown
libesmf.so         00007F83E7A775E4  _ZN5ESMCI2IO4open     Unknown  Unknown
libesmf.so         00007F83E7A78F6E  _ZN5ESMCI2IO5writ     Unknown  Unknown
libesmf.so         00007F83E7A6E821  c_esmc_iowrite_       Unknown  Unknown
libesmf.so         00007F83E818CCAF  esmf_iomod_mp_esm     Unknown  Unknown
libesmf.so         00007F83E803D3F5  esmf_fieldwrmod_m     Unknown  Unknown
libesmf.so         00007F83E8464935  nuopc_auxiliary_m     Unknown  Unknown
libesmf.so         00007F83E8465313  nuopc_auxiliary_m     Unknown  Unknown
esmx_app           0000000000457B03  datainitialize           1845  ESMX_Data.F90
libesmf.so         00007F83E7C04EF7  _ZN5ESMCI11Method     Unknown  Unknown
libesmf.so         00007F83E7C055B8  c_esmc_methodtabl     Unknown  Unknown
libesmf.so         00007F83E7D91AE0  esmf_attachmethod     Unknown  Unknown
libesmf.so         00007F83E8579E24  nuopc_modelbase_m     Unknown  Unknown
libesmf.so         00007F83E79C4B10  _ZN5ESMCI6FTable1     Unknown  Unknown
libesmf.so         00007F83E79C455C  ESMCI_FTableCallE     Unknown  Unknown
libesmf.so         00007F83E7CCD071  _ZN5ESMCI3VMK5ent     Unknown  Unknown
libesmf.so         00007F83E7CDFB24  _ZN5ESMCI2VM5ente     Unknown  Unknown
libesmf.so         00007F83E79C51F6  c_esmc_ftablecall     Unknown  Unknown
libesmf.so         00007F83E7EAFD4D  esmf_compmod_mp_e     Unknown  Unknown
libesmf.so         00007F83E80754F8  esmf_gridcompmod_     Unknown  Unknown
libesmf.so         00007F83E85314D7  nuopc_driver_mp_l     Unknown  Unknown
libesmf.so         00007F83E852F6B2  nuopc_driver_mp_i     Unknown  Unknown
libesmf.so         00007F83E852D7B4  nuopc_driver_mp_i     Unknown  Unknown
libesmf.so         00007F83E8519E34  nuopc_driver_mp_i     Unknown  Unknown
libesmf.so         00007F83E79C4B10  _ZN5ESMCI6FTable1     Unknown  Unknown
libesmf.so         00007F83E79C455C  ESMCI_FTableCallE     Unknown  Unknown
libesmf.so         00007F83E7CCD071  _ZN5ESMCI3VMK5ent     Unknown  Unknown
libesmf.so         00007F83E7CDFB24  _ZN5ESMCI2VM5ente     Unknown  Unknown
libesmf.so         00007F83E79C51F6  c_esmc_ftablecall     Unknown  Unknown
libesmf.so         00007F83E7EAFD4D  esmf_compmod_mp_e     Unknown  Unknown
libesmf.so         00007F83E80754F8  esmf_gridcompmod_     Unknown  Unknown
esmx_app           0000000000421E8E  esmx_app                  388  ESMX_App.F90
esmx_app           000000000041AC9D  Unknown               Unknown  Unknown
libc.so.6          00007F83E3A2CEEC  Unknown               Unknown  Unknown
libc.so.6          00007F83E3A2CFB5  __libc_start_main     Unknown  Unknown
esmx_app           000000000041ABA1  Unknown               Unknown  Unknown
srun: error: c5n0120: tasks 1-3: Exited with exit code 1
