2026-09-04 07:44:39
20260904 093056.219 INFO             PET0 !!!!!!!!!!!!!!!!!!!!!!!!!!!!!!!!!!!!!!!!!!!!!!!!!!!!!!
20260904 093056.220 INFO             PET0 !!! THE ESMF_LOG IS SET TO OUTPUT ALL LOG MESSAGES !!!
20260904 093056.220 INFO             PET0 !!!     THIS MAY CAUSE SLOWDOWN IN PERFORMANCE     !!!
20260904 093056.220 INFO             PET0 !!! FOR PRODUCTION RUNS, USE:                      !!!
20260904 093056.220 INFO             PET0 !!!                   ESMF_LOGKIND_Multi_On_Error  !!!
20260904 093056.220 INFO             PET0 !!!!!!!!!!!!!!!!!!!!!!!!!!!!!!!!!!!!!!!!!!!!!!!!!!!!!!
20260904 093056.220 INFO             PET0 Running with ESMF Version   : develop+g4161bf9d44
20260904 093056.220 INFO             PET0 ESMF library build date/time: "Sep  4 2026" "07:40:33"
20260904 093056.220 INFO             PET0 ESMF library build location : /scratch3/NCEPDEV/stmp/Gerhard.Theurich/ESMF-Nightly-Testing-Hera/nvhpc_24.1_openmpi_g_develop/esmf
20260904 093056.220 INFO             PET0 ESMF_COMM                   : openmpi
20260904 093056.220 INFO             PET0 ESMF_MOAB                   : enabled
20260904 093056.220 INFO             PET0 ESMF_LAPACK                 : enabled
20260904 093056.220 INFO             PET0 ESMF_NETCDF                 : disabled
20260904 093056.220 INFO             PET0 ESMF_PNETCDF                : disabled
20260904 093056.220 INFO             PET0 ESMF_PIO                    : disabled
20260904 093056.220 INFO             PET0 ESMF_YAMLCPP                : enabled
20260904 093056.230 INFO             PET0 =============================================
20260904 093056.230 INFO             PET0 ESMX (Earth System Model eXecutable) STARTING
20260904 093056.230 INFO             PET0 =============================================
20260904 093056.256 DEBUG            PET0 Generic SetVM() is executing for: ESMX_Driver
20260904 093056.257 DEBUG            PET0 Generic SetVM() found no NUOPC Hint for: ESMX_Driver
20260904 093056.257 DEBUG            PET0 Generic SetVM() therefore is NOT calling ESMF_GridCompSetVMMaxPEs() for: ESMX_Driver
20260904 093056.273 INFO             PET0 ESMX_Driver: InitializeGeneric intro.
20260904 093056.274 INFO             PET0   >>>ESMX_Driver: entered Initialize (phase=<none>) without valid internal Clock.
20260904 093056.274 INFO             PET0   ESMX_Driver: InitializeP0 intro.
20260904 093056.274 INFO             PET0     >>>ESMX_Driver: entered Initialize (phase=<none>) without valid internal Clock.
20260904 093056.275 INFO             PET0     <<<ESMX_Driver: leaving Initialize (phase=<none>) without valid internal Clock.
20260904 093056.275 INFO             PET0   ESMX_Driver: InitializeP0 extro.
20260904 093056.275 INFO             PET0   ESMX_Driver: InitializeIPDv02p1 intro.
20260904 093056.275 INFO             PET0     >>>ESMX_Driver: entered Initialize (phase=<none>) without valid internal Clock.
20260904 093056.287 INFO             PET0     ESMX_Driver: IInitAdvertise intro.
20260904 093056.288 INFO             PET0       >>>ESMX_Driver: entered Initialize (phase=<none>) with current time: 2012 10 24  8  0  0   0
20260904 093056.288 INFO             PET0       <<<ESMX_Driver: leaving Initialize (phase=<none>) with current time: 2012 10 24  8  0  0   0
20260904 093056.288 INFO             PET0     ESMX_Driver: IInitAdvertise extro.
20260904 093056.289 INFO             PET0     ESMX_Driver: IInitAdvertiseFinish intro.
20260904 093056.289 INFO             PET0       >>>ESMX_Driver: entered Initialize (phase=<none>) with current time: 2012 10 24  8  0  0   0
20260904 093056.289 INFO             PET0       <<<ESMX_Driver: leaving Initialize (phase=<none>) with current time: 2012 10 24  8  0  0   0
20260904 093056.289 INFO             PET0     ESMX_Driver: IInitAdvertiseFinish extro.
20260904 093056.290 INFO             PET0     ESMX_Driver: IInitModifyCplLists intro.
20260904 093056.290 INFO             PET0       >>>ESMX_Driver: entered Initialize (phase=<none>) with current time: 2012 10 24  8  0  0   0
20260904 093056.291 INFO             PET0       <<<ESMX_Driver: leaving Initialize (phase=<none>) with current time: 2012 10 24  8  0  0   0
20260904 093056.291 INFO             PET0     ESMX_Driver: IInitModifyCplLists extro.
20260904 093056.291 INFO             PET0     <<<ESMX_Driver: leaving Initialize (phase=<none>) with current time: 2012 10 24  8  0  0   0
20260904 093056.291 INFO             PET0   ESMX_Driver: InitializeIPDv02p1 extro.
20260904 093056.292 INFO             PET0   ESMX_Driver: InitializeIPDv02p3 intro.
20260904 093056.292 INFO             PET0     >>>ESMX_Driver: entered Initialize (phase=<none>) with current time: 2012 10 24  8  0  0   0
20260904 093056.293 INFO             PET0     ESMX_Driver: IInitCheck intro.
20260904 093056.293 INFO             PET0       >>>ESMX_Driver: entered Initialize (phase=<none>) with current time: 2012 10 24  8  0  0   0
20260904 093056.293 INFO             PET0       <<<ESMX_Driver: leaving Initialize (phase=<none>) with current time: 2012 10 24  8  0  0   0
20260904 093056.293 INFO             PET0     ESMX_Driver: IInitCheck extro.
20260904 093056.294 INFO             PET0     ESMX_Driver: IInitRealize intro.
20260904 093056.294 INFO             PET0       >>>ESMX_Driver: entered Initialize (phase=<none>) with current time: 2012 10 24  8  0  0   0
20260904 093056.294 INFO             PET0       <<<ESMX_Driver: leaving Initialize (phase=<none>) with current time: 2012 10 24  8  0  0   0
20260904 093056.294 INFO             PET0     ESMX_Driver: IInitRealize extro.
20260904 093056.295 INFO             PET0     <<<ESMX_Driver: leaving Initialize (phase=<none>) with current time: 2012 10 24  8  0  0   0
20260904 093056.295 INFO             PET0   ESMX_Driver: InitializeIPDv02p3 extro.
20260904 093056.295 INFO             PET0   ESMX_Driver: InitializeIPDv02p5 intro.
20260904 093056.296 INFO             PET0     >>>ESMX_Driver: entered Initialize (phase=<none>) with current time: 2012 10 24  8  0  0   0
20260904 093056.296 INFO             PET0     ESMX_Driver: InitializeIPDv02p5Data intro.
20260904 093056.296 INFO             PET0       >>>ESMX_Driver: entered Initialize (phase=<none>) with current time: 2012 10 24  8  0  0   0
20260904 093056.297 INFO             PET0       ESMX_Driver: InternalInitializeComplete intro.
20260904 093056.297 INFO             PET0         >>>ESMX_Driver: entered Initialize (phase=<none>) with current time: 2012 10 24  8  0  0   0
20260904 093056.297 INFO             PET0         <<<ESMX_Driver: leaving Initialize (phase=<none>) with current time: 2012 10 24  8  0  0   0
20260904 093056.297 INFO             PET0       ESMX_Driver: InternalInitializeComplete extro.
20260904 093056.298 INFO             PET0       ESMX_Driver: loopDataDependentInitialize intro.
20260904 093056.298 INFO             PET0         >>>ESMX_Driver: entered Initialize (phase=<none>) with current time: 2012 10 24  8  0  0   0
20260904 093056.299 INFO             PET0         <<<ESMX_Driver: leaving Initialize (phase=<none>) with current time: 2012 10 24  8  0  0   0
20260904 093056.299 INFO             PET0       ESMX_Driver: loopDataDependentInitialize extro.
20260904 093056.299 INFO             PET0       <<<ESMX_Driver: leaving Initialize (phase=<none>) with current time: 2012 10 24  8  0  0   0
20260904 093056.299 INFO             PET0     ESMX_Driver: InitializeIPDv02p5Data extro.
20260904 093056.299 INFO             PET0     <<<ESMX_Driver: leaving Initialize (phase=<none>) with current time: 2012 10 24  8  0  0   0
20260904 093056.299 INFO             PET0   ESMX_Driver: InitializeIPDv02p5 extro.
20260904 093056.300 INFO             PET0   <<<ESMX_Driver: leaving Initialize (phase=<none>) with current time: 2012 10 24  8  0  0   0
20260904 093056.300 INFO             PET0 ESMX_Driver: InitializeGeneric extro.
20260904 093056.300 INFO             PET0 ESMX_Driver: Run intro.
20260904 093056.300 INFO             PET0   >>>ESMX_Driver: entered Run (phase=RunPhase1) with current time: 2012 10 24  8  0  0   0
20260904 093056.300 INFO             PET0   <<<ESMX_Driver: leaving Run (phase=RunPhase1) with current time: 2012 10 24  8  0  0   0
20260904 093056.300 INFO             PET0 ESMX_Driver: Run extro.
20260904 093056.301 INFO             PET0 ESMX_Driver: Finalize intro.
20260904 093056.301 INFO             PET0   >>>ESMX_Driver: entered Finalize (phase=FinalizePhase1) with current time: 2012 10 24  8  0  0   0
20260904 093056.301 INFO             PET0   <<<ESMX_Driver: leaving Finalize (phase=FinalizePhase1) with current time: 2012 10 24  8  0  0   0
20260904 093056.301 INFO             PET0 ESMX_Driver: Finalize extro.
20260904 093056.301 INFO             PET0 =============================================
20260904 093056.301 INFO             PET0 ESMX (Earth System Model eXecutable) FINISHED
20260904 093056.301 INFO             PET0 =============================================
20260904 093056.301 INFO             PET0  Finalizing ESMF
20260904 093056.219 INFO             PET1 !!!!!!!!!!!!!!!!!!!!!!!!!!!!!!!!!!!!!!!!!!!!!!!!!!!!!!
20260904 093056.219 INFO             PET1 !!! THE ESMF_LOG IS SET TO OUTPUT ALL LOG MESSAGES !!!
20260904 093056.219 INFO             PET1 !!!     THIS MAY CAUSE SLOWDOWN IN PERFORMANCE     !!!
20260904 093056.219 INFO             PET1 !!! FOR PRODUCTION RUNS, USE:                      !!!
20260904 093056.219 INFO             PET1 !!!                   ESMF_LOGKIND_Multi_On_Error  !!!
20260904 093056.219 INFO             PET1 !!!!!!!!!!!!!!!!!!!!!!!!!!!!!!!!!!!!!!!!!!!!!!!!!!!!!!
20260904 093056.219 INFO             PET1 Running with ESMF Version   : develop+g4161bf9d44
20260904 093056.219 INFO             PET1 ESMF library build date/time: "Sep  4 2026" "07:40:33"
20260904 093056.219 INFO             PET1 ESMF library build location : /scratch3/NCEPDEV/stmp/Gerhard.Theurich/ESMF-Nightly-Testing-Hera/nvhpc_24.1_openmpi_g_develop/esmf
20260904 093056.219 INFO             PET1 ESMF_COMM                   : openmpi
20260904 093056.220 INFO             PET1 ESMF_MOAB                   : enabled
20260904 093056.220 INFO             PET1 ESMF_LAPACK                 : enabled
20260904 093056.220 INFO             PET1 ESMF_NETCDF                 : disabled
20260904 093056.220 INFO             PET1 ESMF_PNETCDF                : disabled
20260904 093056.220 INFO             PET1 ESMF_PIO                    : disabled
20260904 093056.220 INFO             PET1 ESMF_YAMLCPP                : enabled
20260904 093056.230 INFO             PET1 =============================================
20260904 093056.230 INFO             PET1 ESMX (Earth System Model eXecutable) STARTING
20260904 093056.230 INFO             PET1 =============================================
20260904 093056.256 DEBUG            PET1 Generic SetVM() is executing for: ESMX_Driver
20260904 093056.257 DEBUG            PET1 Generic SetVM() found no NUOPC Hint for: ESMX_Driver
20260904 093056.257 DEBUG            PET1 Generic SetVM() therefore is NOT calling ESMF_GridCompSetVMMaxPEs() for: ESMX_Driver
20260904 093056.273 INFO             PET1 ESMX_Driver: InitializeGeneric intro.
20260904 093056.274 INFO             PET1   >>>ESMX_Driver: entered Initialize (phase=<none>) without valid internal Clock.
20260904 093056.274 INFO             PET1   ESMX_Driver: InitializeP0 intro.
20260904 093056.274 INFO             PET1     >>>ESMX_Driver: entered Initialize (phase=<none>) without valid internal Clock.
20260904 093056.275 INFO             PET1     <<<ESMX_Driver: leaving Initialize (phase=<none>) without valid internal Clock.
20260904 093056.275 INFO             PET1   ESMX_Driver: InitializeP0 extro.
20260904 093056.275 INFO             PET1   ESMX_Driver: InitializeIPDv02p1 intro.
20260904 093056.275 INFO             PET1     >>>ESMX_Driver: entered Initialize (phase=<none>) without valid internal Clock.
20260904 093056.287 INFO             PET1     ESMX_Driver: IInitAdvertise intro.
20260904 093056.288 INFO             PET1       >>>ESMX_Driver: entered Initialize (phase=<none>) with current time: 2012 10 24  8  0  0   0
20260904 093056.288 INFO             PET1       <<<ESMX_Driver: leaving Initialize (phase=<none>) with current time: 2012 10 24  8  0  0   0
20260904 093056.288 INFO             PET1     ESMX_Driver: IInitAdvertise extro.
20260904 093056.289 INFO             PET1     ESMX_Driver: IInitAdvertiseFinish intro.
20260904 093056.289 INFO             PET1       >>>ESMX_Driver: entered Initialize (phase=<none>) with current time: 2012 10 24  8  0  0   0
20260904 093056.289 INFO             PET1       <<<ESMX_Driver: leaving Initialize (phase=<none>) with current time: 2012 10 24  8  0  0   0
20260904 093056.289 INFO             PET1     ESMX_Driver: IInitAdvertiseFinish extro.
20260904 093056.290 INFO             PET1     ESMX_Driver: IInitModifyCplLists intro.
20260904 093056.290 INFO             PET1       >>>ESMX_Driver: entered Initialize (phase=<none>) with current time: 2012 10 24  8  0  0   0
20260904 093056.291 INFO             PET1       <<<ESMX_Driver: leaving Initialize (phase=<none>) with current time: 2012 10 24  8  0  0   0
20260904 093056.291 INFO             PET1     ESMX_Driver: IInitModifyCplLists extro.
20260904 093056.291 INFO             PET1     <<<ESMX_Driver: leaving Initialize (phase=<none>) with current time: 2012 10 24  8  0  0   0
20260904 093056.291 INFO             PET1   ESMX_Driver: InitializeIPDv02p1 extro.
20260904 093056.292 INFO             PET1   ESMX_Driver: InitializeIPDv02p3 intro.
20260904 093056.292 INFO             PET1     >>>ESMX_Driver: entered Initialize (phase=<none>) with current time: 2012 10 24  8  0  0   0
20260904 093056.292 INFO             PET1     ESMX_Driver: IInitCheck intro.
20260904 093056.293 INFO             PET1       >>>ESMX_Driver: entered Initialize (phase=<none>) with current time: 2012 10 24  8  0  0   0
20260904 093056.293 INFO             PET1       <<<ESMX_Driver: leaving Initialize (phase=<none>) with current time: 2012 10 24  8  0  0   0
20260904 093056.293 INFO             PET1     ESMX_Driver: IInitCheck extro.
20260904 093056.294 INFO             PET1     ESMX_Driver: IInitRealize intro.
20260904 093056.294 INFO             PET1       >>>ESMX_Driver: entered Initialize (phase=<none>) with current time: 2012 10 24  8  0  0   0
20260904 093056.294 INFO             PET1       <<<ESMX_Driver: leaving Initialize (phase=<none>) with current time: 2012 10 24  8  0  0   0
20260904 093056.294 INFO             PET1     ESMX_Driver: IInitRealize extro.
20260904 093056.295 INFO             PET1     <<<ESMX_Driver: leaving Initialize (phase=<none>) with current time: 2012 10 24  8  0  0   0
20260904 093056.295 INFO             PET1   ESMX_Driver: InitializeIPDv02p3 extro.
20260904 093056.295 INFO             PET1   ESMX_Driver: InitializeIPDv02p5 intro.
20260904 093056.295 INFO             PET1     >>>ESMX_Driver: entered Initialize (phase=<none>) with current time: 2012 10 24  8  0  0   0
20260904 093056.296 INFO             PET1     ESMX_Driver: InitializeIPDv02p5Data intro.
20260904 093056.296 INFO             PET1       >>>ESMX_Driver: entered Initialize (phase=<none>) with current time: 2012 10 24  8  0  0   0
20260904 093056.297 INFO             PET1       ESMX_Driver: InternalInitializeComplete intro.
20260904 093056.297 INFO             PET1         >>>ESMX_Driver: entered Initialize (phase=<none>) with current time: 2012 10 24  8  0  0   0
20260904 093056.297 INFO             PET1         <<<ESMX_Driver: leaving Initialize (phase=<none>) with current time: 2012 10 24  8  0  0   0
20260904 093056.297 INFO             PET1       ESMX_Driver: InternalInitializeComplete extro.
20260904 093056.298 INFO             PET1       ESMX_Driver: loopDataDependentInitialize intro.
20260904 093056.298 INFO             PET1         >>>ESMX_Driver: entered Initialize (phase=<none>) with current time: 2012 10 24  8  0  0   0
20260904 093056.299 INFO             PET1         <<<ESMX_Driver: leaving Initialize (phase=<none>) with current time: 2012 10 24  8  0  0   0
20260904 093056.299 INFO             PET1       ESMX_Driver: loopDataDependentInitialize extro.
20260904 093056.299 INFO             PET1       <<<ESMX_Driver: leaving Initialize (phase=<none>) with current time: 2012 10 24  8  0  0   0
20260904 093056.299 INFO             PET1     ESMX_Driver: InitializeIPDv02p5Data extro.
20260904 093056.299 INFO             PET1     <<<ESMX_Driver: leaving Initialize (phase=<none>) with current time: 2012 10 24  8  0  0   0
20260904 093056.299 INFO             PET1   ESMX_Driver: InitializeIPDv02p5 extro.
20260904 093056.300 INFO             PET1   <<<ESMX_Driver: leaving Initialize (phase=<none>) with current time: 2012 10 24  8  0  0   0
20260904 093056.300 INFO             PET1 ESMX_Driver: InitializeGeneric extro.
20260904 093056.300 INFO             PET1 ESMX_Driver: Run intro.
20260904 093056.300 INFO             PET1   >>>ESMX_Driver: entered Run (phase=RunPhase1) with current time: 2012 10 24  8  0  0   0
20260904 093056.300 INFO             PET1   <<<ESMX_Driver: leaving Run (phase=RunPhase1) with current time: 2012 10 24  8  0  0   0
20260904 093056.300 INFO             PET1 ESMX_Driver: Run extro.
20260904 093056.301 INFO             PET1 ESMX_Driver: Finalize intro.
20260904 093056.301 INFO             PET1   >>>ESMX_Driver: entered Finalize (phase=FinalizePhase1) with current time: 2012 10 24  8  0  0   0
20260904 093056.301 INFO             PET1   <<<ESMX_Driver: leaving Finalize (phase=FinalizePhase1) with current time: 2012 10 24  8  0  0   0
20260904 093056.301 INFO             PET1 ESMX_Driver: Finalize extro.
20260904 093056.301 INFO             PET1 =============================================
20260904 093056.301 INFO             PET1 ESMX (Earth System Model eXecutable) FINISHED
20260904 093056.301 INFO             PET1 =============================================
20260904 093056.301 INFO             PET1  Finalizing ESMF
20260904 093056.218 INFO             PET2 !!!!!!!!!!!!!!!!!!!!!!!!!!!!!!!!!!!!!!!!!!!!!!!!!!!!!!
20260904 093056.219 INFO             PET2 !!! THE ESMF_LOG IS SET TO OUTPUT ALL LOG MESSAGES !!!
20260904 093056.219 INFO             PET2 !!!     THIS MAY CAUSE SLOWDOWN IN PERFORMANCE     !!!
20260904 093056.219 INFO             PET2 !!! FOR PRODUCTION RUNS, USE:                      !!!
20260904 093056.219 INFO             PET2 !!!                   ESMF_LOGKIND_Multi_On_Error  !!!
20260904 093056.219 INFO             PET2 !!!!!!!!!!!!!!!!!!!!!!!!!!!!!!!!!!!!!!!!!!!!!!!!!!!!!!
20260904 093056.219 INFO             PET2 Running with ESMF Version   : develop+g4161bf9d44
20260904 093056.219 INFO             PET2 ESMF library build date/time: "Sep  4 2026" "07:40:33"
20260904 093056.219 INFO             PET2 ESMF library build location : /scratch3/NCEPDEV/stmp/Gerhard.Theurich/ESMF-Nightly-Testing-Hera/nvhpc_24.1_openmpi_g_develop/esmf
20260904 093056.219 INFO             PET2 ESMF_COMM                   : openmpi
20260904 093056.219 INFO             PET2 ESMF_MOAB                   : enabled
20260904 093056.219 INFO             PET2 ESMF_LAPACK                 : enabled
20260904 093056.219 INFO             PET2 ESMF_NETCDF                 : disabled
20260904 093056.219 INFO             PET2 ESMF_PNETCDF                : disabled
20260904 093056.219 INFO             PET2 ESMF_PIO                    : disabled
20260904 093056.219 INFO             PET2 ESMF_YAMLCPP                : enabled
20260904 093056.230 INFO             PET2 =============================================
20260904 093056.230 INFO             PET2 ESMX (Earth System Model eXecutable) STARTING
20260904 093056.230 INFO             PET2 =============================================
20260904 093056.256 DEBUG            PET2 Generic SetVM() is executing for: ESMX_Driver
20260904 093056.257 DEBUG            PET2 Generic SetVM() found no NUOPC Hint for: ESMX_Driver
20260904 093056.257 DEBUG            PET2 Generic SetVM() therefore is NOT calling ESMF_GridCompSetVMMaxPEs() for: ESMX_Driver
20260904 093056.273 INFO             PET2 ESMX_Driver: InitializeGeneric intro.
20260904 093056.274 INFO             PET2   >>>ESMX_Driver: entered Initialize (phase=<none>) without valid internal Clock.
20260904 093056.274 INFO             PET2   ESMX_Driver: InitializeP0 intro.
20260904 093056.274 INFO             PET2     >>>ESMX_Driver: entered Initialize (phase=<none>) without valid internal Clock.
20260904 093056.275 INFO             PET2     <<<ESMX_Driver: leaving Initialize (phase=<none>) without valid internal Clock.
20260904 093056.275 INFO             PET2   ESMX_Driver: InitializeP0 extro.
20260904 093056.275 INFO             PET2   ESMX_Driver: InitializeIPDv02p1 intro.
20260904 093056.275 INFO             PET2     >>>ESMX_Driver: entered Initialize (phase=<none>) without valid internal Clock.
20260904 093056.287 INFO             PET2     ESMX_Driver: IInitAdvertise intro.
20260904 093056.288 INFO             PET2       >>>ESMX_Driver: entered Initialize (phase=<none>) with current time: 2012 10 24  8  0  0   0
20260904 093056.288 INFO             PET2       <<<ESMX_Driver: leaving Initialize (phase=<none>) with current time: 2012 10 24  8  0  0   0
20260904 093056.288 INFO             PET2     ESMX_Driver: IInitAdvertise extro.
20260904 093056.289 INFO             PET2     ESMX_Driver: IInitAdvertiseFinish intro.
20260904 093056.289 INFO             PET2       >>>ESMX_Driver: entered Initialize (phase=<none>) with current time: 2012 10 24  8  0  0   0
20260904 093056.289 INFO             PET2       <<<ESMX_Driver: leaving Initialize (phase=<none>) with current time: 2012 10 24  8  0  0   0
20260904 093056.289 INFO             PET2     ESMX_Driver: IInitAdvertiseFinish extro.
20260904 093056.290 INFO             PET2     ESMX_Driver: IInitModifyCplLists intro.
20260904 093056.290 INFO             PET2       >>>ESMX_Driver: entered Initialize (phase=<none>) with current time: 2012 10 24  8  0  0   0
20260904 093056.291 INFO             PET2       <<<ESMX_Driver: leaving Initialize (phase=<none>) with current time: 2012 10 24  8  0  0   0
20260904 093056.291 INFO             PET2     ESMX_Driver: IInitModifyCplLists extro.
20260904 093056.291 INFO             PET2     <<<ESMX_Driver: leaving Initialize (phase=<none>) with current time: 2012 10 24  8  0  0   0
20260904 093056.291 INFO             PET2   ESMX_Driver: InitializeIPDv02p1 extro.
20260904 093056.292 INFO             PET2   ESMX_Driver: InitializeIPDv02p3 intro.
20260904 093056.292 INFO             PET2     >>>ESMX_Driver: entered Initialize (phase=<none>) with current time: 2012 10 24  8  0  0   0
20260904 093056.292 INFO             PET2     ESMX_Driver: IInitCheck intro.
20260904 093056.293 INFO             PET2       >>>ESMX_Driver: entered Initialize (phase=<none>) with current time: 2012 10 24  8  0  0   0
20260904 093056.293 INFO             PET2       <<<ESMX_Driver: leaving Initialize (phase=<none>) with current time: 2012 10 24  8  0  0   0
20260904 093056.293 INFO             PET2     ESMX_Driver: IInitCheck extro.
20260904 093056.294 INFO             PET2     ESMX_Driver: IInitRealize intro.
20260904 093056.294 INFO             PET2       >>>ESMX_Driver: entered Initialize (phase=<none>) with current time: 2012 10 24  8  0  0   0
20260904 093056.294 INFO             PET2       <<<ESMX_Driver: leaving Initialize (phase=<none>) with current time: 2012 10 24  8  0  0   0
20260904 093056.294 INFO             PET2     ESMX_Driver: IInitRealize extro.
20260904 093056.295 INFO             PET2     <<<ESMX_Driver: leaving Initialize (phase=<none>) with current time: 2012 10 24  8  0  0   0
20260904 093056.295 INFO             PET2   ESMX_Driver: InitializeIPDv02p3 extro.
20260904 093056.295 INFO             PET2   ESMX_Driver: InitializeIPDv02p5 intro.
20260904 093056.295 INFO             PET2     >>>ESMX_Driver: entered Initialize (phase=<none>) with current time: 2012 10 24  8  0  0   0
20260904 093056.296 INFO             PET2     ESMX_Driver: InitializeIPDv02p5Data intro.
20260904 093056.296 INFO             PET2       >>>ESMX_Driver: entered Initialize (phase=<none>) with current time: 2012 10 24  8  0  0   0
20260904 093056.297 INFO             PET2       ESMX_Driver: InternalInitializeComplete intro.
20260904 093056.297 INFO             PET2         >>>ESMX_Driver: entered Initialize (phase=<none>) with current time: 2012 10 24  8  0  0   0
20260904 093056.297 INFO             PET2         <<<ESMX_Driver: leaving Initialize (phase=<none>) with current time: 2012 10 24  8  0  0   0
20260904 093056.297 INFO             PET2       ESMX_Driver: InternalInitializeComplete extro.
20260904 093056.298 INFO             PET2       ESMX_Driver: loopDataDependentInitialize intro.
20260904 093056.298 INFO             PET2         >>>ESMX_Driver: entered Initialize (phase=<none>) with current time: 2012 10 24  8  0  0   0
20260904 093056.298 INFO             PET2         <<<ESMX_Driver: leaving Initialize (phase=<none>) with current time: 2012 10 24  8  0  0   0
20260904 093056.299 INFO             PET2       ESMX_Driver: loopDataDependentInitialize extro.
20260904 093056.299 INFO             PET2       <<<ESMX_Driver: leaving Initialize (phase=<none>) with current time: 2012 10 24  8  0  0   0
20260904 093056.299 INFO             PET2     ESMX_Driver: InitializeIPDv02p5Data extro.
20260904 093056.299 INFO             PET2     <<<ESMX_Driver: leaving Initialize (phase=<none>) with current time: 2012 10 24  8  0  0   0
20260904 093056.299 INFO             PET2   ESMX_Driver: InitializeIPDv02p5 extro.
20260904 093056.299 INFO             PET2   <<<ESMX_Driver: leaving Initialize (phase=<none>) with current time: 2012 10 24  8  0  0   0
20260904 093056.300 INFO             PET2 ESMX_Driver: InitializeGeneric extro.
20260904 093056.300 INFO             PET2 ESMX_Driver: Run intro.
20260904 093056.300 INFO             PET2   >>>ESMX_Driver: entered Run (phase=RunPhase1) with current time: 2012 10 24  8  0  0   0
20260904 093056.300 INFO             PET2   <<<ESMX_Driver: leaving Run (phase=RunPhase1) with current time: 2012 10 24  8  0  0   0
20260904 093056.300 INFO             PET2 ESMX_Driver: Run extro.
20260904 093056.301 INFO             PET2 ESMX_Driver: Finalize intro.
20260904 093056.301 INFO             PET2   >>>ESMX_Driver: entered Finalize (phase=FinalizePhase1) with current time: 2012 10 24  8  0  0   0
20260904 093056.301 INFO             PET2   <<<ESMX_Driver: leaving Finalize (phase=FinalizePhase1) with current time: 2012 10 24  8  0  0   0
20260904 093056.301 INFO             PET2 ESMX_Driver: Finalize extro.
20260904 093056.301 INFO             PET2 =============================================
20260904 093056.301 INFO             PET2 ESMX (Earth System Model eXecutable) FINISHED
20260904 093056.301 INFO             PET2 =============================================
20260904 093056.301 INFO             PET2  Finalizing ESMF
20260904 093056.220 INFO             PET3 !!!!!!!!!!!!!!!!!!!!!!!!!!!!!!!!!!!!!!!!!!!!!!!!!!!!!!
20260904 093056.220 INFO             PET3 !!! THE ESMF_LOG IS SET TO OUTPUT ALL LOG MESSAGES !!!
20260904 093056.220 INFO             PET3 !!!     THIS MAY CAUSE SLOWDOWN IN PERFORMANCE     !!!
20260904 093056.220 INFO             PET3 !!! FOR PRODUCTION RUNS, USE:                      !!!
20260904 093056.220 INFO             PET3 !!!                   ESMF_LOGKIND_Multi_On_Error  !!!
20260904 093056.220 INFO             PET3 !!!!!!!!!!!!!!!!!!!!!!!!!!!!!!!!!!!!!!!!!!!!!!!!!!!!!!
20260904 093056.220 INFO             PET3 Running with ESMF Version   : develop+g4161bf9d44
20260904 093056.220 INFO             PET3 ESMF library build date/time: "Sep  4 2026" "07:40:33"
20260904 093056.220 INFO             PET3 ESMF library build location : /scratch3/NCEPDEV/stmp/Gerhard.Theurich/ESMF-Nightly-Testing-Hera/nvhpc_24.1_openmpi_g_develop/esmf
20260904 093056.220 INFO             PET3 ESMF_COMM                   : openmpi
20260904 093056.220 INFO             PET3 ESMF_MOAB                   : enabled
20260904 093056.220 INFO             PET3 ESMF_LAPACK                 : enabled
20260904 093056.220 INFO             PET3 ESMF_NETCDF                 : disabled
20260904 093056.220 INFO             PET3 ESMF_PNETCDF                : disabled
20260904 093056.220 INFO             PET3 ESMF_PIO                    : disabled
20260904 093056.220 INFO             PET3 ESMF_YAMLCPP                : enabled
20260904 093056.230 INFO             PET3 =============================================
20260904 093056.230 INFO             PET3 ESMX (Earth System Model eXecutable) STARTING
20260904 093056.230 INFO             PET3 =============================================
20260904 093056.256 DEBUG            PET3 Generic SetVM() is executing for: ESMX_Driver
20260904 093056.257 DEBUG            PET3 Generic SetVM() found no NUOPC Hint for: ESMX_Driver
20260904 093056.257 DEBUG            PET3 Generic SetVM() therefore is NOT calling ESMF_GridCompSetVMMaxPEs() for: ESMX_Driver
20260904 093056.273 INFO             PET3 ESMX_Driver: InitializeGeneric intro.
20260904 093056.274 INFO             PET3   >>>ESMX_Driver: entered Initialize (phase=<none>) without valid internal Clock.
20260904 093056.274 INFO             PET3   ESMX_Driver: InitializeP0 intro.
20260904 093056.274 INFO             PET3     >>>ESMX_Driver: entered Initialize (phase=<none>) without valid internal Clock.
20260904 093056.275 INFO             PET3     <<<ESMX_Driver: leaving Initialize (phase=<none>) without valid internal Clock.
20260904 093056.275 INFO             PET3   ESMX_Driver: InitializeP0 extro.
20260904 093056.275 INFO             PET3   ESMX_Driver: InitializeIPDv02p1 intro.
20260904 093056.275 INFO             PET3     >>>ESMX_Driver: entered Initialize (phase=<none>) without valid internal Clock.
20260904 093056.287 INFO             PET3     ESMX_Driver: IInitAdvertise intro.
20260904 093056.288 INFO             PET3       >>>ESMX_Driver: entered Initialize (phase=<none>) with current time: 2012 10 24  8  0  0   0
20260904 093056.288 INFO             PET3       <<<ESMX_Driver: leaving Initialize (phase=<none>) with current time: 2012 10 24  8  0  0   0
20260904 093056.288 INFO             PET3     ESMX_Driver: IInitAdvertise extro.
20260904 093056.289 INFO             PET3     ESMX_Driver: IInitAdvertiseFinish intro.
20260904 093056.289 INFO             PET3       >>>ESMX_Driver: entered Initialize (phase=<none>) with current time: 2012 10 24  8  0  0   0
20260904 093056.289 INFO             PET3       <<<ESMX_Driver: leaving Initialize (phase=<none>) with current time: 2012 10 24  8  0  0   0
20260904 093056.289 INFO             PET3     ESMX_Driver: IInitAdvertiseFinish extro.
20260904 093056.290 INFO             PET3     ESMX_Driver: IInitModifyCplLists intro.
20260904 093056.290 INFO             PET3       >>>ESMX_Driver: entered Initialize (phase=<none>) with current time: 2012 10 24  8  0  0   0
20260904 093056.291 INFO             PET3       <<<ESMX_Driver: leaving Initialize (phase=<none>) with current time: 2012 10 24  8  0  0   0
20260904 093056.291 INFO             PET3     ESMX_Driver: IInitModifyCplLists extro.
20260904 093056.291 INFO             PET3     <<<ESMX_Driver: leaving Initialize (phase=<none>) with current time: 2012 10 24  8  0  0   0
20260904 093056.291 INFO             PET3   ESMX_Driver: InitializeIPDv02p1 extro.
20260904 093056.292 INFO             PET3   ESMX_Driver: InitializeIPDv02p3 intro.
20260904 093056.292 INFO             PET3     >>>ESMX_Driver: entered Initialize (phase=<none>) with current time: 2012 10 24  8  0  0   0
20260904 093056.292 INFO             PET3     ESMX_Driver: IInitCheck intro.
20260904 093056.293 INFO             PET3       >>>ESMX_Driver: entered Initialize (phase=<none>) with current time: 2012 10 24  8  0  0   0
20260904 093056.293 INFO             PET3       <<<ESMX_Driver: leaving Initialize (phase=<none>) with current time: 2012 10 24  8  0  0   0
20260904 093056.293 INFO             PET3     ESMX_Driver: IInitCheck extro.
20260904 093056.294 INFO             PET3     ESMX_Driver: IInitRealize intro.
20260904 093056.294 INFO             PET3       >>>ESMX_Driver: entered Initialize (phase=<none>) with current time: 2012 10 24  8  0  0   0
20260904 093056.294 INFO             PET3       <<<ESMX_Driver: leaving Initialize (phase=<none>) with current time: 2012 10 24  8  0  0   0
20260904 093056.294 INFO             PET3     ESMX_Driver: IInitRealize extro.
20260904 093056.295 INFO             PET3     <<<ESMX_Driver: leaving Initialize (phase=<none>) with current time: 2012 10 24  8  0  0   0
20260904 093056.295 INFO             PET3   ESMX_Driver: InitializeIPDv02p3 extro.
20260904 093056.295 INFO             PET3   ESMX_Driver: InitializeIPDv02p5 intro.
20260904 093056.295 INFO             PET3     >>>ESMX_Driver: entered Initialize (phase=<none>) with current time: 2012 10 24  8  0  0   0
20260904 093056.296 INFO             PET3     ESMX_Driver: InitializeIPDv02p5Data intro.
20260904 093056.296 INFO             PET3       >>>ESMX_Driver: entered Initialize (phase=<none>) with current time: 2012 10 24  8  0  0   0
20260904 093056.297 INFO             PET3       ESMX_Driver: InternalInitializeComplete intro.
20260904 093056.297 INFO             PET3         >>>ESMX_Driver: entered Initialize (phase=<none>) with current time: 2012 10 24  8  0  0   0
20260904 093056.297 INFO             PET3         <<<ESMX_Driver: leaving Initialize (phase=<none>) with current time: 2012 10 24  8  0  0   0
20260904 093056.297 INFO             PET3       ESMX_Driver: InternalInitializeComplete extro.
20260904 093056.298 INFO             PET3       ESMX_Driver: loopDataDependentInitialize intro.
20260904 093056.298 INFO             PET3         >>>ESMX_Driver: entered Initialize (phase=<none>) with current time: 2012 10 24  8  0  0   0
20260904 093056.298 INFO             PET3         <<<ESMX_Driver: leaving Initialize (phase=<none>) with current time: 2012 10 24  8  0  0   0
20260904 093056.299 INFO             PET3       ESMX_Driver: loopDataDependentInitialize extro.
20260904 093056.299 INFO             PET3       <<<ESMX_Driver: leaving Initialize (phase=<none>) with current time: 2012 10 24  8  0  0   0
20260904 093056.299 INFO             PET3     ESMX_Driver: InitializeIPDv02p5Data extro.
20260904 093056.299 INFO             PET3     <<<ESMX_Driver: leaving Initialize (phase=<none>) with current time: 2012 10 24  8  0  0   0
20260904 093056.299 INFO             PET3   ESMX_Driver: InitializeIPDv02p5 extro.
20260904 093056.299 INFO             PET3   <<<ESMX_Driver: leaving Initialize (phase=<none>) with current time: 2012 10 24  8  0  0   0
20260904 093056.300 INFO             PET3 ESMX_Driver: InitializeGeneric extro.
20260904 093056.300 INFO             PET3 ESMX_Driver: Run intro.
20260904 093056.300 INFO             PET3   >>>ESMX_Driver: entered Run (phase=RunPhase1) with current time: 2012 10 24  8  0  0   0
20260904 093056.300 INFO             PET3   <<<ESMX_Driver: leaving Run (phase=RunPhase1) with current time: 2012 10 24  8  0  0   0
20260904 093056.300 INFO             PET3 ESMX_Driver: Run extro.
20260904 093056.301 INFO             PET3 ESMX_Driver: Finalize intro.
20260904 093056.301 INFO             PET3   >>>ESMX_Driver: entered Finalize (phase=FinalizePhase1) with current time: 2012 10 24  8  0  0   0
20260904 093056.301 INFO             PET3   <<<ESMX_Driver: leaving Finalize (phase=FinalizePhase1) with current time: 2012 10 24  8  0  0   0
20260904 093056.301 INFO             PET3 ESMX_Driver: Finalize extro.
20260904 093056.301 INFO             PET3 =============================================
20260904 093056.301 INFO             PET3 ESMX (Earth System Model eXecutable) FINISHED
20260904 093056.301 INFO             PET3 =============================================
20260904 093056.301 INFO             PET3  Finalizing ESMF
