2026-09-18 07:46:06
20260918 093804.374 INFO             PET0 !!!!!!!!!!!!!!!!!!!!!!!!!!!!!!!!!!!!!!!!!!!!!!!!!!!!!!
20260918 093804.374 INFO             PET0 !!! THE ESMF_LOG IS SET TO OUTPUT ALL LOG MESSAGES !!!
20260918 093804.374 INFO             PET0 !!!     THIS MAY CAUSE SLOWDOWN IN PERFORMANCE     !!!
20260918 093804.374 INFO             PET0 !!! FOR PRODUCTION RUNS, USE:                      !!!
20260918 093804.374 INFO             PET0 !!!                   ESMF_LOGKIND_Multi_On_Error  !!!
20260918 093804.374 INFO             PET0 !!!!!!!!!!!!!!!!!!!!!!!!!!!!!!!!!!!!!!!!!!!!!!!!!!!!!!
20260918 093804.374 INFO             PET0 Running with ESMF Version   : develop+gb6b90e9e0c
20260918 093804.374 INFO             PET0 ESMF library build date/time: "Sep 18 2026" "07:41:42"
20260918 093804.374 INFO             PET0 ESMF library build location : /scratch3/NCEPDEV/stmp/Gerhard.Theurich/ESMF-Nightly-Testing-Hera/nvhpc_24.1_openmpi_g_develop/esmf
20260918 093804.375 INFO             PET0 ESMF_COMM                   : openmpi
20260918 093804.375 INFO             PET0 ESMF_MOAB                   : enabled
20260918 093804.375 INFO             PET0 ESMF_LAPACK                 : enabled
20260918 093804.375 INFO             PET0 ESMF_NETCDF                 : disabled
20260918 093804.375 INFO             PET0 ESMF_PNETCDF                : disabled
20260918 093804.375 INFO             PET0 ESMF_PIO                    : disabled
20260918 093804.375 INFO             PET0 ESMF_YAMLCPP                : enabled
20260918 093804.386 INFO             PET0 =============================================
20260918 093804.386 INFO             PET0 ESMX (Earth System Model eXecutable) STARTING
20260918 093804.386 INFO             PET0 =============================================
20260918 093804.423 DEBUG            PET0 Generic SetVM() is executing for: ESMX_Driver
20260918 093804.423 DEBUG            PET0 Generic SetVM() found no NUOPC Hint for: ESMX_Driver
20260918 093804.423 DEBUG            PET0 Generic SetVM() therefore is NOT calling ESMF_GridCompSetVMMaxPEs() for: ESMX_Driver
20260918 093804.442 INFO             PET0 ESMX_Driver: InitializeGeneric intro.
20260918 093804.442 INFO             PET0   >>>ESMX_Driver: entered Initialize (phase=<none>) without valid internal Clock.
20260918 093804.442 INFO             PET0   ESMX_Driver: InitializeP0 intro.
20260918 093804.442 INFO             PET0     >>>ESMX_Driver: entered Initialize (phase=<none>) without valid internal Clock.
20260918 093804.443 INFO             PET0     <<<ESMX_Driver: leaving Initialize (phase=<none>) without valid internal Clock.
20260918 093804.443 INFO             PET0   ESMX_Driver: InitializeP0 extro.
20260918 093804.443 INFO             PET0   ESMX_Driver: InitializeIPDv02p1 intro.
20260918 093804.443 INFO             PET0     >>>ESMX_Driver: entered Initialize (phase=<none>) without valid internal Clock.
20260918 093804.469 INFO             PET0     ESMX_Driver - Creating model component ABC without petList.
20260918 093804.469 DEBUG            PET0     Generic SetVM() is executing for: ABC
20260918 093804.470 DEBUG            PET0     Generic SetVM() found no NUOPC Hint for: ABC
20260918 093804.470 DEBUG            PET0     Generic SetVM() therefore is NOT calling ESMF_GridCompSetVMMaxPEs() for: ABC
20260918 093804.500 INFO             PET0     ABC: InitializeP0 intro.
20260918 093804.501 INFO             PET0       >>>ABC: entered Initialize (phase=<none>) without valid internal Clock.
20260918 093804.505 INFO             PET0       <<<ABC: leaving Initialize (phase=<none>) without valid internal Clock.
20260918 093804.505 INFO             PET0     ABC: InitializeP0 extro.
20260918 093804.516 INFO             PET0     ESMX_Driver: IInitAdvertise intro.
20260918 093804.516 INFO             PET0       >>>ESMX_Driver: entered Initialize (phase=<none>) with current time: 2012 10 24  8  0  0   0
20260918 093804.516 INFO             PET0       <<<ESMX_Driver: leaving Initialize (phase=<none>) with current time: 2012 10 24  8  0  0   0
20260918 093804.516 INFO             PET0     ESMX_Driver: IInitAdvertise extro.
20260918 093804.517 INFO             PET0     ABC: InitializeIPDvXp01 intro.
20260918 093804.517 INFO             PET0       >>>ABC: entered Initialize (phase=IPDvXp01) without valid internal Clock.
20260918 093804.517 INFO             PET0       <<<ABC: leaving Initialize (phase=IPDvXp01) without valid internal Clock.
20260918 093804.518 INFO             PET0     ABC: InitializeIPDvXp01 extro.
20260918 093804.520 INFO             PET0     ESMX_Driver: IInitAdvertiseFinish intro.
20260918 093804.520 INFO             PET0       >>>ESMX_Driver: entered Initialize (phase=<none>) with current time: 2012 10 24  8  0  0   0
20260918 093804.521 INFO             PET0       <<<ESMX_Driver: leaving Initialize (phase=<none>) with current time: 2012 10 24  8  0  0   0
20260918 093804.521 INFO             PET0     ESMX_Driver: IInitAdvertiseFinish extro.
20260918 093804.522 INFO             PET0     ESMX_Driver: IInitModifyCplLists intro.
20260918 093804.522 INFO             PET0       >>>ESMX_Driver: entered Initialize (phase=<none>) with current time: 2012 10 24  8  0  0   0
20260918 093804.522 INFO             PET0       <<<ESMX_Driver: leaving Initialize (phase=<none>) with current time: 2012 10 24  8  0  0   0
20260918 093804.522 INFO             PET0     ESMX_Driver: IInitModifyCplLists extro.
20260918 093804.523 INFO             PET0     <<<ESMX_Driver: leaving Initialize (phase=<none>) with current time: 2012 10 24  8  0  0   0
20260918 093804.523 INFO             PET0   ESMX_Driver: InitializeIPDv02p1 extro.
20260918 093804.523 INFO             PET0   ESMX_Driver: InitializeIPDv02p3 intro.
20260918 093804.523 INFO             PET0     >>>ESMX_Driver: entered Initialize (phase=<none>) with current time: 2012 10 24  8  0  0   0
20260918 093804.524 INFO             PET0     ESMX_Driver: IInitCheck intro.
20260918 093804.524 INFO             PET0       >>>ESMX_Driver: entered Initialize (phase=<none>) with current time: 2012 10 24  8  0  0   0
20260918 093804.525 INFO             PET0       <<<ESMX_Driver: leaving Initialize (phase=<none>) with current time: 2012 10 24  8  0  0   0
20260918 093804.525 INFO             PET0     ESMX_Driver: IInitCheck extro.
20260918 093804.525 INFO             PET0     ABC: InitializeIPDvXp04 intro.
20260918 093804.526 INFO             PET0       >>>ABC: entered Initialize (phase=IPDvXp04) without valid internal Clock.
20260918 093804.526 INFO             PET0       <<<ABC: leaving Initialize (phase=IPDvXp04) without valid internal Clock.
20260918 093804.526 INFO             PET0     ABC: InitializeIPDvXp04 extro.
20260918 093804.529 INFO             PET0     ESMX_Driver: IInitRealize intro.
20260918 093804.529 INFO             PET0       >>>ESMX_Driver: entered Initialize (phase=<none>) with current time: 2012 10 24  8  0  0   0
20260918 093804.529 INFO             PET0       <<<ESMX_Driver: leaving Initialize (phase=<none>) with current time: 2012 10 24  8  0  0   0
20260918 093804.529 INFO             PET0     ESMX_Driver: IInitRealize extro.
20260918 093804.530 INFO             PET0     ABC: InitializeIPDvXp07 intro.
20260918 093804.530 INFO             PET0       >>>ABC: entered Initialize (phase=IPDvXp07) without valid internal Clock.
20260918 093804.531 INFO             PET0       <<<ABC: leaving Initialize (phase=IPDvXp07) with current time: 2012 10 24  8  0  0   0
20260918 093804.531 INFO             PET0     ABC: InitializeIPDvXp07 extro.
20260918 093804.531 INFO             PET0     <<<ESMX_Driver: leaving Initialize (phase=<none>) with current time: 2012 10 24  8  0  0   0
20260918 093804.531 INFO             PET0   ESMX_Driver: InitializeIPDv02p3 extro.
20260918 093804.531 INFO             PET0   ESMX_Driver: InitializeIPDv02p5 intro.
20260918 093804.531 INFO             PET0     >>>ESMX_Driver: entered Initialize (phase=<none>) with current time: 2012 10 24  8  0  0   0
20260918 093804.532 INFO             PET0     ESMX_Driver: InitializeIPDv02p5Data intro.
20260918 093804.532 INFO             PET0       >>>ESMX_Driver: entered Initialize (phase=<none>) with current time: 2012 10 24  8  0  0   0
20260918 093804.533 INFO             PET0       ESMX_Driver: InternalInitializeComplete intro.
20260918 093804.533 INFO             PET0         >>>ESMX_Driver: entered Initialize (phase=<none>) with current time: 2012 10 24  8  0  0   0
20260918 093804.533 INFO             PET0         <<<ESMX_Driver: leaving Initialize (phase=<none>) with current time: 2012 10 24  8  0  0   0
20260918 093804.533 INFO             PET0       ESMX_Driver: InternalInitializeComplete extro.
20260918 093804.534 INFO             PET0       ABC: InitializeIPDvXp08 intro.
20260918 093804.534 INFO             PET0         >>>ABC: entered Initialize (phase=IPDv05p8) with current time: 2012 10 24  8  0  0   0
20260918 093804.535 INFO             PET0         <<<ABC: leaving Initialize (phase=IPDv05p8) with current time: 2012 10 24  8  0  0   0
20260918 093804.535 INFO             PET0       ABC: InitializeIPDvXp08 extro.
20260918 093804.539 INFO             PET0       ESMX_Driver: loopDataDependentInitialize intro.
20260918 093804.539 INFO             PET0         >>>ESMX_Driver: entered Initialize (phase=<none>) with current time: 2012 10 24  8  0  0   0
20260918 093804.539 INFO             PET0         <<<ESMX_Driver: leaving Initialize (phase=<none>) with current time: 2012 10 24  8  0  0   0
20260918 093804.540 INFO             PET0       ESMX_Driver: loopDataDependentInitialize extro.
20260918 093804.540 INFO             PET0       <<<ESMX_Driver: leaving Initialize (phase=<none>) with current time: 2012 10 24  8  0  0   0
20260918 093804.540 INFO             PET0     ESMX_Driver: InitializeIPDv02p5Data extro.
20260918 093804.540 INFO             PET0     <<<ESMX_Driver: leaving Initialize (phase=<none>) with current time: 2012 10 24  8  0  0   0
20260918 093804.540 INFO             PET0   ESMX_Driver: InitializeIPDv02p5 extro.
20260918 093804.541 INFO             PET0   <<<ESMX_Driver: leaving Initialize (phase=<none>) with current time: 2012 10 24  8  0  0   0
20260918 093804.541 INFO             PET0 ESMX_Driver: InitializeGeneric extro.
20260918 093804.541 INFO             PET0 ESMX_Driver: Run intro.
20260918 093804.541 INFO             PET0   >>>ESMX_Driver: entered Run (phase=RunPhase1) with current time: 2012 10 24  8  0  0   0
20260918 093804.542 INFO             PET0   ABC: Run intro.
20260918 093804.542 INFO             PET0     >>>ABC: entered Run (phase=RunPhase1) with current time: 2012 10 24  8  0  0   0
20260918 093804.542 INFO             PET0     <<<ABC: leaving Run (phase=RunPhase1) with current time: 2012 10 24 20  0  0   0
20260918 093804.542 INFO             PET0   ABC: Run extro.
20260918 093804.542 INFO             PET0   <<<ESMX_Driver: leaving Run (phase=RunPhase1) with current time: 2012 10 24 20  0  0   0
20260918 093804.542 INFO             PET0 ESMX_Driver: Run extro.
20260918 093804.543 INFO             PET0 ESMX_Driver: Finalize intro.
20260918 093804.543 INFO             PET0   >>>ESMX_Driver: entered Finalize (phase=FinalizePhase1) with current time: 2012 10 24 20  0  0   0
20260918 093804.543 INFO             PET0   Calling Finalize phase 1 for modelComp: ABC
20260918 093804.543 INFO             PET0   ABC: Finalize intro.
20260918 093804.543 INFO             PET0     >>>ABC: entered Finalize (phase=FinalizePhase1) with current time: 2012 10 24 20  0  0   0
20260918 093804.543 INFO             PET0     <<<ABC: leaving Finalize (phase=FinalizePhase1) with current time: 2012 10 24 20  0  0   0
20260918 093804.543 INFO             PET0   ABC: Finalize extro.
20260918 093804.544 INFO             PET0   Delete modelComp: ABC
20260918 093804.544 INFO             PET0   <<<ESMX_Driver: leaving Finalize (phase=FinalizePhase1) with current time: 2012 10 24 20  0  0   0
20260918 093804.544 INFO             PET0 ESMX_Driver: Finalize extro.
20260918 093804.544 INFO             PET0 =============================================
20260918 093804.544 INFO             PET0 ESMX (Earth System Model eXecutable) FINISHED
20260918 093804.544 INFO             PET0 =============================================
20260918 093804.544 INFO             PET0  Finalizing ESMF
20260918 093804.369 INFO             PET1 !!!!!!!!!!!!!!!!!!!!!!!!!!!!!!!!!!!!!!!!!!!!!!!!!!!!!!
20260918 093804.369 INFO             PET1 !!! THE ESMF_LOG IS SET TO OUTPUT ALL LOG MESSAGES !!!
20260918 093804.369 INFO             PET1 !!!     THIS MAY CAUSE SLOWDOWN IN PERFORMANCE     !!!
20260918 093804.369 INFO             PET1 !!! FOR PRODUCTION RUNS, USE:                      !!!
20260918 093804.369 INFO             PET1 !!!                   ESMF_LOGKIND_Multi_On_Error  !!!
20260918 093804.369 INFO             PET1 !!!!!!!!!!!!!!!!!!!!!!!!!!!!!!!!!!!!!!!!!!!!!!!!!!!!!!
20260918 093804.369 INFO             PET1 Running with ESMF Version   : develop+gb6b90e9e0c
20260918 093804.369 INFO             PET1 ESMF library build date/time: "Sep 18 2026" "07:41:42"
20260918 093804.369 INFO             PET1 ESMF library build location : /scratch3/NCEPDEV/stmp/Gerhard.Theurich/ESMF-Nightly-Testing-Hera/nvhpc_24.1_openmpi_g_develop/esmf
20260918 093804.370 INFO             PET1 ESMF_COMM                   : openmpi
20260918 093804.370 INFO             PET1 ESMF_MOAB                   : enabled
20260918 093804.370 INFO             PET1 ESMF_LAPACK                 : enabled
20260918 093804.370 INFO             PET1 ESMF_NETCDF                 : disabled
20260918 093804.370 INFO             PET1 ESMF_PNETCDF                : disabled
20260918 093804.370 INFO             PET1 ESMF_PIO                    : disabled
20260918 093804.370 INFO             PET1 ESMF_YAMLCPP                : enabled
20260918 093804.386 INFO             PET1 =============================================
20260918 093804.386 INFO             PET1 ESMX (Earth System Model eXecutable) STARTING
20260918 093804.386 INFO             PET1 =============================================
20260918 093804.423 DEBUG            PET1 Generic SetVM() is executing for: ESMX_Driver
20260918 093804.423 DEBUG            PET1 Generic SetVM() found no NUOPC Hint for: ESMX_Driver
20260918 093804.423 DEBUG            PET1 Generic SetVM() therefore is NOT calling ESMF_GridCompSetVMMaxPEs() for: ESMX_Driver
20260918 093804.441 INFO             PET1 ESMX_Driver: InitializeGeneric intro.
20260918 093804.442 INFO             PET1   >>>ESMX_Driver: entered Initialize (phase=<none>) without valid internal Clock.
20260918 093804.442 INFO             PET1   ESMX_Driver: InitializeP0 intro.
20260918 093804.442 INFO             PET1     >>>ESMX_Driver: entered Initialize (phase=<none>) without valid internal Clock.
20260918 093804.443 INFO             PET1     <<<ESMX_Driver: leaving Initialize (phase=<none>) without valid internal Clock.
20260918 093804.443 INFO             PET1   ESMX_Driver: InitializeP0 extro.
20260918 093804.443 INFO             PET1   ESMX_Driver: InitializeIPDv02p1 intro.
20260918 093804.443 INFO             PET1     >>>ESMX_Driver: entered Initialize (phase=<none>) without valid internal Clock.
20260918 093804.469 INFO             PET1     ESMX_Driver - Creating model component ABC without petList.
20260918 093804.469 DEBUG            PET1     Generic SetVM() is executing for: ABC
20260918 093804.470 DEBUG            PET1     Generic SetVM() found no NUOPC Hint for: ABC
20260918 093804.470 DEBUG            PET1     Generic SetVM() therefore is NOT calling ESMF_GridCompSetVMMaxPEs() for: ABC
20260918 093804.500 INFO             PET1     ABC: InitializeP0 intro.
20260918 093804.501 INFO             PET1       >>>ABC: entered Initialize (phase=<none>) without valid internal Clock.
20260918 093804.505 INFO             PET1       <<<ABC: leaving Initialize (phase=<none>) without valid internal Clock.
20260918 093804.505 INFO             PET1     ABC: InitializeP0 extro.
20260918 093804.516 INFO             PET1     ESMX_Driver: IInitAdvertise intro.
20260918 093804.517 INFO             PET1       >>>ESMX_Driver: entered Initialize (phase=<none>) with current time: 2012 10 24  8  0  0   0
20260918 093804.517 INFO             PET1       <<<ESMX_Driver: leaving Initialize (phase=<none>) with current time: 2012 10 24  8  0  0   0
20260918 093804.517 INFO             PET1     ESMX_Driver: IInitAdvertise extro.
20260918 093804.518 INFO             PET1     ABC: InitializeIPDvXp01 intro.
20260918 093804.518 INFO             PET1       >>>ABC: entered Initialize (phase=IPDvXp01) without valid internal Clock.
20260918 093804.518 INFO             PET1       <<<ABC: leaving Initialize (phase=IPDvXp01) without valid internal Clock.
20260918 093804.518 INFO             PET1     ABC: InitializeIPDvXp01 extro.
20260918 093804.521 INFO             PET1     ESMX_Driver: IInitAdvertiseFinish intro.
20260918 093804.521 INFO             PET1       >>>ESMX_Driver: entered Initialize (phase=<none>) with current time: 2012 10 24  8  0  0   0
20260918 093804.522 INFO             PET1       <<<ESMX_Driver: leaving Initialize (phase=<none>) with current time: 2012 10 24  8  0  0   0
20260918 093804.522 INFO             PET1     ESMX_Driver: IInitAdvertiseFinish extro.
20260918 093804.522 INFO             PET1     ESMX_Driver: IInitModifyCplLists intro.
20260918 093804.523 INFO             PET1       >>>ESMX_Driver: entered Initialize (phase=<none>) with current time: 2012 10 24  8  0  0   0
20260918 093804.523 INFO             PET1       <<<ESMX_Driver: leaving Initialize (phase=<none>) with current time: 2012 10 24  8  0  0   0
20260918 093804.523 INFO             PET1     ESMX_Driver: IInitModifyCplLists extro.
20260918 093804.524 INFO             PET1     <<<ESMX_Driver: leaving Initialize (phase=<none>) with current time: 2012 10 24  8  0  0   0
20260918 093804.524 INFO             PET1   ESMX_Driver: InitializeIPDv02p1 extro.
20260918 093804.524 INFO             PET1   ESMX_Driver: InitializeIPDv02p3 intro.
20260918 093804.524 INFO             PET1     >>>ESMX_Driver: entered Initialize (phase=<none>) with current time: 2012 10 24  8  0  0   0
20260918 093804.525 INFO             PET1     ESMX_Driver: IInitCheck intro.
20260918 093804.525 INFO             PET1       >>>ESMX_Driver: entered Initialize (phase=<none>) with current time: 2012 10 24  8  0  0   0
20260918 093804.526 INFO             PET1       <<<ESMX_Driver: leaving Initialize (phase=<none>) with current time: 2012 10 24  8  0  0   0
20260918 093804.526 INFO             PET1     ESMX_Driver: IInitCheck extro.
20260918 093804.526 INFO             PET1     ABC: InitializeIPDvXp04 intro.
20260918 093804.526 INFO             PET1       >>>ABC: entered Initialize (phase=IPDvXp04) without valid internal Clock.
20260918 093804.527 INFO             PET1       <<<ABC: leaving Initialize (phase=IPDvXp04) without valid internal Clock.
20260918 093804.527 INFO             PET1     ABC: InitializeIPDvXp04 extro.
20260918 093804.530 INFO             PET1     ESMX_Driver: IInitRealize intro.
20260918 093804.530 INFO             PET1       >>>ESMX_Driver: entered Initialize (phase=<none>) with current time: 2012 10 24  8  0  0   0
20260918 093804.530 INFO             PET1       <<<ESMX_Driver: leaving Initialize (phase=<none>) with current time: 2012 10 24  8  0  0   0
20260918 093804.530 INFO             PET1     ESMX_Driver: IInitRealize extro.
20260918 093804.531 INFO             PET1     ABC: InitializeIPDvXp07 intro.
20260918 093804.531 INFO             PET1       >>>ABC: entered Initialize (phase=IPDvXp07) without valid internal Clock.
20260918 093804.532 INFO             PET1       <<<ABC: leaving Initialize (phase=IPDvXp07) with current time: 2012 10 24  8  0  0   0
20260918 093804.532 INFO             PET1     ABC: InitializeIPDvXp07 extro.
20260918 093804.532 INFO             PET1     <<<ESMX_Driver: leaving Initialize (phase=<none>) with current time: 2012 10 24  8  0  0   0
20260918 093804.532 INFO             PET1   ESMX_Driver: InitializeIPDv02p3 extro.
20260918 093804.532 INFO             PET1   ESMX_Driver: InitializeIPDv02p5 intro.
20260918 093804.533 INFO             PET1     >>>ESMX_Driver: entered Initialize (phase=<none>) with current time: 2012 10 24  8  0  0   0
20260918 093804.533 INFO             PET1     ESMX_Driver: InitializeIPDv02p5Data intro.
20260918 093804.533 INFO             PET1       >>>ESMX_Driver: entered Initialize (phase=<none>) with current time: 2012 10 24  8  0  0   0
20260918 093804.534 INFO             PET1       ESMX_Driver: InternalInitializeComplete intro.
20260918 093804.534 INFO             PET1         >>>ESMX_Driver: entered Initialize (phase=<none>) with current time: 2012 10 24  8  0  0   0
20260918 093804.534 INFO             PET1         <<<ESMX_Driver: leaving Initialize (phase=<none>) with current time: 2012 10 24  8  0  0   0
20260918 093804.534 INFO             PET1       ESMX_Driver: InternalInitializeComplete extro.
20260918 093804.535 INFO             PET1       ABC: InitializeIPDvXp08 intro.
20260918 093804.535 INFO             PET1         >>>ABC: entered Initialize (phase=IPDv05p8) with current time: 2012 10 24  8  0  0   0
20260918 093804.536 INFO             PET1         <<<ABC: leaving Initialize (phase=IPDv05p8) with current time: 2012 10 24  8  0  0   0
20260918 093804.536 INFO             PET1       ABC: InitializeIPDvXp08 extro.
20260918 093804.539 INFO             PET1       ESMX_Driver: loopDataDependentInitialize intro.
20260918 093804.539 INFO             PET1         >>>ESMX_Driver: entered Initialize (phase=<none>) with current time: 2012 10 24  8  0  0   0
20260918 093804.539 INFO             PET1         <<<ESMX_Driver: leaving Initialize (phase=<none>) with current time: 2012 10 24  8  0  0   0
20260918 093804.540 INFO             PET1       ESMX_Driver: loopDataDependentInitialize extro.
20260918 093804.540 INFO             PET1       <<<ESMX_Driver: leaving Initialize (phase=<none>) with current time: 2012 10 24  8  0  0   0
20260918 093804.540 INFO             PET1     ESMX_Driver: InitializeIPDv02p5Data extro.
20260918 093804.540 INFO             PET1     <<<ESMX_Driver: leaving Initialize (phase=<none>) with current time: 2012 10 24  8  0  0   0
20260918 093804.540 INFO             PET1   ESMX_Driver: InitializeIPDv02p5 extro.
20260918 093804.541 INFO             PET1   <<<ESMX_Driver: leaving Initialize (phase=<none>) with current time: 2012 10 24  8  0  0   0
20260918 093804.541 INFO             PET1 ESMX_Driver: InitializeGeneric extro.
20260918 093804.541 INFO             PET1 ESMX_Driver: Run intro.
20260918 093804.541 INFO             PET1   >>>ESMX_Driver: entered Run (phase=RunPhase1) with current time: 2012 10 24  8  0  0   0
20260918 093804.542 INFO             PET1   ABC: Run intro.
20260918 093804.542 INFO             PET1     >>>ABC: entered Run (phase=RunPhase1) with current time: 2012 10 24  8  0  0   0
20260918 093804.542 INFO             PET1     <<<ABC: leaving Run (phase=RunPhase1) with current time: 2012 10 24 20  0  0   0
20260918 093804.542 INFO             PET1   ABC: Run extro.
20260918 093804.542 INFO             PET1   <<<ESMX_Driver: leaving Run (phase=RunPhase1) with current time: 2012 10 24 20  0  0   0
20260918 093804.542 INFO             PET1 ESMX_Driver: Run extro.
20260918 093804.543 INFO             PET1 ESMX_Driver: Finalize intro.
20260918 093804.543 INFO             PET1   >>>ESMX_Driver: entered Finalize (phase=FinalizePhase1) with current time: 2012 10 24 20  0  0   0
20260918 093804.543 INFO             PET1   Calling Finalize phase 1 for modelComp: ABC
20260918 093804.543 INFO             PET1   ABC: Finalize intro.
20260918 093804.543 INFO             PET1     >>>ABC: entered Finalize (phase=FinalizePhase1) with current time: 2012 10 24 20  0  0   0
20260918 093804.543 INFO             PET1     <<<ABC: leaving Finalize (phase=FinalizePhase1) with current time: 2012 10 24 20  0  0   0
20260918 093804.543 INFO             PET1   ABC: Finalize extro.
20260918 093804.544 INFO             PET1   Delete modelComp: ABC
20260918 093804.544 INFO             PET1   <<<ESMX_Driver: leaving Finalize (phase=FinalizePhase1) with current time: 2012 10 24 20  0  0   0
20260918 093804.544 INFO             PET1 ESMX_Driver: Finalize extro.
20260918 093804.544 INFO             PET1 =============================================
20260918 093804.544 INFO             PET1 ESMX (Earth System Model eXecutable) FINISHED
20260918 093804.544 INFO             PET1 =============================================
20260918 093804.544 INFO             PET1  Finalizing ESMF
20260918 093804.373 INFO             PET2 !!!!!!!!!!!!!!!!!!!!!!!!!!!!!!!!!!!!!!!!!!!!!!!!!!!!!!
20260918 093804.373 INFO             PET2 !!! THE ESMF_LOG IS SET TO OUTPUT ALL LOG MESSAGES !!!
20260918 093804.373 INFO             PET2 !!!     THIS MAY CAUSE SLOWDOWN IN PERFORMANCE     !!!
20260918 093804.373 INFO             PET2 !!! FOR PRODUCTION RUNS, USE:                      !!!
20260918 093804.373 INFO             PET2 !!!                   ESMF_LOGKIND_Multi_On_Error  !!!
20260918 093804.373 INFO             PET2 !!!!!!!!!!!!!!!!!!!!!!!!!!!!!!!!!!!!!!!!!!!!!!!!!!!!!!
20260918 093804.373 INFO             PET2 Running with ESMF Version   : develop+gb6b90e9e0c
20260918 093804.373 INFO             PET2 ESMF library build date/time: "Sep 18 2026" "07:41:42"
20260918 093804.373 INFO             PET2 ESMF library build location : /scratch3/NCEPDEV/stmp/Gerhard.Theurich/ESMF-Nightly-Testing-Hera/nvhpc_24.1_openmpi_g_develop/esmf
20260918 093804.373 INFO             PET2 ESMF_COMM                   : openmpi
20260918 093804.373 INFO             PET2 ESMF_MOAB                   : enabled
20260918 093804.373 INFO             PET2 ESMF_LAPACK                 : enabled
20260918 093804.373 INFO             PET2 ESMF_NETCDF                 : disabled
20260918 093804.373 INFO             PET2 ESMF_PNETCDF                : disabled
20260918 093804.373 INFO             PET2 ESMF_PIO                    : disabled
20260918 093804.373 INFO             PET2 ESMF_YAMLCPP                : enabled
20260918 093804.386 INFO             PET2 =============================================
20260918 093804.386 INFO             PET2 ESMX (Earth System Model eXecutable) STARTING
20260918 093804.386 INFO             PET2 =============================================
20260918 093804.423 DEBUG            PET2 Generic SetVM() is executing for: ESMX_Driver
20260918 093804.423 DEBUG            PET2 Generic SetVM() found no NUOPC Hint for: ESMX_Driver
20260918 093804.423 DEBUG            PET2 Generic SetVM() therefore is NOT calling ESMF_GridCompSetVMMaxPEs() for: ESMX_Driver
20260918 093804.441 INFO             PET2 ESMX_Driver: InitializeGeneric intro.
20260918 093804.442 INFO             PET2   >>>ESMX_Driver: entered Initialize (phase=<none>) without valid internal Clock.
20260918 093804.442 INFO             PET2   ESMX_Driver: InitializeP0 intro.
20260918 093804.442 INFO             PET2     >>>ESMX_Driver: entered Initialize (phase=<none>) without valid internal Clock.
20260918 093804.443 INFO             PET2     <<<ESMX_Driver: leaving Initialize (phase=<none>) without valid internal Clock.
20260918 093804.443 INFO             PET2   ESMX_Driver: InitializeP0 extro.
20260918 093804.443 INFO             PET2   ESMX_Driver: InitializeIPDv02p1 intro.
20260918 093804.443 INFO             PET2     >>>ESMX_Driver: entered Initialize (phase=<none>) without valid internal Clock.
20260918 093804.469 INFO             PET2     ESMX_Driver - Creating model component ABC without petList.
20260918 093804.469 DEBUG            PET2     Generic SetVM() is executing for: ABC
20260918 093804.470 DEBUG            PET2     Generic SetVM() found no NUOPC Hint for: ABC
20260918 093804.470 DEBUG            PET2     Generic SetVM() therefore is NOT calling ESMF_GridCompSetVMMaxPEs() for: ABC
20260918 093804.500 INFO             PET2     ABC: InitializeP0 intro.
20260918 093804.501 INFO             PET2       >>>ABC: entered Initialize (phase=<none>) without valid internal Clock.
20260918 093804.505 INFO             PET2       <<<ABC: leaving Initialize (phase=<none>) without valid internal Clock.
20260918 093804.505 INFO             PET2     ABC: InitializeP0 extro.
20260918 093804.516 INFO             PET2     ESMX_Driver: IInitAdvertise intro.
20260918 093804.516 INFO             PET2       >>>ESMX_Driver: entered Initialize (phase=<none>) with current time: 2012 10 24  8  0  0   0
20260918 093804.517 INFO             PET2       <<<ESMX_Driver: leaving Initialize (phase=<none>) with current time: 2012 10 24  8  0  0   0
20260918 093804.517 INFO             PET2     ESMX_Driver: IInitAdvertise extro.
20260918 093804.518 INFO             PET2     ABC: InitializeIPDvXp01 intro.
20260918 093804.518 INFO             PET2       >>>ABC: entered Initialize (phase=IPDvXp01) without valid internal Clock.
20260918 093804.518 INFO             PET2       <<<ABC: leaving Initialize (phase=IPDvXp01) without valid internal Clock.
20260918 093804.518 INFO             PET2     ABC: InitializeIPDvXp01 extro.
20260918 093804.521 INFO             PET2     ESMX_Driver: IInitAdvertiseFinish intro.
20260918 093804.521 INFO             PET2       >>>ESMX_Driver: entered Initialize (phase=<none>) with current time: 2012 10 24  8  0  0   0
20260918 093804.522 INFO             PET2       <<<ESMX_Driver: leaving Initialize (phase=<none>) with current time: 2012 10 24  8  0  0   0
20260918 093804.522 INFO             PET2     ESMX_Driver: IInitAdvertiseFinish extro.
20260918 093804.522 INFO             PET2     ESMX_Driver: IInitModifyCplLists intro.
20260918 093804.523 INFO             PET2       >>>ESMX_Driver: entered Initialize (phase=<none>) with current time: 2012 10 24  8  0  0   0
20260918 093804.523 INFO             PET2       <<<ESMX_Driver: leaving Initialize (phase=<none>) with current time: 2012 10 24  8  0  0   0
20260918 093804.523 INFO             PET2     ESMX_Driver: IInitModifyCplLists extro.
20260918 093804.524 INFO             PET2     <<<ESMX_Driver: leaving Initialize (phase=<none>) with current time: 2012 10 24  8  0  0   0
20260918 093804.524 INFO             PET2   ESMX_Driver: InitializeIPDv02p1 extro.
20260918 093804.524 INFO             PET2   ESMX_Driver: InitializeIPDv02p3 intro.
20260918 093804.524 INFO             PET2     >>>ESMX_Driver: entered Initialize (phase=<none>) with current time: 2012 10 24  8  0  0   0
20260918 093804.525 INFO             PET2     ESMX_Driver: IInitCheck intro.
20260918 093804.525 INFO             PET2       >>>ESMX_Driver: entered Initialize (phase=<none>) with current time: 2012 10 24  8  0  0   0
20260918 093804.525 INFO             PET2       <<<ESMX_Driver: leaving Initialize (phase=<none>) with current time: 2012 10 24  8  0  0   0
20260918 093804.525 INFO             PET2     ESMX_Driver: IInitCheck extro.
20260918 093804.526 INFO             PET2     ABC: InitializeIPDvXp04 intro.
20260918 093804.526 INFO             PET2       >>>ABC: entered Initialize (phase=IPDvXp04) without valid internal Clock.
20260918 093804.527 INFO             PET2       <<<ABC: leaving Initialize (phase=IPDvXp04) without valid internal Clock.
20260918 093804.527 INFO             PET2     ABC: InitializeIPDvXp04 extro.
20260918 093804.530 INFO             PET2     ESMX_Driver: IInitRealize intro.
20260918 093804.530 INFO             PET2       >>>ESMX_Driver: entered Initialize (phase=<none>) with current time: 2012 10 24  8  0  0   0
20260918 093804.530 INFO             PET2       <<<ESMX_Driver: leaving Initialize (phase=<none>) with current time: 2012 10 24  8  0  0   0
20260918 093804.530 INFO             PET2     ESMX_Driver: IInitRealize extro.
20260918 093804.531 INFO             PET2     ABC: InitializeIPDvXp07 intro.
20260918 093804.531 INFO             PET2       >>>ABC: entered Initialize (phase=IPDvXp07) without valid internal Clock.
20260918 093804.532 INFO             PET2       <<<ABC: leaving Initialize (phase=IPDvXp07) with current time: 2012 10 24  8  0  0   0
20260918 093804.532 INFO             PET2     ABC: InitializeIPDvXp07 extro.
20260918 093804.532 INFO             PET2     <<<ESMX_Driver: leaving Initialize (phase=<none>) with current time: 2012 10 24  8  0  0   0
20260918 093804.532 INFO             PET2   ESMX_Driver: InitializeIPDv02p3 extro.
20260918 093804.532 INFO             PET2   ESMX_Driver: InitializeIPDv02p5 intro.
20260918 093804.532 INFO             PET2     >>>ESMX_Driver: entered Initialize (phase=<none>) with current time: 2012 10 24  8  0  0   0
20260918 093804.533 INFO             PET2     ESMX_Driver: InitializeIPDv02p5Data intro.
20260918 093804.533 INFO             PET2       >>>ESMX_Driver: entered Initialize (phase=<none>) with current time: 2012 10 24  8  0  0   0
20260918 093804.534 INFO             PET2       ESMX_Driver: InternalInitializeComplete intro.
20260918 093804.534 INFO             PET2         >>>ESMX_Driver: entered Initialize (phase=<none>) with current time: 2012 10 24  8  0  0   0
20260918 093804.534 INFO             PET2         <<<ESMX_Driver: leaving Initialize (phase=<none>) with current time: 2012 10 24  8  0  0   0
20260918 093804.534 INFO             PET2       ESMX_Driver: InternalInitializeComplete extro.
20260918 093804.535 INFO             PET2       ABC: InitializeIPDvXp08 intro.
20260918 093804.535 INFO             PET2         >>>ABC: entered Initialize (phase=IPDv05p8) with current time: 2012 10 24  8  0  0   0
20260918 093804.536 INFO             PET2         <<<ABC: leaving Initialize (phase=IPDv05p8) with current time: 2012 10 24  8  0  0   0
20260918 093804.536 INFO             PET2       ABC: InitializeIPDvXp08 extro.
20260918 093804.539 INFO             PET2       ESMX_Driver: loopDataDependentInitialize intro.
20260918 093804.539 INFO             PET2         >>>ESMX_Driver: entered Initialize (phase=<none>) with current time: 2012 10 24  8  0  0   0
20260918 093804.539 INFO             PET2         <<<ESMX_Driver: leaving Initialize (phase=<none>) with current time: 2012 10 24  8  0  0   0
20260918 093804.540 INFO             PET2       ESMX_Driver: loopDataDependentInitialize extro.
20260918 093804.540 INFO             PET2       <<<ESMX_Driver: leaving Initialize (phase=<none>) with current time: 2012 10 24  8  0  0   0
20260918 093804.540 INFO             PET2     ESMX_Driver: InitializeIPDv02p5Data extro.
20260918 093804.540 INFO             PET2     <<<ESMX_Driver: leaving Initialize (phase=<none>) with current time: 2012 10 24  8  0  0   0
20260918 093804.540 INFO             PET2   ESMX_Driver: InitializeIPDv02p5 extro.
20260918 093804.541 INFO             PET2   <<<ESMX_Driver: leaving Initialize (phase=<none>) with current time: 2012 10 24  8  0  0   0
20260918 093804.541 INFO             PET2 ESMX_Driver: InitializeGeneric extro.
20260918 093804.541 INFO             PET2 ESMX_Driver: Run intro.
20260918 093804.541 INFO             PET2   >>>ESMX_Driver: entered Run (phase=RunPhase1) with current time: 2012 10 24  8  0  0   0
20260918 093804.542 INFO             PET2   ABC: Run intro.
20260918 093804.542 INFO             PET2     >>>ABC: entered Run (phase=RunPhase1) with current time: 2012 10 24  8  0  0   0
20260918 093804.542 INFO             PET2     <<<ABC: leaving Run (phase=RunPhase1) with current time: 2012 10 24 20  0  0   0
20260918 093804.542 INFO             PET2   ABC: Run extro.
20260918 093804.542 INFO             PET2   <<<ESMX_Driver: leaving Run (phase=RunPhase1) with current time: 2012 10 24 20  0  0   0
20260918 093804.542 INFO             PET2 ESMX_Driver: Run extro.
20260918 093804.543 INFO             PET2 ESMX_Driver: Finalize intro.
20260918 093804.543 INFO             PET2   >>>ESMX_Driver: entered Finalize (phase=FinalizePhase1) with current time: 2012 10 24 20  0  0   0
20260918 093804.543 INFO             PET2   Calling Finalize phase 1 for modelComp: ABC
20260918 093804.543 INFO             PET2   ABC: Finalize intro.
20260918 093804.543 INFO             PET2     >>>ABC: entered Finalize (phase=FinalizePhase1) with current time: 2012 10 24 20  0  0   0
20260918 093804.543 INFO             PET2     <<<ABC: leaving Finalize (phase=FinalizePhase1) with current time: 2012 10 24 20  0  0   0
20260918 093804.543 INFO             PET2   ABC: Finalize extro.
20260918 093804.544 INFO             PET2   Delete modelComp: ABC
20260918 093804.544 INFO             PET2   <<<ESMX_Driver: leaving Finalize (phase=FinalizePhase1) with current time: 2012 10 24 20  0  0   0
20260918 093804.544 INFO             PET2 ESMX_Driver: Finalize extro.
20260918 093804.544 INFO             PET2 =============================================
20260918 093804.544 INFO             PET2 ESMX (Earth System Model eXecutable) FINISHED
20260918 093804.544 INFO             PET2 =============================================
20260918 093804.544 INFO             PET2  Finalizing ESMF
20260918 093804.374 INFO             PET3 !!!!!!!!!!!!!!!!!!!!!!!!!!!!!!!!!!!!!!!!!!!!!!!!!!!!!!
20260918 093804.374 INFO             PET3 !!! THE ESMF_LOG IS SET TO OUTPUT ALL LOG MESSAGES !!!
20260918 093804.374 INFO             PET3 !!!     THIS MAY CAUSE SLOWDOWN IN PERFORMANCE     !!!
20260918 093804.374 INFO             PET3 !!! FOR PRODUCTION RUNS, USE:                      !!!
20260918 093804.374 INFO             PET3 !!!                   ESMF_LOGKIND_Multi_On_Error  !!!
20260918 093804.374 INFO             PET3 !!!!!!!!!!!!!!!!!!!!!!!!!!!!!!!!!!!!!!!!!!!!!!!!!!!!!!
20260918 093804.374 INFO             PET3 Running with ESMF Version   : develop+gb6b90e9e0c
20260918 093804.374 INFO             PET3 ESMF library build date/time: "Sep 18 2026" "07:41:42"
20260918 093804.374 INFO             PET3 ESMF library build location : /scratch3/NCEPDEV/stmp/Gerhard.Theurich/ESMF-Nightly-Testing-Hera/nvhpc_24.1_openmpi_g_develop/esmf
20260918 093804.374 INFO             PET3 ESMF_COMM                   : openmpi
20260918 093804.374 INFO             PET3 ESMF_MOAB                   : enabled
20260918 093804.375 INFO             PET3 ESMF_LAPACK                 : enabled
20260918 093804.375 INFO             PET3 ESMF_NETCDF                 : disabled
20260918 093804.375 INFO             PET3 ESMF_PNETCDF                : disabled
20260918 093804.375 INFO             PET3 ESMF_PIO                    : disabled
20260918 093804.375 INFO             PET3 ESMF_YAMLCPP                : enabled
20260918 093804.386 INFO             PET3 =============================================
20260918 093804.386 INFO             PET3 ESMX (Earth System Model eXecutable) STARTING
20260918 093804.386 INFO             PET3 =============================================
20260918 093804.422 DEBUG            PET3 Generic SetVM() is executing for: ESMX_Driver
20260918 093804.423 DEBUG            PET3 Generic SetVM() found no NUOPC Hint for: ESMX_Driver
20260918 093804.423 DEBUG            PET3 Generic SetVM() therefore is NOT calling ESMF_GridCompSetVMMaxPEs() for: ESMX_Driver
20260918 093804.441 INFO             PET3 ESMX_Driver: InitializeGeneric intro.
20260918 093804.442 INFO             PET3   >>>ESMX_Driver: entered Initialize (phase=<none>) without valid internal Clock.
20260918 093804.442 INFO             PET3   ESMX_Driver: InitializeP0 intro.
20260918 093804.442 INFO             PET3     >>>ESMX_Driver: entered Initialize (phase=<none>) without valid internal Clock.
20260918 093804.443 INFO             PET3     <<<ESMX_Driver: leaving Initialize (phase=<none>) without valid internal Clock.
20260918 093804.443 INFO             PET3   ESMX_Driver: InitializeP0 extro.
20260918 093804.443 INFO             PET3   ESMX_Driver: InitializeIPDv02p1 intro.
20260918 093804.443 INFO             PET3     >>>ESMX_Driver: entered Initialize (phase=<none>) without valid internal Clock.
20260918 093804.469 INFO             PET3     ESMX_Driver - Creating model component ABC without petList.
20260918 093804.469 DEBUG            PET3     Generic SetVM() is executing for: ABC
20260918 093804.470 DEBUG            PET3     Generic SetVM() found no NUOPC Hint for: ABC
20260918 093804.470 DEBUG            PET3     Generic SetVM() therefore is NOT calling ESMF_GridCompSetVMMaxPEs() for: ABC
20260918 093804.500 INFO             PET3     ABC: InitializeP0 intro.
20260918 093804.500 INFO             PET3       >>>ABC: entered Initialize (phase=<none>) without valid internal Clock.
20260918 093804.505 INFO             PET3       <<<ABC: leaving Initialize (phase=<none>) without valid internal Clock.
20260918 093804.505 INFO             PET3     ABC: InitializeP0 extro.
20260918 093804.516 INFO             PET3     ESMX_Driver: IInitAdvertise intro.
20260918 093804.517 INFO             PET3       >>>ESMX_Driver: entered Initialize (phase=<none>) with current time: 2012 10 24  8  0  0   0
20260918 093804.517 INFO             PET3       <<<ESMX_Driver: leaving Initialize (phase=<none>) with current time: 2012 10 24  8  0  0   0
20260918 093804.517 INFO             PET3     ESMX_Driver: IInitAdvertise extro.
20260918 093804.518 INFO             PET3     ABC: InitializeIPDvXp01 intro.
20260918 093804.518 INFO             PET3       >>>ABC: entered Initialize (phase=IPDvXp01) without valid internal Clock.
20260918 093804.518 INFO             PET3       <<<ABC: leaving Initialize (phase=IPDvXp01) without valid internal Clock.
20260918 093804.518 INFO             PET3     ABC: InitializeIPDvXp01 extro.
20260918 093804.521 INFO             PET3     ESMX_Driver: IInitAdvertiseFinish intro.
20260918 093804.521 INFO             PET3       >>>ESMX_Driver: entered Initialize (phase=<none>) with current time: 2012 10 24  8  0  0   0
20260918 093804.522 INFO             PET3       <<<ESMX_Driver: leaving Initialize (phase=<none>) with current time: 2012 10 24  8  0  0   0
20260918 093804.522 INFO             PET3     ESMX_Driver: IInitAdvertiseFinish extro.
20260918 093804.522 INFO             PET3     ESMX_Driver: IInitModifyCplLists intro.
20260918 093804.523 INFO             PET3       >>>ESMX_Driver: entered Initialize (phase=<none>) with current time: 2012 10 24  8  0  0   0
20260918 093804.523 INFO             PET3       <<<ESMX_Driver: leaving Initialize (phase=<none>) with current time: 2012 10 24  8  0  0   0
20260918 093804.523 INFO             PET3     ESMX_Driver: IInitModifyCplLists extro.
20260918 093804.524 INFO             PET3     <<<ESMX_Driver: leaving Initialize (phase=<none>) with current time: 2012 10 24  8  0  0   0
20260918 093804.524 INFO             PET3   ESMX_Driver: InitializeIPDv02p1 extro.
20260918 093804.524 INFO             PET3   ESMX_Driver: InitializeIPDv02p3 intro.
20260918 093804.524 INFO             PET3     >>>ESMX_Driver: entered Initialize (phase=<none>) with current time: 2012 10 24  8  0  0   0
20260918 093804.525 INFO             PET3     ESMX_Driver: IInitCheck intro.
20260918 093804.525 INFO             PET3       >>>ESMX_Driver: entered Initialize (phase=<none>) with current time: 2012 10 24  8  0  0   0
20260918 093804.525 INFO             PET3       <<<ESMX_Driver: leaving Initialize (phase=<none>) with current time: 2012 10 24  8  0  0   0
20260918 093804.526 INFO             PET3     ESMX_Driver: IInitCheck extro.
20260918 093804.526 INFO             PET3     ABC: InitializeIPDvXp04 intro.
20260918 093804.526 INFO             PET3       >>>ABC: entered Initialize (phase=IPDvXp04) without valid internal Clock.
20260918 093804.527 INFO             PET3       <<<ABC: leaving Initialize (phase=IPDvXp04) without valid internal Clock.
20260918 093804.527 INFO             PET3     ABC: InitializeIPDvXp04 extro.
20260918 093804.530 INFO             PET3     ESMX_Driver: IInitRealize intro.
20260918 093804.530 INFO             PET3       >>>ESMX_Driver: entered Initialize (phase=<none>) with current time: 2012 10 24  8  0  0   0
20260918 093804.530 INFO             PET3       <<<ESMX_Driver: leaving Initialize (phase=<none>) with current time: 2012 10 24  8  0  0   0
20260918 093804.530 INFO             PET3     ESMX_Driver: IInitRealize extro.
20260918 093804.531 INFO             PET3     ABC: InitializeIPDvXp07 intro.
20260918 093804.531 INFO             PET3       >>>ABC: entered Initialize (phase=IPDvXp07) without valid internal Clock.
20260918 093804.532 INFO             PET3       <<<ABC: leaving Initialize (phase=IPDvXp07) with current time: 2012 10 24  8  0  0   0
20260918 093804.532 INFO             PET3     ABC: InitializeIPDvXp07 extro.
20260918 093804.532 INFO             PET3     <<<ESMX_Driver: leaving Initialize (phase=<none>) with current time: 2012 10 24  8  0  0   0
20260918 093804.532 INFO             PET3   ESMX_Driver: InitializeIPDv02p3 extro.
20260918 093804.532 INFO             PET3   ESMX_Driver: InitializeIPDv02p5 intro.
20260918 093804.533 INFO             PET3     >>>ESMX_Driver: entered Initialize (phase=<none>) with current time: 2012 10 24  8  0  0   0
20260918 093804.533 INFO             PET3     ESMX_Driver: InitializeIPDv02p5Data intro.
20260918 093804.533 INFO             PET3       >>>ESMX_Driver: entered Initialize (phase=<none>) with current time: 2012 10 24  8  0  0   0
20260918 093804.534 INFO             PET3       ESMX_Driver: InternalInitializeComplete intro.
20260918 093804.534 INFO             PET3         >>>ESMX_Driver: entered Initialize (phase=<none>) with current time: 2012 10 24  8  0  0   0
20260918 093804.534 INFO             PET3         <<<ESMX_Driver: leaving Initialize (phase=<none>) with current time: 2012 10 24  8  0  0   0
20260918 093804.534 INFO             PET3       ESMX_Driver: InternalInitializeComplete extro.
20260918 093804.535 INFO             PET3       ABC: InitializeIPDvXp08 intro.
20260918 093804.535 INFO             PET3         >>>ABC: entered Initialize (phase=IPDv05p8) with current time: 2012 10 24  8  0  0   0
20260918 093804.536 INFO             PET3         <<<ABC: leaving Initialize (phase=IPDv05p8) with current time: 2012 10 24  8  0  0   0
20260918 093804.536 INFO             PET3       ABC: InitializeIPDvXp08 extro.
20260918 093804.539 INFO             PET3       ESMX_Driver: loopDataDependentInitialize intro.
20260918 093804.539 INFO             PET3         >>>ESMX_Driver: entered Initialize (phase=<none>) with current time: 2012 10 24  8  0  0   0
20260918 093804.539 INFO             PET3         <<<ESMX_Driver: leaving Initialize (phase=<none>) with current time: 2012 10 24  8  0  0   0
20260918 093804.540 INFO             PET3       ESMX_Driver: loopDataDependentInitialize extro.
20260918 093804.540 INFO             PET3       <<<ESMX_Driver: leaving Initialize (phase=<none>) with current time: 2012 10 24  8  0  0   0
20260918 093804.540 INFO             PET3     ESMX_Driver: InitializeIPDv02p5Data extro.
20260918 093804.540 INFO             PET3     <<<ESMX_Driver: leaving Initialize (phase=<none>) with current time: 2012 10 24  8  0  0   0
20260918 093804.540 INFO             PET3   ESMX_Driver: InitializeIPDv02p5 extro.
20260918 093804.540 INFO             PET3   <<<ESMX_Driver: leaving Initialize (phase=<none>) with current time: 2012 10 24  8  0  0   0
20260918 093804.541 INFO             PET3 ESMX_Driver: InitializeGeneric extro.
20260918 093804.541 INFO             PET3 ESMX_Driver: Run intro.
20260918 093804.541 INFO             PET3   >>>ESMX_Driver: entered Run (phase=RunPhase1) with current time: 2012 10 24  8  0  0   0
20260918 093804.542 INFO             PET3   ABC: Run intro.
20260918 093804.542 INFO             PET3     >>>ABC: entered Run (phase=RunPhase1) with current time: 2012 10 24  8  0  0   0
20260918 093804.542 INFO             PET3     <<<ABC: leaving Run (phase=RunPhase1) with current time: 2012 10 24 20  0  0   0
20260918 093804.542 INFO             PET3   ABC: Run extro.
20260918 093804.542 INFO             PET3   <<<ESMX_Driver: leaving Run (phase=RunPhase1) with current time: 2012 10 24 20  0  0   0
20260918 093804.542 INFO             PET3 ESMX_Driver: Run extro.
20260918 093804.543 INFO             PET3 ESMX_Driver: Finalize intro.
20260918 093804.543 INFO             PET3   >>>ESMX_Driver: entered Finalize (phase=FinalizePhase1) with current time: 2012 10 24 20  0  0   0
20260918 093804.543 INFO             PET3   Calling Finalize phase 1 for modelComp: ABC
20260918 093804.543 INFO             PET3   ABC: Finalize intro.
20260918 093804.543 INFO             PET3     >>>ABC: entered Finalize (phase=FinalizePhase1) with current time: 2012 10 24 20  0  0   0
20260918 093804.543 INFO             PET3     <<<ABC: leaving Finalize (phase=FinalizePhase1) with current time: 2012 10 24 20  0  0   0
20260918 093804.543 INFO             PET3   ABC: Finalize extro.
20260918 093804.543 INFO             PET3   Delete modelComp: ABC
20260918 093804.544 INFO             PET3   <<<ESMX_Driver: leaving Finalize (phase=FinalizePhase1) with current time: 2012 10 24 20  0  0   0
20260918 093804.544 INFO             PET3 ESMX_Driver: Finalize extro.
20260918 093804.544 INFO             PET3 =============================================
20260918 093804.544 INFO             PET3 ESMX (Earth System Model eXecutable) FINISHED
20260918 093804.544 INFO             PET3 =============================================
20260918 093804.544 INFO             PET3  Finalizing ESMF
