2026-09-13 09:28:29
20260913 094730.719 INFO             PET0 !!!!!!!!!!!!!!!!!!!!!!!!!!!!!!!!!!!!!!!!!!!!!!!!!!!!!!
20260913 094730.720 INFO             PET0 !!! THE ESMF_LOG IS SET TO OUTPUT ALL LOG MESSAGES !!!
20260913 094730.720 INFO             PET0 !!!     THIS MAY CAUSE SLOWDOWN IN PERFORMANCE     !!!
20260913 094730.720 INFO             PET0 !!! FOR PRODUCTION RUNS, USE:                      !!!
20260913 094730.720 INFO             PET0 !!!                   ESMF_LOGKIND_Multi_On_Error  !!!
20260913 094730.720 INFO             PET0 !!!!!!!!!!!!!!!!!!!!!!!!!!!!!!!!!!!!!!!!!!!!!!!!!!!!!!
20260913 094730.720 INFO             PET0 Running with ESMF Version   : v9.0.0b18
20260913 094730.720 INFO             PET0 ESMF library build date/time: "Sep 13 2026" "09:27:08"
20260913 094730.720 INFO             PET0 ESMF library build location : /usr/local/esmf/esmf-testing/gfortran_14.2.0_mpiuni_g_develop/esmf
20260913 094730.720 INFO             PET0 ESMF_COMM                   : mpiuni
20260913 094730.720 INFO             PET0 ESMF_MOAB                   : enabled
20260913 094730.720 INFO             PET0 ESMF_LAPACK                 : enabled
20260913 094730.720 INFO             PET0 ESMF_NETCDF                 : enabled
20260913 094730.720 INFO             PET0 ESMF_PNETCDF                : disabled
20260913 094730.720 INFO             PET0 ESMF_PIO                    : enabled
20260913 094730.720 INFO             PET0 ESMF_YAMLCPP                : enabled
20260913 094730.720 INFO             PET0  NUMBER_OF_PROCESSORS           1
20260913 094730.720 INFO             PET0  PASS  Example ESMF_VMHigherRankDataEx, ESMF_VMHigherRankDataEx.F90, line 140
20260913 094730.720 INFO             PET0  Finalizing ESMF
