2026-09-05 23:58:55
20260906 041713.396 INFO             PET0 !!!!!!!!!!!!!!!!!!!!!!!!!!!!!!!!!!!!!!!!!!!!!!!!!!!!!!
20260906 041713.396 INFO             PET0 !!! THE ESMF_LOG IS SET TO OUTPUT ALL LOG MESSAGES !!!
20260906 041713.396 INFO             PET0 !!!     THIS MAY CAUSE SLOWDOWN IN PERFORMANCE     !!!
20260906 041713.396 INFO             PET0 !!! FOR PRODUCTION RUNS, USE:                      !!!
20260906 041713.396 INFO             PET0 !!!                   ESMF_LOGKIND_Multi_On_Error  !!!
20260906 041713.396 INFO             PET0 !!!!!!!!!!!!!!!!!!!!!!!!!!!!!!!!!!!!!!!!!!!!!!!!!!!!!!
20260906 041713.396 INFO             PET0 Running with ESMF Version   : feature/esmx-cmake+gdd1288b46b
20260906 041713.396 INFO             PET0 ESMF library build date/time: "Sep  5 2026" "23:56:44"
20260906 041713.396 INFO             PET0 ESMF library build location : /discover/nobackup/projects/gmao/SIteam/ESMF_Testing/gfortran_14.2.0_openmpi_g_feature_esmx-cmake/esmf
20260906 041713.396 INFO             PET0 ESMF_COMM                   : openmpi
20260906 041713.396 INFO             PET0 ESMF_MOAB                   : enabled
20260906 041713.396 INFO             PET0 ESMF_LAPACK                 : enabled
20260906 041713.396 INFO             PET0 ESMF_NETCDF                 : enabled
20260906 041713.396 INFO             PET0 ESMF_PNETCDF                : disabled
20260906 041713.396 INFO             PET0 ESMF_PIO                    : enabled
20260906 041713.396 INFO             PET0 ESMF_YAMLCPP                : enabled
20260906 041713.399 INFO             PET0 =============================================
20260906 041713.399 INFO             PET0 ESMX (Earth System Model eXecutable) STARTING
20260906 041713.399 INFO             PET0 =============================================
20260906 041713.406 DEBUG            PET0 Generic SetVM() is executing for: ESMX_Driver
20260906 041713.407 DEBUG            PET0 Generic SetVM() found no NUOPC Hint for: ESMX_Driver
20260906 041713.407 DEBUG            PET0 Generic SetVM() therefore is NOT calling ESMF_GridCompSetVMMaxPEs() for: ESMX_Driver
20260906 041713.417 INFO             PET0 =============================================
20260906 041713.417 INFO             PET0 ESMX (Earth System Model eXecutable) FINISHED
20260906 041713.417 INFO             PET0 =============================================
20260906 041713.417 INFO             PET0  Finalizing ESMF
20260906 041713.396 INFO             PET1 !!!!!!!!!!!!!!!!!!!!!!!!!!!!!!!!!!!!!!!!!!!!!!!!!!!!!!
20260906 041713.396 INFO             PET1 !!! THE ESMF_LOG IS SET TO OUTPUT ALL LOG MESSAGES !!!
20260906 041713.396 INFO             PET1 !!!     THIS MAY CAUSE SLOWDOWN IN PERFORMANCE     !!!
20260906 041713.396 INFO             PET1 !!! FOR PRODUCTION RUNS, USE:                      !!!
20260906 041713.396 INFO             PET1 !!!                   ESMF_LOGKIND_Multi_On_Error  !!!
20260906 041713.396 INFO             PET1 !!!!!!!!!!!!!!!!!!!!!!!!!!!!!!!!!!!!!!!!!!!!!!!!!!!!!!
20260906 041713.396 INFO             PET1 Running with ESMF Version   : feature/esmx-cmake+gdd1288b46b
20260906 041713.396 INFO             PET1 ESMF library build date/time: "Sep  5 2026" "23:56:44"
20260906 041713.396 INFO             PET1 ESMF library build location : /discover/nobackup/projects/gmao/SIteam/ESMF_Testing/gfortran_14.2.0_openmpi_g_feature_esmx-cmake/esmf
20260906 041713.396 INFO             PET1 ESMF_COMM                   : openmpi
20260906 041713.396 INFO             PET1 ESMF_MOAB                   : enabled
20260906 041713.396 INFO             PET1 ESMF_LAPACK                 : enabled
20260906 041713.396 INFO             PET1 ESMF_NETCDF                 : enabled
20260906 041713.396 INFO             PET1 ESMF_PNETCDF                : disabled
20260906 041713.396 INFO             PET1 ESMF_PIO                    : enabled
20260906 041713.396 INFO             PET1 ESMF_YAMLCPP                : enabled
20260906 041713.399 INFO             PET1 =============================================
20260906 041713.399 INFO             PET1 ESMX (Earth System Model eXecutable) STARTING
20260906 041713.399 INFO             PET1 =============================================
20260906 041713.406 DEBUG            PET1 Generic SetVM() is executing for: ESMX_Driver
20260906 041713.407 DEBUG            PET1 Generic SetVM() found no NUOPC Hint for: ESMX_Driver
20260906 041713.407 DEBUG            PET1 Generic SetVM() therefore is NOT calling ESMF_GridCompSetVMMaxPEs() for: ESMX_Driver
20260906 041713.417 INFO             PET1 =============================================
20260906 041713.417 INFO             PET1 ESMX (Earth System Model eXecutable) FINISHED
20260906 041713.417 INFO             PET1 =============================================
20260906 041713.417 INFO             PET1  Finalizing ESMF
20260906 041713.396 INFO             PET2 !!!!!!!!!!!!!!!!!!!!!!!!!!!!!!!!!!!!!!!!!!!!!!!!!!!!!!
20260906 041713.396 INFO             PET2 !!! THE ESMF_LOG IS SET TO OUTPUT ALL LOG MESSAGES !!!
20260906 041713.396 INFO             PET2 !!!     THIS MAY CAUSE SLOWDOWN IN PERFORMANCE     !!!
20260906 041713.396 INFO             PET2 !!! FOR PRODUCTION RUNS, USE:                      !!!
20260906 041713.396 INFO             PET2 !!!                   ESMF_LOGKIND_Multi_On_Error  !!!
20260906 041713.396 INFO             PET2 !!!!!!!!!!!!!!!!!!!!!!!!!!!!!!!!!!!!!!!!!!!!!!!!!!!!!!
20260906 041713.396 INFO             PET2 Running with ESMF Version   : feature/esmx-cmake+gdd1288b46b
20260906 041713.396 INFO             PET2 ESMF library build date/time: "Sep  5 2026" "23:56:44"
20260906 041713.396 INFO             PET2 ESMF library build location : /discover/nobackup/projects/gmao/SIteam/ESMF_Testing/gfortran_14.2.0_openmpi_g_feature_esmx-cmake/esmf
20260906 041713.396 INFO             PET2 ESMF_COMM                   : openmpi
20260906 041713.396 INFO             PET2 ESMF_MOAB                   : enabled
20260906 041713.396 INFO             PET2 ESMF_LAPACK                 : enabled
20260906 041713.396 INFO             PET2 ESMF_NETCDF                 : enabled
20260906 041713.396 INFO             PET2 ESMF_PNETCDF                : disabled
20260906 041713.396 INFO             PET2 ESMF_PIO                    : enabled
20260906 041713.396 INFO             PET2 ESMF_YAMLCPP                : enabled
20260906 041713.399 INFO             PET2 =============================================
20260906 041713.399 INFO             PET2 ESMX (Earth System Model eXecutable) STARTING
20260906 041713.399 INFO             PET2 =============================================
20260906 041713.406 DEBUG            PET2 Generic SetVM() is executing for: ESMX_Driver
20260906 041713.407 DEBUG            PET2 Generic SetVM() found no NUOPC Hint for: ESMX_Driver
20260906 041713.407 DEBUG            PET2 Generic SetVM() therefore is NOT calling ESMF_GridCompSetVMMaxPEs() for: ESMX_Driver
20260906 041713.417 INFO             PET2 =============================================
20260906 041713.417 INFO             PET2 ESMX (Earth System Model eXecutable) FINISHED
20260906 041713.417 INFO             PET2 =============================================
20260906 041713.417 INFO             PET2  Finalizing ESMF
20260906 041713.396 INFO             PET3 !!!!!!!!!!!!!!!!!!!!!!!!!!!!!!!!!!!!!!!!!!!!!!!!!!!!!!
20260906 041713.396 INFO             PET3 !!! THE ESMF_LOG IS SET TO OUTPUT ALL LOG MESSAGES !!!
20260906 041713.396 INFO             PET3 !!!     THIS MAY CAUSE SLOWDOWN IN PERFORMANCE     !!!
20260906 041713.396 INFO             PET3 !!! FOR PRODUCTION RUNS, USE:                      !!!
20260906 041713.396 INFO             PET3 !!!                   ESMF_LOGKIND_Multi_On_Error  !!!
20260906 041713.396 INFO             PET3 !!!!!!!!!!!!!!!!!!!!!!!!!!!!!!!!!!!!!!!!!!!!!!!!!!!!!!
20260906 041713.396 INFO             PET3 Running with ESMF Version   : feature/esmx-cmake+gdd1288b46b
20260906 041713.396 INFO             PET3 ESMF library build date/time: "Sep  5 2026" "23:56:44"
20260906 041713.396 INFO             PET3 ESMF library build location : /discover/nobackup/projects/gmao/SIteam/ESMF_Testing/gfortran_14.2.0_openmpi_g_feature_esmx-cmake/esmf
20260906 041713.396 INFO             PET3 ESMF_COMM                   : openmpi
20260906 041713.396 INFO             PET3 ESMF_MOAB                   : enabled
20260906 041713.396 INFO             PET3 ESMF_LAPACK                 : enabled
20260906 041713.396 INFO             PET3 ESMF_NETCDF                 : enabled
20260906 041713.396 INFO             PET3 ESMF_PNETCDF                : disabled
20260906 041713.396 INFO             PET3 ESMF_PIO                    : enabled
20260906 041713.396 INFO             PET3 ESMF_YAMLCPP                : enabled
20260906 041713.399 INFO             PET3 =============================================
20260906 041713.399 INFO             PET3 ESMX (Earth System Model eXecutable) STARTING
20260906 041713.399 INFO             PET3 =============================================
20260906 041713.406 DEBUG            PET3 Generic SetVM() is executing for: ESMX_Driver
20260906 041713.407 DEBUG            PET3 Generic SetVM() found no NUOPC Hint for: ESMX_Driver
20260906 041713.407 DEBUG            PET3 Generic SetVM() therefore is NOT calling ESMF_GridCompSetVMMaxPEs() for: ESMX_Driver
20260906 041713.417 INFO             PET3 =============================================
20260906 041713.417 INFO             PET3 ESMX (Earth System Model eXecutable) FINISHED
20260906 041713.417 INFO             PET3 =============================================
20260906 041713.417 INFO             PET3  Finalizing ESMF
