2026-09-05 23:59:06
[borgl154:249024:0:249024] Caught signal 8 (Floating point exception: floating-point overflow)
==== backtrace (tid: 249024) ====
 0 0x0000000000016910 __funlockfile()  ???:0
 1 0x0000000001012662 ESMCI::XXE::exec_psssDstRra<float, double, double>()  /discover/nobackup/projects/gmao/SIteam/ESMF_Testing/nag_7.2.28_openmpi_g_feature_esmx-cmake/esmf/src/Infrastructure/DELayout/src/ESMCI_DELayout.C:6576
 2 0x0000000000fb7177 ESMCI::XXE::psssDstRra<float, double, double>()  /discover/nobackup/projects/gmao/SIteam/ESMF_Testing/nag_7.2.28_openmpi_g_feature_esmx-cmake/esmf/src/Infrastructure/DELayout/src/ESMCI_DELayout.C:6548
 3 0x0000000000f615cb ESMCI::XXE::psssDstRra<float, double, int>()  /discover/nobackup/projects/gmao/SIteam/ESMF_Testing/nag_7.2.28_openmpi_g_feature_esmx-cmake/esmf/src/Infrastructure/DELayout/src/ESMCI_DELayout.C:6512
 4 0x0000000000f36592 ESMCI::XXE::psssDstRra<float, int, int>()  /discover/nobackup/projects/gmao/SIteam/ESMF_Testing/nag_7.2.28_openmpi_g_feature_esmx-cmake/esmf/src/Infrastructure/DELayout/src/ESMCI_DELayout.C:6472
 5 0x0000000000f29987 ESMCI::XXE::psssDstRra<int, int, int>()  /discover/nobackup/projects/gmao/SIteam/ESMF_Testing/nag_7.2.28_openmpi_g_feature_esmx-cmake/esmf/src/Infrastructure/DELayout/src/ESMCI_DELayout.C:6424
 6 0x0000000000f1d55e ESMCI::XXE::exec()  /discover/nobackup/projects/gmao/SIteam/ESMF_Testing/nag_7.2.28_openmpi_g_feature_esmx-cmake/esmf/src/Infrastructure/DELayout/src/ESMCI_DELayout.C:4851
 7 0x0000000000f1c7bb ESMCI::XXE::exec()  /discover/nobackup/projects/gmao/SIteam/ESMF_Testing/nag_7.2.28_openmpi_g_feature_esmx-cmake/esmf/src/Infrastructure/DELayout/src/ESMCI_DELayout.C:4419
 8 0x0000000000e01b61 ESMCI::sparseMatMulStoreEncodeXXE<ESMCI::SeqIndex<int>, ESMCI::SeqIndex<int> >()  /discover/nobackup/projects/gmao/SIteam/ESMF_Testing/nag_7.2.28_openmpi_g_feature_esmx-cmake/esmf/src/Infrastructure/Array/src/ESMCI_Array.C:11414
 9 0x0000000000df297e ESMCI::Array::tSparseMatMulStore<int, int>()  /discover/nobackup/projects/gmao/SIteam/ESMF_Testing/nag_7.2.28_openmpi_g_feature_esmx-cmake/esmf/src/Infrastructure/Array/src/ESMCI_Array.C:9613
10 0x0000000000dee189 ESMCI::Array::sparseMatMulStore<int, int>()  /discover/nobackup/projects/gmao/SIteam/ESMF_Testing/nag_7.2.28_openmpi_g_feature_esmx-cmake/esmf/src/Infrastructure/Array/src/ESMCI_Array.C:8906
11 0x0000000000de8bc8 ESMCI::Array::tRedistStore<int, int>()  /discover/nobackup/projects/gmao/SIteam/ESMF_Testing/nag_7.2.28_openmpi_g_feature_esmx-cmake/esmf/src/Infrastructure/Array/src/ESMCI_Array.C:6679
12 0x0000000000ddc16a ESMCI::Array::redistStore()  /discover/nobackup/projects/gmao/SIteam/ESMF_Testing/nag_7.2.28_openmpi_g_feature_esmx-cmake/esmf/src/Infrastructure/Array/src/ESMCI_Array.C:6122
13 0x0000000000daeaa1 ESMCI::ArrayBundle::redistStore()  /discover/nobackup/projects/gmao/SIteam/ESMF_Testing/nag_7.2.28_openmpi_g_feature_esmx-cmake/esmf/src/Infrastructure/ArrayBundle/src/ESMCI_ArrayBundle.C:1062
14 0x0000000000da3020 c_esmc_arraybundlerediststorenf_()  /discover/nobackup/projects/gmao/SIteam/ESMF_Testing/nag_7.2.28_openmpi_g_feature_esmx-cmake/esmf/src/Infrastructure/ArrayBundle/interface/ESMCI_ArrayBundle_F.C:533
15 0x00000000015d2622 esmf_arraybundlemod_MP_esmf_arraybundlerediststorenf()  /discover/nobackup/projects/gmao/SIteam/ESMF_Testing/nag_7.2.28_openmpi_g_feature_esmx-cmake/esmf/src/Infrastructure/ArrayBundle/interface/ESMF_ArrayBundle.F90:2607
16 0x0000000001886564 esmf_fieldbundlemod_MP_esmf_fieldbundlerediststorenf()  /discover/nobackup/projects/gmao/SIteam/ESMF_Testing/nag_7.2.28_openmpi_g_feature_esmx-cmake/esmf/src/Infrastructure/FieldBundle/src/ESMF_FieldBundle.F90:15228
17 0x000000000226fbce nuopc_connector_MP_fieldbundlecplstore()  /discover/nobackup/projects/gmao/SIteam/ESMF_Testing/nag_7.2.28_openmpi_g_feature_esmx-cmake/esmf/src/addon/NUOPC/src/NUOPC_Connector.F90:7908
18 0x000000000229e091 nuopc_connector_MP_initializeipdv05p6b()  /discover/nobackup/projects/gmao/SIteam/ESMF_Testing/nag_7.2.28_openmpi_g_feature_esmx-cmake/esmf/src/addon/NUOPC/src/NUOPC_Connector.F90:5536
19 0x00000000010ff06d ESMCI::FTable::callVFuncPtr()  /discover/nobackup/projects/gmao/SIteam/ESMF_Testing/nag_7.2.28_openmpi_g_feature_esmx-cmake/esmf/src/Superstructure/Component/src/ESMCI_FTable.C:2192
20 0x00000000010fc140 ESMCI_FTableCallEntryPointVMHop()  /discover/nobackup/projects/gmao/SIteam/ESMF_Testing/nag_7.2.28_openmpi_g_feature_esmx-cmake/esmf/src/Superstructure/Component/src/ESMCI_FTable.C:849
21 0x0000000001557c2e ESMCI::VMK::enter()  /discover/nobackup/projects/gmao/SIteam/ESMF_Testing/nag_7.2.28_openmpi_g_feature_esmx-cmake/esmf/src/Infrastructure/VM/src/ESMCI_VMKernel.C:2740
22 0x00000000015772ad ESMCI::VM::enter()  /discover/nobackup/projects/gmao/SIteam/ESMF_Testing/nag_7.2.28_openmpi_g_feature_esmx-cmake/esmf/src/Infrastructure/VM/src/ESMCI_VM.C:1365
23 0x00000000010fc5d9 c_esmc_ftablecallentrypointvm_()  /discover/nobackup/projects/gmao/SIteam/ESMF_Testing/nag_7.2.28_openmpi_g_feature_esmx-cmake/esmf/src/Superstructure/Component/src/ESMCI_FTable.C:1006
24 0x000000000182a23f esmf_compmod_MP_esmf_compexecute()  /discover/nobackup/projects/gmao/SIteam/ESMF_Testing/nag_7.2.28_openmpi_g_feature_esmx-cmake/esmf/src/Superstructure/Component/src/ESMF_Comp.F90:1272
25 0x00000000018434b2 esmf_cplcompmod_MP_esmf_cplcompinitialize()  /discover/nobackup/projects/gmao/SIteam/ESMF_Testing/nag_7.2.28_openmpi_g_feature_esmx-cmake/esmf/src/Superstructure/Component/src/ESMF_CplComp.F90:1324
26 0x00000000023c0cd5 nuopc_driver_MP_loopconnectorcompss()  /discover/nobackup/projects/gmao/SIteam/ESMF_Testing/nag_7.2.28_openmpi_g_feature_esmx-cmake/esmf/src/addon/NUOPC/src/NUOPC_Driver.F90:2991
27 0x00000000023d8df3 nuopc_driver_MP_initializeipdv02p3()  /discover/nobackup/projects/gmao/SIteam/ESMF_Testing/nag_7.2.28_openmpi_g_feature_esmx-cmake/esmf/src/addon/NUOPC/src/NUOPC_Driver.F90:2129
28 0x0000000002408ce6 nuopc_driver_MP_initializegeneric()  /discover/nobackup/projects/gmao/SIteam/ESMF_Testing/nag_7.2.28_openmpi_g_feature_esmx-cmake/esmf/src/addon/NUOPC/src/NUOPC_Driver.F90:506
29 0x00000000010ff06d ESMCI::FTable::callVFuncPtr()  /discover/nobackup/projects/gmao/SIteam/ESMF_Testing/nag_7.2.28_openmpi_g_feature_esmx-cmake/esmf/src/Superstructure/Component/src/ESMCI_FTable.C:2192
30 0x00000000010fc140 ESMCI_FTableCallEntryPointVMHop()  /discover/nobackup/projects/gmao/SIteam/ESMF_Testing/nag_7.2.28_openmpi_g_feature_esmx-cmake/esmf/src/Superstructure/Component/src/ESMCI_FTable.C:849
31 0x0000000001557c2e ESMCI::VMK::enter()  /discover/nobackup/projects/gmao/SIteam/ESMF_Testing/nag_7.2.28_openmpi_g_feature_esmx-cmake/esmf/src/Infrastructure/VM/src/ESMCI_VMKernel.C:2740
32 0x00000000015772ad ESMCI::VM::enter()  /discover/nobackup/projects/gmao/SIteam/ESMF_Testing/nag_7.2.28_openmpi_g_feature_esmx-cmake/esmf/src/Infrastructure/VM/src/ESMCI_VM.C:1365
33 0x00000000010fc5d9 c_esmc_ftablecallentrypointvm_()  /discover/nobackup/projects/gmao/SIteam/ESMF_Testing/nag_7.2.28_openmpi_g_feature_esmx-cmake/esmf/src/Superstructure/Component/src/ESMCI_FTable.C:1006
34 0x000000000182a23f esmf_compmod_MP_esmf_compexecute()  /discover/nobackup/projects/gmao/SIteam/ESMF_Testing/nag_7.2.28_openmpi_g_feature_esmx-cmake/esmf/src/Superstructure/Component/src/ESMF_Comp.F90:1272
35 0x0000000001b68a6f esmf_gridcompmod_MP_esmf_gridcompinitialize()  /discover/nobackup/projects/gmao/SIteam/ESMF_Testing/nag_7.2.28_openmpi_g_feature_esmx-cmake/esmf/src/Superstructure/Component/src/ESMF_GridComp.F90:1564
36 0x00000000004a5d16 esmapp_()  /discover/nobackup/projects/gmao/SIteam/ESMF_Testing/nag_7.2.28_openmpi_g_feature_esmx-cmake/nuopc-app-prototypes/AtmOcnTransferMeshProto/esmApp.F90:78
37 0x0000000000442503 __NAGf90_cosmp_init()  ???:0
38 0x00000000004a58f3 main()  /discover/nobackup/projects/gmao/SIteam/ESMF_Testing/nag_7.2.28_openmpi_g_feature_esmx-cmake/nuopc-app-prototypes/AtmOcnTransferMeshProto/esmApp.F90:11
39 0x000000000003524d __libc_start_main()  ???:0
40 0x000000000041996a _start()  /home/abuild/rpmbuild/BUILD/glibc-2.31/csu/../sysdeps/x86_64/start.S:120
=================================
Runtime Error: *** Arithmetic exception: Code -6 - aborting
[borgl154:249024] *** Process received signal ***
[borgl154:249024] Signal: Aborted (6)
[borgl154:249024] Signal code:  (-6)
[borgl154:249024] [ 0] /lib64/libpthread.so.0(+0x16910)[0x14d62a07f910]
[borgl154:249024] [ 1] /lib64/libc.so.6(gsignal+0x10d)[0x14d629053d2b]
[borgl154:249024] [ 2] /lib64/libc.so.6(abort+0x177)[0x14d6290553e5]
[borgl154:249024] [ 3] /discover/nobackup/projects/gmao/SIteam/comp/SLES-15/nag/7.2.28/lib/NAG_Fortran/libf72rts.so.1(__NAGf90_signal_handler+0x9b)[0x14d6292c708b]
[borgl154:249024] [ 4] /lib64/libpthread.so.0(+0x16910)[0x14d62a07f910]
[borgl154:249024] [ 5] /discover/nobackup/projects/gmao/SIteam/ESMF_Testing/nag_7.2.28_openmpi_g_feature_esmx-cmake/esmf/DEFAULTINSTALLDIR/lib/libg/Linux.nag.64.openmpi.default/libesmf.so(_ZN5ESMCI3XXE15exec_psssDstRraIfddEEvPT_PiPT0_PT1_S4_ii+0xc6)[0x14d62bf05662]
[borgl154:249024] [ 6] /discover/nobackup/projects/gmao/SIteam/ESMF_Testing/nag_7.2.28_openmpi_g_feature_esmx-cmake/esmf/DEFAULTINSTALLDIR/lib/libg/Linux.nag.64.openmpi.default/libesmf.so(_ZN5ESMCI3XXE10psssDstRraIfddEEvPT_NS0_4TKIdEPiPT0_S4_PT1_S5_S4_iiiiiiiS5_S5_b+0x61f)[0x14d62beaa177]
[borgl154:249024] [ 7] /discover/nobackup/projects/gmao/SIteam/ESMF_Testing/nag_7.2.28_openmpi_g_feature_esmx-cmake/esmf/DEFAULTINSTALLDIR/lib/libg/Linux.nag.64.openmpi.default/libesmf.so(_ZN5ESMCI3XXE10psssDstRraIfdiEEvPT_NS0_4TKIdEPiPT0_S4_PT1_S5_S4_iiiiiiiS5_S5_b+0x59b)[0x14d62be545cb]
[borgl154:249024] [ 8] /discover/nobackup/projects/gmao/SIteam/ESMF_Testing/nag_7.2.28_openmpi_g_feature_esmx-cmake/esmf/DEFAULTINSTALLDIR/lib/libg/Linux.nag.64.openmpi.default/libesmf.so(_ZN5ESMCI3XXE10psssDstRraIfiiEEvPT_NS0_4TKIdEPiPT0_S4_PT1_S5_S4_iiiiiiiS5_S5_b+0x3c8)[0x14d62be29592]
[borgl154:249024] [ 9] /discover/nobackup/projects/gmao/SIteam/ESMF_Testing/nag_7.2.28_openmpi_g_feature_esmx-cmake/esmf/DEFAULTINSTALLDIR/lib/libg/Linux.nag.64.openmpi.default/libesmf.so(_ZN5ESMCI3XXE10psssDstRraIiiiEEvPT_NS0_4TKIdEPiPT0_S4_PT1_S5_S4_iiiiiiiS5_S5_b+0x194)[0x14d62be1c987]
[borgl154:249024] [10] /discover/nobackup/projects/gmao/SIteam/ESMF_Testing/nag_7.2.28_openmpi_g_feature_esmx-cmake/esmf/DEFAULTINSTALLDIR/lib/libg/Linux.nag.64.openmpi.default/libesmf.so(_ZN5ESMCI3XXE4execEiPPcPiiPbS4_PdiiS3_PNS0_10SuperVectPE+0x231c)[0x14d62be1055e]
[borgl154:249024] [11] /discover/nobackup/projects/gmao/SIteam/ESMF_Testing/nag_7.2.28_openmpi_g_feature_esmx-cmake/esmf/DEFAULTINSTALLDIR/lib/libg/Linux.nag.64.openmpi.default/libesmf.so(_ZN5ESMCI3XXE4execEiPPcPiiPbS4_PdiiS3_PNS0_10SuperVectPE+0x1579)[0x14d62be0f7bb]
[borgl154:249024] [12] /discover/nobackup/projects/gmao/SIteam/ESMF_Testing/nag_7.2.28_openmpi_g_feature_esmx-cmake/esmf/DEFAULTINSTALLDIR/lib/libg/Linux.nag.64.openmpi.default/libesmf.so(_ZN5ESMCI26sparseMatMulStoreEncodeXXEINS_8SeqIndexIiEES2_EEiPNS_2VMEPNS_8DELayoutES6_bii18ESMC_TypeKind_FlagS7_S7_RSt6vectorINS_11ArrayHelper13SendnbElementIT_T0_EESaISD_EERS8_INS9_13RecvnbElementISC_SB_EESaISI_EEPKiPPciPPNS_11RouteHandleEbPiST_+0x9d8)[0x14d62bcf4b61]
[borgl154:249024] [13] /discover/nobackup/projects/gmao/SIteam/ESMF_Testing/nag_7.2.28_openmpi_g_feature_esmx-cmake/esmf/DEFAULTINSTALLDIR/lib/libg/Linux.nag.64.openmpi.default/libesmf.so(_ZN5ESMCI5Array18tSparseMatMulStoreIiiEEiPS0_S2_PPNS_11RouteHandleERKSt6vectorINS_12SparseMatrixIT_T0_EESaISA_EEbbPiSF_+0x1ca6)[0x14d62bce597e]
[borgl154:249024] [14] /discover/nobackup/projects/gmao/SIteam/ESMF_Testing/nag_7.2.28_openmpi_g_feature_esmx-cmake/esmf/DEFAULTINSTALLDIR/lib/libg/Linux.nag.64.openmpi.default/libesmf.so(_ZN5ESMCI5Array17sparseMatMulStoreIiiEEiPS0_S2_PPNS_11RouteHandleERKSt6vectorINS_12SparseMatrixIT_T0_EESaISA_EEbbPiSF_+0x2af)[0x14d62bce1189]
[borgl154:249024] [15] /discover/nobackup/projects/gmao/SIteam/ESMF_Testing/nag_7.2.28_openmpi_g_feature_esmx-cmake/esmf/DEFAULTINSTALLDIR/lib/libg/Linux.nag.64.openmpi.default/libesmf.so(_ZN5ESMCI5Array12tRedistStoreIiiEEiPS0_S2_PPNS_11RouteHandleEPNS_10InterArrayIiEE18ESMC_TypeKind_FlagPvbPi+0x23f7)[0x14d62bcdbbc8]
[borgl154:249024] [16] /discover/nobackup/projects/gmao/SIteam/ESMF_Testing/nag_7.2.28_openmpi_g_feature_esmx-cmake/esmf/DEFAULTINSTALLDIR/lib/libg/Linux.nag.64.openmpi.default/libesmf.so(_ZN5ESMCI5Array11redistStoreEPS0_S1_PPNS_11RouteHandleEPNS_10InterArrayIiEE18ESMC_TypeKind_FlagPvbPi+0x134)[0x14d62bccf16a]
[borgl154:249024] [17] /discover/nobackup/projects/gmao/SIteam/ESMF_Testing/nag_7.2.28_openmpi_g_feature_esmx-cmake/esmf/DEFAULTINSTALLDIR/lib/libg/Linux.nag.64.openmpi.default/libesmf.so(_ZN5ESMCI11ArrayBundle11redistStoreEPS0_S1_PPNS_11RouteHandleEP12ESMC_LogicaliPNS_10InterArrayIiEE18ESMC_TypeKind_FlagPv+0xce7)[0x14d62bca1aa1]
[borgl154:249024] [18] /discover/nobackup/projects/gmao/SIteam/ESMF_Testing/nag_7.2.28_openmpi_g_feature_esmx-cmake/esmf/DEFAULTINSTALLDIR/lib/libg/Linux.nag.64.openmpi.default/libesmf.so(c_esmc_arraybundlerediststorenf_+0x63)[0x14d62bc96020]
[borgl154:249024] [19] /discover/nobackup/projects/gmao/SIteam/ESMF_Testing/nag_7.2.28_openmpi_g_feature_esmx-cmake/esmf/DEFAULTINSTALLDIR/lib/libg/Linux.nag.64.openmpi.default/libesmf.so(esmf_arraybundlemod_MP_esmf_arraybundlerediststorenf+0x80f)[0x14d62c4c5622]
[borgl154:249024] [20] /discover/nobackup/projects/gmao/SIteam/ESMF_Testing/nag_7.2.28_openmpi_g_feature_esmx-cmake/esmf/DEFAULTINSTALLDIR/lib/libg/Linux.nag.64.openmpi.default/libesmf.so(esmf_fieldbundlemod_MP_esmf_fieldbundlerediststorenf+0x5e1)[0x14d62c779564]
[borgl154:249024] [21] /discover/nobackup/projects/gmao/SIteam/ESMF_Testing/nag_7.2.28_openmpi_g_feature_esmx-cmake/esmf/DEFAULTINSTALLDIR/lib/libg/Linux.nag.64.openmpi.default/libesmf.so(nuopc_connector_MP_fieldbundlecplstore+0x1666b)[0x14d62d162bce]
[borgl154:249024] [22] /discover/nobackup/projects/gmao/SIteam/ESMF_Testing/nag_7.2.28_openmpi_g_feature_esmx-cmake/esmf/DEFAULTINSTALLDIR/lib/libg/Linux.nag.64.openmpi.default/libesmf.so(nuopc_connector_MP_initializeipdv05p6b+0xe688)[0x14d62d191091]
[borgl154:249024] [23] /discover/nobackup/projects/gmao/SIteam/ESMF_Testing/nag_7.2.28_openmpi_g_feature_esmx-cmake/esmf/DEFAULTINSTALLDIR/lib/libg/Linux.nag.64.openmpi.default/libesmf.so(_ZN5ESMCI6FTable12callVFuncPtrEPKcPNS_2VMEPi+0xc55)[0x14d62bff206d]
[borgl154:249024] [24] /discover/nobackup/projects/gmao/SIteam/ESMF_Testing/nag_7.2.28_openmpi_g_feature_esmx-cmake/esmf/DEFAULTINSTALLDIR/lib/libg/Linux.nag.64.openmpi.default/libesmf.so(ESMCI_FTableCallEntryPointVMHop+0x32e)[0x14d62bfef140]
[borgl154:249024] [25] /discover/nobackup/projects/gmao/SIteam/ESMF_Testing/nag_7.2.28_openmpi_g_feature_esmx-cmake/esmf/DEFAULTINSTALLDIR/lib/libg/Linux.nag.64.openmpi.default/libesmf.so(_ZN5ESMCI3VMK5enterEPNS_7VMKPlanEPvS3_+0xe2)[0x14d62c44ac2e]
[borgl154:249024] [26] /discover/nobackup/projects/gmao/SIteam/ESMF_Testing/nag_7.2.28_openmpi_g_feature_esmx-cmake/esmf/DEFAULTINSTALLDIR/lib/libg/Linux.nag.64.openmpi.default/libesmf.so(_ZN5ESMCI2VM5enterEPNS_6VMPlanEPvS3_+0xb7)[0x14d62c46a2ad]
[borgl154:249024] [27] /discover/nobackup/projects/gmao/SIteam/ESMF_Testing/nag_7.2.28_openmpi_g_feature_esmx-cmake/esmf/DEFAULTINSTALLDIR/lib/libg/Linux.nag.64.openmpi.default/libesmf.so(c_esmc_ftablecallentrypointvm_+0x35f)[0x14d62bfef5d9]
[borgl154:249024] [28] /discover/nobackup/projects/gmao/SIteam/ESMF_Testing/nag_7.2.28_openmpi_g_feature_esmx-cmake/esmf/DEFAULTINSTALLDIR/lib/libg/Linux.nag.64.openmpi.default/libesmf.so(esmf_compmod_MP_esmf_compexecute+0xa75)[0x14d62c71d23f]
[borgl154:249024] [29] /discover/nobackup/projects/gmao/SIteam/ESMF_Testing/nag_7.2.28_openmpi_g_feature_esmx-cmake/esmf/DEFAULTINSTALLDIR/lib/libg/Linux.nag.64.openmpi.default/libesmf.so(esmf_cplcompmod_MP_esmf_cplcompinitialize+0x176)[0x14d62c7364b2]
[borgl154:249024] *** End of error message ***
--------------------------------------------------------------------------
Primary job  terminated normally, but 1 process returned
a non-zero exit code. Per user-direction, the job has been aborted.
--------------------------------------------------------------------------
--------------------------------------------------------------------------
mpirun noticed that process rank 0 with PID 249024 on node borgl154 exited on signal 6 (Aborted).
--------------------------------------------------------------------------
