2026-09-07 23:53:22
20260908 012403.274 INFO             PET0 !!!!!!!!!!!!!!!!!!!!!!!!!!!!!!!!!!!!!!!!!!!!!!!!!!!!!!
20260908 012403.274 INFO             PET0 !!! THE ESMF_LOG IS SET TO OUTPUT ALL LOG MESSAGES !!!
20260908 012403.274 INFO             PET0 !!!     THIS MAY CAUSE SLOWDOWN IN PERFORMANCE     !!!
20260908 012403.274 INFO             PET0 !!! FOR PRODUCTION RUNS, USE:                      !!!
20260908 012403.274 INFO             PET0 !!!                   ESMF_LOGKIND_Multi_On_Error  !!!
20260908 012403.274 INFO             PET0 !!!!!!!!!!!!!!!!!!!!!!!!!!!!!!!!!!!!!!!!!!!!!!!!!!!!!!
20260908 012403.274 INFO             PET0 Running with ESMF Version   : feature/esmx-cmake+gdd1288b46b
20260908 012403.274 INFO             PET0 ESMF library build date/time: "Sep  7 2026" "23:49:07"
20260908 012403.274 INFO             PET0 ESMF library build location : /scratch3/NCEPDEV/stmp/Gerhard.Theurich/ESMF-Nightly-Testing-Hera/nvhpc_24.1_openmpi_g_feature_esmx-cmake/esmf
20260908 012403.274 INFO             PET0 ESMF_COMM                   : openmpi
20260908 012403.275 INFO             PET0 ESMF_MOAB                   : enabled
20260908 012403.275 INFO             PET0 ESMF_LAPACK                 : enabled
20260908 012403.275 INFO             PET0 ESMF_NETCDF                 : disabled
20260908 012403.275 INFO             PET0 ESMF_PNETCDF                : disabled
20260908 012403.275 INFO             PET0 ESMF_PIO                    : disabled
20260908 012403.275 INFO             PET0 ESMF_YAMLCPP                : enabled
20260908 012403.280 INFO             PET0 ESMF_FieldRedistStoreNF(): Just entered routine.
20260908 012403.283 INFO             PET0 ESMF_FieldRedistStoreNF(): Leaving routine.
20260908 012403.291 INFO             PET0 ESMF_FieldRedistStoreNF(): Just entered routine.
20260908 012403.293 INFO             PET0 ESMF_FieldRedistStoreNF(): Leaving routine.
20260908 012403.293 INFO             PET0 ESMF_FieldRedistStoreNF(): Just entered routine.
20260908 012403.296 INFO             PET0 ESMF_FieldRedistStoreNF(): Leaving routine.
20260908 012403.296 INFO             PET0  NUMBER_OF_PROCESSORS            4
20260908 012403.296 INFO             PET0  PASS  Example ESMF_FieldRedistEx, ESMF_FieldRedistEx.F90, line 521
20260908 012403.296 INFO             PET0  Finalizing ESMF
20260908 012403.275 INFO             PET1 !!!!!!!!!!!!!!!!!!!!!!!!!!!!!!!!!!!!!!!!!!!!!!!!!!!!!!
20260908 012403.275 INFO             PET1 !!! THE ESMF_LOG IS SET TO OUTPUT ALL LOG MESSAGES !!!
20260908 012403.275 INFO             PET1 !!!     THIS MAY CAUSE SLOWDOWN IN PERFORMANCE     !!!
20260908 012403.275 INFO             PET1 !!! FOR PRODUCTION RUNS, USE:                      !!!
20260908 012403.275 INFO             PET1 !!!                   ESMF_LOGKIND_Multi_On_Error  !!!
20260908 012403.275 INFO             PET1 !!!!!!!!!!!!!!!!!!!!!!!!!!!!!!!!!!!!!!!!!!!!!!!!!!!!!!
20260908 012403.275 INFO             PET1 Running with ESMF Version   : feature/esmx-cmake+gdd1288b46b
20260908 012403.275 INFO             PET1 ESMF library build date/time: "Sep  7 2026" "23:49:07"
20260908 012403.275 INFO             PET1 ESMF library build location : /scratch3/NCEPDEV/stmp/Gerhard.Theurich/ESMF-Nightly-Testing-Hera/nvhpc_24.1_openmpi_g_feature_esmx-cmake/esmf
20260908 012403.275 INFO             PET1 ESMF_COMM                   : openmpi
20260908 012403.276 INFO             PET1 ESMF_MOAB                   : enabled
20260908 012403.276 INFO             PET1 ESMF_LAPACK                 : enabled
20260908 012403.276 INFO             PET1 ESMF_NETCDF                 : disabled
20260908 012403.276 INFO             PET1 ESMF_PNETCDF                : disabled
20260908 012403.276 INFO             PET1 ESMF_PIO                    : disabled
20260908 012403.276 INFO             PET1 ESMF_YAMLCPP                : enabled
20260908 012403.280 INFO             PET1 ESMF_FieldRedistStoreNF(): Just entered routine.
20260908 012403.283 INFO             PET1 ESMF_FieldRedistStoreNF(): Leaving routine.
20260908 012403.291 INFO             PET1 ESMF_FieldRedistStoreNF(): Just entered routine.
20260908 012403.293 INFO             PET1 ESMF_FieldRedistStoreNF(): Leaving routine.
20260908 012403.293 INFO             PET1 ESMF_FieldRedistStoreNF(): Just entered routine.
20260908 012403.296 INFO             PET1 ESMF_FieldRedistStoreNF(): Leaving routine.
20260908 012403.296 INFO             PET1  NUMBER_OF_PROCESSORS            4
20260908 012403.296 INFO             PET1  PASS  Example ESMF_FieldRedistEx, ESMF_FieldRedistEx.F90, line 521
20260908 012403.296 INFO             PET1  Finalizing ESMF
20260908 012403.274 INFO             PET2 !!!!!!!!!!!!!!!!!!!!!!!!!!!!!!!!!!!!!!!!!!!!!!!!!!!!!!
20260908 012403.274 INFO             PET2 !!! THE ESMF_LOG IS SET TO OUTPUT ALL LOG MESSAGES !!!
20260908 012403.274 INFO             PET2 !!!     THIS MAY CAUSE SLOWDOWN IN PERFORMANCE     !!!
20260908 012403.274 INFO             PET2 !!! FOR PRODUCTION RUNS, USE:                      !!!
20260908 012403.274 INFO             PET2 !!!                   ESMF_LOGKIND_Multi_On_Error  !!!
20260908 012403.274 INFO             PET2 !!!!!!!!!!!!!!!!!!!!!!!!!!!!!!!!!!!!!!!!!!!!!!!!!!!!!!
20260908 012403.274 INFO             PET2 Running with ESMF Version   : feature/esmx-cmake+gdd1288b46b
20260908 012403.274 INFO             PET2 ESMF library build date/time: "Sep  7 2026" "23:49:07"
20260908 012403.274 INFO             PET2 ESMF library build location : /scratch3/NCEPDEV/stmp/Gerhard.Theurich/ESMF-Nightly-Testing-Hera/nvhpc_24.1_openmpi_g_feature_esmx-cmake/esmf
20260908 012403.274 INFO             PET2 ESMF_COMM                   : openmpi
20260908 012403.275 INFO             PET2 ESMF_MOAB                   : enabled
20260908 012403.275 INFO             PET2 ESMF_LAPACK                 : enabled
20260908 012403.275 INFO             PET2 ESMF_NETCDF                 : disabled
20260908 012403.275 INFO             PET2 ESMF_PNETCDF                : disabled
20260908 012403.275 INFO             PET2 ESMF_PIO                    : disabled
20260908 012403.275 INFO             PET2 ESMF_YAMLCPP                : enabled
20260908 012403.280 INFO             PET2 ESMF_FieldRedistStoreNF(): Just entered routine.
20260908 012403.283 INFO             PET2 ESMF_FieldRedistStoreNF(): Leaving routine.
20260908 012403.291 INFO             PET2 ESMF_FieldRedistStoreNF(): Just entered routine.
20260908 012403.293 INFO             PET2 ESMF_FieldRedistStoreNF(): Leaving routine.
20260908 012403.293 INFO             PET2 ESMF_FieldRedistStoreNF(): Just entered routine.
20260908 012403.296 INFO             PET2 ESMF_FieldRedistStoreNF(): Leaving routine.
20260908 012403.296 INFO             PET2  NUMBER_OF_PROCESSORS            4
20260908 012403.296 INFO             PET2  PASS  Example ESMF_FieldRedistEx, ESMF_FieldRedistEx.F90, line 521
20260908 012403.296 INFO             PET2  Finalizing ESMF
20260908 012403.275 INFO             PET3 !!!!!!!!!!!!!!!!!!!!!!!!!!!!!!!!!!!!!!!!!!!!!!!!!!!!!!
20260908 012403.275 INFO             PET3 !!! THE ESMF_LOG IS SET TO OUTPUT ALL LOG MESSAGES !!!
20260908 012403.275 INFO             PET3 !!!     THIS MAY CAUSE SLOWDOWN IN PERFORMANCE     !!!
20260908 012403.275 INFO             PET3 !!! FOR PRODUCTION RUNS, USE:                      !!!
20260908 012403.275 INFO             PET3 !!!                   ESMF_LOGKIND_Multi_On_Error  !!!
20260908 012403.275 INFO             PET3 !!!!!!!!!!!!!!!!!!!!!!!!!!!!!!!!!!!!!!!!!!!!!!!!!!!!!!
20260908 012403.275 INFO             PET3 Running with ESMF Version   : feature/esmx-cmake+gdd1288b46b
20260908 012403.275 INFO             PET3 ESMF library build date/time: "Sep  7 2026" "23:49:07"
20260908 012403.275 INFO             PET3 ESMF library build location : /scratch3/NCEPDEV/stmp/Gerhard.Theurich/ESMF-Nightly-Testing-Hera/nvhpc_24.1_openmpi_g_feature_esmx-cmake/esmf
20260908 012403.275 INFO             PET3 ESMF_COMM                   : openmpi
20260908 012403.276 INFO             PET3 ESMF_MOAB                   : enabled
20260908 012403.276 INFO             PET3 ESMF_LAPACK                 : enabled
20260908 012403.276 INFO             PET3 ESMF_NETCDF                 : disabled
20260908 012403.276 INFO             PET3 ESMF_PNETCDF                : disabled
20260908 012403.276 INFO             PET3 ESMF_PIO                    : disabled
20260908 012403.276 INFO             PET3 ESMF_YAMLCPP                : enabled
20260908 012403.280 INFO             PET3 ESMF_FieldRedistStoreNF(): Just entered routine.
20260908 012403.283 INFO             PET3 ESMF_FieldRedistStoreNF(): Leaving routine.
20260908 012403.291 INFO             PET3 ESMF_FieldRedistStoreNF(): Just entered routine.
20260908 012403.293 INFO             PET3 ESMF_FieldRedistStoreNF(): Leaving routine.
20260908 012403.293 INFO             PET3 ESMF_FieldRedistStoreNF(): Just entered routine.
20260908 012403.296 INFO             PET3 ESMF_FieldRedistStoreNF(): Leaving routine.
20260908 012403.296 INFO             PET3  NUMBER_OF_PROCESSORS            4
20260908 012403.296 INFO             PET3  PASS  Example ESMF_FieldRedistEx, ESMF_FieldRedistEx.F90, line 521
20260908 012403.296 INFO             PET3  Finalizing ESMF
