2026-09-23 01:18:51
20260923 020307.439 INFO             PET0 !!!!!!!!!!!!!!!!!!!!!!!!!!!!!!!!!!!!!!!!!!!!!!!!!!!!!!
20260923 020307.439 INFO             PET0 !!! THE ESMF_LOG IS SET TO OUTPUT ALL LOG MESSAGES !!!
20260923 020307.439 INFO             PET0 !!!     THIS MAY CAUSE SLOWDOWN IN PERFORMANCE     !!!
20260923 020307.439 INFO             PET0 !!! FOR PRODUCTION RUNS, USE:                      !!!
20260923 020307.439 INFO             PET0 !!!                   ESMF_LOGKIND_Multi_On_Error  !!!
20260923 020307.439 INFO             PET0 !!!!!!!!!!!!!!!!!!!!!!!!!!!!!!!!!!!!!!!!!!!!!!!!!!!!!!
20260923 020307.439 INFO             PET0 Running with ESMF Version   : v9.0.0b19
20260923 020307.439 INFO             PET0 ESMF library build date/time: "Sep 23 2026" "01:16:15"
20260923 020307.439 INFO             PET0 ESMF library build location : /project/esmf/ESMF-Nightly-Testing-Bighorn/gfortran_8.2.0_mpiuni_g_develop/esmf
20260923 020307.439 INFO             PET0 ESMF_COMM                   : mpiuni
20260923 020307.439 INFO             PET0 ESMF_MOAB                   : enabled
20260923 020307.439 INFO             PET0 ESMF_LAPACK                 : enabled
20260923 020307.439 INFO             PET0 ESMF_NETCDF                 : enabled
20260923 020307.439 INFO             PET0 ESMF_PNETCDF                : disabled
20260923 020307.439 INFO             PET0 ESMF_PIO                    : enabled
20260923 020307.439 INFO             PET0 ESMF_YAMLCPP                : enabled
20260923 020307.439 INFO             PET0 ESMF Tracing Enabled
20260923 020307.439 INFO             PET0 ESMF Profiling Enabled
20260923 020307.439 INFO             PET0 ESMF Trace/Profile clock: REALTIME
20260923 020307.448 INFO             PET0  NUMBER_OF_PROCESSORS           1
20260923 020307.448 INFO             PET0  PASS  Example ESMF_TraceEx, ESMF_TraceEx.F90, line 178
20260923 020307.448 INFO             PET0  Finalizing ESMF
20260923 020307.448 INFO             PET0 **************** Region Timings *******************
20260923 020307.448 INFO             PET0 Region              Count  Total (s)   Self (s)    Mean (s)    Min (s)     Max (s)
20260923 020307.448 INFO             PET0   [ESMF]            1      0.0018      0.0017      0.0018      0.0018      0.0018
20260923 020307.448 INFO             PET0     [test] Run 1    5      0.0000      0.0000      0.0000      0.0000      0.0000
20260923 020307.448 INFO             PET0     [test] Init 1   1      0.0000      0.0000      0.0000      0.0000      0.0000
20260923 020307.448 INFO             PET0     [test] Final 1  1      0.0000      0.0000      0.0000      0.0000      0.0000
