2026-09-13 01:31:29
20260913 021816.544 INFO             PET0 !!!!!!!!!!!!!!!!!!!!!!!!!!!!!!!!!!!!!!!!!!!!!!!!!!!!!!
20260913 021816.544 INFO             PET0 !!! THE ESMF_LOG IS SET TO OUTPUT ALL LOG MESSAGES !!!
20260913 021816.544 INFO             PET0 !!!     THIS MAY CAUSE SLOWDOWN IN PERFORMANCE     !!!
20260913 021816.544 INFO             PET0 !!! FOR PRODUCTION RUNS, USE:                      !!!
20260913 021816.544 INFO             PET0 !!!                   ESMF_LOGKIND_Multi_On_Error  !!!
20260913 021816.544 INFO             PET0 !!!!!!!!!!!!!!!!!!!!!!!!!!!!!!!!!!!!!!!!!!!!!!!!!!!!!!
20260913 021816.544 INFO             PET0 Running with ESMF Version   : v9.0.0b18
20260913 021816.544 INFO             PET0 ESMF library build date/time: "Sep 13 2026" "01:29:49"
20260913 021816.544 INFO             PET0 ESMF library build location : /glade/derecho/scratch/sacks/esmf-testing/intel_2024.2.1_mpi_g_develop/esmf
20260913 021816.544 INFO             PET0 ESMF_COMM                   : mpi
20260913 021816.544 INFO             PET0 ESMF_MOAB                   : enabled
20260913 021816.544 INFO             PET0 ESMF_LAPACK                 : enabled
20260913 021816.544 INFO             PET0 ESMF_NETCDF                 : enabled
20260913 021816.544 INFO             PET0 ESMF_PNETCDF                : disabled
20260913 021816.544 INFO             PET0 ESMF_PIO                    : enabled
20260913 021816.544 INFO             PET0 ESMF_YAMLCPP                : enabled
20260913 021816.548 INFO             PET0 =============================================
20260913 021816.548 INFO             PET0 ESMX (Earth System Model eXecutable) STARTING
20260913 021816.548 INFO             PET0 =============================================
20260913 021816.557 DEBUG            PET0 Generic SetVM() is executing for: ESMX_Driver
20260913 021816.558 DEBUG            PET0 Generic SetVM() found no NUOPC Hint for: ESMX_Driver
20260913 021816.558 DEBUG            PET0 Generic SetVM() therefore is NOT calling ESMF_GridCompSetVMMaxPEs() for: ESMX_Driver
20260913 021816.563 INFO             PET0 ESMX_Driver: InitializeGeneric intro.
20260913 021816.563 INFO             PET0   >>>ESMX_Driver: entered Initialize (phase=<none>) without valid internal Clock.
20260913 021816.563 INFO             PET0   ESMX_Driver: InitializeP0 intro.
20260913 021816.563 INFO             PET0     >>>ESMX_Driver: entered Initialize (phase=<none>) without valid internal Clock.
20260913 021816.563 INFO             PET0     <<<ESMX_Driver: leaving Initialize (phase=<none>) without valid internal Clock.
20260913 021816.563 INFO             PET0   ESMX_Driver: InitializeP0 extro.
20260913 021816.563 INFO             PET0   ESMX_Driver: InitializeIPDv02p1 intro.
20260913 021816.564 INFO             PET0     >>>ESMX_Driver: entered Initialize (phase=<none>) without valid internal Clock.
20260913 021816.570 INFO             PET0     ESMX_Driver - Creating model component MDL without petList.
20260913 021816.598 DEBUG            PET0     Generic SetVM() is executing for: MDL
20260913 021816.599 DEBUG            PET0     Generic SetVM() found no NUOPC Hint for: MDL
20260913 021816.599 DEBUG            PET0     Generic SetVM() therefore is NOT calling ESMF_GridCompSetVMMaxPEs() for: MDL
20260913 021816.607 INFO             PET0     ESMX_Driver: IInitAdvertise intro.
20260913 021816.607 INFO             PET0       >>>ESMX_Driver: entered Initialize (phase=<none>) with current time: 2012 10 24 18  0  0   0
20260913 021816.607 INFO             PET0       <<<ESMX_Driver: leaving Initialize (phase=<none>) with current time: 2012 10 24 18  0  0   0
20260913 021816.607 INFO             PET0     ESMX_Driver: IInitAdvertise extro.
20260913 021816.607 INFO             PET0     Message from inside C component Advertise() method
20260913 021816.788 INFO             PET0     include("/glade/derecho/scratch/sacks/esmf-testing/intel_2024.2.1_mpi_g_develop/nuopc-app-prototypes/ESMX_SingleModelInJuliaProto/SiMoCoJulia/simocojulia_model.jl")
20260913 021817.025 INFO             PET0     path to C library: /glade/derecho/scratch/sacks/esmf-testing/intel_2024.2.1_mpi_g_develop/nuopc-app-prototypes/ESMX_SingleModelInJuliaProto/build/SiMoCoJulia/libSiMoCoJulia.so
20260913 021817.026 INFO             PET0     ESMX_Driver: IInitAdvertiseFinish intro.
20260913 021817.026 INFO             PET0       >>>ESMX_Driver: entered Initialize (phase=<none>) with current time: 2012 10 24 18  0  0   0
20260913 021817.026 INFO             PET0       <<<ESMX_Driver: leaving Initialize (phase=<none>) with current time: 2012 10 24 18  0  0   0
20260913 021817.026 INFO             PET0     ESMX_Driver: IInitAdvertiseFinish extro.
20260913 021817.027 INFO             PET0     ESMX_Driver: IInitModifyCplLists intro.
20260913 021817.027 INFO             PET0       >>>ESMX_Driver: entered Initialize (phase=<none>) with current time: 2012 10 24 18  0  0   0
20260913 021817.027 INFO             PET0       <<<ESMX_Driver: leaving Initialize (phase=<none>) with current time: 2012 10 24 18  0  0   0
20260913 021817.027 INFO             PET0     ESMX_Driver: IInitModifyCplLists extro.
20260913 021817.027 INFO             PET0     <<<ESMX_Driver: leaving Initialize (phase=<none>) with current time: 2012 10 24 18  0  0   0
20260913 021817.027 INFO             PET0   ESMX_Driver: InitializeIPDv02p1 extro.
20260913 021817.027 INFO             PET0   ESMX_Driver: InitializeIPDv02p3 intro.
20260913 021817.027 INFO             PET0     >>>ESMX_Driver: entered Initialize (phase=<none>) with current time: 2012 10 24 18  0  0   0
20260913 021817.027 INFO             PET0     ESMX_Driver: IInitCheck intro.
20260913 021817.027 INFO             PET0       >>>ESMX_Driver: entered Initialize (phase=<none>) with current time: 2012 10 24 18  0  0   0
20260913 021817.028 INFO             PET0       <<<ESMX_Driver: leaving Initialize (phase=<none>) with current time: 2012 10 24 18  0  0   0
20260913 021817.028 INFO             PET0     ESMX_Driver: IInitCheck extro.
20260913 021817.028 INFO             PET0     ESMX_Driver: IInitRealize intro.
20260913 021817.028 INFO             PET0       >>>ESMX_Driver: entered Initialize (phase=<none>) with current time: 2012 10 24 18  0  0   0
20260913 021817.028 INFO             PET0       <<<ESMX_Driver: leaving Initialize (phase=<none>) with current time: 2012 10 24 18  0  0   0
20260913 021817.028 INFO             PET0     ESMX_Driver: IInitRealize extro.
20260913 021817.029 INFO             PET0     <<<ESMX_Driver: leaving Initialize (phase=<none>) with current time: 2012 10 24 18  0  0   0
20260913 021817.029 INFO             PET0   ESMX_Driver: InitializeIPDv02p3 extro.
20260913 021817.029 INFO             PET0   ESMX_Driver: InitializeIPDv02p5 intro.
20260913 021817.029 INFO             PET0     >>>ESMX_Driver: entered Initialize (phase=<none>) with current time: 2012 10 24 18  0  0   0
20260913 021817.029 INFO             PET0     ESMX_Driver: InitializeIPDv02p5Data intro.
20260913 021817.029 INFO             PET0       >>>ESMX_Driver: entered Initialize (phase=<none>) with current time: 2012 10 24 18  0  0   0
20260913 021817.029 INFO             PET0       ESMX_Driver: InternalInitializeComplete intro.
20260913 021817.029 INFO             PET0         >>>ESMX_Driver: entered Initialize (phase=<none>) with current time: 2012 10 24 18  0  0   0
20260913 021817.029 INFO             PET0         <<<ESMX_Driver: leaving Initialize (phase=<none>) with current time: 2012 10 24 18  0  0   0
20260913 021817.029 INFO             PET0       ESMX_Driver: InternalInitializeComplete extro.
20260913 021817.030 INFO             PET0       ESMX_Driver: loopDataDependentInitialize intro.
20260913 021817.030 INFO             PET0         >>>ESMX_Driver: entered Initialize (phase=<none>) with current time: 2012 10 24 18  0  0   0
20260913 021817.030 INFO             PET0         <<<ESMX_Driver: leaving Initialize (phase=<none>) with current time: 2012 10 24 18  0  0   0
20260913 021817.031 INFO             PET0       ESMX_Driver: loopDataDependentInitialize extro.
20260913 021817.031 INFO             PET0       <<<ESMX_Driver: leaving Initialize (phase=<none>) with current time: 2012 10 24 18  0  0   0
20260913 021817.031 INFO             PET0     ESMX_Driver: InitializeIPDv02p5Data extro.
20260913 021817.031 INFO             PET0     <<<ESMX_Driver: leaving Initialize (phase=<none>) with current time: 2012 10 24 18  0  0   0
20260913 021817.031 INFO             PET0   ESMX_Driver: InitializeIPDv02p5 extro.
20260913 021817.031 INFO             PET0   <<<ESMX_Driver: leaving Initialize (phase=<none>) with current time: 2012 10 24 18  0  0   0
20260913 021817.031 INFO             PET0 ESMX_Driver: InitializeGeneric extro.
20260913 021817.031 INFO             PET0 ESMX_Driver: Run intro.
20260913 021817.031 INFO             PET0   >>>ESMX_Driver: entered Run (phase=RunPhase1) with current time: 2012 10 24 18  0  0   0
20260913 021817.031 INFO             PET0   Message from inside C component Advance() method
20260913 021817.066 INFO             PET0   model_state times_called: 1
20260913 021817.067 INFO             PET0   Message from inside C component Advance() method
20260913 021817.067 INFO             PET0   model_state times_called: 2
20260913 021817.067 INFO             PET0   Message from inside C component Advance() method
20260913 021817.067 INFO             PET0   model_state times_called: 3
20260913 021817.068 INFO             PET0   Message from inside C component Advance() method
20260913 021817.068 INFO             PET0   model_state times_called: 4
20260913 021817.068 INFO             PET0   <<<ESMX_Driver: leaving Run (phase=RunPhase1) with current time: 2012 10 24 19  0  0   0
20260913 021817.068 INFO             PET0 ESMX_Driver: Run extro.
20260913 021817.068 INFO             PET0 ESMX_Driver: Finalize intro.
20260913 021817.068 INFO             PET0   >>>ESMX_Driver: entered Finalize (phase=FinalizePhase1) with current time: 2012 10 24 19  0  0   0
20260913 021817.068 INFO             PET0   Calling Finalize phase 1 for modelComp: MDL
20260913 021817.068 INFO             PET0   Message from inside C component Finalize() method
20260913 021817.069 INFO             PET0   Delete modelComp: MDL
20260913 021817.069 INFO             PET0   <<<ESMX_Driver: leaving Finalize (phase=FinalizePhase1) with current time: 2012 10 24 19  0  0   0
20260913 021817.069 INFO             PET0 ESMX_Driver: Finalize extro.
20260913 021817.070 INFO             PET0 =============================================
20260913 021817.070 INFO             PET0 ESMX (Earth System Model eXecutable) FINISHED
20260913 021817.070 INFO             PET0 =============================================
20260913 021817.070 INFO             PET0  Finalizing ESMF
20260913 021816.544 INFO             PET1 !!!!!!!!!!!!!!!!!!!!!!!!!!!!!!!!!!!!!!!!!!!!!!!!!!!!!!
20260913 021816.544 INFO             PET1 !!! THE ESMF_LOG IS SET TO OUTPUT ALL LOG MESSAGES !!!
20260913 021816.544 INFO             PET1 !!!     THIS MAY CAUSE SLOWDOWN IN PERFORMANCE     !!!
20260913 021816.544 INFO             PET1 !!! FOR PRODUCTION RUNS, USE:                      !!!
20260913 021816.544 INFO             PET1 !!!                   ESMF_LOGKIND_Multi_On_Error  !!!
20260913 021816.544 INFO             PET1 !!!!!!!!!!!!!!!!!!!!!!!!!!!!!!!!!!!!!!!!!!!!!!!!!!!!!!
20260913 021816.544 INFO             PET1 Running with ESMF Version   : v9.0.0b18
20260913 021816.544 INFO             PET1 ESMF library build date/time: "Sep 13 2026" "01:29:49"
20260913 021816.544 INFO             PET1 ESMF library build location : /glade/derecho/scratch/sacks/esmf-testing/intel_2024.2.1_mpi_g_develop/esmf
20260913 021816.544 INFO             PET1 ESMF_COMM                   : mpi
20260913 021816.545 INFO             PET1 ESMF_MOAB                   : enabled
20260913 021816.545 INFO             PET1 ESMF_LAPACK                 : enabled
20260913 021816.545 INFO             PET1 ESMF_NETCDF                 : enabled
20260913 021816.545 INFO             PET1 ESMF_PNETCDF                : disabled
20260913 021816.545 INFO             PET1 ESMF_PIO                    : enabled
20260913 021816.545 INFO             PET1 ESMF_YAMLCPP                : enabled
20260913 021816.548 INFO             PET1 =============================================
20260913 021816.548 INFO             PET1 ESMX (Earth System Model eXecutable) STARTING
20260913 021816.548 INFO             PET1 =============================================
20260913 021816.557 DEBUG            PET1 Generic SetVM() is executing for: ESMX_Driver
20260913 021816.558 DEBUG            PET1 Generic SetVM() found no NUOPC Hint for: ESMX_Driver
20260913 021816.558 DEBUG            PET1 Generic SetVM() therefore is NOT calling ESMF_GridCompSetVMMaxPEs() for: ESMX_Driver
20260913 021816.563 INFO             PET1 ESMX_Driver: InitializeGeneric intro.
20260913 021816.563 INFO             PET1   >>>ESMX_Driver: entered Initialize (phase=<none>) without valid internal Clock.
20260913 021816.563 INFO             PET1   ESMX_Driver: InitializeP0 intro.
20260913 021816.563 INFO             PET1     >>>ESMX_Driver: entered Initialize (phase=<none>) without valid internal Clock.
20260913 021816.563 INFO             PET1     <<<ESMX_Driver: leaving Initialize (phase=<none>) without valid internal Clock.
20260913 021816.563 INFO             PET1   ESMX_Driver: InitializeP0 extro.
20260913 021816.564 INFO             PET1   ESMX_Driver: InitializeIPDv02p1 intro.
20260913 021816.564 INFO             PET1     >>>ESMX_Driver: entered Initialize (phase=<none>) without valid internal Clock.
20260913 021816.570 INFO             PET1     ESMX_Driver - Creating model component MDL without petList.
20260913 021816.598 DEBUG            PET1     Generic SetVM() is executing for: MDL
20260913 021816.599 DEBUG            PET1     Generic SetVM() found no NUOPC Hint for: MDL
20260913 021816.599 DEBUG            PET1     Generic SetVM() therefore is NOT calling ESMF_GridCompSetVMMaxPEs() for: MDL
20260913 021816.607 INFO             PET1     ESMX_Driver: IInitAdvertise intro.
20260913 021816.607 INFO             PET1       >>>ESMX_Driver: entered Initialize (phase=<none>) with current time: 2012 10 24 18  0  0   0
20260913 021816.607 INFO             PET1       <<<ESMX_Driver: leaving Initialize (phase=<none>) with current time: 2012 10 24 18  0  0   0
20260913 021816.607 INFO             PET1     ESMX_Driver: IInitAdvertise extro.
20260913 021816.607 INFO             PET1     Message from inside C component Advertise() method
20260913 021816.788 INFO             PET1     include("/glade/derecho/scratch/sacks/esmf-testing/intel_2024.2.1_mpi_g_develop/nuopc-app-prototypes/ESMX_SingleModelInJuliaProto/SiMoCoJulia/simocojulia_model.jl")
20260913 021817.025 INFO             PET1     path to C library: /glade/derecho/scratch/sacks/esmf-testing/intel_2024.2.1_mpi_g_develop/nuopc-app-prototypes/ESMX_SingleModelInJuliaProto/build/SiMoCoJulia/libSiMoCoJulia.so
20260913 021817.026 INFO             PET1     ESMX_Driver: IInitAdvertiseFinish intro.
20260913 021817.026 INFO             PET1       >>>ESMX_Driver: entered Initialize (phase=<none>) with current time: 2012 10 24 18  0  0   0
20260913 021817.026 INFO             PET1       <<<ESMX_Driver: leaving Initialize (phase=<none>) with current time: 2012 10 24 18  0  0   0
20260913 021817.026 INFO             PET1     ESMX_Driver: IInitAdvertiseFinish extro.
20260913 021817.027 INFO             PET1     ESMX_Driver: IInitModifyCplLists intro.
20260913 021817.027 INFO             PET1       >>>ESMX_Driver: entered Initialize (phase=<none>) with current time: 2012 10 24 18  0  0   0
20260913 021817.027 INFO             PET1       <<<ESMX_Driver: leaving Initialize (phase=<none>) with current time: 2012 10 24 18  0  0   0
20260913 021817.027 INFO             PET1     ESMX_Driver: IInitModifyCplLists extro.
20260913 021817.027 INFO             PET1     <<<ESMX_Driver: leaving Initialize (phase=<none>) with current time: 2012 10 24 18  0  0   0
20260913 021817.027 INFO             PET1   ESMX_Driver: InitializeIPDv02p1 extro.
20260913 021817.027 INFO             PET1   ESMX_Driver: InitializeIPDv02p3 intro.
20260913 021817.027 INFO             PET1     >>>ESMX_Driver: entered Initialize (phase=<none>) with current time: 2012 10 24 18  0  0   0
20260913 021817.027 INFO             PET1     ESMX_Driver: IInitCheck intro.
20260913 021817.027 INFO             PET1       >>>ESMX_Driver: entered Initialize (phase=<none>) with current time: 2012 10 24 18  0  0   0
20260913 021817.028 INFO             PET1       <<<ESMX_Driver: leaving Initialize (phase=<none>) with current time: 2012 10 24 18  0  0   0
20260913 021817.028 INFO             PET1     ESMX_Driver: IInitCheck extro.
20260913 021817.028 INFO             PET1     ESMX_Driver: IInitRealize intro.
20260913 021817.028 INFO             PET1       >>>ESMX_Driver: entered Initialize (phase=<none>) with current time: 2012 10 24 18  0  0   0
20260913 021817.028 INFO             PET1       <<<ESMX_Driver: leaving Initialize (phase=<none>) with current time: 2012 10 24 18  0  0   0
20260913 021817.028 INFO             PET1     ESMX_Driver: IInitRealize extro.
20260913 021817.029 INFO             PET1     <<<ESMX_Driver: leaving Initialize (phase=<none>) with current time: 2012 10 24 18  0  0   0
20260913 021817.029 INFO             PET1   ESMX_Driver: InitializeIPDv02p3 extro.
20260913 021817.029 INFO             PET1   ESMX_Driver: InitializeIPDv02p5 intro.
20260913 021817.029 INFO             PET1     >>>ESMX_Driver: entered Initialize (phase=<none>) with current time: 2012 10 24 18  0  0   0
20260913 021817.029 INFO             PET1     ESMX_Driver: InitializeIPDv02p5Data intro.
20260913 021817.029 INFO             PET1       >>>ESMX_Driver: entered Initialize (phase=<none>) with current time: 2012 10 24 18  0  0   0
20260913 021817.029 INFO             PET1       ESMX_Driver: InternalInitializeComplete intro.
20260913 021817.029 INFO             PET1         >>>ESMX_Driver: entered Initialize (phase=<none>) with current time: 2012 10 24 18  0  0   0
20260913 021817.029 INFO             PET1         <<<ESMX_Driver: leaving Initialize (phase=<none>) with current time: 2012 10 24 18  0  0   0
20260913 021817.029 INFO             PET1       ESMX_Driver: InternalInitializeComplete extro.
20260913 021817.030 INFO             PET1       ESMX_Driver: loopDataDependentInitialize intro.
20260913 021817.030 INFO             PET1         >>>ESMX_Driver: entered Initialize (phase=<none>) with current time: 2012 10 24 18  0  0   0
20260913 021817.031 INFO             PET1         <<<ESMX_Driver: leaving Initialize (phase=<none>) with current time: 2012 10 24 18  0  0   0
20260913 021817.031 INFO             PET1       ESMX_Driver: loopDataDependentInitialize extro.
20260913 021817.031 INFO             PET1       <<<ESMX_Driver: leaving Initialize (phase=<none>) with current time: 2012 10 24 18  0  0   0
20260913 021817.031 INFO             PET1     ESMX_Driver: InitializeIPDv02p5Data extro.
20260913 021817.031 INFO             PET1     <<<ESMX_Driver: leaving Initialize (phase=<none>) with current time: 2012 10 24 18  0  0   0
20260913 021817.031 INFO             PET1   ESMX_Driver: InitializeIPDv02p5 extro.
20260913 021817.031 INFO             PET1   <<<ESMX_Driver: leaving Initialize (phase=<none>) with current time: 2012 10 24 18  0  0   0
20260913 021817.031 INFO             PET1 ESMX_Driver: InitializeGeneric extro.
20260913 021817.031 INFO             PET1 ESMX_Driver: Run intro.
20260913 021817.031 INFO             PET1   >>>ESMX_Driver: entered Run (phase=RunPhase1) with current time: 2012 10 24 18  0  0   0
20260913 021817.031 INFO             PET1   Message from inside C component Advance() method
20260913 021817.066 INFO             PET1   model_state times_called: 1
20260913 021817.067 INFO             PET1   Message from inside C component Advance() method
20260913 021817.067 INFO             PET1   model_state times_called: 2
20260913 021817.067 INFO             PET1   Message from inside C component Advance() method
20260913 021817.067 INFO             PET1   model_state times_called: 3
20260913 021817.068 INFO             PET1   Message from inside C component Advance() method
20260913 021817.068 INFO             PET1   model_state times_called: 4
20260913 021817.068 INFO             PET1   <<<ESMX_Driver: leaving Run (phase=RunPhase1) with current time: 2012 10 24 19  0  0   0
20260913 021817.068 INFO             PET1 ESMX_Driver: Run extro.
20260913 021817.068 INFO             PET1 ESMX_Driver: Finalize intro.
20260913 021817.068 INFO             PET1   >>>ESMX_Driver: entered Finalize (phase=FinalizePhase1) with current time: 2012 10 24 19  0  0   0
20260913 021817.068 INFO             PET1   Calling Finalize phase 1 for modelComp: MDL
20260913 021817.068 INFO             PET1   Message from inside C component Finalize() method
20260913 021817.069 INFO             PET1   Delete modelComp: MDL
20260913 021817.069 INFO             PET1   <<<ESMX_Driver: leaving Finalize (phase=FinalizePhase1) with current time: 2012 10 24 19  0  0   0
20260913 021817.069 INFO             PET1 ESMX_Driver: Finalize extro.
20260913 021817.070 INFO             PET1 =============================================
20260913 021817.070 INFO             PET1 ESMX (Earth System Model eXecutable) FINISHED
20260913 021817.070 INFO             PET1 =============================================
20260913 021817.070 INFO             PET1  Finalizing ESMF
20260913 021816.543 INFO             PET2 !!!!!!!!!!!!!!!!!!!!!!!!!!!!!!!!!!!!!!!!!!!!!!!!!!!!!!
20260913 021816.543 INFO             PET2 !!! THE ESMF_LOG IS SET TO OUTPUT ALL LOG MESSAGES !!!
20260913 021816.543 INFO             PET2 !!!     THIS MAY CAUSE SLOWDOWN IN PERFORMANCE     !!!
20260913 021816.543 INFO             PET2 !!! FOR PRODUCTION RUNS, USE:                      !!!
20260913 021816.543 INFO             PET2 !!!                   ESMF_LOGKIND_Multi_On_Error  !!!
20260913 021816.543 INFO             PET2 !!!!!!!!!!!!!!!!!!!!!!!!!!!!!!!!!!!!!!!!!!!!!!!!!!!!!!
20260913 021816.543 INFO             PET2 Running with ESMF Version   : v9.0.0b18
20260913 021816.543 INFO             PET2 ESMF library build date/time: "Sep 13 2026" "01:29:49"
20260913 021816.543 INFO             PET2 ESMF library build location : /glade/derecho/scratch/sacks/esmf-testing/intel_2024.2.1_mpi_g_develop/esmf
20260913 021816.543 INFO             PET2 ESMF_COMM                   : mpi
20260913 021816.544 INFO             PET2 ESMF_MOAB                   : enabled
20260913 021816.544 INFO             PET2 ESMF_LAPACK                 : enabled
20260913 021816.544 INFO             PET2 ESMF_NETCDF                 : enabled
20260913 021816.544 INFO             PET2 ESMF_PNETCDF                : disabled
20260913 021816.544 INFO             PET2 ESMF_PIO                    : enabled
20260913 021816.544 INFO             PET2 ESMF_YAMLCPP                : enabled
20260913 021816.548 INFO             PET2 =============================================
20260913 021816.548 INFO             PET2 ESMX (Earth System Model eXecutable) STARTING
20260913 021816.548 INFO             PET2 =============================================
20260913 021816.557 DEBUG            PET2 Generic SetVM() is executing for: ESMX_Driver
20260913 021816.558 DEBUG            PET2 Generic SetVM() found no NUOPC Hint for: ESMX_Driver
20260913 021816.558 DEBUG            PET2 Generic SetVM() therefore is NOT calling ESMF_GridCompSetVMMaxPEs() for: ESMX_Driver
20260913 021816.563 INFO             PET2 ESMX_Driver: InitializeGeneric intro.
20260913 021816.563 INFO             PET2   >>>ESMX_Driver: entered Initialize (phase=<none>) without valid internal Clock.
20260913 021816.563 INFO             PET2   ESMX_Driver: InitializeP0 intro.
20260913 021816.563 INFO             PET2     >>>ESMX_Driver: entered Initialize (phase=<none>) without valid internal Clock.
20260913 021816.563 INFO             PET2     <<<ESMX_Driver: leaving Initialize (phase=<none>) without valid internal Clock.
20260913 021816.563 INFO             PET2   ESMX_Driver: InitializeP0 extro.
20260913 021816.563 INFO             PET2   ESMX_Driver: InitializeIPDv02p1 intro.
20260913 021816.563 INFO             PET2     >>>ESMX_Driver: entered Initialize (phase=<none>) without valid internal Clock.
20260913 021816.570 INFO             PET2     ESMX_Driver - Creating model component MDL without petList.
20260913 021816.598 DEBUG            PET2     Generic SetVM() is executing for: MDL
20260913 021816.599 DEBUG            PET2     Generic SetVM() found no NUOPC Hint for: MDL
20260913 021816.599 DEBUG            PET2     Generic SetVM() therefore is NOT calling ESMF_GridCompSetVMMaxPEs() for: MDL
20260913 021816.607 INFO             PET2     ESMX_Driver: IInitAdvertise intro.
20260913 021816.607 INFO             PET2       >>>ESMX_Driver: entered Initialize (phase=<none>) with current time: 2012 10 24 18  0  0   0
20260913 021816.607 INFO             PET2       <<<ESMX_Driver: leaving Initialize (phase=<none>) with current time: 2012 10 24 18  0  0   0
20260913 021816.607 INFO             PET2     ESMX_Driver: IInitAdvertise extro.
20260913 021816.607 INFO             PET2     Message from inside C component Advertise() method
20260913 021816.788 INFO             PET2     include("/glade/derecho/scratch/sacks/esmf-testing/intel_2024.2.1_mpi_g_develop/nuopc-app-prototypes/ESMX_SingleModelInJuliaProto/SiMoCoJulia/simocojulia_model.jl")
20260913 021817.025 INFO             PET2     path to C library: /glade/derecho/scratch/sacks/esmf-testing/intel_2024.2.1_mpi_g_develop/nuopc-app-prototypes/ESMX_SingleModelInJuliaProto/build/SiMoCoJulia/libSiMoCoJulia.so
20260913 021817.026 INFO             PET2     ESMX_Driver: IInitAdvertiseFinish intro.
20260913 021817.026 INFO             PET2       >>>ESMX_Driver: entered Initialize (phase=<none>) with current time: 2012 10 24 18  0  0   0
20260913 021817.026 INFO             PET2       <<<ESMX_Driver: leaving Initialize (phase=<none>) with current time: 2012 10 24 18  0  0   0
20260913 021817.026 INFO             PET2     ESMX_Driver: IInitAdvertiseFinish extro.
20260913 021817.027 INFO             PET2     ESMX_Driver: IInitModifyCplLists intro.
20260913 021817.027 INFO             PET2       >>>ESMX_Driver: entered Initialize (phase=<none>) with current time: 2012 10 24 18  0  0   0
20260913 021817.027 INFO             PET2       <<<ESMX_Driver: leaving Initialize (phase=<none>) with current time: 2012 10 24 18  0  0   0
20260913 021817.027 INFO             PET2     ESMX_Driver: IInitModifyCplLists extro.
20260913 021817.027 INFO             PET2     <<<ESMX_Driver: leaving Initialize (phase=<none>) with current time: 2012 10 24 18  0  0   0
20260913 021817.027 INFO             PET2   ESMX_Driver: InitializeIPDv02p1 extro.
20260913 021817.027 INFO             PET2   ESMX_Driver: InitializeIPDv02p3 intro.
20260913 021817.027 INFO             PET2     >>>ESMX_Driver: entered Initialize (phase=<none>) with current time: 2012 10 24 18  0  0   0
20260913 021817.027 INFO             PET2     ESMX_Driver: IInitCheck intro.
20260913 021817.028 INFO             PET2       >>>ESMX_Driver: entered Initialize (phase=<none>) with current time: 2012 10 24 18  0  0   0
20260913 021817.028 INFO             PET2       <<<ESMX_Driver: leaving Initialize (phase=<none>) with current time: 2012 10 24 18  0  0   0
20260913 021817.028 INFO             PET2     ESMX_Driver: IInitCheck extro.
20260913 021817.028 INFO             PET2     ESMX_Driver: IInitRealize intro.
20260913 021817.028 INFO             PET2       >>>ESMX_Driver: entered Initialize (phase=<none>) with current time: 2012 10 24 18  0  0   0
20260913 021817.028 INFO             PET2       <<<ESMX_Driver: leaving Initialize (phase=<none>) with current time: 2012 10 24 18  0  0   0
20260913 021817.028 INFO             PET2     ESMX_Driver: IInitRealize extro.
20260913 021817.029 INFO             PET2     <<<ESMX_Driver: leaving Initialize (phase=<none>) with current time: 2012 10 24 18  0  0   0
20260913 021817.029 INFO             PET2   ESMX_Driver: InitializeIPDv02p3 extro.
20260913 021817.029 INFO             PET2   ESMX_Driver: InitializeIPDv02p5 intro.
20260913 021817.029 INFO             PET2     >>>ESMX_Driver: entered Initialize (phase=<none>) with current time: 2012 10 24 18  0  0   0
20260913 021817.029 INFO             PET2     ESMX_Driver: InitializeIPDv02p5Data intro.
20260913 021817.029 INFO             PET2       >>>ESMX_Driver: entered Initialize (phase=<none>) with current time: 2012 10 24 18  0  0   0
20260913 021817.029 INFO             PET2       ESMX_Driver: InternalInitializeComplete intro.
20260913 021817.029 INFO             PET2         >>>ESMX_Driver: entered Initialize (phase=<none>) with current time: 2012 10 24 18  0  0   0
20260913 021817.029 INFO             PET2         <<<ESMX_Driver: leaving Initialize (phase=<none>) with current time: 2012 10 24 18  0  0   0
20260913 021817.029 INFO             PET2       ESMX_Driver: InternalInitializeComplete extro.
20260913 021817.030 INFO             PET2       ESMX_Driver: loopDataDependentInitialize intro.
20260913 021817.030 INFO             PET2         >>>ESMX_Driver: entered Initialize (phase=<none>) with current time: 2012 10 24 18  0  0   0
20260913 021817.030 INFO             PET2         <<<ESMX_Driver: leaving Initialize (phase=<none>) with current time: 2012 10 24 18  0  0   0
20260913 021817.031 INFO             PET2       ESMX_Driver: loopDataDependentInitialize extro.
20260913 021817.031 INFO             PET2       <<<ESMX_Driver: leaving Initialize (phase=<none>) with current time: 2012 10 24 18  0  0   0
20260913 021817.031 INFO             PET2     ESMX_Driver: InitializeIPDv02p5Data extro.
20260913 021817.031 INFO             PET2     <<<ESMX_Driver: leaving Initialize (phase=<none>) with current time: 2012 10 24 18  0  0   0
20260913 021817.031 INFO             PET2   ESMX_Driver: InitializeIPDv02p5 extro.
20260913 021817.031 INFO             PET2   <<<ESMX_Driver: leaving Initialize (phase=<none>) with current time: 2012 10 24 18  0  0   0
20260913 021817.031 INFO             PET2 ESMX_Driver: InitializeGeneric extro.
20260913 021817.031 INFO             PET2 ESMX_Driver: Run intro.
20260913 021817.031 INFO             PET2   >>>ESMX_Driver: entered Run (phase=RunPhase1) with current time: 2012 10 24 18  0  0   0
20260913 021817.031 INFO             PET2   Message from inside C component Advance() method
20260913 021817.066 INFO             PET2   model_state times_called: 1
20260913 021817.067 INFO             PET2   Message from inside C component Advance() method
20260913 021817.067 INFO             PET2   model_state times_called: 2
20260913 021817.067 INFO             PET2   Message from inside C component Advance() method
20260913 021817.067 INFO             PET2   model_state times_called: 3
20260913 021817.068 INFO             PET2   Message from inside C component Advance() method
20260913 021817.068 INFO             PET2   model_state times_called: 4
20260913 021817.068 INFO             PET2   <<<ESMX_Driver: leaving Run (phase=RunPhase1) with current time: 2012 10 24 19  0  0   0
20260913 021817.068 INFO             PET2 ESMX_Driver: Run extro.
20260913 021817.068 INFO             PET2 ESMX_Driver: Finalize intro.
20260913 021817.068 INFO             PET2   >>>ESMX_Driver: entered Finalize (phase=FinalizePhase1) with current time: 2012 10 24 19  0  0   0
20260913 021817.068 INFO             PET2   Calling Finalize phase 1 for modelComp: MDL
20260913 021817.068 INFO             PET2   Message from inside C component Finalize() method
20260913 021817.069 INFO             PET2   Delete modelComp: MDL
20260913 021817.069 INFO             PET2   <<<ESMX_Driver: leaving Finalize (phase=FinalizePhase1) with current time: 2012 10 24 19  0  0   0
20260913 021817.069 INFO             PET2 ESMX_Driver: Finalize extro.
20260913 021817.070 INFO             PET2 =============================================
20260913 021817.070 INFO             PET2 ESMX (Earth System Model eXecutable) FINISHED
20260913 021817.070 INFO             PET2 =============================================
20260913 021817.070 INFO             PET2  Finalizing ESMF
20260913 021816.544 INFO             PET3 !!!!!!!!!!!!!!!!!!!!!!!!!!!!!!!!!!!!!!!!!!!!!!!!!!!!!!
20260913 021816.544 INFO             PET3 !!! THE ESMF_LOG IS SET TO OUTPUT ALL LOG MESSAGES !!!
20260913 021816.544 INFO             PET3 !!!     THIS MAY CAUSE SLOWDOWN IN PERFORMANCE     !!!
20260913 021816.544 INFO             PET3 !!! FOR PRODUCTION RUNS, USE:                      !!!
20260913 021816.544 INFO             PET3 !!!                   ESMF_LOGKIND_Multi_On_Error  !!!
20260913 021816.544 INFO             PET3 !!!!!!!!!!!!!!!!!!!!!!!!!!!!!!!!!!!!!!!!!!!!!!!!!!!!!!
20260913 021816.544 INFO             PET3 Running with ESMF Version   : v9.0.0b18
20260913 021816.544 INFO             PET3 ESMF library build date/time: "Sep 13 2026" "01:29:49"
20260913 021816.544 INFO             PET3 ESMF library build location : /glade/derecho/scratch/sacks/esmf-testing/intel_2024.2.1_mpi_g_develop/esmf
20260913 021816.544 INFO             PET3 ESMF_COMM                   : mpi
20260913 021816.544 INFO             PET3 ESMF_MOAB                   : enabled
20260913 021816.544 INFO             PET3 ESMF_LAPACK                 : enabled
20260913 021816.544 INFO             PET3 ESMF_NETCDF                 : enabled
20260913 021816.544 INFO             PET3 ESMF_PNETCDF                : disabled
20260913 021816.544 INFO             PET3 ESMF_PIO                    : enabled
20260913 021816.544 INFO             PET3 ESMF_YAMLCPP                : enabled
20260913 021816.548 INFO             PET3 =============================================
20260913 021816.548 INFO             PET3 ESMX (Earth System Model eXecutable) STARTING
20260913 021816.548 INFO             PET3 =============================================
20260913 021816.557 DEBUG            PET3 Generic SetVM() is executing for: ESMX_Driver
20260913 021816.558 DEBUG            PET3 Generic SetVM() found no NUOPC Hint for: ESMX_Driver
20260913 021816.558 DEBUG            PET3 Generic SetVM() therefore is NOT calling ESMF_GridCompSetVMMaxPEs() for: ESMX_Driver
20260913 021816.563 INFO             PET3 ESMX_Driver: InitializeGeneric intro.
20260913 021816.563 INFO             PET3   >>>ESMX_Driver: entered Initialize (phase=<none>) without valid internal Clock.
20260913 021816.563 INFO             PET3   ESMX_Driver: InitializeP0 intro.
20260913 021816.563 INFO             PET3     >>>ESMX_Driver: entered Initialize (phase=<none>) without valid internal Clock.
20260913 021816.563 INFO             PET3     <<<ESMX_Driver: leaving Initialize (phase=<none>) without valid internal Clock.
20260913 021816.563 INFO             PET3   ESMX_Driver: InitializeP0 extro.
20260913 021816.563 INFO             PET3   ESMX_Driver: InitializeIPDv02p1 intro.
20260913 021816.564 INFO             PET3     >>>ESMX_Driver: entered Initialize (phase=<none>) without valid internal Clock.
20260913 021816.570 INFO             PET3     ESMX_Driver - Creating model component MDL without petList.
20260913 021816.598 DEBUG            PET3     Generic SetVM() is executing for: MDL
20260913 021816.599 DEBUG            PET3     Generic SetVM() found no NUOPC Hint for: MDL
20260913 021816.599 DEBUG            PET3     Generic SetVM() therefore is NOT calling ESMF_GridCompSetVMMaxPEs() for: MDL
20260913 021816.607 INFO             PET3     ESMX_Driver: IInitAdvertise intro.
20260913 021816.607 INFO             PET3       >>>ESMX_Driver: entered Initialize (phase=<none>) with current time: 2012 10 24 18  0  0   0
20260913 021816.607 INFO             PET3       <<<ESMX_Driver: leaving Initialize (phase=<none>) with current time: 2012 10 24 18  0  0   0
20260913 021816.607 INFO             PET3     ESMX_Driver: IInitAdvertise extro.
20260913 021816.607 INFO             PET3     Message from inside C component Advertise() method
20260913 021816.788 INFO             PET3     include("/glade/derecho/scratch/sacks/esmf-testing/intel_2024.2.1_mpi_g_develop/nuopc-app-prototypes/ESMX_SingleModelInJuliaProto/SiMoCoJulia/simocojulia_model.jl")
20260913 021817.025 INFO             PET3     path to C library: /glade/derecho/scratch/sacks/esmf-testing/intel_2024.2.1_mpi_g_develop/nuopc-app-prototypes/ESMX_SingleModelInJuliaProto/build/SiMoCoJulia/libSiMoCoJulia.so
20260913 021817.026 INFO             PET3     ESMX_Driver: IInitAdvertiseFinish intro.
20260913 021817.026 INFO             PET3       >>>ESMX_Driver: entered Initialize (phase=<none>) with current time: 2012 10 24 18  0  0   0
20260913 021817.026 INFO             PET3       <<<ESMX_Driver: leaving Initialize (phase=<none>) with current time: 2012 10 24 18  0  0   0
20260913 021817.026 INFO             PET3     ESMX_Driver: IInitAdvertiseFinish extro.
20260913 021817.027 INFO             PET3     ESMX_Driver: IInitModifyCplLists intro.
20260913 021817.027 INFO             PET3       >>>ESMX_Driver: entered Initialize (phase=<none>) with current time: 2012 10 24 18  0  0   0
20260913 021817.027 INFO             PET3       <<<ESMX_Driver: leaving Initialize (phase=<none>) with current time: 2012 10 24 18  0  0   0
20260913 021817.027 INFO             PET3     ESMX_Driver: IInitModifyCplLists extro.
20260913 021817.027 INFO             PET3     <<<ESMX_Driver: leaving Initialize (phase=<none>) with current time: 2012 10 24 18  0  0   0
20260913 021817.027 INFO             PET3   ESMX_Driver: InitializeIPDv02p1 extro.
20260913 021817.027 INFO             PET3   ESMX_Driver: InitializeIPDv02p3 intro.
20260913 021817.027 INFO             PET3     >>>ESMX_Driver: entered Initialize (phase=<none>) with current time: 2012 10 24 18  0  0   0
20260913 021817.027 INFO             PET3     ESMX_Driver: IInitCheck intro.
20260913 021817.028 INFO             PET3       >>>ESMX_Driver: entered Initialize (phase=<none>) with current time: 2012 10 24 18  0  0   0
20260913 021817.028 INFO             PET3       <<<ESMX_Driver: leaving Initialize (phase=<none>) with current time: 2012 10 24 18  0  0   0
20260913 021817.028 INFO             PET3     ESMX_Driver: IInitCheck extro.
20260913 021817.028 INFO             PET3     ESMX_Driver: IInitRealize intro.
20260913 021817.028 INFO             PET3       >>>ESMX_Driver: entered Initialize (phase=<none>) with current time: 2012 10 24 18  0  0   0
20260913 021817.028 INFO             PET3       <<<ESMX_Driver: leaving Initialize (phase=<none>) with current time: 2012 10 24 18  0  0   0
20260913 021817.028 INFO             PET3     ESMX_Driver: IInitRealize extro.
20260913 021817.029 INFO             PET3     <<<ESMX_Driver: leaving Initialize (phase=<none>) with current time: 2012 10 24 18  0  0   0
20260913 021817.029 INFO             PET3   ESMX_Driver: InitializeIPDv02p3 extro.
20260913 021817.029 INFO             PET3   ESMX_Driver: InitializeIPDv02p5 intro.
20260913 021817.029 INFO             PET3     >>>ESMX_Driver: entered Initialize (phase=<none>) with current time: 2012 10 24 18  0  0   0
20260913 021817.029 INFO             PET3     ESMX_Driver: InitializeIPDv02p5Data intro.
20260913 021817.029 INFO             PET3       >>>ESMX_Driver: entered Initialize (phase=<none>) with current time: 2012 10 24 18  0  0   0
20260913 021817.029 INFO             PET3       ESMX_Driver: InternalInitializeComplete intro.
20260913 021817.029 INFO             PET3         >>>ESMX_Driver: entered Initialize (phase=<none>) with current time: 2012 10 24 18  0  0   0
20260913 021817.029 INFO             PET3         <<<ESMX_Driver: leaving Initialize (phase=<none>) with current time: 2012 10 24 18  0  0   0
20260913 021817.029 INFO             PET3       ESMX_Driver: InternalInitializeComplete extro.
20260913 021817.030 INFO             PET3       ESMX_Driver: loopDataDependentInitialize intro.
20260913 021817.030 INFO             PET3         >>>ESMX_Driver: entered Initialize (phase=<none>) with current time: 2012 10 24 18  0  0   0
20260913 021817.031 INFO             PET3         <<<ESMX_Driver: leaving Initialize (phase=<none>) with current time: 2012 10 24 18  0  0   0
20260913 021817.031 INFO             PET3       ESMX_Driver: loopDataDependentInitialize extro.
20260913 021817.031 INFO             PET3       <<<ESMX_Driver: leaving Initialize (phase=<none>) with current time: 2012 10 24 18  0  0   0
20260913 021817.031 INFO             PET3     ESMX_Driver: InitializeIPDv02p5Data extro.
20260913 021817.031 INFO             PET3     <<<ESMX_Driver: leaving Initialize (phase=<none>) with current time: 2012 10 24 18  0  0   0
20260913 021817.031 INFO             PET3   ESMX_Driver: InitializeIPDv02p5 extro.
20260913 021817.031 INFO             PET3   <<<ESMX_Driver: leaving Initialize (phase=<none>) with current time: 2012 10 24 18  0  0   0
20260913 021817.031 INFO             PET3 ESMX_Driver: InitializeGeneric extro.
20260913 021817.031 INFO             PET3 ESMX_Driver: Run intro.
20260913 021817.031 INFO             PET3   >>>ESMX_Driver: entered Run (phase=RunPhase1) with current time: 2012 10 24 18  0  0   0
20260913 021817.031 INFO             PET3   Message from inside C component Advance() method
20260913 021817.066 INFO             PET3   model_state times_called: 1
20260913 021817.067 INFO             PET3   Message from inside C component Advance() method
20260913 021817.067 INFO             PET3   model_state times_called: 2
20260913 021817.067 INFO             PET3   Message from inside C component Advance() method
20260913 021817.067 INFO             PET3   model_state times_called: 3
20260913 021817.068 INFO             PET3   Message from inside C component Advance() method
20260913 021817.068 INFO             PET3   model_state times_called: 4
20260913 021817.068 INFO             PET3   <<<ESMX_Driver: leaving Run (phase=RunPhase1) with current time: 2012 10 24 19  0  0   0
20260913 021817.068 INFO             PET3 ESMX_Driver: Run extro.
20260913 021817.068 INFO             PET3 ESMX_Driver: Finalize intro.
20260913 021817.068 INFO             PET3   >>>ESMX_Driver: entered Finalize (phase=FinalizePhase1) with current time: 2012 10 24 19  0  0   0
20260913 021817.068 INFO             PET3   Calling Finalize phase 1 for modelComp: MDL
20260913 021817.068 INFO             PET3   Message from inside C component Finalize() method
20260913 021817.069 INFO             PET3   Delete modelComp: MDL
20260913 021817.069 INFO             PET3   <<<ESMX_Driver: leaving Finalize (phase=FinalizePhase1) with current time: 2012 10 24 19  0  0   0
20260913 021817.069 INFO             PET3 ESMX_Driver: Finalize extro.
20260913 021817.070 INFO             PET3 =============================================
20260913 021817.070 INFO             PET3 ESMX (Earth System Model eXecutable) FINISHED
20260913 021817.070 INFO             PET3 =============================================
20260913 021817.070 INFO             PET3  Finalizing ESMF
