2026-09-13 23:25:50
20260914 040921.751 INFO             PET0 !!!!!!!!!!!!!!!!!!!!!!!!!!!!!!!!!!!!!!!!!!!!!!!!!!!!!!
20260914 040921.751 INFO             PET0 !!! THE ESMF_LOG IS SET TO OUTPUT ALL LOG MESSAGES !!!
20260914 040921.751 INFO             PET0 !!!     THIS MAY CAUSE SLOWDOWN IN PERFORMANCE     !!!
20260914 040921.751 INFO             PET0 !!! FOR PRODUCTION RUNS, USE:                      !!!
20260914 040921.751 INFO             PET0 !!!                   ESMF_LOGKIND_Multi_On_Error  !!!
20260914 040921.751 INFO             PET0 !!!!!!!!!!!!!!!!!!!!!!!!!!!!!!!!!!!!!!!!!!!!!!!!!!!!!!
20260914 040921.751 INFO             PET0 Running with ESMF Version   : v9.0.0b18
20260914 040921.751 INFO             PET0 ESMF library build date/time: "Sep 13 2026" "23:21:32"
20260914 040921.751 INFO             PET0 ESMF library build location : /discover/nobackup/projects/gmao/SIteam/ESMF_Testing/nvhpc_26.1_openmpi_O_develop/esmf
20260914 040921.751 INFO             PET0 ESMF_COMM                   : openmpi
20260914 040921.752 INFO             PET0 ESMF_MOAB                   : enabled
20260914 040921.752 INFO             PET0 ESMF_LAPACK                 : enabled
20260914 040921.752 INFO             PET0 ESMF_NETCDF                 : disabled
20260914 040921.752 INFO             PET0 ESMF_PNETCDF                : disabled
20260914 040921.752 INFO             PET0 ESMF_PIO                    : disabled
20260914 040921.752 INFO             PET0 ESMF_YAMLCPP                : enabled
20260914 040921.752 INFO             PET0  NUMBER_OF_PROCESSORS            1
20260914 040921.752 INFO             PET0  PASS  Example CalendarEx, ESMF_CalendarEx.F90, line 217
20260914 040921.752 INFO             PET0  Finalizing ESMF
