2026-09-13 23:19:49
20260913 234623.828 INFO             PET0 !!!!!!!!!!!!!!!!!!!!!!!!!!!!!!!!!!!!!!!!!!!!!!!!!!!!!!
20260913 234623.828 INFO             PET0 !!! THE ESMF_LOG IS SET TO OUTPUT ALL LOG MESSAGES !!!
20260913 234623.828 INFO             PET0 !!!     THIS MAY CAUSE SLOWDOWN IN PERFORMANCE     !!!
20260913 234623.828 INFO             PET0 !!! FOR PRODUCTION RUNS, USE:                      !!!
20260913 234623.828 INFO             PET0 !!!                   ESMF_LOGKIND_Multi_On_Error  !!!
20260913 234623.828 INFO             PET0 !!!!!!!!!!!!!!!!!!!!!!!!!!!!!!!!!!!!!!!!!!!!!!!!!!!!!!
20260913 234623.828 INFO             PET0 Running with ESMF Version   : v9.0.0b18
20260913 234623.828 INFO             PET0 ESMF library build date/time: "Sep 13 2026" "23:18:33"
20260913 234623.828 INFO             PET0 ESMF library build location : /usr/local/esmf/esmf-testing/nag_7.2.44_openmpi_g_develop/esmf
20260913 234623.828 INFO             PET0 ESMF_COMM                   : openmpi
20260913 234623.828 INFO             PET0 ESMF_MOAB                   : enabled
20260913 234623.828 INFO             PET0 ESMF_LAPACK                 : enabled
20260913 234623.828 INFO             PET0 ESMF_NETCDF                 : enabled
20260913 234623.828 INFO             PET0 ESMF_PNETCDF                : disabled
20260913 234623.828 INFO             PET0 ESMF_PIO                    : enabled
20260913 234623.828 INFO             PET0 ESMF_YAMLCPP                : enabled
20260913 234623.831 INFO             PET0 =============================================
20260913 234623.831 INFO             PET0 ESMX (Earth System Model eXecutable) STARTING
20260913 234623.831 INFO             PET0 =============================================
20260913 234623.833 DEBUG            PET0 Generic SetVM() is executing for: ESMX_Driver
20260913 234623.836 DEBUG            PET0 Generic SetVM() found no NUOPC Hint for: ESMX_Driver
20260913 234623.836 DEBUG            PET0 Generic SetVM() therefore is NOT calling ESMF_GridCompSetVMMaxPEs() for: ESMX_Driver
20260913 234623.847 INFO             PET0 =============================================
20260913 234623.847 INFO             PET0 ESMX (Earth System Model eXecutable) FINISHED
20260913 234623.847 INFO             PET0 =============================================
20260913 234623.847 INFO             PET0  Finalizing ESMF
20260913 234623.827 INFO             PET1 !!!!!!!!!!!!!!!!!!!!!!!!!!!!!!!!!!!!!!!!!!!!!!!!!!!!!!
20260913 234623.827 INFO             PET1 !!! THE ESMF_LOG IS SET TO OUTPUT ALL LOG MESSAGES !!!
20260913 234623.827 INFO             PET1 !!!     THIS MAY CAUSE SLOWDOWN IN PERFORMANCE     !!!
20260913 234623.827 INFO             PET1 !!! FOR PRODUCTION RUNS, USE:                      !!!
20260913 234623.827 INFO             PET1 !!!                   ESMF_LOGKIND_Multi_On_Error  !!!
20260913 234623.827 INFO             PET1 !!!!!!!!!!!!!!!!!!!!!!!!!!!!!!!!!!!!!!!!!!!!!!!!!!!!!!
20260913 234623.827 INFO             PET1 Running with ESMF Version   : v9.0.0b18
20260913 234623.827 INFO             PET1 ESMF library build date/time: "Sep 13 2026" "23:18:33"
20260913 234623.827 INFO             PET1 ESMF library build location : /usr/local/esmf/esmf-testing/nag_7.2.44_openmpi_g_develop/esmf
20260913 234623.827 INFO             PET1 ESMF_COMM                   : openmpi
20260913 234623.827 INFO             PET1 ESMF_MOAB                   : enabled
20260913 234623.827 INFO             PET1 ESMF_LAPACK                 : enabled
20260913 234623.827 INFO             PET1 ESMF_NETCDF                 : enabled
20260913 234623.827 INFO             PET1 ESMF_PNETCDF                : disabled
20260913 234623.827 INFO             PET1 ESMF_PIO                    : enabled
20260913 234623.827 INFO             PET1 ESMF_YAMLCPP                : enabled
20260913 234623.830 INFO             PET1 =============================================
20260913 234623.830 INFO             PET1 ESMX (Earth System Model eXecutable) STARTING
20260913 234623.830 INFO             PET1 =============================================
20260913 234623.836 DEBUG            PET1 Generic SetVM() is executing for: ESMX_Driver
20260913 234623.839 DEBUG            PET1 Generic SetVM() found no NUOPC Hint for: ESMX_Driver
20260913 234623.839 DEBUG            PET1 Generic SetVM() therefore is NOT calling ESMF_GridCompSetVMMaxPEs() for: ESMX_Driver
20260913 234623.847 INFO             PET1 =============================================
20260913 234623.847 INFO             PET1 ESMX (Earth System Model eXecutable) FINISHED
20260913 234623.847 INFO             PET1 =============================================
20260913 234623.847 INFO             PET1  Finalizing ESMF
20260913 234623.827 INFO             PET2 !!!!!!!!!!!!!!!!!!!!!!!!!!!!!!!!!!!!!!!!!!!!!!!!!!!!!!
20260913 234623.827 INFO             PET2 !!! THE ESMF_LOG IS SET TO OUTPUT ALL LOG MESSAGES !!!
20260913 234623.827 INFO             PET2 !!!     THIS MAY CAUSE SLOWDOWN IN PERFORMANCE     !!!
20260913 234623.827 INFO             PET2 !!! FOR PRODUCTION RUNS, USE:                      !!!
20260913 234623.827 INFO             PET2 !!!                   ESMF_LOGKIND_Multi_On_Error  !!!
20260913 234623.827 INFO             PET2 !!!!!!!!!!!!!!!!!!!!!!!!!!!!!!!!!!!!!!!!!!!!!!!!!!!!!!
20260913 234623.827 INFO             PET2 Running with ESMF Version   : v9.0.0b18
20260913 234623.828 INFO             PET2 ESMF library build date/time: "Sep 13 2026" "23:18:33"
20260913 234623.828 INFO             PET2 ESMF library build location : /usr/local/esmf/esmf-testing/nag_7.2.44_openmpi_g_develop/esmf
20260913 234623.828 INFO             PET2 ESMF_COMM                   : openmpi
20260913 234623.828 INFO             PET2 ESMF_MOAB                   : enabled
20260913 234623.828 INFO             PET2 ESMF_LAPACK                 : enabled
20260913 234623.828 INFO             PET2 ESMF_NETCDF                 : enabled
20260913 234623.828 INFO             PET2 ESMF_PNETCDF                : disabled
20260913 234623.828 INFO             PET2 ESMF_PIO                    : enabled
20260913 234623.828 INFO             PET2 ESMF_YAMLCPP                : enabled
20260913 234623.830 INFO             PET2 =============================================
20260913 234623.830 INFO             PET2 ESMX (Earth System Model eXecutable) STARTING
20260913 234623.830 INFO             PET2 =============================================
20260913 234623.833 DEBUG            PET2 Generic SetVM() is executing for: ESMX_Driver
20260913 234623.838 DEBUG            PET2 Generic SetVM() found no NUOPC Hint for: ESMX_Driver
20260913 234623.838 DEBUG            PET2 Generic SetVM() therefore is NOT calling ESMF_GridCompSetVMMaxPEs() for: ESMX_Driver
20260913 234623.847 INFO             PET2 =============================================
20260913 234623.847 INFO             PET2 ESMX (Earth System Model eXecutable) FINISHED
20260913 234623.847 INFO             PET2 =============================================
20260913 234623.847 INFO             PET2  Finalizing ESMF
20260913 234623.827 INFO             PET3 !!!!!!!!!!!!!!!!!!!!!!!!!!!!!!!!!!!!!!!!!!!!!!!!!!!!!!
20260913 234623.827 INFO             PET3 !!! THE ESMF_LOG IS SET TO OUTPUT ALL LOG MESSAGES !!!
20260913 234623.827 INFO             PET3 !!!     THIS MAY CAUSE SLOWDOWN IN PERFORMANCE     !!!
20260913 234623.827 INFO             PET3 !!! FOR PRODUCTION RUNS, USE:                      !!!
20260913 234623.827 INFO             PET3 !!!                   ESMF_LOGKIND_Multi_On_Error  !!!
20260913 234623.827 INFO             PET3 !!!!!!!!!!!!!!!!!!!!!!!!!!!!!!!!!!!!!!!!!!!!!!!!!!!!!!
20260913 234623.827 INFO             PET3 Running with ESMF Version   : v9.0.0b18
20260913 234623.827 INFO             PET3 ESMF library build date/time: "Sep 13 2026" "23:18:33"
20260913 234623.827 INFO             PET3 ESMF library build location : /usr/local/esmf/esmf-testing/nag_7.2.44_openmpi_g_develop/esmf
20260913 234623.827 INFO             PET3 ESMF_COMM                   : openmpi
20260913 234623.827 INFO             PET3 ESMF_MOAB                   : enabled
20260913 234623.827 INFO             PET3 ESMF_LAPACK                 : enabled
20260913 234623.827 INFO             PET3 ESMF_NETCDF                 : enabled
20260913 234623.827 INFO             PET3 ESMF_PNETCDF                : disabled
20260913 234623.827 INFO             PET3 ESMF_PIO                    : enabled
20260913 234623.827 INFO             PET3 ESMF_YAMLCPP                : enabled
20260913 234623.830 INFO             PET3 =============================================
20260913 234623.830 INFO             PET3 ESMX (Earth System Model eXecutable) STARTING
20260913 234623.830 INFO             PET3 =============================================
20260913 234623.833 DEBUG            PET3 Generic SetVM() is executing for: ESMX_Driver
20260913 234623.836 DEBUG            PET3 Generic SetVM() found no NUOPC Hint for: ESMX_Driver
20260913 234623.837 DEBUG            PET3 Generic SetVM() therefore is NOT calling ESMF_GridCompSetVMMaxPEs() for: ESMX_Driver
20260913 234623.847 INFO             PET3 =============================================
20260913 234623.847 INFO             PET3 ESMX (Earth System Model eXecutable) FINISHED
20260913 234623.847 INFO             PET3 =============================================
20260913 234623.847 INFO             PET3  Finalizing ESMF
