2026-09-01 23:29:56
20260902 013452.651 INFO             PET0 !!!!!!!!!!!!!!!!!!!!!!!!!!!!!!!!!!!!!!!!!!!!!!!!!!!!!!
20260902 013452.651 INFO             PET0 !!! THE ESMF_LOG IS SET TO OUTPUT ALL LOG MESSAGES !!!
20260902 013452.651 INFO             PET0 !!!     THIS MAY CAUSE SLOWDOWN IN PERFORMANCE     !!!
20260902 013452.651 INFO             PET0 !!! FOR PRODUCTION RUNS, USE:                      !!!
20260902 013452.651 INFO             PET0 !!!                   ESMF_LOGKIND_Multi_On_Error  !!!
20260902 013452.651 INFO             PET0 !!!!!!!!!!!!!!!!!!!!!!!!!!!!!!!!!!!!!!!!!!!!!!!!!!!!!!
20260902 013452.651 INFO             PET0 Running with ESMF Version   : develop+g4161bf9d44
20260902 013452.651 INFO             PET0 ESMF library build date/time: "Sep  1 2026" "23:25:44"
20260902 013452.651 INFO             PET0 ESMF library build location : /discover/nobackup/projects/gmao/SIteam/ESMF_Testing/nvhpc_26.1_openmpi_g_develop/esmf
20260902 013452.651 INFO             PET0 ESMF_COMM                   : openmpi
20260902 013452.651 INFO             PET0 ESMF_MOAB                   : enabled
20260902 013452.651 INFO             PET0 ESMF_LAPACK                 : enabled
20260902 013452.651 INFO             PET0 ESMF_NETCDF                 : disabled
20260902 013452.651 INFO             PET0 ESMF_PNETCDF                : disabled
20260902 013452.651 INFO             PET0 ESMF_PIO                    : disabled
20260902 013452.651 INFO             PET0 ESMF_YAMLCPP                : enabled
20260902 013452.651 INFO             PET0 ESMF Tracing Enabled
20260902 013452.651 INFO             PET0 ESMF Profiling Enabled
20260902 013452.651 INFO             PET0 ESMF Trace/Profile clock: REALTIME
20260902 013452.656 INFO             PET0  NUMBER_OF_PROCESSORS            4
20260902 013452.656 INFO             PET0  PASS  Example ESMF_TraceEx, ESMF_TraceEx.F90, line 178
20260902 013452.656 INFO             PET0  Finalizing ESMF
20260902 013452.656 INFO             PET0 **************** Region Timings *******************
20260902 013452.656 INFO             PET0 Region              Count  Total (s)   Self (s)    Mean (s)    Min (s)     Max (s)
20260902 013452.656 INFO             PET0   [ESMF]            1      0.0029      0.0028      0.0029      0.0029      0.0029
20260902 013452.656 INFO             PET0     [test] Run 1    5      0.0000      0.0000      0.0000      0.0000      0.0000
20260902 013452.656 INFO             PET0     [test] Init 1   1      0.0000      0.0000      0.0000      0.0000      0.0000
20260902 013452.656 INFO             PET0     [test] Final 1  1      0.0000      0.0000      0.0000      0.0000      0.0000
20260902 013452.651 INFO             PET1 !!!!!!!!!!!!!!!!!!!!!!!!!!!!!!!!!!!!!!!!!!!!!!!!!!!!!!
20260902 013452.651 INFO             PET1 !!! THE ESMF_LOG IS SET TO OUTPUT ALL LOG MESSAGES !!!
20260902 013452.651 INFO             PET1 !!!     THIS MAY CAUSE SLOWDOWN IN PERFORMANCE     !!!
20260902 013452.651 INFO             PET1 !!! FOR PRODUCTION RUNS, USE:                      !!!
20260902 013452.651 INFO             PET1 !!!                   ESMF_LOGKIND_Multi_On_Error  !!!
20260902 013452.651 INFO             PET1 !!!!!!!!!!!!!!!!!!!!!!!!!!!!!!!!!!!!!!!!!!!!!!!!!!!!!!
20260902 013452.651 INFO             PET1 Running with ESMF Version   : develop+g4161bf9d44
20260902 013452.651 INFO             PET1 ESMF library build date/time: "Sep  1 2026" "23:25:44"
20260902 013452.651 INFO             PET1 ESMF library build location : /discover/nobackup/projects/gmao/SIteam/ESMF_Testing/nvhpc_26.1_openmpi_g_develop/esmf
20260902 013452.651 INFO             PET1 ESMF_COMM                   : openmpi
20260902 013452.651 INFO             PET1 ESMF_MOAB                   : enabled
20260902 013452.651 INFO             PET1 ESMF_LAPACK                 : enabled
20260902 013452.651 INFO             PET1 ESMF_NETCDF                 : disabled
20260902 013452.651 INFO             PET1 ESMF_PNETCDF                : disabled
20260902 013452.651 INFO             PET1 ESMF_PIO                    : disabled
20260902 013452.651 INFO             PET1 ESMF_YAMLCPP                : enabled
20260902 013452.651 INFO             PET1 ESMF Tracing Enabled
20260902 013452.651 INFO             PET1 ESMF Profiling Enabled
20260902 013452.651 INFO             PET1 ESMF Trace/Profile clock: REALTIME
20260902 013452.656 INFO             PET1  NUMBER_OF_PROCESSORS            4
20260902 013452.656 INFO             PET1  PASS  Example ESMF_TraceEx, ESMF_TraceEx.F90, line 178
20260902 013452.656 INFO             PET1  Finalizing ESMF
20260902 013452.656 INFO             PET1 **************** Region Timings *******************
20260902 013452.656 INFO             PET1 Region              Count  Total (s)   Self (s)    Mean (s)    Min (s)     Max (s)
20260902 013452.656 INFO             PET1   [ESMF]            1      0.0035      0.0034      0.0035      0.0035      0.0035
20260902 013452.656 INFO             PET1     [test] Init 1   1      0.0000      0.0000      0.0000      0.0000      0.0000
20260902 013452.656 INFO             PET1     [test] Run 1    5      0.0000      0.0000      0.0000      0.0000      0.0000
20260902 013452.656 INFO             PET1     [test] Final 1  1      0.0000      0.0000      0.0000      0.0000      0.0000
20260902 013452.651 INFO             PET2 !!!!!!!!!!!!!!!!!!!!!!!!!!!!!!!!!!!!!!!!!!!!!!!!!!!!!!
20260902 013452.651 INFO             PET2 !!! THE ESMF_LOG IS SET TO OUTPUT ALL LOG MESSAGES !!!
20260902 013452.651 INFO             PET2 !!!     THIS MAY CAUSE SLOWDOWN IN PERFORMANCE     !!!
20260902 013452.651 INFO             PET2 !!! FOR PRODUCTION RUNS, USE:                      !!!
20260902 013452.651 INFO             PET2 !!!                   ESMF_LOGKIND_Multi_On_Error  !!!
20260902 013452.651 INFO             PET2 !!!!!!!!!!!!!!!!!!!!!!!!!!!!!!!!!!!!!!!!!!!!!!!!!!!!!!
20260902 013452.651 INFO             PET2 Running with ESMF Version   : develop+g4161bf9d44
20260902 013452.651 INFO             PET2 ESMF library build date/time: "Sep  1 2026" "23:25:44"
20260902 013452.651 INFO             PET2 ESMF library build location : /discover/nobackup/projects/gmao/SIteam/ESMF_Testing/nvhpc_26.1_openmpi_g_develop/esmf
20260902 013452.651 INFO             PET2 ESMF_COMM                   : openmpi
20260902 013452.651 INFO             PET2 ESMF_MOAB                   : enabled
20260902 013452.651 INFO             PET2 ESMF_LAPACK                 : enabled
20260902 013452.651 INFO             PET2 ESMF_NETCDF                 : disabled
20260902 013452.651 INFO             PET2 ESMF_PNETCDF                : disabled
20260902 013452.651 INFO             PET2 ESMF_PIO                    : disabled
20260902 013452.651 INFO             PET2 ESMF_YAMLCPP                : enabled
20260902 013452.652 INFO             PET2 ESMF Tracing Enabled
20260902 013452.652 INFO             PET2 ESMF Profiling Enabled
20260902 013452.652 INFO             PET2 ESMF Trace/Profile clock: REALTIME
20260902 013452.656 INFO             PET2  NUMBER_OF_PROCESSORS            4
20260902 013452.656 INFO             PET2  PASS  Example ESMF_TraceEx, ESMF_TraceEx.F90, line 178
20260902 013452.656 INFO             PET2  Finalizing ESMF
20260902 013452.656 INFO             PET2 **************** Region Timings *******************
20260902 013452.656 INFO             PET2 Region              Count  Total (s)   Self (s)    Mean (s)    Min (s)     Max (s)
20260902 013452.656 INFO             PET2   [ESMF]            1      0.0034      0.0033      0.0034      0.0034      0.0034
20260902 013452.656 INFO             PET2     [test] Init 1   1      0.0000      0.0000      0.0000      0.0000      0.0000
20260902 013452.656 INFO             PET2     [test] Run 1    5      0.0000      0.0000      0.0000      0.0000      0.0000
20260902 013452.656 INFO             PET2     [test] Final 1  1      0.0000      0.0000      0.0000      0.0000      0.0000
20260902 013452.651 INFO             PET3 !!!!!!!!!!!!!!!!!!!!!!!!!!!!!!!!!!!!!!!!!!!!!!!!!!!!!!
20260902 013452.651 INFO             PET3 !!! THE ESMF_LOG IS SET TO OUTPUT ALL LOG MESSAGES !!!
20260902 013452.651 INFO             PET3 !!!     THIS MAY CAUSE SLOWDOWN IN PERFORMANCE     !!!
20260902 013452.651 INFO             PET3 !!! FOR PRODUCTION RUNS, USE:                      !!!
20260902 013452.651 INFO             PET3 !!!                   ESMF_LOGKIND_Multi_On_Error  !!!
20260902 013452.651 INFO             PET3 !!!!!!!!!!!!!!!!!!!!!!!!!!!!!!!!!!!!!!!!!!!!!!!!!!!!!!
20260902 013452.651 INFO             PET3 Running with ESMF Version   : develop+g4161bf9d44
20260902 013452.651 INFO             PET3 ESMF library build date/time: "Sep  1 2026" "23:25:44"
20260902 013452.651 INFO             PET3 ESMF library build location : /discover/nobackup/projects/gmao/SIteam/ESMF_Testing/nvhpc_26.1_openmpi_g_develop/esmf
20260902 013452.651 INFO             PET3 ESMF_COMM                   : openmpi
20260902 013452.652 INFO             PET3 ESMF_MOAB                   : enabled
20260902 013452.652 INFO             PET3 ESMF_LAPACK                 : enabled
20260902 013452.652 INFO             PET3 ESMF_NETCDF                 : disabled
20260902 013452.652 INFO             PET3 ESMF_PNETCDF                : disabled
20260902 013452.652 INFO             PET3 ESMF_PIO                    : disabled
20260902 013452.652 INFO             PET3 ESMF_YAMLCPP                : enabled
20260902 013452.652 INFO             PET3 ESMF Tracing Enabled
20260902 013452.652 INFO             PET3 ESMF Profiling Enabled
20260902 013452.652 INFO             PET3 ESMF Trace/Profile clock: REALTIME
20260902 013452.656 INFO             PET3  NUMBER_OF_PROCESSORS            4
20260902 013452.656 INFO             PET3  PASS  Example ESMF_TraceEx, ESMF_TraceEx.F90, line 178
20260902 013452.656 INFO             PET3  Finalizing ESMF
20260902 013452.656 INFO             PET3 **************** Region Timings *******************
20260902 013452.656 INFO             PET3 Region              Count  Total (s)   Self (s)    Mean (s)    Min (s)     Max (s)
20260902 013452.656 INFO             PET3   [ESMF]            1      0.0036      0.0035      0.0036      0.0036      0.0036
20260902 013452.656 INFO             PET3     [test] Init 1   1      0.0000      0.0000      0.0000      0.0000      0.0000
20260902 013452.656 INFO             PET3     [test] Run 1    5      0.0000      0.0000      0.0000      0.0000      0.0000
20260902 013452.656 INFO             PET3     [test] Final 1  1      0.0000      0.0000      0.0000      0.0000      0.0000
