2026-09-09 23:42:52
20260910 024900.645 INFO             PET0 !!!!!!!!!!!!!!!!!!!!!!!!!!!!!!!!!!!!!!!!!!!!!!!!!!!!!!
20260910 024900.645 INFO             PET0 !!! THE ESMF_LOG IS SET TO OUTPUT ALL LOG MESSAGES !!!
20260910 024900.645 INFO             PET0 !!!     THIS MAY CAUSE SLOWDOWN IN PERFORMANCE     !!!
20260910 024900.645 INFO             PET0 !!! FOR PRODUCTION RUNS, USE:                      !!!
20260910 024900.645 INFO             PET0 !!!                   ESMF_LOGKIND_Multi_On_Error  !!!
20260910 024900.645 INFO             PET0 !!!!!!!!!!!!!!!!!!!!!!!!!!!!!!!!!!!!!!!!!!!!!!!!!!!!!!
20260910 024900.645 INFO             PET0 Running with ESMF Version   : develop+gc12f7f42f7
20260910 024900.645 INFO             PET0 ESMF library build date/time: "Sep  9 2026" "23:38:20"
20260910 024900.645 INFO             PET0 ESMF library build location : /discover/nobackup/projects/gmao/SIteam/ESMF_Testing/nvhpc_26.1_openmpi_g_develop/esmf
20260910 024900.645 INFO             PET0 ESMF_COMM                   : openmpi
20260910 024900.645 INFO             PET0 ESMF_MOAB                   : enabled
20260910 024900.645 INFO             PET0 ESMF_LAPACK                 : enabled
20260910 024900.645 INFO             PET0 ESMF_NETCDF                 : disabled
20260910 024900.645 INFO             PET0 ESMF_PNETCDF                : disabled
20260910 024900.645 INFO             PET0 ESMF_PIO                    : disabled
20260910 024900.645 INFO             PET0 ESMF_YAMLCPP                : enabled
20260910 024900.645 INFO             PET0  NUMBER_OF_PROCESSORS            1
20260910 024900.645 INFO             PET0  PASS  Example CalendarEx, ESMF_CalendarEx.F90, line 217
20260910 024900.645 INFO             PET0  Finalizing ESMF
