2026-09-02 23:49:28
20260903 001450.999 INFO             PET0 !!!!!!!!!!!!!!!!!!!!!!!!!!!!!!!!!!!!!!!!!!!!!!!!!!!!!!
20260903 001451.000 INFO             PET0 !!! THE ESMF_LOG IS SET TO OUTPUT ALL LOG MESSAGES !!!
20260903 001451.000 INFO             PET0 !!!     THIS MAY CAUSE SLOWDOWN IN PERFORMANCE     !!!
20260903 001451.000 INFO             PET0 !!! FOR PRODUCTION RUNS, USE:                      !!!
20260903 001451.000 INFO             PET0 !!!                   ESMF_LOGKIND_Multi_On_Error  !!!
20260903 001451.000 INFO             PET0 !!!!!!!!!!!!!!!!!!!!!!!!!!!!!!!!!!!!!!!!!!!!!!!!!!!!!!
20260903 001451.000 INFO             PET0 Running with ESMF Version   : develop+g4161bf9d44
20260903 001451.001 INFO             PET0 ESMF library build date/time: "Sep  2 2026" "23:48:07"
20260903 001451.001 INFO             PET0 ESMF library build location : /usr/local/esmf/esmf-testing/nag_7.2.44_mpiuni_g_develop/esmf
20260903 001451.001 INFO             PET0 ESMF_COMM                   : mpiuni
20260903 001451.001 INFO             PET0 ESMF_MOAB                   : enabled
20260903 001451.001 INFO             PET0 ESMF_LAPACK                 : enabled
20260903 001451.001 INFO             PET0 ESMF_NETCDF                 : enabled
20260903 001451.001 INFO             PET0 ESMF_PNETCDF                : disabled
20260903 001451.001 INFO             PET0 ESMF_PIO                    : enabled
20260903 001451.001 INFO             PET0 ESMF_YAMLCPP                : enabled
20260903 001451.029 INFO             PET0 ESMF_FieldRedistStoreNF(): Just entered routine.
20260903 001451.321 INFO             PET0 ESMF_FieldRedistStoreNF(): Leaving routine.
20260903 001451.332 INFO             PET0  NUMBER_OF_PROCESSORS 1
20260903 001451.332 INFO             PET0  PASS  Example ESMF_RHandleFromFileEx, ESMF_RHandleFromFileEx.F90, line 192
20260903 001451.332 INFO             PET0  Finalizing ESMF
