2026-09-10 03:46:26
forrtl: error (65): floating invalid
Image              PC                Routine            Line        Source             
libc.so.6          00007FD965E43980  Unknown               Unknown  Unknown
libhdf5_intel.so.  00007FD964401A15  H5T__init_native_     Unknown  Unknown
libhdf5_intel.so.  00007FD964333A26  H5T_init              Unknown  Unknown
libhdf5_intel.so.  00007FD96441F519  H5VL_init_phase2      Unknown  Unknown
libhdf5_intel.so.  00007FD964119DD5  H5_init_library       Unknown  Unknown
libhdf5_intel.so.  00007FD9641B712C  H5Eset_auto2          Unknown  Unknown
libnetcdf_intel.s  00007FD9695BB69C  nc4_hdf5_initiali     Unknown  Unknown
libnetcdf_intel.s  00007FD9695C60A7  NC_HDF5_initializ     Unknown  Unknown
libnetcdf_intel.s  00007FD969546C54  nc_initialize         Unknown  Unknown
libnetcdf_intel.s  00007FD969549A4F  NC_create             Unknown  Unknown
libnetcdf_intel.s  00007FD9695498F6  nc_create             Unknown  Unknown
esmx_app           00000000004A460E  Unknown               Unknown  Unknown
esmx_app           00000000004A074E  Unknown               Unknown  Unknown
libesmf.so         00007FD96A16AC0D  _ZN5ESMCI11PIO_Ha     Unknown  Unknown
libesmf.so         00007FD969FAA4E9  _ZN5ESMCI10IO_Han     Unknown  Unknown
libesmf.so         00007FD969FB0CE4  _ZN5ESMCI2IO4open     Unknown  Unknown
libesmf.so         00007FD969FB26BE  _ZN5ESMCI2IO5writ     Unknown  Unknown
libesmf.so         00007FD969FA7F31  c_esmc_iowrite_       Unknown  Unknown
libesmf.so         00007FD96A6C2D3F  esmf_iomod_mp_esm     Unknown  Unknown
libesmf.so         00007FD96A576F0B  esmf_fieldwrmod_m     Unknown  Unknown
libesmf.so         00007FD96A998DBB  nuopc_auxiliary_m     Unknown  Unknown
libesmf.so         00007FD96A999723  nuopc_auxiliary_m     Unknown  Unknown
esmx_app           0000000000457682  datainitialize           1845  ESMX_Data.F90
libesmf.so         00007FD96A13B307  _ZN5ESMCI11Method     Unknown  Unknown
libesmf.so         00007FD96A13B9C8  c_esmc_methodtabl     Unknown  Unknown
libesmf.so         00007FD96A2C6540  esmf_attachmethod     Unknown  Unknown
libesmf.so         00007FD96AAACB14  nuopc_modelbase_m     Unknown  Unknown
libesmf.so         00007FD969EFE50F  _ZN5ESMCI6FTable1     Unknown  Unknown
libesmf.so         00007FD969EFDF5C  ESMCI_FTableCallE     Unknown  Unknown
libesmf.so         00007FD96A202826  _ZN5ESMCI3VMK5ent     Unknown  Unknown
libesmf.so         00007FD96A214294  _ZN5ESMCI2VM5ente     Unknown  Unknown
libesmf.so         00007FD969EFEBE6  c_esmc_ftablecall     Unknown  Unknown
libesmf.so         00007FD96A3E3DC8  esmf_compmod_mp_e     Unknown  Unknown
libesmf.so         00007FD96A5AE2D9  esmf_gridcompmod_     Unknown  Unknown
libesmf.so         00007FD96AA642E7  nuopc_driver_mp_l     Unknown  Unknown
libesmf.so         00007FD96AA624BA  nuopc_driver_mp_i     Unknown  Unknown
libesmf.so         00007FD96AA605D7  nuopc_driver_mp_i     Unknown  Unknown
libesmf.so         00007FD96AA4CCA4  nuopc_driver_mp_i     Unknown  Unknown
libesmf.so         00007FD969EFE50F  _ZN5ESMCI6FTable1     Unknown  Unknown
libesmf.so         00007FD969EFDF5C  ESMCI_FTableCallE     Unknown  Unknown
libesmf.so         00007FD96A202826  _ZN5ESMCI3VMK5ent     Unknown  Unknown
libesmf.so         00007FD96A214294  _ZN5ESMCI2VM5ente     Unknown  Unknown
libesmf.so         00007FD969EFEBE6  c_esmc_ftablecall     Unknown  Unknown
libesmf.so         00007FD96A3E3DC8  esmf_compmod_mp_e     Unknown  Unknown
libesmf.so         00007FD96A5AE2D9  esmf_gridcompmod_     Unknown  Unknown
esmx_app           00000000004221BE  esmx_app                  388  ESMX_App.F90
esmx_app           000000000041AF2D  Unknown               Unknown  Unknown
libc.so.6          00007FD965E2CEEC  Unknown               Unknown  Unknown
libc.so.6          00007FD965E2CFB5  __libc_start_main     Unknown  Unknown
esmx_app           000000000041AE31  Unknown               Unknown  Unknown
srun: error: c6n0004: task 0: Aborted
srun: Terminating StepId=221019353.408
[2026-09-10T04:05:50.791] error: *** STEP 221019353.408 ON c6n0004 CANCELLED AT 2026-09-10T04:05:50 DUE TO TASK FAILURE ***
forrtl: error (78): process killed (SIGTERM)
Image              PC                Routine            Line        Source             
libc.so.6          00007F94BEC43980  Unknown               Unknown  Unknown
libc.so.6          00007F94BED001E7  __sched_yield         Unknown  Unknown
libmpi_intel.so.1  00007F94C09473F8  Unknown               Unknown  Unknown
libmpi_intel.so.1  00007F94C1531666  Unknown               Unknown  Unknown
libmpi_intel.so.1  00007F94C1535B3F  Unknown               Unknown  Unknown
libmpi_intel.so.1  00007F94C16C1995  Unknown               Unknown  Unknown
libmpi_intel.so.1  00007F94C16C28CF  Unknown               Unknown  Unknown
libmpi_intel.so.1  00007F94C145D682  Unknown               Unknown  Unknown
libmpi_intel.so.1  00007F94BFD82086  Unknown               Unknown  Unknown
libmpi_intel.so.1  00007F94BFD82141  Unknown               Unknown  Unknown
libmpi_intel.so.1  00007F94C16BC223  Unknown               Unknown  Unknown
libmpi_intel.so.1  00007F94C155DFD4  Unknown               Unknown  Unknown
libmpi_intel.so.1  00007F94C155BFFE  Unknown               Unknown  Unknown
libmpi_intel.so.1  00007F94BFFD7011  Unknown               Unknown  Unknown
libmpi_intel.so.1  00007F94C15608BF  Unknown               Unknown  Unknown
libmpi_intel.so.1  00007F94C16C2925  Unknown               Unknown  Unknown
libmpi_intel.so.1  00007F94BFEBA36D  MPI_Bcast             Unknown  Unknown
esmx_app           00000000004A462E  Unknown               Unknown  Unknown
esmx_app           00000000004A074E  Unknown               Unknown  Unknown
libesmf.so         00007F94C303DC0D  _ZN5ESMCI11PIO_Ha     Unknown  Unknown
libesmf.so         00007F94C2E7D4E9  _ZN5ESMCI10IO_Han     Unknown  Unknown
libesmf.so         00007F94C2E83CE4  _ZN5ESMCI2IO4open     Unknown  Unknown
libesmf.so         00007F94C2E856BE  _ZN5ESMCI2IO5writ     Unknown  Unknown
libesmf.so         00007F94C2E7AF31  c_esmc_iowrite_       Unknown  Unknown
libesmf.so         00007F94C3595D3F  esmf_iomod_mp_esm     Unknown  Unknown
libesmf.so         00007F94C3449F0B  esmf_fieldwrmod_m     Unknown  Unknown
libesmf.so         00007F94C386BDBB  nuopc_auxiliary_m     Unknown  Unknown
libesmf.so         00007F94C386C723  nuopc_auxiliary_m     Unknown  Unknown
esmx_app           0000000000457682  datainitialize           1845  ESMX_Data.F90
libesmf.so         00007F94C300E307  _ZN5ESMCI11Method     Unknown  Unknown
libesmf.so         00007F94C300E9C8  c_esmc_methodtabl     Unknown  Unknown
libesmf.so         00007F94C3199540  esmf_attachmethod     Unknown  Unknown
libesmf.so         00007F94C397FB14  nuopc_modelbase_m     Unknown  Unknown
libesmf.so         00007F94C2DD150F  _ZN5ESMCI6FTable1     Unknown  Unknown
libesmf.so         00007F94C2DD0F5C  ESMCI_FTableCallE     Unknown  Unknown
libesmf.so         00007F94C30D5826  _ZN5ESMCI3VMK5ent     Unknown  Unknown
libesmf.so         00007F94C30E7294  _ZN5ESMCI2VM5ente     Unknown  Unknown
libesmf.so         00007F94C2DD1BE6  c_esmc_ftablecall     Unknown  Unknown
libesmf.so         00007F94C32B6DC8  esmf_compmod_mp_e     Unknown  Unknown
libesmf.so         00007F94C34812D9  esmf_gridcompmod_     Unknown  Unknown
libesmf.so         00007F94C39372E7  nuopc_driver_mp_l     Unknown  Unknown
libesmf.so         00007F94C39354BA  nuopc_driver_mp_i     Unknown  Unknown
libesmf.so         00007F94C39335D7  nuopc_driver_mp_i     Unknown  Unknown
libesmf.so         00007F94C391FCA4  nuopc_driver_mp_i     Unknown  Unknown
libesmf.so         00007F94C2DD150F  _ZN5ESMCI6FTable1     Unknown  Unknown
libesmf.so         00007F94C2DD0F5C  ESMCI_FTableCallE     Unknown  Unknown
libesmf.so         00007F94C30D5826  _ZN5ESMCI3VMK5ent     Unknown  Unknown
libesmf.so         00007F94C30E7294  _ZN5ESMCI2VM5ente     Unknown  Unknown
libesmf.so         00007F94C2DD1BE6  c_esmc_ftablecall     Unknown  Unknown
libesmf.so         00007F94C32B6DC8  esmf_compmod_mp_e     Unknown  Unknown
libesmf.so         00007F94C34812D9  esmf_gridcompmod_     Unknown  Unknown
esmx_app           00000000004221BE  esmx_app                  388  ESMX_App.F90
esmx_app           000000000041AF2D  Unknown               Unknown  Unknown
libc.so.6          00007F94BEC2CEEC  Unknown               Unknown  Unknown
libc.so.6          00007F94BEC2CFB5  __libc_start_main     Unknown  Unknown
esmx_app           000000000041AE31  Unknown               Unknown  Unknown
forrtl: error (78): process killed (SIGTERM)
Image              PC                Routine            Line        Source             
libc.so.6          00007FB68B643980  Unknown               Unknown  Unknown
libc.so.6          00007FB68B7001E7  __sched_yield         Unknown  Unknown
libmpi_intel.so.1  00007FB68D3003F8  Unknown               Unknown  Unknown
libmpi_intel.so.1  00007FB68DEEA666  Unknown               Unknown  Unknown
libmpi_intel.so.1  00007FB68DEEEB3F  Unknown               Unknown  Unknown
libmpi_intel.so.1  00007FB68E07A995  Unknown               Unknown  Unknown
libmpi_intel.so.1  00007FB68E07B8CF  Unknown               Unknown  Unknown
libmpi_intel.so.1  00007FB68DE16682  Unknown               Unknown  Unknown
libmpi_intel.so.1  00007FB68C73B086  Unknown               Unknown  Unknown
libmpi_intel.so.1  00007FB68C73B141  Unknown               Unknown  Unknown
libmpi_intel.so.1  00007FB68E075223  Unknown               Unknown  Unknown
libmpi_intel.so.1  00007FB68DF16FD4  Unknown               Unknown  Unknown
libmpi_intel.so.1  00007FB68DF14FFE  Unknown               Unknown  Unknown
libmpi_intel.so.1  00007FB68C990011  Unknown               Unknown  Unknown
libmpi_intel.so.1  00007FB68DF198BF  Unknown               Unknown  Unknown
libmpi_intel.so.1  00007FB68E07B925  Unknown               Unknown  Unknown
libmpi_intel.so.1  00007FB68C87336D  MPI_Bcast             Unknown  Unknown
esmx_app           00000000004A462E  Unknown               Unknown  Unknown
esmx_app           00000000004A074E  Unknown               Unknown  Unknown
libesmf.so         00007FB68F9F6C0D  _ZN5ESMCI11PIO_Ha     Unknown  Unknown
libesmf.so         00007FB68F8364E9  _ZN5ESMCI10IO_Han     Unknown  Unknown
libesmf.so         00007FB68F83CCE4  _ZN5ESMCI2IO4open     Unknown  Unknown
libesmf.so         00007FB68F83E6BE  _ZN5ESMCI2IO5writ     Unknown  Unknown
libesmf.so         00007FB68F833F31  c_esmc_iowrite_       Unknown  Unknown
libesmf.so         00007FB68FF4ED3F  esmf_iomod_mp_esm     Unknown  Unknown
libesmf.so         00007FB68FE02F0B  esmf_fieldwrmod_m     Unknown  Unknown
libesmf.so         00007FB690224DBB  nuopc_auxiliary_m     Unknown  Unknown
libesmf.so         00007FB690225723  nuopc_auxiliary_m     Unknown  Unknown
esmx_app           0000000000457682  datainitialize           1845  ESMX_Data.F90
libesmf.so         00007FB68F9C7307  _ZN5ESMCI11Method     Unknown  Unknown
libesmf.so         00007FB68F9C79C8  c_esmc_methodtabl     Unknown  Unknown
libesmf.so         00007FB68FB52540  esmf_attachmethod     Unknown  Unknown
libesmf.so         00007FB690338B14  nuopc_modelbase_m     Unknown  Unknown
libesmf.so         00007FB68F78A50F  _ZN5ESMCI6FTable1     Unknown  Unknown
libesmf.so         00007FB68F789F5C  ESMCI_FTableCallE     Unknown  Unknown
libesmf.so         00007FB68FA8E826  _ZN5ESMCI3VMK5ent     Unknown  Unknown
libesmf.so         00007FB68FAA0294  _ZN5ESMCI2VM5ente     Unknown  Unknown
libesmf.so         00007FB68F78ABE6  c_esmc_ftablecall     Unknown  Unknown
libesmf.so         00007FB68FC6FDC8  esmf_compmod_mp_e     Unknown  Unknown
libesmf.so         00007FB68FE3A2D9  esmf_gridcompmod_     Unknown  Unknown
libesmf.so         00007FB6902F02E7  nuopc_driver_mp_l     Unknown  Unknown
libesmf.so         00007FB6902EE4BA  nuopc_driver_mp_i     Unknown  Unknown
libesmf.so         00007FB6902EC5D7  nuopc_driver_mp_i     Unknown  Unknown
libesmf.so         00007FB6902D8CA4  nuopc_driver_mp_i     Unknown  Unknown
libesmf.so         00007FB68F78A50F  _ZN5ESMCI6FTable1     Unknown  Unknown
libesmf.so         00007FB68F789F5C  ESMCI_FTableCallE     Unknown  Unknown
libesmf.so         00007FB68FA8E826  _ZN5ESMCI3VMK5ent     Unknown  Unknown
forrtl: error (78): process killed (SIGTERM)
Image              PC                Routine            Line        Source             
libc.so.6          00007F91AAE43980  Unknown               Unknown  Unknown
libc.so.6          00007F91AAF001E7  __sched_yield         Unknown  Unknown
libmpi_intel.so.1  00007F91AC98C3F8  Unknown               Unknown  Unknown
libmpi_intel.so.1  00007F91AD576666  Unknown               Unknown  Unknown
libmpi_intel.so.1  00007F91AD57AB3F  Unknown               Unknown  Unknown
libmpi_intel.so.1  00007F91AD706995  Unknown               Unknown  Unknown
libmpi_intel.so.1  00007F91AD7078CF  Unknown               Unknown  Unknown
libmpi_intel.so.1  00007F91AD4A2682  Unknown               Unknown  Unknown
libmpi_intel.so.1  00007F91ABDC7086  Unknown               Unknown  Unknown
libmpi_intel.so.1  00007F91ABDC7141  Unknown               Unknown  Unknown
libmpi_intel.so.1  00007F91AD701223  Unknown               Unknown  Unknown
libmpi_intel.so.1  00007F91AD5A2FD4  Unknown               Unknown  Unknown
libmpi_intel.so.1  00007F91AD5A0FFE  Unknown               Unknown  Unknown
libmpi_intel.so.1  00007F91AC01C011  Unknown               Unknown  Unknown
libmpi_intel.so.1  00007F91AD5A58BF  Unknown               Unknown  Unknown
libmpi_intel.so.1  00007F91AD707925  Unknown               Unknown  Unknown
libmpi_intel.so.1  00007F91ABEFF36D  MPI_Bcast             Unknown  Unknown
esmx_app           00000000004A462E  Unknown               Unknown  Unknown
esmx_app           00000000004A074E  Unknown               Unknown  Unknown
libesmf.so         00007F91AF082C0D  _ZN5ESMCI11PIO_Ha     Unknown  Unknown
libesmf.so         00007F91AEEC24E9  _ZN5ESMCI10IO_Han     Unknown  Unknown
libesmf.so         00007F91AEEC8CE4  _ZN5ESMCI2IO4open     Unknown  Unknown
libesmf.so         00007F91AEECA6BE  _ZN5ESMCI2IO5writ     Unknown  Unknown
libesmf.so         00007F91AEEBFF31  c_esmc_iowrite_       Unknown  Unknown
libesmf.so         00007F91AF5DAD3F  esmf_iomod_mp_esm     Unknown  Unknown
libesmf.so         00007F91AF48EF0B  esmf_fieldwrmod_m     Unknown  Unknown
libesmf.so         00007F91AF8B0DBB  nuopc_auxiliary_m     Unknown  Unknown
libesmf.so         00007F91AF8B1723  nuopc_auxiliary_m     Unknown  Unknown
esmx_app           0000000000457682  datainitialize           1845  ESMX_Data.F90
libesmf.so         00007F91AF053307  _ZN5ESMCI11Method     Unknown  Unknown
libesmf.so         00007F91AF0539C8  c_esmc_methodtabl     Unknown  Unknown
libesmf.so         00007F91AF1DE540  esmf_attachmethod     Unknown  Unknown
libesmf.so         00007F91AF9C4B14  nuopc_modelbase_m     Unknown  Unknown
libesmf.so         00007F91AEE1650F  _ZN5ESMCI6FTable1     Unknown  Unknown
libesmf.so         00007F91AEE15F5C  ESMCI_FTableCallE     Unknown  Unknown
libesmf.so         00007F91AF11A826  _ZN5ESMCI3VMK5ent     Unknown  Unknown
libesmf.so         00007F91AF12C294  _ZN5ESMCI2VM5ente     Unknown  Unknown
libesmf.so         00007F91AEE16BE6  c_esmc_ftablecall     Unknown  Unknown
libesmf.so         00007F91AF2FBDC8  esmf_compmod_mp_e     Unknown  Unknown
libesmf.so         00007F91AF4C62D9  esmf_gridcompmod_     Unknown  Unknown
libesmf.so         00007F91AF97C2E7  nuopc_driver_mp_l     Unknown  Unknown
libesmf.so         00007F91AF97A4BA  nuopc_driver_mp_i     Unknown  Unknown
libesmf.so         00007F91AF9785D7  nuopc_driver_mp_i     Unknown  Unknown
libesmf.so         00007F91AF964CA4  nuopc_driver_mp_i     Unknown  Unknown
libesmf.so         00007F91AEE1650F  _ZN5ESMCI6FTable1     Unknown  Unknown
libesmf.so         00007F91AEE15F5C  ESMCI_FTableCallE     Unknown  Unknown
libesmf.so         00007F91AF11A826  _ZN5ESMCI3VMK5ent     Unknown  Unknown
libesmf.so         00007F91AF12C294  _ZN5ESMCI2VM5ente     Unknown  Unknown
libesmf.so         00007F91AEE16BE6  c_esmc_ftablecall     Unknown  Unknown
libesmf.so         00007F91AF2FBDC8  esmf_compmod_mp_e     Unknown  Unknown
libesmf.so         00007F91AF4C62D9  esmf_gridcompmod_     Unknown  Unknown
esmx_app           00000000004221BE  esmx_app                  388  ESMX_App.F90
libesmf.so         00007FB68FAA0294  _ZN5ESMCI2VM5ente     Unknown  Unknown
libesmf.so         00007FB68F78ABE6  c_esmc_ftablecall     Unknown  Unknown
libesmf.so         00007FB68FC6FDC8  esmf_compmod_mp_e     Unknown  Unknown
libesmf.so         00007FB68FE3A2D9  esmf_gridcompmod_     Unknown  Unknown
esmx_app           00000000004221BE  esmx_app                  388  ESMX_App.F90
esmx_app           000000000041AF2D  Unknown               Unknown  Unknown
libc.so.6          00007FB68B62CEEC  Unknown               Unknown  Unknown
libc.so.6          00007FB68B62CFB5  __libc_start_main     Unknown  Unknown
esmx_app           000000000041AE31  Unknown               Unknown  Unknown
esmx_app           000000000041AF2D  Unknown               Unknown  Unknown
libc.so.6          00007F91AAE2CEEC  Unknown               Unknown  Unknown
libc.so.6          00007F91AAE2CFB5  __libc_start_main     Unknown  Unknown
esmx_app           000000000041AE31  Unknown               Unknown  Unknown
srun: error: c6n0004: tasks 1-3: Exited with exit code 1
