2026-09-10 03:46:26
forrtl: error (65): floating invalid
Image              PC                Routine            Line        Source             
libc.so.6          00007F90B1043980  Unknown               Unknown  Unknown
libhdf5_intel.so.  00007F90AF5C4A15  H5T__init_native_     Unknown  Unknown
libhdf5_intel.so.  00007F90AF4F6A26  H5T_init              Unknown  Unknown
libhdf5_intel.so.  00007F90AF5E2519  H5VL_init_phase2      Unknown  Unknown
libhdf5_intel.so.  00007F90AF2DCDD5  H5_init_library       Unknown  Unknown
libhdf5_intel.so.  00007F90AF37A12C  H5Eset_auto2          Unknown  Unknown
libnetcdf_intel.s  00007F90B476769C  nc4_hdf5_initiali     Unknown  Unknown
libnetcdf_intel.s  00007F90B47720A7  NC_HDF5_initializ     Unknown  Unknown
libnetcdf_intel.s  00007F90B46F2C54  nc_initialize         Unknown  Unknown
libnetcdf_intel.s  00007F90B46F5A4F  NC_create             Unknown  Unknown
libnetcdf_intel.s  00007F90B46F58F6  nc_create             Unknown  Unknown
esmx_app           00000000004A460E  Unknown               Unknown  Unknown
esmx_app           00000000004A074E  Unknown               Unknown  Unknown
libesmf.so         00007F90B5316C0D  _ZN5ESMCI11PIO_Ha     Unknown  Unknown
libesmf.so         00007F90B51564E9  _ZN5ESMCI10IO_Han     Unknown  Unknown
libesmf.so         00007F90B515CCE4  _ZN5ESMCI2IO4open     Unknown  Unknown
libesmf.so         00007F90B515E6BE  _ZN5ESMCI2IO5writ     Unknown  Unknown
libesmf.so         00007F90B5153F31  c_esmc_iowrite_       Unknown  Unknown
libesmf.so         00007F90B586ED3F  esmf_iomod_mp_esm     Unknown  Unknown
libesmf.so         00007F90B5722F0B  esmf_fieldwrmod_m     Unknown  Unknown
libesmf.so         00007F90B5B44DBB  nuopc_auxiliary_m     Unknown  Unknown
libesmf.so         00007F90B5B45723  nuopc_auxiliary_m     Unknown  Unknown
esmx_app           0000000000457682  datainitialize           1845  ESMX_Data.F90
libesmf.so         00007F90B52E7307  _ZN5ESMCI11Method     Unknown  Unknown
libesmf.so         00007F90B52E79C8  c_esmc_methodtabl     Unknown  Unknown
libesmf.so         00007F90B5472540  esmf_attachmethod     Unknown  Unknown
libesmf.so         00007F90B5C58B14  nuopc_modelbase_m     Unknown  Unknown
libesmf.so         00007F90B50AA50F  _ZN5ESMCI6FTable1     Unknown  Unknown
libesmf.so         00007F90B50A9F5C  ESMCI_FTableCallE     Unknown  Unknown
libesmf.so         00007F90B53AE826  _ZN5ESMCI3VMK5ent     Unknown  Unknown
libesmf.so         00007F90B53C0294  _ZN5ESMCI2VM5ente     Unknown  Unknown
libesmf.so         00007F90B50AABE6  c_esmc_ftablecall     Unknown  Unknown
libesmf.so         00007F90B558FDC8  esmf_compmod_mp_e     Unknown  Unknown
libesmf.so         00007F90B575A2D9  esmf_gridcompmod_     Unknown  Unknown
libesmf.so         00007F90B5C102E7  nuopc_driver_mp_l     Unknown  Unknown
libesmf.so         00007F90B5C0E4BA  nuopc_driver_mp_i     Unknown  Unknown
libesmf.so         00007F90B5C0C5D7  nuopc_driver_mp_i     Unknown  Unknown
libesmf.so         00007F90B5BF8CA4  nuopc_driver_mp_i     Unknown  Unknown
libesmf.so         00007F90B50AA50F  _ZN5ESMCI6FTable1     Unknown  Unknown
libesmf.so         00007F90B50A9F5C  ESMCI_FTableCallE     Unknown  Unknown
libesmf.so         00007F90B53AE826  _ZN5ESMCI3VMK5ent     Unknown  Unknown
libesmf.so         00007F90B53C0294  _ZN5ESMCI2VM5ente     Unknown  Unknown
libesmf.so         00007F90B50AABE6  c_esmc_ftablecall     Unknown  Unknown
libesmf.so         00007F90B558FDC8  esmf_compmod_mp_e     Unknown  Unknown
libesmf.so         00007F90B575A2D9  esmf_gridcompmod_     Unknown  Unknown
esmx_app           00000000004221BE  esmx_app                  388  ESMX_App.F90
esmx_app           000000000041AF2D  Unknown               Unknown  Unknown
libc.so.6          00007F90B102CEEC  Unknown               Unknown  Unknown
libc.so.6          00007F90B102CFB5  __libc_start_main     Unknown  Unknown
esmx_app           000000000041AE31  Unknown               Unknown  Unknown
srun: error: c6n0004: task 0: Aborted
srun: Terminating StepId=221019353.409
[2026-09-10T04:05:51.520] error: *** STEP 221019353.409 ON c6n0004 CANCELLED AT 2026-09-10T04:05:51 DUE TO TASK FAILURE ***
forrtl: error (78): process killed (SIGTERM)
Image              PC                Routine            Line        Source             
libc.so.6          00007F4914443980  Unknown               Unknown  Unknown
libc.so.6          00007F49145001E7  __sched_yield         Unknown  Unknown
libmpi_intel.so.1  00007F49160243F8  Unknown               Unknown  Unknown
libmpi_intel.so.1  00007F4916C0E666  Unknown               Unknown  Unknown
libmpi_intel.so.1  00007F4916C12B3F  Unknown               Unknown  Unknown
libmpi_intel.so.1  00007F4916D9E995  Unknown               Unknown  Unknown
libmpi_intel.so.1  00007F4916D9F8CF  Unknown               Unknown  Unknown
libmpi_intel.so.1  00007F4916B3A682  Unknown               Unknown  Unknown
libmpi_intel.so.1  00007F491545F086  Unknown               Unknown  Unknown
libmpi_intel.so.1  00007F491545F141  Unknown               Unknown  Unknown
libmpi_intel.so.1  00007F4916D99223  Unknown               Unknown  Unknown
libmpi_intel.so.1  00007F4916C3AFD4  Unknown               Unknown  Unknown
libmpi_intel.so.1  00007F4916C38FFE  Unknown               Unknown  Unknown
libmpi_intel.so.1  00007F49156B4011  Unknown               Unknown  Unknown
libmpi_intel.so.1  00007F4916C3D8BF  Unknown               Unknown  Unknown
libmpi_intel.so.1  00007F4916D9F925  Unknown               Unknown  Unknown
libmpi_intel.so.1  00007F491559736D  MPI_Bcast             Unknown  Unknown
esmx_app           00000000004A462E  Unknown               Unknown  Unknown
esmx_app           00000000004A074E  Unknown               Unknown  Unknown
libesmf.so         00007F491871AC0D  _ZN5ESMCI11PIO_Ha     Unknown  Unknown
libesmf.so         00007F491855A4E9  _ZN5ESMCI10IO_Han     Unknown  Unknown
libesmf.so         00007F4918560CE4  _ZN5ESMCI2IO4open     Unknown  Unknown
libesmf.so         00007F49185626BE  _ZN5ESMCI2IO5writ     Unknown  Unknown
libesmf.so         00007F4918557F31  c_esmc_iowrite_       Unknown  Unknown
libesmf.so         00007F4918C72D3F  esmf_iomod_mp_esm     Unknown  Unknown
libesmf.so         00007F4918B26F0B  esmf_fieldwrmod_m     Unknown  Unknown
libesmf.so         00007F4918F48DBB  nuopc_auxiliary_m     Unknown  Unknown
libesmf.so         00007F4918F49723  nuopc_auxiliary_m     Unknown  Unknown
esmx_app           0000000000457682  datainitialize           1845  ESMX_Data.F90
libesmf.so         00007F49186EB307  _ZN5ESMCI11Method     Unknown  Unknown
libesmf.so         00007F49186EB9C8  c_esmc_methodtabl     Unknown  Unknown
libesmf.so         00007F4918876540  esmf_attachmethod     Unknown  Unknown
libesmf.so         00007F491905CB14  nuopc_modelbase_m     Unknown  Unknown
libesmf.so         00007F49184AE50F  _ZN5ESMCI6FTable1     Unknown  Unknown
libesmf.so         00007F49184ADF5C  ESMCI_FTableCallE     Unknown  Unknown
libesmf.so         00007F49187B2826  _ZN5ESMCI3VMK5ent     Unknown  Unknown
libesmf.so         00007F49187C4294  _ZN5ESMCI2VM5ente     Unknown  Unknown
libesmf.so         00007F49184AEBE6  c_esmc_ftablecall     Unknown  Unknown
libesmf.so         00007F4918993DC8  esmf_compmod_mp_e     Unknown  Unknown
libesmf.so         00007F4918B5E2D9  esmf_gridcompmod_     Unknown  Unknown
libesmf.so         00007F49190142E7  nuopc_driver_mp_l     Unknown  Unknown
libesmf.so         00007F49190124BA  nuopc_driver_mp_i     Unknown  Unknown
libesmf.so         00007F49190105D7  nuopc_driver_mp_i     Unknown  Unknown
libesmf.so         00007F4918FFCCA4  nuopc_driver_mp_i     Unknown  Unknown
libesmf.so         00007F49184AE50F  _ZN5ESMCI6FTable1     Unknown  Unknown
libesmf.so         00007F49184ADF5C  ESMCI_FTableCallE     Unknown  Unknown
libesmf.so         00007F49187B2826  _ZN5ESMCI3VMK5ent     Unknown  Unknown
libesmf.so         00007F49187C4294  _ZN5ESMCI2VM5ente     Unknown  Unknown
libesmf.so         00007F49184AEBE6  c_esmc_ftablecall     Unknown  Unknown
libesmf.so         00007F4918993DC8  esmf_compmod_mp_e     Unknown  Unknown
libesmf.so         00007F4918B5E2D9  esmf_gridcompmod_     Unknown  Unknown
esmx_app           00000000004221BE  esmx_app                  388  ESMX_App.F90
esmx_app           000000000041AF2D  Unknown               Unknown  Unknown
libc.so.6          00007F491442CEEC  Unknown               Unknown  Unknown
libc.so.6          00007F491442CFB5  __libc_start_main     Unknown  Unknown
esmx_app           000000000041AE31  Unknown               Unknown  Unknown
forrtl: error (78): process killed (SIGTERM)
Image              PC                Routine            Line        Source             
libc.so.6          00007F85C1E43980  Unknown               Unknown  Unknown
libc.so.6          00007F85C1F001E7  __sched_yield         Unknown  Unknown
libmpi_intel.so.1  00007F85C3A5E3F8  Unknown               Unknown  Unknown
libmpi_intel.so.1  00007F85C4648666  Unknown               Unknown  Unknown
libmpi_intel.so.1  00007F85C464CB3F  Unknown               Unknown  Unknown
libmpi_intel.so.1  00007F85C47D8995  Unknown               Unknown  Unknown
libmpi_intel.so.1  00007F85C47D98CF  Unknown               Unknown  Unknown
libmpi_intel.so.1  00007F85C4574682  Unknown               Unknown  Unknown
libmpi_intel.so.1  00007F85C2E99086  Unknown               Unknown  Unknown
libmpi_intel.so.1  00007F85C2E99141  Unknown               Unknown  Unknown
libmpi_intel.so.1  00007F85C47D3223  Unknown               Unknown  Unknown
libmpi_intel.so.1  00007F85C4674FD4  Unknown               Unknown  Unknown
libmpi_intel.so.1  00007F85C4672FFE  Unknown               Unknown  Unknown
libmpi_intel.so.1  00007F85C30EE011  Unknown               Unknown  Unknown
libmpi_intel.so.1  00007F85C46778BF  Unknown               Unknown  Unknown
libmpi_intel.so.1  00007F85C47D9925  Unknown               Unknown  Unknown
libmpi_intel.so.1  00007F85C2FD136D  MPI_Bcast             Unknown  Unknown
esmx_app           00000000004A462E  Unknown               Unknown  Unknown
esmx_app           00000000004A074E  Unknown               Unknown  Unknown
libesmf.so         00007F85C6154C0D  _ZN5ESMCI11PIO_Ha     Unknown  Unknown
libesmf.so         00007F85C5F944E9  _ZN5ESMCI10IO_Han     Unknown  Unknown
libesmf.so         00007F85C5F9ACE4  _ZN5ESMCI2IO4open     Unknown  Unknown
libesmf.so         00007F85C5F9C6BE  _ZN5ESMCI2IO5writ     Unknown  Unknown
libesmf.so         00007F85C5F91F31  c_esmc_iowrite_       Unknown  Unknown
libesmf.so         00007F85C66ACD3F  esmf_iomod_mp_esm     Unknown  Unknown
libesmf.so         00007F85C6560F0B  esmf_fieldwrmod_m     Unknown  Unknown
libesmf.so         00007F85C6982DBB  nuopc_auxiliary_m     Unknown  Unknown
libesmf.so         00007F85C6983723  nuopc_auxiliary_m     Unknown  Unknown
esmx_app           0000000000457682  datainitialize           1845  ESMX_Data.F90
libesmf.so         00007F85C6125307  _ZN5ESMCI11Method     Unknown  Unknown
libesmf.so         00007F85C61259C8  c_esmc_methodtabl     Unknown  Unknown
libesmf.so         00007F85C62B0540  esmf_attachmethod     Unknown  Unknown
libesmf.so         00007F85C6A96B14  nuopc_modelbase_m     Unknown  Unknown
libesmf.so         00007F85C5EE850F  _ZN5ESMCI6FTable1     Unknown  Unknown
libesmf.so         00007F85C5EE7F5C  ESMCI_FTableCallE     Unknown  Unknown
libesmf.so         00007F85C61EC826  _ZN5ESMCI3VMK5ent     Unknown  Unknown
libesmf.so         00007F85C61FE294  _ZN5ESMCI2VM5ente     Unknown  Unknown
libesmf.so         00007F85C5EE8BE6  c_esmc_ftablecall     Unknown  Unknown
libesmf.so         00007F85C63CDDC8  esmf_compmod_mp_e     Unknown  Unknown
libesmf.so         00007F85C65982D9  esmf_gridcompmod_     Unknown  Unknown
libesmf.so         00007F85C6A4E2E7  nuopc_driver_mp_l     Unknown  Unknown
libesmf.so         00007F85C6A4C4BA  nuopc_driver_mp_i     Unknown  Unknown
libesmf.so         00007F85C6A4A5D7  nuopc_driver_mp_i     Unknown  Unknown
libesmf.so         00007F85C6A36CA4  nuopc_driver_mp_i     Unknown  Unknown
libesmf.so         00007F85C5EE850F  _ZN5ESMCI6FTable1     Unknown  Unknown
libesmf.so         00007F85C5EE7F5C  ESMCI_FTableCallE     Unknown  Unknown
libesmf.so         00007F85C61EC826  _ZN5ESMCI3VMK5ent     Unknown  Unknown
libesmf.so         00007F85C61FE294  _ZN5ESMCI2VM5ente     Unknown  Unknown
libesmf.so         00007F85C5EE8BE6  c_esmc_ftablecall     Unknown  Unknown
libesmf.so         00007F85C63CDDC8  esmf_compmod_mp_e     Unknown  Unknown
libesmf.so         00007F85C65982D9  esmf_gridcompmod_     Unknown  Unknown
esmx_app           00000000004221BE  esmx_app                  388  ESMX_App.F90
forrtl: error (78): process killed (SIGTERM)
Image              PC                Routine            Line        Source             
libc.so.6          00007F85DA043980  Unknown               Unknown  Unknown
libc.so.6          00007F85DA1001E7  __sched_yield         Unknown  Unknown
libmpi_intel.so.1  00007F85DBBCA3F8  Unknown               Unknown  Unknown
libmpi_intel.so.1  00007F85DC7B4666  Unknown               Unknown  Unknown
libmpi_intel.so.1  00007F85DC7B8B3F  Unknown               Unknown  Unknown
libmpi_intel.so.1  00007F85DC944995  Unknown               Unknown  Unknown
libmpi_intel.so.1  00007F85DC9458CF  Unknown               Unknown  Unknown
libmpi_intel.so.1  00007F85DC6E0682  Unknown               Unknown  Unknown
libmpi_intel.so.1  00007F85DB005086  Unknown               Unknown  Unknown
libmpi_intel.so.1  00007F85DB005141  Unknown               Unknown  Unknown
libmpi_intel.so.1  00007F85DC93F223  Unknown               Unknown  Unknown
libmpi_intel.so.1  00007F85DC7E0FD4  Unknown               Unknown  Unknown
libmpi_intel.so.1  00007F85DC7DEFFE  Unknown               Unknown  Unknown
libmpi_intel.so.1  00007F85DB25A011  Unknown               Unknown  Unknown
libmpi_intel.so.1  00007F85DC7E38BF  Unknown               Unknown  Unknown
libmpi_intel.so.1  00007F85DC945925  Unknown               Unknown  Unknown
libmpi_intel.so.1  00007F85DB13D36D  MPI_Bcast             Unknown  Unknown
esmx_app           00000000004A462E  Unknown               Unknown  Unknown
esmx_app           00000000004A074E  Unknown               Unknown  Unknown
libesmf.so         00007F85DE2C0C0D  _ZN5ESMCI11PIO_Ha     Unknown  Unknown
libesmf.so         00007F85DE1004E9  _ZN5ESMCI10IO_Han     Unknown  Unknown
libesmf.so         00007F85DE106CE4  _ZN5ESMCI2IO4open     Unknown  Unknown
libesmf.so         00007F85DE1086BE  _ZN5ESMCI2IO5writ     Unknown  Unknown
libesmf.so         00007F85DE0FDF31  c_esmc_iowrite_       Unknown  Unknown
libesmf.so         00007F85DE818D3F  esmf_iomod_mp_esm     Unknown  Unknown
libesmf.so         00007F85DE6CCF0B  esmf_fieldwrmod_m     Unknown  Unknown
libesmf.so         00007F85DEAEEDBB  nuopc_auxiliary_m     Unknown  Unknown
libesmf.so         00007F85DEAEF723  nuopc_auxiliary_m     Unknown  Unknown
esmx_app           0000000000457682  datainitialize           1845  ESMX_Data.F90
libesmf.so         00007F85DE291307  _ZN5ESMCI11Method     Unknown  Unknown
libesmf.so         00007F85DE2919C8  c_esmc_methodtabl     Unknown  Unknown
libesmf.so         00007F85DE41C540  esmf_attachmethod     Unknown  Unknown
libesmf.so         00007F85DEC02B14  nuopc_modelbase_m     Unknown  Unknown
libesmf.so         00007F85DE05450F  _ZN5ESMCI6FTable1     Unknown  Unknown
libesmf.so         00007F85DE053F5C  ESMCI_FTableCallE     Unknown  Unknown
libesmf.so         00007F85DE358826  _ZN5ESMCI3VMK5ent     Unknown  Unknown
libesmf.so         00007F85DE36A294  _ZN5ESMCI2VM5ente     Unknown  Unknown
libesmf.so         00007F85DE054BE6  c_esmc_ftablecall     Unknown  Unknown
libesmf.so         00007F85DE539DC8  esmf_compmod_mp_e     Unknown  Unknown
libesmf.so         00007F85DE7042D9  esmf_gridcompmod_     Unknown  Unknown
libesmf.so         00007F85DEBBA2E7  nuopc_driver_mp_l     Unknown  Unknown
esmx_app           000000000041AF2D  Unknown               Unknown  Unknown
libc.so.6          00007F85C1E2CEEC  Unknown               Unknown  Unknown
libc.so.6          00007F85C1E2CFB5  __libc_start_main     Unknown  Unknown
esmx_app           000000000041AE31  Unknown               Unknown  Unknown
libesmf.so         00007F85DEBB84BA  nuopc_driver_mp_i     Unknown  Unknown
libesmf.so         00007F85DEBB65D7  nuopc_driver_mp_i     Unknown  Unknown
libesmf.so         00007F85DEBA2CA4  nuopc_driver_mp_i     Unknown  Unknown
libesmf.so         00007F85DE05450F  _ZN5ESMCI6FTable1     Unknown  Unknown
libesmf.so         00007F85DE053F5C  ESMCI_FTableCallE     Unknown  Unknown
libesmf.so         00007F85DE358826  _ZN5ESMCI3VMK5ent     Unknown  Unknown
libesmf.so         00007F85DE36A294  _ZN5ESMCI2VM5ente     Unknown  Unknown
libesmf.so         00007F85DE054BE6  c_esmc_ftablecall     Unknown  Unknown
libesmf.so         00007F85DE539DC8  esmf_compmod_mp_e     Unknown  Unknown
libesmf.so         00007F85DE7042D9  esmf_gridcompmod_     Unknown  Unknown
esmx_app           00000000004221BE  esmx_app                  388  ESMX_App.F90
esmx_app           000000000041AF2D  Unknown               Unknown  Unknown
libc.so.6          00007F85DA02CEEC  Unknown               Unknown  Unknown
libc.so.6          00007F85DA02CFB5  __libc_start_main     Unknown  Unknown
esmx_app           000000000041AE31  Unknown               Unknown  Unknown
srun: error: c6n0004: tasks 1-3: Exited with exit code 1
