2026-09-10 03:46:26
forrtl: error (65): floating invalid
Image              PC                Routine            Line        Source             
libc.so.6          00007FEA52416980  Unknown               Unknown  Unknown
libhdf5_intel.so.  00007FEA50924A15  H5T__init_native_     Unknown  Unknown
libhdf5_intel.so.  00007FEA50856A26  H5T_init              Unknown  Unknown
libhdf5_intel.so.  00007FEA50942519  H5VL_init_phase2      Unknown  Unknown
libhdf5_intel.so.  00007FEA5063CDD5  H5_init_library       Unknown  Unknown
libhdf5_intel.so.  00007FEA506DA12C  H5Eset_auto2          Unknown  Unknown
libnetcdf_intel.s  00007FEA55AC469C  nc4_hdf5_initiali     Unknown  Unknown
libnetcdf_intel.s  00007FEA55ACF0A7  NC_HDF5_initializ     Unknown  Unknown
libnetcdf_intel.s  00007FEA55A4FC54  nc_initialize         Unknown  Unknown
libnetcdf_intel.s  00007FEA55A52A4F  NC_create             Unknown  Unknown
libnetcdf_intel.s  00007FEA55A528F6  nc_create             Unknown  Unknown
esmx_app           00000000004A460E  Unknown               Unknown  Unknown
esmx_app           00000000004A074E  Unknown               Unknown  Unknown
libesmf.so         00007FEA56673C0D  _ZN5ESMCI11PIO_Ha     Unknown  Unknown
libesmf.so         00007FEA564B34E9  _ZN5ESMCI10IO_Han     Unknown  Unknown
libesmf.so         00007FEA564B9CE4  _ZN5ESMCI2IO4open     Unknown  Unknown
libesmf.so         00007FEA564BB6BE  _ZN5ESMCI2IO5writ     Unknown  Unknown
libesmf.so         00007FEA564B0F31  c_esmc_iowrite_       Unknown  Unknown
libesmf.so         00007FEA56BCBD3F  esmf_iomod_mp_esm     Unknown  Unknown
libesmf.so         00007FEA56A7FF0B  esmf_fieldwrmod_m     Unknown  Unknown
libesmf.so         00007FEA56EA1DBB  nuopc_auxiliary_m     Unknown  Unknown
libesmf.so         00007FEA56EA2723  nuopc_auxiliary_m     Unknown  Unknown
esmx_app           0000000000457682  datainitialize           1845  ESMX_Data.F90
libesmf.so         00007FEA56644307  _ZN5ESMCI11Method     Unknown  Unknown
libesmf.so         00007FEA566449C8  c_esmc_methodtabl     Unknown  Unknown
libesmf.so         00007FEA567CF540  esmf_attachmethod     Unknown  Unknown
libesmf.so         00007FEA56FB5B14  nuopc_modelbase_m     Unknown  Unknown
libesmf.so         00007FEA5640750F  _ZN5ESMCI6FTable1     Unknown  Unknown
libesmf.so         00007FEA56406F5C  ESMCI_FTableCallE     Unknown  Unknown
libesmf.so         00007FEA5670B826  _ZN5ESMCI3VMK5ent     Unknown  Unknown
libesmf.so         00007FEA5671D294  _ZN5ESMCI2VM5ente     Unknown  Unknown
libesmf.so         00007FEA56407BE6  c_esmc_ftablecall     Unknown  Unknown
libesmf.so         00007FEA568ECDC8  esmf_compmod_mp_e     Unknown  Unknown
libesmf.so         00007FEA56AB72D9  esmf_gridcompmod_     Unknown  Unknown
libesmf.so         00007FEA56F6D2E7  nuopc_driver_mp_l     Unknown  Unknown
libesmf.so         00007FEA56F6B4BA  nuopc_driver_mp_i     Unknown  Unknown
libesmf.so         00007FEA56F695D7  nuopc_driver_mp_i     Unknown  Unknown
libesmf.so         00007FEA56F55CA4  nuopc_driver_mp_i     Unknown  Unknown
libesmf.so         00007FEA5640750F  _ZN5ESMCI6FTable1     Unknown  Unknown
libesmf.so         00007FEA56406F5C  ESMCI_FTableCallE     Unknown  Unknown
libesmf.so         00007FEA5670B826  _ZN5ESMCI3VMK5ent     Unknown  Unknown
libesmf.so         00007FEA5671D294  _ZN5ESMCI2VM5ente     Unknown  Unknown
libesmf.so         00007FEA56407BE6  c_esmc_ftablecall     Unknown  Unknown
libesmf.so         00007FEA568ECDC8  esmf_compmod_mp_e     Unknown  Unknown
libesmf.so         00007FEA56AB72D9  esmf_gridcompmod_     Unknown  Unknown
esmx_app           00000000004221BE  esmx_app                  388  ESMX_App.F90
esmx_app           000000000041AF2D  Unknown               Unknown  Unknown
libc.so.6          00007FEA523FFEEC  Unknown               Unknown  Unknown
libc.so.6          00007FEA523FFFB5  __libc_start_main     Unknown  Unknown
esmx_app           000000000041AE31  Unknown               Unknown  Unknown
srun: error: c6n0004: task 0: Aborted (core dumped)
srun: Terminating StepId=221019353.407
[2026-09-10T04:05:50.167] error: *** STEP 221019353.407 ON c6n0004 CANCELLED AT 2026-09-10T04:05:50 DUE TO TASK FAILURE ***
forrtl: error (78): process killed (SIGTERM)
Image              PC                Routine            Line        Source             
libc.so.6          00007FA323643980  Unknown               Unknown  Unknown
libc.so.6          00007FA3237001E7  __sched_yield         Unknown  Unknown
libmpi_intel.so.1  00007FA3252623F8  Unknown               Unknown  Unknown
libmpi_intel.so.1  00007FA325E4C666  Unknown               Unknown  Unknown
libmpi_intel.so.1  00007FA325E50B3F  Unknown               Unknown  Unknown
libmpi_intel.so.1  00007FA325FDC995  Unknown               Unknown  Unknown
libmpi_intel.so.1  00007FA325FDD8CF  Unknown               Unknown  Unknown
libmpi_intel.so.1  00007FA325D78682  Unknown               Unknown  Unknown
libmpi_intel.so.1  00007FA32469D086  Unknown               Unknown  Unknown
libmpi_intel.so.1  00007FA32469D141  Unknown               Unknown  Unknown
libmpi_intel.so.1  00007FA325FD7223  Unknown               Unknown  Unknown
libmpi_intel.so.1  00007FA325E78FD4  Unknown               Unknown  Unknown
libmpi_intel.so.1  00007FA325E76FFE  Unknown               Unknown  Unknown
libmpi_intel.so.1  00007FA3248F2011  Unknown               Unknown  Unknown
libmpi_intel.so.1  00007FA325E7B8BF  Unknown               Unknown  Unknown
libmpi_intel.so.1  00007FA325FDD925  Unknown               Unknown  Unknown
libmpi_intel.so.1  00007FA3247D536D  MPI_Bcast             Unknown  Unknown
esmx_app           00000000004A462E  Unknown               Unknown  Unknown
esmx_app           00000000004A074E  Unknown               Unknown  Unknown
libesmf.so         00007FA327958C0D  _ZN5ESMCI11PIO_Ha     Unknown  Unknown
libesmf.so         00007FA3277984E9  _ZN5ESMCI10IO_Han     Unknown  Unknown
libesmf.so         00007FA32779ECE4  _ZN5ESMCI2IO4open     Unknown  Unknown
libesmf.so         00007FA3277A06BE  _ZN5ESMCI2IO5writ     Unknown  Unknown
libesmf.so         00007FA327795F31  c_esmc_iowrite_       Unknown  Unknown
libesmf.so         00007FA327EB0D3F  esmf_iomod_mp_esm     Unknown  Unknown
libesmf.so         00007FA327D64F0B  esmf_fieldwrmod_m     Unknown  Unknown
libesmf.so         00007FA328186DBB  nuopc_auxiliary_m     Unknown  Unknown
libesmf.so         00007FA328187723  nuopc_auxiliary_m     Unknown  Unknown
esmx_app           0000000000457682  datainitialize           1845  ESMX_Data.F90
libesmf.so         00007FA327929307  _ZN5ESMCI11Method     Unknown  Unknown
libesmf.so         00007FA3279299C8  c_esmc_methodtabl     Unknown  Unknown
libesmf.so         00007FA327AB4540  esmf_attachmethod     Unknown  Unknown
libesmf.so         00007FA32829AB14  nuopc_modelbase_m     Unknown  Unknown
libesmf.so         00007FA3276EC50F  _ZN5ESMCI6FTable1     Unknown  Unknown
libesmf.so         00007FA3276EBF5C  ESMCI_FTableCallE     Unknown  Unknown
libesmf.so         00007FA3279F0826  _ZN5ESMCI3VMK5ent     Unknown  Unknown
libesmf.so         00007FA327A02294  _ZN5ESMCI2VM5ente     Unknown  Unknown
libesmf.so         00007FA3276ECBE6  c_esmc_ftablecall     Unknown  Unknown
libesmf.so         00007FA327BD1DC8  esmf_compmod_mp_e     Unknown  Unknown
libesmf.so         00007FA327D9C2D9  esmf_gridcompmod_     Unknown  Unknown
libesmf.so         00007FA3282522E7  nuopc_driver_mp_l     Unknown  Unknown
libesmf.so         00007FA3282504BA  nuopc_driver_mp_i     Unknown  Unknown
libesmf.so         00007FA32824E5D7  nuopc_driver_mp_i     Unknown  Unknown
libesmf.so         00007FA32823ACA4  nuopc_driver_mp_i     Unknown  Unknown
libesmf.so         00007FA3276EC50F  _ZN5ESMCI6FTable1     Unknown  Unknown
libesmf.so         00007FA3276EBF5C  ESMCI_FTableCallE     Unknown  Unknown
libesmf.so         00007FA3279F0826  _ZN5ESMCI3VMK5ent     Unknown  Unknown
libesmf.so         00007FA327A02294  _ZN5ESMCI2VM5ente     Unknown  Unknown
libesmf.so         00007FA3276ECBE6  c_esmc_ftablecall     Unknown  Unknown
libesmf.so         00007FA327BD1DC8  esmf_compmod_mp_e     Unknown  Unknown
libesmf.so         00007FA327D9C2D9  esmf_gridcompmod_     Unknown  Unknown
esmx_app           00000000004221BE  esmx_app                  388  ESMX_App.F90
esmx_app           000000000041AF2D  Unknown               Unknown  Unknown
libc.so.6          00007FA32362CEEC  Unknown               Unknown  Unknown
libc.so.6          00007FA32362CFB5  __libc_start_main     Unknown  Unknown
esmx_app           000000000041AE31  Unknown               Unknown  Unknown
forrtl: error (78): process killed (SIGTERM)
Image              PC                Routine            Line        Source             
libc.so.6          00007FA93A643980  Unknown               Unknown  Unknown
libc.so.6          00007FA93A7001E7  __sched_yield         Unknown  Unknown
libmpi_intel.so.1  00007FA93C2D73F8  Unknown               Unknown  Unknown
libmpi_intel.so.1  00007FA93CEC1666  Unknown               Unknown  Unknown
libmpi_intel.so.1  00007FA93CEC5B3F  Unknown               Unknown  Unknown
libmpi_intel.so.1  00007FA93D051995  Unknown               Unknown  Unknown
libmpi_intel.so.1  00007FA93D0528CF  Unknown               Unknown  Unknown
libmpi_intel.so.1  00007FA93CDED682  Unknown               Unknown  Unknown
libmpi_intel.so.1  00007FA93B712086  Unknown               Unknown  Unknown
libmpi_intel.so.1  00007FA93B712141  Unknown               Unknown  Unknown
libmpi_intel.so.1  00007FA93D04C223  Unknown               Unknown  Unknown
libmpi_intel.so.1  00007FA93CEEDFD4  Unknown               Unknown  Unknown
libmpi_intel.so.1  00007FA93CEEBFFE  Unknown               Unknown  Unknown
libmpi_intel.so.1  00007FA93B967011  Unknown               Unknown  Unknown
libmpi_intel.so.1  00007FA93CEF08BF  Unknown               Unknown  Unknown
libmpi_intel.so.1  00007FA93D052925  Unknown               Unknown  Unknown
libmpi_intel.so.1  00007FA93B84A36D  MPI_Bcast             Unknown  Unknown
esmx_app           00000000004A462E  Unknown               Unknown  Unknown
esmx_app           00000000004A074E  Unknown               Unknown  Unknown
libesmf.so         00007FA93E9CDC0D  _ZN5ESMCI11PIO_Ha     Unknown  Unknown
libesmf.so         00007FA93E80D4E9  _ZN5ESMCI10IO_Han     Unknown  Unknown
libesmf.so         00007FA93E813CE4  _ZN5ESMCI2IO4open     Unknown  Unknown
libesmf.so         00007FA93E8156BE  _ZN5ESMCI2IO5writ     Unknown  Unknown
libesmf.so         00007FA93E80AF31  c_esmc_iowrite_       Unknown  Unknown
libesmf.so         00007FA93EF25D3F  esmf_iomod_mp_esm     Unknown  Unknown
libesmf.so         00007FA93EDD9F0B  esmf_fieldwrmod_m     Unknown  Unknown
libesmf.so         00007FA93F1FBDBB  nuopc_auxiliary_m     Unknown  Unknown
libesmf.so         00007FA93F1FC723  nuopc_auxiliary_m     Unknown  Unknown
esmx_app           0000000000457682  datainitialize           1845  ESMX_Data.F90
libesmf.so         00007FA93E99E307  _ZN5ESMCI11Method     Unknown  Unknown
libesmf.so         00007FA93E99E9C8  c_esmc_methodtabl     Unknown  Unknown
libesmf.so         00007FA93EB29540  esmf_attachmethod     Unknown  Unknown
libesmf.so         00007FA93F30FB14  nuopc_modelbase_m     Unknown  Unknown
libesmf.so         00007FA93E76150F  _ZN5ESMCI6FTable1     Unknown  Unknown
libesmf.so         00007FA93E760F5C  ESMCI_FTableCallE     Unknown  Unknown
libesmf.so         00007FA93EA65826  _ZN5ESMCI3VMK5ent     Unknown  Unknown
libesmf.so         00007FA93EA77294  _ZN5ESMCI2VM5ente     Unknown  Unknown
libesmf.so         00007FA93E761BE6  c_esmc_ftablecall     Unknown  Unknown
libesmf.so         00007FA93EC46DC8  esmf_compmod_mp_e     Unknown  Unknown
libesmf.so         00007FA93EE112D9  esmf_gridcompmod_     Unknown  Unknown
libesmf.so         00007FA93F2C72E7  nuopc_driver_mp_l     Unknown  Unknown
libesmf.so         00007FA93F2C54BA  nuopc_driver_mp_i     Unknown  Unknown
libesmf.so         00007FA93F2C35D7  nuopc_driver_mp_i     Unknown  Unknown
libesmf.so         00007FA93F2AFCA4  nuopc_driver_mp_i     Unknown  Unknown
libesmf.so         00007FA93E76150F  _ZN5ESMCI6FTable1     Unknown  Unknown
libesmf.so         00007FA93E760F5C  ESMCI_FTableCallE     Unknown  Unknown
libesmf.so         00007FA93EA65826  _ZN5ESMCI3VMK5ent     Unknown  Unknown
libesmf.so         00007FA93EA77294  _ZN5ESMCI2VM5ente     Unknown  Unknown
libesmf.so         00007FA93E761BE6  c_esmc_ftablecall     Unknown  Unknown
libesmf.so         00007FA93EC46DC8  esmf_compmod_mp_e     Unknown  Unknown
libesmf.so         00007FA93EE112D9  esmf_gridcompmod_     Unknown  Unknown
esmx_app           00000000004221BE  esmx_app                  388  ESMX_App.F90
esmx_app           000000000041AF2D  Unknown               Unknown  Unknown
libc.so.6          00007FA93A62CEEC  Unknown               Unknown  Unknown
libc.so.6          00007FA93A62CFB5  __libc_start_main     Unknown  Unknown
esmx_app           000000000041AE31  Unknown               Unknown  Unknown
forrtl: error (78): process killed (SIGTERM)
Image              PC                Routine            Line        Source             
libc.so.6          00007F1A92E43980  Unknown               Unknown  Unknown
libc.so.6          00007F1A92F001E7  __sched_yield         Unknown  Unknown
libmpi_intel.so.1  00007F1A949B13F8  Unknown               Unknown  Unknown
libmpi_intel.so.1  00007F1A9559B666  Unknown               Unknown  Unknown
libmpi_intel.so.1  00007F1A9559FB3F  Unknown               Unknown  Unknown
libmpi_intel.so.1  00007F1A9572B995  Unknown               Unknown  Unknown
libmpi_intel.so.1  00007F1A9572C8CF  Unknown               Unknown  Unknown
libmpi_intel.so.1  00007F1A954C7682  Unknown               Unknown  Unknown
libmpi_intel.so.1  00007F1A93DEC086  Unknown               Unknown  Unknown
libmpi_intel.so.1  00007F1A93DEC141  Unknown               Unknown  Unknown
libmpi_intel.so.1  00007F1A95726223  Unknown               Unknown  Unknown
libmpi_intel.so.1  00007F1A955C7FD4  Unknown               Unknown  Unknown
libmpi_intel.so.1  00007F1A955C5FFE  Unknown               Unknown  Unknown
libmpi_intel.so.1  00007F1A94041011  Unknown               Unknown  Unknown
libmpi_intel.so.1  00007F1A955CA8BF  Unknown               Unknown  Unknown
libmpi_intel.so.1  00007F1A9572C925  Unknown               Unknown  Unknown
libmpi_intel.so.1  00007F1A93F2436D  MPI_Bcast             Unknown  Unknown
esmx_app           00000000004A462E  Unknown               Unknown  Unknown
esmx_app           00000000004A074E  Unknown               Unknown  Unknown
libesmf.so         00007F1A970A7C0D  _ZN5ESMCI11PIO_Ha     Unknown  Unknown
libesmf.so         00007F1A96EE74E9  _ZN5ESMCI10IO_Han     Unknown  Unknown
libesmf.so         00007F1A96EEDCE4  _ZN5ESMCI2IO4open     Unknown  Unknown
libesmf.so         00007F1A96EEF6BE  _ZN5ESMCI2IO5writ     Unknown  Unknown
libesmf.so         00007F1A96EE4F31  c_esmc_iowrite_       Unknown  Unknown
libesmf.so         00007F1A975FFD3F  esmf_iomod_mp_esm     Unknown  Unknown
libesmf.so         00007F1A974B3F0B  esmf_fieldwrmod_m     Unknown  Unknown
libesmf.so         00007F1A978D5DBB  nuopc_auxiliary_m     Unknown  Unknown
libesmf.so         00007F1A978D6723  nuopc_auxiliary_m     Unknown  Unknown
esmx_app           0000000000457682  datainitialize           1845  ESMX_Data.F90
libesmf.so         00007F1A97078307  _ZN5ESMCI11Method     Unknown  Unknown
libesmf.so         00007F1A970789C8  c_esmc_methodtabl     Unknown  Unknown
libesmf.so         00007F1A97203540  esmf_attachmethod     Unknown  Unknown
libesmf.so         00007F1A979E9B14  nuopc_modelbase_m     Unknown  Unknown
libesmf.so         00007F1A96E3B50F  _ZN5ESMCI6FTable1     Unknown  Unknown
libesmf.so         00007F1A96E3AF5C  ESMCI_FTableCallE     Unknown  Unknown
libesmf.so         00007F1A9713F826  _ZN5ESMCI3VMK5ent     Unknown  Unknown
libesmf.so         00007F1A97151294  _ZN5ESMCI2VM5ente     Unknown  Unknown
libesmf.so         00007F1A96E3BBE6  c_esmc_ftablecall     Unknown  Unknown
libesmf.so         00007F1A97320DC8  esmf_compmod_mp_e     Unknown  Unknown
libesmf.so         00007F1A974EB2D9  esmf_gridcompmod_     Unknown  Unknown
libesmf.so         00007F1A979A12E7  nuopc_driver_mp_l     Unknown  Unknown
libesmf.so         00007F1A9799F4BA  nuopc_driver_mp_i     Unknown  Unknown
libesmf.so         00007F1A9799D5D7  nuopc_driver_mp_i     Unknown  Unknown
libesmf.so         00007F1A97989CA4  nuopc_driver_mp_i     Unknown  Unknown
libesmf.so         00007F1A96E3B50F  _ZN5ESMCI6FTable1     Unknown  Unknown
libesmf.so         00007F1A96E3AF5C  ESMCI_FTableCallE     Unknown  Unknown
libesmf.so         00007F1A9713F826  _ZN5ESMCI3VMK5ent     Unknown  Unknown
libesmf.so         00007F1A97151294  _ZN5ESMCI2VM5ente     Unknown  Unknown
libesmf.so         00007F1A96E3BBE6  c_esmc_ftablecall     Unknown  Unknown
libesmf.so         00007F1A97320DC8  esmf_compmod_mp_e     Unknown  Unknown
libesmf.so         00007F1A974EB2D9  esmf_gridcompmod_     Unknown  Unknown
esmx_app           00000000004221BE  esmx_app                  388  ESMX_App.F90
esmx_app           000000000041AF2D  Unknown               Unknown  Unknown
libc.so.6          00007F1A92E2CEEC  Unknown               Unknown  Unknown
libc.so.6          00007F1A92E2CFB5  __libc_start_main     Unknown  Unknown
esmx_app           000000000041AE31  Unknown               Unknown  Unknown
srun: error: c6n0004: tasks 1-3: Exited with exit code 1
