2026-09-04 19:44:22
20260904 200055.968 INFO             PET0 !!!!!!!!!!!!!!!!!!!!!!!!!!!!!!!!!!!!!!!!!!!!!!!!!!!!!!
20260904 200055.968 INFO             PET0 !!! THE ESMF_LOG IS SET TO OUTPUT ALL LOG MESSAGES !!!
20260904 200055.968 INFO             PET0 !!!     THIS MAY CAUSE SLOWDOWN IN PERFORMANCE     !!!
20260904 200055.968 INFO             PET0 !!! FOR PRODUCTION RUNS, USE:                      !!!
20260904 200055.968 INFO             PET0 !!!                   ESMF_LOGKIND_Multi_On_Error  !!!
20260904 200055.968 INFO             PET0 !!!!!!!!!!!!!!!!!!!!!!!!!!!!!!!!!!!!!!!!!!!!!!!!!!!!!!
20260904 200055.968 INFO             PET0 Running with ESMF Version   : develop+g4161bf9d44
20260904 200055.968 INFO             PET0 ESMF library build date/time: "Sep  4 2026" "19:43:18"
20260904 200055.968 INFO             PET0 ESMF library build location : /home/gerhard/ESMF-Nightly-Testing/gfortran_7.4.0_mpich_O_develop/esmf
20260904 200055.968 INFO             PET0 ESMF_COMM                   : mpich
20260904 200055.968 INFO             PET0 ESMF_MOAB                   : enabled
20260904 200055.968 INFO             PET0 ESMF_LAPACK                 : enabled
20260904 200055.968 INFO             PET0 ESMF_NETCDF                 : enabled
20260904 200055.968 INFO             PET0 ESMF_PNETCDF                : disabled
20260904 200055.968 INFO             PET0 ESMF_PIO                    : enabled
20260904 200055.969 INFO             PET0 ESMF_YAMLCPP                : enabled
20260904 200055.969 INFO             PET0  NUMBER_OF_PROCESSORS           1
20260904 200055.969 INFO             PET0  PASS  Example CalendarEx, ESMF_CalendarEx.F90, line 217
20260904 200055.969 INFO             PET0  Finalizing ESMF
