2026-09-19 22:50:02
20260920 023641.671 INFO             PET0 !!!!!!!!!!!!!!!!!!!!!!!!!!!!!!!!!!!!!!!!!!!!!!!!!!!!!!
20260920 023641.671 INFO             PET0 !!! THE ESMF_LOG IS SET TO OUTPUT ALL LOG MESSAGES !!!
20260920 023641.671 INFO             PET0 !!!     THIS MAY CAUSE SLOWDOWN IN PERFORMANCE     !!!
20260920 023641.671 INFO             PET0 !!! FOR PRODUCTION RUNS, USE:                      !!!
20260920 023641.671 INFO             PET0 !!!                   ESMF_LOGKIND_Multi_On_Error  !!!
20260920 023641.671 INFO             PET0 !!!!!!!!!!!!!!!!!!!!!!!!!!!!!!!!!!!!!!!!!!!!!!!!!!!!!!
20260920 023641.671 INFO             PET0 Running with ESMF Version   : v9.0.0b19
20260920 023641.671 INFO             PET0 ESMF library build date/time: "Sep 19 2026" "22:47:45"
20260920 023641.671 INFO             PET0 ESMF library build location : /discover/nobackup/projects/gmao/SIteam/ESMF_Testing/intel_2025.3.0_intelmpi_g_develop/esmf
20260920 023641.671 INFO             PET0 ESMF_COMM                   : intelmpi
20260920 023641.672 INFO             PET0 ESMF_MOAB                   : enabled
20260920 023641.672 INFO             PET0 ESMF_LAPACK                 : enabled
20260920 023641.672 INFO             PET0 ESMF_NETCDF                 : disabled
20260920 023641.672 INFO             PET0 ESMF_PNETCDF                : disabled
20260920 023641.672 INFO             PET0 ESMF_PIO                    : disabled
20260920 023641.672 INFO             PET0 ESMF_YAMLCPP                : enabled
20260920 023641.672 INFO             PET0  NUMBER_OF_PROCESSORS           1
20260920 023641.672 INFO             PET0  PASS  Example CalendarEx, ESMF_CalendarEx.F90, line 217
20260920 023641.672 INFO             PET0  Finalizing ESMF
