2026-09-26 12:56:33
20260926 134022.456 INFO             PET0 !!!!!!!!!!!!!!!!!!!!!!!!!!!!!!!!!!!!!!!!!!!!!!!!!!!!!!
20260926 134022.457 INFO             PET0 !!! THE ESMF_LOG IS SET TO OUTPUT ALL LOG MESSAGES !!!
20260926 134022.457 INFO             PET0 !!!     THIS MAY CAUSE SLOWDOWN IN PERFORMANCE     !!!
20260926 134022.457 INFO             PET0 !!! FOR PRODUCTION RUNS, USE:                      !!!
20260926 134022.457 INFO             PET0 !!!                   ESMF_LOGKIND_Multi_On_Error  !!!
20260926 134022.457 INFO             PET0 !!!!!!!!!!!!!!!!!!!!!!!!!!!!!!!!!!!!!!!!!!!!!!!!!!!!!!
20260926 134022.457 INFO             PET0 Running with ESMF Version   : v9.0.0b19
20260926 134022.457 INFO             PET0 ESMF library build date/time: "Sep 26 2026" "12:54:16"
20260926 134022.457 INFO             PET0 ESMF library build location : /discover/nobackup/projects/gmao/SIteam/ESMF_Testing/intel_2025.3.0_intelmpi_g_develop/esmf
20260926 134022.457 INFO             PET0 ESMF_COMM                   : intelmpi
20260926 134022.457 INFO             PET0 ESMF_MOAB                   : enabled
20260926 134022.457 INFO             PET0 ESMF_LAPACK                 : enabled
20260926 134022.457 INFO             PET0 ESMF_NETCDF                 : disabled
20260926 134022.457 INFO             PET0 ESMF_PNETCDF                : disabled
20260926 134022.457 INFO             PET0 ESMF_PIO                    : disabled
20260926 134022.457 INFO             PET0 ESMF_YAMLCPP                : enabled
20260926 134022.461 INFO             PET0 ESMF_FieldRedistStoreNF(): Just entered routine.
20260926 134022.464 INFO             PET0 ESMF_FieldRedistStoreNF(): Leaving routine.
20260926 134022.470 INFO             PET0 ESMF_FieldRedistStoreNF(): Just entered routine.
20260926 134022.471 INFO             PET0 ESMF_FieldRedistStoreNF(): Leaving routine.
20260926 134022.471 INFO             PET0 ESMF_FieldRedistStoreNF(): Just entered routine.
20260926 134022.473 INFO             PET0 ESMF_FieldRedistStoreNF(): Leaving routine.
20260926 134022.473 INFO             PET0  NUMBER_OF_PROCESSORS           4
20260926 134022.474 INFO             PET0  PASS  Example ESMF_FieldRedistEx, ESMF_FieldRedistEx.F90, line 521
20260926 134022.474 INFO             PET0  Finalizing ESMF
20260926 134022.457 INFO             PET1 !!!!!!!!!!!!!!!!!!!!!!!!!!!!!!!!!!!!!!!!!!!!!!!!!!!!!!
20260926 134022.457 INFO             PET1 !!! THE ESMF_LOG IS SET TO OUTPUT ALL LOG MESSAGES !!!
20260926 134022.457 INFO             PET1 !!!     THIS MAY CAUSE SLOWDOWN IN PERFORMANCE     !!!
20260926 134022.457 INFO             PET1 !!! FOR PRODUCTION RUNS, USE:                      !!!
20260926 134022.457 INFO             PET1 !!!                   ESMF_LOGKIND_Multi_On_Error  !!!
20260926 134022.457 INFO             PET1 !!!!!!!!!!!!!!!!!!!!!!!!!!!!!!!!!!!!!!!!!!!!!!!!!!!!!!
20260926 134022.457 INFO             PET1 Running with ESMF Version   : v9.0.0b19
20260926 134022.457 INFO             PET1 ESMF library build date/time: "Sep 26 2026" "12:54:16"
20260926 134022.457 INFO             PET1 ESMF library build location : /discover/nobackup/projects/gmao/SIteam/ESMF_Testing/intel_2025.3.0_intelmpi_g_develop/esmf
20260926 134022.457 INFO             PET1 ESMF_COMM                   : intelmpi
20260926 134022.457 INFO             PET1 ESMF_MOAB                   : enabled
20260926 134022.457 INFO             PET1 ESMF_LAPACK                 : enabled
20260926 134022.457 INFO             PET1 ESMF_NETCDF                 : disabled
20260926 134022.457 INFO             PET1 ESMF_PNETCDF                : disabled
20260926 134022.457 INFO             PET1 ESMF_PIO                    : disabled
20260926 134022.457 INFO             PET1 ESMF_YAMLCPP                : enabled
20260926 134022.461 INFO             PET1 ESMF_FieldRedistStoreNF(): Just entered routine.
20260926 134022.464 INFO             PET1 ESMF_FieldRedistStoreNF(): Leaving routine.
20260926 134022.470 INFO             PET1 ESMF_FieldRedistStoreNF(): Just entered routine.
20260926 134022.471 INFO             PET1 ESMF_FieldRedistStoreNF(): Leaving routine.
20260926 134022.471 INFO             PET1 ESMF_FieldRedistStoreNF(): Just entered routine.
20260926 134022.473 INFO             PET1 ESMF_FieldRedistStoreNF(): Leaving routine.
20260926 134022.473 INFO             PET1  NUMBER_OF_PROCESSORS           4
20260926 134022.473 INFO             PET1  PASS  Example ESMF_FieldRedistEx, ESMF_FieldRedistEx.F90, line 521
20260926 134022.474 INFO             PET1  Finalizing ESMF
20260926 134022.457 INFO             PET2 !!!!!!!!!!!!!!!!!!!!!!!!!!!!!!!!!!!!!!!!!!!!!!!!!!!!!!
20260926 134022.457 INFO             PET2 !!! THE ESMF_LOG IS SET TO OUTPUT ALL LOG MESSAGES !!!
20260926 134022.457 INFO             PET2 !!!     THIS MAY CAUSE SLOWDOWN IN PERFORMANCE     !!!
20260926 134022.457 INFO             PET2 !!! FOR PRODUCTION RUNS, USE:                      !!!
20260926 134022.457 INFO             PET2 !!!                   ESMF_LOGKIND_Multi_On_Error  !!!
20260926 134022.457 INFO             PET2 !!!!!!!!!!!!!!!!!!!!!!!!!!!!!!!!!!!!!!!!!!!!!!!!!!!!!!
20260926 134022.457 INFO             PET2 Running with ESMF Version   : v9.0.0b19
20260926 134022.457 INFO             PET2 ESMF library build date/time: "Sep 26 2026" "12:54:16"
20260926 134022.457 INFO             PET2 ESMF library build location : /discover/nobackup/projects/gmao/SIteam/ESMF_Testing/intel_2025.3.0_intelmpi_g_develop/esmf
20260926 134022.457 INFO             PET2 ESMF_COMM                   : intelmpi
20260926 134022.458 INFO             PET2 ESMF_MOAB                   : enabled
20260926 134022.458 INFO             PET2 ESMF_LAPACK                 : enabled
20260926 134022.458 INFO             PET2 ESMF_NETCDF                 : disabled
20260926 134022.458 INFO             PET2 ESMF_PNETCDF                : disabled
20260926 134022.458 INFO             PET2 ESMF_PIO                    : disabled
20260926 134022.458 INFO             PET2 ESMF_YAMLCPP                : enabled
20260926 134022.461 INFO             PET2 ESMF_FieldRedistStoreNF(): Just entered routine.
20260926 134022.464 INFO             PET2 ESMF_FieldRedistStoreNF(): Leaving routine.
20260926 134022.470 INFO             PET2 ESMF_FieldRedistStoreNF(): Just entered routine.
20260926 134022.471 INFO             PET2 ESMF_FieldRedistStoreNF(): Leaving routine.
20260926 134022.471 INFO             PET2 ESMF_FieldRedistStoreNF(): Just entered routine.
20260926 134022.473 INFO             PET2 ESMF_FieldRedistStoreNF(): Leaving routine.
20260926 134022.473 INFO             PET2  NUMBER_OF_PROCESSORS           4
20260926 134022.473 INFO             PET2  PASS  Example ESMF_FieldRedistEx, ESMF_FieldRedistEx.F90, line 521
20260926 134022.474 INFO             PET2  Finalizing ESMF
20260926 134022.457 INFO             PET3 !!!!!!!!!!!!!!!!!!!!!!!!!!!!!!!!!!!!!!!!!!!!!!!!!!!!!!
20260926 134022.457 INFO             PET3 !!! THE ESMF_LOG IS SET TO OUTPUT ALL LOG MESSAGES !!!
20260926 134022.457 INFO             PET3 !!!     THIS MAY CAUSE SLOWDOWN IN PERFORMANCE     !!!
20260926 134022.457 INFO             PET3 !!! FOR PRODUCTION RUNS, USE:                      !!!
20260926 134022.457 INFO             PET3 !!!                   ESMF_LOGKIND_Multi_On_Error  !!!
20260926 134022.457 INFO             PET3 !!!!!!!!!!!!!!!!!!!!!!!!!!!!!!!!!!!!!!!!!!!!!!!!!!!!!!
20260926 134022.457 INFO             PET3 Running with ESMF Version   : v9.0.0b19
20260926 134022.457 INFO             PET3 ESMF library build date/time: "Sep 26 2026" "12:54:16"
20260926 134022.457 INFO             PET3 ESMF library build location : /discover/nobackup/projects/gmao/SIteam/ESMF_Testing/intel_2025.3.0_intelmpi_g_develop/esmf
20260926 134022.457 INFO             PET3 ESMF_COMM                   : intelmpi
20260926 134022.457 INFO             PET3 ESMF_MOAB                   : enabled
20260926 134022.457 INFO             PET3 ESMF_LAPACK                 : enabled
20260926 134022.457 INFO             PET3 ESMF_NETCDF                 : disabled
20260926 134022.457 INFO             PET3 ESMF_PNETCDF                : disabled
20260926 134022.457 INFO             PET3 ESMF_PIO                    : disabled
20260926 134022.457 INFO             PET3 ESMF_YAMLCPP                : enabled
20260926 134022.461 INFO             PET3 ESMF_FieldRedistStoreNF(): Just entered routine.
20260926 134022.464 INFO             PET3 ESMF_FieldRedistStoreNF(): Leaving routine.
20260926 134022.470 INFO             PET3 ESMF_FieldRedistStoreNF(): Just entered routine.
20260926 134022.471 INFO             PET3 ESMF_FieldRedistStoreNF(): Leaving routine.
20260926 134022.471 INFO             PET3 ESMF_FieldRedistStoreNF(): Just entered routine.
20260926 134022.473 INFO             PET3 ESMF_FieldRedistStoreNF(): Leaving routine.
20260926 134022.473 INFO             PET3  NUMBER_OF_PROCESSORS           4
20260926 134022.474 INFO             PET3  PASS  Example ESMF_FieldRedistEx, ESMF_FieldRedistEx.F90, line 521
20260926 134022.474 INFO             PET3  Finalizing ESMF
