2026-09-20 02:06:48
--- ESMCI::ArrayBundle::print start ---
ArrayBundle: MyArrayBundle
arrayCount = 3
Container::print() multipmap:item=0 key=AonFly value=0x1f02230
Container::print() multipmap:item=1 key=Array002 value=0x1f45130
Container::print() multipmap:item=2 key=Array003 value=0x1f46190
Container::print()      list:item=0 key=Array002 value=0x1f45130
Container::print()      list:item=1 key=Array003 value=0x1f46190
Container::print()      list:item=2 key=AonFly value=0x1f02230
--- ESMCI::ArrayBundle::print end ---
--- ESMCI::ArrayBundle::print start ---
ArrayBundle: MyArrayBundle
arrayCount = 3
Container::print() multipmap:item=0 key=AonFly value=0x1f17d40
Container::print() multipmap:item=1 key=Array002 value=0x1f5af50
Container::print() multipmap:item=2 key=Array003 value=0x1f5bcb0
Container::print()      list:item=0 key=Array002 value=0x1f5af50
Container::print()      list:item=1 key=Array003 value=0x1f5bcb0
Container::print()      list:item=2 key=AonFly value=0x1f17d40
--- ESMCI::ArrayBundle::print end ---
--- ESMCI::ArrayBundle::print start ---
ArrayBundle: MyArrayBundle
arrayCount = 3
Container::print() multipmap:item=0 key=AonFly value=0x1aa5b70
Container::print() multipmap:item=1 key=Array002 value=0x1ae9c20
Container::print() multipmap:item=2 key=Array003 value=0x1aea530
Container::print()      list:item=0 key=Array002 value=0x1ae9c20
Container::print()      list:item=1 key=Array003 value=0x1aea530
Container::print()      list:item=2 key=AonFly value=0x1aa5b70
--- ESMCI::ArrayBundle::print end ---
--- ESMCI::Array::print start ---
 Base name    = AonFly
 Status: Base = Ready,  object = Ready
 Proxy        = no
--- ESMCI::ArrayBundle::print start ---
ArrayBundle: MyArrayBundle
arrayCount = 3
Container::print() multipmap:item=0 key=AonFly value=0x1743af0
Container::print() multipmap:item=1 key=Array002 value=0x1787c20
Container::print() multipmap:item=2 key=Array003 value=0x17884f0
Container::print()      list:item=0 key=Array002 value=0x1787c20
Container::print()      list:item=1 key=Array003 value=0x17884f0
Container::print()      list:item=2 key=AonFly value=0x1743af0
--- ESMCI::ArrayBundle::print end ---
--- ESMCI::Array::print start ---
 Base name    = AonFly
 Status: Base = Ready,  object = Ready
 Proxy        = no
 Root Info (Attributes):
 Root Info (Attributes):
--- ESMCI::Array::print start ---
 Base name    = AonFly--- ESMCI::Array::print start ---
 Base name    = AonFly
 Status: Base = 
 Status: Base = ReadyReady,  object = Ready
 Proxy        = no
 Root Info (Attributes):,  object = Ready

 Proxy        = no
 Root Info (Attributes):
{
  "ESMF": {
    "Instance": {
      "NamedAliasCount": 0
    }
  }
}{
  "ESMF": {
    "Instance": {
      "NamedAliasCount": 0
    }
  }
}Array typekind/rank: Real*4 / 2 
~ lower class' values ~
DistGrid dimCount = 2
deCount = 6
Array typekind/rank: Real*4 / 2 
~ lower class' values ~
DistGrid dimCount = 2
deCount = 6
localDeCount = 1
~ local data in LocalArray for DE 2 ~
localDeCount = 2
~ local data in LocalArray for DE 0 ~
LocalArrayPrint: Array at address 0x1f01bd0:
            rank = 2, typekind = 5, {
  "ESMF": {
    "Instance": {
      "NamedAliasCount": 0
    }
  }
}LocalArrayPrint: Array at address 0x1aa5840:
            rank = 2, typekind = 5, base_addr = 0x1ae9850
            dim[0] = 3  dim[1] = 2  
  Real, *4, Dim 2, Data values:
{
  "ESMF": {
    "Instance": {
      "NamedAliasCount": 0
    }
  }
}Array typekind/rank: Real*4 / 2 
~ lower class' values ~
DistGrid dimCount = 2
base_addr = 0x1f44a10
            dim[0] = 3  dim[1] = 2  
  Real, *4, Dim 2, Data values:
Array typekind/rank: Real*4 / 2 
~ lower class' values ~
DistGrid dimCount = 2
deCount = 6
localDeCount = 2
deCount = 6
localDeCount = 1
~ local data in LocalArray for DE 3 ~
LocalArrayPrint: Array at address 0x17437c0:
            rank = 2, typekind = 5, base_addr = 0x1787850
            ( 1, 1) =  8.97855e-38
( 2, 1) =  0
~ local data in LocalArray for DE 1 ~
LocalArrayPrint: Array at address 0x1f176e0:
            rank = 2, typekind = 5, base_addr = 0x1f5a830
            dim[0] = 2  dim[1] = 2  ( 1, 1) =  6.41681e-38
( 2, 1) =  0
( 3, 1) =  -4.20656e+09
( 1, 2) =  4.56165e-41
( 2, 2) =  0
( 3, 2) =  0
--- ESMCI::Array::print end ---
--- ESMCI::Array::print start ---
 Base name    = Array002
dim[0] = 2  dim[1] = 2  
  Real, *4, Dim 2, Data values:
( 3, 1) =  4.2039e-45
( 1, 2) =  1.4013e-45
( 2, 2) =  0
( 3, 2) =  0
~ local data in LocalArray for DE 4 ~
LocalArrayPrint: Array at address 0x1f01f00:
            rank = 2, typekind = 5, 
  Real, *4, Dim 2, Data values:
( 1, 1) =  9.02836e-38
 Status: Base = Ready,  object = Ready
 Proxy        = no
 Root Info (Attributes):
{
  "ESMF": {
    "Instance": {
      "NamedAliasCount": 0
    }
  }
}Array typekind/rank: Real*8 / 2 
~ lower class' values ~
DistGrid dimCount = 2
( 1, 1) =  4.56526e-38
( 2, 1) =  0
( 1, 2) =  -1.61545e-34
base_addr = 0x1f01b10
            dim[0] = 3  dim[1] = 1  
  Real, *4, Dim 2, Data values:
( 1, 1) =  8.82007e-38
( 2, 1) =  0
( 1, 2) =  2.8026e-45
( 2, 2) =  1.4013e-45
~ local data in LocalArray for DE 5 ~
LocalArrayPrint: Array at address 0x1f17a10:
deCount = 6
localDeCount = 1
~ local data in LocalArray for DE 2 ~
LocalArrayPrint: Array at address 0x1ae98f0:
            rank = 2, typekind = 6, base_addr = 0x1aa3d60
            dim[0] = 3  dim[1] = 2  
  Real, *8, Dim 2, Data values:
( 2, 2) =  4.56767e-41
--- ESMCI::Array::print end ---
--- ESMCI::Array::print start ---
 Base name    = Array002
 Status: Base = Ready,  object = ( 2, 1) =  0
( 3, 1) =  7.43999e+26
--- ESMCI::Array::print end ---
--- ESMCI::Array::print start ---
 Base name    =             rank = 2, typekind = 5, base_addr = 0x1f17620
            dim[0] = 2  dim[1] = 1  
  Real, *4, Dim 2, Data values:
( 1, 1) =  8.86987e-38
( 1, 1) =  1.38014e-316
( 2, 1) =  4.24399e-314
( 3, 1) =  4.24399e-314
( 1, 2) =  4.24399e-314
( 2, 2) =  2.122e-314
( 3, 2) =  2.122e-314
--- ESMCI::Array::print end ---
--- ESMCI::Array::print start ---Ready
 Proxy        = no
 Root Info (Attributes):
{
  "ESMF": {
    "Instance": {
      "NamedAliasCount": 0
    }
  }
}Array002
 Status: Base = Ready,  object = Ready
 Proxy        = no
 Root Info (Attributes):
( 2, 1) =  0
--- ESMCI::Array::print end ---
--- ESMCI::Array::print start ---
 Base name    = Array002
 Status: Base = Ready,  object = Ready

 Base name    = Array003
 Status: Base = Ready,  object = Ready
 Proxy        = no
 Root Info (Attributes):
{
  "ESMF": {
    "Instance": {
      "NamedAliasCount": 0
    }
  }
}Array typekind/rank: Real*8 / 2 
~ lower class' values ~
DistGrid dimCount = 2
deCount = 6
localDeCount = 1
~ local data in LocalArray for DE 2 ~
Array typekind/rank: Real*8 / 2 
~ lower class' values ~
DistGrid dimCount = 2
deCount = 6
localDeCount = 1
~ local data in LocalArray for DE 3 ~
LocalArrayPrint: Array at address 0x17878f0:
            rank = 2, typekind = 6, base_addr = 0x174ef20
            {
  "ESMF": {
    "Instance": {
      "NamedAliasCount": 0
    }
  }
}Array typekind/rank: Real*8 / 2 
~ lower class' values ~
DistGrid dimCount = 2
deCount = 6
localDeCount = 2
~ local data in LocalArray for DE 0 ~
LocalArrayPrint: Array at address 0x1f44ab0:
            rank = 2, typekind = 6,  Proxy        = no
 Root Info (Attributes):
{
  "ESMF": {
    "Instance": {
      "NamedAliasCount": 0
    }
  }
}Array typekind/rank: Real*8 / 2 
~ lower class' values ~LocalArrayPrint: Array at address 0x1aea200:
            rank = 2, typekind = 6, base_addr = 0x1aa3e40
            dim[0] = 3  dim[1] = 2  
  Real, *8, Dim 2, Data values:
( 1, 1) =  0
( 2, 1) =  5.04759e+223
dim[0] = 2  dim[1] = 2  
  Real, *8, Dim 2, Data values:
( 1, 1) =  1.21966e-316
( 2, 1) =  4.24399e-314
base_addr = 0x1eff340
            dim[0] = 3  dim[1] = 2  
  Real, *8, Dim 2, Data values:
( 1, 1) =  1.6027e-316

DistGrid dimCount = 2
deCount = 6
localDeCount = 2
~ local data in LocalArray for DE 1 ~
LocalArrayPrint: Array at address 0x1f5a8d0:
            rank = 2, typekind = 6, base_addr = 0x1f14dc0
            ( 3, 1) =  5.29584e+160
( 1, 2) =  6.0871e+247
( 2, 2) =  2.25703e-76
( 3, 2) =  1.0614e-313
--- ESMCI::Array::print end ---
( 1, 2) =  0
( 2, 2) =  0
--- ESMCI::Array::print end ---
--- ESMCI::Array::print start ---
 Base name    = Array003
 Status: Base = ( 2, 1) =  4.24399e-314
( 3, 1) =  4.24399e-314
( 1, 2) =  4.24399e-314
( 2, 2) =  2.122e-314
dim[0] = 2  dim[1] = 2  
  Real, *8, Dim 2, Data values:
( 1, 1) =  1.62501e-316
( 2, 1) =  4.24399e-314
Ready,  object = Ready
 Proxy        = no
 Root Info (Attributes):
( 3, 2) =  2.122e-314
~ local data in LocalArray for DE 4 ~
LocalArrayPrint: Array at address 0x1f44de0:
            rank = 2, typekind = 6, base_addr = 0x1f45110
            ( 1, 2) =  0
( 2, 2) =  0
~ local data in LocalArray for DE 5 ~
LocalArrayPrint: Array at address 0x1f5ac00:
            rank = 2, typekind = 6, base_addr = 0x1f5af30
{
  "ESMF": {
    "Instance": {
      "NamedAliasCount": 0
    }
  }
}Array typekind/rank: Real*8 / 2 
~ lower class' values ~
DistGrid dimCount = 2
deCount = 6
localDeCount = 1
~ local data in LocalArray for DE 3 ~
dim[0] = 3  dim[1] = 1  
  Real, *8, Dim 2, Data values:
( 1, 1) =  6.91695e-310
( 2, 1) =  6.91695e-310
            dim[0] = 2  dim[1] = 1  
  Real, *8, Dim 2, Data values:
( 1, 1) =  6.94066e-310
LocalArrayPrint: Array at address 0x17881c0:
            rank = 2, typekind = 6, base_addr = 0x178ae90
            dim[0] = 2  dim[1] = 2  
( 3, 1) =  0
--- ESMCI::Array::print end ---
--- ESMCI::Array::print start ---
 Base name    = Array003
 Status: Base = Ready,  object = ( 2, 1) =  6.94066e-310
--- ESMCI::Array::print end ---
--- ESMCI::Array::print start ---
 Base name    = Array003
 Status: Base = Ready  Real, *8, Dim 2, Data values:
( 1, 1) =  1.20183e-316
( 2, 1) =  1.20183e-316
( 1, 2) =  6.01347e-154
Ready
 Proxy        = no
 Root Info (Attributes):
{
  "ESMF": {
    "Instance": {
      "NamedAliasCount": 0
    }
  }
},  object = Ready
 Proxy        = no
 Root Info (Attributes):
Array typekind/rank: Real*8 / 2 
~ lower class' values ~
DistGrid dimCount = 2
deCount = 6
localDeCount = 2
~ local data in LocalArray for DE 0 ~
{
  "ESMF": {
    "Instance": {
      "NamedAliasCount": 0
    }
  }
}Array typekind/rank: Real*8 / 2 
~ lower class' values ~
DistGrid dimCount = 2
deCount = 6
  PASS  Example ESMF_ArrayBundleEx, ESMF_ArrayBundleEx.F90, line 267
( 2, 2) =  6.10916e+223
--- ESMCI::Array::print end ---
LocalArrayPrint: Array at address 0x1f45af0:
            rank = 2, typekind = 6, base_addr = 0x1f45e20
            dim[0] = 3  dim[1] = 2  
  Real, *8, Dim 2, Data values:
localDeCount = 2
~ local data in LocalArray for DE 1 ~
LocalArrayPrint: Array at address 0x1f5b650:
            rank = 2, typekind = 6, base_addr = 0x1f5dec0
            dim[0] = 2  dim[1] = 2  
( 1, 1) =  6.91695e-310
( 2, 1) =  6.91695e-310
( 3, 1) =  0
  Real, *8, Dim 2, Data values:
( 1, 1) =  1.62501e-316
( 1, 2) =  0
( 2, 2) =  1.38502e+219
( 2, 1) =  6.97844e+252
( 1, 2) =  1.56155e-317
( 2, 2) =  0
( 3, 2) =  3.33822e+151
~ local data in LocalArray for DE 4 ~
LocalArrayPrint: Array at address 0x1f45e60:
~ local data in LocalArray for DE 5 ~
LocalArrayPrint: Array at address 0x1f5b980:
            rank = 2, typekind = 6, base_addr = 0x1f14da0
            dim[0] = 2              rank = 2, typekind = 6, base_addr = 0x1eff2f0
            dim[0] = 3  dim[1] = 1  
dim[1] = 1  
  Real, *8, Dim 2, Data values:
( 1, 1) =  1.62432e-316
  Real, *8, Dim 2, Data values:
( 1, 1) =  1.61989e-316
( 2, 1) =  2.122e-314
( 2, 1) =  2.122e-314
--- ESMCI::Array::print end ---
( 3, 1) =  0
--- ESMCI::Array::print end ---
  PASS  Example ESMF_ArrayBundleEx, ESMF_ArrayBundleEx.F90, line 267
  PASS  Example ESMF_ArrayBundleEx, ESMF_ArrayBundleEx.F90, line 267
  PASS  Example ESMF_ArrayBundleEx, ESMF_ArrayBundleEx.F90, line 267
 PASS: ESMF_ArrayBundleEx.F90
 PASS: ESMF_ArrayBundleEx.F90
 PASS: ESMF_ArrayBundleEx.F90
 PASS: ESMF_ArrayBundleEx.F90
