2026-08-31 22:56:47
20260901 010836.368 INFO             PET0 !!!!!!!!!!!!!!!!!!!!!!!!!!!!!!!!!!!!!!!!!!!!!!!!!!!!!!
20260901 010836.368 INFO             PET0 !!! THE ESMF_LOG IS SET TO OUTPUT ALL LOG MESSAGES !!!
20260901 010836.368 INFO             PET0 !!!     THIS MAY CAUSE SLOWDOWN IN PERFORMANCE     !!!
20260901 010836.368 INFO             PET0 !!! FOR PRODUCTION RUNS, USE:                      !!!
20260901 010836.368 INFO             PET0 !!!                   ESMF_LOGKIND_Multi_On_Error  !!!
20260901 010836.368 INFO             PET0 !!!!!!!!!!!!!!!!!!!!!!!!!!!!!!!!!!!!!!!!!!!!!!!!!!!!!!
20260901 010836.368 INFO             PET0 Running with ESMF Version   : develop+g849fce6537
20260901 010836.368 INFO             PET0 ESMF library build date/time: "Aug 31 2026" "22:54:41"
20260901 010836.368 INFO             PET0 ESMF library build location : /discover/nobackup/projects/gmao/SIteam/ESMF_Testing/gfortran_15.2.0_openmpi_O_develop/esmf
20260901 010836.368 INFO             PET0 ESMF_COMM                   : openmpi
20260901 010836.369 INFO             PET0 ESMF_MOAB                   : enabled
20260901 010836.369 INFO             PET0 ESMF_LAPACK                 : enabled
20260901 010836.369 INFO             PET0 ESMF_NETCDF                 : enabled
20260901 010836.369 INFO             PET0 ESMF_PNETCDF                : disabled
20260901 010836.369 INFO             PET0 ESMF_PIO                    : enabled
20260901 010836.369 INFO             PET0 ESMF_YAMLCPP                : enabled
20260901 010836.369 INFO             PET0  NUMBER_OF_PROCESSORS           1
20260901 010836.369 INFO             PET0  PASS  Example ESMF_ClockEx, ESMF_ClockEx.F90, line 220
20260901 010836.369 INFO             PET0  Finalizing ESMF
