2026-09-03 07:32:29
20260903 082339.185 INFO             PET0 !!!!!!!!!!!!!!!!!!!!!!!!!!!!!!!!!!!!!!!!!!!!!!!!!!!!!!
20260903 082339.185 INFO             PET0 !!! THE ESMF_LOG IS SET TO OUTPUT ALL LOG MESSAGES !!!
20260903 082339.185 INFO             PET0 !!!     THIS MAY CAUSE SLOWDOWN IN PERFORMANCE     !!!
20260903 082339.185 INFO             PET0 !!! FOR PRODUCTION RUNS, USE:                      !!!
20260903 082339.185 INFO             PET0 !!!                   ESMF_LOGKIND_Multi_On_Error  !!!
20260903 082339.185 INFO             PET0 !!!!!!!!!!!!!!!!!!!!!!!!!!!!!!!!!!!!!!!!!!!!!!!!!!!!!!
20260903 082339.185 INFO             PET0 Running with ESMF Version   : develop+g4161bf9d44
20260903 082339.185 INFO             PET0 ESMF library build date/time: "Sep  3 2026" "07:29:36"
20260903 082339.185 INFO             PET0 ESMF library build location : /scratch3/NCEPDEV/stmp/Gerhard.Theurich/ESMF-Nightly-Testing-Hera/intel_2023.2.0-oneAPI_intelmpi_g_develop/esmf
20260903 082339.185 INFO             PET0 ESMF_COMM                   : intelmpi
20260903 082339.186 INFO             PET0 ESMF_MOAB                   : enabled
20260903 082339.186 INFO             PET0 ESMF_LAPACK                 : enabled
20260903 082339.186 INFO             PET0 ESMF_NETCDF                 : enabled
20260903 082339.186 INFO             PET0 ESMF_PNETCDF                : disabled
20260903 082339.186 INFO             PET0 ESMF_PIO                    : enabled
20260903 082339.186 INFO             PET0 ESMF_YAMLCPP                : enabled
20260903 082339.187 INFO             PET0  NUMBER_OF_PROCESSORS           4
20260903 082339.187 INFO             PET0  PASS  Example ESMF_VMUserMpiCommMultiEx, ESMF_VMUserMpiCommMultiEx.F90, line 126
20260903 082339.187 INFO             PET0  Finalizing ESMF with endflag==ESMF_END_KEEPMPI
20260903 082339.185 INFO             PET0 !!!!!!!!!!!!!!!!!!!!!!!!!!!!!!!!!!!!!!!!!!!!!!!!!!!!!!
20260903 082339.185 INFO             PET0 !!! THE ESMF_LOG IS SET TO OUTPUT ALL LOG MESSAGES !!!
20260903 082339.185 INFO             PET0 !!!     THIS MAY CAUSE SLOWDOWN IN PERFORMANCE     !!!
20260903 082339.185 INFO             PET0 !!! FOR PRODUCTION RUNS, USE:                      !!!
20260903 082339.185 INFO             PET0 !!!                   ESMF_LOGKIND_Multi_On_Error  !!!
20260903 082339.185 INFO             PET0 !!!!!!!!!!!!!!!!!!!!!!!!!!!!!!!!!!!!!!!!!!!!!!!!!!!!!!
20260903 082339.185 INFO             PET0 Running with ESMF Version   : develop+g4161bf9d44
20260903 082339.185 INFO             PET0 ESMF library build date/time: "Sep  3 2026" "07:29:36"
20260903 082339.185 INFO             PET0 ESMF library build location : /scratch3/NCEPDEV/stmp/Gerhard.Theurich/ESMF-Nightly-Testing-Hera/intel_2023.2.0-oneAPI_intelmpi_g_develop/esmf
20260903 082339.185 INFO             PET0 ESMF_COMM                   : intelmpi
20260903 082339.186 INFO             PET0 ESMF_MOAB                   : enabled
20260903 082339.186 INFO             PET0 ESMF_LAPACK                 : enabled
20260903 082339.186 INFO             PET0 ESMF_NETCDF                 : enabled
20260903 082339.186 INFO             PET0 ESMF_PNETCDF                : disabled
20260903 082339.186 INFO             PET0 ESMF_PIO                    : enabled
20260903 082339.186 INFO             PET0 ESMF_YAMLCPP                : enabled
20260903 082339.186 INFO             PET0  NUMBER_OF_PROCESSORS           4
20260903 082339.186 INFO             PET0  PASS  Example ESMF_VMUserMpiCommMultiEx, ESMF_VMUserMpiCommMultiEx.F90, line 154
20260903 082339.186 INFO             PET0  Finalizing ESMF with endflag==ESMF_END_KEEPMPI
20260903 082339.186 INFO             PET1 !!!!!!!!!!!!!!!!!!!!!!!!!!!!!!!!!!!!!!!!!!!!!!!!!!!!!!
20260903 082339.186 INFO             PET1 !!! THE ESMF_LOG IS SET TO OUTPUT ALL LOG MESSAGES !!!
20260903 082339.186 INFO             PET1 !!!     THIS MAY CAUSE SLOWDOWN IN PERFORMANCE     !!!
20260903 082339.186 INFO             PET1 !!! FOR PRODUCTION RUNS, USE:                      !!!
20260903 082339.186 INFO             PET1 !!!                   ESMF_LOGKIND_Multi_On_Error  !!!
20260903 082339.186 INFO             PET1 !!!!!!!!!!!!!!!!!!!!!!!!!!!!!!!!!!!!!!!!!!!!!!!!!!!!!!
20260903 082339.186 INFO             PET1 Running with ESMF Version   : develop+g4161bf9d44
20260903 082339.186 INFO             PET1 ESMF library build date/time: "Sep  3 2026" "07:29:36"
20260903 082339.186 INFO             PET1 ESMF library build location : /scratch3/NCEPDEV/stmp/Gerhard.Theurich/ESMF-Nightly-Testing-Hera/intel_2023.2.0-oneAPI_intelmpi_g_develop/esmf
20260903 082339.186 INFO             PET1 ESMF_COMM                   : intelmpi
20260903 082339.186 INFO             PET1 ESMF_MOAB                   : enabled
20260903 082339.186 INFO             PET1 ESMF_LAPACK                 : enabled
20260903 082339.186 INFO             PET1 ESMF_NETCDF                 : enabled
20260903 082339.186 INFO             PET1 ESMF_PNETCDF                : disabled
20260903 082339.186 INFO             PET1 ESMF_PIO                    : enabled
20260903 082339.186 INFO             PET1 ESMF_YAMLCPP                : enabled
20260903 082339.187 INFO             PET1  NUMBER_OF_PROCESSORS           4
20260903 082339.187 INFO             PET1  PASS  Example ESMF_VMUserMpiCommMultiEx, ESMF_VMUserMpiCommMultiEx.F90, line 126
20260903 082339.187 INFO             PET1  Finalizing ESMF with endflag==ESMF_END_KEEPMPI
20260903 082339.185 INFO             PET1 !!!!!!!!!!!!!!!!!!!!!!!!!!!!!!!!!!!!!!!!!!!!!!!!!!!!!!
20260903 082339.185 INFO             PET1 !!! THE ESMF_LOG IS SET TO OUTPUT ALL LOG MESSAGES !!!
20260903 082339.185 INFO             PET1 !!!     THIS MAY CAUSE SLOWDOWN IN PERFORMANCE     !!!
20260903 082339.185 INFO             PET1 !!! FOR PRODUCTION RUNS, USE:                      !!!
20260903 082339.185 INFO             PET1 !!!                   ESMF_LOGKIND_Multi_On_Error  !!!
20260903 082339.185 INFO             PET1 !!!!!!!!!!!!!!!!!!!!!!!!!!!!!!!!!!!!!!!!!!!!!!!!!!!!!!
20260903 082339.186 INFO             PET1 Running with ESMF Version   : develop+g4161bf9d44
20260903 082339.186 INFO             PET1 ESMF library build date/time: "Sep  3 2026" "07:29:36"
20260903 082339.186 INFO             PET1 ESMF library build location : /scratch3/NCEPDEV/stmp/Gerhard.Theurich/ESMF-Nightly-Testing-Hera/intel_2023.2.0-oneAPI_intelmpi_g_develop/esmf
20260903 082339.186 INFO             PET1 ESMF_COMM                   : intelmpi
20260903 082339.186 INFO             PET1 ESMF_MOAB                   : enabled
20260903 082339.186 INFO             PET1 ESMF_LAPACK                 : enabled
20260903 082339.186 INFO             PET1 ESMF_NETCDF                 : enabled
20260903 082339.186 INFO             PET1 ESMF_PNETCDF                : disabled
20260903 082339.186 INFO             PET1 ESMF_PIO                    : enabled
20260903 082339.186 INFO             PET1 ESMF_YAMLCPP                : enabled
20260903 082339.186 INFO             PET1  NUMBER_OF_PROCESSORS           4
20260903 082339.186 INFO             PET1  PASS  Example ESMF_VMUserMpiCommMultiEx, ESMF_VMUserMpiCommMultiEx.F90, line 154
20260903 082339.186 INFO             PET1  Finalizing ESMF with endflag==ESMF_END_KEEPMPI
