2026-09-06 00:08:22
 localPET= 0  localDE= 0 : array( 1 , 1 )= 0.
 localPET= 0  localDE= 0 : array( 1 , 2 )= 4.243991583E-314
 localPET= 0  localDE= 0 : array( 2 , 1 )= 0.
 localPET= 0  localDE= 0 : array( 2 , 2 )= 2.1219957924E-314
 localPET= 0  localDE= 0 : array( 3 , 1 )= 4.2439915834E-314
 localPET= 0  localDE= 0 : array( 3 , 2 )= 2.121995792E-314
 localPET= 0  localDE= 1 : array( 1 , 1 )= 4.66986295307504E-310
 localPET= 0  localDE= 1 : array( 2 , 1 )= 0.
 localPET= 0  localDE= 1 : array( 3 , 1 )= 0.
 localPet:  0 DE  0  [ 1 3 ]
 localPet:  0 DE  4  [ 1 3 ]
  PASS  Example ESMF_ArrayEx, ./ESMF_ArrayEx.F90, line 1901
 PASS: ESMF_ArrayEx.F90
 localPET= 2  localDE= 0 : array( 1 , 1 )= 4.66383008352084E-310
 localPET= 2  localDE= 0 : array( 1 , 2 )= 4.243991583E-314
 localPET= 2  localDE= 0 : array( 2 , 1 )= 0.
 localPET= 2  localDE= 0 : array( 2 , 2 )= 2.1219957924E-314
 localPET= 2  localDE= 0 : array( 3 , 1 )= 4.2439915834E-314
 localPET= 2  localDE= 0 : array( 3 , 2 )= 2.121995792E-314
 localPet:  2 DE  2  [ 1 3 ]
  PASS  Example ESMF_ArrayEx, ./ESMF_ArrayEx.F90, line 1901
 PASS: ESMF_ArrayEx.F90
 localPET= 1  localDE= 0 : array( 1 , 1 )= 4.67523508600653E-310
 localPET= 1  localDE= 0 : array( 1 , 2 )= 0.
 localPET= 1  localDE= 0 : array( 2 , 1 )= 0.
 localPET= 1  localDE= 0 : array( 2 , 2 )= 0.
 localPET= 1  localDE= 1 : array( 1 , 1 )= 4.6752350863678E-310
 localPET= 1  localDE= 1 : array( 2 , 1 )= 1.11556482990204E-310
 localPet:  1 DE  1  [ 1 2 ]
 localPet:  1 DE  5  [ 1 2 ]
  PASS  Example ESMF_ArrayEx, ./ESMF_ArrayEx.F90, line 1901
 PASS: ESMF_ArrayEx.F90
 localPET= 3  localDE= 0 : array( 1 , 1 )= 4.6507182369164E-310
 localPET= 3  localDE= 0 : array( 1 , 2 )= 0.
 localPET= 3  localDE= 0 : array( 2 , 1 )= 0.
 localPET= 3  localDE= 0 : array( 2 , 2 )= 0.
 localPet:  3 DE  3  [ 1 2 ]
  PASS  Example ESMF_ArrayEx, ./ESMF_ArrayEx.F90, line 1901
 PASS: ESMF_ArrayEx.F90
