2026-09-13 23:06:22
20260914 000459.996 INFO             PET0 !!!!!!!!!!!!!!!!!!!!!!!!!!!!!!!!!!!!!!!!!!!!!!!!!!!!!!
20260914 000459.997 INFO             PET0 !!! THE ESMF_LOG IS SET TO OUTPUT ALL LOG MESSAGES !!!
20260914 000459.997 INFO             PET0 !!!     THIS MAY CAUSE SLOWDOWN IN PERFORMANCE     !!!
20260914 000459.997 INFO             PET0 !!! FOR PRODUCTION RUNS, USE:                      !!!
20260914 000459.997 INFO             PET0 !!!                   ESMF_LOGKIND_Multi_On_Error  !!!
20260914 000459.997 INFO             PET0 !!!!!!!!!!!!!!!!!!!!!!!!!!!!!!!!!!!!!!!!!!!!!!!!!!!!!!
20260914 000459.997 INFO             PET0 Running with ESMF Version   : v9.0.0b18
20260914 000459.997 INFO             PET0 ESMF library build date/time: "Sep 13 2026" "23:03:51"
20260914 000459.997 INFO             PET0 ESMF library build location : /discover/nobackup/projects/gmao/SIteam/ESMF_Testing/intel_2021.13.0_intelmpi_g_develop/esmf
20260914 000459.997 INFO             PET0 ESMF_COMM                   : intelmpi
20260914 000459.997 INFO             PET0 ESMF_MOAB                   : enabled
20260914 000459.997 INFO             PET0 ESMF_LAPACK                 : enabled
20260914 000459.997 INFO             PET0 ESMF_NETCDF                 : enabled
20260914 000459.997 INFO             PET0 ESMF_PNETCDF                : disabled
20260914 000459.997 INFO             PET0 ESMF_PIO                    : enabled
20260914 000459.997 INFO             PET0 ESMF_YAMLCPP                : enabled
20260914 000459.998 INFO             PET0  NUMBER_OF_PROCESSORS           1
20260914 000459.998 INFO             PET0  PASS  Example ESMF_TimeEx, ESMF_TimeEx.F90, line 141
20260914 000459.998 INFO             PET0  Finalizing ESMF
