2026-09-08 01:32:03
20260908 021629.451 INFO             PET0 !!!!!!!!!!!!!!!!!!!!!!!!!!!!!!!!!!!!!!!!!!!!!!!!!!!!!!
20260908 021629.451 INFO             PET0 !!! THE ESMF_LOG IS SET TO OUTPUT ALL LOG MESSAGES !!!
20260908 021629.451 INFO             PET0 !!!     THIS MAY CAUSE SLOWDOWN IN PERFORMANCE     !!!
20260908 021629.451 INFO             PET0 !!! FOR PRODUCTION RUNS, USE:                      !!!
20260908 021629.451 INFO             PET0 !!!                   ESMF_LOGKIND_Multi_On_Error  !!!
20260908 021629.451 INFO             PET0 !!!!!!!!!!!!!!!!!!!!!!!!!!!!!!!!!!!!!!!!!!!!!!!!!!!!!!
20260908 021629.451 INFO             PET0 Running with ESMF Version   : develop+g4161bf9d44
20260908 021629.451 INFO             PET0 ESMF library build date/time: "Sep  8 2026" "01:30:04"
20260908 021629.451 INFO             PET0 ESMF library build location : /glade/derecho/scratch/sacks/esmf-testing/intel_2024.2.1_mpi_O_develop/esmf
20260908 021629.451 INFO             PET0 ESMF_COMM                   : mpi
20260908 021629.451 INFO             PET0 ESMF_MOAB                   : enabled
20260908 021629.451 INFO             PET0 ESMF_LAPACK                 : enabled
20260908 021629.451 INFO             PET0 ESMF_NETCDF                 : enabled
20260908 021629.451 INFO             PET0 ESMF_PNETCDF                : disabled
20260908 021629.451 INFO             PET0 ESMF_PIO                    : enabled
20260908 021629.451 INFO             PET0 ESMF_YAMLCPP                : enabled
20260908 021629.452 INFO             PET0 =============================================
20260908 021629.452 INFO             PET0 ESMX (Earth System Model eXecutable) STARTING
20260908 021629.452 INFO             PET0 =============================================
20260908 021629.454 DEBUG            PET0 Generic SetVM() is executing for: ESMX_Driver
20260908 021629.455 DEBUG            PET0 Generic SetVM() found no NUOPC Hint for: ESMX_Driver
20260908 021629.455 DEBUG            PET0 Generic SetVM() therefore is NOT calling ESMF_GridCompSetVMMaxPEs() for: ESMX_Driver
20260908 021629.457 INFO             PET0 ESMX_Driver: InitializeGeneric intro.
20260908 021629.457 INFO             PET0   >>>ESMX_Driver: entered Initialize (phase=<none>) without valid internal Clock.
20260908 021629.457 INFO             PET0   ESMX_Driver: InitializeP0 intro.
20260908 021629.457 INFO             PET0     >>>ESMX_Driver: entered Initialize (phase=<none>) without valid internal Clock.
20260908 021629.457 INFO             PET0     <<<ESMX_Driver: leaving Initialize (phase=<none>) without valid internal Clock.
20260908 021629.457 INFO             PET0   ESMX_Driver: InitializeP0 extro.
20260908 021629.457 INFO             PET0   ESMX_Driver: InitializeIPDv02p1 intro.
20260908 021629.457 INFO             PET0     >>>ESMX_Driver: entered Initialize (phase=<none>) without valid internal Clock.
20260908 021629.460 INFO             PET0     ESMX_Driver - Creating model component MDL without petList.
20260908 021629.488 DEBUG            PET0     Generic SetVM() is executing for: MDL
20260908 021629.488 DEBUG            PET0     Generic SetVM() found no NUOPC Hint for: MDL
20260908 021629.488 DEBUG            PET0     Generic SetVM() therefore is NOT calling ESMF_GridCompSetVMMaxPEs() for: MDL
20260908 021629.493 INFO             PET0     ESMX_Driver: IInitAdvertise intro.
20260908 021629.493 INFO             PET0       >>>ESMX_Driver: entered Initialize (phase=<none>) with current time: 2012 10 24 18  0  0   0
20260908 021629.493 INFO             PET0       <<<ESMX_Driver: leaving Initialize (phase=<none>) with current time: 2012 10 24 18  0  0   0
20260908 021629.493 INFO             PET0     ESMX_Driver: IInitAdvertise extro.
20260908 021629.493 INFO             PET0     Message from inside C component Advertise() method
20260908 021629.672 INFO             PET0     include("/glade/derecho/scratch/sacks/esmf-testing/intel_2024.2.1_mpi_O_develop/nuopc-app-prototypes/ESMX_SingleModelInJuliaProto/SiMoCoJulia/simocojulia_model.jl")
20260908 021629.903 INFO             PET0     path to C library: /glade/derecho/scratch/sacks/esmf-testing/intel_2024.2.1_mpi_O_develop/nuopc-app-prototypes/ESMX_SingleModelInJuliaProto/build/SiMoCoJulia/libSiMoCoJulia.so
20260908 021629.903 INFO             PET0     ESMX_Driver: IInitAdvertiseFinish intro.
20260908 021629.903 INFO             PET0       >>>ESMX_Driver: entered Initialize (phase=<none>) with current time: 2012 10 24 18  0  0   0
20260908 021629.903 INFO             PET0       <<<ESMX_Driver: leaving Initialize (phase=<none>) with current time: 2012 10 24 18  0  0   0
20260908 021629.903 INFO             PET0     ESMX_Driver: IInitAdvertiseFinish extro.
20260908 021629.903 INFO             PET0     ESMX_Driver: IInitModifyCplLists intro.
20260908 021629.903 INFO             PET0       >>>ESMX_Driver: entered Initialize (phase=<none>) with current time: 2012 10 24 18  0  0   0
20260908 021629.903 INFO             PET0       <<<ESMX_Driver: leaving Initialize (phase=<none>) with current time: 2012 10 24 18  0  0   0
20260908 021629.903 INFO             PET0     ESMX_Driver: IInitModifyCplLists extro.
20260908 021629.903 INFO             PET0     <<<ESMX_Driver: leaving Initialize (phase=<none>) with current time: 2012 10 24 18  0  0   0
20260908 021629.903 INFO             PET0   ESMX_Driver: InitializeIPDv02p1 extro.
20260908 021629.903 INFO             PET0   ESMX_Driver: InitializeIPDv02p3 intro.
20260908 021629.903 INFO             PET0     >>>ESMX_Driver: entered Initialize (phase=<none>) with current time: 2012 10 24 18  0  0   0
20260908 021629.903 INFO             PET0     ESMX_Driver: IInitCheck intro.
20260908 021629.903 INFO             PET0       >>>ESMX_Driver: entered Initialize (phase=<none>) with current time: 2012 10 24 18  0  0   0
20260908 021629.904 INFO             PET0       <<<ESMX_Driver: leaving Initialize (phase=<none>) with current time: 2012 10 24 18  0  0   0
20260908 021629.904 INFO             PET0     ESMX_Driver: IInitCheck extro.
20260908 021629.904 INFO             PET0     ESMX_Driver: IInitRealize intro.
20260908 021629.904 INFO             PET0       >>>ESMX_Driver: entered Initialize (phase=<none>) with current time: 2012 10 24 18  0  0   0
20260908 021629.904 INFO             PET0       <<<ESMX_Driver: leaving Initialize (phase=<none>) with current time: 2012 10 24 18  0  0   0
20260908 021629.904 INFO             PET0     ESMX_Driver: IInitRealize extro.
20260908 021629.904 INFO             PET0     <<<ESMX_Driver: leaving Initialize (phase=<none>) with current time: 2012 10 24 18  0  0   0
20260908 021629.904 INFO             PET0   ESMX_Driver: InitializeIPDv02p3 extro.
20260908 021629.904 INFO             PET0   ESMX_Driver: InitializeIPDv02p5 intro.
20260908 021629.904 INFO             PET0     >>>ESMX_Driver: entered Initialize (phase=<none>) with current time: 2012 10 24 18  0  0   0
20260908 021629.904 INFO             PET0     ESMX_Driver: InitializeIPDv02p5Data intro.
20260908 021629.904 INFO             PET0       >>>ESMX_Driver: entered Initialize (phase=<none>) with current time: 2012 10 24 18  0  0   0
20260908 021629.904 INFO             PET0       ESMX_Driver: InternalInitializeComplete intro.
20260908 021629.904 INFO             PET0         >>>ESMX_Driver: entered Initialize (phase=<none>) with current time: 2012 10 24 18  0  0   0
20260908 021629.904 INFO             PET0         <<<ESMX_Driver: leaving Initialize (phase=<none>) with current time: 2012 10 24 18  0  0   0
20260908 021629.904 INFO             PET0       ESMX_Driver: InternalInitializeComplete extro.
20260908 021630.042 INFO             PET0       ESMX_Driver: loopDataDependentInitialize intro.
20260908 021630.042 INFO             PET0         >>>ESMX_Driver: entered Initialize (phase=<none>) with current time: 2012 10 24 18  0  0   0
20260908 021630.043 INFO             PET0         <<<ESMX_Driver: leaving Initialize (phase=<none>) with current time: 2012 10 24 18  0  0   0
20260908 021630.043 INFO             PET0       ESMX_Driver: loopDataDependentInitialize extro.
20260908 021630.043 INFO             PET0       <<<ESMX_Driver: leaving Initialize (phase=<none>) with current time: 2012 10 24 18  0  0   0
20260908 021630.043 INFO             PET0     ESMX_Driver: InitializeIPDv02p5Data extro.
20260908 021630.043 INFO             PET0     <<<ESMX_Driver: leaving Initialize (phase=<none>) with current time: 2012 10 24 18  0  0   0
20260908 021630.043 INFO             PET0   ESMX_Driver: InitializeIPDv02p5 extro.
20260908 021630.043 INFO             PET0   <<<ESMX_Driver: leaving Initialize (phase=<none>) with current time: 2012 10 24 18  0  0   0
20260908 021630.043 INFO             PET0 ESMX_Driver: InitializeGeneric extro.
20260908 021630.043 INFO             PET0 ESMX_Driver: Run intro.
20260908 021630.043 INFO             PET0   >>>ESMX_Driver: entered Run (phase=RunPhase1) with current time: 2012 10 24 18  0  0   0
20260908 021630.043 INFO             PET0   Message from inside C component Advance() method
20260908 021630.078 INFO             PET0   model_state times_called: 1
20260908 021630.078 INFO             PET0   Message from inside C component Advance() method
20260908 021630.078 INFO             PET0   model_state times_called: 2
20260908 021630.078 INFO             PET0   Message from inside C component Advance() method
20260908 021630.078 INFO             PET0   model_state times_called: 3
20260908 021630.078 INFO             PET0   Message from inside C component Advance() method
20260908 021630.078 INFO             PET0   model_state times_called: 4
20260908 021630.079 INFO             PET0   <<<ESMX_Driver: leaving Run (phase=RunPhase1) with current time: 2012 10 24 19  0  0   0
20260908 021630.079 INFO             PET0 ESMX_Driver: Run extro.
20260908 021630.079 INFO             PET0 ESMX_Driver: Finalize intro.
20260908 021630.079 INFO             PET0   >>>ESMX_Driver: entered Finalize (phase=FinalizePhase1) with current time: 2012 10 24 19  0  0   0
20260908 021630.079 INFO             PET0   Calling Finalize phase 1 for modelComp: MDL
20260908 021630.079 INFO             PET0   Message from inside C component Finalize() method
20260908 021630.080 INFO             PET0   Delete modelComp: MDL
20260908 021630.080 INFO             PET0   <<<ESMX_Driver: leaving Finalize (phase=FinalizePhase1) with current time: 2012 10 24 19  0  0   0
20260908 021630.080 INFO             PET0 ESMX_Driver: Finalize extro.
20260908 021630.080 INFO             PET0 =============================================
20260908 021630.080 INFO             PET0 ESMX (Earth System Model eXecutable) FINISHED
20260908 021630.080 INFO             PET0 =============================================
20260908 021630.080 INFO             PET0  Finalizing ESMF
20260908 021629.451 INFO             PET1 !!!!!!!!!!!!!!!!!!!!!!!!!!!!!!!!!!!!!!!!!!!!!!!!!!!!!!
20260908 021629.451 INFO             PET1 !!! THE ESMF_LOG IS SET TO OUTPUT ALL LOG MESSAGES !!!
20260908 021629.451 INFO             PET1 !!!     THIS MAY CAUSE SLOWDOWN IN PERFORMANCE     !!!
20260908 021629.451 INFO             PET1 !!! FOR PRODUCTION RUNS, USE:                      !!!
20260908 021629.451 INFO             PET1 !!!                   ESMF_LOGKIND_Multi_On_Error  !!!
20260908 021629.451 INFO             PET1 !!!!!!!!!!!!!!!!!!!!!!!!!!!!!!!!!!!!!!!!!!!!!!!!!!!!!!
20260908 021629.451 INFO             PET1 Running with ESMF Version   : develop+g4161bf9d44
20260908 021629.451 INFO             PET1 ESMF library build date/time: "Sep  8 2026" "01:30:04"
20260908 021629.451 INFO             PET1 ESMF library build location : /glade/derecho/scratch/sacks/esmf-testing/intel_2024.2.1_mpi_O_develop/esmf
20260908 021629.451 INFO             PET1 ESMF_COMM                   : mpi
20260908 021629.452 INFO             PET1 ESMF_MOAB                   : enabled
20260908 021629.452 INFO             PET1 ESMF_LAPACK                 : enabled
20260908 021629.452 INFO             PET1 ESMF_NETCDF                 : enabled
20260908 021629.452 INFO             PET1 ESMF_PNETCDF                : disabled
20260908 021629.452 INFO             PET1 ESMF_PIO                    : enabled
20260908 021629.452 INFO             PET1 ESMF_YAMLCPP                : enabled
20260908 021629.453 INFO             PET1 =============================================
20260908 021629.453 INFO             PET1 ESMX (Earth System Model eXecutable) STARTING
20260908 021629.453 INFO             PET1 =============================================
20260908 021629.455 DEBUG            PET1 Generic SetVM() is executing for: ESMX_Driver
20260908 021629.455 DEBUG            PET1 Generic SetVM() found no NUOPC Hint for: ESMX_Driver
20260908 021629.455 DEBUG            PET1 Generic SetVM() therefore is NOT calling ESMF_GridCompSetVMMaxPEs() for: ESMX_Driver
20260908 021629.458 INFO             PET1 ESMX_Driver: InitializeGeneric intro.
20260908 021629.458 INFO             PET1   >>>ESMX_Driver: entered Initialize (phase=<none>) without valid internal Clock.
20260908 021629.458 INFO             PET1   ESMX_Driver: InitializeP0 intro.
20260908 021629.458 INFO             PET1     >>>ESMX_Driver: entered Initialize (phase=<none>) without valid internal Clock.
20260908 021629.458 INFO             PET1     <<<ESMX_Driver: leaving Initialize (phase=<none>) without valid internal Clock.
20260908 021629.458 INFO             PET1   ESMX_Driver: InitializeP0 extro.
20260908 021629.458 INFO             PET1   ESMX_Driver: InitializeIPDv02p1 intro.
20260908 021629.458 INFO             PET1     >>>ESMX_Driver: entered Initialize (phase=<none>) without valid internal Clock.
20260908 021629.459 INFO             PET1     ESMX_Driver - Creating model component MDL without petList.
20260908 021629.489 DEBUG            PET1     Generic SetVM() is executing for: MDL
20260908 021629.489 DEBUG            PET1     Generic SetVM() found no NUOPC Hint for: MDL
20260908 021629.489 DEBUG            PET1     Generic SetVM() therefore is NOT calling ESMF_GridCompSetVMMaxPEs() for: MDL
20260908 021629.493 INFO             PET1     ESMX_Driver: IInitAdvertise intro.
20260908 021629.493 INFO             PET1       >>>ESMX_Driver: entered Initialize (phase=<none>) with current time: 2012 10 24 18  0  0   0
20260908 021629.493 INFO             PET1       <<<ESMX_Driver: leaving Initialize (phase=<none>) with current time: 2012 10 24 18  0  0   0
20260908 021629.493 INFO             PET1     ESMX_Driver: IInitAdvertise extro.
20260908 021629.494 INFO             PET1     Message from inside C component Advertise() method
20260908 021629.705 INFO             PET1     include("/glade/derecho/scratch/sacks/esmf-testing/intel_2024.2.1_mpi_O_develop/nuopc-app-prototypes/ESMX_SingleModelInJuliaProto/SiMoCoJulia/simocojulia_model.jl")
20260908 021630.039 INFO             PET1     path to C library: /glade/derecho/scratch/sacks/esmf-testing/intel_2024.2.1_mpi_O_develop/nuopc-app-prototypes/ESMX_SingleModelInJuliaProto/build/SiMoCoJulia/libSiMoCoJulia.so
20260908 021630.040 INFO             PET1     ESMX_Driver: IInitAdvertiseFinish intro.
20260908 021630.040 INFO             PET1       >>>ESMX_Driver: entered Initialize (phase=<none>) with current time: 2012 10 24 18  0  0   0
20260908 021630.040 INFO             PET1       <<<ESMX_Driver: leaving Initialize (phase=<none>) with current time: 2012 10 24 18  0  0   0
20260908 021630.040 INFO             PET1     ESMX_Driver: IInitAdvertiseFinish extro.
20260908 021630.040 INFO             PET1     ESMX_Driver: IInitModifyCplLists intro.
20260908 021630.040 INFO             PET1       >>>ESMX_Driver: entered Initialize (phase=<none>) with current time: 2012 10 24 18  0  0   0
20260908 021630.040 INFO             PET1       <<<ESMX_Driver: leaving Initialize (phase=<none>) with current time: 2012 10 24 18  0  0   0
20260908 021630.040 INFO             PET1     ESMX_Driver: IInitModifyCplLists extro.
20260908 021630.040 INFO             PET1     <<<ESMX_Driver: leaving Initialize (phase=<none>) with current time: 2012 10 24 18  0  0   0
20260908 021630.040 INFO             PET1   ESMX_Driver: InitializeIPDv02p1 extro.
20260908 021630.041 INFO             PET1   ESMX_Driver: InitializeIPDv02p3 intro.
20260908 021630.041 INFO             PET1     >>>ESMX_Driver: entered Initialize (phase=<none>) with current time: 2012 10 24 18  0  0   0
20260908 021630.041 INFO             PET1     ESMX_Driver: IInitCheck intro.
20260908 021630.041 INFO             PET1       >>>ESMX_Driver: entered Initialize (phase=<none>) with current time: 2012 10 24 18  0  0   0
20260908 021630.041 INFO             PET1       <<<ESMX_Driver: leaving Initialize (phase=<none>) with current time: 2012 10 24 18  0  0   0
20260908 021630.041 INFO             PET1     ESMX_Driver: IInitCheck extro.
20260908 021630.041 INFO             PET1     ESMX_Driver: IInitRealize intro.
20260908 021630.041 INFO             PET1       >>>ESMX_Driver: entered Initialize (phase=<none>) with current time: 2012 10 24 18  0  0   0
20260908 021630.041 INFO             PET1       <<<ESMX_Driver: leaving Initialize (phase=<none>) with current time: 2012 10 24 18  0  0   0
20260908 021630.041 INFO             PET1     ESMX_Driver: IInitRealize extro.
20260908 021630.041 INFO             PET1     <<<ESMX_Driver: leaving Initialize (phase=<none>) with current time: 2012 10 24 18  0  0   0
20260908 021630.041 INFO             PET1   ESMX_Driver: InitializeIPDv02p3 extro.
20260908 021630.041 INFO             PET1   ESMX_Driver: InitializeIPDv02p5 intro.
20260908 021630.042 INFO             PET1     >>>ESMX_Driver: entered Initialize (phase=<none>) with current time: 2012 10 24 18  0  0   0
20260908 021630.042 INFO             PET1     ESMX_Driver: InitializeIPDv02p5Data intro.
20260908 021630.042 INFO             PET1       >>>ESMX_Driver: entered Initialize (phase=<none>) with current time: 2012 10 24 18  0  0   0
20260908 021630.042 INFO             PET1       ESMX_Driver: InternalInitializeComplete intro.
20260908 021630.042 INFO             PET1         >>>ESMX_Driver: entered Initialize (phase=<none>) with current time: 2012 10 24 18  0  0   0
20260908 021630.042 INFO             PET1         <<<ESMX_Driver: leaving Initialize (phase=<none>) with current time: 2012 10 24 18  0  0   0
20260908 021630.042 INFO             PET1       ESMX_Driver: InternalInitializeComplete extro.
20260908 021630.042 INFO             PET1       ESMX_Driver: loopDataDependentInitialize intro.
20260908 021630.042 INFO             PET1         >>>ESMX_Driver: entered Initialize (phase=<none>) with current time: 2012 10 24 18  0  0   0
20260908 021630.043 INFO             PET1         <<<ESMX_Driver: leaving Initialize (phase=<none>) with current time: 2012 10 24 18  0  0   0
20260908 021630.043 INFO             PET1       ESMX_Driver: loopDataDependentInitialize extro.
20260908 021630.043 INFO             PET1       <<<ESMX_Driver: leaving Initialize (phase=<none>) with current time: 2012 10 24 18  0  0   0
20260908 021630.043 INFO             PET1     ESMX_Driver: InitializeIPDv02p5Data extro.
20260908 021630.043 INFO             PET1     <<<ESMX_Driver: leaving Initialize (phase=<none>) with current time: 2012 10 24 18  0  0   0
20260908 021630.043 INFO             PET1   ESMX_Driver: InitializeIPDv02p5 extro.
20260908 021630.043 INFO             PET1   <<<ESMX_Driver: leaving Initialize (phase=<none>) with current time: 2012 10 24 18  0  0   0
20260908 021630.043 INFO             PET1 ESMX_Driver: InitializeGeneric extro.
20260908 021630.043 INFO             PET1 ESMX_Driver: Run intro.
20260908 021630.043 INFO             PET1   >>>ESMX_Driver: entered Run (phase=RunPhase1) with current time: 2012 10 24 18  0  0   0
20260908 021630.043 INFO             PET1   Message from inside C component Advance() method
20260908 021630.097 INFO             PET1   model_state times_called: 1
20260908 021630.098 INFO             PET1   Message from inside C component Advance() method
20260908 021630.098 INFO             PET1   model_state times_called: 2
20260908 021630.098 INFO             PET1   Message from inside C component Advance() method
20260908 021630.098 INFO             PET1   model_state times_called: 3
20260908 021630.098 INFO             PET1   Message from inside C component Advance() method
20260908 021630.098 INFO             PET1   model_state times_called: 4
20260908 021630.098 INFO             PET1   <<<ESMX_Driver: leaving Run (phase=RunPhase1) with current time: 2012 10 24 19  0  0   0
20260908 021630.098 INFO             PET1 ESMX_Driver: Run extro.
20260908 021630.098 INFO             PET1 ESMX_Driver: Finalize intro.
20260908 021630.098 INFO             PET1   >>>ESMX_Driver: entered Finalize (phase=FinalizePhase1) with current time: 2012 10 24 19  0  0   0
20260908 021630.098 INFO             PET1   Calling Finalize phase 1 for modelComp: MDL
20260908 021630.098 INFO             PET1   Message from inside C component Finalize() method
20260908 021630.099 INFO             PET1   Delete modelComp: MDL
20260908 021630.099 INFO             PET1   <<<ESMX_Driver: leaving Finalize (phase=FinalizePhase1) with current time: 2012 10 24 19  0  0   0
20260908 021630.099 INFO             PET1 ESMX_Driver: Finalize extro.
20260908 021630.099 INFO             PET1 =============================================
20260908 021630.099 INFO             PET1 ESMX (Earth System Model eXecutable) FINISHED
20260908 021630.099 INFO             PET1 =============================================
20260908 021630.099 INFO             PET1  Finalizing ESMF
20260908 021629.451 INFO             PET2 !!!!!!!!!!!!!!!!!!!!!!!!!!!!!!!!!!!!!!!!!!!!!!!!!!!!!!
20260908 021629.451 INFO             PET2 !!! THE ESMF_LOG IS SET TO OUTPUT ALL LOG MESSAGES !!!
20260908 021629.451 INFO             PET2 !!!     THIS MAY CAUSE SLOWDOWN IN PERFORMANCE     !!!
20260908 021629.451 INFO             PET2 !!! FOR PRODUCTION RUNS, USE:                      !!!
20260908 021629.451 INFO             PET2 !!!                   ESMF_LOGKIND_Multi_On_Error  !!!
20260908 021629.451 INFO             PET2 !!!!!!!!!!!!!!!!!!!!!!!!!!!!!!!!!!!!!!!!!!!!!!!!!!!!!!
20260908 021629.451 INFO             PET2 Running with ESMF Version   : develop+g4161bf9d44
20260908 021629.451 INFO             PET2 ESMF library build date/time: "Sep  8 2026" "01:30:04"
20260908 021629.451 INFO             PET2 ESMF library build location : /glade/derecho/scratch/sacks/esmf-testing/intel_2024.2.1_mpi_O_develop/esmf
20260908 021629.451 INFO             PET2 ESMF_COMM                   : mpi
20260908 021629.451 INFO             PET2 ESMF_MOAB                   : enabled
20260908 021629.451 INFO             PET2 ESMF_LAPACK                 : enabled
20260908 021629.451 INFO             PET2 ESMF_NETCDF                 : enabled
20260908 021629.451 INFO             PET2 ESMF_PNETCDF                : disabled
20260908 021629.451 INFO             PET2 ESMF_PIO                    : enabled
20260908 021629.451 INFO             PET2 ESMF_YAMLCPP                : enabled
20260908 021629.452 INFO             PET2 =============================================
20260908 021629.452 INFO             PET2 ESMX (Earth System Model eXecutable) STARTING
20260908 021629.452 INFO             PET2 =============================================
20260908 021629.455 DEBUG            PET2 Generic SetVM() is executing for: ESMX_Driver
20260908 021629.455 DEBUG            PET2 Generic SetVM() found no NUOPC Hint for: ESMX_Driver
20260908 021629.455 DEBUG            PET2 Generic SetVM() therefore is NOT calling ESMF_GridCompSetVMMaxPEs() for: ESMX_Driver
20260908 021629.457 INFO             PET2 ESMX_Driver: InitializeGeneric intro.
20260908 021629.457 INFO             PET2   >>>ESMX_Driver: entered Initialize (phase=<none>) without valid internal Clock.
20260908 021629.457 INFO             PET2   ESMX_Driver: InitializeP0 intro.
20260908 021629.457 INFO             PET2     >>>ESMX_Driver: entered Initialize (phase=<none>) without valid internal Clock.
20260908 021629.457 INFO             PET2     <<<ESMX_Driver: leaving Initialize (phase=<none>) without valid internal Clock.
20260908 021629.457 INFO             PET2   ESMX_Driver: InitializeP0 extro.
20260908 021629.457 INFO             PET2   ESMX_Driver: InitializeIPDv02p1 intro.
20260908 021629.457 INFO             PET2     >>>ESMX_Driver: entered Initialize (phase=<none>) without valid internal Clock.
20260908 021629.459 INFO             PET2     ESMX_Driver - Creating model component MDL without petList.
20260908 021629.488 DEBUG            PET2     Generic SetVM() is executing for: MDL
20260908 021629.488 DEBUG            PET2     Generic SetVM() found no NUOPC Hint for: MDL
20260908 021629.488 DEBUG            PET2     Generic SetVM() therefore is NOT calling ESMF_GridCompSetVMMaxPEs() for: MDL
20260908 021629.493 INFO             PET2     ESMX_Driver: IInitAdvertise intro.
20260908 021629.493 INFO             PET2       >>>ESMX_Driver: entered Initialize (phase=<none>) with current time: 2012 10 24 18  0  0   0
20260908 021629.493 INFO             PET2       <<<ESMX_Driver: leaving Initialize (phase=<none>) with current time: 2012 10 24 18  0  0   0
20260908 021629.493 INFO             PET2     ESMX_Driver: IInitAdvertise extro.
20260908 021629.493 INFO             PET2     Message from inside C component Advertise() method
20260908 021629.672 INFO             PET2     include("/glade/derecho/scratch/sacks/esmf-testing/intel_2024.2.1_mpi_O_develop/nuopc-app-prototypes/ESMX_SingleModelInJuliaProto/SiMoCoJulia/simocojulia_model.jl")
20260908 021629.903 INFO             PET2     path to C library: /glade/derecho/scratch/sacks/esmf-testing/intel_2024.2.1_mpi_O_develop/nuopc-app-prototypes/ESMX_SingleModelInJuliaProto/build/SiMoCoJulia/libSiMoCoJulia.so
20260908 021629.903 INFO             PET2     ESMX_Driver: IInitAdvertiseFinish intro.
20260908 021629.903 INFO             PET2       >>>ESMX_Driver: entered Initialize (phase=<none>) with current time: 2012 10 24 18  0  0   0
20260908 021629.903 INFO             PET2       <<<ESMX_Driver: leaving Initialize (phase=<none>) with current time: 2012 10 24 18  0  0   0
20260908 021629.903 INFO             PET2     ESMX_Driver: IInitAdvertiseFinish extro.
20260908 021629.903 INFO             PET2     ESMX_Driver: IInitModifyCplLists intro.
20260908 021629.903 INFO             PET2       >>>ESMX_Driver: entered Initialize (phase=<none>) with current time: 2012 10 24 18  0  0   0
20260908 021629.903 INFO             PET2       <<<ESMX_Driver: leaving Initialize (phase=<none>) with current time: 2012 10 24 18  0  0   0
20260908 021629.903 INFO             PET2     ESMX_Driver: IInitModifyCplLists extro.
20260908 021629.903 INFO             PET2     <<<ESMX_Driver: leaving Initialize (phase=<none>) with current time: 2012 10 24 18  0  0   0
20260908 021629.903 INFO             PET2   ESMX_Driver: InitializeIPDv02p1 extro.
20260908 021629.903 INFO             PET2   ESMX_Driver: InitializeIPDv02p3 intro.
20260908 021629.903 INFO             PET2     >>>ESMX_Driver: entered Initialize (phase=<none>) with current time: 2012 10 24 18  0  0   0
20260908 021629.903 INFO             PET2     ESMX_Driver: IInitCheck intro.
20260908 021629.903 INFO             PET2       >>>ESMX_Driver: entered Initialize (phase=<none>) with current time: 2012 10 24 18  0  0   0
20260908 021629.903 INFO             PET2       <<<ESMX_Driver: leaving Initialize (phase=<none>) with current time: 2012 10 24 18  0  0   0
20260908 021629.904 INFO             PET2     ESMX_Driver: IInitCheck extro.
20260908 021629.904 INFO             PET2     ESMX_Driver: IInitRealize intro.
20260908 021629.904 INFO             PET2       >>>ESMX_Driver: entered Initialize (phase=<none>) with current time: 2012 10 24 18  0  0   0
20260908 021629.904 INFO             PET2       <<<ESMX_Driver: leaving Initialize (phase=<none>) with current time: 2012 10 24 18  0  0   0
20260908 021629.904 INFO             PET2     ESMX_Driver: IInitRealize extro.
20260908 021629.904 INFO             PET2     <<<ESMX_Driver: leaving Initialize (phase=<none>) with current time: 2012 10 24 18  0  0   0
20260908 021629.904 INFO             PET2   ESMX_Driver: InitializeIPDv02p3 extro.
20260908 021629.904 INFO             PET2   ESMX_Driver: InitializeIPDv02p5 intro.
20260908 021629.904 INFO             PET2     >>>ESMX_Driver: entered Initialize (phase=<none>) with current time: 2012 10 24 18  0  0   0
20260908 021629.904 INFO             PET2     ESMX_Driver: InitializeIPDv02p5Data intro.
20260908 021629.904 INFO             PET2       >>>ESMX_Driver: entered Initialize (phase=<none>) with current time: 2012 10 24 18  0  0   0
20260908 021629.904 INFO             PET2       ESMX_Driver: InternalInitializeComplete intro.
20260908 021629.904 INFO             PET2         >>>ESMX_Driver: entered Initialize (phase=<none>) with current time: 2012 10 24 18  0  0   0
20260908 021629.904 INFO             PET2         <<<ESMX_Driver: leaving Initialize (phase=<none>) with current time: 2012 10 24 18  0  0   0
20260908 021629.904 INFO             PET2       ESMX_Driver: InternalInitializeComplete extro.
20260908 021630.042 INFO             PET2       ESMX_Driver: loopDataDependentInitialize intro.
20260908 021630.042 INFO             PET2         >>>ESMX_Driver: entered Initialize (phase=<none>) with current time: 2012 10 24 18  0  0   0
20260908 021630.043 INFO             PET2         <<<ESMX_Driver: leaving Initialize (phase=<none>) with current time: 2012 10 24 18  0  0   0
20260908 021630.043 INFO             PET2       ESMX_Driver: loopDataDependentInitialize extro.
20260908 021630.043 INFO             PET2       <<<ESMX_Driver: leaving Initialize (phase=<none>) with current time: 2012 10 24 18  0  0   0
20260908 021630.043 INFO             PET2     ESMX_Driver: InitializeIPDv02p5Data extro.
20260908 021630.043 INFO             PET2     <<<ESMX_Driver: leaving Initialize (phase=<none>) with current time: 2012 10 24 18  0  0   0
20260908 021630.043 INFO             PET2   ESMX_Driver: InitializeIPDv02p5 extro.
20260908 021630.043 INFO             PET2   <<<ESMX_Driver: leaving Initialize (phase=<none>) with current time: 2012 10 24 18  0  0   0
20260908 021630.043 INFO             PET2 ESMX_Driver: InitializeGeneric extro.
20260908 021630.043 INFO             PET2 ESMX_Driver: Run intro.
20260908 021630.043 INFO             PET2   >>>ESMX_Driver: entered Run (phase=RunPhase1) with current time: 2012 10 24 18  0  0   0
20260908 021630.043 INFO             PET2   Message from inside C component Advance() method
20260908 021630.078 INFO             PET2   model_state times_called: 1
20260908 021630.078 INFO             PET2   Message from inside C component Advance() method
20260908 021630.078 INFO             PET2   model_state times_called: 2
20260908 021630.078 INFO             PET2   Message from inside C component Advance() method
20260908 021630.078 INFO             PET2   model_state times_called: 3
20260908 021630.078 INFO             PET2   Message from inside C component Advance() method
20260908 021630.078 INFO             PET2   model_state times_called: 4
20260908 021630.079 INFO             PET2   <<<ESMX_Driver: leaving Run (phase=RunPhase1) with current time: 2012 10 24 19  0  0   0
20260908 021630.079 INFO             PET2 ESMX_Driver: Run extro.
20260908 021630.079 INFO             PET2 ESMX_Driver: Finalize intro.
20260908 021630.079 INFO             PET2   >>>ESMX_Driver: entered Finalize (phase=FinalizePhase1) with current time: 2012 10 24 19  0  0   0
20260908 021630.079 INFO             PET2   Calling Finalize phase 1 for modelComp: MDL
20260908 021630.079 INFO             PET2   Message from inside C component Finalize() method
20260908 021630.080 INFO             PET2   Delete modelComp: MDL
20260908 021630.080 INFO             PET2   <<<ESMX_Driver: leaving Finalize (phase=FinalizePhase1) with current time: 2012 10 24 19  0  0   0
20260908 021630.080 INFO             PET2 ESMX_Driver: Finalize extro.
20260908 021630.080 INFO             PET2 =============================================
20260908 021630.080 INFO             PET2 ESMX (Earth System Model eXecutable) FINISHED
20260908 021630.080 INFO             PET2 =============================================
20260908 021630.080 INFO             PET2  Finalizing ESMF
20260908 021629.451 INFO             PET3 !!!!!!!!!!!!!!!!!!!!!!!!!!!!!!!!!!!!!!!!!!!!!!!!!!!!!!
20260908 021629.451 INFO             PET3 !!! THE ESMF_LOG IS SET TO OUTPUT ALL LOG MESSAGES !!!
20260908 021629.451 INFO             PET3 !!!     THIS MAY CAUSE SLOWDOWN IN PERFORMANCE     !!!
20260908 021629.451 INFO             PET3 !!! FOR PRODUCTION RUNS, USE:                      !!!
20260908 021629.451 INFO             PET3 !!!                   ESMF_LOGKIND_Multi_On_Error  !!!
20260908 021629.451 INFO             PET3 !!!!!!!!!!!!!!!!!!!!!!!!!!!!!!!!!!!!!!!!!!!!!!!!!!!!!!
20260908 021629.451 INFO             PET3 Running with ESMF Version   : develop+g4161bf9d44
20260908 021629.451 INFO             PET3 ESMF library build date/time: "Sep  8 2026" "01:30:04"
20260908 021629.451 INFO             PET3 ESMF library build location : /glade/derecho/scratch/sacks/esmf-testing/intel_2024.2.1_mpi_O_develop/esmf
20260908 021629.451 INFO             PET3 ESMF_COMM                   : mpi
20260908 021629.451 INFO             PET3 ESMF_MOAB                   : enabled
20260908 021629.451 INFO             PET3 ESMF_LAPACK                 : enabled
20260908 021629.451 INFO             PET3 ESMF_NETCDF                 : enabled
20260908 021629.451 INFO             PET3 ESMF_PNETCDF                : disabled
20260908 021629.451 INFO             PET3 ESMF_PIO                    : enabled
20260908 021629.451 INFO             PET3 ESMF_YAMLCPP                : enabled
20260908 021629.452 INFO             PET3 =============================================
20260908 021629.452 INFO             PET3 ESMX (Earth System Model eXecutable) STARTING
20260908 021629.452 INFO             PET3 =============================================
20260908 021629.454 DEBUG            PET3 Generic SetVM() is executing for: ESMX_Driver
20260908 021629.455 DEBUG            PET3 Generic SetVM() found no NUOPC Hint for: ESMX_Driver
20260908 021629.455 DEBUG            PET3 Generic SetVM() therefore is NOT calling ESMF_GridCompSetVMMaxPEs() for: ESMX_Driver
20260908 021629.457 INFO             PET3 ESMX_Driver: InitializeGeneric intro.
20260908 021629.457 INFO             PET3   >>>ESMX_Driver: entered Initialize (phase=<none>) without valid internal Clock.
20260908 021629.457 INFO             PET3   ESMX_Driver: InitializeP0 intro.
20260908 021629.457 INFO             PET3     >>>ESMX_Driver: entered Initialize (phase=<none>) without valid internal Clock.
20260908 021629.457 INFO             PET3     <<<ESMX_Driver: leaving Initialize (phase=<none>) without valid internal Clock.
20260908 021629.457 INFO             PET3   ESMX_Driver: InitializeP0 extro.
20260908 021629.457 INFO             PET3   ESMX_Driver: InitializeIPDv02p1 intro.
20260908 021629.457 INFO             PET3     >>>ESMX_Driver: entered Initialize (phase=<none>) without valid internal Clock.
20260908 021629.459 INFO             PET3     ESMX_Driver - Creating model component MDL without petList.
20260908 021629.488 DEBUG            PET3     Generic SetVM() is executing for: MDL
20260908 021629.488 DEBUG            PET3     Generic SetVM() found no NUOPC Hint for: MDL
20260908 021629.488 DEBUG            PET3     Generic SetVM() therefore is NOT calling ESMF_GridCompSetVMMaxPEs() for: MDL
20260908 021629.493 INFO             PET3     ESMX_Driver: IInitAdvertise intro.
20260908 021629.493 INFO             PET3       >>>ESMX_Driver: entered Initialize (phase=<none>) with current time: 2012 10 24 18  0  0   0
20260908 021629.493 INFO             PET3       <<<ESMX_Driver: leaving Initialize (phase=<none>) with current time: 2012 10 24 18  0  0   0
20260908 021629.493 INFO             PET3     ESMX_Driver: IInitAdvertise extro.
20260908 021629.493 INFO             PET3     Message from inside C component Advertise() method
20260908 021629.672 INFO             PET3     include("/glade/derecho/scratch/sacks/esmf-testing/intel_2024.2.1_mpi_O_develop/nuopc-app-prototypes/ESMX_SingleModelInJuliaProto/SiMoCoJulia/simocojulia_model.jl")
20260908 021629.903 INFO             PET3     path to C library: /glade/derecho/scratch/sacks/esmf-testing/intel_2024.2.1_mpi_O_develop/nuopc-app-prototypes/ESMX_SingleModelInJuliaProto/build/SiMoCoJulia/libSiMoCoJulia.so
20260908 021629.903 INFO             PET3     ESMX_Driver: IInitAdvertiseFinish intro.
20260908 021629.903 INFO             PET3       >>>ESMX_Driver: entered Initialize (phase=<none>) with current time: 2012 10 24 18  0  0   0
20260908 021629.903 INFO             PET3       <<<ESMX_Driver: leaving Initialize (phase=<none>) with current time: 2012 10 24 18  0  0   0
20260908 021629.903 INFO             PET3     ESMX_Driver: IInitAdvertiseFinish extro.
20260908 021629.903 INFO             PET3     ESMX_Driver: IInitModifyCplLists intro.
20260908 021629.903 INFO             PET3       >>>ESMX_Driver: entered Initialize (phase=<none>) with current time: 2012 10 24 18  0  0   0
20260908 021629.903 INFO             PET3       <<<ESMX_Driver: leaving Initialize (phase=<none>) with current time: 2012 10 24 18  0  0   0
20260908 021629.903 INFO             PET3     ESMX_Driver: IInitModifyCplLists extro.
20260908 021629.903 INFO             PET3     <<<ESMX_Driver: leaving Initialize (phase=<none>) with current time: 2012 10 24 18  0  0   0
20260908 021629.903 INFO             PET3   ESMX_Driver: InitializeIPDv02p1 extro.
20260908 021629.903 INFO             PET3   ESMX_Driver: InitializeIPDv02p3 intro.
20260908 021629.903 INFO             PET3     >>>ESMX_Driver: entered Initialize (phase=<none>) with current time: 2012 10 24 18  0  0   0
20260908 021629.903 INFO             PET3     ESMX_Driver: IInitCheck intro.
20260908 021629.903 INFO             PET3       >>>ESMX_Driver: entered Initialize (phase=<none>) with current time: 2012 10 24 18  0  0   0
20260908 021629.904 INFO             PET3       <<<ESMX_Driver: leaving Initialize (phase=<none>) with current time: 2012 10 24 18  0  0   0
20260908 021629.904 INFO             PET3     ESMX_Driver: IInitCheck extro.
20260908 021629.904 INFO             PET3     ESMX_Driver: IInitRealize intro.
20260908 021629.904 INFO             PET3       >>>ESMX_Driver: entered Initialize (phase=<none>) with current time: 2012 10 24 18  0  0   0
20260908 021629.904 INFO             PET3       <<<ESMX_Driver: leaving Initialize (phase=<none>) with current time: 2012 10 24 18  0  0   0
20260908 021629.904 INFO             PET3     ESMX_Driver: IInitRealize extro.
20260908 021629.904 INFO             PET3     <<<ESMX_Driver: leaving Initialize (phase=<none>) with current time: 2012 10 24 18  0  0   0
20260908 021629.904 INFO             PET3   ESMX_Driver: InitializeIPDv02p3 extro.
20260908 021629.904 INFO             PET3   ESMX_Driver: InitializeIPDv02p5 intro.
20260908 021629.904 INFO             PET3     >>>ESMX_Driver: entered Initialize (phase=<none>) with current time: 2012 10 24 18  0  0   0
20260908 021629.904 INFO             PET3     ESMX_Driver: InitializeIPDv02p5Data intro.
20260908 021629.904 INFO             PET3       >>>ESMX_Driver: entered Initialize (phase=<none>) with current time: 2012 10 24 18  0  0   0
20260908 021629.904 INFO             PET3       ESMX_Driver: InternalInitializeComplete intro.
20260908 021629.904 INFO             PET3         >>>ESMX_Driver: entered Initialize (phase=<none>) with current time: 2012 10 24 18  0  0   0
20260908 021629.904 INFO             PET3         <<<ESMX_Driver: leaving Initialize (phase=<none>) with current time: 2012 10 24 18  0  0   0
20260908 021629.904 INFO             PET3       ESMX_Driver: InternalInitializeComplete extro.
20260908 021630.042 INFO             PET3       ESMX_Driver: loopDataDependentInitialize intro.
20260908 021630.042 INFO             PET3         >>>ESMX_Driver: entered Initialize (phase=<none>) with current time: 2012 10 24 18  0  0   0
20260908 021630.043 INFO             PET3         <<<ESMX_Driver: leaving Initialize (phase=<none>) with current time: 2012 10 24 18  0  0   0
20260908 021630.043 INFO             PET3       ESMX_Driver: loopDataDependentInitialize extro.
20260908 021630.043 INFO             PET3       <<<ESMX_Driver: leaving Initialize (phase=<none>) with current time: 2012 10 24 18  0  0   0
20260908 021630.043 INFO             PET3     ESMX_Driver: InitializeIPDv02p5Data extro.
20260908 021630.043 INFO             PET3     <<<ESMX_Driver: leaving Initialize (phase=<none>) with current time: 2012 10 24 18  0  0   0
20260908 021630.043 INFO             PET3   ESMX_Driver: InitializeIPDv02p5 extro.
20260908 021630.043 INFO             PET3   <<<ESMX_Driver: leaving Initialize (phase=<none>) with current time: 2012 10 24 18  0  0   0
20260908 021630.043 INFO             PET3 ESMX_Driver: InitializeGeneric extro.
20260908 021630.043 INFO             PET3 ESMX_Driver: Run intro.
20260908 021630.043 INFO             PET3   >>>ESMX_Driver: entered Run (phase=RunPhase1) with current time: 2012 10 24 18  0  0   0
20260908 021630.043 INFO             PET3   Message from inside C component Advance() method
20260908 021630.078 INFO             PET3   model_state times_called: 1
20260908 021630.078 INFO             PET3   Message from inside C component Advance() method
20260908 021630.078 INFO             PET3   model_state times_called: 2
20260908 021630.078 INFO             PET3   Message from inside C component Advance() method
20260908 021630.078 INFO             PET3   model_state times_called: 3
20260908 021630.078 INFO             PET3   Message from inside C component Advance() method
20260908 021630.078 INFO             PET3   model_state times_called: 4
20260908 021630.079 INFO             PET3   <<<ESMX_Driver: leaving Run (phase=RunPhase1) with current time: 2012 10 24 19  0  0   0
20260908 021630.079 INFO             PET3 ESMX_Driver: Run extro.
20260908 021630.079 INFO             PET3 ESMX_Driver: Finalize intro.
20260908 021630.079 INFO             PET3   >>>ESMX_Driver: entered Finalize (phase=FinalizePhase1) with current time: 2012 10 24 19  0  0   0
20260908 021630.079 INFO             PET3   Calling Finalize phase 1 for modelComp: MDL
20260908 021630.079 INFO             PET3   Message from inside C component Finalize() method
20260908 021630.080 INFO             PET3   Delete modelComp: MDL
20260908 021630.080 INFO             PET3   <<<ESMX_Driver: leaving Finalize (phase=FinalizePhase1) with current time: 2012 10 24 19  0  0   0
20260908 021630.080 INFO             PET3 ESMX_Driver: Finalize extro.
20260908 021630.080 INFO             PET3 =============================================
20260908 021630.080 INFO             PET3 ESMX (Earth System Model eXecutable) FINISHED
20260908 021630.080 INFO             PET3 =============================================
20260908 021630.080 INFO             PET3  Finalizing ESMF
