2026-09-07 23:56:31
20260908 011349.085 INFO             PET0 !!!!!!!!!!!!!!!!!!!!!!!!!!!!!!!!!!!!!!!!!!!!!!!!!!!!!!
20260908 011349.085 INFO             PET0 !!! THE ESMF_LOG IS SET TO OUTPUT ALL LOG MESSAGES !!!
20260908 011349.085 INFO             PET0 !!!     THIS MAY CAUSE SLOWDOWN IN PERFORMANCE     !!!
20260908 011349.085 INFO             PET0 !!! FOR PRODUCTION RUNS, USE:                      !!!
20260908 011349.085 INFO             PET0 !!!                   ESMF_LOGKIND_Multi_On_Error  !!!
20260908 011349.085 INFO             PET0 !!!!!!!!!!!!!!!!!!!!!!!!!!!!!!!!!!!!!!!!!!!!!!!!!!!!!!
20260908 011349.085 INFO             PET0 Running with ESMF Version   : feature/esmx-cmake+gdd1288b46b
20260908 011349.085 INFO             PET0 ESMF library build date/time: "Sep  7 2026" "23:52:07"
20260908 011349.085 INFO             PET0 ESMF library build location : /scratch3/NCEPDEV/stmp/Gerhard.Theurich/ESMF-Nightly-Testing-Hera/nvhpc_24.1_openmpi_O_feature_esmx-cmake/esmf
20260908 011349.085 INFO             PET0 ESMF_COMM                   : openmpi
20260908 011349.086 INFO             PET0 ESMF_MOAB                   : enabled
20260908 011349.086 INFO             PET0 ESMF_LAPACK                 : enabled
20260908 011349.086 INFO             PET0 ESMF_NETCDF                 : disabled
20260908 011349.086 INFO             PET0 ESMF_PNETCDF                : disabled
20260908 011349.086 INFO             PET0 ESMF_PIO                    : disabled
20260908 011349.086 INFO             PET0 ESMF_YAMLCPP                : enabled
20260908 011349.087 INFO             PET0  NUMBER_OF_PROCESSORS            1
20260908 011349.087 INFO             PET0  PASS  Example ESMF_TimeEx, ESMF_TimeEx.F90, line 141
20260908 011349.087 INFO             PET0  Finalizing ESMF
