2026-08-31 04:58:51
20260831 052158.870 INFO             PET0 !!!!!!!!!!!!!!!!!!!!!!!!!!!!!!!!!!!!!!!!!!!!!!!!!!!!!!
20260831 052158.870 INFO             PET0 !!! THE ESMF_LOG IS SET TO OUTPUT ALL LOG MESSAGES !!!
20260831 052158.870 INFO             PET0 !!!     THIS MAY CAUSE SLOWDOWN IN PERFORMANCE     !!!
20260831 052158.870 INFO             PET0 !!! FOR PRODUCTION RUNS, USE:                      !!!
20260831 052158.870 INFO             PET0 !!!                   ESMF_LOGKIND_Multi_On_Error  !!!
20260831 052158.870 INFO             PET0 !!!!!!!!!!!!!!!!!!!!!!!!!!!!!!!!!!!!!!!!!!!!!!!!!!!!!!
20260831 052158.870 INFO             PET0 Running with ESMF Version   : develop+g1082792c4b
20260831 052158.870 INFO             PET0 ESMF library build date/time: "Aug 31 2026" "04:57:29"
20260831 052158.870 INFO             PET0 ESMF library build location : /tmp/gfortran_12.3.0_mpiuni_O_develop/esmf
20260831 052158.870 INFO             PET0 ESMF_COMM                   : mpiuni
20260831 052158.870 INFO             PET0 ESMF_MOAB                   : enabled
20260831 052158.870 INFO             PET0 ESMF_LAPACK                 : enabled
20260831 052158.870 INFO             PET0 ESMF_NETCDF                 : enabled
20260831 052158.870 INFO             PET0 ESMF_PNETCDF                : disabled
20260831 052158.870 INFO             PET0 ESMF_PIO                    : enabled
20260831 052158.870 INFO             PET0 ESMF_YAMLCPP                : enabled
20260831 052158.870 INFO             PET0  NUMBER_OF_PROCESSORS           1
20260831 052158.870 INFO             PET0  PASS  Example ESMF_TimeIntervalEx, ESMF_TimeIntervalEx.F90, line 176
20260831 052158.870 INFO             PET0  Finalizing ESMF
