2026-09-17 22:41:14
20260917 230733.486 INFO             PET0 !!!!!!!!!!!!!!!!!!!!!!!!!!!!!!!!!!!!!!!!!!!!!!!!!!!!!!
20260917 230733.487 INFO             PET0 !!! THE ESMF_LOG IS SET TO OUTPUT ALL LOG MESSAGES !!!
20260917 230733.487 INFO             PET0 !!!     THIS MAY CAUSE SLOWDOWN IN PERFORMANCE     !!!
20260917 230733.487 INFO             PET0 !!! FOR PRODUCTION RUNS, USE:                      !!!
20260917 230733.487 INFO             PET0 !!!                   ESMF_LOGKIND_Multi_On_Error  !!!
20260917 230733.487 INFO             PET0 !!!!!!!!!!!!!!!!!!!!!!!!!!!!!!!!!!!!!!!!!!!!!!!!!!!!!!
20260917 230733.487 INFO             PET0 Running with ESMF Version   : develop+gb6b90e9e0c
20260917 230733.487 INFO             PET0 ESMF library build date/time: "Sep 17 2026" "22:39:59"
20260917 230733.487 INFO             PET0 ESMF library build location : /usr/local/esmf/esmf-testing/nag_7.2.44_openmpi_O_develop/esmf
20260917 230733.487 INFO             PET0 ESMF_COMM                   : openmpi
20260917 230733.487 INFO             PET0 ESMF_MOAB                   : enabled
20260917 230733.487 INFO             PET0 ESMF_LAPACK                 : enabled
20260917 230733.487 INFO             PET0 ESMF_NETCDF                 : enabled
20260917 230733.487 INFO             PET0 ESMF_PNETCDF                : disabled
20260917 230733.487 INFO             PET0 ESMF_PIO                    : enabled
20260917 230733.487 INFO             PET0 ESMF_YAMLCPP                : enabled
20260917 230733.490 INFO             PET0 =============================================
20260917 230733.490 INFO             PET0 ESMX (Earth System Model eXecutable) STARTING
20260917 230733.490 INFO             PET0 =============================================
20260917 230733.494 DEBUG            PET0 Generic SetVM() is executing for: ESMX_Driver
20260917 230733.498 DEBUG            PET0 Generic SetVM() found no NUOPC Hint for: ESMX_Driver
20260917 230733.498 DEBUG            PET0 Generic SetVM() therefore is NOT calling ESMF_GridCompSetVMMaxPEs() for: ESMX_Driver
20260917 230733.503 INFO             PET0 ESMX_Driver: InitializeGeneric intro.
20260917 230733.503 INFO             PET0   >>>ESMX_Driver: entered Initialize (phase=<none>) without valid internal Clock.
20260917 230733.503 INFO             PET0   ESMX_Driver: InitializeP0 intro.
20260917 230733.503 INFO             PET0     >>>ESMX_Driver: entered Initialize (phase=<none>) without valid internal Clock.
20260917 230733.503 INFO             PET0     <<<ESMX_Driver: leaving Initialize (phase=<none>) without valid internal Clock.
20260917 230733.503 INFO             PET0   ESMX_Driver: InitializeP0 extro.
20260917 230733.503 INFO             PET0   ESMX_Driver: InitializeIPDv02p1 intro.
20260917 230733.503 INFO             PET0     >>>ESMX_Driver: entered Initialize (phase=<none>) without valid internal Clock.
20260917 230733.508 INFO             PET0     ESMX_Driver - Creating model component MDL without petList.
20260917 230733.635 DEBUG            PET0     Generic SetVM() is executing for: MDL
20260917 230733.635 DEBUG            PET0     Generic SetVM() found no NUOPC Hint for: MDL
20260917 230733.635 DEBUG            PET0     Generic SetVM() therefore is NOT calling ESMF_GridCompSetVMMaxPEs() for: MDL
20260917 230733.645 INFO             PET0     ESMX_Driver: IInitAdvertise intro.
20260917 230733.645 INFO             PET0       >>>ESMX_Driver: entered Initialize (phase=<none>) with current time: 2012 10 24 18  0  0   0
20260917 230733.646 INFO             PET0       <<<ESMX_Driver: leaving Initialize (phase=<none>) with current time: 2012 10 24 18  0  0   0
20260917 230733.646 INFO             PET0     ESMX_Driver: IInitAdvertise extro.
20260917 230733.646 INFO             PET0     Message from inside C component Advertise() method
20260917 230733.646 INFO             PET0     ESMX_Driver: IInitAdvertiseFinish intro.
20260917 230733.646 INFO             PET0       >>>ESMX_Driver: entered Initialize (phase=<none>) with current time: 2012 10 24 18  0  0   0
20260917 230733.646 INFO             PET0       <<<ESMX_Driver: leaving Initialize (phase=<none>) with current time: 2012 10 24 18  0  0   0
20260917 230733.646 INFO             PET0     ESMX_Driver: IInitAdvertiseFinish extro.
20260917 230733.647 INFO             PET0     ESMX_Driver: IInitModifyCplLists intro.
20260917 230733.647 INFO             PET0       >>>ESMX_Driver: entered Initialize (phase=<none>) with current time: 2012 10 24 18  0  0   0
20260917 230733.647 INFO             PET0       <<<ESMX_Driver: leaving Initialize (phase=<none>) with current time: 2012 10 24 18  0  0   0
20260917 230733.647 INFO             PET0     ESMX_Driver: IInitModifyCplLists extro.
20260917 230733.648 INFO             PET0     <<<ESMX_Driver: leaving Initialize (phase=<none>) with current time: 2012 10 24 18  0  0   0
20260917 230733.648 INFO             PET0   ESMX_Driver: InitializeIPDv02p1 extro.
20260917 230733.648 INFO             PET0   ESMX_Driver: InitializeIPDv02p3 intro.
20260917 230733.648 INFO             PET0     >>>ESMX_Driver: entered Initialize (phase=<none>) with current time: 2012 10 24 18  0  0   0
20260917 230733.649 INFO             PET0     ESMX_Driver: IInitCheck intro.
20260917 230733.649 INFO             PET0       >>>ESMX_Driver: entered Initialize (phase=<none>) with current time: 2012 10 24 18  0  0   0
20260917 230733.649 INFO             PET0       <<<ESMX_Driver: leaving Initialize (phase=<none>) with current time: 2012 10 24 18  0  0   0
20260917 230733.649 INFO             PET0     ESMX_Driver: IInitCheck extro.
20260917 230733.650 INFO             PET0     ESMX_Driver: IInitRealize intro.
20260917 230733.650 INFO             PET0       >>>ESMX_Driver: entered Initialize (phase=<none>) with current time: 2012 10 24 18  0  0   0
20260917 230733.650 INFO             PET0       <<<ESMX_Driver: leaving Initialize (phase=<none>) with current time: 2012 10 24 18  0  0   0
20260917 230733.650 INFO             PET0     ESMX_Driver: IInitRealize extro.
20260917 230733.652 INFO             PET0     <<<ESMX_Driver: leaving Initialize (phase=<none>) with current time: 2012 10 24 18  0  0   0
20260917 230733.652 INFO             PET0   ESMX_Driver: InitializeIPDv02p3 extro.
20260917 230733.652 INFO             PET0   ESMX_Driver: InitializeIPDv02p5 intro.
20260917 230733.652 INFO             PET0     >>>ESMX_Driver: entered Initialize (phase=<none>) with current time: 2012 10 24 18  0  0   0
20260917 230733.652 INFO             PET0     ESMX_Driver: InitializeIPDv02p5Data intro.
20260917 230733.652 INFO             PET0       >>>ESMX_Driver: entered Initialize (phase=<none>) with current time: 2012 10 24 18  0  0   0
20260917 230733.653 INFO             PET0       ESMX_Driver: InternalInitializeComplete intro.
20260917 230733.653 INFO             PET0         >>>ESMX_Driver: entered Initialize (phase=<none>) with current time: 2012 10 24 18  0  0   0
20260917 230733.653 INFO             PET0         <<<ESMX_Driver: leaving Initialize (phase=<none>) with current time: 2012 10 24 18  0  0   0
20260917 230733.653 INFO             PET0       ESMX_Driver: InternalInitializeComplete extro.
20260917 230733.655 INFO             PET0       ESMX_Driver: loopDataDependentInitialize intro.
20260917 230733.655 INFO             PET0         >>>ESMX_Driver: entered Initialize (phase=<none>) with current time: 2012 10 24 18  0  0   0
20260917 230733.656 INFO             PET0         <<<ESMX_Driver: leaving Initialize (phase=<none>) with current time: 2012 10 24 18  0  0   0
20260917 230733.656 INFO             PET0       ESMX_Driver: loopDataDependentInitialize extro.
20260917 230733.656 INFO             PET0       <<<ESMX_Driver: leaving Initialize (phase=<none>) with current time: 2012 10 24 18  0  0   0
20260917 230733.656 INFO             PET0     ESMX_Driver: InitializeIPDv02p5Data extro.
20260917 230733.656 INFO             PET0     <<<ESMX_Driver: leaving Initialize (phase=<none>) with current time: 2012 10 24 18  0  0   0
20260917 230733.656 INFO             PET0   ESMX_Driver: InitializeIPDv02p5 extro.
20260917 230733.656 INFO             PET0   <<<ESMX_Driver: leaving Initialize (phase=<none>) with current time: 2012 10 24 18  0  0   0
20260917 230733.656 INFO             PET0 ESMX_Driver: InitializeGeneric extro.
20260917 230733.657 INFO             PET0 ESMX_Driver: Run intro.
20260917 230733.657 INFO             PET0   >>>ESMX_Driver: entered Run (phase=RunPhase1) with current time: 2012 10 24 18  0  0   0
20260917 230733.657 INFO             PET0   Message from inside C component Advance() method
20260917 230733.657 INFO             PET0   <<<ESMX_Driver: leaving Run (phase=RunPhase1) with current time: 2012 10 24 19  0  0   0
20260917 230733.657 INFO             PET0 ESMX_Driver: Run extro.
20260917 230733.657 INFO             PET0 ESMX_Driver: Finalize intro.
20260917 230733.657 INFO             PET0   >>>ESMX_Driver: entered Finalize (phase=FinalizePhase1) with current time: 2012 10 24 19  0  0   0
20260917 230733.657 INFO             PET0   Calling Finalize phase 1 for modelComp: MDL
20260917 230733.657 INFO             PET0   Delete modelComp: MDL
20260917 230733.657 INFO             PET0   <<<ESMX_Driver: leaving Finalize (phase=FinalizePhase1) with current time: 2012 10 24 19  0  0   0
20260917 230733.657 INFO             PET0 ESMX_Driver: Finalize extro.
20260917 230733.657 INFO             PET0 =============================================
20260917 230733.657 INFO             PET0 ESMX (Earth System Model eXecutable) FINISHED
20260917 230733.657 INFO             PET0 =============================================
20260917 230733.657 INFO             PET0  Finalizing ESMF
20260917 230733.487 INFO             PET1 !!!!!!!!!!!!!!!!!!!!!!!!!!!!!!!!!!!!!!!!!!!!!!!!!!!!!!
20260917 230733.487 INFO             PET1 !!! THE ESMF_LOG IS SET TO OUTPUT ALL LOG MESSAGES !!!
20260917 230733.487 INFO             PET1 !!!     THIS MAY CAUSE SLOWDOWN IN PERFORMANCE     !!!
20260917 230733.487 INFO             PET1 !!! FOR PRODUCTION RUNS, USE:                      !!!
20260917 230733.487 INFO             PET1 !!!                   ESMF_LOGKIND_Multi_On_Error  !!!
20260917 230733.487 INFO             PET1 !!!!!!!!!!!!!!!!!!!!!!!!!!!!!!!!!!!!!!!!!!!!!!!!!!!!!!
20260917 230733.487 INFO             PET1 Running with ESMF Version   : develop+gb6b90e9e0c
20260917 230733.487 INFO             PET1 ESMF library build date/time: "Sep 17 2026" "22:39:59"
20260917 230733.487 INFO             PET1 ESMF library build location : /usr/local/esmf/esmf-testing/nag_7.2.44_openmpi_O_develop/esmf
20260917 230733.487 INFO             PET1 ESMF_COMM                   : openmpi
20260917 230733.487 INFO             PET1 ESMF_MOAB                   : enabled
20260917 230733.487 INFO             PET1 ESMF_LAPACK                 : enabled
20260917 230733.487 INFO             PET1 ESMF_NETCDF                 : enabled
20260917 230733.487 INFO             PET1 ESMF_PNETCDF                : disabled
20260917 230733.487 INFO             PET1 ESMF_PIO                    : enabled
20260917 230733.487 INFO             PET1 ESMF_YAMLCPP                : enabled
20260917 230733.490 INFO             PET1 =============================================
20260917 230733.490 INFO             PET1 ESMX (Earth System Model eXecutable) STARTING
20260917 230733.490 INFO             PET1 =============================================
20260917 230733.496 DEBUG            PET1 Generic SetVM() is executing for: ESMX_Driver
20260917 230733.499 DEBUG            PET1 Generic SetVM() found no NUOPC Hint for: ESMX_Driver
20260917 230733.500 DEBUG            PET1 Generic SetVM() therefore is NOT calling ESMF_GridCompSetVMMaxPEs() for: ESMX_Driver
20260917 230733.503 INFO             PET1 ESMX_Driver: InitializeGeneric intro.
20260917 230733.503 INFO             PET1   >>>ESMX_Driver: entered Initialize (phase=<none>) without valid internal Clock.
20260917 230733.503 INFO             PET1   ESMX_Driver: InitializeP0 intro.
20260917 230733.503 INFO             PET1     >>>ESMX_Driver: entered Initialize (phase=<none>) without valid internal Clock.
20260917 230733.503 INFO             PET1     <<<ESMX_Driver: leaving Initialize (phase=<none>) without valid internal Clock.
20260917 230733.503 INFO             PET1   ESMX_Driver: InitializeP0 extro.
20260917 230733.503 INFO             PET1   ESMX_Driver: InitializeIPDv02p1 intro.
20260917 230733.503 INFO             PET1     >>>ESMX_Driver: entered Initialize (phase=<none>) without valid internal Clock.
20260917 230733.508 INFO             PET1     ESMX_Driver - Creating model component MDL without petList.
20260917 230733.633 DEBUG            PET1     Generic SetVM() is executing for: MDL
20260917 230733.634 DEBUG            PET1     Generic SetVM() found no NUOPC Hint for: MDL
20260917 230733.634 DEBUG            PET1     Generic SetVM() therefore is NOT calling ESMF_GridCompSetVMMaxPEs() for: MDL
20260917 230733.644 INFO             PET1     ESMX_Driver: IInitAdvertise intro.
20260917 230733.644 INFO             PET1       >>>ESMX_Driver: entered Initialize (phase=<none>) with current time: 2012 10 24 18  0  0   0
20260917 230733.644 INFO             PET1       <<<ESMX_Driver: leaving Initialize (phase=<none>) with current time: 2012 10 24 18  0  0   0
20260917 230733.644 INFO             PET1     ESMX_Driver: IInitAdvertise extro.
20260917 230733.644 INFO             PET1     Message from inside C component Advertise() method
20260917 230733.646 INFO             PET1     ESMX_Driver: IInitAdvertiseFinish intro.
20260917 230733.646 INFO             PET1       >>>ESMX_Driver: entered Initialize (phase=<none>) with current time: 2012 10 24 18  0  0   0
20260917 230733.646 INFO             PET1       <<<ESMX_Driver: leaving Initialize (phase=<none>) with current time: 2012 10 24 18  0  0   0
20260917 230733.646 INFO             PET1     ESMX_Driver: IInitAdvertiseFinish extro.
20260917 230733.647 INFO             PET1     ESMX_Driver: IInitModifyCplLists intro.
20260917 230733.647 INFO             PET1       >>>ESMX_Driver: entered Initialize (phase=<none>) with current time: 2012 10 24 18  0  0   0
20260917 230733.647 INFO             PET1       <<<ESMX_Driver: leaving Initialize (phase=<none>) with current time: 2012 10 24 18  0  0   0
20260917 230733.647 INFO             PET1     ESMX_Driver: IInitModifyCplLists extro.
20260917 230733.647 INFO             PET1     <<<ESMX_Driver: leaving Initialize (phase=<none>) with current time: 2012 10 24 18  0  0   0
20260917 230733.647 INFO             PET1   ESMX_Driver: InitializeIPDv02p1 extro.
20260917 230733.647 INFO             PET1   ESMX_Driver: InitializeIPDv02p3 intro.
20260917 230733.647 INFO             PET1     >>>ESMX_Driver: entered Initialize (phase=<none>) with current time: 2012 10 24 18  0  0   0
20260917 230733.647 INFO             PET1     ESMX_Driver: IInitCheck intro.
20260917 230733.647 INFO             PET1       >>>ESMX_Driver: entered Initialize (phase=<none>) with current time: 2012 10 24 18  0  0   0
20260917 230733.647 INFO             PET1       <<<ESMX_Driver: leaving Initialize (phase=<none>) with current time: 2012 10 24 18  0  0   0
20260917 230733.647 INFO             PET1     ESMX_Driver: IInitCheck extro.
20260917 230733.648 INFO             PET1     ESMX_Driver: IInitRealize intro.
20260917 230733.648 INFO             PET1       >>>ESMX_Driver: entered Initialize (phase=<none>) with current time: 2012 10 24 18  0  0   0
20260917 230733.648 INFO             PET1       <<<ESMX_Driver: leaving Initialize (phase=<none>) with current time: 2012 10 24 18  0  0   0
20260917 230733.648 INFO             PET1     ESMX_Driver: IInitRealize extro.
20260917 230733.648 INFO             PET1     <<<ESMX_Driver: leaving Initialize (phase=<none>) with current time: 2012 10 24 18  0  0   0
20260917 230733.648 INFO             PET1   ESMX_Driver: InitializeIPDv02p3 extro.
20260917 230733.648 INFO             PET1   ESMX_Driver: InitializeIPDv02p5 intro.
20260917 230733.648 INFO             PET1     >>>ESMX_Driver: entered Initialize (phase=<none>) with current time: 2012 10 24 18  0  0   0
20260917 230733.648 INFO             PET1     ESMX_Driver: InitializeIPDv02p5Data intro.
20260917 230733.648 INFO             PET1       >>>ESMX_Driver: entered Initialize (phase=<none>) with current time: 2012 10 24 18  0  0   0
20260917 230733.648 INFO             PET1       ESMX_Driver: InternalInitializeComplete intro.
20260917 230733.649 INFO             PET1         >>>ESMX_Driver: entered Initialize (phase=<none>) with current time: 2012 10 24 18  0  0   0
20260917 230733.649 INFO             PET1         <<<ESMX_Driver: leaving Initialize (phase=<none>) with current time: 2012 10 24 18  0  0   0
20260917 230733.649 INFO             PET1       ESMX_Driver: InternalInitializeComplete extro.
20260917 230733.655 INFO             PET1       ESMX_Driver: loopDataDependentInitialize intro.
20260917 230733.655 INFO             PET1         >>>ESMX_Driver: entered Initialize (phase=<none>) with current time: 2012 10 24 18  0  0   0
20260917 230733.656 INFO             PET1         <<<ESMX_Driver: leaving Initialize (phase=<none>) with current time: 2012 10 24 18  0  0   0
20260917 230733.656 INFO             PET1       ESMX_Driver: loopDataDependentInitialize extro.
20260917 230733.656 INFO             PET1       <<<ESMX_Driver: leaving Initialize (phase=<none>) with current time: 2012 10 24 18  0  0   0
20260917 230733.656 INFO             PET1     ESMX_Driver: InitializeIPDv02p5Data extro.
20260917 230733.656 INFO             PET1     <<<ESMX_Driver: leaving Initialize (phase=<none>) with current time: 2012 10 24 18  0  0   0
20260917 230733.656 INFO             PET1   ESMX_Driver: InitializeIPDv02p5 extro.
20260917 230733.656 INFO             PET1   <<<ESMX_Driver: leaving Initialize (phase=<none>) with current time: 2012 10 24 18  0  0   0
20260917 230733.656 INFO             PET1 ESMX_Driver: InitializeGeneric extro.
20260917 230733.656 INFO             PET1 ESMX_Driver: Run intro.
20260917 230733.656 INFO             PET1   >>>ESMX_Driver: entered Run (phase=RunPhase1) with current time: 2012 10 24 18  0  0   0
20260917 230733.656 INFO             PET1   Message from inside C component Advance() method
20260917 230733.656 INFO             PET1   <<<ESMX_Driver: leaving Run (phase=RunPhase1) with current time: 2012 10 24 19  0  0   0
20260917 230733.656 INFO             PET1 ESMX_Driver: Run extro.
20260917 230733.656 INFO             PET1 ESMX_Driver: Finalize intro.
20260917 230733.657 INFO             PET1   >>>ESMX_Driver: entered Finalize (phase=FinalizePhase1) with current time: 2012 10 24 19  0  0   0
20260917 230733.657 INFO             PET1   Calling Finalize phase 1 for modelComp: MDL
20260917 230733.657 INFO             PET1   Delete modelComp: MDL
20260917 230733.657 INFO             PET1   <<<ESMX_Driver: leaving Finalize (phase=FinalizePhase1) with current time: 2012 10 24 19  0  0   0
20260917 230733.657 INFO             PET1 ESMX_Driver: Finalize extro.
20260917 230733.657 INFO             PET1 =============================================
20260917 230733.657 INFO             PET1 ESMX (Earth System Model eXecutable) FINISHED
20260917 230733.657 INFO             PET1 =============================================
20260917 230733.657 INFO             PET1  Finalizing ESMF
20260917 230733.487 INFO             PET2 !!!!!!!!!!!!!!!!!!!!!!!!!!!!!!!!!!!!!!!!!!!!!!!!!!!!!!
20260917 230733.488 INFO             PET2 !!! THE ESMF_LOG IS SET TO OUTPUT ALL LOG MESSAGES !!!
20260917 230733.488 INFO             PET2 !!!     THIS MAY CAUSE SLOWDOWN IN PERFORMANCE     !!!
20260917 230733.488 INFO             PET2 !!! FOR PRODUCTION RUNS, USE:                      !!!
20260917 230733.488 INFO             PET2 !!!                   ESMF_LOGKIND_Multi_On_Error  !!!
20260917 230733.488 INFO             PET2 !!!!!!!!!!!!!!!!!!!!!!!!!!!!!!!!!!!!!!!!!!!!!!!!!!!!!!
20260917 230733.488 INFO             PET2 Running with ESMF Version   : develop+gb6b90e9e0c
20260917 230733.488 INFO             PET2 ESMF library build date/time: "Sep 17 2026" "22:39:59"
20260917 230733.488 INFO             PET2 ESMF library build location : /usr/local/esmf/esmf-testing/nag_7.2.44_openmpi_O_develop/esmf
20260917 230733.488 INFO             PET2 ESMF_COMM                   : openmpi
20260917 230733.488 INFO             PET2 ESMF_MOAB                   : enabled
20260917 230733.488 INFO             PET2 ESMF_LAPACK                 : enabled
20260917 230733.488 INFO             PET2 ESMF_NETCDF                 : enabled
20260917 230733.488 INFO             PET2 ESMF_PNETCDF                : disabled
20260917 230733.488 INFO             PET2 ESMF_PIO                    : enabled
20260917 230733.488 INFO             PET2 ESMF_YAMLCPP                : enabled
20260917 230733.491 INFO             PET2 =============================================
20260917 230733.491 INFO             PET2 ESMX (Earth System Model eXecutable) STARTING
20260917 230733.491 INFO             PET2 =============================================
20260917 230733.494 DEBUG            PET2 Generic SetVM() is executing for: ESMX_Driver
20260917 230733.500 DEBUG            PET2 Generic SetVM() found no NUOPC Hint for: ESMX_Driver
20260917 230733.500 DEBUG            PET2 Generic SetVM() therefore is NOT calling ESMF_GridCompSetVMMaxPEs() for: ESMX_Driver
20260917 230733.503 INFO             PET2 ESMX_Driver: InitializeGeneric intro.
20260917 230733.503 INFO             PET2   >>>ESMX_Driver: entered Initialize (phase=<none>) without valid internal Clock.
20260917 230733.503 INFO             PET2   ESMX_Driver: InitializeP0 intro.
20260917 230733.503 INFO             PET2     >>>ESMX_Driver: entered Initialize (phase=<none>) without valid internal Clock.
20260917 230733.503 INFO             PET2     <<<ESMX_Driver: leaving Initialize (phase=<none>) without valid internal Clock.
20260917 230733.503 INFO             PET2   ESMX_Driver: InitializeP0 extro.
20260917 230733.503 INFO             PET2   ESMX_Driver: InitializeIPDv02p1 intro.
20260917 230733.503 INFO             PET2     >>>ESMX_Driver: entered Initialize (phase=<none>) without valid internal Clock.
20260917 230733.508 INFO             PET2     ESMX_Driver - Creating model component MDL without petList.
20260917 230733.633 DEBUG            PET2     Generic SetVM() is executing for: MDL
20260917 230733.634 DEBUG            PET2     Generic SetVM() found no NUOPC Hint for: MDL
20260917 230733.634 DEBUG            PET2     Generic SetVM() therefore is NOT calling ESMF_GridCompSetVMMaxPEs() for: MDL
20260917 230733.645 INFO             PET2     ESMX_Driver: IInitAdvertise intro.
20260917 230733.645 INFO             PET2       >>>ESMX_Driver: entered Initialize (phase=<none>) with current time: 2012 10 24 18  0  0   0
20260917 230733.646 INFO             PET2       <<<ESMX_Driver: leaving Initialize (phase=<none>) with current time: 2012 10 24 18  0  0   0
20260917 230733.646 INFO             PET2     ESMX_Driver: IInitAdvertise extro.
20260917 230733.646 INFO             PET2     Message from inside C component Advertise() method
20260917 230733.646 INFO             PET2     ESMX_Driver: IInitAdvertiseFinish intro.
20260917 230733.646 INFO             PET2       >>>ESMX_Driver: entered Initialize (phase=<none>) with current time: 2012 10 24 18  0  0   0
20260917 230733.646 INFO             PET2       <<<ESMX_Driver: leaving Initialize (phase=<none>) with current time: 2012 10 24 18  0  0   0
20260917 230733.646 INFO             PET2     ESMX_Driver: IInitAdvertiseFinish extro.
20260917 230733.647 INFO             PET2     ESMX_Driver: IInitModifyCplLists intro.
20260917 230733.647 INFO             PET2       >>>ESMX_Driver: entered Initialize (phase=<none>) with current time: 2012 10 24 18  0  0   0
20260917 230733.647 INFO             PET2       <<<ESMX_Driver: leaving Initialize (phase=<none>) with current time: 2012 10 24 18  0  0   0
20260917 230733.647 INFO             PET2     ESMX_Driver: IInitModifyCplLists extro.
20260917 230733.647 INFO             PET2     <<<ESMX_Driver: leaving Initialize (phase=<none>) with current time: 2012 10 24 18  0  0   0
20260917 230733.647 INFO             PET2   ESMX_Driver: InitializeIPDv02p1 extro.
20260917 230733.647 INFO             PET2   ESMX_Driver: InitializeIPDv02p3 intro.
20260917 230733.647 INFO             PET2     >>>ESMX_Driver: entered Initialize (phase=<none>) with current time: 2012 10 24 18  0  0   0
20260917 230733.647 INFO             PET2     ESMX_Driver: IInitCheck intro.
20260917 230733.647 INFO             PET2       >>>ESMX_Driver: entered Initialize (phase=<none>) with current time: 2012 10 24 18  0  0   0
20260917 230733.647 INFO             PET2       <<<ESMX_Driver: leaving Initialize (phase=<none>) with current time: 2012 10 24 18  0  0   0
20260917 230733.647 INFO             PET2     ESMX_Driver: IInitCheck extro.
20260917 230733.648 INFO             PET2     ESMX_Driver: IInitRealize intro.
20260917 230733.648 INFO             PET2       >>>ESMX_Driver: entered Initialize (phase=<none>) with current time: 2012 10 24 18  0  0   0
20260917 230733.648 INFO             PET2       <<<ESMX_Driver: leaving Initialize (phase=<none>) with current time: 2012 10 24 18  0  0   0
20260917 230733.648 INFO             PET2     ESMX_Driver: IInitRealize extro.
20260917 230733.648 INFO             PET2     <<<ESMX_Driver: leaving Initialize (phase=<none>) with current time: 2012 10 24 18  0  0   0
20260917 230733.648 INFO             PET2   ESMX_Driver: InitializeIPDv02p3 extro.
20260917 230733.648 INFO             PET2   ESMX_Driver: InitializeIPDv02p5 intro.
20260917 230733.648 INFO             PET2     >>>ESMX_Driver: entered Initialize (phase=<none>) with current time: 2012 10 24 18  0  0   0
20260917 230733.648 INFO             PET2     ESMX_Driver: InitializeIPDv02p5Data intro.
20260917 230733.648 INFO             PET2       >>>ESMX_Driver: entered Initialize (phase=<none>) with current time: 2012 10 24 18  0  0   0
20260917 230733.648 INFO             PET2       ESMX_Driver: InternalInitializeComplete intro.
20260917 230733.649 INFO             PET2         >>>ESMX_Driver: entered Initialize (phase=<none>) with current time: 2012 10 24 18  0  0   0
20260917 230733.649 INFO             PET2         <<<ESMX_Driver: leaving Initialize (phase=<none>) with current time: 2012 10 24 18  0  0   0
20260917 230733.649 INFO             PET2       ESMX_Driver: InternalInitializeComplete extro.
20260917 230733.655 INFO             PET2       ESMX_Driver: loopDataDependentInitialize intro.
20260917 230733.655 INFO             PET2         >>>ESMX_Driver: entered Initialize (phase=<none>) with current time: 2012 10 24 18  0  0   0
20260917 230733.656 INFO             PET2         <<<ESMX_Driver: leaving Initialize (phase=<none>) with current time: 2012 10 24 18  0  0   0
20260917 230733.656 INFO             PET2       ESMX_Driver: loopDataDependentInitialize extro.
20260917 230733.656 INFO             PET2       <<<ESMX_Driver: leaving Initialize (phase=<none>) with current time: 2012 10 24 18  0  0   0
20260917 230733.656 INFO             PET2     ESMX_Driver: InitializeIPDv02p5Data extro.
20260917 230733.656 INFO             PET2     <<<ESMX_Driver: leaving Initialize (phase=<none>) with current time: 2012 10 24 18  0  0   0
20260917 230733.656 INFO             PET2   ESMX_Driver: InitializeIPDv02p5 extro.
20260917 230733.656 INFO             PET2   <<<ESMX_Driver: leaving Initialize (phase=<none>) with current time: 2012 10 24 18  0  0   0
20260917 230733.656 INFO             PET2 ESMX_Driver: InitializeGeneric extro.
20260917 230733.656 INFO             PET2 ESMX_Driver: Run intro.
20260917 230733.656 INFO             PET2   >>>ESMX_Driver: entered Run (phase=RunPhase1) with current time: 2012 10 24 18  0  0   0
20260917 230733.656 INFO             PET2   Message from inside C component Advance() method
20260917 230733.656 INFO             PET2   <<<ESMX_Driver: leaving Run (phase=RunPhase1) with current time: 2012 10 24 19  0  0   0
20260917 230733.656 INFO             PET2 ESMX_Driver: Run extro.
20260917 230733.656 INFO             PET2 ESMX_Driver: Finalize intro.
20260917 230733.657 INFO             PET2   >>>ESMX_Driver: entered Finalize (phase=FinalizePhase1) with current time: 2012 10 24 19  0  0   0
20260917 230733.657 INFO             PET2   Calling Finalize phase 1 for modelComp: MDL
20260917 230733.657 INFO             PET2   Delete modelComp: MDL
20260917 230733.657 INFO             PET2   <<<ESMX_Driver: leaving Finalize (phase=FinalizePhase1) with current time: 2012 10 24 19  0  0   0
20260917 230733.657 INFO             PET2 ESMX_Driver: Finalize extro.
20260917 230733.657 INFO             PET2 =============================================
20260917 230733.657 INFO             PET2 ESMX (Earth System Model eXecutable) FINISHED
20260917 230733.657 INFO             PET2 =============================================
20260917 230733.657 INFO             PET2  Finalizing ESMF
20260917 230733.486 INFO             PET3 !!!!!!!!!!!!!!!!!!!!!!!!!!!!!!!!!!!!!!!!!!!!!!!!!!!!!!
20260917 230733.487 INFO             PET3 !!! THE ESMF_LOG IS SET TO OUTPUT ALL LOG MESSAGES !!!
20260917 230733.487 INFO             PET3 !!!     THIS MAY CAUSE SLOWDOWN IN PERFORMANCE     !!!
20260917 230733.487 INFO             PET3 !!! FOR PRODUCTION RUNS, USE:                      !!!
20260917 230733.487 INFO             PET3 !!!                   ESMF_LOGKIND_Multi_On_Error  !!!
20260917 230733.487 INFO             PET3 !!!!!!!!!!!!!!!!!!!!!!!!!!!!!!!!!!!!!!!!!!!!!!!!!!!!!!
20260917 230733.487 INFO             PET3 Running with ESMF Version   : develop+gb6b90e9e0c
20260917 230733.487 INFO             PET3 ESMF library build date/time: "Sep 17 2026" "22:39:59"
20260917 230733.487 INFO             PET3 ESMF library build location : /usr/local/esmf/esmf-testing/nag_7.2.44_openmpi_O_develop/esmf
20260917 230733.487 INFO             PET3 ESMF_COMM                   : openmpi
20260917 230733.487 INFO             PET3 ESMF_MOAB                   : enabled
20260917 230733.487 INFO             PET3 ESMF_LAPACK                 : enabled
20260917 230733.487 INFO             PET3 ESMF_NETCDF                 : enabled
20260917 230733.487 INFO             PET3 ESMF_PNETCDF                : disabled
20260917 230733.487 INFO             PET3 ESMF_PIO                    : enabled
20260917 230733.487 INFO             PET3 ESMF_YAMLCPP                : enabled
20260917 230733.490 INFO             PET3 =============================================
20260917 230733.490 INFO             PET3 ESMX (Earth System Model eXecutable) STARTING
20260917 230733.490 INFO             PET3 =============================================
20260917 230733.494 DEBUG            PET3 Generic SetVM() is executing for: ESMX_Driver
20260917 230733.498 DEBUG            PET3 Generic SetVM() found no NUOPC Hint for: ESMX_Driver
20260917 230733.498 DEBUG            PET3 Generic SetVM() therefore is NOT calling ESMF_GridCompSetVMMaxPEs() for: ESMX_Driver
20260917 230733.503 INFO             PET3 ESMX_Driver: InitializeGeneric intro.
20260917 230733.503 INFO             PET3   >>>ESMX_Driver: entered Initialize (phase=<none>) without valid internal Clock.
20260917 230733.503 INFO             PET3   ESMX_Driver: InitializeP0 intro.
20260917 230733.503 INFO             PET3     >>>ESMX_Driver: entered Initialize (phase=<none>) without valid internal Clock.
20260917 230733.503 INFO             PET3     <<<ESMX_Driver: leaving Initialize (phase=<none>) without valid internal Clock.
20260917 230733.503 INFO             PET3   ESMX_Driver: InitializeP0 extro.
20260917 230733.503 INFO             PET3   ESMX_Driver: InitializeIPDv02p1 intro.
20260917 230733.503 INFO             PET3     >>>ESMX_Driver: entered Initialize (phase=<none>) without valid internal Clock.
20260917 230733.508 INFO             PET3     ESMX_Driver - Creating model component MDL without petList.
20260917 230733.633 DEBUG            PET3     Generic SetVM() is executing for: MDL
20260917 230733.634 DEBUG            PET3     Generic SetVM() found no NUOPC Hint for: MDL
20260917 230733.634 DEBUG            PET3     Generic SetVM() therefore is NOT calling ESMF_GridCompSetVMMaxPEs() for: MDL
20260917 230733.644 INFO             PET3     ESMX_Driver: IInitAdvertise intro.
20260917 230733.644 INFO             PET3       >>>ESMX_Driver: entered Initialize (phase=<none>) with current time: 2012 10 24 18  0  0   0
20260917 230733.644 INFO             PET3       <<<ESMX_Driver: leaving Initialize (phase=<none>) with current time: 2012 10 24 18  0  0   0
20260917 230733.644 INFO             PET3     ESMX_Driver: IInitAdvertise extro.
20260917 230733.644 INFO             PET3     Message from inside C component Advertise() method
20260917 230733.646 INFO             PET3     ESMX_Driver: IInitAdvertiseFinish intro.
20260917 230733.646 INFO             PET3       >>>ESMX_Driver: entered Initialize (phase=<none>) with current time: 2012 10 24 18  0  0   0
20260917 230733.646 INFO             PET3       <<<ESMX_Driver: leaving Initialize (phase=<none>) with current time: 2012 10 24 18  0  0   0
20260917 230733.646 INFO             PET3     ESMX_Driver: IInitAdvertiseFinish extro.
20260917 230733.647 INFO             PET3     ESMX_Driver: IInitModifyCplLists intro.
20260917 230733.647 INFO             PET3       >>>ESMX_Driver: entered Initialize (phase=<none>) with current time: 2012 10 24 18  0  0   0
20260917 230733.647 INFO             PET3       <<<ESMX_Driver: leaving Initialize (phase=<none>) with current time: 2012 10 24 18  0  0   0
20260917 230733.647 INFO             PET3     ESMX_Driver: IInitModifyCplLists extro.
20260917 230733.647 INFO             PET3     <<<ESMX_Driver: leaving Initialize (phase=<none>) with current time: 2012 10 24 18  0  0   0
20260917 230733.647 INFO             PET3   ESMX_Driver: InitializeIPDv02p1 extro.
20260917 230733.647 INFO             PET3   ESMX_Driver: InitializeIPDv02p3 intro.
20260917 230733.647 INFO             PET3     >>>ESMX_Driver: entered Initialize (phase=<none>) with current time: 2012 10 24 18  0  0   0
20260917 230733.647 INFO             PET3     ESMX_Driver: IInitCheck intro.
20260917 230733.647 INFO             PET3       >>>ESMX_Driver: entered Initialize (phase=<none>) with current time: 2012 10 24 18  0  0   0
20260917 230733.647 INFO             PET3       <<<ESMX_Driver: leaving Initialize (phase=<none>) with current time: 2012 10 24 18  0  0   0
20260917 230733.647 INFO             PET3     ESMX_Driver: IInitCheck extro.
20260917 230733.648 INFO             PET3     ESMX_Driver: IInitRealize intro.
20260917 230733.648 INFO             PET3       >>>ESMX_Driver: entered Initialize (phase=<none>) with current time: 2012 10 24 18  0  0   0
20260917 230733.648 INFO             PET3       <<<ESMX_Driver: leaving Initialize (phase=<none>) with current time: 2012 10 24 18  0  0   0
20260917 230733.648 INFO             PET3     ESMX_Driver: IInitRealize extro.
20260917 230733.648 INFO             PET3     <<<ESMX_Driver: leaving Initialize (phase=<none>) with current time: 2012 10 24 18  0  0   0
20260917 230733.648 INFO             PET3   ESMX_Driver: InitializeIPDv02p3 extro.
20260917 230733.648 INFO             PET3   ESMX_Driver: InitializeIPDv02p5 intro.
20260917 230733.648 INFO             PET3     >>>ESMX_Driver: entered Initialize (phase=<none>) with current time: 2012 10 24 18  0  0   0
20260917 230733.648 INFO             PET3     ESMX_Driver: InitializeIPDv02p5Data intro.
20260917 230733.648 INFO             PET3       >>>ESMX_Driver: entered Initialize (phase=<none>) with current time: 2012 10 24 18  0  0   0
20260917 230733.648 INFO             PET3       ESMX_Driver: InternalInitializeComplete intro.
20260917 230733.648 INFO             PET3         >>>ESMX_Driver: entered Initialize (phase=<none>) with current time: 2012 10 24 18  0  0   0
20260917 230733.649 INFO             PET3         <<<ESMX_Driver: leaving Initialize (phase=<none>) with current time: 2012 10 24 18  0  0   0
20260917 230733.649 INFO             PET3       ESMX_Driver: InternalInitializeComplete extro.
20260917 230733.655 INFO             PET3       ESMX_Driver: loopDataDependentInitialize intro.
20260917 230733.655 INFO             PET3         >>>ESMX_Driver: entered Initialize (phase=<none>) with current time: 2012 10 24 18  0  0   0
20260917 230733.656 INFO             PET3         <<<ESMX_Driver: leaving Initialize (phase=<none>) with current time: 2012 10 24 18  0  0   0
20260917 230733.656 INFO             PET3       ESMX_Driver: loopDataDependentInitialize extro.
20260917 230733.656 INFO             PET3       <<<ESMX_Driver: leaving Initialize (phase=<none>) with current time: 2012 10 24 18  0  0   0
20260917 230733.656 INFO             PET3     ESMX_Driver: InitializeIPDv02p5Data extro.
20260917 230733.656 INFO             PET3     <<<ESMX_Driver: leaving Initialize (phase=<none>) with current time: 2012 10 24 18  0  0   0
20260917 230733.656 INFO             PET3   ESMX_Driver: InitializeIPDv02p5 extro.
20260917 230733.656 INFO             PET3   <<<ESMX_Driver: leaving Initialize (phase=<none>) with current time: 2012 10 24 18  0  0   0
20260917 230733.656 INFO             PET3 ESMX_Driver: InitializeGeneric extro.
20260917 230733.656 INFO             PET3 ESMX_Driver: Run intro.
20260917 230733.656 INFO             PET3   >>>ESMX_Driver: entered Run (phase=RunPhase1) with current time: 2012 10 24 18  0  0   0
20260917 230733.656 INFO             PET3   Message from inside C component Advance() method
20260917 230733.656 INFO             PET3   <<<ESMX_Driver: leaving Run (phase=RunPhase1) with current time: 2012 10 24 19  0  0   0
20260917 230733.656 INFO             PET3 ESMX_Driver: Run extro.
20260917 230733.656 INFO             PET3 ESMX_Driver: Finalize intro.
20260917 230733.657 INFO             PET3   >>>ESMX_Driver: entered Finalize (phase=FinalizePhase1) with current time: 2012 10 24 19  0  0   0
20260917 230733.657 INFO             PET3   Calling Finalize phase 1 for modelComp: MDL
20260917 230733.657 INFO             PET3   Delete modelComp: MDL
20260917 230733.657 INFO             PET3   <<<ESMX_Driver: leaving Finalize (phase=FinalizePhase1) with current time: 2012 10 24 19  0  0   0
20260917 230733.657 INFO             PET3 ESMX_Driver: Finalize extro.
20260917 230733.657 INFO             PET3 =============================================
20260917 230733.657 INFO             PET3 ESMX (Earth System Model eXecutable) FINISHED
20260917 230733.657 INFO             PET3 =============================================
20260917 230733.657 INFO             PET3  Finalizing ESMF
