2026-09-21 04:47:00
 recvData for PET             0 :             1
 recvData for PET             0 :             2
 recvData for PET             0 :             3
 recvData for PET             0 :             4
 recvData for PET             0 :             5
 recvData for PET             0 :             6
 recvData for PET             0 :             7
 recvData for PET             0 :             8
 recvData for PET             0 :             9
 recvData for PET             0 :            10
 recvData for PET             0 :   -1854627244
 recvData for PET             0 :         21956
 recvData for PET             0 :   -1854626731
 recvData for PET             0 :         21956
 recvData for PET             0 :   -1854626705
 recvData for PET             0 :         21956
 recvData for PET             0 :   -1854626669
 recvData for PET             0 :         21956
 recvData for PET             0 :   -1854626636
 recvData for PET             0 :         21956
 recvData for PET             0 :   -1854626576
 recvData for PET             0 :         21956
 recvData for PET             0 :   -1854626566
 recvData for PET             0 :         21956
 recvData for PET             0 :   -1854625386
 recvData for PET             0 :         21956
 recvData for PET             0 :   -1854625359
 recvData for PET             0 :         21956
 recvData for PET             0 :   -1854625351
 recvData for PET             0 :         21956
 recvData for PET             0 :   -1854625331
 recvData for PET             0 :         21956
 recvData for PET             0 :   -1854625328
 recvData for PET             0 :         21956
 recvData for PET             0 :   -1854625310
 recvData for PET             0 :         21956
 recvData for PET             0 :   -1854625309
 recvData for PET             0 :         21956
 recvData for PET             0 :   -1854625288
 recvData for PET             0 :         21956
  PASS  Example ESMF_VMHigherRankDataEx, ESMF_VMHigherRankDataEx.F90, line 140
 PASS: ESMF_VMHigherRankDataEx.F90
