2026-09-01 21:46:49
20260901 230655.151 INFO             PET0 !!!!!!!!!!!!!!!!!!!!!!!!!!!!!!!!!!!!!!!!!!!!!!!!!!!!!!
20260901 230655.152 INFO             PET0 !!! THE ESMF_LOG IS SET TO OUTPUT ALL LOG MESSAGES !!!
20260901 230655.152 INFO             PET0 !!!     THIS MAY CAUSE SLOWDOWN IN PERFORMANCE     !!!
20260901 230655.152 INFO             PET0 !!! FOR PRODUCTION RUNS, USE:                      !!!
20260901 230655.152 INFO             PET0 !!!                   ESMF_LOGKIND_Multi_On_Error  !!!
20260901 230655.152 INFO             PET0 !!!!!!!!!!!!!!!!!!!!!!!!!!!!!!!!!!!!!!!!!!!!!!!!!!!!!!
20260901 230655.152 INFO             PET0 Running with ESMF Version   : fix/esmx-data-internal-state+g253b1dc64d
20260901 230655.152 INFO             PET0 ESMF library build date/time: "Sep  1 2026" "21:42:37"
20260901 230655.152 INFO             PET0 ESMF library build location : /scratch3/NCEPDEV/stmp/Gerhard.Theurich/ESMF-Nightly-Testing-Hera/nvhpc_24.1_mpiuni_g_fix_esmx-data-internal-state/esmf
20260901 230655.152 INFO             PET0 ESMF_COMM                   : mpiuni
20260901 230655.152 INFO             PET0 ESMF_MOAB                   : enabled
20260901 230655.152 INFO             PET0 ESMF_LAPACK                 : enabled
20260901 230655.152 INFO             PET0 ESMF_NETCDF                 : disabled
20260901 230655.152 INFO             PET0 ESMF_PNETCDF                : disabled
20260901 230655.152 INFO             PET0 ESMF_PIO                    : disabled
20260901 230655.152 INFO             PET0 ESMF_YAMLCPP                : enabled
20260901 230655.162 INFO             PET0  NUMBER_OF_PROCESSORS            1
20260901 230655.162 INFO             PET0  PASS  Example ESMF_SCompEx, ESMF_SCompEx.F90, line 385
20260901 230655.162 INFO             PET0  Finalizing ESMF
