2026-09-01 21:46:49
20260901 230520.968 INFO             PET0 !!!!!!!!!!!!!!!!!!!!!!!!!!!!!!!!!!!!!!!!!!!!!!!!!!!!!!
20260901 230520.968 INFO             PET0 !!! THE ESMF_LOG IS SET TO OUTPUT ALL LOG MESSAGES !!!
20260901 230520.968 INFO             PET0 !!!     THIS MAY CAUSE SLOWDOWN IN PERFORMANCE     !!!
20260901 230520.968 INFO             PET0 !!! FOR PRODUCTION RUNS, USE:                      !!!
20260901 230520.968 INFO             PET0 !!!                   ESMF_LOGKIND_Multi_On_Error  !!!
20260901 230520.968 INFO             PET0 !!!!!!!!!!!!!!!!!!!!!!!!!!!!!!!!!!!!!!!!!!!!!!!!!!!!!!
20260901 230520.968 INFO             PET0 Running with ESMF Version   : fix/esmx-data-internal-state+g253b1dc64d
20260901 230520.968 INFO             PET0 ESMF library build date/time: "Sep  1 2026" "21:42:37"
20260901 230520.968 INFO             PET0 ESMF library build location : /scratch3/NCEPDEV/stmp/Gerhard.Theurich/ESMF-Nightly-Testing-Hera/nvhpc_24.1_mpiuni_g_fix_esmx-data-internal-state/esmf
20260901 230520.968 INFO             PET0 ESMF_COMM                   : mpiuni
20260901 230520.969 INFO             PET0 ESMF_MOAB                   : enabled
20260901 230520.969 INFO             PET0 ESMF_LAPACK                 : enabled
20260901 230520.969 INFO             PET0 ESMF_NETCDF                 : disabled
20260901 230520.969 INFO             PET0 ESMF_PNETCDF                : disabled
20260901 230520.969 INFO             PET0 ESMF_PIO                    : disabled
20260901 230520.969 INFO             PET0 ESMF_YAMLCPP                : enabled
20260901 230520.970 INFO             PET0 ESMF Tracing Enabled
20260901 230520.970 INFO             PET0 ESMF Profiling Enabled
20260901 230520.970 INFO             PET0 ESMF Trace/Profile clock: REALTIME
20260901 230520.982 INFO             PET0  NUMBER_OF_PROCESSORS            1
20260901 230520.982 INFO             PET0  PASS  Example ESMF_TraceEx, ESMF_TraceEx.F90, line 178
20260901 230520.982 INFO             PET0  Finalizing ESMF
20260901 230520.982 INFO             PET0 **************** Region Timings *******************
20260901 230520.982 INFO             PET0 Region              Count  Total (s)   Self (s)    Mean (s)    Min (s)     Max (s)
20260901 230520.982 INFO             PET0   [ESMF]            1      0.0093      0.0092      0.0093      0.0093      0.0093
20260901 230520.982 INFO             PET0     [test] Run 1    5      0.0000      0.0000      0.0000      0.0000      0.0000
20260901 230520.982 INFO             PET0     [test] Init 1   1      0.0000      0.0000      0.0000      0.0000      0.0000
20260901 230520.982 INFO             PET0     [test] Final 1  1      0.0000      0.0000      0.0000      0.0000      0.0000
