2026-09-08 01:03:37
[2026-09-08T08:31:18.811] error: couldn't chdir to `/tmp/intel_2023.1.0_mpi_O_develop/esmf/examples/examplesO/Unicos.intel.64.mpi.default': No such file or directory: going to /tmp instead
 User Comp1 Register starting
 Registered Initialize, Run, and Finalize routines
 User Comp1 Register returning
  PASS  Example ESMF_WebServicesEx, ESMF_WebServicesEx.F90, line 227
 User Comp1 Register starting
 Registered Initialize, Run, and Finalize routines
 User Comp1 Register returning
  PASS  Example ESMF_WebServicesEx, ESMF_WebServicesEx.F90, line 227
 User Comp1 Register starting
 Registered Initialize, Run, and Finalize routines
 User Comp1 Register returning
  PASS  Example ESMF_WebServicesEx, ESMF_WebServicesEx.F90, line 227
 User Comp1 Register starting
 Registered Initialize, Run, and Finalize routines
 User Comp1 Register returning
  PASS  Example ESMF_WebServicesEx, ESMF_WebServicesEx.F90, line 227
 PASS: ESMF_WebServicesEx.F90
 PASS: ESMF_WebServicesEx.F90
 PASS: ESMF_WebServicesEx.F90
 PASS: ESMF_WebServicesEx.F90
