2026-09-19 00:09:00
--- ESMCI::ArrayBundle::print start ---
ArrayBundle: MyArrayBundle
arrayCount = 3
Container::print() multipmap:item=0 key=AonFly value=0x13b81c800
--- ESMCI::ArrayBundle::print start ---
ArrayBundle: MyArrayBundle
arrayCount = 3
Container::print() multipmap:item=0 key=AonFly value=0x13d819400
Container::print() multipmap:item=1 key=Array002 value=0x13d817c00
Container::print() multipmap:item=2 key=Array003 value=0x13d818200
Container::print()      list:item=0 key=Array002 value=0x13d817c00
--- ESMCI::ArrayBundle::print start ---
ArrayBundle: MyArrayBundle
arrayCount = 3
Container::print() multipmap:item=0 key=AonFly value=0x13f00c800
Container::print() multipmap:item=1 key=Array002 value=0x13f00b000
Container::print() multipmap:item=2 key=Array003 value=0x13f00b600
Container::print()      list:item=0 key=Array002 value=0x13f00b000
Container::print()      list:item=1 key=Array003 value=0x13f00b600
Container::print() multipmap:item=1 key=Array002 value=0x13b81b000
Container::print() multipmap:item=2 key=Array003 value=0x13b81b600
Container::print()      list:item=0 key=Array002 value=0x13b81b000
Container::print()      list:item=1 key=Array003 value=0x13b81b600
Container::print()      list:item=2 key=AonFly value=0x13b81c800
--- ESMCI::ArrayBundle::print end ---
Container::print()      list:item=1 key=Array003 value=0x13d818200
Container::print()      list:item=2 key=AonFly value=0x13d819400
--- ESMCI::ArrayBundle::print end ---
Container::print()      list:item=2 key=AonFly value=0x13f00c800
--- ESMCI::ArrayBundle::print end ---
--- ESMCI::Array::print start ---
--- ESMCI::Array::print start ---
 Base name    = AonFly
--- ESMCI::Array::print start ---
 Base name    = AonFly
 Status: Base = Ready,  object = Ready
 Base name    = AonFly
 Proxy        = no
 Root Info (Attributes):
 Status: Base = Ready,  object = Ready
 Proxy        = no
 Root Info (Attributes):
 Status: Base = Ready,  object = Ready
 Proxy        = no
 Root Info (Attributes):
{
  "ESMF": {
{
  "ESMF": {
--- ESMCI::ArrayBundle::print start ---
ArrayBundle: MyArrayBundle
    "Instance": {
      "NamedAliasCount": 0
    }
    "Instance": {
      "NamedAliasCount": 0
    }
{
  "ESMF": {
    "Instance": {
      "NamedAliasCount": 0
arrayCount = 3
Container::print() multipmap:item=0 key=AonFly value=0x121014000
  }
}Array typekind/rank: Real*4 / 2 
  }
}Array typekind/rank: Real*4 / 2 
~ lower class' values ~
    }
  }
}Container::print() multipmap:item=1 key=Array002 value=0x14180a200
Container::print() multipmap:item=2 key=Array003 value=0x14180ca00
Container::print()      list:item=0 key=Array002 value=0x14180a200
Container::print()      list:item=1 key=Array003 value=0x14180ca00
~ lower class' values ~
DistGrid dimCount = 2
deCount = 6
localDeCount = 1
DistGrid dimCount = 2
deCount = 6
Array typekind/rank: Real*4 / 2 
~ lower class' values ~
DistGrid dimCount = 2
Container::print()      list:item=2 key=AonFly value=0x121014000
--- ESMCI::ArrayBundle::print end ---
~ local data in LocalArray for DE 3 ~
LocalArrayPrint: Array at address 0x13d005b60:
localDeCount = 2
~ local data in LocalArray for DE 0 ~
LocalArrayPrint: Array at address 0x14e509090:
deCount = 6
localDeCount = 2
--- ESMCI::Array::print start ---
 Base name    = AonFly
            rank = 2, typekind = 5, base_addr = 0x6000005dc7a0
            dim[0] = 2  dim[1] = 2  
            rank = 2, typekind = 5, base_addr = 0x600003328920
            dim[0] = 3  dim[1] = 2  
~ local data in LocalArray for DE 1 ~
LocalArrayPrint: Array at address 0x13af0a7a0:
  Real, *4, Dim 2, Data values:
( 1, 1) =  0
  Real, *4, Dim 2, Data values:
( 1, 1) =  0
            rank = 2, typekind = 5, base_addr = 0x600000eb1040
            dim[0] = 2  dim[1] = 2  
 Status: Base = Ready,  object = Ready
 Proxy        = no
( 2, 1) =  0
( 1, 2) =  0
( 2, 2) =  0
( 2, 1) =  0
( 3, 1) =  0
( 1, 2) =  0
  Real, *4, Dim 2, Data values:
( 1, 1) =  0
( 2, 1) =  0
 Root Info (Attributes):
--- ESMCI::Array::print end ---
--- ESMCI::Array::print start ---
 Base name    = Array002
( 2, 2) =  0
( 3, 2) =  0
~ local data in LocalArray for DE 4 ~
( 1, 2) =  0
( 2, 2) =  0
~ local data in LocalArray for DE 5 ~
 Status: Base = Ready,  object = Ready
 Proxy        = no
LocalArrayPrint: Array at address 0x14e5093c0:
LocalArrayPrint: Array at address 0x13af0aad0:
            rank = 2, typekind = 5, base_addr = 0x600000eb1050
{
  "ESMF": {
    "Instance": {
      "NamedAliasCount": 0
 Root Info (Attributes):
            rank = 2, typekind = 5, base_addr = 0x60000313cac0
            dim[0] = 3  dim[1] = 1  
{
    }
  }
}            dim[0] = 2  dim[1] = 1  
  Real, *4, Dim 2, Data values:
( 1, 1) =  0
  "ESMF": {
    "Instance": {
      "NamedAliasCount": 0
( 2, 1) =  0
--- ESMCI::Array::print end ---
  Real, *4, Dim 2, Data values:
( 1, 1) =  0
( 2, 1) =  0
( 3, 1) =  0
Array typekind/rank: Real*4 / 2 
~ lower class' values ~
    }
  }
}--- ESMCI::Array::print start ---
 Base name    = Array002
--- ESMCI::Array::print end ---
--- ESMCI::Array::print start ---
DistGrid dimCount = 2
deCount = 6
localDeCount = 1
Array typekind/rank: Real*8 / 2 
~ lower class' values ~
DistGrid dimCount = 2
 Status: Base = Ready,  object = Ready
 Proxy        = no
 Root Info (Attributes):
 Base name    = Array002
 Status: Base = Ready,  object = Ready
 Proxy        = no
~ local data in LocalArray for DE 2 ~
LocalArrayPrint: Array at address 0x130f06440:
            rank = 2, typekind = 5, base_addr = 0x600000cf0500
deCount = 6
localDeCount = 1
{
  "ESMF": {
 Root Info (Attributes):
{
            dim[0] = 3  dim[1] = 2  
  Real, *4, Dim 2, Data values:
~ local data in LocalArray for DE 3 ~
    "Instance": {
      "NamedAliasCount": 0
  "ESMF": {
    "Instance": {
( 1, 1) =  0
( 2, 1) =  0
( 3, 1) =  0
LocalArrayPrint: Array at address 0x13d004a50:
            rank = 2, typekind = 6, base_addr = 0x6000007d83c0
            dim[0] = 2  dim[1] = 2  
    }
  }
}      "NamedAliasCount": 0
    }
  }
}( 1, 2) =  0
( 2, 2) =  0
( 3, 2) =  0
  Real, *8, Dim 2, Data values:
( 1, 1) =  0
( 2, 1) =  0
Array typekind/rank: Real*8 / 2 
~ lower class' values ~
Array typekind/rank: Real*8 / 2 
~ lower class' values ~
--- ESMCI::Array::print end ---
--- ESMCI::Array::print start ---
( 1, 2) =  0
( 2, 2) =  0
DistGrid dimCount = 2
deCount = 6
localDeCount = 2
DistGrid dimCount = 2
deCount = 6
localDeCount = 2
 Base name    = Array002
 Status: Base = Ready,  object = Ready
 Proxy        = no
--- ESMCI::Array::print end ---
--- ESMCI::Array::print start ---
 Base name    = Array003
~ local data in LocalArray for DE 1 ~
LocalArrayPrint: Array at address 0x13af08d90:
            rank = 2, typekind = 6, base_addr = 0x600000cba060
~ local data in LocalArray for DE 0 ~
LocalArrayPrint: Array at address 0x14e507350:
            rank = 2, typekind = 6, base_addr = 0x600003d38390
 Root Info (Attributes):
{
  "ESMF": {
 Status: Base = Ready,  object = Ready
 Proxy        = no
 Root Info (Attributes):
            dim[0] = 2  dim[1] = 2  
  Real, *8, Dim 2, Data values:
( 1, 1) =  0
            dim[0] = 3  dim[1] = 2  
  Real, *8, Dim 2, Data values:
( 1, 1) =  0
    "Instance": {
      "NamedAliasCount": 0
    }
{
  "ESMF": {
( 2, 1) =  0
( 1, 2) =  0
( 2, 1) =  0
( 3, 1) =  0
  }
}    "Instance": {
      "NamedAliasCount": 0
    }
( 2, 2) =  0
~ local data in LocalArray for DE 5 ~
( 1, 2) =  0
( 2, 2) =  0
Array typekind/rank: Real*8 / 2 
~ lower class' values ~
  }
}LocalArrayPrint: Array at address 0x13af090c0:
            rank = 2, typekind = 6, base_addr = 0x600000eb0b30
( 3, 2) =  0
~ local data in LocalArray for DE 4 ~
DistGrid dimCount = 2
deCount = 6
localDeCount = 1
~ local data in LocalArray for DE 2 ~
Array typekind/rank: Real*8 / 2 
~ lower class' values ~
DistGrid dimCount = 2
            dim[0] = 2  dim[1] = 1  
  Real, *8, Dim 2, Data values:
LocalArrayPrint: Array at address 0x14e507680:
            rank = 2, typekind = 6, base_addr = 0x600003328640
            dim[0] = 3  dim[1] = 1  
deCount = 6
( 1, 1) =  0
( 2, 1) =  0
LocalArrayPrint: Array at address 0x142804e10:
            rank = 2, typekind = 6, base_addr = 0x6000002dc030
            dim[0] = 3  dim[1] = 2  
localDeCount = 1
~ local data in LocalArray for DE 3 ~
--- ESMCI::Array::print end ---
  Real, *8, Dim 2, Data values:
( 1, 1) =  0
  Real, *8, Dim 2, Data values:
( 1, 1) =  0
( 2, 1) =  0
LocalArrayPrint: Array at address 0x13d004d80:
            rank = 2, typekind = 6, base_addr = 0x6000007d84a0
            dim[0] = 2  dim[1] = 2  
--- ESMCI::Array::print start ---
 Base name    = Array003
 Status: Base = Ready,  object = Ready
 Proxy        = no
( 2, 1) =  0
( 3, 1) =  0
( 1, 2) =  0
( 3, 1) =  0
--- ESMCI::Array::print end ---
--- ESMCI::Array::print start ---
 Base name    = Array003
  Real, *8, Dim 2, Data values:
( 1, 1) =  0
 Root Info (Attributes):
( 2, 2) =  0
( 3, 2) =  0
( 2, 1) =  0
( 1, 2) =  0
{
  "ESMF": {
 Status: Base = Ready,  object = Ready
 Proxy        = no
( 2, 2) =  0
--- ESMCI::Array::print end ---
--- ESMCI::Array::print start ---
--- ESMCI::Array::print end ---
 Root Info (Attributes):
{
    "Instance": {
      "NamedAliasCount": 0
    }
 Base name    = Array003
 Status: Base = Ready,  object = Ready
  }
 Proxy        = no
  "ESMF": {
    "Instance": {
      "NamedAliasCount": 0
  PASS  Example ESMF_ArrayBundleEx, ESMF_ArrayBundleEx.F90, line 267
}Array typekind/rank: Real*8 / 2 
 Root Info (Attributes):
{
    }
  }
~ lower class' values ~
DistGrid dimCount = 2
  "ESMF": {
    "Instance": {
}deCount = 6
localDeCount = 2
      "NamedAliasCount": 0
    }
  }
Array typekind/rank: Real*8 / 2 
~ lower class' values ~
DistGrid dimCount = 2
deCount = 6
localDeCount = 2
~ local data in LocalArray for DE 0 ~
LocalArrayPrint: Array at address 0x14e5079b0:
~ local data in LocalArray for DE 1 ~
LocalArrayPrint: Array at address 0x13af093f0:
            rank = 2, typekind = 6, base_addr = 0x600000cba0e0
            dim[0] = 2  dim[1] = 2  
  Real, *8, Dim 2, Data values:
( 1, 1) =  0
}Array typekind/rank: Real*8 / 2 
~ lower class' values ~
DistGrid dimCount = 2
deCount = 6
            rank = 2, typekind = 6, base_addr = 0x600003d38510
( 2, 1) =  0
localDeCount = 1
            dim[0] = 3  dim[1] = 2  
~ local data in LocalArray for DE 2 ~
LocalArrayPrint: Array at address 0x142805140:
            rank = 2, typekind = 6, base_addr = 0x6000002dc0f0
( 1, 2) =  0
( 2, 2) =  0
~ local data in LocalArray for DE 5 ~
  Real, *8, Dim 2, Data values:
( 1, 1) =  0
( 2, 1) =  0
( 3, 1) =  0
            dim[0] = 3  dim[1] = 2  
  Real, *8, Dim 2, Data values:
( 1, 1) =  0
LocalArrayPrint: Array at address 0x13af09720:
            rank = 2, typekind = 6, base_addr = 0x600000eb0c70
            dim[0] = 2  dim[1] = 1  
( 1, 2) =  0
( 2, 2) =  0
( 3, 2) =  0
( 2, 1) =  0
  Real, *8, Dim 2, Data values:
( 1, 1) =  0
~ local data in LocalArray for DE 4 ~
LocalArrayPrint: Array at address 0x14e507ce0:
( 3, 1) =  0
( 1, 2) =  0
( 2, 1) =  0
--- ESMCI::Array::print end ---
            rank = 2, typekind = 6, base_addr = 0x6000033286c0
            dim[0] = 3  dim[1] = 1  
( 2, 2) =  0
( 3, 2) =  0
--- ESMCI::Array::print end ---
  Real, *8, Dim 2, Data values:
( 1, 1) =  0
( 2, 1) =  0
( 3, 1) =  0
  PASS  Example ESMF_ArrayBundleEx, ESMF_ArrayBundleEx.F90, line 267
--- ESMCI::Array::print end ---
  PASS  Example ESMF_ArrayBundleEx, ESMF_ArrayBundleEx.F90, line 267
  PASS  Example ESMF_ArrayBundleEx, ESMF_ArrayBundleEx.F90, line 267
 PASS: ESMF_ArrayBundleEx.F90
 PASS: ESMF_ArrayBundleEx.F90
 PASS: ESMF_ArrayBundleEx.F90
 PASS: ESMF_ArrayBundleEx.F90
