2026-09-17 00:07:16
--- ESMCI::Array::print start ---
 Base name    = Array002
 Status: Base = Ready,  object = Ready
 Proxy        = no
--- ESMCI::Array::print start ---
 Base name    = Array002
 Status: Base = Ready,  object = Ready
 Proxy        = no
 Root Info (Attributes):
{
--- ESMCI::Array::print start ---
 Base name    = Array002
 Status: Base = Ready,  object = Ready
 Proxy        = no
 Root Info (Attributes):
{
  "ESMF": {
    "Instance": {
      "NamedAliasCount": 0
    }
  }
}--- ESMCI::Array::print start ---
 Base name    = Array002
 Status: Base = Ready,  object = Ready
 Proxy        = no
 Root Info (Attributes):
{
  "ESMF": {
    "Instance": {
      "NamedAliasCount": 0
    }
  }
 Root Info (Attributes):
{
  "ESMF": {
    "Instance": {
      "NamedAliasCount": 0
    }
  }
}  "ESMF": {
    "Instance": {
      "NamedAliasCount": 0
    }
  }
Array typekind/rank: Real*8 / 2 
~ lower class' values ~
DistGrid dimCount = 2
deCount = 4
}Array typekind/rank: Real*8 / 2 
~ lower class' values ~
DistGrid dimCount = 2
Array typekind/rank: Real*8 / 2 
~ lower class' values ~
}Array typekind/rank: Real*8 / 2 
~ lower class' values ~
localDeCount = 1
~ local data in LocalArray for DE 3 ~
LocalArrayPrint: Array at address 0x137e1f5e0:
deCount = 4
localDeCount = 1
~ local data in LocalArray for DE 2 ~
LocalArrayPrint: Array at address 0x145604ba0:
DistGrid dimCount = 2
deCount = 4
DistGrid dimCount = 2
deCount = 4
            rank = 2, typekind = 6, base_addr = 0x600003a64860
            dim[0] = 2  dim[1] = 2  
localDeCount = 1
~ local data in LocalArray for DE 1 ~
            rank = 2, typekind = 6, base_addr = 0x600002b202e0
            dim[0] = 2  dim[1] = 2  
localDeCount = 1
~ local data in LocalArray for DE 0 ~
  Real, *8, Dim 2, Data values:
( 1, 1) =  103
( 2, 1) =  103
( 1, 2) =  103
LocalArrayPrint: Array at address 0x148623160:
            rank = 2, typekind = 6, base_addr = 0x60000029ec80
            dim[0] = 2  dim[1] = 2  
( 2, 2) =  103
--- ESMCI::Array::print end ---
LocalArrayPrint: Array at address 0x13a104310:
            rank = 2, typekind = 6, base_addr = 0x600000c48fe0
            dim[0] = 2  dim[1] = 2  
  Real, *8, Dim 2, Data values:
( 1, 1) =  101
( 2, 1) =  101
( 1, 2) =  101
  Real, *8, Dim 2, Data values:
( 1, 1) =  102
( 2, 1) =  102
( 1, 2) =  102
( 2, 2) =  102
--- ESMCI::Array::print end ---
  Real, *8, Dim 2, Data values:
( 1, 1) =  100
( 2, 1) =  100
--- ESMCI::Array::print start ---
 Base name    = Array003
 Status: Base = Ready,  object = Ready
( 2, 2) =  101
--- ESMCI::Array::print end ---
--- ESMCI::Array::print start ---
 Base name    = Array003
( 1, 2) =  100
( 2, 2) =  100
 Proxy        = no
 Status: Base = Ready,  object = Ready
 Proxy        = no
--- ESMCI::Array::print start ---
 Base name    = Array003
 Root Info (Attributes):
{
--- ESMCI::Array::print end ---
--- ESMCI::Array::print start ---
 Status: Base = Ready,  object = Ready
 Proxy        = no
 Root Info (Attributes):
{
 Root Info (Attributes):
{
  "ESMF": {
    "Instance": {
  "ESMF": {
    "Instance": {
      "NamedAliasCount": 0
    }
 Base name    = Array003
 Status: Base = Ready,  object = Ready
 Proxy        = no
 Root Info (Attributes):
  "ESMF": {
    "Instance": {
      "NamedAliasCount": 0
      "NamedAliasCount": 0
    }
  }
  }
}Array typekind/rank: Real*8 / 2 
{
  "ESMF": {
    "Instance": {
    }
  }
}}Array typekind/rank: Real*8 / 2 
~ lower class' values ~
DistGrid dimCount = 2
~ lower class' values ~
DistGrid dimCount = 2
deCount = 4
      "NamedAliasCount": 0
    }
  }
Array typekind/rank: Real*8 / 2 
~ lower class' values ~
deCount = 4
localDeCount = 1
~ local data in LocalArray for DE 3 ~
}Array typekind/rank: Real*8 / 2 
~ lower class' values ~
DistGrid dimCount = 2
deCount = 4
localDeCount = 1
~ local data in LocalArray for DE 2 ~
LocalArrayPrint: Array at address 0x145604ed0:
LocalArrayPrint: Array at address 0x137e1fc10:
            rank = 2, typekind = 6, base_addr = 0x600003a649e0
localDeCount = 1
~ local data in LocalArray for DE 1 ~
            rank = 2, typekind = 6, base_addr = 0x600002b20460
            dim[0] = 2  dim[1] = 2  
            dim[0] = 2  dim[1] = 2  
  Real, *8, Dim 2, Data values:
( 1, 1) =  203
DistGrid dimCount = 2
deCount = 4
localDeCount = 1
~ local data in LocalArray for DE 0 ~
LocalArrayPrint: Array at address 0x148623490:
LocalArrayPrint: Array at address 0x13a506fc0:
            rank = 2, typekind = 6, base_addr = 0x600000c446a0
            dim[0] = 2  dim[1] = 2  
  Real, *8, Dim 2, Data values:
( 1, 1) =  202
( 2, 1) =  202
( 2, 1) =  203
( 1, 2) =  203
( 2, 2) =  203
            rank = 2, typekind = 6, base_addr = 0x60000029ee00
            dim[0] = 2  dim[1] = 2  
  Real, *8, Dim 2, Data values:
( 1, 1) =  201
  Real, *8, Dim 2, Data values:
( 1, 1) =  200
--- ESMCI::Array::print end ---
--- ESMCI::Array::print start ---
( 1, 2) =  202
( 2, 2) =  202
( 2, 1) =  200
( 1, 2) =  200
 Base name    = Array004
 Status: Base = Ready,  object = Ready
--- ESMCI::Array::print end ---
--- ESMCI::Array::print start ---
( 2, 1) =  201
( 1, 2) =  201
( 2, 2) =  201
--- ESMCI::Array::print end ---
( 2, 2) =  200
--- ESMCI::Array::print end ---
 Proxy        = no
 Root Info (Attributes):
{
 Base name    = Array004
 Status: Base = Ready,  object = Ready
 Proxy        = no
--- ESMCI::Array::print start ---
 Base name    = Array004
 Status: Base = Ready,  object = Ready
--- ESMCI::Array::print start ---
 Base name    = Array004
 Status: Base = Ready,  object = Ready
  "ESMF": {
    "Instance": {
 Root Info (Attributes):
{
 Proxy        = no
 Root Info (Attributes):
 Proxy        = no
 Root Info (Attributes):
      "NamedAliasCount": 0
    }
  "ESMF": {
    "Instance": {
{
  "ESMF": {
    "Instance": {
{
  "ESMF": {
    "Instance": {
  }
}Array typekind/rank: Real*8 / 2 
      "NamedAliasCount": 0
    }
  }
      "NamedAliasCount": 0
    }
  }
      "NamedAliasCount": 0
~ lower class' values ~
DistGrid dimCount = 2
    }
  }
}Array typekind/rank: Real*8 / 2 
}Array typekind/rank: Real*8 / 2 
}~ lower class' values ~
DistGrid dimCount = 2
~ lower class' values ~
DistGrid dimCount = 2
deCount = 4
localDeCount = 1
~ local data in LocalArray for DE 3 ~
Array typekind/rank: Real*8 / 2 
~ lower class' values ~
DistGrid dimCount = 2
deCount = 4
localDeCount = 1
deCount = 4
localDeCount = 1
~ local data in LocalArray for DE 1 ~
LocalArrayPrint: Array at address 0x137e1ff40:
            rank = 2, typekind = 6, base_addr = 0x60000146ae80
            dim[0] = 4  dim[1] = 4  
deCount = 4
localDeCount = 1
~ local data in LocalArray for DE 2 ~
LocalArrayPrint: Array at address 0x145605200:
            rank = 2, typekind = 6, base_addr = 0x600000504000
LocalArrayPrint: Array at address 0x13a5072f0:
            rank = 2, typekind = 6, base_addr = 0x60000226f200
  Real, *8, Dim 2, Data values:
( 0, 0) =  300
( 1, 0) =  301
~ local data in LocalArray for DE 0 ~
LocalArrayPrint: Array at address 0x1486237c0:
            rank = 2, typekind = 6, base_addr = 0x600002c92e80
            dim[0] = 4  dim[1] = 4  
  Real, *8, Dim 2, Data values:
            dim[0] = 4  dim[1] = 4  
  Real, *8, Dim 2, Data values:
( 0, 0) =  301
( 2, 0) =  301
( 3, 0) =  303
            dim[0] = 4  dim[1] = 4  
  Real, *8, Dim 2, Data values:
( 0, 0) =  302
( 1, 0) =  300
( 1, 0) =  301
( 2, 0) =  301
( 0, 1) =  302
( 1, 1) =  303
( 2, 1) =  303
( 0, 0) =  300
( 1, 0) =  300
( 2, 0) =  300
( 3, 0) =  301
( 3, 0) =  301
( 0, 1) =  300
( 1, 1) =  301
( 3, 1) =  303
( 0, 2) =  302
( 2, 0) =  300
( 3, 0) =  300
( 0, 1) =  300
( 0, 1) =  302
( 1, 1) =  302
( 2, 1) =  301
( 3, 1) =  301
( 1, 2) =  303
( 2, 2) =  303
( 1, 1) =  300
( 2, 1) =  302
( 3, 1) =  303
( 2, 1) =  300
( 0, 2) =  300
( 1, 2) =  301
( 3, 2) =  303
( 0, 3) =  303
( 3, 1) =  301
( 0, 2) =  300
( 1, 2) =  300
( 2, 2) =  301
( 3, 2) =  301
( 0, 3) =  302
( 1, 3) =  303
( 2, 3) =  303
( 3, 3) =  303
( 0, 2) =  302
( 1, 2) =  302
( 2, 2) =  302
( 3, 2) =  303
( 2, 2) =  300
( 3, 2) =  301
( 0, 3) =  300
( 1, 3) =  303
( 2, 3) =  303
( 3, 3) =  301
--- ESMCI::Array::print end ---
--- ESMCI::Array::print start ---
( 0, 3) =  302
( 1, 3) =  302
( 2, 3) =  302
( 1, 3) =  302
( 2, 3) =  302
--- ESMCI::Array::print end ---
--- ESMCI::Array::print start ---
 Base name    = Array005
 Status: Base = Ready,  object = Ready
 Proxy        = no
( 3, 3) =  303
--- ESMCI::Array::print end ---
 Base name    = Array005
 Status: Base = Ready,  object = Ready
 Root Info (Attributes):
{
( 3, 3) =  302
--- ESMCI::Array::print end ---
--- ESMCI::Array::print start ---
 Base name    = Array005
--- ESMCI::Array::print start ---
 Base name    = Array005
 Proxy        = no
 Root Info (Attributes):
  "ESMF": {
    "Instance": {
      "NamedAliasCount": 0
 Status: Base = Ready,  object = Ready
 Proxy        = no
 Root Info (Attributes):
{
  "ESMF": {
    }
  }
 Status: Base = Ready,  object = Ready
 Proxy        = no
 Root Info (Attributes):
{
  "ESMF": {
{
  "ESMF": {
    "Instance": {
      "NamedAliasCount": 0
    }
}Array typekind/rank: Real*8 / 2 
    "Instance": {
      "NamedAliasCount": 0
    "Instance": {
  }
~ lower class' values ~
      "NamedAliasCount": 0
    }
}Array typekind/rank: Real*8 / 2 
DistGrid dimCount = 2
deCount = 4
localDeCount = 1
~ local data in LocalArray for DE 3 ~
    }
  }
}  }
}Array typekind/rank: Real*8 / 2 
~ lower class' values ~
~ lower class' values ~
DistGrid dimCount = 2
deCount = 4
localDeCount = 1
LocalArrayPrint: Array at address 0x137e20270:
            rank = 2, typekind = 6, base_addr = 0x60000146af80
Array typekind/rank: Real*8 / 2 
~ lower class' values ~
DistGrid dimCount = 2
DistGrid dimCount = 2
~ local data in LocalArray for DE 1 ~
LocalArrayPrint: Array at address 0x13a5076f0:
            dim[0] = 4  dim[1] = 4  
  Real, *8, Dim 2, Data values:
deCount = 4
deCount = 4
localDeCount = 1
localDeCount = 1
~ local data in LocalArray for DE 0 ~
~ local data in LocalArray for DE 2 ~
LocalArrayPrint: Array at address 0x145605530:
            rank = 2, typekind = 6, base_addr = 0x600002248080
            dim[0] = 4  dim[1] = 4  
  Real, *8, Dim 2, Data values:
( 0, 0) =  400
( 1, 0) =  401
( 2, 0) =  401
( 3, 0) =  403
LocalArrayPrint: Array at address 0x148623af0:
            rank = 2, typekind = 6, base_addr = 0x600002c93000
            dim[0] = 4  dim[1] = 4  
            rank = 2, typekind = 6, base_addr = 0x600000504100
            dim[0] = 4  dim[1] = 4  
( 0, 0) =  401
( 1, 0) =  401
  Real, *8, Dim 2, Data values:
  Real, *8, Dim 2, Data values:
( 0, 0) =  402
( 2, 0) =  401
( 3, 0) =  401
( 0, 1) =  402
( 1, 1) =  403
( 2, 1) =  403
( 3, 1) =  403
( 0, 0) =  400
( 1, 0) =  400
( 2, 0) =  400
( 1, 0) =  400
( 2, 0) =  400
( 0, 1) =  400
( 1, 1) =  401
( 0, 2) =  402
( 1, 2) =  403
( 2, 2) =  403
( 3, 0) =  400
( 0, 1) =  400
( 1, 1) =  400
( 3, 0) =  401
( 0, 1) =  402
( 2, 1) =  401
( 3, 1) =  401
( 0, 2) =  400
( 3, 2) =  403
( 0, 3) =  403
( 1, 3) =  403
( 2, 1) =  400
( 3, 1) =  401
( 1, 1) =  402
( 2, 1) =  402
( 3, 1) =  403
( 1, 2) =  401
( 2, 2) =  401
( 2, 3) =  403
( 3, 3) =  403
( 0, 2) =  400
( 1, 2) =  400
( 0, 2) =  402
( 1, 2) =  402
( 3, 2) =  401
( 0, 3) =  402
--- ESMCI::Array::print end ---
--- ESMCI::Array::print start ---
( 2, 2) =  400
( 3, 2) =  401
( 0, 3) =  400
( 2, 2) =  402
( 3, 2) =  403
( 0, 3) =  402
( 1, 3) =  403
( 2, 3) =  403
( 3, 3) =  401
--- ESMCI::Array::print end ---
 Base name    = Array006
 Status: Base = Ready,  object = Ready
 Proxy        = no
( 1, 3) =  402
( 2, 3) =  402
( 3, 3) =  403
( 1, 3) =  402
( 2, 3) =  402
( 3, 3) =  402
--- ESMCI::Array::print start ---
 Base name    = Array006
 Root Info (Attributes):
{
--- ESMCI::Array::print end ---
--- ESMCI::Array::print start ---
 Base name    = Array006
--- ESMCI::Array::print end ---
--- ESMCI::Array::print start ---
 Status: Base = Ready,  object = Ready
 Proxy        = no
 Root Info (Attributes):
  "ESMF": {
    "Instance": {
      "NamedAliasCount": 0
    }
 Status: Base = Ready,  object = Ready
 Proxy        = no
 Root Info (Attributes):
 Base name    = Array006
 Status: Base = Ready,  object = Ready
{
  "ESMF": {
    "Instance": {
{
  "ESMF": {
 Proxy        = no
 Root Info (Attributes):
  }
}Array typekind/rank: Real*8 / 2 
~ lower class' values ~
    "Instance": {
      "NamedAliasCount": 0
    }
{
  "ESMF": {
DistGrid dimCount = 2
deCount = 4
      "NamedAliasCount": 0
    }
  }
}Array typekind/rank: Real*8 / 2 
  }
    "Instance": {
      "NamedAliasCount": 0
}~ lower class' values ~
DistGrid dimCount = 2
localDeCount = 1
~ local data in LocalArray for DE 3 ~
Array typekind/rank: Real*8 / 2 
~ lower class' values ~
LocalArrayPrint: Array at address 0x137e205a0:
    }
  }
}deCount = 4
localDeCount = 1
DistGrid dimCount = 2
deCount = 4
            rank = 2, typekind = 6, base_addr = 0x600001e6cd20
            dim[0] = 4  dim[1] = 3  
Array typekind/rank: Real*8 / 2 
~ lower class' values ~
DistGrid dimCount = 2
~ local data in LocalArray for DE 1 ~
LocalArrayPrint: Array at address 0x13a507a20:
localDeCount = 1
~ local data in LocalArray for DE 0 ~
LocalArrayPrint: Array at address 0x148623e20:
  Real, *8, Dim 2, Data values:
( 0, 0) =  500
            rank = 2, typekind = 6, base_addr = 0x6000028782a0
            dim[0] = 4  dim[1] = 3  
  Real, *8, Dim 2, Data values:
            rank = 2, typekind = 6, base_addr = 0x6000026951a0
( 1, 0) =  501
( 2, 0) =  501
deCount = 4
localDeCount = 1
~ local data in LocalArray for DE 2 ~
            dim[0] = 4  dim[1] = 3  
  Real, *8, Dim 2, Data values:
LocalArrayPrint: Array at address 0x145605860:
            rank = 2, typekind = 6, base_addr = 0x600000f08060
( 0, 0) =  501
( 1, 0) =  501
( 2, 0) =  501
( 0, 0) =  500
( 1, 0) =  500
            dim[0] = 4  dim[1] = 3  
  Real, *8, Dim 2, Data values:
( 3, 0) =  501
( 0, 1) =  500
( 3, 0) =  503
( 0, 1) =  502
( 1, 1) =  503
( 2, 1) =  503
( 2, 0) =  500
( 3, 0) =  500
( 0, 0) =  502
( 1, 0) =  500
( 1, 1) =  501
( 2, 1) =  501
( 0, 1) =  500
( 1, 1) =  500
( 2, 1) =  500
( 2, 0) =  500
( 3, 0) =  501
( 3, 1) =  501
( 0, 2) =  500
( 3, 1) =  503
( 0, 2) =  502
( 1, 2) =  503
( 2, 2) =  503
( 3, 2) =  503
( 3, 1) =  501
( 0, 2) =  500
( 0, 1) =  502
( 1, 1) =  502
( 1, 2) =  501
( 2, 2) =  501
( 3, 2) =  501
--- ESMCI::Array::print end ---
( 1, 2) =  500
( 2, 2) =  500
( 2, 1) =  502
( 3, 1) =  503
( 0, 2) =  502
--- ESMCI::Array::print end ---
( 3, 2) =  501
--- ESMCI::Array::print end ---
( 1, 2) =  502
( 2, 2) =  502
  PASS  Example ESMF_ArrayBundleHaloEx, ESMF_ArrayBundleHaloEx.F90, line 172
( 3, 2) =  503
--- ESMCI::Array::print end ---
  PASS  Example ESMF_ArrayBundleHaloEx, ESMF_ArrayBundleHaloEx.F90, line 172
  PASS  Example ESMF_ArrayBundleHaloEx, ESMF_ArrayBundleHaloEx.F90, line 172
  PASS  Example ESMF_ArrayBundleHaloEx, ESMF_ArrayBundleHaloEx.F90, line 172
 PASS: ESMF_ArrayBundleHaloEx.F90
 PASS: ESMF_ArrayBundleHaloEx.F90
 PASS: ESMF_ArrayBundleHaloEx.F90
 PASS: ESMF_ArrayBundleHaloEx.F90
