2026-09-13 20:12:15
20260913 203815.415 INFO             PET0 !!!!!!!!!!!!!!!!!!!!!!!!!!!!!!!!!!!!!!!!!!!!!!!!!!!!!!
20260913 203815.416 INFO             PET0 !!! THE ESMF_LOG IS SET TO OUTPUT ALL LOG MESSAGES !!!
20260913 203815.416 INFO             PET0 !!!     THIS MAY CAUSE SLOWDOWN IN PERFORMANCE     !!!
20260913 203815.416 INFO             PET0 !!! FOR PRODUCTION RUNS, USE:                      !!!
20260913 203815.416 INFO             PET0 !!!                   ESMF_LOGKIND_Multi_On_Error  !!!
20260913 203815.416 INFO             PET0 !!!!!!!!!!!!!!!!!!!!!!!!!!!!!!!!!!!!!!!!!!!!!!!!!!!!!!
20260913 203815.416 INFO             PET0 Running with ESMF Version   : v9.0.0b18
20260913 203815.416 INFO             PET0 ESMF library build date/time: "Sep 13 2026" "20:11:04"
20260913 203815.416 INFO             PET0 ESMF library build location : /usr/local/esmf/esmf-testing/nagclang_7.2.44_17.0.0_openmpi_O_develop/esmf
20260913 203815.416 INFO             PET0 ESMF_COMM                   : openmpi
20260913 203815.416 INFO             PET0 ESMF_MOAB                   : enabled
20260913 203815.416 INFO             PET0 ESMF_LAPACK                 : enabled
20260913 203815.416 INFO             PET0 ESMF_NETCDF                 : enabled
20260913 203815.416 INFO             PET0 ESMF_PNETCDF                : disabled
20260913 203815.416 INFO             PET0 ESMF_PIO                    : enabled
20260913 203815.416 INFO             PET0 ESMF_YAMLCPP                : enabled
20260913 203815.421 INFO             PET0 =============================================
20260913 203815.421 INFO             PET0 ESMX (Earth System Model eXecutable) STARTING
20260913 203815.421 INFO             PET0 =============================================
20260913 203815.431 DEBUG            PET0 Generic SetVM() is executing for: ESMX_Driver
20260913 203815.431 DEBUG            PET0 Generic SetVM() found no NUOPC Hint for: ESMX_Driver
20260913 203815.431 DEBUG            PET0 Generic SetVM() therefore is NOT calling ESMF_GridCompSetVMMaxPEs() for: ESMX_Driver
20260913 203815.438 INFO             PET0 ESMX_Driver: InitializeGeneric intro.
20260913 203815.438 INFO             PET0   >>>ESMX_Driver: entered Initialize (phase=<none>) without valid internal Clock.
20260913 203815.438 INFO             PET0   ESMX_Driver: InitializeP0 intro.
20260913 203815.438 INFO             PET0     >>>ESMX_Driver: entered Initialize (phase=<none>) without valid internal Clock.
20260913 203815.438 INFO             PET0     <<<ESMX_Driver: leaving Initialize (phase=<none>) without valid internal Clock.
20260913 203815.439 INFO             PET0   ESMX_Driver: InitializeP0 extro.
20260913 203815.439 INFO             PET0   ESMX_Driver: InitializeIPDv02p1 intro.
20260913 203815.439 INFO             PET0     >>>ESMX_Driver: entered Initialize (phase=<none>) without valid internal Clock.
20260913 203815.444 INFO             PET0     ESMX_Driver - Creating model component MDL without petList.
20260913 203815.567 DEBUG            PET0     Generic SetVM() is executing for: MDL
20260913 203815.567 DEBUG            PET0     Generic SetVM() found no NUOPC Hint for: MDL
20260913 203815.567 DEBUG            PET0     Generic SetVM() therefore is NOT calling ESMF_GridCompSetVMMaxPEs() for: MDL
20260913 203815.580 INFO             PET0     ESMX_Driver: IInitAdvertise intro.
20260913 203815.580 INFO             PET0       >>>ESMX_Driver: entered Initialize (phase=<none>) with current time: 2012 10 24 18  0  0   0
20260913 203815.580 INFO             PET0       <<<ESMX_Driver: leaving Initialize (phase=<none>) with current time: 2012 10 24 18  0  0   0
20260913 203815.580 INFO             PET0     ESMX_Driver: IInitAdvertise extro.
20260913 203815.581 INFO             PET0     Message from inside C component Advertise() method
20260913 203815.582 INFO             PET0     ESMX_Driver: IInitAdvertiseFinish intro.
20260913 203815.582 INFO             PET0       >>>ESMX_Driver: entered Initialize (phase=<none>) with current time: 2012 10 24 18  0  0   0
20260913 203815.582 INFO             PET0       <<<ESMX_Driver: leaving Initialize (phase=<none>) with current time: 2012 10 24 18  0  0   0
20260913 203815.582 INFO             PET0     ESMX_Driver: IInitAdvertiseFinish extro.
20260913 203815.583 INFO             PET0     ESMX_Driver: IInitModifyCplLists intro.
20260913 203815.583 INFO             PET0       >>>ESMX_Driver: entered Initialize (phase=<none>) with current time: 2012 10 24 18  0  0   0
20260913 203815.583 INFO             PET0       <<<ESMX_Driver: leaving Initialize (phase=<none>) with current time: 2012 10 24 18  0  0   0
20260913 203815.583 INFO             PET0     ESMX_Driver: IInitModifyCplLists extro.
20260913 203815.583 INFO             PET0     <<<ESMX_Driver: leaving Initialize (phase=<none>) with current time: 2012 10 24 18  0  0   0
20260913 203815.583 INFO             PET0   ESMX_Driver: InitializeIPDv02p1 extro.
20260913 203815.583 INFO             PET0   ESMX_Driver: InitializeIPDv02p3 intro.
20260913 203815.583 INFO             PET0     >>>ESMX_Driver: entered Initialize (phase=<none>) with current time: 2012 10 24 18  0  0   0
20260913 203815.584 INFO             PET0     ESMX_Driver: IInitCheck intro.
20260913 203815.584 INFO             PET0       >>>ESMX_Driver: entered Initialize (phase=<none>) with current time: 2012 10 24 18  0  0   0
20260913 203815.584 INFO             PET0       <<<ESMX_Driver: leaving Initialize (phase=<none>) with current time: 2012 10 24 18  0  0   0
20260913 203815.584 INFO             PET0     ESMX_Driver: IInitCheck extro.
20260913 203815.585 INFO             PET0     ESMX_Driver: IInitRealize intro.
20260913 203815.585 INFO             PET0       >>>ESMX_Driver: entered Initialize (phase=<none>) with current time: 2012 10 24 18  0  0   0
20260913 203815.585 INFO             PET0       <<<ESMX_Driver: leaving Initialize (phase=<none>) with current time: 2012 10 24 18  0  0   0
20260913 203815.585 INFO             PET0     ESMX_Driver: IInitRealize extro.
20260913 203815.586 INFO             PET0     <<<ESMX_Driver: leaving Initialize (phase=<none>) with current time: 2012 10 24 18  0  0   0
20260913 203815.586 INFO             PET0   ESMX_Driver: InitializeIPDv02p3 extro.
20260913 203815.586 INFO             PET0   ESMX_Driver: InitializeIPDv02p5 intro.
20260913 203815.586 INFO             PET0     >>>ESMX_Driver: entered Initialize (phase=<none>) with current time: 2012 10 24 18  0  0   0
20260913 203815.586 INFO             PET0     ESMX_Driver: InitializeIPDv02p5Data intro.
20260913 203815.586 INFO             PET0       >>>ESMX_Driver: entered Initialize (phase=<none>) with current time: 2012 10 24 18  0  0   0
20260913 203815.586 INFO             PET0       ESMX_Driver: InternalInitializeComplete intro.
20260913 203815.587 INFO             PET0         >>>ESMX_Driver: entered Initialize (phase=<none>) with current time: 2012 10 24 18  0  0   0
20260913 203815.587 INFO             PET0         <<<ESMX_Driver: leaving Initialize (phase=<none>) with current time: 2012 10 24 18  0  0   0
20260913 203815.587 INFO             PET0       ESMX_Driver: InternalInitializeComplete extro.
20260913 203815.588 INFO             PET0       ESMX_Driver: loopDataDependentInitialize intro.
20260913 203815.588 INFO             PET0         >>>ESMX_Driver: entered Initialize (phase=<none>) with current time: 2012 10 24 18  0  0   0
20260913 203815.588 INFO             PET0         <<<ESMX_Driver: leaving Initialize (phase=<none>) with current time: 2012 10 24 18  0  0   0
20260913 203815.588 INFO             PET0       ESMX_Driver: loopDataDependentInitialize extro.
20260913 203815.589 INFO             PET0       <<<ESMX_Driver: leaving Initialize (phase=<none>) with current time: 2012 10 24 18  0  0   0
20260913 203815.589 INFO             PET0     ESMX_Driver: InitializeIPDv02p5Data extro.
20260913 203815.589 INFO             PET0     <<<ESMX_Driver: leaving Initialize (phase=<none>) with current time: 2012 10 24 18  0  0   0
20260913 203815.589 INFO             PET0   ESMX_Driver: InitializeIPDv02p5 extro.
20260913 203815.589 INFO             PET0   <<<ESMX_Driver: leaving Initialize (phase=<none>) with current time: 2012 10 24 18  0  0   0
20260913 203815.589 INFO             PET0 ESMX_Driver: InitializeGeneric extro.
20260913 203815.589 INFO             PET0 ESMX_Driver: Run intro.
20260913 203815.589 INFO             PET0   >>>ESMX_Driver: entered Run (phase=RunPhase1) with current time: 2012 10 24 18  0  0   0
20260913 203815.590 INFO             PET0   Message from inside C component Advance() method
20260913 203815.590 INFO             PET0   <<<ESMX_Driver: leaving Run (phase=RunPhase1) with current time: 2012 10 24 19  0  0   0
20260913 203815.590 INFO             PET0 ESMX_Driver: Run extro.
20260913 203815.590 INFO             PET0 ESMX_Driver: Finalize intro.
20260913 203815.590 INFO             PET0   >>>ESMX_Driver: entered Finalize (phase=FinalizePhase1) with current time: 2012 10 24 19  0  0   0
20260913 203815.590 INFO             PET0   Calling Finalize phase 1 for modelComp: MDL
20260913 203815.590 INFO             PET0   Delete modelComp: MDL
20260913 203815.590 INFO             PET0   <<<ESMX_Driver: leaving Finalize (phase=FinalizePhase1) with current time: 2012 10 24 19  0  0   0
20260913 203815.590 INFO             PET0 ESMX_Driver: Finalize extro.
20260913 203815.590 INFO             PET0 =============================================
20260913 203815.590 INFO             PET0 ESMX (Earth System Model eXecutable) FINISHED
20260913 203815.590 INFO             PET0 =============================================
20260913 203815.590 INFO             PET0  Finalizing ESMF
20260913 203815.417 INFO             PET1 !!!!!!!!!!!!!!!!!!!!!!!!!!!!!!!!!!!!!!!!!!!!!!!!!!!!!!
20260913 203815.417 INFO             PET1 !!! THE ESMF_LOG IS SET TO OUTPUT ALL LOG MESSAGES !!!
20260913 203815.417 INFO             PET1 !!!     THIS MAY CAUSE SLOWDOWN IN PERFORMANCE     !!!
20260913 203815.417 INFO             PET1 !!! FOR PRODUCTION RUNS, USE:                      !!!
20260913 203815.417 INFO             PET1 !!!                   ESMF_LOGKIND_Multi_On_Error  !!!
20260913 203815.417 INFO             PET1 !!!!!!!!!!!!!!!!!!!!!!!!!!!!!!!!!!!!!!!!!!!!!!!!!!!!!!
20260913 203815.417 INFO             PET1 Running with ESMF Version   : v9.0.0b18
20260913 203815.417 INFO             PET1 ESMF library build date/time: "Sep 13 2026" "20:11:04"
20260913 203815.417 INFO             PET1 ESMF library build location : /usr/local/esmf/esmf-testing/nagclang_7.2.44_17.0.0_openmpi_O_develop/esmf
20260913 203815.417 INFO             PET1 ESMF_COMM                   : openmpi
20260913 203815.418 INFO             PET1 ESMF_MOAB                   : enabled
20260913 203815.418 INFO             PET1 ESMF_LAPACK                 : enabled
20260913 203815.418 INFO             PET1 ESMF_NETCDF                 : enabled
20260913 203815.418 INFO             PET1 ESMF_PNETCDF                : disabled
20260913 203815.418 INFO             PET1 ESMF_PIO                    : enabled
20260913 203815.418 INFO             PET1 ESMF_YAMLCPP                : enabled
20260913 203815.422 INFO             PET1 =============================================
20260913 203815.422 INFO             PET1 ESMX (Earth System Model eXecutable) STARTING
20260913 203815.422 INFO             PET1 =============================================
20260913 203815.429 DEBUG            PET1 Generic SetVM() is executing for: ESMX_Driver
20260913 203815.430 DEBUG            PET1 Generic SetVM() found no NUOPC Hint for: ESMX_Driver
20260913 203815.430 DEBUG            PET1 Generic SetVM() therefore is NOT calling ESMF_GridCompSetVMMaxPEs() for: ESMX_Driver
20260913 203815.435 INFO             PET1 ESMX_Driver: InitializeGeneric intro.
20260913 203815.435 INFO             PET1   >>>ESMX_Driver: entered Initialize (phase=<none>) without valid internal Clock.
20260913 203815.435 INFO             PET1   ESMX_Driver: InitializeP0 intro.
20260913 203815.435 INFO             PET1     >>>ESMX_Driver: entered Initialize (phase=<none>) without valid internal Clock.
20260913 203815.435 INFO             PET1     <<<ESMX_Driver: leaving Initialize (phase=<none>) without valid internal Clock.
20260913 203815.435 INFO             PET1   ESMX_Driver: InitializeP0 extro.
20260913 203815.435 INFO             PET1   ESMX_Driver: InitializeIPDv02p1 intro.
20260913 203815.435 INFO             PET1     >>>ESMX_Driver: entered Initialize (phase=<none>) without valid internal Clock.
20260913 203815.444 INFO             PET1     ESMX_Driver - Creating model component MDL without petList.
20260913 203815.567 DEBUG            PET1     Generic SetVM() is executing for: MDL
20260913 203815.567 DEBUG            PET1     Generic SetVM() found no NUOPC Hint for: MDL
20260913 203815.567 DEBUG            PET1     Generic SetVM() therefore is NOT calling ESMF_GridCompSetVMMaxPEs() for: MDL
20260913 203815.580 INFO             PET1     ESMX_Driver: IInitAdvertise intro.
20260913 203815.580 INFO             PET1       >>>ESMX_Driver: entered Initialize (phase=<none>) with current time: 2012 10 24 18  0  0   0
20260913 203815.581 INFO             PET1       <<<ESMX_Driver: leaving Initialize (phase=<none>) with current time: 2012 10 24 18  0  0   0
20260913 203815.581 INFO             PET1     ESMX_Driver: IInitAdvertise extro.
20260913 203815.581 INFO             PET1     Message from inside C component Advertise() method
20260913 203815.582 INFO             PET1     ESMX_Driver: IInitAdvertiseFinish intro.
20260913 203815.582 INFO             PET1       >>>ESMX_Driver: entered Initialize (phase=<none>) with current time: 2012 10 24 18  0  0   0
20260913 203815.582 INFO             PET1       <<<ESMX_Driver: leaving Initialize (phase=<none>) with current time: 2012 10 24 18  0  0   0
20260913 203815.582 INFO             PET1     ESMX_Driver: IInitAdvertiseFinish extro.
20260913 203815.583 INFO             PET1     ESMX_Driver: IInitModifyCplLists intro.
20260913 203815.583 INFO             PET1       >>>ESMX_Driver: entered Initialize (phase=<none>) with current time: 2012 10 24 18  0  0   0
20260913 203815.583 INFO             PET1       <<<ESMX_Driver: leaving Initialize (phase=<none>) with current time: 2012 10 24 18  0  0   0
20260913 203815.583 INFO             PET1     ESMX_Driver: IInitModifyCplLists extro.
20260913 203815.583 INFO             PET1     <<<ESMX_Driver: leaving Initialize (phase=<none>) with current time: 2012 10 24 18  0  0   0
20260913 203815.583 INFO             PET1   ESMX_Driver: InitializeIPDv02p1 extro.
20260913 203815.583 INFO             PET1   ESMX_Driver: InitializeIPDv02p3 intro.
20260913 203815.584 INFO             PET1     >>>ESMX_Driver: entered Initialize (phase=<none>) with current time: 2012 10 24 18  0  0   0
20260913 203815.584 INFO             PET1     ESMX_Driver: IInitCheck intro.
20260913 203815.584 INFO             PET1       >>>ESMX_Driver: entered Initialize (phase=<none>) with current time: 2012 10 24 18  0  0   0
20260913 203815.584 INFO             PET1       <<<ESMX_Driver: leaving Initialize (phase=<none>) with current time: 2012 10 24 18  0  0   0
20260913 203815.584 INFO             PET1     ESMX_Driver: IInitCheck extro.
20260913 203815.585 INFO             PET1     ESMX_Driver: IInitRealize intro.
20260913 203815.585 INFO             PET1       >>>ESMX_Driver: entered Initialize (phase=<none>) with current time: 2012 10 24 18  0  0   0
20260913 203815.585 INFO             PET1       <<<ESMX_Driver: leaving Initialize (phase=<none>) with current time: 2012 10 24 18  0  0   0
20260913 203815.585 INFO             PET1     ESMX_Driver: IInitRealize extro.
20260913 203815.586 INFO             PET1     <<<ESMX_Driver: leaving Initialize (phase=<none>) with current time: 2012 10 24 18  0  0   0
20260913 203815.586 INFO             PET1   ESMX_Driver: InitializeIPDv02p3 extro.
20260913 203815.586 INFO             PET1   ESMX_Driver: InitializeIPDv02p5 intro.
20260913 203815.586 INFO             PET1     >>>ESMX_Driver: entered Initialize (phase=<none>) with current time: 2012 10 24 18  0  0   0
20260913 203815.586 INFO             PET1     ESMX_Driver: InitializeIPDv02p5Data intro.
20260913 203815.586 INFO             PET1       >>>ESMX_Driver: entered Initialize (phase=<none>) with current time: 2012 10 24 18  0  0   0
20260913 203815.586 INFO             PET1       ESMX_Driver: InternalInitializeComplete intro.
20260913 203815.587 INFO             PET1         >>>ESMX_Driver: entered Initialize (phase=<none>) with current time: 2012 10 24 18  0  0   0
20260913 203815.587 INFO             PET1         <<<ESMX_Driver: leaving Initialize (phase=<none>) with current time: 2012 10 24 18  0  0   0
20260913 203815.587 INFO             PET1       ESMX_Driver: InternalInitializeComplete extro.
20260913 203815.588 INFO             PET1       ESMX_Driver: loopDataDependentInitialize intro.
20260913 203815.588 INFO             PET1         >>>ESMX_Driver: entered Initialize (phase=<none>) with current time: 2012 10 24 18  0  0   0
20260913 203815.588 INFO             PET1         <<<ESMX_Driver: leaving Initialize (phase=<none>) with current time: 2012 10 24 18  0  0   0
20260913 203815.588 INFO             PET1       ESMX_Driver: loopDataDependentInitialize extro.
20260913 203815.589 INFO             PET1       <<<ESMX_Driver: leaving Initialize (phase=<none>) with current time: 2012 10 24 18  0  0   0
20260913 203815.589 INFO             PET1     ESMX_Driver: InitializeIPDv02p5Data extro.
20260913 203815.589 INFO             PET1     <<<ESMX_Driver: leaving Initialize (phase=<none>) with current time: 2012 10 24 18  0  0   0
20260913 203815.589 INFO             PET1   ESMX_Driver: InitializeIPDv02p5 extro.
20260913 203815.589 INFO             PET1   <<<ESMX_Driver: leaving Initialize (phase=<none>) with current time: 2012 10 24 18  0  0   0
20260913 203815.589 INFO             PET1 ESMX_Driver: InitializeGeneric extro.
20260913 203815.589 INFO             PET1 ESMX_Driver: Run intro.
20260913 203815.589 INFO             PET1   >>>ESMX_Driver: entered Run (phase=RunPhase1) with current time: 2012 10 24 18  0  0   0
20260913 203815.590 INFO             PET1   Message from inside C component Advance() method
20260913 203815.590 INFO             PET1   <<<ESMX_Driver: leaving Run (phase=RunPhase1) with current time: 2012 10 24 19  0  0   0
20260913 203815.590 INFO             PET1 ESMX_Driver: Run extro.
20260913 203815.590 INFO             PET1 ESMX_Driver: Finalize intro.
20260913 203815.590 INFO             PET1   >>>ESMX_Driver: entered Finalize (phase=FinalizePhase1) with current time: 2012 10 24 19  0  0   0
20260913 203815.590 INFO             PET1   Calling Finalize phase 1 for modelComp: MDL
20260913 203815.590 INFO             PET1   Delete modelComp: MDL
20260913 203815.590 INFO             PET1   <<<ESMX_Driver: leaving Finalize (phase=FinalizePhase1) with current time: 2012 10 24 19  0  0   0
20260913 203815.590 INFO             PET1 ESMX_Driver: Finalize extro.
20260913 203815.590 INFO             PET1 =============================================
20260913 203815.590 INFO             PET1 ESMX (Earth System Model eXecutable) FINISHED
20260913 203815.590 INFO             PET1 =============================================
20260913 203815.590 INFO             PET1  Finalizing ESMF
20260913 203815.413 INFO             PET2 !!!!!!!!!!!!!!!!!!!!!!!!!!!!!!!!!!!!!!!!!!!!!!!!!!!!!!
20260913 203815.414 INFO             PET2 !!! THE ESMF_LOG IS SET TO OUTPUT ALL LOG MESSAGES !!!
20260913 203815.414 INFO             PET2 !!!     THIS MAY CAUSE SLOWDOWN IN PERFORMANCE     !!!
20260913 203815.414 INFO             PET2 !!! FOR PRODUCTION RUNS, USE:                      !!!
20260913 203815.414 INFO             PET2 !!!                   ESMF_LOGKIND_Multi_On_Error  !!!
20260913 203815.414 INFO             PET2 !!!!!!!!!!!!!!!!!!!!!!!!!!!!!!!!!!!!!!!!!!!!!!!!!!!!!!
20260913 203815.414 INFO             PET2 Running with ESMF Version   : v9.0.0b18
20260913 203815.414 INFO             PET2 ESMF library build date/time: "Sep 13 2026" "20:11:04"
20260913 203815.414 INFO             PET2 ESMF library build location : /usr/local/esmf/esmf-testing/nagclang_7.2.44_17.0.0_openmpi_O_develop/esmf
20260913 203815.414 INFO             PET2 ESMF_COMM                   : openmpi
20260913 203815.414 INFO             PET2 ESMF_MOAB                   : enabled
20260913 203815.414 INFO             PET2 ESMF_LAPACK                 : enabled
20260913 203815.414 INFO             PET2 ESMF_NETCDF                 : enabled
20260913 203815.414 INFO             PET2 ESMF_PNETCDF                : disabled
20260913 203815.414 INFO             PET2 ESMF_PIO                    : enabled
20260913 203815.414 INFO             PET2 ESMF_YAMLCPP                : enabled
20260913 203815.423 INFO             PET2 =============================================
20260913 203815.423 INFO             PET2 ESMX (Earth System Model eXecutable) STARTING
20260913 203815.423 INFO             PET2 =============================================
20260913 203815.427 DEBUG            PET2 Generic SetVM() is executing for: ESMX_Driver
20260913 203815.428 DEBUG            PET2 Generic SetVM() found no NUOPC Hint for: ESMX_Driver
20260913 203815.428 DEBUG            PET2 Generic SetVM() therefore is NOT calling ESMF_GridCompSetVMMaxPEs() for: ESMX_Driver
20260913 203815.436 INFO             PET2 ESMX_Driver: InitializeGeneric intro.
20260913 203815.436 INFO             PET2   >>>ESMX_Driver: entered Initialize (phase=<none>) without valid internal Clock.
20260913 203815.436 INFO             PET2   ESMX_Driver: InitializeP0 intro.
20260913 203815.437 INFO             PET2     >>>ESMX_Driver: entered Initialize (phase=<none>) without valid internal Clock.
20260913 203815.437 INFO             PET2     <<<ESMX_Driver: leaving Initialize (phase=<none>) without valid internal Clock.
20260913 203815.437 INFO             PET2   ESMX_Driver: InitializeP0 extro.
20260913 203815.437 INFO             PET2   ESMX_Driver: InitializeIPDv02p1 intro.
20260913 203815.437 INFO             PET2     >>>ESMX_Driver: entered Initialize (phase=<none>) without valid internal Clock.
20260913 203815.444 INFO             PET2     ESMX_Driver - Creating model component MDL without petList.
20260913 203815.569 DEBUG            PET2     Generic SetVM() is executing for: MDL
20260913 203815.570 DEBUG            PET2     Generic SetVM() found no NUOPC Hint for: MDL
20260913 203815.570 DEBUG            PET2     Generic SetVM() therefore is NOT calling ESMF_GridCompSetVMMaxPEs() for: MDL
20260913 203815.580 INFO             PET2     ESMX_Driver: IInitAdvertise intro.
20260913 203815.580 INFO             PET2       >>>ESMX_Driver: entered Initialize (phase=<none>) with current time: 2012 10 24 18  0  0   0
20260913 203815.581 INFO             PET2       <<<ESMX_Driver: leaving Initialize (phase=<none>) with current time: 2012 10 24 18  0  0   0
20260913 203815.581 INFO             PET2     ESMX_Driver: IInitAdvertise extro.
20260913 203815.581 INFO             PET2     Message from inside C component Advertise() method
20260913 203815.582 INFO             PET2     ESMX_Driver: IInitAdvertiseFinish intro.
20260913 203815.582 INFO             PET2       >>>ESMX_Driver: entered Initialize (phase=<none>) with current time: 2012 10 24 18  0  0   0
20260913 203815.582 INFO             PET2       <<<ESMX_Driver: leaving Initialize (phase=<none>) with current time: 2012 10 24 18  0  0   0
20260913 203815.582 INFO             PET2     ESMX_Driver: IInitAdvertiseFinish extro.
20260913 203815.583 INFO             PET2     ESMX_Driver: IInitModifyCplLists intro.
20260913 203815.583 INFO             PET2       >>>ESMX_Driver: entered Initialize (phase=<none>) with current time: 2012 10 24 18  0  0   0
20260913 203815.583 INFO             PET2       <<<ESMX_Driver: leaving Initialize (phase=<none>) with current time: 2012 10 24 18  0  0   0
20260913 203815.583 INFO             PET2     ESMX_Driver: IInitModifyCplLists extro.
20260913 203815.583 INFO             PET2     <<<ESMX_Driver: leaving Initialize (phase=<none>) with current time: 2012 10 24 18  0  0   0
20260913 203815.583 INFO             PET2   ESMX_Driver: InitializeIPDv02p1 extro.
20260913 203815.583 INFO             PET2   ESMX_Driver: InitializeIPDv02p3 intro.
20260913 203815.584 INFO             PET2     >>>ESMX_Driver: entered Initialize (phase=<none>) with current time: 2012 10 24 18  0  0   0
20260913 203815.584 INFO             PET2     ESMX_Driver: IInitCheck intro.
20260913 203815.584 INFO             PET2       >>>ESMX_Driver: entered Initialize (phase=<none>) with current time: 2012 10 24 18  0  0   0
20260913 203815.584 INFO             PET2       <<<ESMX_Driver: leaving Initialize (phase=<none>) with current time: 2012 10 24 18  0  0   0
20260913 203815.584 INFO             PET2     ESMX_Driver: IInitCheck extro.
20260913 203815.585 INFO             PET2     ESMX_Driver: IInitRealize intro.
20260913 203815.585 INFO             PET2       >>>ESMX_Driver: entered Initialize (phase=<none>) with current time: 2012 10 24 18  0  0   0
20260913 203815.585 INFO             PET2       <<<ESMX_Driver: leaving Initialize (phase=<none>) with current time: 2012 10 24 18  0  0   0
20260913 203815.585 INFO             PET2     ESMX_Driver: IInitRealize extro.
20260913 203815.586 INFO             PET2     <<<ESMX_Driver: leaving Initialize (phase=<none>) with current time: 2012 10 24 18  0  0   0
20260913 203815.586 INFO             PET2   ESMX_Driver: InitializeIPDv02p3 extro.
20260913 203815.586 INFO             PET2   ESMX_Driver: InitializeIPDv02p5 intro.
20260913 203815.586 INFO             PET2     >>>ESMX_Driver: entered Initialize (phase=<none>) with current time: 2012 10 24 18  0  0   0
20260913 203815.586 INFO             PET2     ESMX_Driver: InitializeIPDv02p5Data intro.
20260913 203815.586 INFO             PET2       >>>ESMX_Driver: entered Initialize (phase=<none>) with current time: 2012 10 24 18  0  0   0
20260913 203815.586 INFO             PET2       ESMX_Driver: InternalInitializeComplete intro.
20260913 203815.587 INFO             PET2         >>>ESMX_Driver: entered Initialize (phase=<none>) with current time: 2012 10 24 18  0  0   0
20260913 203815.587 INFO             PET2         <<<ESMX_Driver: leaving Initialize (phase=<none>) with current time: 2012 10 24 18  0  0   0
20260913 203815.587 INFO             PET2       ESMX_Driver: InternalInitializeComplete extro.
20260913 203815.588 INFO             PET2       ESMX_Driver: loopDataDependentInitialize intro.
20260913 203815.588 INFO             PET2         >>>ESMX_Driver: entered Initialize (phase=<none>) with current time: 2012 10 24 18  0  0   0
20260913 203815.588 INFO             PET2         <<<ESMX_Driver: leaving Initialize (phase=<none>) with current time: 2012 10 24 18  0  0   0
20260913 203815.588 INFO             PET2       ESMX_Driver: loopDataDependentInitialize extro.
20260913 203815.589 INFO             PET2       <<<ESMX_Driver: leaving Initialize (phase=<none>) with current time: 2012 10 24 18  0  0   0
20260913 203815.589 INFO             PET2     ESMX_Driver: InitializeIPDv02p5Data extro.
20260913 203815.589 INFO             PET2     <<<ESMX_Driver: leaving Initialize (phase=<none>) with current time: 2012 10 24 18  0  0   0
20260913 203815.589 INFO             PET2   ESMX_Driver: InitializeIPDv02p5 extro.
20260913 203815.589 INFO             PET2   <<<ESMX_Driver: leaving Initialize (phase=<none>) with current time: 2012 10 24 18  0  0   0
20260913 203815.589 INFO             PET2 ESMX_Driver: InitializeGeneric extro.
20260913 203815.589 INFO             PET2 ESMX_Driver: Run intro.
20260913 203815.589 INFO             PET2   >>>ESMX_Driver: entered Run (phase=RunPhase1) with current time: 2012 10 24 18  0  0   0
20260913 203815.590 INFO             PET2   Message from inside C component Advance() method
20260913 203815.590 INFO             PET2   <<<ESMX_Driver: leaving Run (phase=RunPhase1) with current time: 2012 10 24 19  0  0   0
20260913 203815.590 INFO             PET2 ESMX_Driver: Run extro.
20260913 203815.590 INFO             PET2 ESMX_Driver: Finalize intro.
20260913 203815.590 INFO             PET2   >>>ESMX_Driver: entered Finalize (phase=FinalizePhase1) with current time: 2012 10 24 19  0  0   0
20260913 203815.590 INFO             PET2   Calling Finalize phase 1 for modelComp: MDL
20260913 203815.590 INFO             PET2   Delete modelComp: MDL
20260913 203815.590 INFO             PET2   <<<ESMX_Driver: leaving Finalize (phase=FinalizePhase1) with current time: 2012 10 24 19  0  0   0
20260913 203815.590 INFO             PET2 ESMX_Driver: Finalize extro.
20260913 203815.590 INFO             PET2 =============================================
20260913 203815.590 INFO             PET2 ESMX (Earth System Model eXecutable) FINISHED
20260913 203815.590 INFO             PET2 =============================================
20260913 203815.590 INFO             PET2  Finalizing ESMF
20260913 203815.412 INFO             PET3 !!!!!!!!!!!!!!!!!!!!!!!!!!!!!!!!!!!!!!!!!!!!!!!!!!!!!!
20260913 203815.413 INFO             PET3 !!! THE ESMF_LOG IS SET TO OUTPUT ALL LOG MESSAGES !!!
20260913 203815.413 INFO             PET3 !!!     THIS MAY CAUSE SLOWDOWN IN PERFORMANCE     !!!
20260913 203815.413 INFO             PET3 !!! FOR PRODUCTION RUNS, USE:                      !!!
20260913 203815.413 INFO             PET3 !!!                   ESMF_LOGKIND_Multi_On_Error  !!!
20260913 203815.413 INFO             PET3 !!!!!!!!!!!!!!!!!!!!!!!!!!!!!!!!!!!!!!!!!!!!!!!!!!!!!!
20260913 203815.413 INFO             PET3 Running with ESMF Version   : v9.0.0b18
20260913 203815.413 INFO             PET3 ESMF library build date/time: "Sep 13 2026" "20:11:04"
20260913 203815.413 INFO             PET3 ESMF library build location : /usr/local/esmf/esmf-testing/nagclang_7.2.44_17.0.0_openmpi_O_develop/esmf
20260913 203815.413 INFO             PET3 ESMF_COMM                   : openmpi
20260913 203815.413 INFO             PET3 ESMF_MOAB                   : enabled
20260913 203815.413 INFO             PET3 ESMF_LAPACK                 : enabled
20260913 203815.413 INFO             PET3 ESMF_NETCDF                 : enabled
20260913 203815.413 INFO             PET3 ESMF_PNETCDF                : disabled
20260913 203815.413 INFO             PET3 ESMF_PIO                    : enabled
20260913 203815.413 INFO             PET3 ESMF_YAMLCPP                : enabled
20260913 203815.420 INFO             PET3 =============================================
20260913 203815.420 INFO             PET3 ESMX (Earth System Model eXecutable) STARTING
20260913 203815.420 INFO             PET3 =============================================
20260913 203815.429 DEBUG            PET3 Generic SetVM() is executing for: ESMX_Driver
20260913 203815.429 DEBUG            PET3 Generic SetVM() found no NUOPC Hint for: ESMX_Driver
20260913 203815.429 DEBUG            PET3 Generic SetVM() therefore is NOT calling ESMF_GridCompSetVMMaxPEs() for: ESMX_Driver
20260913 203815.437 INFO             PET3 ESMX_Driver: InitializeGeneric intro.
20260913 203815.437 INFO             PET3   >>>ESMX_Driver: entered Initialize (phase=<none>) without valid internal Clock.
20260913 203815.437 INFO             PET3   ESMX_Driver: InitializeP0 intro.
20260913 203815.437 INFO             PET3     >>>ESMX_Driver: entered Initialize (phase=<none>) without valid internal Clock.
20260913 203815.437 INFO             PET3     <<<ESMX_Driver: leaving Initialize (phase=<none>) without valid internal Clock.
20260913 203815.437 INFO             PET3   ESMX_Driver: InitializeP0 extro.
20260913 203815.437 INFO             PET3   ESMX_Driver: InitializeIPDv02p1 intro.
20260913 203815.437 INFO             PET3     >>>ESMX_Driver: entered Initialize (phase=<none>) without valid internal Clock.
20260913 203815.444 INFO             PET3     ESMX_Driver - Creating model component MDL without petList.
20260913 203815.567 DEBUG            PET3     Generic SetVM() is executing for: MDL
20260913 203815.567 DEBUG            PET3     Generic SetVM() found no NUOPC Hint for: MDL
20260913 203815.567 DEBUG            PET3     Generic SetVM() therefore is NOT calling ESMF_GridCompSetVMMaxPEs() for: MDL
20260913 203815.580 INFO             PET3     ESMX_Driver: IInitAdvertise intro.
20260913 203815.580 INFO             PET3       >>>ESMX_Driver: entered Initialize (phase=<none>) with current time: 2012 10 24 18  0  0   0
20260913 203815.581 INFO             PET3       <<<ESMX_Driver: leaving Initialize (phase=<none>) with current time: 2012 10 24 18  0  0   0
20260913 203815.581 INFO             PET3     ESMX_Driver: IInitAdvertise extro.
20260913 203815.581 INFO             PET3     Message from inside C component Advertise() method
20260913 203815.582 INFO             PET3     ESMX_Driver: IInitAdvertiseFinish intro.
20260913 203815.582 INFO             PET3       >>>ESMX_Driver: entered Initialize (phase=<none>) with current time: 2012 10 24 18  0  0   0
20260913 203815.582 INFO             PET3       <<<ESMX_Driver: leaving Initialize (phase=<none>) with current time: 2012 10 24 18  0  0   0
20260913 203815.582 INFO             PET3     ESMX_Driver: IInitAdvertiseFinish extro.
20260913 203815.583 INFO             PET3     ESMX_Driver: IInitModifyCplLists intro.
20260913 203815.583 INFO             PET3       >>>ESMX_Driver: entered Initialize (phase=<none>) with current time: 2012 10 24 18  0  0   0
20260913 203815.583 INFO             PET3       <<<ESMX_Driver: leaving Initialize (phase=<none>) with current time: 2012 10 24 18  0  0   0
20260913 203815.583 INFO             PET3     ESMX_Driver: IInitModifyCplLists extro.
20260913 203815.583 INFO             PET3     <<<ESMX_Driver: leaving Initialize (phase=<none>) with current time: 2012 10 24 18  0  0   0
20260913 203815.583 INFO             PET3   ESMX_Driver: InitializeIPDv02p1 extro.
20260913 203815.583 INFO             PET3   ESMX_Driver: InitializeIPDv02p3 intro.
20260913 203815.584 INFO             PET3     >>>ESMX_Driver: entered Initialize (phase=<none>) with current time: 2012 10 24 18  0  0   0
20260913 203815.584 INFO             PET3     ESMX_Driver: IInitCheck intro.
20260913 203815.584 INFO             PET3       >>>ESMX_Driver: entered Initialize (phase=<none>) with current time: 2012 10 24 18  0  0   0
20260913 203815.584 INFO             PET3       <<<ESMX_Driver: leaving Initialize (phase=<none>) with current time: 2012 10 24 18  0  0   0
20260913 203815.584 INFO             PET3     ESMX_Driver: IInitCheck extro.
20260913 203815.585 INFO             PET3     ESMX_Driver: IInitRealize intro.
20260913 203815.585 INFO             PET3       >>>ESMX_Driver: entered Initialize (phase=<none>) with current time: 2012 10 24 18  0  0   0
20260913 203815.585 INFO             PET3       <<<ESMX_Driver: leaving Initialize (phase=<none>) with current time: 2012 10 24 18  0  0   0
20260913 203815.585 INFO             PET3     ESMX_Driver: IInitRealize extro.
20260913 203815.586 INFO             PET3     <<<ESMX_Driver: leaving Initialize (phase=<none>) with current time: 2012 10 24 18  0  0   0
20260913 203815.586 INFO             PET3   ESMX_Driver: InitializeIPDv02p3 extro.
20260913 203815.586 INFO             PET3   ESMX_Driver: InitializeIPDv02p5 intro.
20260913 203815.586 INFO             PET3     >>>ESMX_Driver: entered Initialize (phase=<none>) with current time: 2012 10 24 18  0  0   0
20260913 203815.586 INFO             PET3     ESMX_Driver: InitializeIPDv02p5Data intro.
20260913 203815.586 INFO             PET3       >>>ESMX_Driver: entered Initialize (phase=<none>) with current time: 2012 10 24 18  0  0   0
20260913 203815.586 INFO             PET3       ESMX_Driver: InternalInitializeComplete intro.
20260913 203815.587 INFO             PET3         >>>ESMX_Driver: entered Initialize (phase=<none>) with current time: 2012 10 24 18  0  0   0
20260913 203815.587 INFO             PET3         <<<ESMX_Driver: leaving Initialize (phase=<none>) with current time: 2012 10 24 18  0  0   0
20260913 203815.587 INFO             PET3       ESMX_Driver: InternalInitializeComplete extro.
20260913 203815.588 INFO             PET3       ESMX_Driver: loopDataDependentInitialize intro.
20260913 203815.588 INFO             PET3         >>>ESMX_Driver: entered Initialize (phase=<none>) with current time: 2012 10 24 18  0  0   0
20260913 203815.588 INFO             PET3         <<<ESMX_Driver: leaving Initialize (phase=<none>) with current time: 2012 10 24 18  0  0   0
20260913 203815.588 INFO             PET3       ESMX_Driver: loopDataDependentInitialize extro.
20260913 203815.589 INFO             PET3       <<<ESMX_Driver: leaving Initialize (phase=<none>) with current time: 2012 10 24 18  0  0   0
20260913 203815.589 INFO             PET3     ESMX_Driver: InitializeIPDv02p5Data extro.
20260913 203815.589 INFO             PET3     <<<ESMX_Driver: leaving Initialize (phase=<none>) with current time: 2012 10 24 18  0  0   0
20260913 203815.589 INFO             PET3   ESMX_Driver: InitializeIPDv02p5 extro.
20260913 203815.589 INFO             PET3   <<<ESMX_Driver: leaving Initialize (phase=<none>) with current time: 2012 10 24 18  0  0   0
20260913 203815.589 INFO             PET3 ESMX_Driver: InitializeGeneric extro.
20260913 203815.589 INFO             PET3 ESMX_Driver: Run intro.
20260913 203815.589 INFO             PET3   >>>ESMX_Driver: entered Run (phase=RunPhase1) with current time: 2012 10 24 18  0  0   0
20260913 203815.590 INFO             PET3   Message from inside C component Advance() method
20260913 203815.590 INFO             PET3   <<<ESMX_Driver: leaving Run (phase=RunPhase1) with current time: 2012 10 24 19  0  0   0
20260913 203815.590 INFO             PET3 ESMX_Driver: Run extro.
20260913 203815.590 INFO             PET3 ESMX_Driver: Finalize intro.
20260913 203815.590 INFO             PET3   >>>ESMX_Driver: entered Finalize (phase=FinalizePhase1) with current time: 2012 10 24 19  0  0   0
20260913 203815.590 INFO             PET3   Calling Finalize phase 1 for modelComp: MDL
20260913 203815.590 INFO             PET3   Delete modelComp: MDL
20260913 203815.590 INFO             PET3   <<<ESMX_Driver: leaving Finalize (phase=FinalizePhase1) with current time: 2012 10 24 19  0  0   0
20260913 203815.590 INFO             PET3 ESMX_Driver: Finalize extro.
20260913 203815.590 INFO             PET3 =============================================
20260913 203815.590 INFO             PET3 ESMX (Earth System Model eXecutable) FINISHED
20260913 203815.590 INFO             PET3 =============================================
20260913 203815.590 INFO             PET3  Finalizing ESMF
