2026-09-20 21:46:47
20260920 220426.468 INFO             PET0 !!!!!!!!!!!!!!!!!!!!!!!!!!!!!!!!!!!!!!!!!!!!!!!!!!!!!!
20260920 220426.469 INFO             PET0 !!! THE ESMF_LOG IS SET TO OUTPUT ALL LOG MESSAGES !!!
20260920 220426.469 INFO             PET0 !!!     THIS MAY CAUSE SLOWDOWN IN PERFORMANCE     !!!
20260920 220426.469 INFO             PET0 !!! FOR PRODUCTION RUNS, USE:                      !!!
20260920 220426.469 INFO             PET0 !!!                   ESMF_LOGKIND_Multi_On_Error  !!!
20260920 220426.469 INFO             PET0 !!!!!!!!!!!!!!!!!!!!!!!!!!!!!!!!!!!!!!!!!!!!!!!!!!!!!!
20260920 220426.469 INFO             PET0 Running with ESMF Version   : v9.0.0b19
20260920 220426.469 INFO             PET0 ESMF library build date/time: "Sep 20 2026" "21:45:38"
20260920 220426.469 INFO             PET0 ESMF library build location : /usr/local/esmf/esmf-testing/nag_7.2.44_mpiuni_O_develop/esmf
20260920 220426.469 INFO             PET0 ESMF_COMM                   : mpiuni
20260920 220426.469 INFO             PET0 ESMF_MOAB                   : enabled
20260920 220426.469 INFO             PET0 ESMF_LAPACK                 : enabled
20260920 220426.469 INFO             PET0 ESMF_NETCDF                 : enabled
20260920 220426.469 INFO             PET0 ESMF_PNETCDF                : disabled
20260920 220426.469 INFO             PET0 ESMF_PIO                    : enabled
20260920 220426.469 INFO             PET0 ESMF_YAMLCPP                : enabled
20260920 220426.556 INFO             PET0  NUMBER_OF_PROCESSORS 1
20260920 220426.556 INFO             PET0  PASS  Example ESMF_RHandleDynamicMaskingEx, ESMF_RHandleDynamicMaskingEx.F90, line 1270
20260920 220426.556 INFO             PET0  Finalizing ESMF
