2026-09-11 21:37:18
20260911 215509.824 INFO             PET0 !!!!!!!!!!!!!!!!!!!!!!!!!!!!!!!!!!!!!!!!!!!!!!!!!!!!!!
20260911 215509.825 INFO             PET0 !!! THE ESMF_LOG IS SET TO OUTPUT ALL LOG MESSAGES !!!
20260911 215509.825 INFO             PET0 !!!     THIS MAY CAUSE SLOWDOWN IN PERFORMANCE     !!!
20260911 215509.825 INFO             PET0 !!! FOR PRODUCTION RUNS, USE:                      !!!
20260911 215509.825 INFO             PET0 !!!                   ESMF_LOGKIND_Multi_On_Error  !!!
20260911 215509.825 INFO             PET0 !!!!!!!!!!!!!!!!!!!!!!!!!!!!!!!!!!!!!!!!!!!!!!!!!!!!!!
20260911 215509.825 INFO             PET0 Running with ESMF Version   : v9.0.0b18
20260911 215509.825 INFO             PET0 ESMF library build date/time: "Sep 11 2026" "21:36:03"
20260911 215509.825 INFO             PET0 ESMF library build location : /usr/local/esmf/esmf-testing/nag_7.2.44_mpiuni_O_develop/esmf
20260911 215509.825 INFO             PET0 ESMF_COMM                   : mpiuni
20260911 215509.825 INFO             PET0 ESMF_MOAB                   : enabled
20260911 215509.825 INFO             PET0 ESMF_LAPACK                 : enabled
20260911 215509.825 INFO             PET0 ESMF_NETCDF                 : enabled
20260911 215509.825 INFO             PET0 ESMF_PNETCDF                : disabled
20260911 215509.825 INFO             PET0 ESMF_PIO                    : enabled
20260911 215509.825 INFO             PET0 ESMF_YAMLCPP                : enabled
20260911 215509.828 INFO             PET0 ESMF_FieldRedistStoreNF(): Just entered routine.
20260911 215510.098 INFO             PET0 ESMF_FieldRedistStoreNF(): Leaving routine.
20260911 215510.102 INFO             PET0  NUMBER_OF_PROCESSORS 1
20260911 215510.102 INFO             PET0  PASS  Example ESMF_RHandleFromFileEx, ESMF_RHandleFromFileEx.F90, line 192
20260911 215510.102 INFO             PET0  Finalizing ESMF
