2026-09-22 07:34:08
20260922 082104.971 INFO             PET0 !!!!!!!!!!!!!!!!!!!!!!!!!!!!!!!!!!!!!!!!!!!!!!!!!!!!!!
20260922 082104.971 INFO             PET0 !!! THE ESMF_LOG IS SET TO OUTPUT ALL LOG MESSAGES !!!
20260922 082104.971 INFO             PET0 !!!     THIS MAY CAUSE SLOWDOWN IN PERFORMANCE     !!!
20260922 082104.971 INFO             PET0 !!! FOR PRODUCTION RUNS, USE:                      !!!
20260922 082104.971 INFO             PET0 !!!                   ESMF_LOGKIND_Multi_On_Error  !!!
20260922 082104.971 INFO             PET0 !!!!!!!!!!!!!!!!!!!!!!!!!!!!!!!!!!!!!!!!!!!!!!!!!!!!!!
20260922 082104.971 INFO             PET0 Running with ESMF Version   : v9.0.0b19
20260922 082104.971 INFO             PET0 ESMF library build date/time: "Sep 22 2026" "07:31:09"
20260922 082104.971 INFO             PET0 ESMF library build location : /scratch3/NCEPDEV/stmp/Gerhard.Theurich/ESMF-Nightly-Testing-Hera/intel_2023.2.0_intelmpi_O_develop/esmf
20260922 082104.971 INFO             PET0 ESMF_COMM                   : intelmpi
20260922 082104.972 INFO             PET0 ESMF_MOAB                   : enabled
20260922 082104.972 INFO             PET0 ESMF_LAPACK                 : enabled
20260922 082104.972 INFO             PET0 ESMF_NETCDF                 : enabled
20260922 082104.972 INFO             PET0 ESMF_PNETCDF                : disabled
20260922 082104.972 INFO             PET0 ESMF_PIO                    : enabled
20260922 082104.972 INFO             PET0 ESMF_YAMLCPP                : enabled
20260922 082104.977 INFO             PET0 ESMF_FieldRedistStoreNF(): Just entered routine.
20260922 082105.038 INFO             PET0 ESMF_FieldRedistStoreNF(): Leaving routine.
20260922 082105.112 INFO             PET0  NUMBER_OF_PROCESSORS           4
20260922 082105.113 INFO             PET0  PASS  Example ESMF_RHandleFromFileEx, ESMF_RHandleFromFileEx.F90, line 192
20260922 082105.113 INFO             PET0  Finalizing ESMF
20260922 082104.972 INFO             PET1 !!!!!!!!!!!!!!!!!!!!!!!!!!!!!!!!!!!!!!!!!!!!!!!!!!!!!!
20260922 082104.972 INFO             PET1 !!! THE ESMF_LOG IS SET TO OUTPUT ALL LOG MESSAGES !!!
20260922 082104.972 INFO             PET1 !!!     THIS MAY CAUSE SLOWDOWN IN PERFORMANCE     !!!
20260922 082104.972 INFO             PET1 !!! FOR PRODUCTION RUNS, USE:                      !!!
20260922 082104.972 INFO             PET1 !!!                   ESMF_LOGKIND_Multi_On_Error  !!!
20260922 082104.972 INFO             PET1 !!!!!!!!!!!!!!!!!!!!!!!!!!!!!!!!!!!!!!!!!!!!!!!!!!!!!!
20260922 082104.972 INFO             PET1 Running with ESMF Version   : v9.0.0b19
20260922 082104.972 INFO             PET1 ESMF library build date/time: "Sep 22 2026" "07:31:09"
20260922 082104.972 INFO             PET1 ESMF library build location : /scratch3/NCEPDEV/stmp/Gerhard.Theurich/ESMF-Nightly-Testing-Hera/intel_2023.2.0_intelmpi_O_develop/esmf
20260922 082104.972 INFO             PET1 ESMF_COMM                   : intelmpi
20260922 082104.973 INFO             PET1 ESMF_MOAB                   : enabled
20260922 082104.973 INFO             PET1 ESMF_LAPACK                 : enabled
20260922 082104.973 INFO             PET1 ESMF_NETCDF                 : enabled
20260922 082104.973 INFO             PET1 ESMF_PNETCDF                : disabled
20260922 082104.973 INFO             PET1 ESMF_PIO                    : enabled
20260922 082104.973 INFO             PET1 ESMF_YAMLCPP                : enabled
20260922 082104.976 INFO             PET1 ESMF_FieldRedistStoreNF(): Just entered routine.
20260922 082105.038 INFO             PET1 ESMF_FieldRedistStoreNF(): Leaving routine.
20260922 082105.113 INFO             PET1  NUMBER_OF_PROCESSORS           4
20260922 082105.113 INFO             PET1  PASS  Example ESMF_RHandleFromFileEx, ESMF_RHandleFromFileEx.F90, line 192
20260922 082105.113 INFO             PET1  Finalizing ESMF
20260922 082104.971 INFO             PET2 !!!!!!!!!!!!!!!!!!!!!!!!!!!!!!!!!!!!!!!!!!!!!!!!!!!!!!
20260922 082104.972 INFO             PET2 !!! THE ESMF_LOG IS SET TO OUTPUT ALL LOG MESSAGES !!!
20260922 082104.972 INFO             PET2 !!!     THIS MAY CAUSE SLOWDOWN IN PERFORMANCE     !!!
20260922 082104.972 INFO             PET2 !!! FOR PRODUCTION RUNS, USE:                      !!!
20260922 082104.972 INFO             PET2 !!!                   ESMF_LOGKIND_Multi_On_Error  !!!
20260922 082104.972 INFO             PET2 !!!!!!!!!!!!!!!!!!!!!!!!!!!!!!!!!!!!!!!!!!!!!!!!!!!!!!
20260922 082104.972 INFO             PET2 Running with ESMF Version   : v9.0.0b19
20260922 082104.972 INFO             PET2 ESMF library build date/time: "Sep 22 2026" "07:31:09"
20260922 082104.972 INFO             PET2 ESMF library build location : /scratch3/NCEPDEV/stmp/Gerhard.Theurich/ESMF-Nightly-Testing-Hera/intel_2023.2.0_intelmpi_O_develop/esmf
20260922 082104.972 INFO             PET2 ESMF_COMM                   : intelmpi
20260922 082104.972 INFO             PET2 ESMF_MOAB                   : enabled
20260922 082104.972 INFO             PET2 ESMF_LAPACK                 : enabled
20260922 082104.972 INFO             PET2 ESMF_NETCDF                 : enabled
20260922 082104.972 INFO             PET2 ESMF_PNETCDF                : disabled
20260922 082104.972 INFO             PET2 ESMF_PIO                    : enabled
20260922 082104.972 INFO             PET2 ESMF_YAMLCPP                : enabled
20260922 082104.976 INFO             PET2 ESMF_FieldRedistStoreNF(): Just entered routine.
20260922 082105.038 INFO             PET2 ESMF_FieldRedistStoreNF(): Leaving routine.
20260922 082105.112 INFO             PET2  NUMBER_OF_PROCESSORS           4
20260922 082105.113 INFO             PET2  PASS  Example ESMF_RHandleFromFileEx, ESMF_RHandleFromFileEx.F90, line 192
20260922 082105.113 INFO             PET2  Finalizing ESMF
20260922 082104.972 INFO             PET3 !!!!!!!!!!!!!!!!!!!!!!!!!!!!!!!!!!!!!!!!!!!!!!!!!!!!!!
20260922 082104.972 INFO             PET3 !!! THE ESMF_LOG IS SET TO OUTPUT ALL LOG MESSAGES !!!
20260922 082104.972 INFO             PET3 !!!     THIS MAY CAUSE SLOWDOWN IN PERFORMANCE     !!!
20260922 082104.972 INFO             PET3 !!! FOR PRODUCTION RUNS, USE:                      !!!
20260922 082104.972 INFO             PET3 !!!                   ESMF_LOGKIND_Multi_On_Error  !!!
20260922 082104.972 INFO             PET3 !!!!!!!!!!!!!!!!!!!!!!!!!!!!!!!!!!!!!!!!!!!!!!!!!!!!!!
20260922 082104.972 INFO             PET3 Running with ESMF Version   : v9.0.0b19
20260922 082104.972 INFO             PET3 ESMF library build date/time: "Sep 22 2026" "07:31:09"
20260922 082104.972 INFO             PET3 ESMF library build location : /scratch3/NCEPDEV/stmp/Gerhard.Theurich/ESMF-Nightly-Testing-Hera/intel_2023.2.0_intelmpi_O_develop/esmf
20260922 082104.973 INFO             PET3 ESMF_COMM                   : intelmpi
20260922 082104.973 INFO             PET3 ESMF_MOAB                   : enabled
20260922 082104.973 INFO             PET3 ESMF_LAPACK                 : enabled
20260922 082104.973 INFO             PET3 ESMF_NETCDF                 : enabled
20260922 082104.973 INFO             PET3 ESMF_PNETCDF                : disabled
20260922 082104.973 INFO             PET3 ESMF_PIO                    : enabled
20260922 082104.973 INFO             PET3 ESMF_YAMLCPP                : enabled
20260922 082104.977 INFO             PET3 ESMF_FieldRedistStoreNF(): Just entered routine.
20260922 082105.038 INFO             PET3 ESMF_FieldRedistStoreNF(): Leaving routine.
20260922 082105.112 INFO             PET3  NUMBER_OF_PROCESSORS           4
20260922 082105.113 INFO             PET3  PASS  Example ESMF_RHandleFromFileEx, ESMF_RHandleFromFileEx.F90, line 192
20260922 082105.113 INFO             PET3  Finalizing ESMF
