2026-08-30 00:49:36
20260830 012154.147 INFO             PET0 !!!!!!!!!!!!!!!!!!!!!!!!!!!!!!!!!!!!!!!!!!!!!!!!!!!!!!
20260830 012154.147 INFO             PET0 !!! THE ESMF_LOG IS SET TO OUTPUT ALL LOG MESSAGES !!!
20260830 012154.147 INFO             PET0 !!!     THIS MAY CAUSE SLOWDOWN IN PERFORMANCE     !!!
20260830 012154.147 INFO             PET0 !!! FOR PRODUCTION RUNS, USE:                      !!!
20260830 012154.147 INFO             PET0 !!!                   ESMF_LOGKIND_Multi_On_Error  !!!
20260830 012154.147 INFO             PET0 !!!!!!!!!!!!!!!!!!!!!!!!!!!!!!!!!!!!!!!!!!!!!!!!!!!!!!
20260830 012154.147 INFO             PET0 Running with ESMF Version   : develop+g1082792c4b
20260830 012154.147 INFO             PET0 ESMF library build date/time: "Aug 30 2026" "00:48:02"
20260830 012154.147 INFO             PET0 ESMF library build location : /usr/local/esmf/esmf-testing/gfortranclang_14.2.0_17.0.0_openmpi_g_develop/esmf
20260830 012154.147 INFO             PET0 ESMF_COMM                   : openmpi
20260830 012154.147 INFO             PET0 ESMF_MOAB                   : enabled
20260830 012154.147 INFO             PET0 ESMF_LAPACK                 : enabled
20260830 012154.147 INFO             PET0 ESMF_NETCDF                 : enabled
20260830 012154.147 INFO             PET0 ESMF_PNETCDF                : disabled
20260830 012154.147 INFO             PET0 ESMF_PIO                    : enabled
20260830 012154.147 INFO             PET0 ESMF_YAMLCPP                : enabled
20260830 012154.150 INFO             PET0 =============================================
20260830 012154.150 INFO             PET0 ESMX (Earth System Model eXecutable) STARTING
20260830 012154.150 INFO             PET0 =============================================
20260830 012154.159 DEBUG            PET0 Generic SetVM() is executing for: ESMX_Driver
20260830 012154.159 DEBUG            PET0 Generic SetVM() found no NUOPC Hint for: ESMX_Driver
20260830 012154.159 DEBUG            PET0 Generic SetVM() therefore is NOT calling ESMF_GridCompSetVMMaxPEs() for: ESMX_Driver
20260830 012154.162 INFO             PET0 ESMX_Driver: InitializeGeneric intro.
20260830 012154.162 INFO             PET0   >>>ESMX_Driver: entered Initialize (phase=<none>) without valid internal Clock.
20260830 012154.162 INFO             PET0   ESMX_Driver: InitializeP0 intro.
20260830 012154.162 INFO             PET0     >>>ESMX_Driver: entered Initialize (phase=<none>) without valid internal Clock.
20260830 012154.162 INFO             PET0     <<<ESMX_Driver: leaving Initialize (phase=<none>) without valid internal Clock.
20260830 012154.162 INFO             PET0   ESMX_Driver: InitializeP0 extro.
20260830 012154.162 INFO             PET0   ESMX_Driver: InitializeIPDv02p1 intro.
20260830 012154.162 INFO             PET0     >>>ESMX_Driver: entered Initialize (phase=<none>) without valid internal Clock.
20260830 012154.166 INFO             PET0     ESMX_Driver - Creating model component MDL without petList.
20260830 012154.290 DEBUG            PET0     Generic SetVM() is executing for: MDL
20260830 012154.290 DEBUG            PET0     Generic SetVM() found no NUOPC Hint for: MDL
20260830 012154.290 DEBUG            PET0     Generic SetVM() therefore is NOT calling ESMF_GridCompSetVMMaxPEs() for: MDL
20260830 012154.298 INFO             PET0     ESMX_Driver: IInitAdvertise intro.
20260830 012154.298 INFO             PET0       >>>ESMX_Driver: entered Initialize (phase=<none>) with current time: 2012 10 24 18  0  0   0
20260830 012154.298 INFO             PET0       <<<ESMX_Driver: leaving Initialize (phase=<none>) with current time: 2012 10 24 18  0  0   0
20260830 012154.298 INFO             PET0     ESMX_Driver: IInitAdvertise extro.
20260830 012154.298 INFO             PET0     Message from inside C component Advertise() method
20260830 012154.299 INFO             PET0     ESMX_Driver: IInitAdvertiseFinish intro.
20260830 012154.299 INFO             PET0       >>>ESMX_Driver: entered Initialize (phase=<none>) with current time: 2012 10 24 18  0  0   0
20260830 012154.299 INFO             PET0       <<<ESMX_Driver: leaving Initialize (phase=<none>) with current time: 2012 10 24 18  0  0   0
20260830 012154.299 INFO             PET0     ESMX_Driver: IInitAdvertiseFinish extro.
20260830 012154.299 INFO             PET0     ESMX_Driver: IInitModifyCplLists intro.
20260830 012154.299 INFO             PET0       >>>ESMX_Driver: entered Initialize (phase=<none>) with current time: 2012 10 24 18  0  0   0
20260830 012154.299 INFO             PET0       <<<ESMX_Driver: leaving Initialize (phase=<none>) with current time: 2012 10 24 18  0  0   0
20260830 012154.299 INFO             PET0     ESMX_Driver: IInitModifyCplLists extro.
20260830 012154.299 INFO             PET0     <<<ESMX_Driver: leaving Initialize (phase=<none>) with current time: 2012 10 24 18  0  0   0
20260830 012154.299 INFO             PET0   ESMX_Driver: InitializeIPDv02p1 extro.
20260830 012154.299 INFO             PET0   ESMX_Driver: InitializeIPDv02p3 intro.
20260830 012154.299 INFO             PET0     >>>ESMX_Driver: entered Initialize (phase=<none>) with current time: 2012 10 24 18  0  0   0
20260830 012154.299 INFO             PET0     ESMX_Driver: IInitCheck intro.
20260830 012154.299 INFO             PET0       >>>ESMX_Driver: entered Initialize (phase=<none>) with current time: 2012 10 24 18  0  0   0
20260830 012154.300 INFO             PET0       <<<ESMX_Driver: leaving Initialize (phase=<none>) with current time: 2012 10 24 18  0  0   0
20260830 012154.300 INFO             PET0     ESMX_Driver: IInitCheck extro.
20260830 012154.300 INFO             PET0     ESMX_Driver: IInitRealize intro.
20260830 012154.300 INFO             PET0       >>>ESMX_Driver: entered Initialize (phase=<none>) with current time: 2012 10 24 18  0  0   0
20260830 012154.300 INFO             PET0       <<<ESMX_Driver: leaving Initialize (phase=<none>) with current time: 2012 10 24 18  0  0   0
20260830 012154.300 INFO             PET0     ESMX_Driver: IInitRealize extro.
20260830 012154.300 INFO             PET0     <<<ESMX_Driver: leaving Initialize (phase=<none>) with current time: 2012 10 24 18  0  0   0
20260830 012154.300 INFO             PET0   ESMX_Driver: InitializeIPDv02p3 extro.
20260830 012154.300 INFO             PET0   ESMX_Driver: InitializeIPDv02p5 intro.
20260830 012154.300 INFO             PET0     >>>ESMX_Driver: entered Initialize (phase=<none>) with current time: 2012 10 24 18  0  0   0
20260830 012154.300 INFO             PET0     ESMX_Driver: InitializeIPDv02p5Data intro.
20260830 012154.300 INFO             PET0       >>>ESMX_Driver: entered Initialize (phase=<none>) with current time: 2012 10 24 18  0  0   0
20260830 012154.300 INFO             PET0       ESMX_Driver: InternalInitializeComplete intro.
20260830 012154.301 INFO             PET0         >>>ESMX_Driver: entered Initialize (phase=<none>) with current time: 2012 10 24 18  0  0   0
20260830 012154.301 INFO             PET0         <<<ESMX_Driver: leaving Initialize (phase=<none>) with current time: 2012 10 24 18  0  0   0
20260830 012154.301 INFO             PET0       ESMX_Driver: InternalInitializeComplete extro.
20260830 012154.308 INFO             PET0       ESMX_Driver: loopDataDependentInitialize intro.
20260830 012154.308 INFO             PET0         >>>ESMX_Driver: entered Initialize (phase=<none>) with current time: 2012 10 24 18  0  0   0
20260830 012154.308 INFO             PET0         <<<ESMX_Driver: leaving Initialize (phase=<none>) with current time: 2012 10 24 18  0  0   0
20260830 012154.308 INFO             PET0       ESMX_Driver: loopDataDependentInitialize extro.
20260830 012154.308 INFO             PET0       <<<ESMX_Driver: leaving Initialize (phase=<none>) with current time: 2012 10 24 18  0  0   0
20260830 012154.308 INFO             PET0     ESMX_Driver: InitializeIPDv02p5Data extro.
20260830 012154.308 INFO             PET0     <<<ESMX_Driver: leaving Initialize (phase=<none>) with current time: 2012 10 24 18  0  0   0
20260830 012154.308 INFO             PET0   ESMX_Driver: InitializeIPDv02p5 extro.
20260830 012154.308 INFO             PET0   <<<ESMX_Driver: leaving Initialize (phase=<none>) with current time: 2012 10 24 18  0  0   0
20260830 012154.308 INFO             PET0 ESMX_Driver: InitializeGeneric extro.
20260830 012154.308 INFO             PET0 ESMX_Driver: Run intro.
20260830 012154.308 INFO             PET0   >>>ESMX_Driver: entered Run (phase=RunPhase1) with current time: 2012 10 24 18  0  0   0
20260830 012154.309 INFO             PET0   Message from inside C component Advance() method
20260830 012154.309 INFO             PET0   <<<ESMX_Driver: leaving Run (phase=RunPhase1) with current time: 2012 10 24 19  0  0   0
20260830 012154.309 INFO             PET0 ESMX_Driver: Run extro.
20260830 012154.309 INFO             PET0 ESMX_Driver: Finalize intro.
20260830 012154.309 INFO             PET0   >>>ESMX_Driver: entered Finalize (phase=FinalizePhase1) with current time: 2012 10 24 19  0  0   0
20260830 012154.309 INFO             PET0   Calling Finalize phase 1 for modelComp: MDL
20260830 012154.309 INFO             PET0   Delete modelComp: MDL
20260830 012154.309 INFO             PET0   <<<ESMX_Driver: leaving Finalize (phase=FinalizePhase1) with current time: 2012 10 24 19  0  0   0
20260830 012154.309 INFO             PET0 ESMX_Driver: Finalize extro.
20260830 012154.309 INFO             PET0 =============================================
20260830 012154.309 INFO             PET0 ESMX (Earth System Model eXecutable) FINISHED
20260830 012154.309 INFO             PET0 =============================================
20260830 012154.309 INFO             PET0  Finalizing ESMF
20260830 012154.147 INFO             PET1 !!!!!!!!!!!!!!!!!!!!!!!!!!!!!!!!!!!!!!!!!!!!!!!!!!!!!!
20260830 012154.147 INFO             PET1 !!! THE ESMF_LOG IS SET TO OUTPUT ALL LOG MESSAGES !!!
20260830 012154.147 INFO             PET1 !!!     THIS MAY CAUSE SLOWDOWN IN PERFORMANCE     !!!
20260830 012154.147 INFO             PET1 !!! FOR PRODUCTION RUNS, USE:                      !!!
20260830 012154.147 INFO             PET1 !!!                   ESMF_LOGKIND_Multi_On_Error  !!!
20260830 012154.147 INFO             PET1 !!!!!!!!!!!!!!!!!!!!!!!!!!!!!!!!!!!!!!!!!!!!!!!!!!!!!!
20260830 012154.147 INFO             PET1 Running with ESMF Version   : develop+g1082792c4b
20260830 012154.147 INFO             PET1 ESMF library build date/time: "Aug 30 2026" "00:48:02"
20260830 012154.147 INFO             PET1 ESMF library build location : /usr/local/esmf/esmf-testing/gfortranclang_14.2.0_17.0.0_openmpi_g_develop/esmf
20260830 012154.147 INFO             PET1 ESMF_COMM                   : openmpi
20260830 012154.147 INFO             PET1 ESMF_MOAB                   : enabled
20260830 012154.147 INFO             PET1 ESMF_LAPACK                 : enabled
20260830 012154.147 INFO             PET1 ESMF_NETCDF                 : enabled
20260830 012154.147 INFO             PET1 ESMF_PNETCDF                : disabled
20260830 012154.147 INFO             PET1 ESMF_PIO                    : enabled
20260830 012154.147 INFO             PET1 ESMF_YAMLCPP                : enabled
20260830 012154.150 INFO             PET1 =============================================
20260830 012154.150 INFO             PET1 ESMX (Earth System Model eXecutable) STARTING
20260830 012154.150 INFO             PET1 =============================================
20260830 012154.156 DEBUG            PET1 Generic SetVM() is executing for: ESMX_Driver
20260830 012154.156 DEBUG            PET1 Generic SetVM() found no NUOPC Hint for: ESMX_Driver
20260830 012154.156 DEBUG            PET1 Generic SetVM() therefore is NOT calling ESMF_GridCompSetVMMaxPEs() for: ESMX_Driver
20260830 012154.163 INFO             PET1 ESMX_Driver: InitializeGeneric intro.
20260830 012154.164 INFO             PET1   >>>ESMX_Driver: entered Initialize (phase=<none>) without valid internal Clock.
20260830 012154.164 INFO             PET1   ESMX_Driver: InitializeP0 intro.
20260830 012154.164 INFO             PET1     >>>ESMX_Driver: entered Initialize (phase=<none>) without valid internal Clock.
20260830 012154.164 INFO             PET1     <<<ESMX_Driver: leaving Initialize (phase=<none>) without valid internal Clock.
20260830 012154.164 INFO             PET1   ESMX_Driver: InitializeP0 extro.
20260830 012154.164 INFO             PET1   ESMX_Driver: InitializeIPDv02p1 intro.
20260830 012154.164 INFO             PET1     >>>ESMX_Driver: entered Initialize (phase=<none>) without valid internal Clock.
20260830 012154.166 INFO             PET1     ESMX_Driver - Creating model component MDL without petList.
20260830 012154.291 DEBUG            PET1     Generic SetVM() is executing for: MDL
20260830 012154.291 DEBUG            PET1     Generic SetVM() found no NUOPC Hint for: MDL
20260830 012154.291 DEBUG            PET1     Generic SetVM() therefore is NOT calling ESMF_GridCompSetVMMaxPEs() for: MDL
20260830 012154.298 INFO             PET1     ESMX_Driver: IInitAdvertise intro.
20260830 012154.298 INFO             PET1       >>>ESMX_Driver: entered Initialize (phase=<none>) with current time: 2012 10 24 18  0  0   0
20260830 012154.298 INFO             PET1       <<<ESMX_Driver: leaving Initialize (phase=<none>) with current time: 2012 10 24 18  0  0   0
20260830 012154.298 INFO             PET1     ESMX_Driver: IInitAdvertise extro.
20260830 012154.298 INFO             PET1     Message from inside C component Advertise() method
20260830 012154.304 INFO             PET1     ESMX_Driver: IInitAdvertiseFinish intro.
20260830 012154.304 INFO             PET1       >>>ESMX_Driver: entered Initialize (phase=<none>) with current time: 2012 10 24 18  0  0   0
20260830 012154.304 INFO             PET1       <<<ESMX_Driver: leaving Initialize (phase=<none>) with current time: 2012 10 24 18  0  0   0
20260830 012154.304 INFO             PET1     ESMX_Driver: IInitAdvertiseFinish extro.
20260830 012154.304 INFO             PET1     ESMX_Driver: IInitModifyCplLists intro.
20260830 012154.304 INFO             PET1       >>>ESMX_Driver: entered Initialize (phase=<none>) with current time: 2012 10 24 18  0  0   0
20260830 012154.304 INFO             PET1       <<<ESMX_Driver: leaving Initialize (phase=<none>) with current time: 2012 10 24 18  0  0   0
20260830 012154.304 INFO             PET1     ESMX_Driver: IInitModifyCplLists extro.
20260830 012154.304 INFO             PET1     <<<ESMX_Driver: leaving Initialize (phase=<none>) with current time: 2012 10 24 18  0  0   0
20260830 012154.304 INFO             PET1   ESMX_Driver: InitializeIPDv02p1 extro.
20260830 012154.304 INFO             PET1   ESMX_Driver: InitializeIPDv02p3 intro.
20260830 012154.304 INFO             PET1     >>>ESMX_Driver: entered Initialize (phase=<none>) with current time: 2012 10 24 18  0  0   0
20260830 012154.304 INFO             PET1     ESMX_Driver: IInitCheck intro.
20260830 012154.304 INFO             PET1       >>>ESMX_Driver: entered Initialize (phase=<none>) with current time: 2012 10 24 18  0  0   0
20260830 012154.304 INFO             PET1       <<<ESMX_Driver: leaving Initialize (phase=<none>) with current time: 2012 10 24 18  0  0   0
20260830 012154.304 INFO             PET1     ESMX_Driver: IInitCheck extro.
20260830 012154.305 INFO             PET1     ESMX_Driver: IInitRealize intro.
20260830 012154.305 INFO             PET1       >>>ESMX_Driver: entered Initialize (phase=<none>) with current time: 2012 10 24 18  0  0   0
20260830 012154.305 INFO             PET1       <<<ESMX_Driver: leaving Initialize (phase=<none>) with current time: 2012 10 24 18  0  0   0
20260830 012154.305 INFO             PET1     ESMX_Driver: IInitRealize extro.
20260830 012154.305 INFO             PET1     <<<ESMX_Driver: leaving Initialize (phase=<none>) with current time: 2012 10 24 18  0  0   0
20260830 012154.305 INFO             PET1   ESMX_Driver: InitializeIPDv02p3 extro.
20260830 012154.305 INFO             PET1   ESMX_Driver: InitializeIPDv02p5 intro.
20260830 012154.305 INFO             PET1     >>>ESMX_Driver: entered Initialize (phase=<none>) with current time: 2012 10 24 18  0  0   0
20260830 012154.305 INFO             PET1     ESMX_Driver: InitializeIPDv02p5Data intro.
20260830 012154.305 INFO             PET1       >>>ESMX_Driver: entered Initialize (phase=<none>) with current time: 2012 10 24 18  0  0   0
20260830 012154.305 INFO             PET1       ESMX_Driver: InternalInitializeComplete intro.
20260830 012154.305 INFO             PET1         >>>ESMX_Driver: entered Initialize (phase=<none>) with current time: 2012 10 24 18  0  0   0
20260830 012154.306 INFO             PET1         <<<ESMX_Driver: leaving Initialize (phase=<none>) with current time: 2012 10 24 18  0  0   0
20260830 012154.306 INFO             PET1       ESMX_Driver: InternalInitializeComplete extro.
20260830 012154.308 INFO             PET1       ESMX_Driver: loopDataDependentInitialize intro.
20260830 012154.308 INFO             PET1         >>>ESMX_Driver: entered Initialize (phase=<none>) with current time: 2012 10 24 18  0  0   0
20260830 012154.308 INFO             PET1         <<<ESMX_Driver: leaving Initialize (phase=<none>) with current time: 2012 10 24 18  0  0   0
20260830 012154.308 INFO             PET1       ESMX_Driver: loopDataDependentInitialize extro.
20260830 012154.308 INFO             PET1       <<<ESMX_Driver: leaving Initialize (phase=<none>) with current time: 2012 10 24 18  0  0   0
20260830 012154.308 INFO             PET1     ESMX_Driver: InitializeIPDv02p5Data extro.
20260830 012154.308 INFO             PET1     <<<ESMX_Driver: leaving Initialize (phase=<none>) with current time: 2012 10 24 18  0  0   0
20260830 012154.308 INFO             PET1   ESMX_Driver: InitializeIPDv02p5 extro.
20260830 012154.308 INFO             PET1   <<<ESMX_Driver: leaving Initialize (phase=<none>) with current time: 2012 10 24 18  0  0   0
20260830 012154.308 INFO             PET1 ESMX_Driver: InitializeGeneric extro.
20260830 012154.308 INFO             PET1 ESMX_Driver: Run intro.
20260830 012154.308 INFO             PET1   >>>ESMX_Driver: entered Run (phase=RunPhase1) with current time: 2012 10 24 18  0  0   0
20260830 012154.309 INFO             PET1   Message from inside C component Advance() method
20260830 012154.309 INFO             PET1   <<<ESMX_Driver: leaving Run (phase=RunPhase1) with current time: 2012 10 24 19  0  0   0
20260830 012154.309 INFO             PET1 ESMX_Driver: Run extro.
20260830 012154.309 INFO             PET1 ESMX_Driver: Finalize intro.
20260830 012154.309 INFO             PET1   >>>ESMX_Driver: entered Finalize (phase=FinalizePhase1) with current time: 2012 10 24 19  0  0   0
20260830 012154.309 INFO             PET1   Calling Finalize phase 1 for modelComp: MDL
20260830 012154.309 INFO             PET1   Delete modelComp: MDL
20260830 012154.309 INFO             PET1   <<<ESMX_Driver: leaving Finalize (phase=FinalizePhase1) with current time: 2012 10 24 19  0  0   0
20260830 012154.309 INFO             PET1 ESMX_Driver: Finalize extro.
20260830 012154.309 INFO             PET1 =============================================
20260830 012154.309 INFO             PET1 ESMX (Earth System Model eXecutable) FINISHED
20260830 012154.309 INFO             PET1 =============================================
20260830 012154.309 INFO             PET1  Finalizing ESMF
20260830 012154.147 INFO             PET2 !!!!!!!!!!!!!!!!!!!!!!!!!!!!!!!!!!!!!!!!!!!!!!!!!!!!!!
20260830 012154.148 INFO             PET2 !!! THE ESMF_LOG IS SET TO OUTPUT ALL LOG MESSAGES !!!
20260830 012154.148 INFO             PET2 !!!     THIS MAY CAUSE SLOWDOWN IN PERFORMANCE     !!!
20260830 012154.148 INFO             PET2 !!! FOR PRODUCTION RUNS, USE:                      !!!
20260830 012154.148 INFO             PET2 !!!                   ESMF_LOGKIND_Multi_On_Error  !!!
20260830 012154.148 INFO             PET2 !!!!!!!!!!!!!!!!!!!!!!!!!!!!!!!!!!!!!!!!!!!!!!!!!!!!!!
20260830 012154.148 INFO             PET2 Running with ESMF Version   : develop+g1082792c4b
20260830 012154.148 INFO             PET2 ESMF library build date/time: "Aug 30 2026" "00:48:02"
20260830 012154.148 INFO             PET2 ESMF library build location : /usr/local/esmf/esmf-testing/gfortranclang_14.2.0_17.0.0_openmpi_g_develop/esmf
20260830 012154.148 INFO             PET2 ESMF_COMM                   : openmpi
20260830 012154.148 INFO             PET2 ESMF_MOAB                   : enabled
20260830 012154.148 INFO             PET2 ESMF_LAPACK                 : enabled
20260830 012154.148 INFO             PET2 ESMF_NETCDF                 : enabled
20260830 012154.148 INFO             PET2 ESMF_PNETCDF                : disabled
20260830 012154.148 INFO             PET2 ESMF_PIO                    : enabled
20260830 012154.148 INFO             PET2 ESMF_YAMLCPP                : enabled
20260830 012154.150 INFO             PET2 =============================================
20260830 012154.150 INFO             PET2 ESMX (Earth System Model eXecutable) STARTING
20260830 012154.150 INFO             PET2 =============================================
20260830 012154.156 DEBUG            PET2 Generic SetVM() is executing for: ESMX_Driver
20260830 012154.156 DEBUG            PET2 Generic SetVM() found no NUOPC Hint for: ESMX_Driver
20260830 012154.156 DEBUG            PET2 Generic SetVM() therefore is NOT calling ESMF_GridCompSetVMMaxPEs() for: ESMX_Driver
20260830 012154.162 INFO             PET2 ESMX_Driver: InitializeGeneric intro.
20260830 012154.162 INFO             PET2   >>>ESMX_Driver: entered Initialize (phase=<none>) without valid internal Clock.
20260830 012154.162 INFO             PET2   ESMX_Driver: InitializeP0 intro.
20260830 012154.162 INFO             PET2     >>>ESMX_Driver: entered Initialize (phase=<none>) without valid internal Clock.
20260830 012154.162 INFO             PET2     <<<ESMX_Driver: leaving Initialize (phase=<none>) without valid internal Clock.
20260830 012154.162 INFO             PET2   ESMX_Driver: InitializeP0 extro.
20260830 012154.162 INFO             PET2   ESMX_Driver: InitializeIPDv02p1 intro.
20260830 012154.162 INFO             PET2     >>>ESMX_Driver: entered Initialize (phase=<none>) without valid internal Clock.
20260830 012154.166 INFO             PET2     ESMX_Driver - Creating model component MDL without petList.
20260830 012154.290 DEBUG            PET2     Generic SetVM() is executing for: MDL
20260830 012154.290 DEBUG            PET2     Generic SetVM() found no NUOPC Hint for: MDL
20260830 012154.290 DEBUG            PET2     Generic SetVM() therefore is NOT calling ESMF_GridCompSetVMMaxPEs() for: MDL
20260830 012154.298 INFO             PET2     ESMX_Driver: IInitAdvertise intro.
20260830 012154.298 INFO             PET2       >>>ESMX_Driver: entered Initialize (phase=<none>) with current time: 2012 10 24 18  0  0   0
20260830 012154.298 INFO             PET2       <<<ESMX_Driver: leaving Initialize (phase=<none>) with current time: 2012 10 24 18  0  0   0
20260830 012154.298 INFO             PET2     ESMX_Driver: IInitAdvertise extro.
20260830 012154.298 INFO             PET2     Message from inside C component Advertise() method
20260830 012154.299 INFO             PET2     ESMX_Driver: IInitAdvertiseFinish intro.
20260830 012154.299 INFO             PET2       >>>ESMX_Driver: entered Initialize (phase=<none>) with current time: 2012 10 24 18  0  0   0
20260830 012154.299 INFO             PET2       <<<ESMX_Driver: leaving Initialize (phase=<none>) with current time: 2012 10 24 18  0  0   0
20260830 012154.299 INFO             PET2     ESMX_Driver: IInitAdvertiseFinish extro.
20260830 012154.299 INFO             PET2     ESMX_Driver: IInitModifyCplLists intro.
20260830 012154.299 INFO             PET2       >>>ESMX_Driver: entered Initialize (phase=<none>) with current time: 2012 10 24 18  0  0   0
20260830 012154.299 INFO             PET2       <<<ESMX_Driver: leaving Initialize (phase=<none>) with current time: 2012 10 24 18  0  0   0
20260830 012154.299 INFO             PET2     ESMX_Driver: IInitModifyCplLists extro.
20260830 012154.299 INFO             PET2     <<<ESMX_Driver: leaving Initialize (phase=<none>) with current time: 2012 10 24 18  0  0   0
20260830 012154.299 INFO             PET2   ESMX_Driver: InitializeIPDv02p1 extro.
20260830 012154.299 INFO             PET2   ESMX_Driver: InitializeIPDv02p3 intro.
20260830 012154.299 INFO             PET2     >>>ESMX_Driver: entered Initialize (phase=<none>) with current time: 2012 10 24 18  0  0   0
20260830 012154.299 INFO             PET2     ESMX_Driver: IInitCheck intro.
20260830 012154.299 INFO             PET2       >>>ESMX_Driver: entered Initialize (phase=<none>) with current time: 2012 10 24 18  0  0   0
20260830 012154.299 INFO             PET2       <<<ESMX_Driver: leaving Initialize (phase=<none>) with current time: 2012 10 24 18  0  0   0
20260830 012154.299 INFO             PET2     ESMX_Driver: IInitCheck extro.
20260830 012154.300 INFO             PET2     ESMX_Driver: IInitRealize intro.
20260830 012154.300 INFO             PET2       >>>ESMX_Driver: entered Initialize (phase=<none>) with current time: 2012 10 24 18  0  0   0
20260830 012154.300 INFO             PET2       <<<ESMX_Driver: leaving Initialize (phase=<none>) with current time: 2012 10 24 18  0  0   0
20260830 012154.300 INFO             PET2     ESMX_Driver: IInitRealize extro.
20260830 012154.300 INFO             PET2     <<<ESMX_Driver: leaving Initialize (phase=<none>) with current time: 2012 10 24 18  0  0   0
20260830 012154.300 INFO             PET2   ESMX_Driver: InitializeIPDv02p3 extro.
20260830 012154.300 INFO             PET2   ESMX_Driver: InitializeIPDv02p5 intro.
20260830 012154.300 INFO             PET2     >>>ESMX_Driver: entered Initialize (phase=<none>) with current time: 2012 10 24 18  0  0   0
20260830 012154.300 INFO             PET2     ESMX_Driver: InitializeIPDv02p5Data intro.
20260830 012154.300 INFO             PET2       >>>ESMX_Driver: entered Initialize (phase=<none>) with current time: 2012 10 24 18  0  0   0
20260830 012154.300 INFO             PET2       ESMX_Driver: InternalInitializeComplete intro.
20260830 012154.300 INFO             PET2         >>>ESMX_Driver: entered Initialize (phase=<none>) with current time: 2012 10 24 18  0  0   0
20260830 012154.300 INFO             PET2         <<<ESMX_Driver: leaving Initialize (phase=<none>) with current time: 2012 10 24 18  0  0   0
20260830 012154.300 INFO             PET2       ESMX_Driver: InternalInitializeComplete extro.
20260830 012154.308 INFO             PET2       ESMX_Driver: loopDataDependentInitialize intro.
20260830 012154.308 INFO             PET2         >>>ESMX_Driver: entered Initialize (phase=<none>) with current time: 2012 10 24 18  0  0   0
20260830 012154.308 INFO             PET2         <<<ESMX_Driver: leaving Initialize (phase=<none>) with current time: 2012 10 24 18  0  0   0
20260830 012154.308 INFO             PET2       ESMX_Driver: loopDataDependentInitialize extro.
20260830 012154.308 INFO             PET2       <<<ESMX_Driver: leaving Initialize (phase=<none>) with current time: 2012 10 24 18  0  0   0
20260830 012154.308 INFO             PET2     ESMX_Driver: InitializeIPDv02p5Data extro.
20260830 012154.308 INFO             PET2     <<<ESMX_Driver: leaving Initialize (phase=<none>) with current time: 2012 10 24 18  0  0   0
20260830 012154.308 INFO             PET2   ESMX_Driver: InitializeIPDv02p5 extro.
20260830 012154.308 INFO             PET2   <<<ESMX_Driver: leaving Initialize (phase=<none>) with current time: 2012 10 24 18  0  0   0
20260830 012154.308 INFO             PET2 ESMX_Driver: InitializeGeneric extro.
20260830 012154.308 INFO             PET2 ESMX_Driver: Run intro.
20260830 012154.308 INFO             PET2   >>>ESMX_Driver: entered Run (phase=RunPhase1) with current time: 2012 10 24 18  0  0   0
20260830 012154.309 INFO             PET2   Message from inside C component Advance() method
20260830 012154.309 INFO             PET2   <<<ESMX_Driver: leaving Run (phase=RunPhase1) with current time: 2012 10 24 19  0  0   0
20260830 012154.309 INFO             PET2 ESMX_Driver: Run extro.
20260830 012154.309 INFO             PET2 ESMX_Driver: Finalize intro.
20260830 012154.309 INFO             PET2   >>>ESMX_Driver: entered Finalize (phase=FinalizePhase1) with current time: 2012 10 24 19  0  0   0
20260830 012154.309 INFO             PET2   Calling Finalize phase 1 for modelComp: MDL
20260830 012154.309 INFO             PET2   Delete modelComp: MDL
20260830 012154.309 INFO             PET2   <<<ESMX_Driver: leaving Finalize (phase=FinalizePhase1) with current time: 2012 10 24 19  0  0   0
20260830 012154.309 INFO             PET2 ESMX_Driver: Finalize extro.
20260830 012154.309 INFO             PET2 =============================================
20260830 012154.309 INFO             PET2 ESMX (Earth System Model eXecutable) FINISHED
20260830 012154.309 INFO             PET2 =============================================
20260830 012154.309 INFO             PET2  Finalizing ESMF
20260830 012154.148 INFO             PET3 !!!!!!!!!!!!!!!!!!!!!!!!!!!!!!!!!!!!!!!!!!!!!!!!!!!!!!
20260830 012154.148 INFO             PET3 !!! THE ESMF_LOG IS SET TO OUTPUT ALL LOG MESSAGES !!!
20260830 012154.148 INFO             PET3 !!!     THIS MAY CAUSE SLOWDOWN IN PERFORMANCE     !!!
20260830 012154.148 INFO             PET3 !!! FOR PRODUCTION RUNS, USE:                      !!!
20260830 012154.148 INFO             PET3 !!!                   ESMF_LOGKIND_Multi_On_Error  !!!
20260830 012154.148 INFO             PET3 !!!!!!!!!!!!!!!!!!!!!!!!!!!!!!!!!!!!!!!!!!!!!!!!!!!!!!
20260830 012154.148 INFO             PET3 Running with ESMF Version   : develop+g1082792c4b
20260830 012154.148 INFO             PET3 ESMF library build date/time: "Aug 30 2026" "00:48:02"
20260830 012154.148 INFO             PET3 ESMF library build location : /usr/local/esmf/esmf-testing/gfortranclang_14.2.0_17.0.0_openmpi_g_develop/esmf
20260830 012154.148 INFO             PET3 ESMF_COMM                   : openmpi
20260830 012154.148 INFO             PET3 ESMF_MOAB                   : enabled
20260830 012154.148 INFO             PET3 ESMF_LAPACK                 : enabled
20260830 012154.148 INFO             PET3 ESMF_NETCDF                 : enabled
20260830 012154.148 INFO             PET3 ESMF_PNETCDF                : disabled
20260830 012154.148 INFO             PET3 ESMF_PIO                    : enabled
20260830 012154.148 INFO             PET3 ESMF_YAMLCPP                : enabled
20260830 012154.152 INFO             PET3 =============================================
20260830 012154.152 INFO             PET3 ESMX (Earth System Model eXecutable) STARTING
20260830 012154.152 INFO             PET3 =============================================
20260830 012154.156 DEBUG            PET3 Generic SetVM() is executing for: ESMX_Driver
20260830 012154.156 DEBUG            PET3 Generic SetVM() found no NUOPC Hint for: ESMX_Driver
20260830 012154.156 DEBUG            PET3 Generic SetVM() therefore is NOT calling ESMF_GridCompSetVMMaxPEs() for: ESMX_Driver
20260830 012154.162 INFO             PET3 ESMX_Driver: InitializeGeneric intro.
20260830 012154.162 INFO             PET3   >>>ESMX_Driver: entered Initialize (phase=<none>) without valid internal Clock.
20260830 012154.162 INFO             PET3   ESMX_Driver: InitializeP0 intro.
20260830 012154.162 INFO             PET3     >>>ESMX_Driver: entered Initialize (phase=<none>) without valid internal Clock.
20260830 012154.162 INFO             PET3     <<<ESMX_Driver: leaving Initialize (phase=<none>) without valid internal Clock.
20260830 012154.162 INFO             PET3   ESMX_Driver: InitializeP0 extro.
20260830 012154.162 INFO             PET3   ESMX_Driver: InitializeIPDv02p1 intro.
20260830 012154.162 INFO             PET3     >>>ESMX_Driver: entered Initialize (phase=<none>) without valid internal Clock.
20260830 012154.166 INFO             PET3     ESMX_Driver - Creating model component MDL without petList.
20260830 012154.290 DEBUG            PET3     Generic SetVM() is executing for: MDL
20260830 012154.290 DEBUG            PET3     Generic SetVM() found no NUOPC Hint for: MDL
20260830 012154.290 DEBUG            PET3     Generic SetVM() therefore is NOT calling ESMF_GridCompSetVMMaxPEs() for: MDL
20260830 012154.302 INFO             PET3     ESMX_Driver: IInitAdvertise intro.
20260830 012154.302 INFO             PET3       >>>ESMX_Driver: entered Initialize (phase=<none>) with current time: 2012 10 24 18  0  0   0
20260830 012154.302 INFO             PET3       <<<ESMX_Driver: leaving Initialize (phase=<none>) with current time: 2012 10 24 18  0  0   0
20260830 012154.302 INFO             PET3     ESMX_Driver: IInitAdvertise extro.
20260830 012154.303 INFO             PET3     Message from inside C component Advertise() method
20260830 012154.304 INFO             PET3     ESMX_Driver: IInitAdvertiseFinish intro.
20260830 012154.304 INFO             PET3       >>>ESMX_Driver: entered Initialize (phase=<none>) with current time: 2012 10 24 18  0  0   0
20260830 012154.305 INFO             PET3       <<<ESMX_Driver: leaving Initialize (phase=<none>) with current time: 2012 10 24 18  0  0   0
20260830 012154.305 INFO             PET3     ESMX_Driver: IInitAdvertiseFinish extro.
20260830 012154.305 INFO             PET3     ESMX_Driver: IInitModifyCplLists intro.
20260830 012154.305 INFO             PET3       >>>ESMX_Driver: entered Initialize (phase=<none>) with current time: 2012 10 24 18  0  0   0
20260830 012154.305 INFO             PET3       <<<ESMX_Driver: leaving Initialize (phase=<none>) with current time: 2012 10 24 18  0  0   0
20260830 012154.305 INFO             PET3     ESMX_Driver: IInitModifyCplLists extro.
20260830 012154.306 INFO             PET3     <<<ESMX_Driver: leaving Initialize (phase=<none>) with current time: 2012 10 24 18  0  0   0
20260830 012154.306 INFO             PET3   ESMX_Driver: InitializeIPDv02p1 extro.
20260830 012154.306 INFO             PET3   ESMX_Driver: InitializeIPDv02p3 intro.
20260830 012154.306 INFO             PET3     >>>ESMX_Driver: entered Initialize (phase=<none>) with current time: 2012 10 24 18  0  0   0
20260830 012154.306 INFO             PET3     ESMX_Driver: IInitCheck intro.
20260830 012154.306 INFO             PET3       >>>ESMX_Driver: entered Initialize (phase=<none>) with current time: 2012 10 24 18  0  0   0
20260830 012154.306 INFO             PET3       <<<ESMX_Driver: leaving Initialize (phase=<none>) with current time: 2012 10 24 18  0  0   0
20260830 012154.306 INFO             PET3     ESMX_Driver: IInitCheck extro.
20260830 012154.306 INFO             PET3     ESMX_Driver: IInitRealize intro.
20260830 012154.306 INFO             PET3       >>>ESMX_Driver: entered Initialize (phase=<none>) with current time: 2012 10 24 18  0  0   0
20260830 012154.306 INFO             PET3       <<<ESMX_Driver: leaving Initialize (phase=<none>) with current time: 2012 10 24 18  0  0   0
20260830 012154.306 INFO             PET3     ESMX_Driver: IInitRealize extro.
20260830 012154.307 INFO             PET3     <<<ESMX_Driver: leaving Initialize (phase=<none>) with current time: 2012 10 24 18  0  0   0
20260830 012154.307 INFO             PET3   ESMX_Driver: InitializeIPDv02p3 extro.
20260830 012154.307 INFO             PET3   ESMX_Driver: InitializeIPDv02p5 intro.
20260830 012154.307 INFO             PET3     >>>ESMX_Driver: entered Initialize (phase=<none>) with current time: 2012 10 24 18  0  0   0
20260830 012154.307 INFO             PET3     ESMX_Driver: InitializeIPDv02p5Data intro.
20260830 012154.307 INFO             PET3       >>>ESMX_Driver: entered Initialize (phase=<none>) with current time: 2012 10 24 18  0  0   0
20260830 012154.307 INFO             PET3       ESMX_Driver: InternalInitializeComplete intro.
20260830 012154.307 INFO             PET3         >>>ESMX_Driver: entered Initialize (phase=<none>) with current time: 2012 10 24 18  0  0   0
20260830 012154.307 INFO             PET3         <<<ESMX_Driver: leaving Initialize (phase=<none>) with current time: 2012 10 24 18  0  0   0
20260830 012154.307 INFO             PET3       ESMX_Driver: InternalInitializeComplete extro.
20260830 012154.308 INFO             PET3       ESMX_Driver: loopDataDependentInitialize intro.
20260830 012154.308 INFO             PET3         >>>ESMX_Driver: entered Initialize (phase=<none>) with current time: 2012 10 24 18  0  0   0
20260830 012154.308 INFO             PET3         <<<ESMX_Driver: leaving Initialize (phase=<none>) with current time: 2012 10 24 18  0  0   0
20260830 012154.308 INFO             PET3       ESMX_Driver: loopDataDependentInitialize extro.
20260830 012154.308 INFO             PET3       <<<ESMX_Driver: leaving Initialize (phase=<none>) with current time: 2012 10 24 18  0  0   0
20260830 012154.308 INFO             PET3     ESMX_Driver: InitializeIPDv02p5Data extro.
20260830 012154.308 INFO             PET3     <<<ESMX_Driver: leaving Initialize (phase=<none>) with current time: 2012 10 24 18  0  0   0
20260830 012154.308 INFO             PET3   ESMX_Driver: InitializeIPDv02p5 extro.
20260830 012154.308 INFO             PET3   <<<ESMX_Driver: leaving Initialize (phase=<none>) with current time: 2012 10 24 18  0  0   0
20260830 012154.308 INFO             PET3 ESMX_Driver: InitializeGeneric extro.
20260830 012154.308 INFO             PET3 ESMX_Driver: Run intro.
20260830 012154.308 INFO             PET3   >>>ESMX_Driver: entered Run (phase=RunPhase1) with current time: 2012 10 24 18  0  0   0
20260830 012154.309 INFO             PET3   Message from inside C component Advance() method
20260830 012154.309 INFO             PET3   <<<ESMX_Driver: leaving Run (phase=RunPhase1) with current time: 2012 10 24 19  0  0   0
20260830 012154.309 INFO             PET3 ESMX_Driver: Run extro.
20260830 012154.309 INFO             PET3 ESMX_Driver: Finalize intro.
20260830 012154.309 INFO             PET3   >>>ESMX_Driver: entered Finalize (phase=FinalizePhase1) with current time: 2012 10 24 19  0  0   0
20260830 012154.309 INFO             PET3   Calling Finalize phase 1 for modelComp: MDL
20260830 012154.309 INFO             PET3   Delete modelComp: MDL
20260830 012154.309 INFO             PET3   <<<ESMX_Driver: leaving Finalize (phase=FinalizePhase1) with current time: 2012 10 24 19  0  0   0
20260830 012154.309 INFO             PET3 ESMX_Driver: Finalize extro.
20260830 012154.309 INFO             PET3 =============================================
20260830 012154.309 INFO             PET3 ESMX (Earth System Model eXecutable) FINISHED
20260830 012154.309 INFO             PET3 =============================================
20260830 012154.309 INFO             PET3  Finalizing ESMF
