2026-09-03 06:48:28
20260903 073755.230 INFO             PET0 !!!!!!!!!!!!!!!!!!!!!!!!!!!!!!!!!!!!!!!!!!!!!!!!!!!!!!
20260903 073755.230 INFO             PET0 !!! THE ESMF_LOG IS SET TO OUTPUT ALL LOG MESSAGES !!!
20260903 073755.230 INFO             PET0 !!!     THIS MAY CAUSE SLOWDOWN IN PERFORMANCE     !!!
20260903 073755.230 INFO             PET0 !!! FOR PRODUCTION RUNS, USE:                      !!!
20260903 073755.230 INFO             PET0 !!!                   ESMF_LOGKIND_Multi_On_Error  !!!
20260903 073755.230 INFO             PET0 !!!!!!!!!!!!!!!!!!!!!!!!!!!!!!!!!!!!!!!!!!!!!!!!!!!!!!
20260903 073755.230 INFO             PET0 Running with ESMF Version   : develop+g4161bf9d44
20260903 073755.230 INFO             PET0 ESMF library build date/time: "Sep  3 2026" "06:46:25"
20260903 073755.230 INFO             PET0 ESMF library build location : /usr/local/esmf/esmf-testing/gfortranclang_14.2.0_17.0.0_openmpi_g_develop/esmf
20260903 073755.230 INFO             PET0 ESMF_COMM                   : openmpi
20260903 073755.230 INFO             PET0 ESMF_MOAB                   : enabled
20260903 073755.230 INFO             PET0 ESMF_LAPACK                 : enabled
20260903 073755.230 INFO             PET0 ESMF_NETCDF                 : enabled
20260903 073755.230 INFO             PET0 ESMF_PNETCDF                : disabled
20260903 073755.230 INFO             PET0 ESMF_PIO                    : enabled
20260903 073755.230 INFO             PET0 ESMF_YAMLCPP                : enabled
20260903 073755.235 INFO             PET0 =============================================
20260903 073755.235 INFO             PET0 ESMX (Earth System Model eXecutable) STARTING
20260903 073755.235 INFO             PET0 =============================================
20260903 073755.237 DEBUG            PET0 Generic SetVM() is executing for: ESMX_Driver
20260903 073755.238 DEBUG            PET0 Generic SetVM() found no NUOPC Hint for: ESMX_Driver
20260903 073755.238 DEBUG            PET0 Generic SetVM() therefore is NOT calling ESMF_GridCompSetVMMaxPEs() for: ESMX_Driver
20260903 073755.243 INFO             PET0 ESMX_Driver: InitializeGeneric intro.
20260903 073755.243 INFO             PET0   >>>ESMX_Driver: entered Initialize (phase=<none>) without valid internal Clock.
20260903 073755.243 INFO             PET0   ESMX_Driver: InitializeP0 intro.
20260903 073755.243 INFO             PET0     >>>ESMX_Driver: entered Initialize (phase=<none>) without valid internal Clock.
20260903 073755.243 INFO             PET0     <<<ESMX_Driver: leaving Initialize (phase=<none>) without valid internal Clock.
20260903 073755.243 INFO             PET0   ESMX_Driver: InitializeP0 extro.
20260903 073755.243 INFO             PET0   ESMX_Driver: InitializeIPDv02p1 intro.
20260903 073755.243 INFO             PET0     >>>ESMX_Driver: entered Initialize (phase=<none>) without valid internal Clock.
20260903 073755.245 INFO             PET0     ESMX_Driver: IInitAdvertise intro.
20260903 073755.245 INFO             PET0       >>>ESMX_Driver: entered Initialize (phase=<none>) with current time: 2012 10 24  8  0  0   0
20260903 073755.245 INFO             PET0       <<<ESMX_Driver: leaving Initialize (phase=<none>) with current time: 2012 10 24  8  0  0   0
20260903 073755.245 INFO             PET0     ESMX_Driver: IInitAdvertise extro.
20260903 073755.245 INFO             PET0     ESMX_Driver: IInitAdvertiseFinish intro.
20260903 073755.245 INFO             PET0       >>>ESMX_Driver: entered Initialize (phase=<none>) with current time: 2012 10 24  8  0  0   0
20260903 073755.245 INFO             PET0       <<<ESMX_Driver: leaving Initialize (phase=<none>) with current time: 2012 10 24  8  0  0   0
20260903 073755.245 INFO             PET0     ESMX_Driver: IInitAdvertiseFinish extro.
20260903 073755.245 INFO             PET0     ESMX_Driver: IInitModifyCplLists intro.
20260903 073755.245 INFO             PET0       >>>ESMX_Driver: entered Initialize (phase=<none>) with current time: 2012 10 24  8  0  0   0
20260903 073755.246 INFO             PET0       <<<ESMX_Driver: leaving Initialize (phase=<none>) with current time: 2012 10 24  8  0  0   0
20260903 073755.246 INFO             PET0     ESMX_Driver: IInitModifyCplLists extro.
20260903 073755.246 INFO             PET0     <<<ESMX_Driver: leaving Initialize (phase=<none>) with current time: 2012 10 24  8  0  0   0
20260903 073755.246 INFO             PET0   ESMX_Driver: InitializeIPDv02p1 extro.
20260903 073755.246 INFO             PET0   ESMX_Driver: InitializeIPDv02p3 intro.
20260903 073755.246 INFO             PET0     >>>ESMX_Driver: entered Initialize (phase=<none>) with current time: 2012 10 24  8  0  0   0
20260903 073755.246 INFO             PET0     ESMX_Driver: IInitCheck intro.
20260903 073755.246 INFO             PET0       >>>ESMX_Driver: entered Initialize (phase=<none>) with current time: 2012 10 24  8  0  0   0
20260903 073755.246 INFO             PET0       <<<ESMX_Driver: leaving Initialize (phase=<none>) with current time: 2012 10 24  8  0  0   0
20260903 073755.246 INFO             PET0     ESMX_Driver: IInitCheck extro.
20260903 073755.246 INFO             PET0     ESMX_Driver: IInitRealize intro.
20260903 073755.246 INFO             PET0       >>>ESMX_Driver: entered Initialize (phase=<none>) with current time: 2012 10 24  8  0  0   0
20260903 073755.246 INFO             PET0       <<<ESMX_Driver: leaving Initialize (phase=<none>) with current time: 2012 10 24  8  0  0   0
20260903 073755.246 INFO             PET0     ESMX_Driver: IInitRealize extro.
20260903 073755.246 INFO             PET0     <<<ESMX_Driver: leaving Initialize (phase=<none>) with current time: 2012 10 24  8  0  0   0
20260903 073755.247 INFO             PET0   ESMX_Driver: InitializeIPDv02p3 extro.
20260903 073755.247 INFO             PET0   ESMX_Driver: InitializeIPDv02p5 intro.
20260903 073755.247 INFO             PET0     >>>ESMX_Driver: entered Initialize (phase=<none>) with current time: 2012 10 24  8  0  0   0
20260903 073755.247 INFO             PET0     ESMX_Driver: InitializeIPDv02p5Data intro.
20260903 073755.247 INFO             PET0       >>>ESMX_Driver: entered Initialize (phase=<none>) with current time: 2012 10 24  8  0  0   0
20260903 073755.247 INFO             PET0       ESMX_Driver: InternalInitializeComplete intro.
20260903 073755.247 INFO             PET0         >>>ESMX_Driver: entered Initialize (phase=<none>) with current time: 2012 10 24  8  0  0   0
20260903 073755.247 INFO             PET0         <<<ESMX_Driver: leaving Initialize (phase=<none>) with current time: 2012 10 24  8  0  0   0
20260903 073755.247 INFO             PET0       ESMX_Driver: InternalInitializeComplete extro.
20260903 073755.250 INFO             PET0       ESMX_Driver: loopDataDependentInitialize intro.
20260903 073755.250 INFO             PET0         >>>ESMX_Driver: entered Initialize (phase=<none>) with current time: 2012 10 24  8  0  0   0
20260903 073755.250 INFO             PET0         <<<ESMX_Driver: leaving Initialize (phase=<none>) with current time: 2012 10 24  8  0  0   0
20260903 073755.250 INFO             PET0       ESMX_Driver: loopDataDependentInitialize extro.
20260903 073755.250 INFO             PET0       <<<ESMX_Driver: leaving Initialize (phase=<none>) with current time: 2012 10 24  8  0  0   0
20260903 073755.250 INFO             PET0     ESMX_Driver: InitializeIPDv02p5Data extro.
20260903 073755.250 INFO             PET0     <<<ESMX_Driver: leaving Initialize (phase=<none>) with current time: 2012 10 24  8  0  0   0
20260903 073755.250 INFO             PET0   ESMX_Driver: InitializeIPDv02p5 extro.
20260903 073755.251 INFO             PET0   <<<ESMX_Driver: leaving Initialize (phase=<none>) with current time: 2012 10 24  8  0  0   0
20260903 073755.251 INFO             PET0 ESMX_Driver: InitializeGeneric extro.
20260903 073755.251 INFO             PET0 ESMX_Driver: Run intro.
20260903 073755.251 INFO             PET0   >>>ESMX_Driver: entered Run (phase=RunPhase1) with current time: 2012 10 24  8  0  0   0
20260903 073755.251 INFO             PET0   <<<ESMX_Driver: leaving Run (phase=RunPhase1) with current time: 2012 10 24  8  0  0   0
20260903 073755.251 INFO             PET0 ESMX_Driver: Run extro.
20260903 073755.251 INFO             PET0 ESMX_Driver: Finalize intro.
20260903 073755.251 INFO             PET0   >>>ESMX_Driver: entered Finalize (phase=FinalizePhase1) with current time: 2012 10 24  8  0  0   0
20260903 073755.251 INFO             PET0   <<<ESMX_Driver: leaving Finalize (phase=FinalizePhase1) with current time: 2012 10 24  8  0  0   0
20260903 073755.251 INFO             PET0 ESMX_Driver: Finalize extro.
20260903 073755.251 INFO             PET0 =============================================
20260903 073755.251 INFO             PET0 ESMX (Earth System Model eXecutable) FINISHED
20260903 073755.251 INFO             PET0 =============================================
20260903 073755.251 INFO             PET0  Finalizing ESMF
20260903 073755.230 INFO             PET1 !!!!!!!!!!!!!!!!!!!!!!!!!!!!!!!!!!!!!!!!!!!!!!!!!!!!!!
20260903 073755.231 INFO             PET1 !!! THE ESMF_LOG IS SET TO OUTPUT ALL LOG MESSAGES !!!
20260903 073755.231 INFO             PET1 !!!     THIS MAY CAUSE SLOWDOWN IN PERFORMANCE     !!!
20260903 073755.231 INFO             PET1 !!! FOR PRODUCTION RUNS, USE:                      !!!
20260903 073755.231 INFO             PET1 !!!                   ESMF_LOGKIND_Multi_On_Error  !!!
20260903 073755.231 INFO             PET1 !!!!!!!!!!!!!!!!!!!!!!!!!!!!!!!!!!!!!!!!!!!!!!!!!!!!!!
20260903 073755.231 INFO             PET1 Running with ESMF Version   : develop+g4161bf9d44
20260903 073755.231 INFO             PET1 ESMF library build date/time: "Sep  3 2026" "06:46:25"
20260903 073755.231 INFO             PET1 ESMF library build location : /usr/local/esmf/esmf-testing/gfortranclang_14.2.0_17.0.0_openmpi_g_develop/esmf
20260903 073755.231 INFO             PET1 ESMF_COMM                   : openmpi
20260903 073755.231 INFO             PET1 ESMF_MOAB                   : enabled
20260903 073755.231 INFO             PET1 ESMF_LAPACK                 : enabled
20260903 073755.231 INFO             PET1 ESMF_NETCDF                 : enabled
20260903 073755.231 INFO             PET1 ESMF_PNETCDF                : disabled
20260903 073755.231 INFO             PET1 ESMF_PIO                    : enabled
20260903 073755.231 INFO             PET1 ESMF_YAMLCPP                : enabled
20260903 073755.233 INFO             PET1 =============================================
20260903 073755.233 INFO             PET1 ESMX (Earth System Model eXecutable) STARTING
20260903 073755.233 INFO             PET1 =============================================
20260903 073755.238 DEBUG            PET1 Generic SetVM() is executing for: ESMX_Driver
20260903 073755.238 DEBUG            PET1 Generic SetVM() found no NUOPC Hint for: ESMX_Driver
20260903 073755.238 DEBUG            PET1 Generic SetVM() therefore is NOT calling ESMF_GridCompSetVMMaxPEs() for: ESMX_Driver
20260903 073755.243 INFO             PET1 ESMX_Driver: InitializeGeneric intro.
20260903 073755.243 INFO             PET1   >>>ESMX_Driver: entered Initialize (phase=<none>) without valid internal Clock.
20260903 073755.243 INFO             PET1   ESMX_Driver: InitializeP0 intro.
20260903 073755.243 INFO             PET1     >>>ESMX_Driver: entered Initialize (phase=<none>) without valid internal Clock.
20260903 073755.243 INFO             PET1     <<<ESMX_Driver: leaving Initialize (phase=<none>) without valid internal Clock.
20260903 073755.243 INFO             PET1   ESMX_Driver: InitializeP0 extro.
20260903 073755.243 INFO             PET1   ESMX_Driver: InitializeIPDv02p1 intro.
20260903 073755.243 INFO             PET1     >>>ESMX_Driver: entered Initialize (phase=<none>) without valid internal Clock.
20260903 073755.245 INFO             PET1     ESMX_Driver: IInitAdvertise intro.
20260903 073755.246 INFO             PET1       >>>ESMX_Driver: entered Initialize (phase=<none>) with current time: 2012 10 24  8  0  0   0
20260903 073755.246 INFO             PET1       <<<ESMX_Driver: leaving Initialize (phase=<none>) with current time: 2012 10 24  8  0  0   0
20260903 073755.246 INFO             PET1     ESMX_Driver: IInitAdvertise extro.
20260903 073755.247 INFO             PET1     ESMX_Driver: IInitAdvertiseFinish intro.
20260903 073755.247 INFO             PET1       >>>ESMX_Driver: entered Initialize (phase=<none>) with current time: 2012 10 24  8  0  0   0
20260903 073755.247 INFO             PET1       <<<ESMX_Driver: leaving Initialize (phase=<none>) with current time: 2012 10 24  8  0  0   0
20260903 073755.247 INFO             PET1     ESMX_Driver: IInitAdvertiseFinish extro.
20260903 073755.247 INFO             PET1     ESMX_Driver: IInitModifyCplLists intro.
20260903 073755.247 INFO             PET1       >>>ESMX_Driver: entered Initialize (phase=<none>) with current time: 2012 10 24  8  0  0   0
20260903 073755.247 INFO             PET1       <<<ESMX_Driver: leaving Initialize (phase=<none>) with current time: 2012 10 24  8  0  0   0
20260903 073755.247 INFO             PET1     ESMX_Driver: IInitModifyCplLists extro.
20260903 073755.247 INFO             PET1     <<<ESMX_Driver: leaving Initialize (phase=<none>) with current time: 2012 10 24  8  0  0   0
20260903 073755.247 INFO             PET1   ESMX_Driver: InitializeIPDv02p1 extro.
20260903 073755.248 INFO             PET1   ESMX_Driver: InitializeIPDv02p3 intro.
20260903 073755.248 INFO             PET1     >>>ESMX_Driver: entered Initialize (phase=<none>) with current time: 2012 10 24  8  0  0   0
20260903 073755.248 INFO             PET1     ESMX_Driver: IInitCheck intro.
20260903 073755.248 INFO             PET1       >>>ESMX_Driver: entered Initialize (phase=<none>) with current time: 2012 10 24  8  0  0   0
20260903 073755.248 INFO             PET1       <<<ESMX_Driver: leaving Initialize (phase=<none>) with current time: 2012 10 24  8  0  0   0
20260903 073755.248 INFO             PET1     ESMX_Driver: IInitCheck extro.
20260903 073755.248 INFO             PET1     ESMX_Driver: IInitRealize intro.
20260903 073755.248 INFO             PET1       >>>ESMX_Driver: entered Initialize (phase=<none>) with current time: 2012 10 24  8  0  0   0
20260903 073755.248 INFO             PET1       <<<ESMX_Driver: leaving Initialize (phase=<none>) with current time: 2012 10 24  8  0  0   0
20260903 073755.248 INFO             PET1     ESMX_Driver: IInitRealize extro.
20260903 073755.248 INFO             PET1     <<<ESMX_Driver: leaving Initialize (phase=<none>) with current time: 2012 10 24  8  0  0   0
20260903 073755.248 INFO             PET1   ESMX_Driver: InitializeIPDv02p3 extro.
20260903 073755.248 INFO             PET1   ESMX_Driver: InitializeIPDv02p5 intro.
20260903 073755.248 INFO             PET1     >>>ESMX_Driver: entered Initialize (phase=<none>) with current time: 2012 10 24  8  0  0   0
20260903 073755.248 INFO             PET1     ESMX_Driver: InitializeIPDv02p5Data intro.
20260903 073755.249 INFO             PET1       >>>ESMX_Driver: entered Initialize (phase=<none>) with current time: 2012 10 24  8  0  0   0
20260903 073755.249 INFO             PET1       ESMX_Driver: InternalInitializeComplete intro.
20260903 073755.249 INFO             PET1         >>>ESMX_Driver: entered Initialize (phase=<none>) with current time: 2012 10 24  8  0  0   0
20260903 073755.249 INFO             PET1         <<<ESMX_Driver: leaving Initialize (phase=<none>) with current time: 2012 10 24  8  0  0   0
20260903 073755.249 INFO             PET1       ESMX_Driver: InternalInitializeComplete extro.
20260903 073755.250 INFO             PET1       ESMX_Driver: loopDataDependentInitialize intro.
20260903 073755.250 INFO             PET1         >>>ESMX_Driver: entered Initialize (phase=<none>) with current time: 2012 10 24  8  0  0   0
20260903 073755.250 INFO             PET1         <<<ESMX_Driver: leaving Initialize (phase=<none>) with current time: 2012 10 24  8  0  0   0
20260903 073755.250 INFO             PET1       ESMX_Driver: loopDataDependentInitialize extro.
20260903 073755.250 INFO             PET1       <<<ESMX_Driver: leaving Initialize (phase=<none>) with current time: 2012 10 24  8  0  0   0
20260903 073755.250 INFO             PET1     ESMX_Driver: InitializeIPDv02p5Data extro.
20260903 073755.250 INFO             PET1     <<<ESMX_Driver: leaving Initialize (phase=<none>) with current time: 2012 10 24  8  0  0   0
20260903 073755.250 INFO             PET1   ESMX_Driver: InitializeIPDv02p5 extro.
20260903 073755.250 INFO             PET1   <<<ESMX_Driver: leaving Initialize (phase=<none>) with current time: 2012 10 24  8  0  0   0
20260903 073755.250 INFO             PET1 ESMX_Driver: InitializeGeneric extro.
20260903 073755.251 INFO             PET1 ESMX_Driver: Run intro.
20260903 073755.251 INFO             PET1   >>>ESMX_Driver: entered Run (phase=RunPhase1) with current time: 2012 10 24  8  0  0   0
20260903 073755.251 INFO             PET1   <<<ESMX_Driver: leaving Run (phase=RunPhase1) with current time: 2012 10 24  8  0  0   0
20260903 073755.251 INFO             PET1 ESMX_Driver: Run extro.
20260903 073755.251 INFO             PET1 ESMX_Driver: Finalize intro.
20260903 073755.251 INFO             PET1   >>>ESMX_Driver: entered Finalize (phase=FinalizePhase1) with current time: 2012 10 24  8  0  0   0
20260903 073755.251 INFO             PET1   <<<ESMX_Driver: leaving Finalize (phase=FinalizePhase1) with current time: 2012 10 24  8  0  0   0
20260903 073755.251 INFO             PET1 ESMX_Driver: Finalize extro.
20260903 073755.251 INFO             PET1 =============================================
20260903 073755.251 INFO             PET1 ESMX (Earth System Model eXecutable) FINISHED
20260903 073755.251 INFO             PET1 =============================================
20260903 073755.251 INFO             PET1  Finalizing ESMF
20260903 073755.231 INFO             PET2 !!!!!!!!!!!!!!!!!!!!!!!!!!!!!!!!!!!!!!!!!!!!!!!!!!!!!!
20260903 073755.231 INFO             PET2 !!! THE ESMF_LOG IS SET TO OUTPUT ALL LOG MESSAGES !!!
20260903 073755.231 INFO             PET2 !!!     THIS MAY CAUSE SLOWDOWN IN PERFORMANCE     !!!
20260903 073755.231 INFO             PET2 !!! FOR PRODUCTION RUNS, USE:                      !!!
20260903 073755.231 INFO             PET2 !!!                   ESMF_LOGKIND_Multi_On_Error  !!!
20260903 073755.231 INFO             PET2 !!!!!!!!!!!!!!!!!!!!!!!!!!!!!!!!!!!!!!!!!!!!!!!!!!!!!!
20260903 073755.231 INFO             PET2 Running with ESMF Version   : develop+g4161bf9d44
20260903 073755.231 INFO             PET2 ESMF library build date/time: "Sep  3 2026" "06:46:25"
20260903 073755.231 INFO             PET2 ESMF library build location : /usr/local/esmf/esmf-testing/gfortranclang_14.2.0_17.0.0_openmpi_g_develop/esmf
20260903 073755.231 INFO             PET2 ESMF_COMM                   : openmpi
20260903 073755.231 INFO             PET2 ESMF_MOAB                   : enabled
20260903 073755.231 INFO             PET2 ESMF_LAPACK                 : enabled
20260903 073755.231 INFO             PET2 ESMF_NETCDF                 : enabled
20260903 073755.231 INFO             PET2 ESMF_PNETCDF                : disabled
20260903 073755.231 INFO             PET2 ESMF_PIO                    : enabled
20260903 073755.231 INFO             PET2 ESMF_YAMLCPP                : enabled
20260903 073755.233 INFO             PET2 =============================================
20260903 073755.233 INFO             PET2 ESMX (Earth System Model eXecutable) STARTING
20260903 073755.233 INFO             PET2 =============================================
20260903 073755.238 DEBUG            PET2 Generic SetVM() is executing for: ESMX_Driver
20260903 073755.238 DEBUG            PET2 Generic SetVM() found no NUOPC Hint for: ESMX_Driver
20260903 073755.238 DEBUG            PET2 Generic SetVM() therefore is NOT calling ESMF_GridCompSetVMMaxPEs() for: ESMX_Driver
20260903 073755.243 INFO             PET2 ESMX_Driver: InitializeGeneric intro.
20260903 073755.243 INFO             PET2   >>>ESMX_Driver: entered Initialize (phase=<none>) without valid internal Clock.
20260903 073755.243 INFO             PET2   ESMX_Driver: InitializeP0 intro.
20260903 073755.244 INFO             PET2     >>>ESMX_Driver: entered Initialize (phase=<none>) without valid internal Clock.
20260903 073755.244 INFO             PET2     <<<ESMX_Driver: leaving Initialize (phase=<none>) without valid internal Clock.
20260903 073755.244 INFO             PET2   ESMX_Driver: InitializeP0 extro.
20260903 073755.244 INFO             PET2   ESMX_Driver: InitializeIPDv02p1 intro.
20260903 073755.244 INFO             PET2     >>>ESMX_Driver: entered Initialize (phase=<none>) without valid internal Clock.
20260903 073755.246 INFO             PET2     ESMX_Driver: IInitAdvertise intro.
20260903 073755.246 INFO             PET2       >>>ESMX_Driver: entered Initialize (phase=<none>) with current time: 2012 10 24  8  0  0   0
20260903 073755.246 INFO             PET2       <<<ESMX_Driver: leaving Initialize (phase=<none>) with current time: 2012 10 24  8  0  0   0
20260903 073755.246 INFO             PET2     ESMX_Driver: IInitAdvertise extro.
20260903 073755.246 INFO             PET2     ESMX_Driver: IInitAdvertiseFinish intro.
20260903 073755.246 INFO             PET2       >>>ESMX_Driver: entered Initialize (phase=<none>) with current time: 2012 10 24  8  0  0   0
20260903 073755.246 INFO             PET2       <<<ESMX_Driver: leaving Initialize (phase=<none>) with current time: 2012 10 24  8  0  0   0
20260903 073755.246 INFO             PET2     ESMX_Driver: IInitAdvertiseFinish extro.
20260903 073755.246 INFO             PET2     ESMX_Driver: IInitModifyCplLists intro.
20260903 073755.246 INFO             PET2       >>>ESMX_Driver: entered Initialize (phase=<none>) with current time: 2012 10 24  8  0  0   0
20260903 073755.246 INFO             PET2       <<<ESMX_Driver: leaving Initialize (phase=<none>) with current time: 2012 10 24  8  0  0   0
20260903 073755.246 INFO             PET2     ESMX_Driver: IInitModifyCplLists extro.
20260903 073755.247 INFO             PET2     <<<ESMX_Driver: leaving Initialize (phase=<none>) with current time: 2012 10 24  8  0  0   0
20260903 073755.247 INFO             PET2   ESMX_Driver: InitializeIPDv02p1 extro.
20260903 073755.247 INFO             PET2   ESMX_Driver: InitializeIPDv02p3 intro.
20260903 073755.247 INFO             PET2     >>>ESMX_Driver: entered Initialize (phase=<none>) with current time: 2012 10 24  8  0  0   0
20260903 073755.247 INFO             PET2     ESMX_Driver: IInitCheck intro.
20260903 073755.247 INFO             PET2       >>>ESMX_Driver: entered Initialize (phase=<none>) with current time: 2012 10 24  8  0  0   0
20260903 073755.247 INFO             PET2       <<<ESMX_Driver: leaving Initialize (phase=<none>) with current time: 2012 10 24  8  0  0   0
20260903 073755.247 INFO             PET2     ESMX_Driver: IInitCheck extro.
20260903 073755.247 INFO             PET2     ESMX_Driver: IInitRealize intro.
20260903 073755.247 INFO             PET2       >>>ESMX_Driver: entered Initialize (phase=<none>) with current time: 2012 10 24  8  0  0   0
20260903 073755.247 INFO             PET2       <<<ESMX_Driver: leaving Initialize (phase=<none>) with current time: 2012 10 24  8  0  0   0
20260903 073755.247 INFO             PET2     ESMX_Driver: IInitRealize extro.
20260903 073755.248 INFO             PET2     <<<ESMX_Driver: leaving Initialize (phase=<none>) with current time: 2012 10 24  8  0  0   0
20260903 073755.248 INFO             PET2   ESMX_Driver: InitializeIPDv02p3 extro.
20260903 073755.248 INFO             PET2   ESMX_Driver: InitializeIPDv02p5 intro.
20260903 073755.248 INFO             PET2     >>>ESMX_Driver: entered Initialize (phase=<none>) with current time: 2012 10 24  8  0  0   0
20260903 073755.248 INFO             PET2     ESMX_Driver: InitializeIPDv02p5Data intro.
20260903 073755.248 INFO             PET2       >>>ESMX_Driver: entered Initialize (phase=<none>) with current time: 2012 10 24  8  0  0   0
20260903 073755.249 INFO             PET2       ESMX_Driver: InternalInitializeComplete intro.
20260903 073755.249 INFO             PET2         >>>ESMX_Driver: entered Initialize (phase=<none>) with current time: 2012 10 24  8  0  0   0
20260903 073755.249 INFO             PET2         <<<ESMX_Driver: leaving Initialize (phase=<none>) with current time: 2012 10 24  8  0  0   0
20260903 073755.249 INFO             PET2       ESMX_Driver: InternalInitializeComplete extro.
20260903 073755.250 INFO             PET2       ESMX_Driver: loopDataDependentInitialize intro.
20260903 073755.250 INFO             PET2         >>>ESMX_Driver: entered Initialize (phase=<none>) with current time: 2012 10 24  8  0  0   0
20260903 073755.250 INFO             PET2         <<<ESMX_Driver: leaving Initialize (phase=<none>) with current time: 2012 10 24  8  0  0   0
20260903 073755.250 INFO             PET2       ESMX_Driver: loopDataDependentInitialize extro.
20260903 073755.250 INFO             PET2       <<<ESMX_Driver: leaving Initialize (phase=<none>) with current time: 2012 10 24  8  0  0   0
20260903 073755.250 INFO             PET2     ESMX_Driver: InitializeIPDv02p5Data extro.
20260903 073755.250 INFO             PET2     <<<ESMX_Driver: leaving Initialize (phase=<none>) with current time: 2012 10 24  8  0  0   0
20260903 073755.250 INFO             PET2   ESMX_Driver: InitializeIPDv02p5 extro.
20260903 073755.250 INFO             PET2   <<<ESMX_Driver: leaving Initialize (phase=<none>) with current time: 2012 10 24  8  0  0   0
20260903 073755.250 INFO             PET2 ESMX_Driver: InitializeGeneric extro.
20260903 073755.251 INFO             PET2 ESMX_Driver: Run intro.
20260903 073755.251 INFO             PET2   >>>ESMX_Driver: entered Run (phase=RunPhase1) with current time: 2012 10 24  8  0  0   0
20260903 073755.251 INFO             PET2   <<<ESMX_Driver: leaving Run (phase=RunPhase1) with current time: 2012 10 24  8  0  0   0
20260903 073755.251 INFO             PET2 ESMX_Driver: Run extro.
20260903 073755.251 INFO             PET2 ESMX_Driver: Finalize intro.
20260903 073755.251 INFO             PET2   >>>ESMX_Driver: entered Finalize (phase=FinalizePhase1) with current time: 2012 10 24  8  0  0   0
20260903 073755.251 INFO             PET2   <<<ESMX_Driver: leaving Finalize (phase=FinalizePhase1) with current time: 2012 10 24  8  0  0   0
20260903 073755.251 INFO             PET2 ESMX_Driver: Finalize extro.
20260903 073755.251 INFO             PET2 =============================================
20260903 073755.251 INFO             PET2 ESMX (Earth System Model eXecutable) FINISHED
20260903 073755.251 INFO             PET2 =============================================
20260903 073755.251 INFO             PET2  Finalizing ESMF
20260903 073755.230 INFO             PET3 !!!!!!!!!!!!!!!!!!!!!!!!!!!!!!!!!!!!!!!!!!!!!!!!!!!!!!
20260903 073755.231 INFO             PET3 !!! THE ESMF_LOG IS SET TO OUTPUT ALL LOG MESSAGES !!!
20260903 073755.231 INFO             PET3 !!!     THIS MAY CAUSE SLOWDOWN IN PERFORMANCE     !!!
20260903 073755.231 INFO             PET3 !!! FOR PRODUCTION RUNS, USE:                      !!!
20260903 073755.231 INFO             PET3 !!!                   ESMF_LOGKIND_Multi_On_Error  !!!
20260903 073755.231 INFO             PET3 !!!!!!!!!!!!!!!!!!!!!!!!!!!!!!!!!!!!!!!!!!!!!!!!!!!!!!
20260903 073755.231 INFO             PET3 Running with ESMF Version   : develop+g4161bf9d44
20260903 073755.231 INFO             PET3 ESMF library build date/time: "Sep  3 2026" "06:46:25"
20260903 073755.231 INFO             PET3 ESMF library build location : /usr/local/esmf/esmf-testing/gfortranclang_14.2.0_17.0.0_openmpi_g_develop/esmf
20260903 073755.231 INFO             PET3 ESMF_COMM                   : openmpi
20260903 073755.231 INFO             PET3 ESMF_MOAB                   : enabled
20260903 073755.231 INFO             PET3 ESMF_LAPACK                 : enabled
20260903 073755.231 INFO             PET3 ESMF_NETCDF                 : enabled
20260903 073755.231 INFO             PET3 ESMF_PNETCDF                : disabled
20260903 073755.231 INFO             PET3 ESMF_PIO                    : enabled
20260903 073755.231 INFO             PET3 ESMF_YAMLCPP                : enabled
20260903 073755.233 INFO             PET3 =============================================
20260903 073755.233 INFO             PET3 ESMX (Earth System Model eXecutable) STARTING
20260903 073755.233 INFO             PET3 =============================================
20260903 073755.239 DEBUG            PET3 Generic SetVM() is executing for: ESMX_Driver
20260903 073755.239 DEBUG            PET3 Generic SetVM() found no NUOPC Hint for: ESMX_Driver
20260903 073755.239 DEBUG            PET3 Generic SetVM() therefore is NOT calling ESMF_GridCompSetVMMaxPEs() for: ESMX_Driver
20260903 073755.245 INFO             PET3 ESMX_Driver: InitializeGeneric intro.
20260903 073755.246 INFO             PET3   >>>ESMX_Driver: entered Initialize (phase=<none>) without valid internal Clock.
20260903 073755.246 INFO             PET3   ESMX_Driver: InitializeP0 intro.
20260903 073755.246 INFO             PET3     >>>ESMX_Driver: entered Initialize (phase=<none>) without valid internal Clock.
20260903 073755.246 INFO             PET3     <<<ESMX_Driver: leaving Initialize (phase=<none>) without valid internal Clock.
20260903 073755.246 INFO             PET3   ESMX_Driver: InitializeP0 extro.
20260903 073755.246 INFO             PET3   ESMX_Driver: InitializeIPDv02p1 intro.
20260903 073755.246 INFO             PET3     >>>ESMX_Driver: entered Initialize (phase=<none>) without valid internal Clock.
20260903 073755.248 INFO             PET3     ESMX_Driver: IInitAdvertise intro.
20260903 073755.248 INFO             PET3       >>>ESMX_Driver: entered Initialize (phase=<none>) with current time: 2012 10 24  8  0  0   0
20260903 073755.248 INFO             PET3       <<<ESMX_Driver: leaving Initialize (phase=<none>) with current time: 2012 10 24  8  0  0   0
20260903 073755.248 INFO             PET3     ESMX_Driver: IInitAdvertise extro.
20260903 073755.248 INFO             PET3     ESMX_Driver: IInitAdvertiseFinish intro.
20260903 073755.248 INFO             PET3       >>>ESMX_Driver: entered Initialize (phase=<none>) with current time: 2012 10 24  8  0  0   0
20260903 073755.248 INFO             PET3       <<<ESMX_Driver: leaving Initialize (phase=<none>) with current time: 2012 10 24  8  0  0   0
20260903 073755.248 INFO             PET3     ESMX_Driver: IInitAdvertiseFinish extro.
20260903 073755.248 INFO             PET3     ESMX_Driver: IInitModifyCplLists intro.
20260903 073755.248 INFO             PET3       >>>ESMX_Driver: entered Initialize (phase=<none>) with current time: 2012 10 24  8  0  0   0
20260903 073755.249 INFO             PET3       <<<ESMX_Driver: leaving Initialize (phase=<none>) with current time: 2012 10 24  8  0  0   0
20260903 073755.249 INFO             PET3     ESMX_Driver: IInitModifyCplLists extro.
20260903 073755.249 INFO             PET3     <<<ESMX_Driver: leaving Initialize (phase=<none>) with current time: 2012 10 24  8  0  0   0
20260903 073755.249 INFO             PET3   ESMX_Driver: InitializeIPDv02p1 extro.
20260903 073755.249 INFO             PET3   ESMX_Driver: InitializeIPDv02p3 intro.
20260903 073755.249 INFO             PET3     >>>ESMX_Driver: entered Initialize (phase=<none>) with current time: 2012 10 24  8  0  0   0
20260903 073755.249 INFO             PET3     ESMX_Driver: IInitCheck intro.
20260903 073755.249 INFO             PET3       >>>ESMX_Driver: entered Initialize (phase=<none>) with current time: 2012 10 24  8  0  0   0
20260903 073755.249 INFO             PET3       <<<ESMX_Driver: leaving Initialize (phase=<none>) with current time: 2012 10 24  8  0  0   0
20260903 073755.249 INFO             PET3     ESMX_Driver: IInitCheck extro.
20260903 073755.249 INFO             PET3     ESMX_Driver: IInitRealize intro.
20260903 073755.249 INFO             PET3       >>>ESMX_Driver: entered Initialize (phase=<none>) with current time: 2012 10 24  8  0  0   0
20260903 073755.249 INFO             PET3       <<<ESMX_Driver: leaving Initialize (phase=<none>) with current time: 2012 10 24  8  0  0   0
20260903 073755.249 INFO             PET3     ESMX_Driver: IInitRealize extro.
20260903 073755.249 INFO             PET3     <<<ESMX_Driver: leaving Initialize (phase=<none>) with current time: 2012 10 24  8  0  0   0
20260903 073755.249 INFO             PET3   ESMX_Driver: InitializeIPDv02p3 extro.
20260903 073755.249 INFO             PET3   ESMX_Driver: InitializeIPDv02p5 intro.
20260903 073755.249 INFO             PET3     >>>ESMX_Driver: entered Initialize (phase=<none>) with current time: 2012 10 24  8  0  0   0
20260903 073755.250 INFO             PET3     ESMX_Driver: InitializeIPDv02p5Data intro.
20260903 073755.250 INFO             PET3       >>>ESMX_Driver: entered Initialize (phase=<none>) with current time: 2012 10 24  8  0  0   0
20260903 073755.250 INFO             PET3       ESMX_Driver: InternalInitializeComplete intro.
20260903 073755.250 INFO             PET3         >>>ESMX_Driver: entered Initialize (phase=<none>) with current time: 2012 10 24  8  0  0   0
20260903 073755.250 INFO             PET3         <<<ESMX_Driver: leaving Initialize (phase=<none>) with current time: 2012 10 24  8  0  0   0
20260903 073755.250 INFO             PET3       ESMX_Driver: InternalInitializeComplete extro.
20260903 073755.250 INFO             PET3       ESMX_Driver: loopDataDependentInitialize intro.
20260903 073755.250 INFO             PET3         >>>ESMX_Driver: entered Initialize (phase=<none>) with current time: 2012 10 24  8  0  0   0
20260903 073755.251 INFO             PET3         <<<ESMX_Driver: leaving Initialize (phase=<none>) with current time: 2012 10 24  8  0  0   0
20260903 073755.251 INFO             PET3       ESMX_Driver: loopDataDependentInitialize extro.
20260903 073755.251 INFO             PET3       <<<ESMX_Driver: leaving Initialize (phase=<none>) with current time: 2012 10 24  8  0  0   0
20260903 073755.251 INFO             PET3     ESMX_Driver: InitializeIPDv02p5Data extro.
20260903 073755.251 INFO             PET3     <<<ESMX_Driver: leaving Initialize (phase=<none>) with current time: 2012 10 24  8  0  0   0
20260903 073755.251 INFO             PET3   ESMX_Driver: InitializeIPDv02p5 extro.
20260903 073755.251 INFO             PET3   <<<ESMX_Driver: leaving Initialize (phase=<none>) with current time: 2012 10 24  8  0  0   0
20260903 073755.251 INFO             PET3 ESMX_Driver: InitializeGeneric extro.
20260903 073755.251 INFO             PET3 ESMX_Driver: Run intro.
20260903 073755.251 INFO             PET3   >>>ESMX_Driver: entered Run (phase=RunPhase1) with current time: 2012 10 24  8  0  0   0
20260903 073755.251 INFO             PET3   <<<ESMX_Driver: leaving Run (phase=RunPhase1) with current time: 2012 10 24  8  0  0   0
20260903 073755.251 INFO             PET3 ESMX_Driver: Run extro.
20260903 073755.251 INFO             PET3 ESMX_Driver: Finalize intro.
20260903 073755.251 INFO             PET3   >>>ESMX_Driver: entered Finalize (phase=FinalizePhase1) with current time: 2012 10 24  8  0  0   0
20260903 073755.251 INFO             PET3   <<<ESMX_Driver: leaving Finalize (phase=FinalizePhase1) with current time: 2012 10 24  8  0  0   0
20260903 073755.251 INFO             PET3 ESMX_Driver: Finalize extro.
20260903 073755.251 INFO             PET3 =============================================
20260903 073755.251 INFO             PET3 ESMX (Earth System Model eXecutable) FINISHED
20260903 073755.251 INFO             PET3 =============================================
20260903 073755.252 INFO             PET3  Finalizing ESMF
