2026-09-09 21:49:54
20260909 224843.434 INFO             PET0 !!!!!!!!!!!!!!!!!!!!!!!!!!!!!!!!!!!!!!!!!!!!!!!!!!!!!!
20260909 224843.435 INFO             PET0 !!! THE ESMF_LOG IS SET TO OUTPUT ALL LOG MESSAGES !!!
20260909 224843.435 INFO             PET0 !!!     THIS MAY CAUSE SLOWDOWN IN PERFORMANCE     !!!
20260909 224843.435 INFO             PET0 !!! FOR PRODUCTION RUNS, USE:                      !!!
20260909 224843.435 INFO             PET0 !!!                   ESMF_LOGKIND_Multi_On_Error  !!!
20260909 224843.435 INFO             PET0 !!!!!!!!!!!!!!!!!!!!!!!!!!!!!!!!!!!!!!!!!!!!!!!!!!!!!!
20260909 224843.435 INFO             PET0 Running with ESMF Version   : develop+gc12f7f42f7
20260909 224843.435 INFO             PET0 ESMF library build date/time: "Sep  9 2026" "21:47:21"
20260909 224843.435 INFO             PET0 ESMF library build location : /Users/sacks/projects/scratch/esmf-testing/gfortranclang_12.2.0_14.0.0_openmpi_g_develop/esmf
20260909 224843.435 INFO             PET0 ESMF_COMM                   : openmpi
20260909 224843.435 INFO             PET0 ESMF_MOAB                   : enabled
20260909 224843.435 INFO             PET0 ESMF_LAPACK                 : enabled
20260909 224843.435 INFO             PET0 ESMF_NETCDF                 : enabled
20260909 224843.435 INFO             PET0 ESMF_PNETCDF                : disabled
20260909 224843.435 INFO             PET0 ESMF_PIO                    : enabled
20260909 224843.435 INFO             PET0 ESMF_YAMLCPP                : enabled
20260909 224843.437 INFO             PET0  NUMBER_OF_PROCESSORS           1
20260909 224843.437 INFO             PET0  PASS  Example ESMF_ClockEx, ESMF_ClockEx.F90, line 220
20260909 224843.437 INFO             PET0  Finalizing ESMF
