2026-09-18 19:50:20
20260918 205007.590 INFO             PET0 !!!!!!!!!!!!!!!!!!!!!!!!!!!!!!!!!!!!!!!!!!!!!!!!!!!!!!
20260918 205007.591 INFO             PET0 !!! THE ESMF_LOG IS SET TO OUTPUT ALL LOG MESSAGES !!!
20260918 205007.591 INFO             PET0 !!!     THIS MAY CAUSE SLOWDOWN IN PERFORMANCE     !!!
20260918 205007.591 INFO             PET0 !!! FOR PRODUCTION RUNS, USE:                      !!!
20260918 205007.591 INFO             PET0 !!!                   ESMF_LOGKIND_Multi_On_Error  !!!
20260918 205007.591 INFO             PET0 !!!!!!!!!!!!!!!!!!!!!!!!!!!!!!!!!!!!!!!!!!!!!!!!!!!!!!
20260918 205007.591 INFO             PET0 Running with ESMF Version   : v9.0.0b19
20260918 205007.591 INFO             PET0 ESMF library build date/time: "Sep 18 2026" "19:46:57"
20260918 205007.591 INFO             PET0 ESMF library build location : /Users/sacks/projects/scratch/esmf-testing/gfortranclang_12.2.0_14.0.0_openmpi_g_develop/esmf
20260918 205007.591 INFO             PET0 ESMF_COMM                   : openmpi
20260918 205007.591 INFO             PET0 ESMF_MOAB                   : enabled
20260918 205007.591 INFO             PET0 ESMF_LAPACK                 : enabled
20260918 205007.591 INFO             PET0 ESMF_NETCDF                 : enabled
20260918 205007.591 INFO             PET0 ESMF_PNETCDF                : disabled
20260918 205007.591 INFO             PET0 ESMF_PIO                    : enabled
20260918 205007.591 INFO             PET0 ESMF_YAMLCPP                : enabled
20260918 205007.591 INFO             PET0  NUMBER_OF_PROCESSORS           1
20260918 205007.591 INFO             PET0  PASS  Example ESMF_TimeIntervalEx, ESMF_TimeIntervalEx.F90, line 176
20260918 205007.591 INFO             PET0  Finalizing ESMF
