2026-08-27 19:21:35
20260827 201350.534 INFO             PET0 !!!!!!!!!!!!!!!!!!!!!!!!!!!!!!!!!!!!!!!!!!!!!!!!!!!!!!
20260827 201350.535 INFO             PET0 !!! THE ESMF_LOG IS SET TO OUTPUT ALL LOG MESSAGES !!!
20260827 201350.535 INFO             PET0 !!!     THIS MAY CAUSE SLOWDOWN IN PERFORMANCE     !!!
20260827 201350.535 INFO             PET0 !!! FOR PRODUCTION RUNS, USE:                      !!!
20260827 201350.535 INFO             PET0 !!!                   ESMF_LOGKIND_Multi_On_Error  !!!
20260827 201350.535 INFO             PET0 !!!!!!!!!!!!!!!!!!!!!!!!!!!!!!!!!!!!!!!!!!!!!!!!!!!!!!
20260827 201350.535 INFO             PET0 Running with ESMF Version   : develop+g1082792c4b
20260827 201350.535 INFO             PET0 ESMF library build date/time: "Aug 27 2026" "19:19:16"
20260827 201350.535 INFO             PET0 ESMF library build location : /Users/sacks/projects/scratch/esmf-testing/gfortranclang_12.2.0_14.0.0_openmpi_g_develop/esmf
20260827 201350.535 INFO             PET0 ESMF_COMM                   : openmpi
20260827 201350.535 INFO             PET0 ESMF_MOAB                   : enabled
20260827 201350.535 INFO             PET0 ESMF_LAPACK                 : enabled
20260827 201350.535 INFO             PET0 ESMF_NETCDF                 : enabled
20260827 201350.535 INFO             PET0 ESMF_PNETCDF                : disabled
20260827 201350.535 INFO             PET0 ESMF_PIO                    : enabled
20260827 201350.535 INFO             PET0 ESMF_YAMLCPP                : enabled
20260827 201350.538 INFO             PET0 ESMF_FieldRedistStoreNF(): Just entered routine.
20260827 201351.026 INFO             PET0 ESMF_FieldRedistStoreNF(): Leaving routine.
20260827 201351.039 INFO             PET0  NUMBER_OF_PROCESSORS           4
20260827 201351.039 INFO             PET0  PASS  Example ESMF_RHandleFromFileEx, ESMF_RHandleFromFileEx.F90, line 192
20260827 201351.039 INFO             PET0  Finalizing ESMF
20260827 201350.534 INFO             PET1 !!!!!!!!!!!!!!!!!!!!!!!!!!!!!!!!!!!!!!!!!!!!!!!!!!!!!!
20260827 201350.535 INFO             PET1 !!! THE ESMF_LOG IS SET TO OUTPUT ALL LOG MESSAGES !!!
20260827 201350.535 INFO             PET1 !!!     THIS MAY CAUSE SLOWDOWN IN PERFORMANCE     !!!
20260827 201350.535 INFO             PET1 !!! FOR PRODUCTION RUNS, USE:                      !!!
20260827 201350.535 INFO             PET1 !!!                   ESMF_LOGKIND_Multi_On_Error  !!!
20260827 201350.535 INFO             PET1 !!!!!!!!!!!!!!!!!!!!!!!!!!!!!!!!!!!!!!!!!!!!!!!!!!!!!!
20260827 201350.535 INFO             PET1 Running with ESMF Version   : develop+g1082792c4b
20260827 201350.535 INFO             PET1 ESMF library build date/time: "Aug 27 2026" "19:19:16"
20260827 201350.535 INFO             PET1 ESMF library build location : /Users/sacks/projects/scratch/esmf-testing/gfortranclang_12.2.0_14.0.0_openmpi_g_develop/esmf
20260827 201350.535 INFO             PET1 ESMF_COMM                   : openmpi
20260827 201350.535 INFO             PET1 ESMF_MOAB                   : enabled
20260827 201350.535 INFO             PET1 ESMF_LAPACK                 : enabled
20260827 201350.535 INFO             PET1 ESMF_NETCDF                 : enabled
20260827 201350.535 INFO             PET1 ESMF_PNETCDF                : disabled
20260827 201350.535 INFO             PET1 ESMF_PIO                    : enabled
20260827 201350.535 INFO             PET1 ESMF_YAMLCPP                : enabled
20260827 201350.537 INFO             PET1 ESMF_FieldRedistStoreNF(): Just entered routine.
20260827 201351.026 INFO             PET1 ESMF_FieldRedistStoreNF(): Leaving routine.
20260827 201351.039 INFO             PET1  NUMBER_OF_PROCESSORS           4
20260827 201351.039 INFO             PET1  PASS  Example ESMF_RHandleFromFileEx, ESMF_RHandleFromFileEx.F90, line 192
20260827 201351.039 INFO             PET1  Finalizing ESMF
20260827 201350.534 INFO             PET2 !!!!!!!!!!!!!!!!!!!!!!!!!!!!!!!!!!!!!!!!!!!!!!!!!!!!!!
20260827 201350.535 INFO             PET2 !!! THE ESMF_LOG IS SET TO OUTPUT ALL LOG MESSAGES !!!
20260827 201350.535 INFO             PET2 !!!     THIS MAY CAUSE SLOWDOWN IN PERFORMANCE     !!!
20260827 201350.535 INFO             PET2 !!! FOR PRODUCTION RUNS, USE:                      !!!
20260827 201350.535 INFO             PET2 !!!                   ESMF_LOGKIND_Multi_On_Error  !!!
20260827 201350.535 INFO             PET2 !!!!!!!!!!!!!!!!!!!!!!!!!!!!!!!!!!!!!!!!!!!!!!!!!!!!!!
20260827 201350.535 INFO             PET2 Running with ESMF Version   : develop+g1082792c4b
20260827 201350.535 INFO             PET2 ESMF library build date/time: "Aug 27 2026" "19:19:16"
20260827 201350.535 INFO             PET2 ESMF library build location : /Users/sacks/projects/scratch/esmf-testing/gfortranclang_12.2.0_14.0.0_openmpi_g_develop/esmf
20260827 201350.535 INFO             PET2 ESMF_COMM                   : openmpi
20260827 201350.535 INFO             PET2 ESMF_MOAB                   : enabled
20260827 201350.535 INFO             PET2 ESMF_LAPACK                 : enabled
20260827 201350.535 INFO             PET2 ESMF_NETCDF                 : enabled
20260827 201350.535 INFO             PET2 ESMF_PNETCDF                : disabled
20260827 201350.535 INFO             PET2 ESMF_PIO                    : enabled
20260827 201350.535 INFO             PET2 ESMF_YAMLCPP                : enabled
20260827 201350.538 INFO             PET2 ESMF_FieldRedistStoreNF(): Just entered routine.
20260827 201351.026 INFO             PET2 ESMF_FieldRedistStoreNF(): Leaving routine.
20260827 201351.039 INFO             PET2  NUMBER_OF_PROCESSORS           4
20260827 201351.039 INFO             PET2  PASS  Example ESMF_RHandleFromFileEx, ESMF_RHandleFromFileEx.F90, line 192
20260827 201351.039 INFO             PET2  Finalizing ESMF
20260827 201350.534 INFO             PET3 !!!!!!!!!!!!!!!!!!!!!!!!!!!!!!!!!!!!!!!!!!!!!!!!!!!!!!
20260827 201350.535 INFO             PET3 !!! THE ESMF_LOG IS SET TO OUTPUT ALL LOG MESSAGES !!!
20260827 201350.535 INFO             PET3 !!!     THIS MAY CAUSE SLOWDOWN IN PERFORMANCE     !!!
20260827 201350.535 INFO             PET3 !!! FOR PRODUCTION RUNS, USE:                      !!!
20260827 201350.535 INFO             PET3 !!!                   ESMF_LOGKIND_Multi_On_Error  !!!
20260827 201350.535 INFO             PET3 !!!!!!!!!!!!!!!!!!!!!!!!!!!!!!!!!!!!!!!!!!!!!!!!!!!!!!
20260827 201350.535 INFO             PET3 Running with ESMF Version   : develop+g1082792c4b
20260827 201350.535 INFO             PET3 ESMF library build date/time: "Aug 27 2026" "19:19:16"
20260827 201350.535 INFO             PET3 ESMF library build location : /Users/sacks/projects/scratch/esmf-testing/gfortranclang_12.2.0_14.0.0_openmpi_g_develop/esmf
20260827 201350.535 INFO             PET3 ESMF_COMM                   : openmpi
20260827 201350.535 INFO             PET3 ESMF_MOAB                   : enabled
20260827 201350.535 INFO             PET3 ESMF_LAPACK                 : enabled
20260827 201350.535 INFO             PET3 ESMF_NETCDF                 : enabled
20260827 201350.535 INFO             PET3 ESMF_PNETCDF                : disabled
20260827 201350.535 INFO             PET3 ESMF_PIO                    : enabled
20260827 201350.535 INFO             PET3 ESMF_YAMLCPP                : enabled
20260827 201350.538 INFO             PET3 ESMF_FieldRedistStoreNF(): Just entered routine.
20260827 201351.026 INFO             PET3 ESMF_FieldRedistStoreNF(): Leaving routine.
20260827 201351.039 INFO             PET3  NUMBER_OF_PROCESSORS           4
20260827 201351.039 INFO             PET3  PASS  Example ESMF_RHandleFromFileEx, ESMF_RHandleFromFileEx.F90, line 192
20260827 201351.039 INFO             PET3  Finalizing ESMF
