2026-09-14 19:23:16
20260914 202520.973 INFO             PET0 !!!!!!!!!!!!!!!!!!!!!!!!!!!!!!!!!!!!!!!!!!!!!!!!!!!!!!
20260914 202520.976 INFO             PET0 !!! THE ESMF_LOG IS SET TO OUTPUT ALL LOG MESSAGES !!!
20260914 202520.976 INFO             PET0 !!!     THIS MAY CAUSE SLOWDOWN IN PERFORMANCE     !!!
20260914 202520.976 INFO             PET0 !!! FOR PRODUCTION RUNS, USE:                      !!!
20260914 202520.976 INFO             PET0 !!!                   ESMF_LOGKIND_Multi_On_Error  !!!
20260914 202520.976 INFO             PET0 !!!!!!!!!!!!!!!!!!!!!!!!!!!!!!!!!!!!!!!!!!!!!!!!!!!!!!
20260914 202520.976 INFO             PET0 Running with ESMF Version   : v9.0.0b18
20260914 202520.976 INFO             PET0 ESMF library build date/time: "Sep 14 2026" "19:20:32"
20260914 202520.976 INFO             PET0 ESMF library build location : /Users/sacks/projects/scratch/esmf-testing/gfortranclang_12.2.0_14.0.0_openmpi_g_develop/esmf
20260914 202520.976 INFO             PET0 ESMF_COMM                   : openmpi
20260914 202520.976 INFO             PET0 ESMF_MOAB                   : enabled
20260914 202520.976 INFO             PET0 ESMF_LAPACK                 : enabled
20260914 202520.976 INFO             PET0 ESMF_NETCDF                 : enabled
20260914 202520.976 INFO             PET0 ESMF_PNETCDF                : disabled
20260914 202520.976 INFO             PET0 ESMF_PIO                    : enabled
20260914 202520.976 INFO             PET0 ESMF_YAMLCPP                : enabled
20260914 202520.976 INFO             PET0  NUMBER_OF_PROCESSORS           4
20260914 202520.976 INFO             PET0  PASS  Example ESMF_VMUserMpiCommMultiEx, ESMF_VMUserMpiCommMultiEx.F90, line 126
20260914 202520.976 INFO             PET0  Finalizing ESMF with endflag==ESMF_END_KEEPMPI
20260914 202520.974 INFO             PET0 !!!!!!!!!!!!!!!!!!!!!!!!!!!!!!!!!!!!!!!!!!!!!!!!!!!!!!
20260914 202520.975 INFO             PET0 !!! THE ESMF_LOG IS SET TO OUTPUT ALL LOG MESSAGES !!!
20260914 202520.975 INFO             PET0 !!!     THIS MAY CAUSE SLOWDOWN IN PERFORMANCE     !!!
20260914 202520.975 INFO             PET0 !!! FOR PRODUCTION RUNS, USE:                      !!!
20260914 202520.975 INFO             PET0 !!!                   ESMF_LOGKIND_Multi_On_Error  !!!
20260914 202520.975 INFO             PET0 !!!!!!!!!!!!!!!!!!!!!!!!!!!!!!!!!!!!!!!!!!!!!!!!!!!!!!
20260914 202520.975 INFO             PET0 Running with ESMF Version   : v9.0.0b18
20260914 202520.975 INFO             PET0 ESMF library build date/time: "Sep 14 2026" "19:20:32"
20260914 202520.976 INFO             PET0 ESMF library build location : /Users/sacks/projects/scratch/esmf-testing/gfortranclang_12.2.0_14.0.0_openmpi_g_develop/esmf
20260914 202520.976 INFO             PET0 ESMF_COMM                   : openmpi
20260914 202520.976 INFO             PET0 ESMF_MOAB                   : enabled
20260914 202520.976 INFO             PET0 ESMF_LAPACK                 : enabled
20260914 202520.976 INFO             PET0 ESMF_NETCDF                 : enabled
20260914 202520.976 INFO             PET0 ESMF_PNETCDF                : disabled
20260914 202520.976 INFO             PET0 ESMF_PIO                    : enabled
20260914 202520.976 INFO             PET0 ESMF_YAMLCPP                : enabled
20260914 202520.977 INFO             PET0  NUMBER_OF_PROCESSORS           4
20260914 202520.977 INFO             PET0  PASS  Example ESMF_VMUserMpiCommMultiEx, ESMF_VMUserMpiCommMultiEx.F90, line 154
20260914 202520.977 INFO             PET0  Finalizing ESMF with endflag==ESMF_END_KEEPMPI
20260914 202520.973 INFO             PET1 !!!!!!!!!!!!!!!!!!!!!!!!!!!!!!!!!!!!!!!!!!!!!!!!!!!!!!
20260914 202520.975 INFO             PET1 !!! THE ESMF_LOG IS SET TO OUTPUT ALL LOG MESSAGES !!!
20260914 202520.975 INFO             PET1 !!!     THIS MAY CAUSE SLOWDOWN IN PERFORMANCE     !!!
20260914 202520.975 INFO             PET1 !!! FOR PRODUCTION RUNS, USE:                      !!!
20260914 202520.975 INFO             PET1 !!!                   ESMF_LOGKIND_Multi_On_Error  !!!
20260914 202520.975 INFO             PET1 !!!!!!!!!!!!!!!!!!!!!!!!!!!!!!!!!!!!!!!!!!!!!!!!!!!!!!
20260914 202520.975 INFO             PET1 Running with ESMF Version   : v9.0.0b18
20260914 202520.975 INFO             PET1 ESMF library build date/time: "Sep 14 2026" "19:20:32"
20260914 202520.975 INFO             PET1 ESMF library build location : /Users/sacks/projects/scratch/esmf-testing/gfortranclang_12.2.0_14.0.0_openmpi_g_develop/esmf
20260914 202520.975 INFO             PET1 ESMF_COMM                   : openmpi
20260914 202520.975 INFO             PET1 ESMF_MOAB                   : enabled
20260914 202520.975 INFO             PET1 ESMF_LAPACK                 : enabled
20260914 202520.975 INFO             PET1 ESMF_NETCDF                 : enabled
20260914 202520.975 INFO             PET1 ESMF_PNETCDF                : disabled
20260914 202520.975 INFO             PET1 ESMF_PIO                    : enabled
20260914 202520.975 INFO             PET1 ESMF_YAMLCPP                : enabled
20260914 202520.977 INFO             PET1  NUMBER_OF_PROCESSORS           4
20260914 202520.977 INFO             PET1  PASS  Example ESMF_VMUserMpiCommMultiEx, ESMF_VMUserMpiCommMultiEx.F90, line 126
20260914 202520.977 INFO             PET1  Finalizing ESMF with endflag==ESMF_END_KEEPMPI
20260914 202520.974 INFO             PET1 !!!!!!!!!!!!!!!!!!!!!!!!!!!!!!!!!!!!!!!!!!!!!!!!!!!!!!
20260914 202520.976 INFO             PET1 !!! THE ESMF_LOG IS SET TO OUTPUT ALL LOG MESSAGES !!!
20260914 202520.976 INFO             PET1 !!!     THIS MAY CAUSE SLOWDOWN IN PERFORMANCE     !!!
20260914 202520.976 INFO             PET1 !!! FOR PRODUCTION RUNS, USE:                      !!!
20260914 202520.976 INFO             PET1 !!!                   ESMF_LOGKIND_Multi_On_Error  !!!
20260914 202520.976 INFO             PET1 !!!!!!!!!!!!!!!!!!!!!!!!!!!!!!!!!!!!!!!!!!!!!!!!!!!!!!
20260914 202520.976 INFO             PET1 Running with ESMF Version   : v9.0.0b18
20260914 202520.976 INFO             PET1 ESMF library build date/time: "Sep 14 2026" "19:20:32"
20260914 202520.976 INFO             PET1 ESMF library build location : /Users/sacks/projects/scratch/esmf-testing/gfortranclang_12.2.0_14.0.0_openmpi_g_develop/esmf
20260914 202520.976 INFO             PET1 ESMF_COMM                   : openmpi
20260914 202520.976 INFO             PET1 ESMF_MOAB                   : enabled
20260914 202520.976 INFO             PET1 ESMF_LAPACK                 : enabled
20260914 202520.976 INFO             PET1 ESMF_NETCDF                 : enabled
20260914 202520.976 INFO             PET1 ESMF_PNETCDF                : disabled
20260914 202520.976 INFO             PET1 ESMF_PIO                    : enabled
20260914 202520.976 INFO             PET1 ESMF_YAMLCPP                : enabled
20260914 202520.977 INFO             PET1  NUMBER_OF_PROCESSORS           4
20260914 202520.977 INFO             PET1  PASS  Example ESMF_VMUserMpiCommMultiEx, ESMF_VMUserMpiCommMultiEx.F90, line 154
20260914 202520.977 INFO             PET1  Finalizing ESMF with endflag==ESMF_END_KEEPMPI
