2026-09-10 19:23:19
20260910 202611.980 INFO             PET0 !!!!!!!!!!!!!!!!!!!!!!!!!!!!!!!!!!!!!!!!!!!!!!!!!!!!!!
20260910 202611.989 INFO             PET0 !!! THE ESMF_LOG IS SET TO OUTPUT ALL LOG MESSAGES !!!
20260910 202611.989 INFO             PET0 !!!     THIS MAY CAUSE SLOWDOWN IN PERFORMANCE     !!!
20260910 202611.989 INFO             PET0 !!! FOR PRODUCTION RUNS, USE:                      !!!
20260910 202611.989 INFO             PET0 !!!                   ESMF_LOGKIND_Multi_On_Error  !!!
20260910 202611.989 INFO             PET0 !!!!!!!!!!!!!!!!!!!!!!!!!!!!!!!!!!!!!!!!!!!!!!!!!!!!!!
20260910 202611.989 INFO             PET0 Running with ESMF Version   : develop+gc12f7f42f7
20260910 202611.989 INFO             PET0 ESMF library build date/time: "Sep 10 2026" "19:21:01"
20260910 202611.989 INFO             PET0 ESMF library build location : /Users/sacks/projects/scratch/esmf-testing/gfortranclang_12.2.0_14.0.0_openmpi_g_develop/esmf
20260910 202611.989 INFO             PET0 ESMF_COMM                   : openmpi
20260910 202611.989 INFO             PET0 ESMF_MOAB                   : enabled
20260910 202611.989 INFO             PET0 ESMF_LAPACK                 : enabled
20260910 202611.989 INFO             PET0 ESMF_NETCDF                 : enabled
20260910 202611.989 INFO             PET0 ESMF_PNETCDF                : disabled
20260910 202611.989 INFO             PET0 ESMF_PIO                    : enabled
20260910 202611.989 INFO             PET0 ESMF_YAMLCPP                : enabled
20260910 202612.035 INFO             PET0 ESMF_FieldRedistStoreNF(): Just entered routine.
20260910 202613.109 INFO             PET0 ESMF_FieldRedistStoreNF(): Leaving routine.
20260910 202613.160 INFO             PET0  NUMBER_OF_PROCESSORS           4
20260910 202613.160 INFO             PET0  PASS  Example ESMF_RHandleFromRHandleEx, ESMF_RHandleFromRHandleEx.F90, line 660
20260910 202613.160 INFO             PET0  Finalizing ESMF
20260910 202611.980 INFO             PET1 !!!!!!!!!!!!!!!!!!!!!!!!!!!!!!!!!!!!!!!!!!!!!!!!!!!!!!
20260910 202611.989 INFO             PET1 !!! THE ESMF_LOG IS SET TO OUTPUT ALL LOG MESSAGES !!!
20260910 202611.989 INFO             PET1 !!!     THIS MAY CAUSE SLOWDOWN IN PERFORMANCE     !!!
20260910 202611.989 INFO             PET1 !!! FOR PRODUCTION RUNS, USE:                      !!!
20260910 202611.989 INFO             PET1 !!!                   ESMF_LOGKIND_Multi_On_Error  !!!
20260910 202611.989 INFO             PET1 !!!!!!!!!!!!!!!!!!!!!!!!!!!!!!!!!!!!!!!!!!!!!!!!!!!!!!
20260910 202611.989 INFO             PET1 Running with ESMF Version   : develop+gc12f7f42f7
20260910 202611.989 INFO             PET1 ESMF library build date/time: "Sep 10 2026" "19:21:01"
20260910 202611.989 INFO             PET1 ESMF library build location : /Users/sacks/projects/scratch/esmf-testing/gfortranclang_12.2.0_14.0.0_openmpi_g_develop/esmf
20260910 202611.989 INFO             PET1 ESMF_COMM                   : openmpi
20260910 202611.989 INFO             PET1 ESMF_MOAB                   : enabled
20260910 202611.989 INFO             PET1 ESMF_LAPACK                 : enabled
20260910 202611.989 INFO             PET1 ESMF_NETCDF                 : enabled
20260910 202611.989 INFO             PET1 ESMF_PNETCDF                : disabled
20260910 202611.989 INFO             PET1 ESMF_PIO                    : enabled
20260910 202611.989 INFO             PET1 ESMF_YAMLCPP                : enabled
20260910 202612.035 INFO             PET1 ESMF_FieldRedistStoreNF(): Just entered routine.
20260910 202613.136 INFO             PET1 ESMF_FieldRedistStoreNF(): Leaving routine.
20260910 202613.160 INFO             PET1  NUMBER_OF_PROCESSORS           4
20260910 202613.160 INFO             PET1  PASS  Example ESMF_RHandleFromRHandleEx, ESMF_RHandleFromRHandleEx.F90, line 660
20260910 202613.160 INFO             PET1  Finalizing ESMF
20260910 202611.980 INFO             PET2 !!!!!!!!!!!!!!!!!!!!!!!!!!!!!!!!!!!!!!!!!!!!!!!!!!!!!!
20260910 202611.997 INFO             PET2 !!! THE ESMF_LOG IS SET TO OUTPUT ALL LOG MESSAGES !!!
20260910 202611.997 INFO             PET2 !!!     THIS MAY CAUSE SLOWDOWN IN PERFORMANCE     !!!
20260910 202611.997 INFO             PET2 !!! FOR PRODUCTION RUNS, USE:                      !!!
20260910 202611.997 INFO             PET2 !!!                   ESMF_LOGKIND_Multi_On_Error  !!!
20260910 202611.997 INFO             PET2 !!!!!!!!!!!!!!!!!!!!!!!!!!!!!!!!!!!!!!!!!!!!!!!!!!!!!!
20260910 202611.997 INFO             PET2 Running with ESMF Version   : develop+gc12f7f42f7
20260910 202611.997 INFO             PET2 ESMF library build date/time: "Sep 10 2026" "19:21:01"
20260910 202611.997 INFO             PET2 ESMF library build location : /Users/sacks/projects/scratch/esmf-testing/gfortranclang_12.2.0_14.0.0_openmpi_g_develop/esmf
20260910 202611.997 INFO             PET2 ESMF_COMM                   : openmpi
20260910 202611.998 INFO             PET2 ESMF_MOAB                   : enabled
20260910 202611.998 INFO             PET2 ESMF_LAPACK                 : enabled
20260910 202611.998 INFO             PET2 ESMF_NETCDF                 : enabled
20260910 202611.998 INFO             PET2 ESMF_PNETCDF                : disabled
20260910 202611.998 INFO             PET2 ESMF_PIO                    : enabled
20260910 202611.998 INFO             PET2 ESMF_YAMLCPP                : enabled
20260910 202612.036 INFO             PET2 ESMF_FieldRedistStoreNF(): Just entered routine.
20260910 202613.128 INFO             PET2 ESMF_FieldRedistStoreNF(): Leaving routine.
20260910 202613.159 INFO             PET2  NUMBER_OF_PROCESSORS           4
20260910 202613.159 INFO             PET2  PASS  Example ESMF_RHandleFromRHandleEx, ESMF_RHandleFromRHandleEx.F90, line 660
20260910 202613.159 INFO             PET2  Finalizing ESMF
20260910 202611.981 INFO             PET3 !!!!!!!!!!!!!!!!!!!!!!!!!!!!!!!!!!!!!!!!!!!!!!!!!!!!!!
20260910 202611.998 INFO             PET3 !!! THE ESMF_LOG IS SET TO OUTPUT ALL LOG MESSAGES !!!
20260910 202611.998 INFO             PET3 !!!     THIS MAY CAUSE SLOWDOWN IN PERFORMANCE     !!!
20260910 202611.998 INFO             PET3 !!! FOR PRODUCTION RUNS, USE:                      !!!
20260910 202611.998 INFO             PET3 !!!                   ESMF_LOGKIND_Multi_On_Error  !!!
20260910 202611.998 INFO             PET3 !!!!!!!!!!!!!!!!!!!!!!!!!!!!!!!!!!!!!!!!!!!!!!!!!!!!!!
20260910 202611.998 INFO             PET3 Running with ESMF Version   : develop+gc12f7f42f7
20260910 202611.998 INFO             PET3 ESMF library build date/time: "Sep 10 2026" "19:21:01"
20260910 202611.998 INFO             PET3 ESMF library build location : /Users/sacks/projects/scratch/esmf-testing/gfortranclang_12.2.0_14.0.0_openmpi_g_develop/esmf
20260910 202611.998 INFO             PET3 ESMF_COMM                   : openmpi
20260910 202611.998 INFO             PET3 ESMF_MOAB                   : enabled
20260910 202611.998 INFO             PET3 ESMF_LAPACK                 : enabled
20260910 202611.998 INFO             PET3 ESMF_NETCDF                 : enabled
20260910 202611.998 INFO             PET3 ESMF_PNETCDF                : disabled
20260910 202611.998 INFO             PET3 ESMF_PIO                    : enabled
20260910 202611.998 INFO             PET3 ESMF_YAMLCPP                : enabled
20260910 202612.035 INFO             PET3 ESMF_FieldRedistStoreNF(): Just entered routine.
20260910 202613.112 INFO             PET3 ESMF_FieldRedistStoreNF(): Leaving routine.
20260910 202613.160 INFO             PET3  NUMBER_OF_PROCESSORS           4
20260910 202613.160 INFO             PET3  PASS  Example ESMF_RHandleFromRHandleEx, ESMF_RHandleFromRHandleEx.F90, line 660
20260910 202613.160 INFO             PET3  Finalizing ESMF
