2026-09-10 19:09:22
20260910 192448.076 INFO             PET0 !!!!!!!!!!!!!!!!!!!!!!!!!!!!!!!!!!!!!!!!!!!!!!!!!!!!!!
20260910 192448.076 INFO             PET0 !!! THE ESMF_LOG IS SET TO OUTPUT ALL LOG MESSAGES !!!
20260910 192448.076 INFO             PET0 !!!     THIS MAY CAUSE SLOWDOWN IN PERFORMANCE     !!!
20260910 192448.076 INFO             PET0 !!! FOR PRODUCTION RUNS, USE:                      !!!
20260910 192448.076 INFO             PET0 !!!                   ESMF_LOGKIND_Multi_On_Error  !!!
20260910 192448.076 INFO             PET0 !!!!!!!!!!!!!!!!!!!!!!!!!!!!!!!!!!!!!!!!!!!!!!!!!!!!!!
20260910 192448.076 INFO             PET0 Running with ESMF Version   : develop+gc12f7f42f7
20260910 192448.076 INFO             PET0 ESMF library build date/time: "Sep 10 2026" "19:08:30"
20260910 192448.076 INFO             PET0 ESMF library build location : /tmp/intel_2025.2.1_mpi_O_develop/esmf
20260910 192448.076 INFO             PET0 ESMF_COMM                   : mpi
20260910 192448.076 INFO             PET0 ESMF_MOAB                   : enabled
20260910 192448.076 INFO             PET0 ESMF_LAPACK                 : enabled
20260910 192448.076 INFO             PET0 ESMF_NETCDF                 : enabled
20260910 192448.076 INFO             PET0 ESMF_PNETCDF                : disabled
20260910 192448.076 INFO             PET0 ESMF_PIO                    : enabled
20260910 192448.076 INFO             PET0 ESMF_YAMLCPP                : enabled
20260910 192448.076 INFO             PET0  NUMBER_OF_PROCESSORS           2
20260910 192448.076 INFO             PET0  PASS  Example ESMF_VMUserMpiCommEx, ESMF_VMUserMpiCommEx.F90, line 113
20260910 192448.076 INFO             PET0  Finalizing ESMF with endflag==ESMF_END_KEEPMPI
20260910 192448.076 INFO             PET1 !!!!!!!!!!!!!!!!!!!!!!!!!!!!!!!!!!!!!!!!!!!!!!!!!!!!!!
20260910 192448.076 INFO             PET1 !!! THE ESMF_LOG IS SET TO OUTPUT ALL LOG MESSAGES !!!
20260910 192448.076 INFO             PET1 !!!     THIS MAY CAUSE SLOWDOWN IN PERFORMANCE     !!!
20260910 192448.076 INFO             PET1 !!! FOR PRODUCTION RUNS, USE:                      !!!
20260910 192448.076 INFO             PET1 !!!                   ESMF_LOGKIND_Multi_On_Error  !!!
20260910 192448.076 INFO             PET1 !!!!!!!!!!!!!!!!!!!!!!!!!!!!!!!!!!!!!!!!!!!!!!!!!!!!!!
20260910 192448.076 INFO             PET1 Running with ESMF Version   : develop+gc12f7f42f7
20260910 192448.076 INFO             PET1 ESMF library build date/time: "Sep 10 2026" "19:08:30"
20260910 192448.076 INFO             PET1 ESMF library build location : /tmp/intel_2025.2.1_mpi_O_develop/esmf
20260910 192448.076 INFO             PET1 ESMF_COMM                   : mpi
20260910 192448.076 INFO             PET1 ESMF_MOAB                   : enabled
20260910 192448.076 INFO             PET1 ESMF_LAPACK                 : enabled
20260910 192448.076 INFO             PET1 ESMF_NETCDF                 : enabled
20260910 192448.076 INFO             PET1 ESMF_PNETCDF                : disabled
20260910 192448.076 INFO             PET1 ESMF_PIO                    : enabled
20260910 192448.076 INFO             PET1 ESMF_YAMLCPP                : enabled
20260910 192448.076 INFO             PET1  NUMBER_OF_PROCESSORS           2
20260910 192448.076 INFO             PET1  PASS  Example ESMF_VMUserMpiCommEx, ESMF_VMUserMpiCommEx.F90, line 113
20260910 192448.076 INFO             PET1  Finalizing ESMF with endflag==ESMF_END_KEEPMPI
