2026-09-03 18:41:52
20260903 194530.973 INFO             PET0 !!!!!!!!!!!!!!!!!!!!!!!!!!!!!!!!!!!!!!!!!!!!!!!!!!!!!!
20260903 194530.975 INFO             PET0 !!! THE ESMF_LOG IS SET TO OUTPUT ALL LOG MESSAGES !!!
20260903 194530.975 INFO             PET0 !!!     THIS MAY CAUSE SLOWDOWN IN PERFORMANCE     !!!
20260903 194530.975 INFO             PET0 !!! FOR PRODUCTION RUNS, USE:                      !!!
20260903 194530.975 INFO             PET0 !!!                   ESMF_LOGKIND_Multi_On_Error  !!!
20260903 194530.975 INFO             PET0 !!!!!!!!!!!!!!!!!!!!!!!!!!!!!!!!!!!!!!!!!!!!!!!!!!!!!!
20260903 194530.975 INFO             PET0 Running with ESMF Version   : develop+g4161bf9d44
20260903 194530.976 INFO             PET0 ESMF library build date/time: "Sep  3 2026" "18:31:54"
20260903 194530.976 INFO             PET0 ESMF library build location : /usr/local/esmf/esmf-testing/gfortranclang_14.2.0_17.0.0_mpiuni_O_develop/esmf
20260903 194530.976 INFO             PET0 ESMF_COMM                   : mpiuni
20260903 194530.976 INFO             PET0 ESMF_MOAB                   : enabled
20260903 194530.976 INFO             PET0 ESMF_LAPACK                 : enabled
20260903 194530.976 INFO             PET0 ESMF_NETCDF                 : enabled
20260903 194530.976 INFO             PET0 ESMF_PNETCDF                : disabled
20260903 194530.976 INFO             PET0 ESMF_PIO                    : enabled
20260903 194530.976 INFO             PET0 ESMF_YAMLCPP                : enabled
20260903 194530.978 INFO             PET0  NUMBER_OF_PROCESSORS           1
20260903 194530.978 INFO             PET0  PASS  Example ESMF_VMNonBlockingEx, ESMF_VMNonBlockingEx.F90, line 433
20260903 194530.978 INFO             PET0  Finalizing ESMF
