2026-09-17 04:11:08
20260917 042706.940 INFO             PET0 !!!!!!!!!!!!!!!!!!!!!!!!!!!!!!!!!!!!!!!!!!!!!!!!!!!!!!
20260917 042706.940 INFO             PET0 !!! THE ESMF_LOG IS SET TO OUTPUT ALL LOG MESSAGES !!!
20260917 042706.940 INFO             PET0 !!!     THIS MAY CAUSE SLOWDOWN IN PERFORMANCE     !!!
20260917 042706.940 INFO             PET0 !!! FOR PRODUCTION RUNS, USE:                      !!!
20260917 042706.940 INFO             PET0 !!!                   ESMF_LOGKIND_Multi_On_Error  !!!
20260917 042706.940 INFO             PET0 !!!!!!!!!!!!!!!!!!!!!!!!!!!!!!!!!!!!!!!!!!!!!!!!!!!!!!
20260917 042706.940 INFO             PET0 Running with ESMF Version   : v9.0.0b18
20260917 042706.940 INFO             PET0 ESMF library build date/time: "Sep 17 2026" "04:09:46"
20260917 042706.940 INFO             PET0 ESMF library build location : /usr/local/esmf/esmf-testing/gfortranclang_14.2.0_17.0.0_mpiuni_O_develop/esmf
20260917 042706.940 INFO             PET0 ESMF_COMM                   : mpiuni
20260917 042706.940 INFO             PET0 ESMF_MOAB                   : enabled
20260917 042706.940 INFO             PET0 ESMF_LAPACK                 : enabled
20260917 042706.940 INFO             PET0 ESMF_NETCDF                 : enabled
20260917 042706.940 INFO             PET0 ESMF_PNETCDF                : disabled
20260917 042706.940 INFO             PET0 ESMF_PIO                    : enabled
20260917 042706.940 INFO             PET0 ESMF_YAMLCPP                : enabled
20260917 042706.941 INFO             PET0  NUMBER_OF_PROCESSORS           1
20260917 042706.941 INFO             PET0  PASS  Example ESMF_AlarmEx, ESMF_AlarmEx.F90, line 244
20260917 042706.941 INFO             PET0  Finalizing ESMF
