2026-09-01 16:08:01
20260901 165622.752 INFO             PET0 !!!!!!!!!!!!!!!!!!!!!!!!!!!!!!!!!!!!!!!!!!!!!!!!!!!!!!
20260901 165622.753 INFO             PET0 !!! THE ESMF_LOG IS SET TO OUTPUT ALL LOG MESSAGES !!!
20260901 165622.753 INFO             PET0 !!!     THIS MAY CAUSE SLOWDOWN IN PERFORMANCE     !!!
20260901 165622.753 INFO             PET0 !!! FOR PRODUCTION RUNS, USE:                      !!!
20260901 165622.753 INFO             PET0 !!!                   ESMF_LOGKIND_Multi_On_Error  !!!
20260901 165622.753 INFO             PET0 !!!!!!!!!!!!!!!!!!!!!!!!!!!!!!!!!!!!!!!!!!!!!!!!!!!!!!
20260901 165622.753 INFO             PET0 Running with ESMF Version   : fix/esmx-data-internal-state+g8c62426d6f
20260901 165622.753 INFO             PET0 ESMF library build date/time: "Sep  1 2026" "16:05:11"
20260901 165622.753 INFO             PET0 ESMF library build location : /scratch3/NCEPDEV/stmp/Gerhard.Theurich/ESMF-Nightly-Testing-Hera/gfortran_13.2.0_openmpi_g_fix_esmx-data-internal-state/esmf
20260901 165622.753 INFO             PET0 ESMF_COMM                   : openmpi
20260901 165622.753 INFO             PET0 ESMF_MOAB                   : enabled
20260901 165622.753 INFO             PET0 ESMF_LAPACK                 : enabled
20260901 165622.753 INFO             PET0 ESMF_NETCDF                 : disabled
20260901 165622.753 INFO             PET0 ESMF_PNETCDF                : disabled
20260901 165622.753 INFO             PET0 ESMF_PIO                    : disabled
20260901 165622.753 INFO             PET0 ESMF_YAMLCPP                : enabled
20260901 165622.754 INFO             PET0  NUMBER_OF_PROCESSORS           1
20260901 165622.754 INFO             PET0  PASS  Example ESMF_TimeIntervalEx, ESMF_TimeIntervalEx.F90, line 176
20260901 165622.754 INFO             PET0  Finalizing ESMF
