2026-09-09 20:17:10
20260909 203726.397 INFO             PET0 !!!!!!!!!!!!!!!!!!!!!!!!!!!!!!!!!!!!!!!!!!!!!!!!!!!!!!
20260909 203726.398 INFO             PET0 !!! THE ESMF_LOG IS SET TO OUTPUT ALL LOG MESSAGES !!!
20260909 203726.398 INFO             PET0 !!!     THIS MAY CAUSE SLOWDOWN IN PERFORMANCE     !!!
20260909 203726.398 INFO             PET0 !!! FOR PRODUCTION RUNS, USE:                      !!!
20260909 203726.398 INFO             PET0 !!!                   ESMF_LOGKIND_Multi_On_Error  !!!
20260909 203726.398 INFO             PET0 !!!!!!!!!!!!!!!!!!!!!!!!!!!!!!!!!!!!!!!!!!!!!!!!!!!!!!
20260909 203726.398 INFO             PET0 Running with ESMF Version   : develop+gc12f7f42f7
20260909 203726.398 INFO             PET0 ESMF library build date/time: "Sep  9 2026" "20:15:51"
20260909 203726.398 INFO             PET0 ESMF library build location : /usr/local/esmf/esmf-testing/nagclang_7.2.44_17.0.0_openmpi_O_develop/esmf
20260909 203726.398 INFO             PET0 ESMF_COMM                   : openmpi
20260909 203726.398 INFO             PET0 ESMF_MOAB                   : enabled
20260909 203726.398 INFO             PET0 ESMF_LAPACK                 : enabled
20260909 203726.398 INFO             PET0 ESMF_NETCDF                 : enabled
20260909 203726.398 INFO             PET0 ESMF_PNETCDF                : disabled
20260909 203726.398 INFO             PET0 ESMF_PIO                    : enabled
20260909 203726.398 INFO             PET0 ESMF_YAMLCPP                : enabled
20260909 203726.398 INFO             PET0  NUMBER_OF_PROCESSORS 4
20260909 203726.398 INFO             PET0  PASS  Example ESMF_VMUserMpiCommMultiEx, ESMF_VMUserMpiCommMultiEx.F90, line 126
20260909 203726.398 INFO             PET0  Finalizing ESMF with endflag==ESMF_END_KEEPMPI
20260909 203726.390 INFO             PET0 !!!!!!!!!!!!!!!!!!!!!!!!!!!!!!!!!!!!!!!!!!!!!!!!!!!!!!
20260909 203726.390 INFO             PET0 !!! THE ESMF_LOG IS SET TO OUTPUT ALL LOG MESSAGES !!!
20260909 203726.390 INFO             PET0 !!!     THIS MAY CAUSE SLOWDOWN IN PERFORMANCE     !!!
20260909 203726.390 INFO             PET0 !!! FOR PRODUCTION RUNS, USE:                      !!!
20260909 203726.390 INFO             PET0 !!!                   ESMF_LOGKIND_Multi_On_Error  !!!
20260909 203726.390 INFO             PET0 !!!!!!!!!!!!!!!!!!!!!!!!!!!!!!!!!!!!!!!!!!!!!!!!!!!!!!
20260909 203726.390 INFO             PET0 Running with ESMF Version   : develop+gc12f7f42f7
20260909 203726.390 INFO             PET0 ESMF library build date/time: "Sep  9 2026" "20:15:51"
20260909 203726.390 INFO             PET0 ESMF library build location : /usr/local/esmf/esmf-testing/nagclang_7.2.44_17.0.0_openmpi_O_develop/esmf
20260909 203726.390 INFO             PET0 ESMF_COMM                   : openmpi
20260909 203726.390 INFO             PET0 ESMF_MOAB                   : enabled
20260909 203726.390 INFO             PET0 ESMF_LAPACK                 : enabled
20260909 203726.390 INFO             PET0 ESMF_NETCDF                 : enabled
20260909 203726.390 INFO             PET0 ESMF_PNETCDF                : disabled
20260909 203726.390 INFO             PET0 ESMF_PIO                    : enabled
20260909 203726.390 INFO             PET0 ESMF_YAMLCPP                : enabled
20260909 203726.390 INFO             PET0  NUMBER_OF_PROCESSORS 4
20260909 203726.390 INFO             PET0  PASS  Example ESMF_VMUserMpiCommMultiEx, ESMF_VMUserMpiCommMultiEx.F90, line 154
20260909 203726.390 INFO             PET0  Finalizing ESMF with endflag==ESMF_END_KEEPMPI
20260909 203726.397 INFO             PET1 !!!!!!!!!!!!!!!!!!!!!!!!!!!!!!!!!!!!!!!!!!!!!!!!!!!!!!
20260909 203726.398 INFO             PET1 !!! THE ESMF_LOG IS SET TO OUTPUT ALL LOG MESSAGES !!!
20260909 203726.398 INFO             PET1 !!!     THIS MAY CAUSE SLOWDOWN IN PERFORMANCE     !!!
20260909 203726.398 INFO             PET1 !!! FOR PRODUCTION RUNS, USE:                      !!!
20260909 203726.398 INFO             PET1 !!!                   ESMF_LOGKIND_Multi_On_Error  !!!
20260909 203726.398 INFO             PET1 !!!!!!!!!!!!!!!!!!!!!!!!!!!!!!!!!!!!!!!!!!!!!!!!!!!!!!
20260909 203726.398 INFO             PET1 Running with ESMF Version   : develop+gc12f7f42f7
20260909 203726.398 INFO             PET1 ESMF library build date/time: "Sep  9 2026" "20:15:51"
20260909 203726.398 INFO             PET1 ESMF library build location : /usr/local/esmf/esmf-testing/nagclang_7.2.44_17.0.0_openmpi_O_develop/esmf
20260909 203726.398 INFO             PET1 ESMF_COMM                   : openmpi
20260909 203726.398 INFO             PET1 ESMF_MOAB                   : enabled
20260909 203726.398 INFO             PET1 ESMF_LAPACK                 : enabled
20260909 203726.398 INFO             PET1 ESMF_NETCDF                 : enabled
20260909 203726.398 INFO             PET1 ESMF_PNETCDF                : disabled
20260909 203726.398 INFO             PET1 ESMF_PIO                    : enabled
20260909 203726.398 INFO             PET1 ESMF_YAMLCPP                : enabled
20260909 203726.398 INFO             PET1  NUMBER_OF_PROCESSORS 4
20260909 203726.398 INFO             PET1  PASS  Example ESMF_VMUserMpiCommMultiEx, ESMF_VMUserMpiCommMultiEx.F90, line 126
20260909 203726.398 INFO             PET1  Finalizing ESMF with endflag==ESMF_END_KEEPMPI
20260909 203726.390 INFO             PET1 !!!!!!!!!!!!!!!!!!!!!!!!!!!!!!!!!!!!!!!!!!!!!!!!!!!!!!
20260909 203726.390 INFO             PET1 !!! THE ESMF_LOG IS SET TO OUTPUT ALL LOG MESSAGES !!!
20260909 203726.390 INFO             PET1 !!!     THIS MAY CAUSE SLOWDOWN IN PERFORMANCE     !!!
20260909 203726.390 INFO             PET1 !!! FOR PRODUCTION RUNS, USE:                      !!!
20260909 203726.390 INFO             PET1 !!!                   ESMF_LOGKIND_Multi_On_Error  !!!
20260909 203726.390 INFO             PET1 !!!!!!!!!!!!!!!!!!!!!!!!!!!!!!!!!!!!!!!!!!!!!!!!!!!!!!
20260909 203726.390 INFO             PET1 Running with ESMF Version   : develop+gc12f7f42f7
20260909 203726.390 INFO             PET1 ESMF library build date/time: "Sep  9 2026" "20:15:51"
20260909 203726.390 INFO             PET1 ESMF library build location : /usr/local/esmf/esmf-testing/nagclang_7.2.44_17.0.0_openmpi_O_develop/esmf
20260909 203726.390 INFO             PET1 ESMF_COMM                   : openmpi
20260909 203726.390 INFO             PET1 ESMF_MOAB                   : enabled
20260909 203726.390 INFO             PET1 ESMF_LAPACK                 : enabled
20260909 203726.390 INFO             PET1 ESMF_NETCDF                 : enabled
20260909 203726.390 INFO             PET1 ESMF_PNETCDF                : disabled
20260909 203726.390 INFO             PET1 ESMF_PIO                    : enabled
20260909 203726.390 INFO             PET1 ESMF_YAMLCPP                : enabled
20260909 203726.390 INFO             PET1  NUMBER_OF_PROCESSORS 4
20260909 203726.390 INFO             PET1  PASS  Example ESMF_VMUserMpiCommMultiEx, ESMF_VMUserMpiCommMultiEx.F90, line 154
20260909 203726.390 INFO             PET1  Finalizing ESMF with endflag==ESMF_END_KEEPMPI
