2026-09-10 20:16:52
Lacked permissions
--- ESMCI::Array::print start ---
 Base name    = Array002
 Status: Base = Ready,  object = Ready
 Proxy        = no
--- ESMCI::Array::print start ---
 Base name    = Array002
 Status: Base = Ready,  object = Ready
 Proxy        = no
 Root Info (Attributes):
--- ESMCI::Array::print start ---
 Base name    = Array002
 Status: Base = Ready,  object = Ready
 Proxy        = no
 Root Info (Attributes):
{
  "ESMF": {
--- ESMCI::Array::print start ---
 Base name    = Array002
 Status: Base = Ready,  object = Ready
 Proxy        = no
 Root Info (Attributes):
 Root Info (Attributes):
{
  "ESMF": {
    "Instance": {
      "NamedAliasCount": 0
    }
  }
{
  "ESMF": {
    "Instance": {
      "NamedAliasCount": 0
    }
  }
    "Instance": {
      "NamedAliasCount": 0
    }
  }
}}Array typekind/rank: Real*8 / 2 
~ lower class' values ~
DistGrid dimCount = 2
}Array typekind/rank: Real*8 / 2 
~ lower class' values ~
DistGrid dimCount = 2
Array typekind/rank: Real*8 / 2 
~ lower class' values ~
DistGrid dimCount = 2
{
  "ESMF": {
    "Instance": {
      "NamedAliasCount": 0
    }
  }
deCount = 4
localDeCount = 1
~ local data in LocalArray for DE 0 ~
deCount = 4
localDeCount = 1
deCount = 4
localDeCount = 1
}Array typekind/rank: Real*8 / 2 
LocalArrayPrint: Array at address 0x14800a640:
            rank = 2, typekind = 6, base_addr = 0x1041d3330
~ local data in LocalArray for DE 2 ~
LocalArrayPrint: Array at address 0x14e00d830:
            rank = 2, typekind = 6, base_addr = 0x103cf3330
            dim[0] = 2  dim[1] = 2  
~ local data in LocalArray for DE 3 ~
LocalArrayPrint: Array at address 0x12ae09c00:
            rank = 2, typekind = 6, base_addr = 0x101d03330
            dim[0] = 2  dim[1] = 2  
~ lower class' values ~
DistGrid dimCount = 2
deCount = 4
localDeCount = 1
            dim[0] = 2  dim[1] = 2  
  Real, *8, Dim 2, Data values:
( 1, 1) =  100
  Real, *8, Dim 2, Data values:
( 1, 1) =  102
  Real, *8, Dim 2, Data values:
( 1, 1) =  103
~ local data in LocalArray for DE 1 ~
LocalArrayPrint: Array at address 0x135e04660:
( 2, 1) =  100
( 1, 2) =  100
( 2, 1) =  102
( 1, 2) =  102
( 2, 1) =  103
( 1, 2) =  103
            rank = 2, typekind = 6, base_addr = 0x106623330
            dim[0] = 2  dim[1] = 2  
( 2, 2) =  100
--- ESMCI::Array::print end ---
( 2, 2) =  102
--- ESMCI::Array::print end ---
  Real, *8, Dim 2, Data values:
( 2, 2) =  103
--- ESMCI::Array::print end ---
--- ESMCI::Array::print start ---
( 1, 1) =  101
( 2, 1) =  101
--- ESMCI::Array::print start ---
 Base name    = Array003
 Status: Base = Ready,  object = Ready
 Proxy        = no
--- ESMCI::Array::print start ---
 Base name    = Array003
 Status: Base = Ready,  object = Ready
 Proxy        = no
 Base name    = Array003
 Status: Base = Ready,  object = Ready
( 1, 2) =  101
( 2, 2) =  101
 Root Info (Attributes):
 Root Info (Attributes):
 Proxy        = no
 Root Info (Attributes):
--- ESMCI::Array::print end ---
--- ESMCI::Array::print start ---
{
  "ESMF": {
{
  "ESMF": {
 Base name    = Array003
    "Instance": {
    "Instance": {
      "NamedAliasCount": 0
{
  "ESMF": {
    "Instance": {
 Status: Base = Ready,  object = Ready
      "NamedAliasCount": 0
    }
 Proxy        = no
      "NamedAliasCount": 0
    }
    }
  }
 Root Info (Attributes):
{
  "ESMF": {
  }
}}Array typekind/rank: Real*8 / 2 
~ lower class' values ~
  }
}Array typekind/rank: Real*8 / 2 
~ lower class' values ~
DistGrid dimCount = 2
    "Instance": {
      "NamedAliasCount": 0
Array typekind/rank: Real*8 / 2 
~ lower class' values ~
DistGrid dimCount = 2
deCount = 4
localDeCount = 1
    }
DistGrid dimCount = 2
deCount = 4
localDeCount = 1
~ local data in LocalArray for DE 0 ~
  }
deCount = 4
localDeCount = 1
~ local data in LocalArray for DE 2 ~
LocalArrayPrint: Array at address 0x14e00eaa0:
}Array typekind/rank: Real*8 / 2 
~ local data in LocalArray for DE 3 ~
            rank = 2, typekind = 6, base_addr = 0x103cf3360
LocalArrayPrint: Array at address 0x14800a970:
            rank = 2, typekind = 6, base_addr = 0x1041d3360
~ lower class' values ~
            dim[0] = 2  dim[1] = 2  
DistGrid dimCount = 2
deCount = 4
  Real, *8, Dim 2, Data values:
( 1, 1) =  200
            dim[0] = 2  dim[1] = 2  
  Real, *8, Dim 2, Data values:
( 1, 1) =  202
LocalArrayPrint: Array at address 0x12ae09f30:
            rank = 2, typekind = 6, base_addr = 0x101d03360
            dim[0] = 2  dim[1] = 2  
  Real, *8, Dim 2, Data values:
localDeCount = 1
~ local data in LocalArray for DE 1 ~
( 2, 1) =  200
( 1, 2) =  200
( 2, 1) =  202
( 1, 2) =  202
( 1, 1) =  203
( 2, 1) =  203
LocalArrayPrint: Array at address 0x135e04990:
( 2, 2) =  200
--- ESMCI::Array::print end ---
( 2, 2) =  202
--- ESMCI::Array::print end ---
            rank = 2, typekind = 6, base_addr = 0x106623360
            dim[0] = 2  dim[1] = 2  
  Real, *8, Dim 2, Data values:
( 1, 1) =  201
( 2, 1) =  201
( 1, 2) =  201
( 1, 2) =  203
( 2, 2) =  203
--- ESMCI::Array::print end ---
--- ESMCI::Array::print start ---
 Base name    = Array004
 Status: Base = Ready,  object = Ready
 Proxy        = no
 Root Info (Attributes):
( 2, 2) =  201
--- ESMCI::Array::print end ---
--- ESMCI::Array::print start ---
--- ESMCI::Array::print start ---
 Base name    = Array004
 Status: Base = Ready,  object = Ready
 Proxy        = no
 Root Info (Attributes):
{
  "ESMF": {
    "Instance": {
      "NamedAliasCount": 0
--- ESMCI::Array::print start ---
 Base name    = Array004
 Status: Base = Ready,  object = Ready
 Proxy        = no
 Root Info (Attributes):
{
  "ESMF": {
    "Instance": {
      "NamedAliasCount": 0
 Base name    = Array004
    }
    }
  }
{
  "ESMF": {
    "Instance": {
 Status: Base = Ready,  object = Ready
 Proxy        = no
  }
}}Array typekind/rank: Real*8 / 2 
      "NamedAliasCount": 0
    }
  }
 Root Info (Attributes):
{
Array typekind/rank: Real*8 / 2 
~ lower class' values ~
DistGrid dimCount = 2
~ lower class' values ~
DistGrid dimCount = 2
  "ESMF": {
    "Instance": {
deCount = 4
deCount = 4
localDeCount = 1
~ local data in LocalArray for DE 2 ~
}Array typekind/rank: Real*8 / 2 
~ lower class' values ~
      "NamedAliasCount": 0
    }
localDeCount = 1
~ local data in LocalArray for DE 0 ~
LocalArrayPrint: Array at address 0x14800aca0:
DistGrid dimCount = 2
deCount = 4
localDeCount = 1
  }
}            rank = 2, typekind = 6, base_addr = 0x1041d3390
LocalArrayPrint: Array at address 0x14e00edd0:
            rank = 2, typekind = 6, base_addr = 0x103cf3390
            dim[0] = 4  dim[1] = 4  
Array typekind/rank: Real*8 / 2 
            dim[0] = 4  dim[1] = 4  
~ local data in LocalArray for DE 3 ~
LocalArrayPrint: Array at address 0x12ae0a260:
~ lower class' values ~
  Real, *8, Dim 2, Data values:
  Real, *8, Dim 2, Data values:
DistGrid dimCount = 2
( 0, 0) =  300
( 0, 0) =  302
( 1, 0) =  300
            rank = 2, typekind = 6, base_addr = 0x101d03390
            dim[0] = 4  dim[1] = 4  
deCount = 4
( 1, 0) =  300
( 2, 0) =  300
localDeCount = 1
  Real, *8, Dim 2, Data values:
( 0, 0) =  300
( 2, 0) =  300
( 3, 0) =  301
~ local data in LocalArray for DE 1 ~
( 3, 0) =  300
( 0, 1) =  300
LocalArrayPrint: Array at address 0x135e04cc0:
            rank = 2, typekind = 6, base_addr = 0x106623390
( 1, 1) =  300
( 1, 0) =  301
( 2, 0) =  301
( 0, 1) =  302
( 1, 1) =  302
( 2, 1) =  302
            dim[0] = 4  dim[1] = 4  
( 2, 1) =  300
( 3, 1) =  301
( 3, 0) =  303
( 0, 1) =  302
  Real, *8, Dim 2, Data values:
( 0, 0) =  301
( 1, 1) =  303
( 3, 1) =  303
( 0, 2) =  302
( 0, 2) =  300
( 1, 2) =  300
( 1, 0) =  301
( 2, 0) =  301
( 2, 1) =  303
( 3, 1) =  303
( 1, 2) =  302
( 2, 2) =  302
( 3, 2) =  303
( 2, 2) =  300
( 3, 2) =  301
( 3, 0) =  301
( 0, 1) =  300
( 0, 2) =  302
( 1, 2) =  303
( 0, 3) =  302
( 1, 3) =  302
( 0, 3) =  300
( 1, 3) =  302
( 1, 1) =  301
( 2, 2) =  303
( 3, 2) =  303
( 2, 1) =  301
( 2, 3) =  302
( 2, 3) =  302
( 3, 3) =  303
( 3, 1) =  301
( 3, 3) =  302
( 0, 3) =  303
( 0, 2) =  300
--- ESMCI::Array::print end ---
( 1, 3) =  303
( 2, 3) =  303
--- ESMCI::Array::print end ---
--- ESMCI::Array::print start ---
( 1, 2) =  301
--- ESMCI::Array::print start ---
 Base name    = Array005
( 2, 2) =  301
( 3, 2) =  301
( 3, 3) =  303
--- ESMCI::Array::print end ---
 Base name    = Array005
 Status: Base = Ready,  object = Ready
 Status: Base = Ready,  object = Ready
 Proxy        = no
( 0, 3) =  302
--- ESMCI::Array::print start ---
 Base name    = Array005
 Proxy        = no
 Root Info (Attributes):
 Root Info (Attributes):
{
( 1, 3) =  303
( 2, 3) =  303
{
 Status: Base = Ready,  object = Ready
 Proxy        = no
  "ESMF": {
    "Instance": {
  "ESMF": {
    "Instance": {
      "NamedAliasCount": 0
( 3, 3) =  301
--- ESMCI::Array::print end ---
 Root Info (Attributes):
      "NamedAliasCount": 0
    }
--- ESMCI::Array::print start ---
 Base name    = Array005
{
  "ESMF": {
    "Instance": {
    }
  }
} Status: Base = Ready,  object = Ready
 Proxy        = no
  }
}Array typekind/rank: Real*8 / 2 
Array typekind/rank: Real*8 / 2 
~ lower class' values ~
      "NamedAliasCount": 0
    }
  }
}~ lower class' values ~
DistGrid dimCount = 2
 Root Info (Attributes):
{
DistGrid dimCount = 2
deCount = 4
localDeCount = 1
  "ESMF": {
    "Instance": {
Array typekind/rank: Real*8 / 2 
~ lower class' values ~
deCount = 4
localDeCount = 1
~ local data in LocalArray for DE 2 ~
LocalArrayPrint: Array at address 0x14e00f100:
      "NamedAliasCount": 0
    }
DistGrid dimCount = 2
deCount = 4
~ local data in LocalArray for DE 0 ~
LocalArrayPrint: Array at address 0x14800afd0:
            rank = 2, typekind = 6, base_addr = 0x103cf3420
localDeCount = 1
~ local data in LocalArray for DE 3 ~
            rank = 2, typekind = 6, base_addr = 0x1041d3420
            dim[0] = 4  dim[1] = 4  
  }
}            dim[0] = 4  dim[1] = 4  
  Real, *8, Dim 2, Data values:
( 0, 0) =  402
Array typekind/rank: Real*8 / 2 
~ lower class' values ~
LocalArrayPrint: Array at address 0x12ae0a590:
            rank = 2, typekind = 6, base_addr = 0x101d03420
  Real, *8, Dim 2, Data values:
( 0, 0) =  400
( 1, 0) =  400
( 2, 0) =  400
            dim[0] = 4  dim[1] = 4  
  Real, *8, Dim 2, Data values:
DistGrid dimCount = 2
deCount = 4
( 3, 0) =  401
( 1, 0) =  400
( 2, 0) =  400
( 0, 1) =  402
( 1, 1) =  402
( 3, 0) =  400
( 0, 0) =  400
( 1, 0) =  401
( 2, 0) =  401
localDeCount = 1
~ local data in LocalArray for DE 1 ~
LocalArrayPrint: Array at address 0x135e04ff0:
( 2, 1) =  402
( 3, 1) =  403
( 0, 1) =  400
( 1, 1) =  400
( 2, 1) =  400
( 3, 0) =  403
( 0, 1) =  402
            rank = 2, typekind = 6, base_addr = 0x106623420
            dim[0] = 4  dim[1] = 4  
( 0, 2) =  402
( 1, 2) =  402
( 1, 1) =  403
( 2, 1) =  403
( 3, 1) =  401
  Real, *8, Dim 2, Data values:
( 0, 0) =  401
( 0, 2) =  400
( 1, 2) =  400
( 2, 2) =  402
( 3, 2) =  403
( 3, 1) =  403
( 0, 2) =  402
( 2, 2) =  400
( 0, 3) =  402
( 1, 2) =  403
( 1, 0) =  401
( 2, 0) =  401
( 3, 2) =  401
( 1, 3) =  402
( 2, 3) =  402
( 2, 2) =  403
( 3, 2) =  403
( 3, 0) =  401
( 0, 1) =  400
( 0, 3) =  400
( 3, 3) =  402
--- ESMCI::Array::print end ---
( 0, 3) =  403
( 1, 3) =  403
( 1, 1) =  401
( 2, 1) =  401
( 1, 3) =  402
( 2, 3) =  402
( 3, 3) =  403
--- ESMCI::Array::print end ---
--- ESMCI::Array::print start ---
 Base name    = Array006
 Status: Base = Ready,  object = Ready
( 3, 1) =  401
( 0, 2) =  400
( 1, 2) =  401
( 2, 3) =  403
( 3, 3) =  403
--- ESMCI::Array::print end ---
--- ESMCI::Array::print start ---
--- ESMCI::Array::print start ---
 Base name    = Array006
 Proxy        = no
 Root Info (Attributes):
( 2, 2) =  401
( 3, 2) =  401
( 0, 3) =  402
 Base name    = Array006
 Status: Base = Ready,  object = Ready
 Status: Base = Ready,  object = Ready
 Proxy        = no
{
  "ESMF": {
( 1, 3) =  403
( 2, 3) =  403
 Proxy        = no
 Root Info (Attributes):
 Root Info (Attributes):
{
    "Instance": {
      "NamedAliasCount": 0
    }
( 3, 3) =  401
--- ESMCI::Array::print end ---
{
  "ESMF": {
    "Instance": {
  "ESMF": {
    "Instance": {
      "NamedAliasCount": 0
  }
}--- ESMCI::Array::print start ---
 Base name    = Array006
 Status: Base = Ready,  object = Ready
      "NamedAliasCount": 0
    }
    }
  }
Array typekind/rank: Real*8 / 2 
~ lower class' values ~
DistGrid dimCount = 2
 Proxy        = no
  }
}}Array typekind/rank: Real*8 / 2 
deCount = 4
localDeCount = 1
 Root Info (Attributes):
{
Array typekind/rank: Real*8 / 2 
~ lower class' values ~
DistGrid dimCount = 2
~ lower class' values ~
DistGrid dimCount = 2
~ local data in LocalArray for DE 2 ~
  "ESMF": {
deCount = 4
LocalArrayPrint: Array at address 0x14e00f430:
    "Instance": {
deCount = 4
localDeCount = 1
localDeCount = 1
            rank = 2, typekind = 6, base_addr = 0x103cf34b0
            dim[0] = 4  dim[1] = 3  
      "NamedAliasCount": 0
    }
~ local data in LocalArray for DE 0 ~
~ local data in LocalArray for DE 3 ~
LocalArrayPrint: Array at address 0x12ae0a8c0:
LocalArrayPrint: Array at address 0x14800b300:
  }
  Real, *8, Dim 2, Data values:
( 0, 0) =  502
            rank = 2, typekind = 6, base_addr = 0x1041d34b0
            dim[0] = 4  dim[1] = 3  
}Array typekind/rank: Real*8 / 2 
( 1, 0) =  500
( 2, 0) =  500
            rank = 2, typekind = 6, base_addr = 0x101d034b0
            dim[0] = 4  dim[1] = 3  
  Real, *8, Dim 2, Data values:
  Real, *8, Dim 2, Data values:
~ lower class' values ~
DistGrid dimCount = 2
( 0, 0) =  500
( 3, 0) =  501
( 0, 1) =  502
( 0, 0) =  500
( 1, 0) =  501
( 1, 0) =  500
( 2, 0) =  500
deCount = 4
localDeCount = 1
( 3, 0) =  500
~ local data in LocalArray for DE 1 ~
( 2, 0) =  501
( 3, 0) =  503
( 0, 1) =  502
( 1, 1) =  502
( 2, 1) =  502
( 3, 1) =  503
( 0, 2) =  502
( 0, 1) =  500
( 1, 1) =  500
( 2, 1) =  500
LocalArrayPrint: Array at address 0x135e05320:
            rank = 2, typekind = 6, base_addr = 0x1066234b0
            dim[0] = 4  dim[1] = 3  
  Real, *8, Dim 2, Data values:
( 1, 1) =  503
( 2, 1) =  503
( 3, 1) =  503
( 1, 2) =  502
( 2, 2) =  502
( 3, 1) =  501
( 0, 2) =  500
( 0, 0) =  501
( 1, 0) =  501
( 3, 2) =  503
--- ESMCI::Array::print end ---
( 0, 2) =  502
( 1, 2) =  503
( 1, 2) =  500
( 2, 0) =  501
( 2, 2) =  500
( 3, 0) =  501
( 2, 2) =  503
( 3, 2) =  501
( 0, 1) =  500
( 3, 2) =  503
  PASS  Example ESMF_ArrayBundleHaloEx, ESMF_ArrayBundleHaloEx.F90, line 172
( 1, 1) =  501
--- ESMCI::Array::print end ---
--- ESMCI::Array::print end ---
( 2, 1) =  501
( 3, 1) =  501
( 0, 2) =  500
  PASS  Example ESMF_ArrayBundleHaloEx, ESMF_ArrayBundleHaloEx.F90, line 172
( 1, 2) =  501
( 2, 2) =  501
  PASS  Example ESMF_ArrayBundleHaloEx, ESMF_ArrayBundleHaloEx.F90, line 172
( 3, 2) =  501
--- ESMCI::Array::print end ---
  PASS  Example ESMF_ArrayBundleHaloEx, ESMF_ArrayBundleHaloEx.F90, line 172
 PASS: ESMF_ArrayBundleHaloEx.F90
 PASS: ESMF_ArrayBundleHaloEx.F90
 PASS: ESMF_ArrayBundleHaloEx.F90
 PASS: ESMF_ArrayBundleHaloEx.F90
