2026-09-06 00:09:39
20260906 044535.508 INFO             PET0 !!!!!!!!!!!!!!!!!!!!!!!!!!!!!!!!!!!!!!!!!!!!!!!!!!!!!!
20260906 044535.508 INFO             PET0 !!! THE ESMF_LOG IS SET TO OUTPUT ALL LOG MESSAGES !!!
20260906 044535.508 INFO             PET0 !!!     THIS MAY CAUSE SLOWDOWN IN PERFORMANCE     !!!
20260906 044535.508 INFO             PET0 !!! FOR PRODUCTION RUNS, USE:                      !!!
20260906 044535.508 INFO             PET0 !!!                   ESMF_LOGKIND_Multi_On_Error  !!!
20260906 044535.508 INFO             PET0 !!!!!!!!!!!!!!!!!!!!!!!!!!!!!!!!!!!!!!!!!!!!!!!!!!!!!!
20260906 044535.508 INFO             PET0 Running with ESMF Version   : feature/esmx-cmake+gdd1288b46b
20260906 044535.508 INFO             PET0 ESMF library build date/time: "Sep  6 2026" "00:06:11"
20260906 044535.508 INFO             PET0 ESMF library build location : /discover/nobackup/projects/gmao/SIteam/ESMF_Testing/llvm_22.1.0_mpich_O_feature_esmx-cmake/esmf
20260906 044535.508 INFO             PET0 ESMF_COMM                   : mpich
20260906 044535.508 INFO             PET0 ESMF_MOAB                   : enabled
20260906 044535.508 INFO             PET0 ESMF_LAPACK                 : enabled
20260906 044535.508 INFO             PET0 ESMF_NETCDF                 : disabled
20260906 044535.508 INFO             PET0 ESMF_PNETCDF                : disabled
20260906 044535.508 INFO             PET0 ESMF_PIO                    : disabled
20260906 044535.508 INFO             PET0 ESMF_YAMLCPP                : enabled
20260906 044535.509 INFO             PET0  NUMBER_OF_PROCESSORS 4
20260906 044535.509 INFO             PET0  PASS  Example ESMF_VMUserMpiCommMultiEx, ./ESMF_VMUserMpiCommMultiEx.F90, line 126
20260906 044535.509 INFO             PET0  Finalizing ESMF with endflag==ESMF_END_KEEPMPI
20260906 044535.507 INFO             PET0 !!!!!!!!!!!!!!!!!!!!!!!!!!!!!!!!!!!!!!!!!!!!!!!!!!!!!!
20260906 044535.508 INFO             PET0 !!! THE ESMF_LOG IS SET TO OUTPUT ALL LOG MESSAGES !!!
20260906 044535.508 INFO             PET0 !!!     THIS MAY CAUSE SLOWDOWN IN PERFORMANCE     !!!
20260906 044535.508 INFO             PET0 !!! FOR PRODUCTION RUNS, USE:                      !!!
20260906 044535.508 INFO             PET0 !!!                   ESMF_LOGKIND_Multi_On_Error  !!!
20260906 044535.508 INFO             PET0 !!!!!!!!!!!!!!!!!!!!!!!!!!!!!!!!!!!!!!!!!!!!!!!!!!!!!!
20260906 044535.508 INFO             PET0 Running with ESMF Version   : feature/esmx-cmake+gdd1288b46b
20260906 044535.508 INFO             PET0 ESMF library build date/time: "Sep  6 2026" "00:06:11"
20260906 044535.508 INFO             PET0 ESMF library build location : /discover/nobackup/projects/gmao/SIteam/ESMF_Testing/llvm_22.1.0_mpich_O_feature_esmx-cmake/esmf
20260906 044535.508 INFO             PET0 ESMF_COMM                   : mpich
20260906 044535.508 INFO             PET0 ESMF_MOAB                   : enabled
20260906 044535.508 INFO             PET0 ESMF_LAPACK                 : enabled
20260906 044535.508 INFO             PET0 ESMF_NETCDF                 : disabled
20260906 044535.508 INFO             PET0 ESMF_PNETCDF                : disabled
20260906 044535.508 INFO             PET0 ESMF_PIO                    : disabled
20260906 044535.508 INFO             PET0 ESMF_YAMLCPP                : enabled
20260906 044535.508 INFO             PET0  NUMBER_OF_PROCESSORS 4
20260906 044535.508 INFO             PET0  PASS  Example ESMF_VMUserMpiCommMultiEx, ./ESMF_VMUserMpiCommMultiEx.F90, line 154
20260906 044535.508 INFO             PET0  Finalizing ESMF with endflag==ESMF_END_KEEPMPI
20260906 044535.508 INFO             PET1 !!!!!!!!!!!!!!!!!!!!!!!!!!!!!!!!!!!!!!!!!!!!!!!!!!!!!!
20260906 044535.508 INFO             PET1 !!! THE ESMF_LOG IS SET TO OUTPUT ALL LOG MESSAGES !!!
20260906 044535.508 INFO             PET1 !!!     THIS MAY CAUSE SLOWDOWN IN PERFORMANCE     !!!
20260906 044535.508 INFO             PET1 !!! FOR PRODUCTION RUNS, USE:                      !!!
20260906 044535.508 INFO             PET1 !!!                   ESMF_LOGKIND_Multi_On_Error  !!!
20260906 044535.508 INFO             PET1 !!!!!!!!!!!!!!!!!!!!!!!!!!!!!!!!!!!!!!!!!!!!!!!!!!!!!!
20260906 044535.508 INFO             PET1 Running with ESMF Version   : feature/esmx-cmake+gdd1288b46b
20260906 044535.508 INFO             PET1 ESMF library build date/time: "Sep  6 2026" "00:06:11"
20260906 044535.508 INFO             PET1 ESMF library build location : /discover/nobackup/projects/gmao/SIteam/ESMF_Testing/llvm_22.1.0_mpich_O_feature_esmx-cmake/esmf
20260906 044535.508 INFO             PET1 ESMF_COMM                   : mpich
20260906 044535.509 INFO             PET1 ESMF_MOAB                   : enabled
20260906 044535.509 INFO             PET1 ESMF_LAPACK                 : enabled
20260906 044535.509 INFO             PET1 ESMF_NETCDF                 : disabled
20260906 044535.509 INFO             PET1 ESMF_PNETCDF                : disabled
20260906 044535.509 INFO             PET1 ESMF_PIO                    : disabled
20260906 044535.509 INFO             PET1 ESMF_YAMLCPP                : enabled
20260906 044535.509 INFO             PET1  NUMBER_OF_PROCESSORS 4
20260906 044535.509 INFO             PET1  PASS  Example ESMF_VMUserMpiCommMultiEx, ./ESMF_VMUserMpiCommMultiEx.F90, line 126
20260906 044535.509 INFO             PET1  Finalizing ESMF with endflag==ESMF_END_KEEPMPI
20260906 044535.508 INFO             PET1 !!!!!!!!!!!!!!!!!!!!!!!!!!!!!!!!!!!!!!!!!!!!!!!!!!!!!!
20260906 044535.508 INFO             PET1 !!! THE ESMF_LOG IS SET TO OUTPUT ALL LOG MESSAGES !!!
20260906 044535.508 INFO             PET1 !!!     THIS MAY CAUSE SLOWDOWN IN PERFORMANCE     !!!
20260906 044535.508 INFO             PET1 !!! FOR PRODUCTION RUNS, USE:                      !!!
20260906 044535.508 INFO             PET1 !!!                   ESMF_LOGKIND_Multi_On_Error  !!!
20260906 044535.508 INFO             PET1 !!!!!!!!!!!!!!!!!!!!!!!!!!!!!!!!!!!!!!!!!!!!!!!!!!!!!!
20260906 044535.508 INFO             PET1 Running with ESMF Version   : feature/esmx-cmake+gdd1288b46b
20260906 044535.508 INFO             PET1 ESMF library build date/time: "Sep  6 2026" "00:06:11"
20260906 044535.508 INFO             PET1 ESMF library build location : /discover/nobackup/projects/gmao/SIteam/ESMF_Testing/llvm_22.1.0_mpich_O_feature_esmx-cmake/esmf
20260906 044535.508 INFO             PET1 ESMF_COMM                   : mpich
20260906 044535.508 INFO             PET1 ESMF_MOAB                   : enabled
20260906 044535.508 INFO             PET1 ESMF_LAPACK                 : enabled
20260906 044535.508 INFO             PET1 ESMF_NETCDF                 : disabled
20260906 044535.508 INFO             PET1 ESMF_PNETCDF                : disabled
20260906 044535.508 INFO             PET1 ESMF_PIO                    : disabled
20260906 044535.508 INFO             PET1 ESMF_YAMLCPP                : enabled
20260906 044535.508 INFO             PET1  NUMBER_OF_PROCESSORS 4
20260906 044535.508 INFO             PET1  PASS  Example ESMF_VMUserMpiCommMultiEx, ./ESMF_VMUserMpiCommMultiEx.F90, line 154
20260906 044535.508 INFO             PET1  Finalizing ESMF with endflag==ESMF_END_KEEPMPI
