2026-09-06 00:09:39
--- ESMCI::ArrayBundle::print start ---
ArrayBundle: MyArrayBundle
arrayCount = 3
--- ESMCI::ArrayBundle::print start ---
ArrayBundle: MyArrayBundle
arrayCount = 3
Container::print() multipmap:item=0 key=AonFly value=--- ESMCI::ArrayBundle::print start ---
ArrayBundle: MyArrayBundle
arrayCount = 3
Container::print() multipmap:item=0 key=AonFly value=0x555eb7fc7f10
--- ESMCI::ArrayBundle::print start ---
ArrayBundle: MyArrayBundle
arrayCount = 3
Container::print() multipmap:item=0 key=AonFly value=0x56261f5e2aa0
Container::print() multipmap:item=1 key=Array002 value=0x56261f5defa0
Container::print() multipmap:item=2 key=Container::print() multipmap:item=0 key=AonFly value=0x557adaa387e0
Container::print() multipmap:item=1 key=Array002 value=0x557ada911d30
Container::print() multipmap:item=2 key=Array003 value=0x557ada912b90
Container::print()      list:item=0 key=Array002 value=0x557ada911d30
Container::print()      list:item=1 key=Array003 value=0x557ada912b90
Container::print()      list:item=2 key=AonFly value=0x557adaa387e0
--- ESMCI::ArrayBundle::print end ---
0x5591529886d0
Container::print() multipmap:item=1 key=Array002 value=0x559152871a70
Container::print() multipmap:item=2 key=Array003 value=0x559152872a10
Container::print()      list:item=0 key=Array002 value=0x559152871a70
Container::print()      list:item=1 key=Array003 value=0x559152872a10
Container::print()      list:item=2 key=AonFly value=0x5591529886d0
--- ESMCI::ArrayBundle::print end ---
Container::print() multipmap:item=1 key=Array002 value=0x555eb7fc43f0
Container::print() multipmap:item=2 key=Array003 value=0x555eb7fc50c0
Container::print()      list:item=0 key=Array002 value=0x555eb7fc43f0
Container::print()      list:item=1 key=Array003 value=0x555eb7fc50c0
Container::print()      list:item=2 key=AonFly value=0x555eb7fc7f10
--- ESMCI::ArrayBundle::print end ---
--- ESMCI::Array::print start ---Array003 value=0x56261f5dfc50
Container::print()      list:item=0 key=Array002 value=0x56261f5defa0
Container::print()      list:item=1 key=Array003 value=0x56261f5dfc50
Container::print()      list:item=2 key=AonFly value=0x56261f5e2aa0
--- ESMCI::ArrayBundle::print end ---
--- ESMCI::Array::print start ---
 Base name    = AonFly
--- ESMCI::Array::print start ---
 Base name    = AonFly
 Status: Base = Ready,  object = Ready
 Proxy        = no--- ESMCI::Array::print start ---
 Base name    = AonFly
 Status: Base = Ready,  object = Ready
 Proxy        = no
 Root Info (Attributes):

 Base name    = AonFly
 Status: Base = Ready,  object = Ready
 Proxy        = no
 Root Info (Attributes):
 Status: Base = Ready,  object = Ready
 Proxy        = no
 Root Info (Attributes):

 Root Info (Attributes):
{
  "ESMF": {
    "Instance": {
      "NamedAliasCount": 0
    }
  }
}Array typekind/rank: Real*4 / 2 
{
  "ESMF": {
    "Instance": {
      "NamedAliasCount": 0
    }
  }
}Array typekind/rank: Real*4 / 2 
~ lower class' values ~
DistGrid dimCount = 2
deCount = 6
localDeCount = 2
~ local data in LocalArray for DE 1 ~
LocalArrayPrint: Array at address 0x559152988070:
            rank = 2, typekind = 5, base_addr = 0x55915287b400
            {
  "ESMF": {
    "Instance": {
      "NamedAliasCount": 0
    }
  }
}Array typekind/rank: Real*4 / 2 
~ lower class' values ~
DistGrid dimCount = 2
deCount = 6
localDeCount = 1
~ local data in LocalArray for DE 2 ~
LocalArrayPrint: Array at address 0x555eb7fc7be0:
            rank = 2, typekind = 5, base_addr = 0x555eb7fcafa0
            dim[0] = 3  dim[1] = 2  
  Real, *4, Dim 2, Data values:
{
  "ESMF": {
    "Instance": {
      "NamedAliasCount": 0
    }
  }
}Array typekind/rank: Real*4 / 2 
~ lower class' values ~
DistGrid dimCount = 2
deCount = 6
localDeCount = 1
~ local data in LocalArray for DE 3 ~
LocalArrayPrint: Array at address 0x56261f5e2770:
            rank = 2, typekind = 5, base_addr = 0x56261f5e92c0
            dim[0] = 2  dim[1] = 2  
  Real, *4, Dim 2, Data values:
~ lower class' values ~
DistGrid dimCount = 2
deCount = 6
localDeCount = 2
~ local data in LocalArray for DE 0 ~
LocalArrayPrint: Array at address 0x557adaa38180:
            rank = 2, typekind = 5, base_addr = 0x557ada9175d0
            dim[0] = 3  dim[1] = 2  
  Real, *4, Dim 2, Data values:
( 1, 1) =  -2.04473e+16
( 2, 1) =  3.06632e-41
( 3, 1) =  0
( 1, 2) =  0
( 2, 2) =  -1.24009e+16
( 3, 2) =  3.06632e-41
~ local data in LocalArray for DE 4 ~
LocalArrayPrint: Array at address 0x557adaa384b0:
            rank = 2, typekind = 5, base_addr = 0x557ada909600
            dim[0] = 3  dim[1] = 1  
  Real, *4, Dim 2, Data values:
dim[0] = 2  dim[1] = 2  
  Real, *4, Dim 2, Data values:
( 1, 1) =  2.90343e+11
( 2, 1) =  3.06954e-41
( 1, 2) =  2.8026e-45
( 2, 2) =  1.4013e-45
~ local data in LocalArray for DE 5 ~
LocalArrayPrint: Array at address 0x5591529883a0:
            rank = 2, typekind = 5, base_addr = 0x559152875b40
            dim[0] = 2  dim[1] = 1  
  Real, *4, Dim 2, Data values:
( 1, 1) =  2.90675e+11
( 2, 1) =  3.06954e-41
--- ESMCI::Array::print end ---
--- ESMCI::Array::print start ---
 Base name    = Array002
 Status: Base = Ready,  object = Ready
 Proxy        = no
 Root Info (Attributes):
( 1, 1) =  -3.00631e-05
( 2, 1) =  3.0624e-41
( 3, 1) =  0
( 1, 2) =  0
( 2, 2) =  4.42896e-39
( 3, 2) =  0
--- ESMCI::Array::print end ---
--- ESMCI::Array::print start ---
 Base name    = Array002
 Status: Base = Ready,  object = Ready
 Proxy        = no
 Root Info (Attributes):
{
  "ESMF": {
    "Instance": {
      "NamedAliasCount": 0
    }
  }
}Array typekind/rank: Real*8 / 2 
~ lower class' values ~
DistGrid dimCount = 2
deCount = 6
localDeCount = 1
~ local data in LocalArray for DE 2 ~
LocalArrayPrint: Array at address 0x555eb7fc37f0:
            rank = 2, typekind = 6, base_addr = 0x555eb7fc3090
            dim[0] = 3  dim[1] = 2  
  Real, *8, Dim 2, Data values:
( 1, 1) =  4.63756e-310
( 2, 1) =  0
( 1, 1) =  4.7015e-20
( 2, 1) =  3.09042e-41
( 1, 2) =  0
( 2, 2) =  0
--- ESMCI::Array::print end ---
--- ESMCI::Array::print start ---
 Base name    = Array002
 Status: Base = Ready,  object = Ready
 Proxy        = no
 Root Info (Attributes):
{
  "ESMF": {
    "Instance": {
      "NamedAliasCount": 0
    }
  }
}Array typekind/rank: Real*8 / 2 
~ lower class' values ~
DistGrid dimCount = 2
deCount = 6
localDeCount = 1
~ local data in LocalArray for DE 3 ~
LocalArrayPrint: Array at address 0x56261f5dec70:
            rank = 2, typekind = 6, base_addr = 0x56261f5de4e0
            dim[0] = 2  dim[1] = 2  
  Real, *8, Dim 2, Data values:
( 1, 1) =  4.67988e-310
( 2, 1) =  0
( 1, 2) =  0
( 2, 2) =  0
--- ESMCI::Array::print end ---
--- ESMCI::Array::print start ---
 Base name    = Array003
 Status: Base = Ready,  object = Ready
 Proxy        = no
 Root Info (Attributes):
( 1, 1) =  -2.04362e+16
( 2, 1) =  3.06632e-41
( 3, 1) =  4.2039e-45
--- ESMCI::Array::print end ---
--- ESMCI::Array::print start ---
 Base name    = Array002
 Status: Base = Ready,  object = Ready
 Proxy        = no
 Root Info (Attributes):
{
  "ESMF": {
    "Instance": {
      "NamedAliasCount": 0
    }
  }
}Array typekind/rank: Real*8 / 2 
~ lower class' values ~
DistGrid dimCount = 2
deCount = 6
localDeCount = 2
~ local data in LocalArray for DE 0 ~
LocalArrayPrint: Array at address 0x557ada910c10:
            rank = 2, typekind = 6, base_addr = 0x557ada917590
            dim[0] = 3  dim[1] = 2  
  Real, *8, Dim 2, Data values:
( 1, 1) =  4.64353e-310
( 2, 1) =  0
( 3, 1) =  4.24399e-314
( 1, 2) =  4.24399e-314
( 2, 2) =  2.122e-314
( 3, 2) =  2.122e-314
~ local data in LocalArray for DE 4 ~
LocalArrayPrint: Array at address 0x557ada910f40:
            rank = 2, typekind = 6, base_addr = 0x557ada917560
            dim[0] = 3  dim[1] = 1  
  Real, *8, Dim 2, Data values:
( 1, 1) =  4.64353e-310
( 2, 1) =  0
( 3, 1) =  0
{
  "ESMF": {
    "Instance": {
      "NamedAliasCount": 0
    }
  }
}Array typekind/rank: Real*8 / 2 
~ lower class' values ~
DistGrid dimCount = 2
deCount = 6
localDeCount = 2
~ local data in LocalArray for DE 1 ~
LocalArrayPrint: Array at address 0x5591528713f0:
            rank = 2, typekind = 6, base_addr = 0x5591528702f0
            dim[0] = 2  dim[1] = 2  
  Real, *8, Dim 2, Data values:
( 1, 1) =  4.6483e-310
( 2, 1) =  0
( 1, 2) =  0
( 2, 2) =  0
~ local data in LocalArray for DE 5 ~
LocalArrayPrint: Array at address 0x559152871720:
            rank = 2, typekind = 6, base_addr = 0x559152871a50
            dim[0] = 2  dim[1] = 1  
  Real, *8, Dim 2, Data values:
( 1, 1) =  1.13931e-310
( 2, 1) =  1.13931e-310
--- ESMCI::Array::print end ---
--- ESMCI::Array::print start ---
 Base name    = Array003
 Status: Base = Ready,  object = Ready
 Proxy        = no
 Root Info (Attributes):
{
  "ESMF": {
    "Instance": {
      "NamedAliasCount": 0
    }
  }
}Array typekind/rank: Real*8 / 2 
~ lower class' values ~
DistGrid dimCount = 2
deCount = 6
localDeCount = 2
~ local data in LocalArray for DE 1 ~
LocalArrayPrint: Array at address 0x5591528723b0:
            rank = 2, typekind = 6, ( 3, 1) =  4.24399e-314
( 1, 2) =  4.24399e-314
( 2, 2) =  2.122e-314
( 3, 2) =  2.122e-314
--- ESMCI::Array::print end ---
--- ESMCI::Array::print start ---
 Base name    = Array003
 Status: Base = Ready,  object = Ready
 Proxy        = no
 Root Info (Attributes):
{
  "ESMF": {
    "Instance": {
      "NamedAliasCount": 0
    }
  }
}Array typekind/rank: Real*8 / 2 
~ lower class' values ~
DistGrid dimCount = 2
deCount = 6
localDeCount = 1
~ local data in LocalArray for DE 2 ~
LocalArrayPrint: Array at address 0x555eb7fc4d90:
            rank = 2, typekind = 6, base_addr = 0x555eb7fc3130
            dim[0] = 3  dim[1] = 2  
  Real, *8, Dim 2, Data values:
( 1, 1) =  0
( 2, 1) =  0
( 3, 1) =  5.29584e+160
( 1, 2) =  6.0871e+247
( 2, 2) =  2.25703e-76
( 3, 2) =  1.0614e-313
--- ESMCI::Array::print end ---
{
  "ESMF": {
    "Instance": {
      "NamedAliasCount": 0
    }
  }
}Array typekind/rank: Real*8 / 2 
~ lower class' values ~
DistGrid dimCount = 2
deCount = 6
localDeCount = 1
~ local data in LocalArray for DE 3 ~
LocalArrayPrint: Array at address 0x56261f5df920:
            rank = 2, typekind = 6, base_addr = 0x56261f5e9250
            dim[0] = 2  dim[1] = 2  
  Real, *8, Dim 2, Data values:
( 1, 1) =  4.67988e-310
( 2, 1) =  0
( 1, 2) =  1.56155e-317
( 2, 2) =  0
--- ESMCI::Array::print end ---
--- ESMCI::Array::print end ---
--- ESMCI::Array::print start ---
 Base name    = Array003
 Status: Base = Ready,  object = Ready
 Proxy        = no
 Root Info (Attributes):
{
  "ESMF": {
    "Instance": {
      "NamedAliasCount": 0
    }
  }
}Array typekind/rank: Real*8 / 2 
~ lower class' values ~
DistGrid dimCount = 2
deCount = 6
localDeCount = 2
~ local data in LocalArray for DE 0 ~
LocalArrayPrint: Array at address 0x557ada9124f0:
            rank = 2, typekind = 6, base_addr = 0x557ada912820
            dim[0] = 3  dim[1] = 2  
  Real, *8, Dim 2, Data values:
( 1, 1) =  1.11662e-310
( 2, 1) =  1.11662e-310
( 3, 1) =  0
( 1, 2) =  0
( 2, 2) =  4.64353e-310
( 3, 2) =  0
~ local data in LocalArray for DE 4 ~
LocalArrayPrint: Array at address 0x557ada912860:
            rank = 2, typekind = 6, base_addr = 0x557ada91a4e0
            dim[0] = 3  dim[1] = 1  
  Real, *8, Dim 2, Data values:
( 1, 1) =  4.64353e-310
( 2, 1) =  0
( 3, 1) =  1.56155e-317
--- ESMCI::Array::print end ---
base_addr = 0x559152870250
            dim[0] = 2  dim[1] = 2  
  Real, *8, Dim 2, Data values:
( 1, 1) =  4.6483e-310
( 2, 1) =  0
( 1, 2) =  1.56155e-317
( 2, 2) =  0
~ local data in LocalArray for DE 5 ~
LocalArrayPrint: Array at address 0x5591528726e0:
            rank = 2, typekind = 6, base_addr = 0x5591528702d0
            dim[0] = 2  dim[1] = 1  
  Real, *8, Dim 2, Data values:
( 1, 1) =  4.6483e-310
( 2, 1) =  2.122e-314
--- ESMCI::Array::print end ---
  PASS  Example ESMF_ArrayBundleEx, ./ESMF_ArrayBundleEx.F90, line 267
 PASS: ESMF_ArrayBundleEx.F90
  PASS  Example ESMF_ArrayBundleEx, ./ESMF_ArrayBundleEx.F90, line 267
 PASS: ESMF_ArrayBundleEx.F90
  PASS  Example ESMF_ArrayBundleEx, ./ESMF_ArrayBundleEx.F90, line 267
 PASS: ESMF_ArrayBundleEx.F90
  PASS  Example ESMF_ArrayBundleEx, ./ESMF_ArrayBundleEx.F90, line 267
 PASS: ESMF_ArrayBundleEx.F90
