2026-09-15 22:59:10
20260916 021525.499 INFO             PET0 !!!!!!!!!!!!!!!!!!!!!!!!!!!!!!!!!!!!!!!!!!!!!!!!!!!!!!
20260916 021525.499 INFO             PET0 !!! THE ESMF_LOG IS SET TO OUTPUT ALL LOG MESSAGES !!!
20260916 021525.499 INFO             PET0 !!!     THIS MAY CAUSE SLOWDOWN IN PERFORMANCE     !!!
20260916 021525.499 INFO             PET0 !!! FOR PRODUCTION RUNS, USE:                      !!!
20260916 021525.499 INFO             PET0 !!!                   ESMF_LOGKIND_Multi_On_Error  !!!
20260916 021525.499 INFO             PET0 !!!!!!!!!!!!!!!!!!!!!!!!!!!!!!!!!!!!!!!!!!!!!!!!!!!!!!
20260916 021525.499 INFO             PET0 Running with ESMF Version   : v9.0.0b18
20260916 021525.499 INFO             PET0 ESMF library build date/time: "Sep 15 2026" "22:57:21"
20260916 021525.499 INFO             PET0 ESMF library build location : /discover/nobackup/projects/gmao/SIteam/ESMF_Testing/intel_2025.3.0_mpiuni_g_develop/esmf
20260916 021525.499 INFO             PET0 ESMF_COMM                   : mpiuni
20260916 021525.499 INFO             PET0 ESMF_MOAB                   : enabled
20260916 021525.499 INFO             PET0 ESMF_LAPACK                 : enabled
20260916 021525.499 INFO             PET0 ESMF_NETCDF                 : disabled
20260916 021525.499 INFO             PET0 ESMF_PNETCDF                : disabled
20260916 021525.499 INFO             PET0 ESMF_PIO                    : disabled
20260916 021525.499 INFO             PET0 ESMF_YAMLCPP                : enabled
20260916 021525.500 INFO             PET0  NUMBER_OF_PROCESSORS           1
20260916 021525.500 INFO             PET0  PASS  Example ESMF_TimeIntervalEx, ESMF_TimeIntervalEx.F90, line 176
20260916 021525.500 INFO             PET0  Finalizing ESMF
