2026-09-01 04:56:41
20260901 054016.506 INFO             PET0 !!!!!!!!!!!!!!!!!!!!!!!!!!!!!!!!!!!!!!!!!!!!!!!!!!!!!!
20260901 054016.506 INFO             PET0 !!! THE ESMF_LOG IS SET TO OUTPUT ALL LOG MESSAGES !!!
20260901 054016.506 INFO             PET0 !!!     THIS MAY CAUSE SLOWDOWN IN PERFORMANCE     !!!
20260901 054016.506 INFO             PET0 !!! FOR PRODUCTION RUNS, USE:                      !!!
20260901 054016.506 INFO             PET0 !!!                   ESMF_LOGKIND_Multi_On_Error  !!!
20260901 054016.506 INFO             PET0 !!!!!!!!!!!!!!!!!!!!!!!!!!!!!!!!!!!!!!!!!!!!!!!!!!!!!!
20260901 054016.506 INFO             PET0 Running with ESMF Version   : develop+g849fce6537
20260901 054016.506 INFO             PET0 ESMF library build date/time: "Sep  1 2026" "04:54:08"
20260901 054016.506 INFO             PET0 ESMF library build location : /tmp/nvhpc_25.5_mpiuni_O_develop/esmf
20260901 054016.506 INFO             PET0 ESMF_COMM                   : mpiuni
20260901 054016.506 INFO             PET0 ESMF_MOAB                   : enabled
20260901 054016.506 INFO             PET0 ESMF_LAPACK                 : enabled
20260901 054016.506 INFO             PET0 ESMF_NETCDF                 : enabled
20260901 054016.506 INFO             PET0 ESMF_PNETCDF                : disabled
20260901 054016.506 INFO             PET0 ESMF_PIO                    : enabled
20260901 054016.506 INFO             PET0 ESMF_YAMLCPP                : enabled
20260901 054016.545 INFO             PET0  NUMBER_OF_PROCESSORS            1
20260901 054016.545 INFO             PET0  PASS  Example ESMF_RHandleDynamicMaskingEx, ESMF_RHandleDynamicMaskingEx.F90, line 1270
20260901 054016.545 INFO             PET0  Finalizing ESMF
