2026-08-27 22:38:15
--- ESMCI::Array::print start ---
 Base name    = Array008
 Status: Base = Ready,  object = Ready
 Proxy        = no
 Root Info (Attributes):
--- ESMCI::Array::print start ---
 Base name    = Array008
 Status: Base = Ready,  object = Ready
 Proxy        = no
 Root Info (Attributes):
{
  "ESMF": {
    "Instance": {
      "NamedAliasCount": 0
    }
  }
}Array typekind/rank: Real*8 / 2 
~ lower class' values ~
DistGrid dimCount = 2
deCount = 4
localDeCount = 1
~ local data in LocalArray for DE 0 ~
LocalArrayPrint: Array at address 0x138e0c6b0:
            rank = 2, typekind = 6, base_addr = 0x1019d7320
{
  "ESMF": {
    "Instance": {
      "NamedAliasCount": 0
            dim[0] = 3  dim[1] = 10  
  Real, *8, Dim 2, Data values:
( 1, 1) =  513.58
( 2, 1) =  613.58
( 3, 1) =  713.58
( 1, 2) =  514.814
( 2, 2) =  614.814
( 3, 2) =  714.814
( 1, 3) =  516.048
    }
( 2, 3) =  616.048
( 3, 3) =  716.048
( 1, 4) =  517.283
  skipping to end ...
--- ESMCI::Array::print start ---
 Base name    = Array008
( 3, 7) =  720.986
( 1, 8) =  522.221
( 2, 8) =  622.221
( 3, 8) =  722.221
( 1, 9) =  523.456
( 2, 9) =  623.456
( 3, 9) =  723.456
( 1,10) =  524.69
( 2,10) =  624.69
( 3,10) =  724.69
--- ESMCI::Array::print end ---
 Status: Base = Ready,  object = Ready
 Proxy        = no
 Root Info (Attributes):
{
  "ESMF": {
    "Instance": {
      "NamedAliasCount": 0
    }
  }
}Array typekind/rank: Real*8 / 2 
~ lower class' values ~
DistGrid dimCount = 2
deCount = 4
localDeCount = 1
~ local data in LocalArray for DE 2 ~
LocalArrayPrint: Array at address 0x157e1d300:
            rank = 2, typekind = 6, base_addr = 0x105e8b340
            dim[0] = 3  dim[1] = 10  
  Real, *8, Dim 2, Data values:
( 1, 1) =  513.58
  }
}Array typekind/rank: Real*8 / 2 
~ lower class' values ~
DistGrid dimCount = 2
( 2, 1) =  613.58
( 3, 1) =  713.58
( 1, 2) =  514.814
deCount = 4
( 2, 2) =  614.814
localDeCount = 1
( 3, 2) =  714.814
( 1, 3) =  516.048
( 2, 3) =  616.048
( 3, 3) =  716.048
( 1, 4) =  517.283
  skipping to end ...
( 3, 7) =  720.986
~ local data in LocalArray for DE 1 ~
LocalArrayPrint: Array at address 0x142e068f0:
( 1, 8) =  522.221
( 2, 8) =  622.221
            rank = 2, typekind = 6, base_addr = 0x103c0b340
( 3, 8) =  722.221
--- ESMCI::Array::print start ---
( 1, 9) =  523.456
( 2, 9) =  623.456
( 3, 9) =  723.456
 Base name    = Array008
 Status: Base = Ready,  object = Ready
 Proxy        = no
            dim[0] = 3  dim[1] = 10  
  Real, *8, Dim 2, Data values:
( 1,10) =  524.69
( 2,10) =  624.69
 Root Info (Attributes):
( 1, 1) =  1.2345
( 3,10) =  724.69
{
--- ESMCI::Array::print end ---
  "ESMF": {
    "Instance": {
( 2, 1) =  1.2345
( 3, 1) =  1.2345
      "NamedAliasCount": 0
    }
 localPet =  2 myFarray2D2:    0.0000000000000000   0.0000000000000000   0.0000000000000000   0.0000000000000000   0.0000000000000000   0.0000000000000000   0.0000000000000000   0.0000000000000000   0.0000000000000000   0.0000000000000000   0.0000000000000000   0.0000000000000000   0.0000000000000000   0.0000000000000000   0.0000000000000000   0.0000000000000000   0.0000000000000000   0.0000000000000000   0.0000000000000000   0.0000000000000000   0.0000000000000000   0.0000000000000000   0.0000000000000000   0.0000000000000000   0.0000000000000000   0.0000000000000000   0.0000000000000000   0.0000000000000000   0.0000000000000000   0.0000000000000000
--- ESMCI::Array::print start ---
 Base name    = Array008
( 1, 2) =  1.2345
  }
}( 2, 2) =  1.2345
 Status: Base = Ready,  object = Ready
 Proxy        = no
 Root Info (Attributes):
Array typekind/rank: Real*8 / 2 
~ lower class' values ~
DistGrid dimCount = 2
deCount = 4
localDeCount = 1
~ local data in LocalArray for DE 3 ~
LocalArrayPrint: Array at address 0x13d619f90:
( 3, 2) =  1.2345
( 1, 3) =  1.2345
( 2, 3) =  1.2345
{
  "ESMF": {
    "Instance": {
      "NamedAliasCount": 0
    }
  }
            rank = 2, typekind = 6, base_addr = 0x105d3b340
            dim[0] = 3  dim[1] = 10  
( 3, 3) =  1.2345
  Real, *8, Dim 2, Data values:
}Array typekind/rank: Real*8 / 2 
~ lower class' values ~
( 1, 1) =  513.58
( 1, 4) =  1.2345
( 2, 1) =  613.58
DistGrid dimCount = 2
( 3, 1) =  713.58
deCount = 4
localDeCount = 1
  skipping to end ...
( 1, 2) =  514.814
( 3, 7) =  1.2345
~ local data in LocalArray for DE 2 ~
LocalArrayPrint: Array at address 0x157e1d300:
( 2, 2) =  614.814
( 3, 2) =  714.814
( 1, 3) =  516.048
( 2, 3) =  616.048
( 3, 3) =  716.048
( 1, 4) =  517.283
( 1, 8) =  1.2345
( 2, 8) =  1.2345
( 3, 8) =  1.2345
            rank = 2, typekind = 6, base_addr = 0x105e8b340
            dim[0] = 3  dim[1] = 10  
  Real, *8, Dim 2, Data values:
( 1, 1) =  513.58
( 2, 1) =  613.58
( 1, 9) =  1.2345
( 3, 1) =  713.58
( 1, 2) =  514.814
  skipping to end ...
( 3, 7) =  720.986
( 1, 8) =  522.221
( 2, 9) =  1.2345
( 2, 8) =  622.221
( 3, 8) =  722.221
( 2, 2) =  614.814
( 3, 2) =  714.814
( 3, 9) =  1.2345
( 1, 3) =  516.048
( 2, 3) =  616.048
( 1, 9) =  523.456
( 2, 9) =  623.456
( 1,10) =  1.2345
( 3, 9) =  723.456
( 1,10) =  524.69
( 3, 3) =  716.048
( 1, 4) =  517.283
( 2,10) =  1.2345
  skipping to end ...
( 3, 7) =  720.986
( 2,10) =  624.69
( 3,10) =  724.69
( 3,10) =  1.2345
( 1, 8) =  522.221
--- ESMCI::Array::print end ---
( 2, 8) =  622.221
( 3, 8) =  722.221
( 1, 9) =  523.456
( 2, 9) =  623.456
( 3, 9) =  723.456
( 1,10) =  524.69
( 2,10) =  624.69
( 3,10) =  724.69
--- ESMCI::Array::print end ---
--- ESMCI::Array::print end ---
 localPet =  3 myFarray2D2:    0.0000000000000000   0.0000000000000000   0.0000000000000000   0.0000000000000000   0.0000000000000000   0.0000000000000000   0.0000000000000000   0.0000000000000000   0.0000000000000000   0.0000000000000000   0.0000000000000000   0.0000000000000000   0.0000000000000000   0.0000000000000000   0.0000000000000000   0.0000000000000000   0.0000000000000000   0.0000000000000000   0.0000000000000000   0.0000000000000000   0.0000000000000000   0.0000000000000000   0.0000000000000000   0.0000000000000000   0.0000000000000000   0.0000000000000000   0.0000000000000000   0.0000000000000000   0.0000000000000000   0.0000000000000000
--- ESMCI::Array::print start ---
 Base name    = Array008
 Status: Base = Ready,  object = Ready
 Proxy        = no
 Root Info (Attributes):
{
  "ESMF": {
    "Instance": {
      "NamedAliasCount": 0
    }
 localPet =  0 myFarray2D2:    5.1357950000000005E+02   6.1357950000000005E+02   7.1357950000000005E+02   5.1481399999999996E+02   6.1481399999999996E+02   7.1481399999999996E+02   5.1604849999999999E+02   6.1604849999999999E+02   7.1604849999999999E+02   5.1728300000000002E+02   6.1728300000000002E+02   7.1728300000000002E+02   5.1851750000000004E+02   6.1851750000000004E+02   7.1851750000000004E+02   5.1975199999999995E+02   6.1975199999999995E+02   7.1975199999999995E+02   5.2098649999999998E+02   6.2098649999999998E+02   7.2098649999999998E+02   5.2222100000000000E+02   6.2222100000000000E+02   7.2222100000000000E+02   5.2345550000000003E+02   6.2345550000000003E+02   7.2345550000000003E+02   5.2469000000000005E+02   6.2469000000000005E+02   7.2469000000000005E+02
--- ESMCI::Array::print start ---
 Base name    = Array008
 Status: Base = Ready,  object = Ready
 Proxy        = no
 localPet =  1 myFarray2D2:    0.0000000000000000   0.0000000000000000   0.0000000000000000   0.0000000000000000   0.0000000000000000   0.0000000000000000   0.0000000000000000   0.0000000000000000   0.0000000000000000   0.0000000000000000   0.0000000000000000   0.0000000000000000   0.0000000000000000   0.0000000000000000   0.0000000000000000   0.0000000000000000   0.0000000000000000   0.0000000000000000   0.0000000000000000   0.0000000000000000   0.0000000000000000   0.0000000000000000   0.0000000000000000   0.0000000000000000   0.0000000000000000   0.0000000000000000   0.0000000000000000   0.0000000000000000   0.0000000000000000   0.0000000000000000
--- ESMCI::Array::print start ---
  }
} Root Info (Attributes):
 Base name    = Array008
Array typekind/rank: Real*8 / 2 
~ lower class' values ~
{
 Status: Base = Ready,  object = Ready
DistGrid dimCount = 2
deCount = 4
  "ESMF": {
    "Instance": {
 Proxy        = no
localDeCount = 1
      "NamedAliasCount": 0
~ local data in LocalArray for DE 3 ~
    }
  }
LocalArrayPrint: Array at address 0x13d619f90:
}Array typekind/rank: Real*8 / 2 
            rank = 2, typekind = 6, base_addr = 0x105d3b340
            dim[0] = 3  dim[1] = 10  
 Root Info (Attributes):
~ lower class' values ~
  Real, *8, Dim 2, Data values:
( 1, 1) =  5.4321
DistGrid dimCount = 2
deCount = 4
{
  "ESMF": {
    "Instance": {
localDeCount = 1
~ local data in LocalArray for DE 0 ~
LocalArrayPrint: Array at address 0x138e0c6b0:
            rank = 2, typekind = 6, base_addr = 0x1019d7320
( 2, 1) =  5.4321
( 3, 1) =  5.4321
( 1, 2) =  5.4321
( 2, 2) =  5.4321
( 3, 2) =  5.4321
            dim[0] = 3  dim[1] = 10  
      "NamedAliasCount": 0
    }
  Real, *8, Dim 2, Data values:
( 1, 1) =  513.58
( 2, 1) =  613.58
( 3, 1) =  713.58
( 1, 3) =  5.4321
( 2, 3) =  5.4321
( 3, 3) =  5.4321
( 1, 4) =  5.4321
  }
  skipping to end ...
( 3, 7) =  5.4321
( 1, 2) =  514.814
( 2, 2) =  614.814
}( 1, 8) =  5.4321
( 3, 2) =  714.814
( 2, 8) =  5.4321
( 1, 3) =  516.048
Array typekind/rank: Real*8 / 2 
( 3, 8) =  5.4321
( 2, 3) =  616.048
( 1, 9) =  5.4321
( 3, 3) =  716.048
~ lower class' values ~
DistGrid dimCount = 2
( 2, 9) =  5.4321
( 1, 4) =  517.283
( 3, 9) =  5.4321
  skipping to end ...
( 3, 7) =  720.986
deCount = 4
( 1,10) =  5.4321
( 2,10) =  5.4321
( 3,10) =  5.4321
--- ESMCI::Array::print end ---
( 1, 8) =  522.221
( 2, 8) =  622.221
( 3, 8) =  722.221
( 1, 9) =  523.456
( 2, 9) =  623.456
localDeCount = 1
~ local data in LocalArray for DE 1 ~
LocalArrayPrint: Array at address 0x142e068f0:
( 3, 9) =  723.456
( 1,10) =  524.69
            rank = 2, typekind = 6, base_addr = 0x103c0b340
( 2,10) =  624.69
            dim[0] = 3  dim[1] = 10  
( 3,10) =  724.69
--- ESMCI::Array::print end ---
  Real, *8, Dim 2, Data values:
( 1, 1) =  1.2345
 localPet =  2 myFarray2D2:    0.0000000000000000   0.0000000000000000   0.0000000000000000   0.0000000000000000   0.0000000000000000   0.0000000000000000   0.0000000000000000   0.0000000000000000   0.0000000000000000   0.0000000000000000   0.0000000000000000   0.0000000000000000   0.0000000000000000   0.0000000000000000   0.0000000000000000   0.0000000000000000   0.0000000000000000   0.0000000000000000   0.0000000000000000   0.0000000000000000   0.0000000000000000   0.0000000000000000   0.0000000000000000   0.0000000000000000   0.0000000000000000   0.0000000000000000   0.0000000000000000   0.0000000000000000   0.0000000000000000   0.0000000000000000
( 2, 1) =  1.2345
( 3, 1) =  1.2345
( 1, 2) =  1.2345
( 2, 2) =  1.2345
  PASS  Example ESMF_ArrayScatterGatherEx, ESMF_ArrayScatterGatherEx.F90, line 328
( 3, 2) =  1.2345
( 1, 3) =  1.2345
( 2, 3) =  1.2345
( 3, 3) =  1.2345
( 1, 4) =  1.2345
  skipping to end ...
( 3, 7) =  1.2345
( 1, 8) =  1.2345
( 2, 8) =  1.2345
( 3, 8) =  1.2345
( 1, 9) =  1.2345
( 2, 9) =  1.2345
( 3, 9) =  1.2345
( 1,10) =  1.2345
( 2,10) =  1.2345
( 3,10) =  1.2345
--- ESMCI::Array::print end ---
 localPet =  3 myFarray2D2:    0.0000000000000000   0.0000000000000000   0.0000000000000000   0.0000000000000000   0.0000000000000000   0.0000000000000000   0.0000000000000000   0.0000000000000000   0.0000000000000000   0.0000000000000000   0.0000000000000000   0.0000000000000000   0.0000000000000000   0.0000000000000000   0.0000000000000000   0.0000000000000000   0.0000000000000000   0.0000000000000000   0.0000000000000000   0.0000000000000000   0.0000000000000000   0.0000000000000000   0.0000000000000000   0.0000000000000000   0.0000000000000000   0.0000000000000000   0.0000000000000000   0.0000000000000000   0.0000000000000000   0.0000000000000000
 localPet =  1 myFarray2D2:    0.0000000000000000   0.0000000000000000   0.0000000000000000   0.0000000000000000   0.0000000000000000   0.0000000000000000   0.0000000000000000   0.0000000000000000   0.0000000000000000   0.0000000000000000   0.0000000000000000   0.0000000000000000   0.0000000000000000   0.0000000000000000   0.0000000000000000   0.0000000000000000   0.0000000000000000   0.0000000000000000   0.0000000000000000   0.0000000000000000   0.0000000000000000   0.0000000000000000   0.0000000000000000   0.0000000000000000   0.0000000000000000   0.0000000000000000   0.0000000000000000   0.0000000000000000   0.0000000000000000   0.0000000000000000
  PASS  Example ESMF_ArrayScatterGatherEx, ESMF_ArrayScatterGatherEx.F90, line 328
 localPet =  0 myFarray2D2:    5.4320998191833496   5.4320998191833496   5.4320998191833496   5.4320998191833496   5.4320998191833496   5.4320998191833496   5.4320998191833496   5.4320998191833496   5.4320998191833496   5.4320998191833496   5.4320998191833496   5.4320998191833496   5.4320998191833496   5.4320998191833496   5.4320998191833496   5.4320998191833496   5.4320998191833496   5.4320998191833496   5.4320998191833496   5.4320998191833496   5.4320998191833496   5.4320998191833496   5.4320998191833496   5.4320998191833496   5.4320998191833496   5.4320998191833496   5.4320998191833496   5.4320998191833496   5.4320998191833496   5.4320998191833496
  PASS  Example ESMF_ArrayScatterGatherEx, ESMF_ArrayScatterGatherEx.F90, line 328
  PASS  Example ESMF_ArrayScatterGatherEx, ESMF_ArrayScatterGatherEx.F90, line 328
 PASS: ESMF_ArrayScatterGatherEx.F90
 PASS: ESMF_ArrayScatterGatherEx.F90
 PASS: ESMF_ArrayScatterGatherEx.F90
 PASS: ESMF_ArrayScatterGatherEx.F90
