2026-09-11 22:39:45
20260911 230044.219 INFO             PET0 !!!!!!!!!!!!!!!!!!!!!!!!!!!!!!!!!!!!!!!!!!!!!!!!!!!!!!
20260911 230044.219 INFO             PET0 !!! THE ESMF_LOG IS SET TO OUTPUT ALL LOG MESSAGES !!!
20260911 230044.219 INFO             PET0 !!!     THIS MAY CAUSE SLOWDOWN IN PERFORMANCE     !!!
20260911 230044.219 INFO             PET0 !!! FOR PRODUCTION RUNS, USE:                      !!!
20260911 230044.219 INFO             PET0 !!!                   ESMF_LOGKIND_Multi_On_Error  !!!
20260911 230044.219 INFO             PET0 !!!!!!!!!!!!!!!!!!!!!!!!!!!!!!!!!!!!!!!!!!!!!!!!!!!!!!
20260911 230044.219 INFO             PET0 Running with ESMF Version   : v9.0.0b18
20260911 230044.219 INFO             PET0 ESMF library build date/time: "Sep 11 2026" "22:38:30"
20260911 230044.219 INFO             PET0 ESMF library build location : /usr/local/esmf/esmf-testing/nag_7.2.44_openmpi_O_develop/esmf
20260911 230044.219 INFO             PET0 ESMF_COMM                   : openmpi
20260911 230044.219 INFO             PET0 ESMF_MOAB                   : enabled
20260911 230044.219 INFO             PET0 ESMF_LAPACK                 : enabled
20260911 230044.219 INFO             PET0 ESMF_NETCDF                 : enabled
20260911 230044.219 INFO             PET0 ESMF_PNETCDF                : disabled
20260911 230044.219 INFO             PET0 ESMF_PIO                    : enabled
20260911 230044.219 INFO             PET0 ESMF_YAMLCPP                : enabled
20260911 230044.221 INFO             PET0  NUMBER_OF_PROCESSORS 1
20260911 230044.221 INFO             PET0  PASS  Example ESMF_XGridSparseMatEx, ESMF_XGridSparseMatEx.F90, line 642
20260911 230044.221 INFO             PET0  Finalizing ESMF
