2026-09-19 22:43:46
--- ESMCI::Array::print start ---
 Base name    = Array002
--- ESMCI::Array::print start ---
 Base name    = Array002
--- ESMCI::Array::print start ---
 Base name    = Array002
--- ESMCI::Array::print start ---
 Base name    = Array002
 Status: Base = Ready,  object = Ready
 Proxy        = no
 Root Info (Attributes):
 Status: Base = Ready,  object = Ready
 Proxy        = no
 Root Info (Attributes):
 Status: Base = Ready,  object = Ready
 Proxy        = no
 Root Info (Attributes):
 Status: Base = Ready,  object = Ready
 Proxy        = no
 Root Info (Attributes):
{
  "ESMF": {
    "Instance": {
{
  "ESMF": {
    "Instance": {
      "NamedAliasCount": 0
    }
  }
      "NamedAliasCount": 0
    }
  }
}Array typekind/rank: Real*8 / 2 
~ lower class' values ~
}Array typekind/rank: Real*8 / 2 
~ lower class' values ~
{
  "ESMF": {
    "Instance": {
      "NamedAliasCount": 0
    }
  }
}DistGrid dimCount = 2
deCount = 4
DistGrid dimCount = 2
{
localDeCount = 1
deCount = 4
  "ESMF": {
Array typekind/rank: Real*8 / 2 
~ lower class' values ~
DistGrid dimCount = 2
deCount = 4
localDeCount = 1
~ local data in LocalArray for DE 0 ~
LocalArrayPrint: Array at address 0x113604cb0:
            rank = 2, typekind = 6, base_addr = 0x104da8030
            dim[0] = 14  dim[1] = 14  
~ local data in LocalArray for DE 2 ~
LocalArrayPrint: Array at address 0x16000e1a0:
            rank = 2, typekind = 6, base_addr = 0x102404030
            dim[0] = 14  dim[1] = 14  
  Real, *8, Dim 2, Data values:
(-1,-1) =  36.71
( 0,-1) =  36.71
( 1,-1) =  36.71
( 2,-1) =  36.71
( 3,-1) =  36.71
localDeCount = 1
~ local data in LocalArray for DE 3 ~
LocalArrayPrint: Array at address 0x12861a460:
            rank = 2, typekind = 6, base_addr = 0x1025d0030
            dim[0] = 14  dim[1] = 14  
  Real, *8, Dim 2, Data values:
(-1,-1) =  36.71
( 0,-1) =  36.71
( 1,-1) =  36.71
( 2,-1) =  36.71
    "Instance": {
      "NamedAliasCount": 0
    }
  }
  Real, *8, Dim 2, Data values:
(-1,-1) =  36.71
( 0,-1) =  36.71
( 1,-1) =  36.71
( 4,-1) =  36.71
( 5,-1) =  36.71
( 6,-1) =  36.71
( 3,-1) =  36.71
( 4,-1) =  36.71
( 5,-1) =  36.71
( 6,-1) =  36.71
( 2,-1) =  36.71
( 3,-1) =  36.71
( 4,-1) =  36.71
( 5,-1) =  36.71
( 7,-1) =  36.71
( 8,-1) =  36.71
( 7,-1) =  36.71
( 8,-1) =  36.71
}Array typekind/rank: Real*8 / 2 
  skipping to end ...
( 3,12) =  36.71
( 4,12) =  36.71
( 5,12) =  36.71
( 6,-1) =  36.71
( 7,-1) =  36.71
( 8,-1) =  36.71
  skipping to end ...
~ lower class' values ~
( 6,12) =  36.71
( 7,12) =  36.71
( 8,12) =  36.71
( 3,12) =  36.71
( 4,12) =  36.71
( 5,12) =  36.71
  skipping to end ...
( 3,12) =  36.71
( 4,12) =  36.71
( 9,12) =  36.71
( 6,12) =  36.71
( 7,12) =  36.71
( 5,12) =  36.71
( 6,12) =  36.71
(10,12) =  36.71
(11,12) =  36.71
( 8,12) =  36.71
( 9,12) =  36.71
( 7,12) =  36.71
( 8,12) =  36.71
(12,12) =  36.71
--- ESMCI::Array::print end ---
(10,12) =  36.71
( 9,12) =  36.71
(10,12) =  36.71
(11,12) =  36.71
(12,12) =  36.71
DistGrid dimCount = 2
(11,12) =  36.71
(12,12) =  36.71
--- ESMCI::Array::print end ---
 localSum=   3.6710000000000027E+03
--- ESMCI::Array::print end ---
deCount = 4
 localSum=   3.6710000000000027E+03
localDeCount = 1
  PASS  Example ESMF_ArrayFarrayHaloEx, ESMF_ArrayFarrayHaloEx.F90, line 177
 localSum=   3.6710000000000027E+03
  PASS  Example ESMF_ArrayFarrayHaloEx, ESMF_ArrayFarrayHaloEx.F90, line 177
~ local data in LocalArray for DE 1 ~
  PASS  Example ESMF_ArrayFarrayHaloEx, ESMF_ArrayFarrayHaloEx.F90, line 177
LocalArrayPrint: Array at address 0x12f71e390:
            rank = 2, typekind = 6, base_addr = 0x1029d4030
            dim[0] = 14  dim[1] = 14  
  Real, *8, Dim 2, Data values:
(-1,-1) =  36.71
( 0,-1) =  36.71
( 1,-1) =  36.71
( 2,-1) =  36.71
( 3,-1) =  36.71
( 4,-1) =  36.71
( 5,-1) =  36.71
( 6,-1) =  36.71
( 7,-1) =  36.71
( 8,-1) =  36.71
  skipping to end ...
( 3,12) =  36.71
( 4,12) =  36.71
( 5,12) =  36.71
( 6,12) =  36.71
( 7,12) =  36.71
( 8,12) =  36.71
( 9,12) =  36.71
(10,12) =  36.71
(11,12) =  36.71
(12,12) =  36.71
--- ESMCI::Array::print end ---
 localSum=   3.6710000000000027E+03
  PASS  Example ESMF_ArrayFarrayHaloEx, ESMF_ArrayFarrayHaloEx.F90, line 177
 PASS: ESMF_ArrayFarrayHaloEx.F90
 PASS: ESMF_ArrayFarrayHaloEx.F90
 PASS: ESMF_ArrayFarrayHaloEx.F90
 PASS: ESMF_ArrayFarrayHaloEx.F90
