2026-09-20 22:51:01
--- ESMCI::Array::print start ---
 Base name    = Array002
 Status: Base = Ready,  object = Ready
--- ESMCI::Array::print start ---
 Base name    = Array002
 Status: Base = Ready,  object = Ready
 Proxy        = no
 Root Info (Attributes):
--- ESMCI::Array::print start ---
 Base name    = Array002
 Status: Base = Ready,  object = Ready
 Proxy        = no
 Root Info (Attributes):
 Proxy        = no
 Root Info (Attributes):
--- ESMCI::Array::print start ---
{
  "ESMF": {
    "Instance": {
{
  "ESMF": {
    "Instance": {
{
  "ESMF": {
    "Instance": {
      "NamedAliasCount": 0
      "NamedAliasCount": 0
    }
      "NamedAliasCount": 0
    }
  }
 Base name    = Array002
    }
  }
  }
}}Array typekind/rank: Real*8 / 2 
 Status: Base = Ready,  object = Ready
}Array typekind/rank: Real*8 / 2 
~ lower class' values ~
DistGrid dimCount = 2
deCount = 4
localDeCount = 1
~ local data in LocalArray for DE 1 ~
LocalArrayPrint: Array at address 0x148e22100:
            rank = 2, typekind = 6, base_addr = 0x102a1f2d0
            dim[0] = 2  dim[1] = 2  
  Real, *8, Dim 2, Data values:
( 1, 1) =  101
( 2, 1) =  101
( 1, 2) =  101
( 2, 2) =  101
--- ESMCI::Array::print end ---
--- ESMCI::Array::print start ---
 Base name    = Array003
 Proxy        = no
 Root Info (Attributes):
{
  "ESMF": {
    "Instance": {
      "NamedAliasCount": 0
~ lower class' values ~
DistGrid dimCount = 2
deCount = 4
localDeCount = 1
~ local data in LocalArray for DE 2 ~
LocalArrayPrint: Array at address 0x13d70eb00:
            rank = 2, typekind = 6, base_addr = 0x1063d72d0
            dim[0] = 2  dim[1] = 2  
  Real, *8, Dim 2, Data values:
( 1, 1) =  102
( 2, 1) =  102
( 1, 2) =  102
( 2, 2) =  102
--- ESMCI::Array::print end ---
--- ESMCI::Array::print start ---
 Base name    = Array003
 Status: Base = Ready,  object = Ready
 Proxy        = no
Array typekind/rank: Real*8 / 2 
~ lower class' values ~
DistGrid dimCount = 2
deCount = 4
localDeCount = 1
~ local data in LocalArray for DE 3 ~
LocalArrayPrint: Array at address 0x14e91ced0:
            rank = 2, typekind = 6, base_addr = 0x1028132d0
            dim[0] = 2  dim[1] = 2  
  Real, *8, Dim 2, Data values:
( 1, 1) =  103
( 2, 1) =  103
( 1, 2) =  103
( 2, 2) =  103
--- ESMCI::Array::print end ---
--- ESMCI::Array::print start ---
 Base name    = Array003
 Status: Base = Ready,  object = Ready
 Proxy        = no
 Status: Base = Ready,  object = Ready
 Proxy        = no
 Root Info (Attributes):
{
  "ESMF": {
 Root Info (Attributes):
{
 Root Info (Attributes):
{
    "Instance": {
      "NamedAliasCount": 0
    }
  "ESMF": {
    "Instance": {
  "ESMF": {
    "Instance": {
      "NamedAliasCount": 0
  }
      "NamedAliasCount": 0
    }
  }
}Array typekind/rank: Real*8 / 2 
    }
  }
}~ lower class' values ~
}Array typekind/rank: Real*8 / 2 
DistGrid dimCount = 2
Array typekind/rank: Real*8 / 2 
~ lower class' values ~
DistGrid dimCount = 2
deCount = 4
localDeCount = 1
~ local data in LocalArray for DE 2 ~
LocalArrayPrint: Array at address 0x13d70ee30:
            rank = 2, typekind = 6, base_addr = 0x1063d7300
deCount = 4
localDeCount = 1
~ local data in LocalArray for DE 1 ~
LocalArrayPrint: Array at address 0x148e22600:
            rank = 2, typekind = 6, base_addr = 0x102a1f300
            dim[0] = 2  dim[1] = 2  
  Real, *8, Dim 2, Data values:
( 1, 1) =  201
~ lower class' values ~
DistGrid dimCount = 2
deCount = 4
localDeCount = 1
~ local data in LocalArray for DE 3 ~
LocalArrayPrint: Array at address 0x14e91c380:
            rank = 2, typekind = 6, base_addr = 0x102813300
            dim[0] = 2  dim[1] = 2  
            dim[0] = 2  dim[1] = 2  
  Real, *8, Dim 2, Data values:
( 2, 1) =  201
    }
  Real, *8, Dim 2, Data values:
( 1, 1) =  203
  }
( 1, 2) =  201
( 1, 1) =  202
( 2, 1) =  202
( 2, 1) =  203
( 2, 2) =  201
( 1, 2) =  202
--- ESMCI::Array::print end ---
--- ESMCI::Array::print start ---
( 1, 2) =  203
( 2, 2) =  203
 Base name    = Array004
--- ESMCI::Array::print end ---
( 2, 2) =  202
--- ESMCI::Array::print end ---
}Array typekind/rank: Real*8 / 2 
--- ESMCI::Array::print start ---
 Base name    = Array004
--- ESMCI::Array::print start ---
 Base name    = Array004
 Status: Base = Ready,  object = Ready
 Proxy        = no
~ lower class' values ~
 Status: Base = Ready,  object = Ready
 Proxy        = no
 Status: Base = Ready,  object = Ready
 Proxy        = no
 Root Info (Attributes):
{
  "ESMF": {
 Root Info (Attributes):
{
  "ESMF": {
 Root Info (Attributes):
{
  "ESMF": {
DistGrid dimCount = 2
    "Instance": {
      "NamedAliasCount": 0
    "Instance": {
    "Instance": {
      "NamedAliasCount": 0
    }
      "NamedAliasCount": 0
    }
  }
    }
  }
}Array typekind/rank: Real*8 / 2 
deCount = 4
  }
}localDeCount = 1
}Array typekind/rank: Real*8 / 2 
~ lower class' values ~
Array typekind/rank: Real*8 / 2 
DistGrid dimCount = 2
deCount = 4
~ lower class' values ~
DistGrid dimCount = 2
deCount = 4
~ lower class' values ~
DistGrid dimCount = 2
deCount = 4
localDeCount = 1
~ local data in LocalArray for DE 1 ~
localDeCount = 1
~ local data in LocalArray for DE 3 ~
localDeCount = 1
~ local data in LocalArray for DE 2 ~
LocalArrayPrint: Array at address 0x148e22930:
            rank = 2, typekind = 6, base_addr = 0x102a1f330
LocalArrayPrint: Array at address 0x13d70f160:
LocalArrayPrint: Array at address 0x14e91de30:
            rank = 2, typekind = 6, base_addr = 0x1063d7330
            rank = 2, typekind = 6, base_addr = 0x102813330
            dim[0] = 4  dim[1] = 4  
            dim[0] = 4  dim[1] = 4  
  Real, *8, Dim 2, Data values:
            dim[0] = 4  dim[1] = 4  
  Real, *8, Dim 2, Data values:
  Real, *8, Dim 2, Data values:
( 0, 0) =  301
( 1, 0) =  301
( 0, 0) =  302
( 1, 0) =  300
( 0, 0) =  300
( 1, 0) =  301
( 2, 0) =  301
( 2, 0) =  301
( 3, 0) =  301
( 2, 0) =  300
( 3, 0) =  301
( 0, 1) =  300
( 1, 1) =  301
( 3, 0) =  303
( 0, 1) =  302
( 0, 1) =  302
( 1, 1) =  302
( 2, 1) =  301
( 3, 1) =  301
( 1, 1) =  303
( 2, 1) =  303
( 2, 1) =  302
( 3, 1) =  303
( 3, 1) =  303
( 0, 2) =  300
( 1, 2) =  301
( 0, 2) =  302
( 0, 2) =  302
( 2, 2) =  301
( 1, 2) =  302
( 2, 2) =  302
( 1, 2) =  303
( 2, 2) =  303
( 3, 2) =  301
( 0, 3) =  302
( 3, 2) =  303
( 0, 3) =  303
( 3, 2) =  303
( 0, 3) =  302
( 1, 3) =  303
( 2, 3) =  303
( 1, 3) =  303
( 1, 3) =  302
( 2, 3) =  302
( 3, 3) =  301
--- ESMCI::Array::print end ---
( 2, 3) =  303
( 3, 3) =  303
--- ESMCI::Array::print start ---
--- ESMCI::Array::print end ---
( 3, 3) =  302
--- ESMCI::Array::print end ---
--- ESMCI::Array::print start ---
 Base name    = Array005
--- ESMCI::Array::print start ---
 Base name    = Array005
 Status: Base = Ready,  object = Ready
 Base name    = Array005
 Proxy        = no
 Status: Base = Ready,  object = Ready
 Status: Base = Ready,  object = Ready
 Proxy        = no
 Root Info (Attributes):
 Proxy        = no
 Root Info (Attributes):
{
  "ESMF": {
 Root Info (Attributes):
{
    "Instance": {
      "NamedAliasCount": 0
{
  "ESMF": {
  "ESMF": {
    "Instance": {
    }
  }
    "Instance": {
      "NamedAliasCount": 0
      "NamedAliasCount": 0
    }
}Array typekind/rank: Real*8 / 2 
    }
  }
  }
}~ lower class' values ~
DistGrid dimCount = 2
}Array typekind/rank: Real*8 / 2 
Array typekind/rank: Real*8 / 2 
~ lower class' values ~
~ lower class' values ~
deCount = 4
localDeCount = 1
DistGrid dimCount = 2
DistGrid dimCount = 2
deCount = 4
deCount = 4
~ local data in LocalArray for DE 1 ~
localDeCount = 1
localDeCount = 1
LocalArrayPrint: Array at address 0x148e22c60:
            rank = 2, typekind = 6, base_addr = 0x102a1f3c0
~ local data in LocalArray for DE 3 ~
~ local data in LocalArray for DE 2 ~
LocalArrayPrint: Array at address 0x14e91e160:
LocalArrayPrint: Array at address 0x13d70f4c0:
            rank = 2, typekind = 6, base_addr = 0x1063d73c0
            dim[0] = 4  dim[1] = 4  
  Real, *8, Dim 2, Data values:
            rank = 2, typekind = 6, base_addr = 0x1028133c0
            dim[0] = 4  dim[1] = 4  
            dim[0] = 4  dim[1] = 4  
  Real, *8, Dim 2, Data values:
( 0, 0) =  400
  Real, *8, Dim 2, Data values:
( 0, 0) =  402
( 0, 0) =  401
( 1, 0) =  401
( 2, 0) =  401
( 1, 0) =  401
( 1, 0) =  400
( 2, 0) =  400
( 2, 0) =  401
( 3, 0) =  401
( 3, 0) =  403
( 0, 1) =  400
( 3, 0) =  401
( 0, 1) =  402
( 0, 1) =  402
( 1, 1) =  401
( 2, 1) =  401
( 1, 1) =  403
( 2, 1) =  403
( 1, 1) =  402
( 2, 1) =  402
( 3, 1) =  401
( 0, 2) =  400
( 3, 1) =  403
( 3, 1) =  403
( 0, 2) =  402
( 1, 2) =  401
( 2, 2) =  401
( 0, 2) =  402
( 1, 2) =  403
( 1, 2) =  402
( 2, 2) =  402
( 3, 2) =  401
( 0, 3) =  402
( 2, 2) =  403
( 3, 2) =  403
( 0, 3) =  403
( 3, 2) =  403
( 0, 3) =  402
( 1, 3) =  403
( 2, 3) =  403
( 1, 3) =  403
( 2, 3) =  403
( 1, 3) =  402
( 2, 3) =  402
( 3, 3) =  401
--- ESMCI::Array::print end ---
( 3, 3) =  403
--- ESMCI::Array::print end ---
( 3, 3) =  402
--- ESMCI::Array::print end ---
--- ESMCI::Array::print start ---
 Base name    = Array006
--- ESMCI::Array::print start ---
--- ESMCI::Array::print start ---
 Base name    = Array006
 Status: Base = Ready,  object = Ready
 Proxy        = no
 Base name    = Array006
 Status: Base = Ready,  object = Ready
 Status: Base = Ready,  object = Ready
 Proxy        = no
 Root Info (Attributes):
 Proxy        = no
 Root Info (Attributes):
 Root Info (Attributes):
{
{
  "ESMF": {
    "Instance": {
  "ESMF": {
    "Instance": {
      "NamedAliasCount": 0
    }
{
  "ESMF": {
    "Instance": {
      "NamedAliasCount": 0
    }
      "NamedAliasCount": 0
    }
  }
  }
}  }
}}Array typekind/rank: Real*8 / 2 
Array typekind/rank: Real*8 / 2 
~ lower class' values ~
DistGrid dimCount = 2
Array typekind/rank: Real*8 / 2 
~ lower class' values ~
~ lower class' values ~
DistGrid dimCount = 2
deCount = 4
DistGrid dimCount = 2
deCount = 4
deCount = 4
localDeCount = 1
~ local data in LocalArray for DE 1 ~
~ local data in LocalArray for DE 0 ~
LocalArrayPrint: Array at address 0x129e04730:
localDeCount = 1
~ local data in LocalArray for DE 3 ~
LocalArrayPrint: Array at address 0x14e91e490:
LocalArrayPrint: Array at address 0x148e22f90:
            rank = 2, typekind = 6, base_addr = 0x102a1f120
            rank = 2, typekind = 6, base_addr = 0x105daf2d0
            dim[0] = 2  dim[1] = 2  
localDeCount = 1
~ local data in LocalArray for DE 2 ~
LocalArrayPrint: Array at address 0x13d70f7f0:
            rank = 2, typekind = 6, base_addr = 0x1063d7120
            dim[0] = 4  dim[1] = 3  
            rank = 2, typekind = 6, base_addr = 0x102813120
            dim[0] = 4  dim[1] = 3  
  Real, *8, Dim 2, Data values:
  Real, *8, Dim 2, Data values:
( 1, 1) =  100
            dim[0] = 4  dim[1] = 3  
  Real, *8, Dim 2, Data values:
( 0, 0) =  501
( 2, 1) =  100
( 1, 2) =  100
  Real, *8, Dim 2, Data values:
( 0, 0) =  502
( 1, 0) =  500
( 0, 0) =  500
( 1, 0) =  501
( 1, 0) =  501
( 2, 0) =  501
( 2, 0) =  500
( 2, 2) =  100
--- ESMCI::Array::print end ---
( 3, 0) =  501
( 0, 1) =  502
( 3, 0) =  501
( 0, 1) =  500
( 2, 0) =  501
( 3, 0) =  503
( 0, 1) =  502
( 1, 1) =  502
( 2, 1) =  502
( 1, 1) =  501
( 2, 1) =  501
( 3, 1) =  501
( 1, 1) =  503
( 2, 1) =  503
--- ESMCI::Array::print start ---
 Base name    = Array003
 Status: Base = Ready,  object = Ready
 Proxy        = no
 Root Info (Attributes):
( 3, 1) =  503
( 0, 2) =  502
( 1, 2) =  502
( 0, 2) =  500
( 1, 2) =  501
( 3, 1) =  503
( 0, 2) =  502
( 2, 2) =  502
( 2, 2) =  501
( 3, 2) =  501
( 1, 2) =  503
( 2, 2) =  503
{
  "ESMF": {
( 3, 2) =  503
--- ESMCI::Array::print end ---
--- ESMCI::Array::print end ---
( 3, 2) =  503
--- ESMCI::Array::print end ---
    "Instance": {
      "NamedAliasCount": 0
    }
  }
}Array typekind/rank: Real*8 / 2 
  PASS  Example ESMF_ArrayBundleHaloEx, ESMF_ArrayBundleHaloEx.F90, line 172
  PASS  Example ESMF_ArrayBundleHaloEx, ESMF_ArrayBundleHaloEx.F90, line 172
~ lower class' values ~
DistGrid dimCount = 2
deCount = 4
  PASS  Example ESMF_ArrayBundleHaloEx, ESMF_ArrayBundleHaloEx.F90, line 172
localDeCount = 1
~ local data in LocalArray for DE 0 ~
LocalArrayPrint: Array at address 0x129e04a60:
            rank = 2, typekind = 6, base_addr = 0x105daf300
            dim[0] = 2  dim[1] = 2  
  Real, *8, Dim 2, Data values:
( 1, 1) =  200
( 2, 1) =  200
( 1, 2) =  200
( 2, 2) =  200
--- ESMCI::Array::print end ---
--- ESMCI::Array::print start ---
 Base name    = Array004
 Status: Base = Ready,  object = Ready
 Proxy        = no
 Root Info (Attributes):
{
  "ESMF": {
    "Instance": {
      "NamedAliasCount": 0
    }
  }
}Array typekind/rank: Real*8 / 2 
~ lower class' values ~
DistGrid dimCount = 2
deCount = 4
localDeCount = 1
~ local data in LocalArray for DE 0 ~
LocalArrayPrint: Array at address 0x129e04d90:
            rank = 2, typekind = 6, base_addr = 0x105daf330
            dim[0] = 4  dim[1] = 4  
  Real, *8, Dim 2, Data values:
( 0, 0) =  300
( 1, 0) =  300
( 2, 0) =  300
( 3, 0) =  300
( 0, 1) =  300
( 1, 1) =  300
( 2, 1) =  300
( 3, 1) =  301
( 0, 2) =  300
( 1, 2) =  300
( 2, 2) =  300
( 3, 2) =  301
( 0, 3) =  300
( 1, 3) =  302
( 2, 3) =  302
( 3, 3) =  303
--- ESMCI::Array::print end ---
--- ESMCI::Array::print start ---
 Base name    = Array005
 Status: Base = Ready,  object = Ready
 Proxy        = no
 Root Info (Attributes):
{
  "ESMF": {
    "Instance": {
      "NamedAliasCount": 0
    }
  }
}Array typekind/rank: Real*8 / 2 
~ lower class' values ~
DistGrid dimCount = 2
deCount = 4
localDeCount = 1
~ local data in LocalArray for DE 0 ~
LocalArrayPrint: Array at address 0x129e050c0:
            rank = 2, typekind = 6, base_addr = 0x105daf3c0
            dim[0] = 4  dim[1] = 4  
  Real, *8, Dim 2, Data values:
( 0, 0) =  400
( 1, 0) =  400
( 2, 0) =  400
( 3, 0) =  400
( 0, 1) =  400
( 1, 1) =  400
( 2, 1) =  400
( 3, 1) =  401
( 0, 2) =  400
( 1, 2) =  400
( 2, 2) =  400
( 3, 2) =  401
( 0, 3) =  400
( 1, 3) =  402
( 2, 3) =  402
( 3, 3) =  403
--- ESMCI::Array::print end ---
--- ESMCI::Array::print start ---
 Base name    = Array006
 Status: Base = Ready,  object = Ready
 Proxy        = no
 Root Info (Attributes):
{
  "ESMF": {
    "Instance": {
      "NamedAliasCount": 0
    }
  }
}Array typekind/rank: Real*8 / 2 
~ lower class' values ~
DistGrid dimCount = 2
deCount = 4
localDeCount = 1
~ local data in LocalArray for DE 0 ~
LocalArrayPrint: Array at address 0x129e053f0:
            rank = 2, typekind = 6, base_addr = 0x105daf120
            dim[0] = 4  dim[1] = 3  
  Real, *8, Dim 2, Data values:
( 0, 0) =  500
( 1, 0) =  500
( 2, 0) =  500
( 3, 0) =  500
( 0, 1) =  500
( 1, 1) =  500
( 2, 1) =  500
( 3, 1) =  501
( 0, 2) =  500
( 1, 2) =  500
( 2, 2) =  500
( 3, 2) =  501
--- ESMCI::Array::print end ---
  PASS  Example ESMF_ArrayBundleHaloEx, ESMF_ArrayBundleHaloEx.F90, line 172
 PASS: ESMF_ArrayBundleHaloEx.F90
 PASS: ESMF_ArrayBundleHaloEx.F90
 PASS: ESMF_ArrayBundleHaloEx.F90
 PASS: ESMF_ArrayBundleHaloEx.F90
