2026-09-15 22:39:05
--- ESMCI::ArrayBundle::print start ---
ArrayBundle: MyArrayBundle
arrayCount = 3
Container::print() multipmap:item=0 key=AonFly value=0x13400d000
--- ESMCI::ArrayBundle::print start ---
ArrayBundle: MyArrayBundle
arrayCount = 3
Container::print() multipmap:item=0 key=AonFly value=0x12c051200
Container::print() multipmap:item=1 key=Array002 value=0x12c04fa00
Container::print() multipmap:item=2 key=Array003 value=0x12c050000
Container::print()      list:item=0 key=Array002 value=0x12c04fa00
Container::print()      list:item=1 key=Array003 value=0x12c050000
Container::print()      list:item=2 key=AonFly value=0x12c051200
--- ESMCI::ArrayBundle::print start ---
ArrayBundle: MyArrayBundle
arrayCount = 3
Container::print() multipmap:item=0 key=AonFly value=0x13c811400
Container::print() multipmap:item=1 key=Array002 value=0x13c80cc00
Container::print() multipmap:item=2 key=Array003 value=0x13c80d200
Container::print()      list:item=0 key=Array002 value=0x13c80cc00
Container::print()      list:item=1 key=Array003 value=0x13c80d200
Container::print()      list:item=2 key=AonFly value=0x13c811400
--- ESMCI::ArrayBundle::print end ---
Container::print() multipmap:item=1 key=Array002 value=0x13400b800
Container::print() multipmap:item=2 key=Array003 value=0x13400be00
Container::print()      list:item=0 key=Array002 value=0x13400b800
Container::print()      list:item=1 key=Array003 value=0x13400be00
Container::print()      list:item=2 key=AonFly value=0x13400d000
--- ESMCI::ArrayBundle::print end ---
--- ESMCI::ArrayBundle::print end ---
--- ESMCI::Array::print start ---
 Base name    = AonFly
--- ESMCI::Array::print start ---
 Base name    = AonFly
 Status: Base = Ready,  object = Ready
--- ESMCI::Array::print start ---
 Base name    = AonFly
 Status: Base = Ready,  object = Ready
 Proxy        = no
 Status: Base = Ready,  object = Ready
 Proxy        = no
 Root Info (Attributes):
 Proxy        = no
 Root Info (Attributes):
 Root Info (Attributes):
{
  "ESMF": {
    "Instance": {
{
  "ESMF": {
    "Instance": {
{
  "ESMF": {
    "Instance": {
      "NamedAliasCount": 0
      "NamedAliasCount": 0
    }
      "NamedAliasCount": 0
    }
    }
  }
}  }
}  }
}Array typekind/rank: Real*4 / 2 
~ lower class' values ~
Array typekind/rank: Real*4 / 2 
~ lower class' values ~
Array typekind/rank: Real*4 / 2 
~ lower class' values ~
DistGrid dimCount = 2
DistGrid dimCount = 2
deCount = 6
DistGrid dimCount = 2
deCount = 6
deCount = 6
localDeCount = 1
localDeCount = 1
localDeCount = 2
~ local data in LocalArray for DE 2 ~
~ local data in LocalArray for DE 0 ~
LocalArrayPrint: Array at address 0x133e11040:
~ local data in LocalArray for DE 3 ~
LocalArrayPrint: Array at address 0x13c60b880:
LocalArrayPrint: Array at address 0x12be0e520:
            rank = 2, typekind = 5, base_addr = 0x103c67300
            dim[0] = 3  dim[1] = 2  
            rank = 2, typekind = 5, base_addr = 0x10645f3b0
            dim[0] = 3  dim[1] = 2  
  Real, *4, Dim 2, Data values:
            rank = 2, typekind = 5, base_addr = 0x1040bf380
            dim[0] = 2  dim[1] = 2  
  Real, *4, Dim 2, Data values:
  Real, *4, Dim 2, Data values:
( 1, 1) =  0
( 1, 1) =  0
( 1, 1) =  0
( 2, 1) =  0
( 2, 1) =  0
( 2, 1) =  0
( 3, 1) =  0
( 3, 1) =  0
( 1, 2) =  0
( 1, 2) =  0
( 2, 2) =  0
( 1, 2) =  0
( 2, 2) =  0
( 2, 2) =  0
--- ESMCI::Array::print end ---
--- ESMCI::Array::print start ---
( 3, 2) =  0
( 3, 2) =  0
--- ESMCI::Array::print end ---
~ local data in LocalArray for DE 4 ~
 Base name    = Array002
LocalArrayPrint: Array at address 0x133e11370:
            rank = 2, typekind = 5, base_addr = 0x10645f3e0
 Status: Base = Ready,  object = Ready
 Proxy        = no
 Root Info (Attributes):
--- ESMCI::Array::print start ---
 Base name    = Array002
 Status: Base = Ready,  object = Ready
            dim[0] = 3  dim[1] = 1  
  Real, *4, Dim 2, Data values:
( 1, 1) =  0
{
  "ESMF": {
 Proxy        = no
 Root Info (Attributes):
( 2, 1) =  0
( 3, 1) =  0
    "Instance": {
      "NamedAliasCount": 0
{
  "ESMF": {
--- ESMCI::Array::print end ---
--- ESMCI::Array::print start ---
    }
  }
    "Instance": {
      "NamedAliasCount": 0
 Base name    = Array002
}Array typekind/rank: Real*8 / 2 
    }
  }
 Status: Base = Ready,  object = Ready
 Proxy        = no
~ lower class' values ~
} Root Info (Attributes):
DistGrid dimCount = 2
Array typekind/rank: Real*8 / 2 
{
deCount = 6
  "ESMF": {
    "Instance": {
      "NamedAliasCount": 0
    }
  }
}Array typekind/rank: Real*8 / 2 
~ lower class' values ~
DistGrid dimCount = 2
deCount = 6
localDeCount = 1
~ local data in LocalArray for DE 2 ~
LocalArrayPrint: Array at address 0x12be0d490:
            rank = 2, typekind = 6, base_addr = 0x103c67290
            dim[0] = 3  dim[1] = 2  
localDeCount = 1
~ local data in LocalArray for DE 3 ~
LocalArrayPrint: Array at address 0x13c609fc0:
            rank = 2, typekind = 6, base_addr = 0x1040bf2d0
            dim[0] = 2  dim[1] = 2  
  Real, *8, Dim 2, Data values:
( 1, 1) =  0
( 2, 1) =  0
~ lower class' values ~
DistGrid dimCount = 2
deCount = 6
localDeCount = 2
  Real, *8, Dim 2, Data values:
( 1, 1) =  0
( 1, 2) =  0
( 2, 2) =  0
~ local data in LocalArray for DE 0 ~
LocalArrayPrint: Array at address 0x133e0f2f0:
( 2, 1) =  6.01347e-154
( 3, 1) =  6.01347e-154
( 1, 2) =  6.10916e+223
--- ESMCI::Array::print end ---
--- ESMCI::Array::print start ---
            rank = 2, typekind = 6, base_addr = 0x10645f290
            dim[0] = 3  dim[1] = 2  
( 2, 2) =  4.33046e-312
( 3, 2) =  0
 Base name    = Array003
 Status: Base = Ready,  object = Ready
  Real, *8, Dim 2, Data values:
( 1, 1) =  0
( 2, 1) =  6.01347e-154
--- ESMCI::Array::print end ---
--- ESMCI::Array::print start ---
 Proxy        = no
 Root Info (Attributes):
( 3, 1) =  6.01347e-154
 Base name    = Array003
{
  "ESMF": {
( 1, 2) =  6.10916e+223
( 2, 2) =  4.33046e-312
 Status: Base = Ready,  object = Ready
 Proxy        = no
 Root Info (Attributes):
    "Instance": {
      "NamedAliasCount": 0
( 3, 2) =  0
~ local data in LocalArray for DE 4 ~
{
    }
  }
LocalArrayPrint: Array at address 0x133e0f620:
  "ESMF": {
    "Instance": {
            rank = 2, typekind = 6, base_addr = 0x10645f2d0
}Array typekind/rank: Real*8 / 2 
            dim[0] = 3  dim[1] = 1  
      "NamedAliasCount": 0
~ lower class' values ~
DistGrid dimCount = 2
  Real, *8, Dim 2, Data values:
( 1, 1) =  0
    }
  }
deCount = 6
( 2, 1) =  0
localDeCount = 1
( 3, 1) =  0
--- ESMCI::Array::print end ---
}Array typekind/rank: Real*8 / 2 
~ lower class' values ~
~ local data in LocalArray for DE 3 ~
LocalArrayPrint: Array at address 0x13c60ab20:
--- ESMCI::Array::print start ---
 Base name    = Array003
            rank = 2, typekind = 6, base_addr = 0x1040bf300
            dim[0] = 2  dim[1] = 2  
DistGrid dimCount = 2
deCount = 6
 Status: Base = Ready,  object = Ready
 Proxy        = no
localDeCount = 1
  Real, *8, Dim 2, Data values:
( 1, 1) =  0
~ local data in LocalArray for DE 2 ~
 Root Info (Attributes):
( 2, 1) =  0
LocalArrayPrint: Array at address 0x12be0d7c0:
            rank = 2, typekind = 6, base_addr = 0x103c67250
{
  "ESMF": {
( 1, 2) =  0
( 2, 2) =  0
--- ESMCI::Array::print end ---
            dim[0] = 3  dim[1] = 2  
  Real, *8, Dim 2, Data values:
    "Instance": {
      "NamedAliasCount": 0
    }
( 1, 1) =  0
( 2, 1) =  6.01347e-154
( 3, 1) =  6.01347e-154
  }
}Array typekind/rank: Real*8 / 2 
( 1, 2) =  6.10916e+223
( 2, 2) =  4.33046e-312
~ lower class' values ~
( 3, 2) =  0
DistGrid dimCount = 2
deCount = 6
  PASS  Example ESMF_ArrayBundleEx, ESMF_ArrayBundleEx.F90, line 267
--- ESMCI::Array::print end ---
localDeCount = 2
~ local data in LocalArray for DE 0 ~
LocalArrayPrint: Array at address 0x133e0f950:
            rank = 2, typekind = 6, base_addr = 0x10645f250
            dim[0] = 3  dim[1] = 2  
  PASS  Example ESMF_ArrayBundleEx, ESMF_ArrayBundleEx.F90, line 267
  Real, *8, Dim 2, Data values:
( 1, 1) =  0
( 2, 1) =  6.01347e-154
( 3, 1) =  6.01347e-154
( 1, 2) =  6.10916e+223
( 2, 2) =  4.33046e-312
( 3, 2) =  0
~ local data in LocalArray for DE 4 ~
LocalArrayPrint: Array at address 0x133e0fc80:
            rank = 2, typekind = 6, base_addr = 0x10645f300
            dim[0] = 3  dim[1] = 1  
  Real, *8, Dim 2, Data values:
( 1, 1) =  0
( 2, 1) =  0
( 3, 1) =  0
--- ESMCI::Array::print end ---
  PASS  Example ESMF_ArrayBundleEx, ESMF_ArrayBundleEx.F90, line 267
--- ESMCI::ArrayBundle::print start ---
ArrayBundle: MyArrayBundle
arrayCount = 3
Container::print() multipmap:item=0 key=AonFly value=0x143015200
Container::print() multipmap:item=1 key=Array002 value=0x142820200
Container::print() multipmap:item=2 key=Array003 value=0x142825000
Container::print()      list:item=0 key=Array002 value=0x142820200
Container::print()      list:item=1 key=Array003 value=0x142825000
Container::print()      list:item=2 key=AonFly value=0x143015200
--- ESMCI::ArrayBundle::print end ---
--- ESMCI::Array::print start ---
 Base name    = AonFly
 Status: Base = Ready,  object = Ready
 Proxy        = no
 Root Info (Attributes):
{
  "ESMF": {
    "Instance": {
      "NamedAliasCount": 0
    }
  }
}Array typekind/rank: Real*4 / 2 
~ lower class' values ~
DistGrid dimCount = 2
deCount = 6
localDeCount = 2
~ local data in LocalArray for DE 1 ~
LocalArrayPrint: Array at address 0x1416126f0:
            rank = 2, typekind = 5, base_addr = 0x1025df400
            dim[0] = 2  dim[1] = 2  
  Real, *4, Dim 2, Data values:
( 1, 1) =  0
( 2, 1) =  0
( 1, 2) =  0
( 2, 2) =  0
~ local data in LocalArray for DE 5 ~
LocalArrayPrint: Array at address 0x141612a20:
            rank = 2, typekind = 5, base_addr = 0x1025df420
            dim[0] = 2  dim[1] = 1  
  Real, *4, Dim 2, Data values:
( 1, 1) =  0
( 2, 1) =  0
--- ESMCI::Array::print end ---
--- ESMCI::Array::print start ---
 Base name    = Array002
 Status: Base = Ready,  object = Ready
 Proxy        = no
 Root Info (Attributes):
{
  "ESMF": {
    "Instance": {
      "NamedAliasCount": 0
    }
  }
}Array typekind/rank: Real*8 / 2 
~ lower class' values ~
DistGrid dimCount = 2
deCount = 6
localDeCount = 2
~ local data in LocalArray for DE 1 ~
LocalArrayPrint: Array at address 0x142005d30:
            rank = 2, typekind = 6, base_addr = 0x1025df2d0
            dim[0] = 2  dim[1] = 2  
  Real, *8, Dim 2, Data values:
( 1, 1) =  0
( 2, 1) =  0
( 1, 2) =  0
( 2, 2) =  0
~ local data in LocalArray for DE 5 ~
LocalArrayPrint: Array at address 0x142006060:
            rank = 2, typekind = 6, base_addr = 0x1025df300
            dim[0] = 2  dim[1] = 1  
  Real, *8, Dim 2, Data values:
( 1, 1) =  0
( 2, 1) =  0
--- ESMCI::Array::print end ---
--- ESMCI::Array::print start ---
 Base name    = Array003
 Status: Base = Ready,  object = Ready
 Proxy        = no
 Root Info (Attributes):
{
  "ESMF": {
    "Instance": {
      "NamedAliasCount": 0
    }
  }
}Array typekind/rank: Real*8 / 2 
~ lower class' values ~
DistGrid dimCount = 2
deCount = 6
localDeCount = 2
~ local data in LocalArray for DE 1 ~
LocalArrayPrint: Array at address 0x142006390:
            rank = 2, typekind = 6, base_addr = 0x1025df320
            dim[0] = 2  dim[1] = 2  
  Real, *8, Dim 2, Data values:
( 1, 1) =  0
( 2, 1) =  0
( 1, 2) =  0
( 2, 2) =  0
~ local data in LocalArray for DE 5 ~
LocalArrayPrint: Array at address 0x1420066c0:
            rank = 2, typekind = 6, base_addr = 0x1025df350
            dim[0] = 2  dim[1] = 1  
  Real, *8, Dim 2, Data values:
( 1, 1) =  0
( 2, 1) =  0
--- ESMCI::Array::print end ---
  PASS  Example ESMF_ArrayBundleEx, ESMF_ArrayBundleEx.F90, line 267
 PASS: ESMF_ArrayBundleEx.F90
 PASS: ESMF_ArrayBundleEx.F90
 PASS: ESMF_ArrayBundleEx.F90
 PASS: ESMF_ArrayBundleEx.F90
