2026-09-07 23:00:19
20260908 041425.866 INFO             PET0 !!!!!!!!!!!!!!!!!!!!!!!!!!!!!!!!!!!!!!!!!!!!!!!!!!!!!!
20260908 041425.866 INFO             PET0 !!! THE ESMF_LOG IS SET TO OUTPUT ALL LOG MESSAGES !!!
20260908 041425.867 INFO             PET0 !!!     THIS MAY CAUSE SLOWDOWN IN PERFORMANCE     !!!
20260908 041425.867 INFO             PET0 !!! FOR PRODUCTION RUNS, USE:                      !!!
20260908 041425.867 INFO             PET0 !!!                   ESMF_LOGKIND_Multi_On_Error  !!!
20260908 041425.867 INFO             PET0 !!!!!!!!!!!!!!!!!!!!!!!!!!!!!!!!!!!!!!!!!!!!!!!!!!!!!!
20260908 041425.867 INFO             PET0 Running with ESMF Version   : feature/esmx-cmake+gdd1288b46b
20260908 041425.867 INFO             PET0 ESMF library build date/time: "Sep  7 2026" "22:58:17"
20260908 041425.867 INFO             PET0 ESMF library build location : /discover/nobackup/projects/gmao/SIteam/ESMF_Testing/gfortran_15.2.0_openmpi_O_feature_esmx-cmake/esmf
20260908 041425.867 INFO             PET0 ESMF_COMM                   : openmpi
20260908 041425.867 INFO             PET0 ESMF_MOAB                   : enabled
20260908 041425.867 INFO             PET0 ESMF_LAPACK                 : enabled
20260908 041425.867 INFO             PET0 ESMF_NETCDF                 : enabled
20260908 041425.867 INFO             PET0 ESMF_PNETCDF                : disabled
20260908 041425.867 INFO             PET0 ESMF_PIO                    : enabled
20260908 041425.867 INFO             PET0 ESMF_YAMLCPP                : enabled
20260908 041425.867 INFO             PET0  NUMBER_OF_PROCESSORS           4
20260908 041425.867 INFO             PET0  PASS  Example ESMF_VMUserMpiCommMultiEx, ESMF_VMUserMpiCommMultiEx.F90, line 126
20260908 041425.867 INFO             PET0  Finalizing ESMF with endflag==ESMF_END_KEEPMPI
20260908 041425.867 INFO             PET0 !!!!!!!!!!!!!!!!!!!!!!!!!!!!!!!!!!!!!!!!!!!!!!!!!!!!!!
20260908 041425.867 INFO             PET0 !!! THE ESMF_LOG IS SET TO OUTPUT ALL LOG MESSAGES !!!
20260908 041425.867 INFO             PET0 !!!     THIS MAY CAUSE SLOWDOWN IN PERFORMANCE     !!!
20260908 041425.867 INFO             PET0 !!! FOR PRODUCTION RUNS, USE:                      !!!
20260908 041425.867 INFO             PET0 !!!                   ESMF_LOGKIND_Multi_On_Error  !!!
20260908 041425.867 INFO             PET0 !!!!!!!!!!!!!!!!!!!!!!!!!!!!!!!!!!!!!!!!!!!!!!!!!!!!!!
20260908 041425.867 INFO             PET0 Running with ESMF Version   : feature/esmx-cmake+gdd1288b46b
20260908 041425.867 INFO             PET0 ESMF library build date/time: "Sep  7 2026" "22:58:17"
20260908 041425.867 INFO             PET0 ESMF library build location : /discover/nobackup/projects/gmao/SIteam/ESMF_Testing/gfortran_15.2.0_openmpi_O_feature_esmx-cmake/esmf
20260908 041425.867 INFO             PET0 ESMF_COMM                   : openmpi
20260908 041425.867 INFO             PET0 ESMF_MOAB                   : enabled
20260908 041425.867 INFO             PET0 ESMF_LAPACK                 : enabled
20260908 041425.867 INFO             PET0 ESMF_NETCDF                 : enabled
20260908 041425.867 INFO             PET0 ESMF_PNETCDF                : disabled
20260908 041425.867 INFO             PET0 ESMF_PIO                    : enabled
20260908 041425.867 INFO             PET0 ESMF_YAMLCPP                : enabled
20260908 041425.867 INFO             PET0  NUMBER_OF_PROCESSORS           4
20260908 041425.867 INFO             PET0  PASS  Example ESMF_VMUserMpiCommMultiEx, ESMF_VMUserMpiCommMultiEx.F90, line 154
20260908 041425.867 INFO             PET0  Finalizing ESMF with endflag==ESMF_END_KEEPMPI
20260908 041425.866 INFO             PET1 !!!!!!!!!!!!!!!!!!!!!!!!!!!!!!!!!!!!!!!!!!!!!!!!!!!!!!
20260908 041425.866 INFO             PET1 !!! THE ESMF_LOG IS SET TO OUTPUT ALL LOG MESSAGES !!!
20260908 041425.866 INFO             PET1 !!!     THIS MAY CAUSE SLOWDOWN IN PERFORMANCE     !!!
20260908 041425.866 INFO             PET1 !!! FOR PRODUCTION RUNS, USE:                      !!!
20260908 041425.866 INFO             PET1 !!!                   ESMF_LOGKIND_Multi_On_Error  !!!
20260908 041425.866 INFO             PET1 !!!!!!!!!!!!!!!!!!!!!!!!!!!!!!!!!!!!!!!!!!!!!!!!!!!!!!
20260908 041425.866 INFO             PET1 Running with ESMF Version   : feature/esmx-cmake+gdd1288b46b
20260908 041425.866 INFO             PET1 ESMF library build date/time: "Sep  7 2026" "22:58:17"
20260908 041425.866 INFO             PET1 ESMF library build location : /discover/nobackup/projects/gmao/SIteam/ESMF_Testing/gfortran_15.2.0_openmpi_O_feature_esmx-cmake/esmf
20260908 041425.866 INFO             PET1 ESMF_COMM                   : openmpi
20260908 041425.867 INFO             PET1 ESMF_MOAB                   : enabled
20260908 041425.867 INFO             PET1 ESMF_LAPACK                 : enabled
20260908 041425.867 INFO             PET1 ESMF_NETCDF                 : enabled
20260908 041425.867 INFO             PET1 ESMF_PNETCDF                : disabled
20260908 041425.867 INFO             PET1 ESMF_PIO                    : enabled
20260908 041425.867 INFO             PET1 ESMF_YAMLCPP                : enabled
20260908 041425.867 INFO             PET1  NUMBER_OF_PROCESSORS           4
20260908 041425.867 INFO             PET1  PASS  Example ESMF_VMUserMpiCommMultiEx, ESMF_VMUserMpiCommMultiEx.F90, line 126
20260908 041425.867 INFO             PET1  Finalizing ESMF with endflag==ESMF_END_KEEPMPI
20260908 041425.866 INFO             PET1 !!!!!!!!!!!!!!!!!!!!!!!!!!!!!!!!!!!!!!!!!!!!!!!!!!!!!!
20260908 041425.866 INFO             PET1 !!! THE ESMF_LOG IS SET TO OUTPUT ALL LOG MESSAGES !!!
20260908 041425.866 INFO             PET1 !!!     THIS MAY CAUSE SLOWDOWN IN PERFORMANCE     !!!
20260908 041425.866 INFO             PET1 !!! FOR PRODUCTION RUNS, USE:                      !!!
20260908 041425.866 INFO             PET1 !!!                   ESMF_LOGKIND_Multi_On_Error  !!!
20260908 041425.866 INFO             PET1 !!!!!!!!!!!!!!!!!!!!!!!!!!!!!!!!!!!!!!!!!!!!!!!!!!!!!!
20260908 041425.866 INFO             PET1 Running with ESMF Version   : feature/esmx-cmake+gdd1288b46b
20260908 041425.866 INFO             PET1 ESMF library build date/time: "Sep  7 2026" "22:58:17"
20260908 041425.866 INFO             PET1 ESMF library build location : /discover/nobackup/projects/gmao/SIteam/ESMF_Testing/gfortran_15.2.0_openmpi_O_feature_esmx-cmake/esmf
20260908 041425.866 INFO             PET1 ESMF_COMM                   : openmpi
20260908 041425.866 INFO             PET1 ESMF_MOAB                   : enabled
20260908 041425.866 INFO             PET1 ESMF_LAPACK                 : enabled
20260908 041425.866 INFO             PET1 ESMF_NETCDF                 : enabled
20260908 041425.866 INFO             PET1 ESMF_PNETCDF                : disabled
20260908 041425.866 INFO             PET1 ESMF_PIO                    : enabled
20260908 041425.866 INFO             PET1 ESMF_YAMLCPP                : enabled
20260908 041425.867 INFO             PET1  NUMBER_OF_PROCESSORS           4
20260908 041425.867 INFO             PET1  PASS  Example ESMF_VMUserMpiCommMultiEx, ESMF_VMUserMpiCommMultiEx.F90, line 154
20260908 041425.867 INFO             PET1  Finalizing ESMF with endflag==ESMF_END_KEEPMPI
