2026-09-07 01:32:44
20260907 020707.967 INFO             PET0 !!!!!!!!!!!!!!!!!!!!!!!!!!!!!!!!!!!!!!!!!!!!!!!!!!!!!!
20260907 020707.968 INFO             PET0 !!! THE ESMF_LOG IS SET TO OUTPUT ALL LOG MESSAGES !!!
20260907 020707.968 INFO             PET0 !!!     THIS MAY CAUSE SLOWDOWN IN PERFORMANCE     !!!
20260907 020707.968 INFO             PET0 !!! FOR PRODUCTION RUNS, USE:                      !!!
20260907 020707.968 INFO             PET0 !!!                   ESMF_LOGKIND_Multi_On_Error  !!!
20260907 020707.968 INFO             PET0 !!!!!!!!!!!!!!!!!!!!!!!!!!!!!!!!!!!!!!!!!!!!!!!!!!!!!!
20260907 020707.968 INFO             PET0 Running with ESMF Version   : develop+g4161bf9d44
20260907 020707.968 INFO             PET0 ESMF library build date/time: "Sep  7 2026" "01:29:11"
20260907 020707.968 INFO             PET0 ESMF library build location : /project/esmf/ESMF-Nightly-Testing-Izumi/gfortran_9.3.0_mpiuni_g_develop/esmf
20260907 020707.968 INFO             PET0 ESMF_COMM                   : mpiuni
20260907 020707.968 INFO             PET0 ESMF_MOAB                   : enabled
20260907 020707.968 INFO             PET0 ESMF_LAPACK                 : enabled
20260907 020707.968 INFO             PET0 ESMF_NETCDF                 : enabled
20260907 020707.968 INFO             PET0 ESMF_PNETCDF                : disabled
20260907 020707.968 INFO             PET0 ESMF_PIO                    : enabled
20260907 020707.968 INFO             PET0 ESMF_YAMLCPP                : enabled
20260907 020707.975 INFO             PET0 ESMF_FieldRedistStoreNF(): Just entered routine.
20260907 020708.638 INFO             PET0 ESMF_FieldRedistStoreNF(): Leaving routine.
20260907 020708.678 INFO             PET0  NUMBER_OF_PROCESSORS           1
20260907 020708.678 INFO             PET0  PASS  Example ESMF_RHandleFromFileEx, ESMF_RHandleFromFileEx.F90, line 192
20260907 020708.678 INFO             PET0  Finalizing ESMF
