2026-09-20 01:25:19
--- ESMCI::ArrayBundle::print start ---
ArrayBundle: MyArrayBundle
arrayCount = 3
--- ESMCI::ArrayBundle::print start ---
ArrayBundle: MyArrayBundle
arrayCount = 3
Container::print() multipmap:item=Container::print() multipmap:item=0 key=AonFly value=0 key=AonFly value=0x13bd7e0
Container::print() multipmap:item=1 key=0x1e5a750
Container::print() multipmap:item=1 key=Array002 value=0x1e56be0
Container::print() multipmap:item=Array002 value=0x13b9be0
Container::print() multipmap:item=2 key=Array003 value=0x13ba8d0
2 key=Array003 value=0x1e57890
Container::print()      list:item=0 key=Container::print()      list:item=0 key=Array002 value=0x1e56be0Array002 value=0x13b9be0
Container::print()      list:item=1 key=Array003 value=0x13ba8d0
Container::print()      list:item=1 key=Array003 value=0x1e57890
Container::print()      list:item=2 key=AonFly value=
Container::print()      list:item=2 key=AonFly value=0x13bd7e0
--- ESMCI::ArrayBundle::print end ---
0x1e5a750
--- ESMCI::ArrayBundle::print end ---
--- ESMCI::Array::print start ---
 Base name    = AonFly--- ESMCI::Array::print start ---
 Base name    = AonFly
 Status: Base = Ready,  object = 
 Status: Base = Ready,  object = Ready
 Proxy        = no
 Root Info (Attributes):
Ready
 Proxy        = no
 Root Info (Attributes):
{
  "ESMF": {
    "Instance": {
      "NamedAliasCount": 0
    }
  }
}{
  "ESMF": {
    "Instance": {
      "NamedAliasCount": 0
    }
  }
}Array typekind/rank: Real*4 / 2 
~ lower class' values ~
DistGrid dimCount = 2
Array typekind/rank: Real*4 / 2 
~ lower class' values ~
DistGrid dimCount = 2
deCount = 6
localDeCount = 1
~ local data in LocalArray for DE 2 ~
LocalArrayPrint: Array at address 0x13bd4b0:
            rank = 2, typekind = 5, deCount = 6
localDeCount = 1
~ local data in LocalArray for DE 3 ~
LocalArrayPrint: Array at address 0x1e5a420:
            rank = 2, typekind = 5, base_addr = 0x1e56810
            base_addr = 0x13b9810
            dim[0] = 3  dim[1] = 2  
  Real, *4, Dim 2, Data values:
dim[0] = 2  dim[1] = 2  
  Real, *4, Dim 2, Data values:
( 1, 1) =  3.44744e-38
( 2, 1) =  0
( 3, 1) =  0
( 1, 1) =  8.43075e-38
( 2, 1) =  0
( 1, 2) =  0
( 2, 2) =  0
--- ESMCI::Array::print end ---
( 1, 2) =  0
( 2, 2) =  0
( 3, 2) =  0
--- ESMCI::Array::print end ---
--- ESMCI::Array::print start ---
 Base name    = Array002
 Status: Base = Ready,  object = Ready--- ESMCI::Array::print start ---
 Base name    = Array002
 Status: Base = Ready,  object = Ready
 Proxy        = 
 Proxy        = no
 Root Info (Attributes):
no
 Root Info (Attributes):
{
  "ESMF": {
    "Instance": {
      "NamedAliasCount": 0
    }
  }
}Array typekind/rank: Real*8 / 2 
~ lower class' values ~{
  "ESMF": {
    "Instance": {
      "NamedAliasCount": 0
    }
  }
}Array typekind/rank: Real*8 / 2 
~ lower class' values ~
DistGrid dimCount = 2
deCount = 6
localDeCount = 1
~ local data in LocalArray for DE 3 ~
LocalArrayPrint: Array at address 0x1e568b0:

DistGrid dimCount = 2
deCount = 6
localDeCount = 1
~ local data in LocalArray for DE 2 ~
LocalArrayPrint: Array at address 0x13b98b0:
            rank = 2, typekind = 6, base_addr = 0x138fe20
                        rank = 2, typekind = 6, base_addr = 0x1e2c120
            dim[0] = 2  dim[1] = 2  
  Real, *8, Dim 2, Data values:
dim[0] = 3  dim[1] = 2  
  Real, *8, Dim 2, Data values:
( 1, 1) =  1.56307e-316
( 2, 1) =  0
( 1, 2) =  0
( 2, 2) =  0
( 1, 1) =  1.02179e-316
( 2, 1) =  4.24399e-314
( 3, 1) =  4.24399e-314
--- ESMCI::Array::print end ---
--- ESMCI::Array::print start ---
 Base name    = Array003
 Status: Base = Ready,  object = Ready
( 1, 2) =  4.24399e-314
( 2, 2) =  2.122e-314
( 3, 2) =  2.122e-314
--- ESMCI::Array::print end ---
 Proxy        = no
 Root Info (Attributes):
--- ESMCI::Array::print start ---
 Base name    = Array003
 Status: Base = Ready,  object = Ready
 Proxy        = --- ESMCI::ArrayBundle::print start ---
--- ESMCI::ArrayBundle::print start ---
ArrayBundle: MyArrayBundle
no
 Root Info (Attributes):
{
  "ESMF": {
    "Instance": {
      "NamedAliasCount": 0
    }
  }
}Array typekind/rank: Real*8 / 2 
~ lower class' values ~
DistGrid dimCount = 2
deCount = 6
localDeCount = 1
~ local data in LocalArray for DE 3 ~
LocalArrayPrint: Array at address 0x1e57560:
            rank = 2, typekind = 6, base_addr = 0x1e2bac0
            ArrayBundle: MyArrayBundle
arrayCount = 3
arrayCount = 3
{
  "ESMF": {
    "Instance": {
      "NamedAliasCount": 0
    }
  }
}Array typekind/rank: Real*8 / 2 
~ lower class' values ~
DistGrid dimCount = 2
deCount = 6
localDeCount = 1
~ local data in LocalArray for DE 2 ~
LocalArrayPrint: Array at address 0x13ba5a0:
            rank = 2, typekind = 6, base_addr = 0x13b91d0
            dim[0] = 2  dim[1] = 2  
  Real, *8, Dim 2, Data values:
( 1, 1) =  1.56307e-316
( 2, 1) =  6.97844e+252
( 1, 2) =  1.56155e-317
Container::print() multipmap:item=0 key=Container::print() multipmap:item=0 key=AonFly value=dim[0] = 3  dim[1] = 2  
  Real, *8, Dim 2, Data values:
( 1, 1) =  0
( 2, 1) =  5.04759e+223
( 2, 2) =  0
--- ESMCI::Array::print end ---
AonFly value=0x1cc7a90
Container::print() multipmap:item=1 key=Array002 value=0x1cc30b0
Container::print() multipmap:item=20x7749c0
Container::print() multipmap:item=1 key=Array002 value=0x7700a0
Container::print() multipmap:item=2 key=Array003 value=0x771080
( 3, 1) =  5.29584e+160
( 1, 2) =  6.0871e+247
( 2, 2) =  2.25703e-76
( 3, 2) =  1.0614e-313
--- ESMCI::Array::print end ---
 key=Array003 value=0x1cc4110
Container::print()      list:item=0 key=Container::print()      list:item=0 key=Array002 value=Array002 value=0x1cc30b0
Container::print()      list:item=1 key=Array0030x7700a0
Container::print()      list:item=1 key=Array003 value=0x771080
Container::print()      list:item=2 key= value=0x1cc4110
Container::print()      list:item=2 key=AonFly value=0x1cc7a90
--- ESMCI::ArrayBundle::print end ---AonFly value=0x7749c0
--- ESMCI::ArrayBundle::print end ---

  PASS  Example ESMF_ArrayBundleEx, ESMF_ArrayBundleEx.F90, line 267
  PASS  Example ESMF_ArrayBundleEx, ESMF_ArrayBundleEx.F90, line 267
--- ESMCI::Array::print start ---
 Base name    = --- ESMCI::Array::print start ---
 Base name    = AonFlyAonFly
 Status: Base = 
 Status: Base = Ready,  object = Ready
Ready,  object = Ready
 Proxy        = no
 Root Info (Attributes):
 Proxy        = no
 Root Info (Attributes):
{
  "ESMF": {
    "Instance": {
      "NamedAliasCount": 0
    }
  }
}{
  "ESMF": {
    "Instance": {
      "NamedAliasCount": 0
    }
  }
}Array typekind/rank: Real*4 / 2 
~ lower class' values ~
DistGrid dimCount = 2
Array typekind/rank: Real*4 / 2 
~ lower class' values ~
DistGrid dimCount = 2
deCount = 6
localDeCount = 2
~ local data in LocalArray for DE 0 ~
deCount = 6
localDeCount = 2
~ local data in LocalArray for DE 1 ~
LocalArrayPrint: Array at address 0x774360:
            rank = 2, typekind = 5, LocalArrayPrint: Array at address 0x1cc7430:
            rank = 2, typekind = 5, base_addr = 0x1cc2990
            dim[0] = 3  base_addr = 0x76f980
            dim[0] = 2  dim[1] = 2  
  Real, *4, Dim 2, Data values:
dim[1] = 2  
  Real, *4, Dim 2, Data values:
( 1, 1) =  7.50452e-38
( 1, 1) =  1.09379e-38
( 2, 1) =  0
( 2, 1) =  0
( 3, 1) =  4.2039e-45
( 1, 2) =  1.4013e-45
( 1, 2) =  2.8026e-45
( 2, 2) =  1.4013e-45
~ local data in LocalArray for DE 5 ~
LocalArrayPrint: Array at address 0x774690:
            rank = 2, typekind = 5, ( 2, 2) =  0
( 3, 2) =  0
~ local data in LocalArray for DE 4 ~
LocalArrayPrint: Array at address 0x1cc7760:
            rank = 2, typekind = 5, base_addr = 0x7742a0
            dim[0] = 2  dim[1] = 1  
  Real, *4, Dim 2, Data values:
base_addr = 0x1cc7370
            dim[0] = 3  dim[1] = 1  
  Real, *4, Dim 2, Data values:
( 1, 1) =  1.09523e-38
( 2, 1) =  0
--- ESMCI::Array::print end ---
( 1, 1) =  7.51032e-38
( 2, 1) =  0
( 3, 1) =  0
--- ESMCI::Array::print end ---
--- ESMCI::Array::print start ---
 Base name    = Array002
 Status: Base = Ready,  object = Ready
--- ESMCI::Array::print start ---
 Base name    = Array002
 Status: Base = Ready,  object = Ready
 Proxy        = no
 Root Info (Attributes):
 Proxy        = no
 Root Info (Attributes):
{
  "ESMF": {
    "Instance": {
      "NamedAliasCount": 0
    }
  }
}Array typekind/rank: Real*8 / 2 
~ lower class' values ~
{
  "ESMF": {
    "Instance": {
      "NamedAliasCount": 0
    }
  }
}Array typekind/rank: Real*8 / 2 
~ lower class' values ~
DistGrid dimCount = 2
deCount = 6
DistGrid dimCount = 2
deCount = 6
localDeCount = 2
~ local data in LocalArray for DE 0 ~
LocalArrayPrint: Array at address 0x1cc2a30:
            rank = 2, typekind = 6, base_addr = 0x1cc21f0
localDeCount = 2
~ local data in LocalArray for DE 1 ~
LocalArrayPrint: Array at address 0x76fa20:
            rank = 2, typekind = 6, base_addr = 0x76f190
            dim[0] = 2              dim[0] = 3  dim[1] = 2  
  Real, *8, Dim 2, Data values:
dim[1] = 2  
  Real, *8, Dim 2, Data values:
( 1, 1) =  3.76793e-317
( 1, 1) =  1.48988e-316
( 2, 1) =  4.24399e-314
( 2, 1) =  0
( 1, 2) =  0
( 2, 2) =  0
~ local data in LocalArray for DE 5 ~
( 3, 1) =  4.24399e-314
( 1, 2) =  4.24399e-314
( 2, 2) =  2.122e-314
LocalArrayPrint: Array at address 0x76fd50:
            rank = 2, typekind = 6, base_addr = 0x770080
            dim[0] = 2  dim[1] = 1  ( 3, 2) =  2.122e-314
~ local data in LocalArray for DE 4 ~
LocalArrayPrint: Array at address 0x1cc2d60:
            rank = 2, typekind = 6, base_addr = 0x1cc3090
            
  Real, *8, Dim 2, Data values:
( 1, 1) =  0
( 2, 1) =  0
--- ESMCI::Array::print end ---
dim[0] = 3  dim[1] = 1  
  Real, *8, Dim 2, Data values:
( 1, 1) =  0
( 2, 1) =  0
--- ESMCI::Array::print start ---
 Base name    = Array003
 Status: Base = Ready,  object = Ready( 3, 1) =  0
--- ESMCI::Array::print end ---
--- ESMCI::Array::print start ---
 Base name    = Array003
 Status: Base = 
 Proxy        = no
 Root Info (Attributes):
Ready,  object = Ready
 Proxy        = no
 Root Info (Attributes):
{
  "ESMF": {
    "Instance": {
      "NamedAliasCount": 0
    }
  }
}Array typekind/rank: Real*8 / 2 
~ lower class' values ~{
  "ESMF": {
    "Instance": {
      "NamedAliasCount": 0
    }
  }
}Array typekind/rank: Real*8 / 2 
~ lower class' values ~
DistGrid dimCount = 2
deCount = 6

DistGrid dimCount = 2
deCount = 6
localDeCount = 2
~ local data in LocalArray for DE 1 ~
LocalArrayPrint: Array at address 0x770a20:
            rank = 2, typekind = 6, localDeCount = 2
~ local data in LocalArray for DE 0 ~
LocalArrayPrint: Array at address 0x1cc3a70:
            rank = 2, typekind = 6, base_addr = 0x1cc3da0
            base_addr = 0x745e60
            dim[0] = 2  dim[1] = 2  
  Real, *8, Dim 2, Data values:
dim[0] = 3  dim[1] = 2  
  Real, *8, Dim 2, Data values:
( 1, 1) =  0
( 2, 1) =  0
( 1, 1) =  3.76793e-317
( 2, 1) =  6.97844e+252
( 3, 1) =  0
( 1, 2) =  0
( 2, 2) =  0
( 3, 2) =  0
( 1, 2) =  1.56155e-317
( 2, 2) =  0
~ local data in LocalArray for DE 5 ~
LocalArrayPrint: Array at address 0x770d50:
~ local data in LocalArray for DE 4 ~
LocalArrayPrint: Array at address 0x1cc3de0:
            rank = 2, typekind = 6, base_addr = 0x1c98ea0
            dim[0] = 3              rank = 2, typekind = 6, base_addr = 0x76f940
            dim[0] = 2  dim[1] = 1  
  Real, *8, Dim 2, Data values:
dim[1] = 1  
  Real, *8, Dim 2, Data values:
( 1, 1) =  1.48996e-316
( 1, 1) =  3.85227e-317
( 2, 1) =  2.122e-314
--- ESMCI::Array::print end ---
( 2, 1) =  2.122e-314
( 3, 1) =  1.58101e-322
--- ESMCI::Array::print end ---
  PASS  Example ESMF_ArrayBundleEx, ESMF_ArrayBundleEx.F90, line 267
  PASS  Example ESMF_ArrayBundleEx, ESMF_ArrayBundleEx.F90, line 267
 PASS: ESMF_ArrayBundleEx.F90
 PASS: ESMF_ArrayBundleEx.F90
 PASS: ESMF_ArrayBundleEx.F90
 PASS: ESMF_ArrayBundleEx.F90
