2026-09-15 02:40:22
20260915 031955.741 INFO             PET0 !!!!!!!!!!!!!!!!!!!!!!!!!!!!!!!!!!!!!!!!!!!!!!!!!!!!!!
20260915 031955.741 INFO             PET0 !!! THE ESMF_LOG IS SET TO OUTPUT ALL LOG MESSAGES !!!
20260915 031955.741 INFO             PET0 !!!     THIS MAY CAUSE SLOWDOWN IN PERFORMANCE     !!!
20260915 031955.741 INFO             PET0 !!! FOR PRODUCTION RUNS, USE:                      !!!
20260915 031955.741 INFO             PET0 !!!                   ESMF_LOGKIND_Multi_On_Error  !!!
20260915 031955.741 INFO             PET0 !!!!!!!!!!!!!!!!!!!!!!!!!!!!!!!!!!!!!!!!!!!!!!!!!!!!!!
20260915 031955.741 INFO             PET0 Running with ESMF Version   : v9.0.0b18
20260915 031955.741 INFO             PET0 ESMF library build date/time: "Sep 15 2026" "02:38:46"
20260915 031955.741 INFO             PET0 ESMF library build location : /usr/local/esmf/esmf-testing/gfortranclang_14.2.0_17.0.0_mpich_g_develop/esmf
20260915 031955.741 INFO             PET0 ESMF_COMM                   : mpich
20260915 031955.741 INFO             PET0 ESMF_MOAB                   : enabled
20260915 031955.741 INFO             PET0 ESMF_LAPACK                 : enabled
20260915 031955.741 INFO             PET0 ESMF_NETCDF                 : enabled
20260915 031955.741 INFO             PET0 ESMF_PNETCDF                : disabled
20260915 031955.741 INFO             PET0 ESMF_PIO                    : enabled
20260915 031955.741 INFO             PET0 ESMF_YAMLCPP                : enabled
20260915 031955.759 INFO             PET0  NUMBER_OF_PROCESSORS           2
20260915 031955.759 INFO             PET0  PASS  Example ESMF_VMUserMpiCommEx, ESMF_VMUserMpiCommEx.F90, line 113
20260915 031955.759 INFO             PET0  Finalizing ESMF with endflag==ESMF_END_KEEPMPI
20260915 031955.741 INFO             PET1 !!!!!!!!!!!!!!!!!!!!!!!!!!!!!!!!!!!!!!!!!!!!!!!!!!!!!!
20260915 031955.757 INFO             PET1 !!! THE ESMF_LOG IS SET TO OUTPUT ALL LOG MESSAGES !!!
20260915 031955.757 INFO             PET1 !!!     THIS MAY CAUSE SLOWDOWN IN PERFORMANCE     !!!
20260915 031955.757 INFO             PET1 !!! FOR PRODUCTION RUNS, USE:                      !!!
20260915 031955.757 INFO             PET1 !!!                   ESMF_LOGKIND_Multi_On_Error  !!!
20260915 031955.757 INFO             PET1 !!!!!!!!!!!!!!!!!!!!!!!!!!!!!!!!!!!!!!!!!!!!!!!!!!!!!!
20260915 031955.757 INFO             PET1 Running with ESMF Version   : v9.0.0b18
20260915 031955.757 INFO             PET1 ESMF library build date/time: "Sep 15 2026" "02:38:46"
20260915 031955.757 INFO             PET1 ESMF library build location : /usr/local/esmf/esmf-testing/gfortranclang_14.2.0_17.0.0_mpich_g_develop/esmf
20260915 031955.757 INFO             PET1 ESMF_COMM                   : mpich
20260915 031955.757 INFO             PET1 ESMF_MOAB                   : enabled
20260915 031955.757 INFO             PET1 ESMF_LAPACK                 : enabled
20260915 031955.757 INFO             PET1 ESMF_NETCDF                 : enabled
20260915 031955.757 INFO             PET1 ESMF_PNETCDF                : disabled
20260915 031955.757 INFO             PET1 ESMF_PIO                    : enabled
20260915 031955.757 INFO             PET1 ESMF_YAMLCPP                : enabled
20260915 031955.759 INFO             PET1  NUMBER_OF_PROCESSORS           2
20260915 031955.759 INFO             PET1  PASS  Example ESMF_VMUserMpiCommEx, ESMF_VMUserMpiCommEx.F90, line 113
20260915 031955.759 INFO             PET1  Finalizing ESMF with endflag==ESMF_END_KEEPMPI
