2026-09-16 02:42:35
20260916 032335.716 INFO             PET0 !!!!!!!!!!!!!!!!!!!!!!!!!!!!!!!!!!!!!!!!!!!!!!!!!!!!!!
20260916 032335.718 INFO             PET0 !!! THE ESMF_LOG IS SET TO OUTPUT ALL LOG MESSAGES !!!
20260916 032335.718 INFO             PET0 !!!     THIS MAY CAUSE SLOWDOWN IN PERFORMANCE     !!!
20260916 032335.718 INFO             PET0 !!! FOR PRODUCTION RUNS, USE:                      !!!
20260916 032335.718 INFO             PET0 !!!                   ESMF_LOGKIND_Multi_On_Error  !!!
20260916 032335.718 INFO             PET0 !!!!!!!!!!!!!!!!!!!!!!!!!!!!!!!!!!!!!!!!!!!!!!!!!!!!!!
20260916 032335.718 INFO             PET0 Running with ESMF Version   : v9.0.0b18
20260916 032335.718 INFO             PET0 ESMF library build date/time: "Sep 16 2026" "02:40:59"
20260916 032335.718 INFO             PET0 ESMF library build location : /usr/local/esmf/esmf-testing/gfortranclang_14.2.0_17.0.0_mpich_g_develop/esmf
20260916 032335.718 INFO             PET0 ESMF_COMM                   : mpich
20260916 032335.718 INFO             PET0 ESMF_MOAB                   : enabled
20260916 032335.718 INFO             PET0 ESMF_LAPACK                 : enabled
20260916 032335.718 INFO             PET0 ESMF_NETCDF                 : enabled
20260916 032335.718 INFO             PET0 ESMF_PNETCDF                : disabled
20260916 032335.718 INFO             PET0 ESMF_PIO                    : enabled
20260916 032335.718 INFO             PET0 ESMF_YAMLCPP                : enabled
20260916 032335.746 INFO             PET0 ESMF_FieldRedistStoreNF(): Just entered routine.
20260916 032336.266 INFO             PET0 ESMF_FieldRedistStoreNF(): Leaving routine.
20260916 032336.272 INFO             PET0  NUMBER_OF_PROCESSORS           4
20260916 032336.272 INFO             PET0  PASS  Example ESMF_RHandleFromRHandleEx, ESMF_RHandleFromRHandleEx.F90, line 660
20260916 032336.272 INFO             PET0  Finalizing ESMF
20260916 032335.716 INFO             PET1 !!!!!!!!!!!!!!!!!!!!!!!!!!!!!!!!!!!!!!!!!!!!!!!!!!!!!!
20260916 032335.718 INFO             PET1 !!! THE ESMF_LOG IS SET TO OUTPUT ALL LOG MESSAGES !!!
20260916 032335.718 INFO             PET1 !!!     THIS MAY CAUSE SLOWDOWN IN PERFORMANCE     !!!
20260916 032335.718 INFO             PET1 !!! FOR PRODUCTION RUNS, USE:                      !!!
20260916 032335.718 INFO             PET1 !!!                   ESMF_LOGKIND_Multi_On_Error  !!!
20260916 032335.718 INFO             PET1 !!!!!!!!!!!!!!!!!!!!!!!!!!!!!!!!!!!!!!!!!!!!!!!!!!!!!!
20260916 032335.718 INFO             PET1 Running with ESMF Version   : v9.0.0b18
20260916 032335.718 INFO             PET1 ESMF library build date/time: "Sep 16 2026" "02:40:59"
20260916 032335.718 INFO             PET1 ESMF library build location : /usr/local/esmf/esmf-testing/gfortranclang_14.2.0_17.0.0_mpich_g_develop/esmf
20260916 032335.718 INFO             PET1 ESMF_COMM                   : mpich
20260916 032335.718 INFO             PET1 ESMF_MOAB                   : enabled
20260916 032335.718 INFO             PET1 ESMF_LAPACK                 : enabled
20260916 032335.718 INFO             PET1 ESMF_NETCDF                 : enabled
20260916 032335.718 INFO             PET1 ESMF_PNETCDF                : disabled
20260916 032335.718 INFO             PET1 ESMF_PIO                    : enabled
20260916 032335.718 INFO             PET1 ESMF_YAMLCPP                : enabled
20260916 032335.745 INFO             PET1 ESMF_FieldRedistStoreNF(): Just entered routine.
20260916 032336.266 INFO             PET1 ESMF_FieldRedistStoreNF(): Leaving routine.
20260916 032336.273 INFO             PET1  NUMBER_OF_PROCESSORS           4
20260916 032336.273 INFO             PET1  PASS  Example ESMF_RHandleFromRHandleEx, ESMF_RHandleFromRHandleEx.F90, line 660
20260916 032336.273 INFO             PET1  Finalizing ESMF
20260916 032335.716 INFO             PET2 !!!!!!!!!!!!!!!!!!!!!!!!!!!!!!!!!!!!!!!!!!!!!!!!!!!!!!
20260916 032335.717 INFO             PET2 !!! THE ESMF_LOG IS SET TO OUTPUT ALL LOG MESSAGES !!!
20260916 032335.717 INFO             PET2 !!!     THIS MAY CAUSE SLOWDOWN IN PERFORMANCE     !!!
20260916 032335.717 INFO             PET2 !!! FOR PRODUCTION RUNS, USE:                      !!!
20260916 032335.717 INFO             PET2 !!!                   ESMF_LOGKIND_Multi_On_Error  !!!
20260916 032335.717 INFO             PET2 !!!!!!!!!!!!!!!!!!!!!!!!!!!!!!!!!!!!!!!!!!!!!!!!!!!!!!
20260916 032335.717 INFO             PET2 Running with ESMF Version   : v9.0.0b18
20260916 032335.717 INFO             PET2 ESMF library build date/time: "Sep 16 2026" "02:40:59"
20260916 032335.717 INFO             PET2 ESMF library build location : /usr/local/esmf/esmf-testing/gfortranclang_14.2.0_17.0.0_mpich_g_develop/esmf
20260916 032335.717 INFO             PET2 ESMF_COMM                   : mpich
20260916 032335.717 INFO             PET2 ESMF_MOAB                   : enabled
20260916 032335.717 INFO             PET2 ESMF_LAPACK                 : enabled
20260916 032335.717 INFO             PET2 ESMF_NETCDF                 : enabled
20260916 032335.717 INFO             PET2 ESMF_PNETCDF                : disabled
20260916 032335.717 INFO             PET2 ESMF_PIO                    : enabled
20260916 032335.717 INFO             PET2 ESMF_YAMLCPP                : enabled
20260916 032335.746 INFO             PET2 ESMF_FieldRedistStoreNF(): Just entered routine.
20260916 032336.266 INFO             PET2 ESMF_FieldRedistStoreNF(): Leaving routine.
20260916 032336.272 INFO             PET2  NUMBER_OF_PROCESSORS           4
20260916 032336.272 INFO             PET2  PASS  Example ESMF_RHandleFromRHandleEx, ESMF_RHandleFromRHandleEx.F90, line 660
20260916 032336.272 INFO             PET2  Finalizing ESMF
20260916 032335.716 INFO             PET3 !!!!!!!!!!!!!!!!!!!!!!!!!!!!!!!!!!!!!!!!!!!!!!!!!!!!!!
20260916 032335.718 INFO             PET3 !!! THE ESMF_LOG IS SET TO OUTPUT ALL LOG MESSAGES !!!
20260916 032335.718 INFO             PET3 !!!     THIS MAY CAUSE SLOWDOWN IN PERFORMANCE     !!!
20260916 032335.718 INFO             PET3 !!! FOR PRODUCTION RUNS, USE:                      !!!
20260916 032335.718 INFO             PET3 !!!                   ESMF_LOGKIND_Multi_On_Error  !!!
20260916 032335.718 INFO             PET3 !!!!!!!!!!!!!!!!!!!!!!!!!!!!!!!!!!!!!!!!!!!!!!!!!!!!!!
20260916 032335.718 INFO             PET3 Running with ESMF Version   : v9.0.0b18
20260916 032335.718 INFO             PET3 ESMF library build date/time: "Sep 16 2026" "02:40:59"
20260916 032335.718 INFO             PET3 ESMF library build location : /usr/local/esmf/esmf-testing/gfortranclang_14.2.0_17.0.0_mpich_g_develop/esmf
20260916 032335.718 INFO             PET3 ESMF_COMM                   : mpich
20260916 032335.718 INFO             PET3 ESMF_MOAB                   : enabled
20260916 032335.718 INFO             PET3 ESMF_LAPACK                 : enabled
20260916 032335.718 INFO             PET3 ESMF_NETCDF                 : enabled
20260916 032335.718 INFO             PET3 ESMF_PNETCDF                : disabled
20260916 032335.718 INFO             PET3 ESMF_PIO                    : enabled
20260916 032335.718 INFO             PET3 ESMF_YAMLCPP                : enabled
20260916 032335.745 INFO             PET3 ESMF_FieldRedistStoreNF(): Just entered routine.
20260916 032336.268 INFO             PET3 ESMF_FieldRedistStoreNF(): Leaving routine.
20260916 032336.280 INFO             PET3  NUMBER_OF_PROCESSORS           4
20260916 032336.280 INFO             PET3  PASS  Example ESMF_RHandleFromRHandleEx, ESMF_RHandleFromRHandleEx.F90, line 660
20260916 032336.280 INFO             PET3  Finalizing ESMF
