2026-09-10 02:51:46
20260910 032940.372 INFO             PET0 !!!!!!!!!!!!!!!!!!!!!!!!!!!!!!!!!!!!!!!!!!!!!!!!!!!!!!
20260910 032940.374 INFO             PET0 !!! THE ESMF_LOG IS SET TO OUTPUT ALL LOG MESSAGES !!!
20260910 032940.374 INFO             PET0 !!!     THIS MAY CAUSE SLOWDOWN IN PERFORMANCE     !!!
20260910 032940.374 INFO             PET0 !!! FOR PRODUCTION RUNS, USE:                      !!!
20260910 032940.374 INFO             PET0 !!!                   ESMF_LOGKIND_Multi_On_Error  !!!
20260910 032940.374 INFO             PET0 !!!!!!!!!!!!!!!!!!!!!!!!!!!!!!!!!!!!!!!!!!!!!!!!!!!!!!
20260910 032940.374 INFO             PET0 Running with ESMF Version   : develop+gc12f7f42f7
20260910 032940.374 INFO             PET0 ESMF library build date/time: "Sep 10 2026" "02:50:00"
20260910 032940.374 INFO             PET0 ESMF library build location : /usr/local/esmf/esmf-testing/gfortranclang_14.2.0_17.0.0_mpich_g_develop/esmf
20260910 032940.374 INFO             PET0 ESMF_COMM                   : mpich
20260910 032940.374 INFO             PET0 ESMF_MOAB                   : enabled
20260910 032940.374 INFO             PET0 ESMF_LAPACK                 : enabled
20260910 032940.374 INFO             PET0 ESMF_NETCDF                 : enabled
20260910 032940.374 INFO             PET0 ESMF_PNETCDF                : disabled
20260910 032940.374 INFO             PET0 ESMF_PIO                    : enabled
20260910 032940.374 INFO             PET0 ESMF_YAMLCPP                : enabled
20260910 032940.378 INFO             PET0 ESMF_FieldRedistStoreNF(): Just entered routine.
20260910 032940.754 INFO             PET0 ESMF_FieldRedistStoreNF(): Leaving routine.
20260910 032940.784 INFO             PET0  NUMBER_OF_PROCESSORS           4
20260910 032940.784 INFO             PET0  PASS  Example ESMF_RHandleFromFileEx, ESMF_RHandleFromFileEx.F90, line 192
20260910 032940.784 INFO             PET0  Finalizing ESMF
20260910 032940.372 INFO             PET1 !!!!!!!!!!!!!!!!!!!!!!!!!!!!!!!!!!!!!!!!!!!!!!!!!!!!!!
20260910 032940.374 INFO             PET1 !!! THE ESMF_LOG IS SET TO OUTPUT ALL LOG MESSAGES !!!
20260910 032940.374 INFO             PET1 !!!     THIS MAY CAUSE SLOWDOWN IN PERFORMANCE     !!!
20260910 032940.374 INFO             PET1 !!! FOR PRODUCTION RUNS, USE:                      !!!
20260910 032940.374 INFO             PET1 !!!                   ESMF_LOGKIND_Multi_On_Error  !!!
20260910 032940.374 INFO             PET1 !!!!!!!!!!!!!!!!!!!!!!!!!!!!!!!!!!!!!!!!!!!!!!!!!!!!!!
20260910 032940.374 INFO             PET1 Running with ESMF Version   : develop+gc12f7f42f7
20260910 032940.374 INFO             PET1 ESMF library build date/time: "Sep 10 2026" "02:50:00"
20260910 032940.374 INFO             PET1 ESMF library build location : /usr/local/esmf/esmf-testing/gfortranclang_14.2.0_17.0.0_mpich_g_develop/esmf
20260910 032940.374 INFO             PET1 ESMF_COMM                   : mpich
20260910 032940.374 INFO             PET1 ESMF_MOAB                   : enabled
20260910 032940.374 INFO             PET1 ESMF_LAPACK                 : enabled
20260910 032940.374 INFO             PET1 ESMF_NETCDF                 : enabled
20260910 032940.374 INFO             PET1 ESMF_PNETCDF                : disabled
20260910 032940.374 INFO             PET1 ESMF_PIO                    : enabled
20260910 032940.374 INFO             PET1 ESMF_YAMLCPP                : enabled
20260910 032940.378 INFO             PET1 ESMF_FieldRedistStoreNF(): Just entered routine.
20260910 032940.754 INFO             PET1 ESMF_FieldRedistStoreNF(): Leaving routine.
20260910 032940.784 INFO             PET1  NUMBER_OF_PROCESSORS           4
20260910 032940.784 INFO             PET1  PASS  Example ESMF_RHandleFromFileEx, ESMF_RHandleFromFileEx.F90, line 192
20260910 032940.784 INFO             PET1  Finalizing ESMF
20260910 032940.373 INFO             PET2 !!!!!!!!!!!!!!!!!!!!!!!!!!!!!!!!!!!!!!!!!!!!!!!!!!!!!!
20260910 032940.374 INFO             PET2 !!! THE ESMF_LOG IS SET TO OUTPUT ALL LOG MESSAGES !!!
20260910 032940.374 INFO             PET2 !!!     THIS MAY CAUSE SLOWDOWN IN PERFORMANCE     !!!
20260910 032940.374 INFO             PET2 !!! FOR PRODUCTION RUNS, USE:                      !!!
20260910 032940.374 INFO             PET2 !!!                   ESMF_LOGKIND_Multi_On_Error  !!!
20260910 032940.374 INFO             PET2 !!!!!!!!!!!!!!!!!!!!!!!!!!!!!!!!!!!!!!!!!!!!!!!!!!!!!!
20260910 032940.374 INFO             PET2 Running with ESMF Version   : develop+gc12f7f42f7
20260910 032940.374 INFO             PET2 ESMF library build date/time: "Sep 10 2026" "02:50:00"
20260910 032940.374 INFO             PET2 ESMF library build location : /usr/local/esmf/esmf-testing/gfortranclang_14.2.0_17.0.0_mpich_g_develop/esmf
20260910 032940.374 INFO             PET2 ESMF_COMM                   : mpich
20260910 032940.374 INFO             PET2 ESMF_MOAB                   : enabled
20260910 032940.374 INFO             PET2 ESMF_LAPACK                 : enabled
20260910 032940.374 INFO             PET2 ESMF_NETCDF                 : enabled
20260910 032940.374 INFO             PET2 ESMF_PNETCDF                : disabled
20260910 032940.374 INFO             PET2 ESMF_PIO                    : enabled
20260910 032940.374 INFO             PET2 ESMF_YAMLCPP                : enabled
20260910 032940.375 INFO             PET2 ESMF_FieldRedistStoreNF(): Just entered routine.
20260910 032940.755 INFO             PET2 ESMF_FieldRedistStoreNF(): Leaving routine.
20260910 032940.784 INFO             PET2  NUMBER_OF_PROCESSORS           4
20260910 032940.784 INFO             PET2  PASS  Example ESMF_RHandleFromFileEx, ESMF_RHandleFromFileEx.F90, line 192
20260910 032940.784 INFO             PET2  Finalizing ESMF
20260910 032940.372 INFO             PET3 !!!!!!!!!!!!!!!!!!!!!!!!!!!!!!!!!!!!!!!!!!!!!!!!!!!!!!
20260910 032940.373 INFO             PET3 !!! THE ESMF_LOG IS SET TO OUTPUT ALL LOG MESSAGES !!!
20260910 032940.373 INFO             PET3 !!!     THIS MAY CAUSE SLOWDOWN IN PERFORMANCE     !!!
20260910 032940.373 INFO             PET3 !!! FOR PRODUCTION RUNS, USE:                      !!!
20260910 032940.373 INFO             PET3 !!!                   ESMF_LOGKIND_Multi_On_Error  !!!
20260910 032940.373 INFO             PET3 !!!!!!!!!!!!!!!!!!!!!!!!!!!!!!!!!!!!!!!!!!!!!!!!!!!!!!
20260910 032940.373 INFO             PET3 Running with ESMF Version   : develop+gc12f7f42f7
20260910 032940.373 INFO             PET3 ESMF library build date/time: "Sep 10 2026" "02:50:00"
20260910 032940.373 INFO             PET3 ESMF library build location : /usr/local/esmf/esmf-testing/gfortranclang_14.2.0_17.0.0_mpich_g_develop/esmf
20260910 032940.373 INFO             PET3 ESMF_COMM                   : mpich
20260910 032940.373 INFO             PET3 ESMF_MOAB                   : enabled
20260910 032940.373 INFO             PET3 ESMF_LAPACK                 : enabled
20260910 032940.373 INFO             PET3 ESMF_NETCDF                 : enabled
20260910 032940.373 INFO             PET3 ESMF_PNETCDF                : disabled
20260910 032940.373 INFO             PET3 ESMF_PIO                    : enabled
20260910 032940.373 INFO             PET3 ESMF_YAMLCPP                : enabled
20260910 032940.376 INFO             PET3 ESMF_FieldRedistStoreNF(): Just entered routine.
20260910 032940.755 INFO             PET3 ESMF_FieldRedistStoreNF(): Leaving routine.
20260910 032940.784 INFO             PET3  NUMBER_OF_PROCESSORS           4
20260910 032940.784 INFO             PET3  PASS  Example ESMF_RHandleFromFileEx, ESMF_RHandleFromFileEx.F90, line 192
20260910 032940.784 INFO             PET3  Finalizing ESMF
