2026-09-03 13:24:09
20260903 143748.055 INFO             PET0 !!!!!!!!!!!!!!!!!!!!!!!!!!!!!!!!!!!!!!!!!!!!!!!!!!!!!!
20260903 143748.058 INFO             PET0 !!! THE ESMF_LOG IS SET TO OUTPUT ALL LOG MESSAGES !!!
20260903 143748.058 INFO             PET0 !!!     THIS MAY CAUSE SLOWDOWN IN PERFORMANCE     !!!
20260903 143748.058 INFO             PET0 !!! FOR PRODUCTION RUNS, USE:                      !!!
20260903 143748.058 INFO             PET0 !!!                   ESMF_LOGKIND_Multi_On_Error  !!!
20260903 143748.058 INFO             PET0 !!!!!!!!!!!!!!!!!!!!!!!!!!!!!!!!!!!!!!!!!!!!!!!!!!!!!!
20260903 143748.058 INFO             PET0 Running with ESMF Version   : develop+g4161bf9d44
20260903 143748.058 INFO             PET0 ESMF library build date/time: "Sep  3 2026" "13:15:34"
20260903 143748.058 INFO             PET0 ESMF library build location : /usr/local/esmf/esmf-testing/gfortranclang_14.2.0_17.0.0_mpich_g_develop/esmf
20260903 143748.058 INFO             PET0 ESMF_COMM                   : mpich
20260903 143748.060 INFO             PET0 ESMF_MOAB                   : enabled
20260903 143748.060 INFO             PET0 ESMF_LAPACK                 : enabled
20260903 143748.060 INFO             PET0 ESMF_NETCDF                 : enabled
20260903 143748.060 INFO             PET0 ESMF_PNETCDF                : disabled
20260903 143748.060 INFO             PET0 ESMF_PIO                    : enabled
20260903 143748.060 INFO             PET0 ESMF_YAMLCPP                : enabled
20260903 143748.079 INFO             PET0 Before Reconcile:--- StateLog() start -----------------
20260903 143748.079 INFO             PET0 Before Reconcile:<name: State001> <intent: ESMF_STATEINTENT_UNSPECIFIED> <itemCount:    3>
20260903 143748.079 INFO             PET0 Before Reconcile:+-<item: 0001> <itemType: Field> <itemName: Field1>
20260903 143748.079 INFO             PET0 Before Reconcile:+-<item: 0002> <itemType: Field> <itemName: Field2>
20260903 143748.079 INFO             PET0 Before Reconcile:+-<item: 0003> <itemType: Field> <itemName: Field3>
20260903 143748.079 INFO             PET0 Before Reconcile:--- StateLog() end -------------------
20260903 143748.089 INFO             PET0 After Reconcile:--- StateLog() start -----------------
20260903 143748.089 INFO             PET0 After Reconcile:<name: State001> <intent: ESMF_STATEINTENT_UNSPECIFIED> <itemCount:    3>
20260903 143748.089 INFO             PET0 After Reconcile:+-<item: 0001> <itemType: Field> <itemName: Field1>
20260903 143748.089 INFO             PET0 After Reconcile:+-<item: 0002> <itemType: Field> <itemName: Field2>
20260903 143748.089 INFO             PET0 After Reconcile:+-<item: 0003> <itemType: Field> <itemName: Field3>
20260903 143748.089 INFO             PET0 After Reconcile:--- StateLog() end -------------------
20260903 143748.089 INFO             PET0  NUMBER_OF_PROCESSORS           4
20260903 143748.089 INFO             PET0  PASS  Example ESMF_StateReconcileEx, ESMF_StateReconcileEx.F90, line 233
20260903 143748.089 INFO             PET0  Finalizing ESMF
20260903 143748.055 INFO             PET1 !!!!!!!!!!!!!!!!!!!!!!!!!!!!!!!!!!!!!!!!!!!!!!!!!!!!!!
20260903 143748.058 INFO             PET1 !!! THE ESMF_LOG IS SET TO OUTPUT ALL LOG MESSAGES !!!
20260903 143748.058 INFO             PET1 !!!     THIS MAY CAUSE SLOWDOWN IN PERFORMANCE     !!!
20260903 143748.058 INFO             PET1 !!! FOR PRODUCTION RUNS, USE:                      !!!
20260903 143748.058 INFO             PET1 !!!                   ESMF_LOGKIND_Multi_On_Error  !!!
20260903 143748.058 INFO             PET1 !!!!!!!!!!!!!!!!!!!!!!!!!!!!!!!!!!!!!!!!!!!!!!!!!!!!!!
20260903 143748.058 INFO             PET1 Running with ESMF Version   : develop+g4161bf9d44
20260903 143748.058 INFO             PET1 ESMF library build date/time: "Sep  3 2026" "13:15:34"
20260903 143748.058 INFO             PET1 ESMF library build location : /usr/local/esmf/esmf-testing/gfortranclang_14.2.0_17.0.0_mpich_g_develop/esmf
20260903 143748.058 INFO             PET1 ESMF_COMM                   : mpich
20260903 143748.060 INFO             PET1 ESMF_MOAB                   : enabled
20260903 143748.060 INFO             PET1 ESMF_LAPACK                 : enabled
20260903 143748.060 INFO             PET1 ESMF_NETCDF                 : enabled
20260903 143748.060 INFO             PET1 ESMF_PNETCDF                : disabled
20260903 143748.060 INFO             PET1 ESMF_PIO                    : enabled
20260903 143748.060 INFO             PET1 ESMF_YAMLCPP                : enabled
20260903 143748.079 INFO             PET1 Before Reconcile:--- StateLog() start -----------------
20260903 143748.079 INFO             PET1 Before Reconcile:<name: State001> <intent: ESMF_STATEINTENT_UNSPECIFIED> <itemCount:    3>
20260903 143748.079 INFO             PET1 Before Reconcile:+-<item: 0001> <itemType: Field> <itemName: Field1>
20260903 143748.079 INFO             PET1 Before Reconcile:+-<item: 0002> <itemType: Field> <itemName: Field2>
20260903 143748.079 INFO             PET1 Before Reconcile:+-<item: 0003> <itemType: Field> <itemName: Field3>
20260903 143748.079 INFO             PET1 Before Reconcile:--- StateLog() end -------------------
20260903 143748.089 INFO             PET1 After Reconcile:--- StateLog() start -----------------
20260903 143748.089 INFO             PET1 After Reconcile:<name: State001> <intent: ESMF_STATEINTENT_UNSPECIFIED> <itemCount:    3>
20260903 143748.089 INFO             PET1 After Reconcile:+-<item: 0001> <itemType: Field> <itemName: Field1>
20260903 143748.089 INFO             PET1 After Reconcile:+-<item: 0002> <itemType: Field> <itemName: Field2>
20260903 143748.089 INFO             PET1 After Reconcile:+-<item: 0003> <itemType: Field> <itemName: Field3>
20260903 143748.089 INFO             PET1 After Reconcile:--- StateLog() end -------------------
20260903 143748.089 INFO             PET1  NUMBER_OF_PROCESSORS           4
20260903 143748.089 INFO             PET1  PASS  Example ESMF_StateReconcileEx, ESMF_StateReconcileEx.F90, line 233
20260903 143748.089 INFO             PET1  Finalizing ESMF
20260903 143748.055 INFO             PET2 !!!!!!!!!!!!!!!!!!!!!!!!!!!!!!!!!!!!!!!!!!!!!!!!!!!!!!
20260903 143748.058 INFO             PET2 !!! THE ESMF_LOG IS SET TO OUTPUT ALL LOG MESSAGES !!!
20260903 143748.058 INFO             PET2 !!!     THIS MAY CAUSE SLOWDOWN IN PERFORMANCE     !!!
20260903 143748.058 INFO             PET2 !!! FOR PRODUCTION RUNS, USE:                      !!!
20260903 143748.058 INFO             PET2 !!!                   ESMF_LOGKIND_Multi_On_Error  !!!
20260903 143748.058 INFO             PET2 !!!!!!!!!!!!!!!!!!!!!!!!!!!!!!!!!!!!!!!!!!!!!!!!!!!!!!
20260903 143748.058 INFO             PET2 Running with ESMF Version   : develop+g4161bf9d44
20260903 143748.058 INFO             PET2 ESMF library build date/time: "Sep  3 2026" "13:15:34"
20260903 143748.058 INFO             PET2 ESMF library build location : /usr/local/esmf/esmf-testing/gfortranclang_14.2.0_17.0.0_mpich_g_develop/esmf
20260903 143748.058 INFO             PET2 ESMF_COMM                   : mpich
20260903 143748.060 INFO             PET2 ESMF_MOAB                   : enabled
20260903 143748.060 INFO             PET2 ESMF_LAPACK                 : enabled
20260903 143748.060 INFO             PET2 ESMF_NETCDF                 : enabled
20260903 143748.060 INFO             PET2 ESMF_PNETCDF                : disabled
20260903 143748.060 INFO             PET2 ESMF_PIO                    : enabled
20260903 143748.060 INFO             PET2 ESMF_YAMLCPP                : enabled
20260903 143748.078 INFO             PET2 Before Reconcile:--- StateLog() start -----------------
20260903 143748.078 INFO             PET2 Before Reconcile:<name: State001> <intent: ESMF_STATEINTENT_UNSPECIFIED> <itemCount:    0>
20260903 143748.078 INFO             PET2 Before Reconcile:--- StateLog() end -------------------
20260903 143748.089 INFO             PET2 After Reconcile:--- StateLog() start -----------------
20260903 143748.089 INFO             PET2 After Reconcile:<name: State001> <intent: ESMF_STATEINTENT_UNSPECIFIED> <itemCount:    3>
20260903 143748.089 INFO             PET2 After Reconcile:+-<item: 0001> <itemType: Field> <itemName: Field1>
20260903 143748.089 INFO             PET2 After Reconcile:+-<item: 0002> <itemType: Field> <itemName: Field2>
20260903 143748.089 INFO             PET2 After Reconcile:+-<item: 0003> <itemType: Field> <itemName: Field3>
20260903 143748.089 INFO             PET2 After Reconcile:--- StateLog() end -------------------
20260903 143748.089 INFO             PET2  NUMBER_OF_PROCESSORS           4
20260903 143748.089 INFO             PET2  PASS  Example ESMF_StateReconcileEx, ESMF_StateReconcileEx.F90, line 233
20260903 143748.089 INFO             PET2  Finalizing ESMF
20260903 143748.055 INFO             PET3 !!!!!!!!!!!!!!!!!!!!!!!!!!!!!!!!!!!!!!!!!!!!!!!!!!!!!!
20260903 143748.058 INFO             PET3 !!! THE ESMF_LOG IS SET TO OUTPUT ALL LOG MESSAGES !!!
20260903 143748.058 INFO             PET3 !!!     THIS MAY CAUSE SLOWDOWN IN PERFORMANCE     !!!
20260903 143748.058 INFO             PET3 !!! FOR PRODUCTION RUNS, USE:                      !!!
20260903 143748.058 INFO             PET3 !!!                   ESMF_LOGKIND_Multi_On_Error  !!!
20260903 143748.058 INFO             PET3 !!!!!!!!!!!!!!!!!!!!!!!!!!!!!!!!!!!!!!!!!!!!!!!!!!!!!!
20260903 143748.058 INFO             PET3 Running with ESMF Version   : develop+g4161bf9d44
20260903 143748.058 INFO             PET3 ESMF library build date/time: "Sep  3 2026" "13:15:34"
20260903 143748.058 INFO             PET3 ESMF library build location : /usr/local/esmf/esmf-testing/gfortranclang_14.2.0_17.0.0_mpich_g_develop/esmf
20260903 143748.058 INFO             PET3 ESMF_COMM                   : mpich
20260903 143748.060 INFO             PET3 ESMF_MOAB                   : enabled
20260903 143748.060 INFO             PET3 ESMF_LAPACK                 : enabled
20260903 143748.060 INFO             PET3 ESMF_NETCDF                 : enabled
20260903 143748.060 INFO             PET3 ESMF_PNETCDF                : disabled
20260903 143748.060 INFO             PET3 ESMF_PIO                    : enabled
20260903 143748.060 INFO             PET3 ESMF_YAMLCPP                : enabled
20260903 143748.078 INFO             PET3 Before Reconcile:--- StateLog() start -----------------
20260903 143748.078 INFO             PET3 Before Reconcile:<name: State001> <intent: ESMF_STATEINTENT_UNSPECIFIED> <itemCount:    0>
20260903 143748.078 INFO             PET3 Before Reconcile:--- StateLog() end -------------------
20260903 143748.089 INFO             PET3 After Reconcile:--- StateLog() start -----------------
20260903 143748.089 INFO             PET3 After Reconcile:<name: State001> <intent: ESMF_STATEINTENT_UNSPECIFIED> <itemCount:    3>
20260903 143748.089 INFO             PET3 After Reconcile:+-<item: 0001> <itemType: Field> <itemName: Field1>
20260903 143748.089 INFO             PET3 After Reconcile:+-<item: 0002> <itemType: Field> <itemName: Field2>
20260903 143748.089 INFO             PET3 After Reconcile:+-<item: 0003> <itemType: Field> <itemName: Field3>
20260903 143748.089 INFO             PET3 After Reconcile:--- StateLog() end -------------------
20260903 143748.089 INFO             PET3  NUMBER_OF_PROCESSORS           4
20260903 143748.089 INFO             PET3  PASS  Example ESMF_StateReconcileEx, ESMF_StateReconcileEx.F90, line 233
20260903 143748.089 INFO             PET3  Finalizing ESMF
