2026-08-29 02:43:21
20260829 032504.123 INFO             PET0 !!!!!!!!!!!!!!!!!!!!!!!!!!!!!!!!!!!!!!!!!!!!!!!!!!!!!!
20260829 032504.123 INFO             PET0 !!! THE ESMF_LOG IS SET TO OUTPUT ALL LOG MESSAGES !!!
20260829 032504.123 INFO             PET0 !!!     THIS MAY CAUSE SLOWDOWN IN PERFORMANCE     !!!
20260829 032504.123 INFO             PET0 !!! FOR PRODUCTION RUNS, USE:                      !!!
20260829 032504.123 INFO             PET0 !!!                   ESMF_LOGKIND_Multi_On_Error  !!!
20260829 032504.123 INFO             PET0 !!!!!!!!!!!!!!!!!!!!!!!!!!!!!!!!!!!!!!!!!!!!!!!!!!!!!!
20260829 032504.123 INFO             PET0 Running with ESMF Version   : develop+g1082792c4b
20260829 032504.123 INFO             PET0 ESMF library build date/time: "Aug 29 2026" "02:41:44"
20260829 032504.123 INFO             PET0 ESMF library build location : /usr/local/esmf/esmf-testing/gfortranclang_14.2.0_17.0.0_mpich_g_develop/esmf
20260829 032504.123 INFO             PET0 ESMF_COMM                   : mpich
20260829 032504.123 INFO             PET0 ESMF_MOAB                   : enabled
20260829 032504.123 INFO             PET0 ESMF_LAPACK                 : enabled
20260829 032504.123 INFO             PET0 ESMF_NETCDF                 : enabled
20260829 032504.123 INFO             PET0 ESMF_PNETCDF                : disabled
20260829 032504.123 INFO             PET0 ESMF_PIO                    : enabled
20260829 032504.123 INFO             PET0 ESMF_YAMLCPP                : enabled
20260829 032504.125 INFO             PET0  NUMBER_OF_PROCESSORS           1
20260829 032504.125 INFO             PET0  PASS  Example ESMF_XGridSparseMatEx, ESMF_XGridSparseMatEx.F90, line 642
20260829 032504.125 INFO             PET0  Finalizing ESMF
