2026-09-23 22:00:31
20260924 005624.297 INFO             PET0 !!!!!!!!!!!!!!!!!!!!!!!!!!!!!!!!!!!!!!!!!!!!!!!!!!!!!!
20260924 005624.408 INFO             PET0 !!! THE ESMF_LOG IS SET TO OUTPUT ALL LOG MESSAGES !!!
20260924 005624.408 INFO             PET0 !!!     THIS MAY CAUSE SLOWDOWN IN PERFORMANCE     !!!
20260924 005624.408 INFO             PET0 !!! FOR PRODUCTION RUNS, USE:                      !!!
20260924 005624.408 INFO             PET0 !!!                   ESMF_LOGKIND_Multi_On_Error  !!!
20260924 005624.408 INFO             PET0 !!!!!!!!!!!!!!!!!!!!!!!!!!!!!!!!!!!!!!!!!!!!!!!!!!!!!!
20260924 005624.408 INFO             PET0 Running with ESMF Version   : v9.0.0b19
20260924 005624.422 INFO             PET0 ESMF library build date/time: "Sep 23 2026" "21:42:48"
20260924 005624.422 INFO             PET0 ESMF library build location : /usr/local/esmf/esmf-testing/gfortranclang_14.2.0_17.0.0_mpiuni_g_develop/esmf
20260924 005624.422 INFO             PET0 ESMF_COMM                   : mpiuni
20260924 005624.423 INFO             PET0 ESMF_MOAB                   : enabled
20260924 005624.423 INFO             PET0 ESMF_LAPACK                 : enabled
20260924 005624.423 INFO             PET0 ESMF_NETCDF                 : enabled
20260924 005624.423 INFO             PET0 ESMF_PNETCDF                : disabled
20260924 005624.423 INFO             PET0 ESMF_PIO                    : enabled
20260924 005624.423 INFO             PET0 ESMF_YAMLCPP                : enabled
20260924 005625.155 INFO             PET0  NUMBER_OF_PROCESSORS           1
20260924 005625.155 INFO             PET0  PASS  Example ESMF_RHandleReusabilityEx, ESMF_RHandleReusabilityEx.F90, line 582
20260924 005625.156 INFO             PET0  Finalizing ESMF
