2026-09-12 03:13:12
20260912 035343.342 INFO             PET0 !!!!!!!!!!!!!!!!!!!!!!!!!!!!!!!!!!!!!!!!!!!!!!!!!!!!!!
20260912 035343.342 INFO             PET0 !!! THE ESMF_LOG IS SET TO OUTPUT ALL LOG MESSAGES !!!
20260912 035343.342 INFO             PET0 !!!     THIS MAY CAUSE SLOWDOWN IN PERFORMANCE     !!!
20260912 035343.342 INFO             PET0 !!! FOR PRODUCTION RUNS, USE:                      !!!
20260912 035343.342 INFO             PET0 !!!                   ESMF_LOGKIND_Multi_On_Error  !!!
20260912 035343.342 INFO             PET0 !!!!!!!!!!!!!!!!!!!!!!!!!!!!!!!!!!!!!!!!!!!!!!!!!!!!!!
20260912 035343.342 INFO             PET0 Running with ESMF Version   : v9.0.0b18
20260912 035343.342 INFO             PET0 ESMF library build date/time: "Sep 12 2026" "03:10:41"
20260912 035343.342 INFO             PET0 ESMF library build location : /project/esmf/ESMF-Nightly-Testing-Bighorn/nag_7.0_mpiuni_g_develop/esmf
20260912 035343.342 INFO             PET0 ESMF_COMM                   : mpiuni
20260912 035343.342 INFO             PET0 ESMF_MOAB                   : enabled
20260912 035343.342 INFO             PET0 ESMF_LAPACK                 : enabled
20260912 035343.342 INFO             PET0 ESMF_NETCDF                 : enabled
20260912 035343.342 INFO             PET0 ESMF_PNETCDF                : disabled
20260912 035343.342 INFO             PET0 ESMF_PIO                    : enabled
20260912 035343.342 INFO             PET0 ESMF_YAMLCPP                : enabled
20260912 035343.342 INFO             PET0  NUMBER_OF_PROCESSORS 1
20260912 035343.342 INFO             PET0  PASS  Example ESMF_VMGetMPICommunicatorEx, ESMF_VMGetMPICommunicatorEx.F90, line 94
20260912 035343.342 INFO             PET0  Finalizing ESMF
