2026-09-08 01:01:49
[2026-09-08T08:34:48.575] error: couldn't chdir to `/tmp/intel_2023.1.0_mpi_g_develop/esmf/examples/examplesg/Unicos.intel.64.mpi.default': No such file or directory: going to /tmp instead
 FieldBundle example 1 returned
 FieldBundle example 1 returned
 FieldBundle example 1 returned
 FieldBundle example 1 returned
 FieldBundle example 2 returned, fieldcount =           1
 FieldBundle example 2 returned, fieldcount =           1
 FieldBundle example 2 returned, fieldcount =           1
 FieldBundle example 2 returned, fieldcount =           1
 FieldBundle example 3 returned, fieldcount =           3
 FieldBundle example 3 returned, fieldcount =           3
 FieldBundle example 4 returned, field names = pressure, pressure
 FieldBundle name = atmosphere data
 FieldBundle example 4 returned, field names = pressure, pressure
 FieldBundle name = atmosphere data
 heat flux                                                                      
                                                                                
                                                                                
                    
 pressure                                                                       
 FieldBundle example 3 returned, fieldcount =           3
 heat flux                                                                      
                                                                                
                                                                                
                    
 pressure                                                                       
                                                                                
                                                                                
                    
 FieldBundle example 3 returned, fieldcount =           3
                                                                                
                                                                                
                    
 temperature                                                                    
                                                                                
                                                                                
                    
 temperature                                                                    
                                                                                
                                                                                
                    
 temperature                                                                    
                                                                                
 temperature                                                                    
                                                                                
                                                                                
                    
 pressure                                                                       
                                                                                
                                                                                
                    
                                                                                
                    
 pressure                                                                       
                                                                                
                                                                                
                    
 heat flux                                                                      
 heat flux                                                                      
                                                                                
                                                                                
                    
                                                                                
                                                                                
                    
 FieldBundle example 4 returned, field names = pressure, pressure
 FieldBundle name = atmosphere data
 FieldBundle example 4 returned, field names = pressure, pressure
 FieldBundle name = atmosphere data
 heat flux                                                                      
                                                                                
 heat flux                                                                      
                                                                                
                                                                                
                    
                                                                                
                    
 pressure                                                                       
                                                                                
                                                                                
                    
 pressure                                                                       
                                                                                
                                                                                
                    
 temperature                                                                    
                                                                                
 temperature                                                                    
                                                                                
                                                                                
                    
                                                                                
                    
 temperature                                                                    
 temperature                                                                    
                                                                                
                                                                                
                    
 pressure                                                                       
                                                                                
                                                                                
                    
 pressure                                                                       
                                                                                
                                                                                
                    
                                                                                
                                                                                
                    
 heat flux                                                                      
                                                                                
                                                                                
                    
 heat flux                                                                      
                                                                                
                                                                                
                    
  PASS  Example ESMF_FieldBundleCreateEx, ESMF_FieldBundleCreateEx.F90, line 561
 PASS: ESMF_FieldBundleCreateEx.F90
  PASS  Example ESMF_FieldBundleCreateEx, ESMF_FieldBundleCreateEx.F90, line 561
 PASS: ESMF_FieldBundleCreateEx.F90
  PASS  Example ESMF_FieldBundleCreateEx, ESMF_FieldBundleCreateEx.F90, line 561
  PASS  Example ESMF_FieldBundleCreateEx, ESMF_FieldBundleCreateEx.F90, line 561
 PASS: ESMF_FieldBundleCreateEx.F90
 PASS: ESMF_FieldBundleCreateEx.F90
