2026-09-10 03:45:37
forrtl: error (65): floating invalid
Image              PC                Routine            Line        Source             
libc.so.6          00007FBF5EA43980  Unknown               Unknown  Unknown
libhdf5_intel.so.  00007FBF5D0EBA15  H5T__init_native_     Unknown  Unknown
libhdf5_intel.so.  00007FBF5D01DA26  H5T_init              Unknown  Unknown
libhdf5_intel.so.  00007FBF5D109519  H5VL_init_phase2      Unknown  Unknown
libhdf5_intel.so.  00007FBF5CE03DD5  H5_init_library       Unknown  Unknown
libhdf5_intel.so.  00007FBF5CEA112C  H5Eset_auto2          Unknown  Unknown
libnetcdf_intel.s  00007FBF6228C69C  nc4_hdf5_initiali     Unknown  Unknown
libnetcdf_intel.s  00007FBF622970A7  NC_HDF5_initializ     Unknown  Unknown
libnetcdf_intel.s  00007FBF62217C54  nc_initialize         Unknown  Unknown
libnetcdf_intel.s  00007FBF6221AA4F  NC_create             Unknown  Unknown
libnetcdf_intel.s  00007FBF6221A8F6  nc_create             Unknown  Unknown
esmx_app           00000000004A59B3  Unknown               Unknown  Unknown
esmx_app           00000000004A0442  Unknown               Unknown  Unknown
libesmf.so         00007FBF63E54F52  openOneTileFile          1377  ESMCI_PIO_Handler.C
libesmf.so         00007FBF63B941CD  open                      743  ESMCI_IO_Handler.C
libesmf.so         00007FBF63B9EAEB  open                      873  ESMCI_IO.C
libesmf.so         00007FBF63BA096A  write                     495  ESMCI_IO.C
libesmf.so         00007FBF63B91B18  c_esmc_iowrite_           169  ESMCI_IO_F.C
libesmf.so         00007FBF64CB62E9  c_esmc_iowrite_.t           0  ESMF_IO.F90
libesmf.so         00007FBF64CB60DA  esmf_iowrite              519  ESMF_IO.F90
libesmf.so         00007FBF6495024D  esmf_fieldwrite           275  ESMF_FieldWr.F90
libesmf.so         00007FBF6535921C  nuopc_fieldwrite          305  NUOPC_Auxiliary.F90
libesmf.so         00007FBF6535BBB1  nuopc_statewrite          496  NUOPC_Auxiliary.F90
esmx_app           0000000000457222  datainitialize           1845  ESMX_Data.F90
libesmf.so         00007FBF63E0AF72  execute                   377  ESMCI_MethodTable.C
libesmf.so         00007FBF63E0AB87  execute                   563  ESMCI_MethodTable.C
libesmf.so         00007FBF63E0ADF2  c_esmc_methodtabl         347  ESMCI_MethodTable.C
libesmf.so         00007FBF64157529  esmf_methodgridco        1280  ESMF_AttachMethods.F90
libesmf.so         00007FBF65585000  initializeipdvxp0        1522  NUOPC_ModelBase.F90
libesmf.so         00007FBF63A91295  callVFuncPtr             2192  ESMCI_FTable.C
libesmf.so         00007FBF63A90310  ESMCI_FTableCallE         849  ESMCI_FTable.C
libesmf.so         00007FBF63F484E0  enter                    2740  ESMCI_VMKernel.C
libesmf.so         00007FBF63F65E6A  enter                    1365  ESMCI_VM.C
libesmf.so         00007FBF63A91639  c_esmc_ftablecall        1006  ESMCI_FTable.C
libesmf.so         00007FBF6447F8C9  c_esmc_ftablecall           0  ESMF_Comp.F90
libesmf.so         00007FBF64471148  esmf_compexecute         1272  ESMF_Comp.F90
libesmf.so         00007FBF649E9E6B  esmf_gridcompinit        1564  ESMF_GridComp.F90
libesmf.so         00007FBF654F2015  loopmodelcompss          2794  NUOPC_Driver.F90
libesmf.so         00007FBF654EEBA8  initializeipdv02p        2607  NUOPC_Driver.F90
libesmf.so         00007FBF654EB85D  initializeipdv02p        2372  NUOPC_Driver.F90
libesmf.so         00007FBF654C3F0C  initializegeneric         509  NUOPC_Driver.F90
libesmf.so         00007FBF63A91295  callVFuncPtr             2192  ESMCI_FTable.C
libesmf.so         00007FBF63A90310  ESMCI_FTableCallE         849  ESMCI_FTable.C
libesmf.so         00007FBF63F484E0  enter                    2740  ESMCI_VMKernel.C
libesmf.so         00007FBF63F65E6A  enter                    1365  ESMCI_VM.C
libesmf.so         00007FBF63A91639  c_esmc_ftablecall        1006  ESMCI_FTable.C
libesmf.so         00007FBF6447F8C9  c_esmc_ftablecall           0  ESMF_Comp.F90
libesmf.so         00007FBF64471148  esmf_compexecute         1272  ESMF_Comp.F90
libesmf.so         00007FBF649E9E6B  esmf_gridcompinit        1564  ESMF_GridComp.F90
esmx_app           0000000000421D5E  esmx_app                  388  ESMX_App.F90
esmx_app           000000000041AACD  Unknown               Unknown  Unknown
libc.so.6          00007FBF5EA2CEEC  Unknown               Unknown  Unknown
libc.so.6          00007FBF5EA2CFB5  __libc_start_main     Unknown  Unknown
esmx_app           000000000041A9D1  Unknown               Unknown  Unknown
srun: error: c6n0036: task 0: Aborted
srun: Terminating StepId=221019355.408
[2026-09-10T04:06:45.686] error: *** STEP 221019355.408 ON c6n0036 CANCELLED AT 2026-09-10T04:06:45 DUE TO TASK FAILURE ***
forrtl: error (78): process killed (SIGTERM)
Image              PC                Routine            Line        Source             
libc.so.6          00007F56CFE43980  Unknown               Unknown  Unknown
libc.so.6          00007F56CFF001E7  __sched_yield         Unknown  Unknown
libmpi_intel.so.1  00007F56D1A7C3F8  Unknown               Unknown  Unknown
libmpi_intel.so.1  00007F56D2666666  Unknown               Unknown  Unknown
libmpi_intel.so.1  00007F56D266AB3F  Unknown               Unknown  Unknown
libmpi_intel.so.1  00007F56D27F6995  Unknown               Unknown  Unknown
libmpi_intel.so.1  00007F56D27F78CF  Unknown               Unknown  Unknown
libmpi_intel.so.1  00007F56D2592682  Unknown               Unknown  Unknown
libmpi_intel.so.1  00007F56D0EB7086  Unknown               Unknown  Unknown
libmpi_intel.so.1  00007F56D0EB7141  Unknown               Unknown  Unknown
libmpi_intel.so.1  00007F56D27F1223  Unknown               Unknown  Unknown
libmpi_intel.so.1  00007F56D2692FD4  Unknown               Unknown  Unknown
libmpi_intel.so.1  00007F56D2690FFE  Unknown               Unknown  Unknown
libmpi_intel.so.1  00007F56D110C011  Unknown               Unknown  Unknown
libmpi_intel.so.1  00007F56D26958BF  Unknown               Unknown  Unknown
libmpi_intel.so.1  00007F56D27F7925  Unknown               Unknown  Unknown
libmpi_intel.so.1  00007F56D0FEF36D  MPI_Bcast             Unknown  Unknown
esmx_app           00000000004A5A11  Unknown               Unknown  Unknown
esmx_app           00000000004A0442  Unknown               Unknown  Unknown
libesmf.so         00007F56D518BF52  openOneTileFile          1377  ESMCI_PIO_Handler.C
libesmf.so         00007F56D4ECB1CD  open                      743  ESMCI_IO_Handler.C
libesmf.so         00007F56D4ED5AEB  open                      873  ESMCI_IO.C
libesmf.so         00007F56D4ED796A  write                     495  ESMCI_IO.C
libesmf.so         00007F56D4EC8B18  c_esmc_iowrite_           169  ESMCI_IO_F.C
libesmf.so         00007F56D5FED2E9  c_esmc_iowrite_.t           0  ESMF_IO.F90
libesmf.so         00007F56D5FED0DA  esmf_iowrite              519  ESMF_IO.F90
libesmf.so         00007F56D5C8724D  esmf_fieldwrite           275  ESMF_FieldWr.F90
libesmf.so         00007F56D669021C  nuopc_fieldwrite          305  NUOPC_Auxiliary.F90
libesmf.so         00007F56D6692BB1  nuopc_statewrite          496  NUOPC_Auxiliary.F90
esmx_app           0000000000457222  datainitialize           1845  ESMX_Data.F90
libesmf.so         00007F56D5141F72  execute                   377  ESMCI_MethodTable.C
libesmf.so         00007F56D5141B87  execute                   563  ESMCI_MethodTable.C
libesmf.so         00007F56D5141DF2  c_esmc_methodtabl         347  ESMCI_MethodTable.C
libesmf.so         00007F56D548E529  esmf_methodgridco        1280  ESMF_AttachMethods.F90
libesmf.so         00007F56D68BC000  initializeipdvxp0        1522  NUOPC_ModelBase.F90
libesmf.so         00007F56D4DC8295  callVFuncPtr             2192  ESMCI_FTable.C
libesmf.so         00007F56D4DC7310  ESMCI_FTableCallE         849  ESMCI_FTable.C
libesmf.so         00007F56D527F4E0  enter                    2740  ESMCI_VMKernel.C
libesmf.so         00007F56D529CE6A  enter                    1365  ESMCI_VM.C
libesmf.so         00007F56D4DC8639  c_esmc_ftablecall        1006  ESMCI_FTable.C
libesmf.so         00007F56D57B68C9  c_esmc_ftablecall           0  ESMF_Comp.F90
libesmf.so         00007F56D57A8148  esmf_compexecute         1272  ESMF_Comp.F90
libesmf.so         00007F56D5D20E6B  esmf_gridcompinit        1564  ESMF_GridComp.F90
libesmf.so         00007F56D6829015  loopmodelcompss          2794  NUOPC_Driver.F90
libesmf.so         00007F56D6825BA8  initializeipdv02p        2607  NUOPC_Driver.F90
libesmf.so         00007F56D682285D  initializeipdv02p        2372  NUOPC_Driver.F90
libesmf.so         00007F56D67FAF0C  initializegeneric         509  NUOPC_Driver.F90
libesmf.so         00007F56D4DC8295  callVFuncPtr             2192  ESMCI_FTable.C
libesmf.so         00007F56D4DC7310  ESMCI_FTableCallE         849  ESMCI_FTable.C
libesmf.so         00007F56D527F4E0  enter                    2740  ESMCI_VMKernel.C
libesmf.so         00007F56D529CE6A  enter                    1365  ESMCI_VM.C
libesmf.so         00007F56D4DC8639  c_esmc_ftablecall        1006  ESMCI_FTable.C
libesmf.so         00007F56D57B68C9  c_esmc_ftablecall           0  ESMF_Comp.F90
libesmf.so         00007F56D57A8148  esmf_compexecute         1272  ESMF_Comp.F90
libesmf.so         00007F56D5D20E6B  esmf_gridcompinit        1564  ESMF_GridComp.F90
esmx_app           0000000000421D5E  esmx_app                  388  ESMX_App.F90
esmx_app           000000000041AACD  Unknown               Unknown  Unknown
libc.so.6          00007F56CFE2CEEC  Unknown               Unknown  Unknown
libc.so.6          00007F56CFE2CFB5  __libc_start_main     Unknown  Unknown
esmx_app           000000000041A9D1  Unknown               Unknown  Unknown
forrtl: error (78): process killed (SIGTERM)
Image              PC                Routine            Line        Source             
libc.so.6          00007FC2D5043980  Unknown               Unknown  Unknown
libc.so.6          00007FC2D51001E7  __sched_yield         Unknown  Unknown
libmpi_intel.so.1  00007FC2D6C2E3F8  Unknown               Unknown  Unknown
libmpi_intel.so.1  00007FC2D7818666  Unknown               Unknown  Unknown
libmpi_intel.so.1  00007FC2D781CB3F  Unknown               Unknown  Unknown
libmpi_intel.so.1  00007FC2D79A8995  Unknown               Unknown  Unknown
libmpi_intel.so.1  00007FC2D79A98CF  Unknown               Unknown  Unknown
libmpi_intel.so.1  00007FC2D7744682  Unknown               Unknown  Unknown
libmpi_intel.so.1  00007FC2D6069086  Unknown               Unknown  Unknown
libmpi_intel.so.1  00007FC2D6069141  Unknown               Unknown  Unknown
libmpi_intel.so.1  00007FC2D79A3223  Unknown               Unknown  Unknown
libmpi_intel.so.1  00007FC2D7844FD4  Unknown               Unknown  Unknown
libmpi_intel.so.1  00007FC2D7842FFE  Unknown               Unknown  Unknown
libmpi_intel.so.1  00007FC2D62BE011  Unknown               Unknown  Unknown
libmpi_intel.so.1  00007FC2D78478BF  Unknown               Unknown  Unknown
libmpi_intel.so.1  00007FC2D79A9925  Unknown               Unknown  Unknown
libmpi_intel.so.1  00007FC2D61A136D  MPI_Bcast             Unknown  Unknown
esmx_app           00000000004A5A11  Unknown               Unknown  Unknown
esmx_app           00000000004A0442  Unknown               Unknown  Unknown
libesmf.so         00007FC2DA33DF52  openOneTileFile          1377  ESMCI_PIO_Handler.C
libesmf.so         00007FC2DA07D1CD  open                      743  ESMCI_IO_Handler.C
libesmf.so         00007FC2DA087AEB  open                      873  ESMCI_IO.C
libesmf.so         00007FC2DA08996A  write                     495  ESMCI_IO.C
libesmf.so         00007FC2DA07AB18  c_esmc_iowrite_           169  ESMCI_IO_F.C
libesmf.so         00007FC2DB19F2E9  c_esmc_iowrite_.t           0  ESMF_IO.F90
libesmf.so         00007FC2DB19F0DA  esmf_iowrite              519  ESMF_IO.F90
libesmf.so         00007FC2DAE3924D  esmf_fieldwrite           275  ESMF_FieldWr.F90
libesmf.so         00007FC2DB84221C  nuopc_fieldwrite          305  NUOPC_Auxiliary.F90
libesmf.so         00007FC2DB844BB1  nuopc_statewrite          496  NUOPC_Auxiliary.F90
esmx_app           0000000000457222  datainitialize           1845  ESMX_Data.F90
libesmf.so         00007FC2DA2F3F72  execute                   377  ESMCI_MethodTable.C
libesmf.so         00007FC2DA2F3B87  execute                   563  ESMCI_MethodTable.C
libesmf.so         00007FC2DA2F3DF2  c_esmc_methodtabl         347  ESMCI_MethodTable.C
libesmf.so         00007FC2DA640529  esmf_methodgridco        1280  ESMF_AttachMethods.F90
libesmf.so         00007FC2DBA6E000  initializeipdvxp0        1522  NUOPC_ModelBase.F90
libesmf.so         00007FC2D9F7A295  callVFuncPtr             2192  ESMCI_FTable.C
libesmf.so         00007FC2D9F79310  ESMCI_FTableCallE         849  ESMCI_FTable.C
libesmf.so         00007FC2DA4314E0  enter                    2740  ESMCI_VMKernel.C
libesmf.so         00007FC2DA44EE6A  enter                    1365  ESMCI_VM.C
libesmf.so         00007FC2D9F7A639  c_esmc_ftablecall        1006  ESMCI_FTable.C
libesmf.so         00007FC2DA9688C9  c_esmc_ftablecall           0  ESMF_Comp.F90
libesmf.so         00007FC2DA95A148  esmf_compexecute         1272  ESMF_Comp.F90
libesmf.so         00007FC2DAED2E6B  esmf_gridcompinit        1564  ESMF_GridComp.F90
libesmf.so         00007FC2DB9DB015  loopmodelcompss          2794  NUOPC_Driver.F90
libesmf.so         00007FC2DB9D7BA8  initializeipdv02p        2607  NUOPC_Driver.F90
libesmf.so         00007FC2DB9D485D  initializeipdv02p        2372  NUOPC_Driver.F90
libesmf.so         00007FC2DB9ACF0C  initializegeneric         509  NUOPC_Driver.F90
libesmf.so         00007FC2D9F7A295  callVFuncPtr             2192  ESMCI_FTable.C
forrtl: error (78): process killed (SIGTERM)
Image              PC                Routine            Line        Source             
libc.so.6          00007F4581443980  Unknown               Unknown  Unknown
libc.so.6          00007F45815001E7  __sched_yield         Unknown  Unknown
libmpi_intel.so.1  00007F45830F63F8  Unknown               Unknown  Unknown
libmpi_intel.so.1  00007F4583CE0666  Unknown               Unknown  Unknown
libmpi_intel.so.1  00007F4583CE4B3F  Unknown               Unknown  Unknown
libmpi_intel.so.1  00007F4583E70995  Unknown               Unknown  Unknown
libmpi_intel.so.1  00007F4583E718CF  Unknown               Unknown  Unknown
libmpi_intel.so.1  00007F4583C0C682  Unknown               Unknown  Unknown
libmpi_intel.so.1  00007F4582531086  Unknown               Unknown  Unknown
libmpi_intel.so.1  00007F4582531141  Unknown               Unknown  Unknown
libmpi_intel.so.1  00007F4583E6B223  Unknown               Unknown  Unknown
libmpi_intel.so.1  00007F4583D0CFD4  Unknown               Unknown  Unknown
libmpi_intel.so.1  00007F4583D0AFFE  Unknown               Unknown  Unknown
libmpi_intel.so.1  00007F4582786011  Unknown               Unknown  Unknown
libmpi_intel.so.1  00007F4583D0F8BF  Unknown               Unknown  Unknown
libmpi_intel.so.1  00007F4583E71925  Unknown               Unknown  Unknown
libmpi_intel.so.1  00007F458266936D  MPI_Bcast             Unknown  Unknown
esmx_app           00000000004A5A11  Unknown               Unknown  Unknown
esmx_app           00000000004A0442  Unknown               Unknown  Unknown
libesmf.so         00007F4586805F52  openOneTileFile          1377  ESMCI_PIO_Handler.C
libesmf.so         00007F45865451CD  open                      743  ESMCI_IO_Handler.C
libesmf.so         00007F458654FAEB  open                      873  ESMCI_IO.C
libesmf.so         00007F458655196A  write                     495  ESMCI_IO.C
libesmf.so         00007F4586542B18  c_esmc_iowrite_           169  ESMCI_IO_F.C
libesmf.so         00007F45876672E9  c_esmc_iowrite_.t           0  ESMF_IO.F90
libesmf.so         00007F45876670DA  esmf_iowrite              519  ESMF_IO.F90
libesmf.so         00007F458730124D  esmf_fieldwrite           275  ESMF_FieldWr.F90
libesmf.so         00007F4587D0A21C  nuopc_fieldwrite          305  NUOPC_Auxiliary.F90
libesmf.so         00007F4587D0CBB1  nuopc_statewrite          496  NUOPC_Auxiliary.F90
esmx_app           0000000000457222  datainitialize           1845  ESMX_Data.F90
libesmf.so         00007F45867BBF72  execute                   377  ESMCI_MethodTable.C
libesmf.so         00007F45867BBB87  execute                   563  ESMCI_MethodTable.C
libesmf.so         00007F45867BBDF2  c_esmc_methodtabl         347  ESMCI_MethodTable.C
libesmf.so         00007F4586B08529  esmf_methodgridco        1280  ESMF_AttachMethods.F90
libesmf.so         00007F4587F36000  initializeipdvxp0        1522  NUOPC_ModelBase.F90
libesmf.so         00007F4586442295  callVFuncPtr             2192  ESMCI_FTable.C
libesmf.so         00007F4586441310  ESMCI_FTableCallE         849  ESMCI_FTable.C
libesmf.so         00007F45868F94E0  enter                    2740  ESMCI_VMKernel.C
libesmf.so         00007F4586916E6A  enter                    1365  ESMCI_VM.C
libesmf.so         00007F4586442639  c_esmc_ftablecall        1006  ESMCI_FTable.C
libesmf.so         00007F4586E308C9  c_esmc_ftablecall           0  ESMF_Comp.F90
libesmf.so         00007F4586E22148  esmf_compexecute         1272  ESMF_Comp.F90
libesmf.so         00007F458739AE6B  esmf_gridcompinit        1564  ESMF_GridComp.F90
libesmf.so         00007F4587EA3015  loopmodelcompss          2794  NUOPC_Driver.F90
libesmf.so         00007F4587E9FBA8  initializeipdv02p        2607  NUOPC_Driver.F90
libesmf.so         00007F4587E9C85D  initializeipdv02p        2372  NUOPC_Driver.F90
libesmf.so         00007F4587E74F0C  initializegeneric         509  NUOPC_Driver.F90
libesmf.so         00007F4586442295  callVFuncPtr             2192  ESMCI_FTable.C
libesmf.so         00007FC2D9F79310  ESMCI_FTableCallE         849  ESMCI_FTable.C
libesmf.so         00007FC2DA4314E0  enter                    2740  ESMCI_VMKernel.C
libesmf.so         00007FC2DA44EE6A  enter                    1365  ESMCI_VM.C
libesmf.so         00007FC2D9F7A639  c_esmc_ftablecall        1006  ESMCI_FTable.C
libesmf.so         00007FC2DA9688C9  c_esmc_ftablecall           0  ESMF_Comp.F90
libesmf.so         00007FC2DA95A148  esmf_compexecute         1272  ESMF_Comp.F90
libesmf.so         00007FC2DAED2E6B  esmf_gridcompinit        1564  ESMF_GridComp.F90
esmx_app           0000000000421D5E  esmx_app                  388  ESMX_App.F90
esmx_app           000000000041AACD  Unknown               Unknown  Unknown
libc.so.6          00007FC2D502CEEC  Unknown               Unknown  Unknown
libc.so.6          00007FC2D502CFB5  __libc_start_main     Unknown  Unknown
esmx_app           000000000041A9D1  Unknown               Unknown  Unknown
libesmf.so         00007F4586441310  ESMCI_FTableCallE         849  ESMCI_FTable.C
libesmf.so         00007F45868F94E0  enter                    2740  ESMCI_VMKernel.C
libesmf.so         00007F4586916E6A  enter                    1365  ESMCI_VM.C
libesmf.so         00007F4586442639  c_esmc_ftablecall        1006  ESMCI_FTable.C
libesmf.so         00007F4586E308C9  c_esmc_ftablecall           0  ESMF_Comp.F90
libesmf.so         00007F4586E22148  esmf_compexecute         1272  ESMF_Comp.F90
libesmf.so         00007F458739AE6B  esmf_gridcompinit        1564  ESMF_GridComp.F90
esmx_app           0000000000421D5E  esmx_app                  388  ESMX_App.F90
esmx_app           000000000041AACD  Unknown               Unknown  Unknown
libc.so.6          00007F458142CEEC  Unknown               Unknown  Unknown
libc.so.6          00007F458142CFB5  __libc_start_main     Unknown  Unknown
esmx_app           000000000041A9D1  Unknown               Unknown  Unknown
srun: error: c6n0036: tasks 1-3: Exited with exit code 1
