2026-09-10 03:45:37
forrtl: error (65): floating invalid
Image              PC                Routine            Line        Source             
libc.so.6          00007F493CC16980  Unknown               Unknown  Unknown
libhdf5_intel.so.  00007F493B124A15  H5T__init_native_     Unknown  Unknown
libhdf5_intel.so.  00007F493B056A26  H5T_init              Unknown  Unknown
libhdf5_intel.so.  00007F493B142519  H5VL_init_phase2      Unknown  Unknown
libhdf5_intel.so.  00007F493AE3CDD5  H5_init_library       Unknown  Unknown
libhdf5_intel.so.  00007F493AEDA12C  H5Eset_auto2          Unknown  Unknown
libnetcdf_intel.s  00007F49402C369C  nc4_hdf5_initiali     Unknown  Unknown
libnetcdf_intel.s  00007F49402CE0A7  NC_HDF5_initializ     Unknown  Unknown
libnetcdf_intel.s  00007F494024EC54  nc_initialize         Unknown  Unknown
libnetcdf_intel.s  00007F4940251A4F  NC_create             Unknown  Unknown
libnetcdf_intel.s  00007F49402518F6  nc_create             Unknown  Unknown
esmx_app           00000000004A59B3  Unknown               Unknown  Unknown
esmx_app           00000000004A0442  Unknown               Unknown  Unknown
libesmf.so         00007F4941E8BF52  openOneTileFile          1377  ESMCI_PIO_Handler.C
libesmf.so         00007F4941BCB1CD  open                      743  ESMCI_IO_Handler.C
libesmf.so         00007F4941BD5AEB  open                      873  ESMCI_IO.C
libesmf.so         00007F4941BD796A  write                     495  ESMCI_IO.C
libesmf.so         00007F4941BC8B18  c_esmc_iowrite_           169  ESMCI_IO_F.C
libesmf.so         00007F4942CED2E9  c_esmc_iowrite_.t           0  ESMF_IO.F90
libesmf.so         00007F4942CED0DA  esmf_iowrite              519  ESMF_IO.F90
libesmf.so         00007F494298724D  esmf_fieldwrite           275  ESMF_FieldWr.F90
libesmf.so         00007F494339021C  nuopc_fieldwrite          305  NUOPC_Auxiliary.F90
libesmf.so         00007F4943392BB1  nuopc_statewrite          496  NUOPC_Auxiliary.F90
esmx_app           0000000000457222  datainitialize           1845  ESMX_Data.F90
libesmf.so         00007F4941E41F72  execute                   377  ESMCI_MethodTable.C
libesmf.so         00007F4941E41B87  execute                   563  ESMCI_MethodTable.C
libesmf.so         00007F4941E41DF2  c_esmc_methodtabl         347  ESMCI_MethodTable.C
libesmf.so         00007F494218E529  esmf_methodgridco        1280  ESMF_AttachMethods.F90
libesmf.so         00007F49435BC000  initializeipdvxp0        1522  NUOPC_ModelBase.F90
libesmf.so         00007F4941AC8295  callVFuncPtr             2192  ESMCI_FTable.C
libesmf.so         00007F4941AC7310  ESMCI_FTableCallE         849  ESMCI_FTable.C
libesmf.so         00007F4941F7F4E0  enter                    2740  ESMCI_VMKernel.C
libesmf.so         00007F4941F9CE6A  enter                    1365  ESMCI_VM.C
libesmf.so         00007F4941AC8639  c_esmc_ftablecall        1006  ESMCI_FTable.C
libesmf.so         00007F49424B68C9  c_esmc_ftablecall           0  ESMF_Comp.F90
libesmf.so         00007F49424A8148  esmf_compexecute         1272  ESMF_Comp.F90
libesmf.so         00007F4942A20E6B  esmf_gridcompinit        1564  ESMF_GridComp.F90
libesmf.so         00007F4943529015  loopmodelcompss          2794  NUOPC_Driver.F90
libesmf.so         00007F4943525BA8  initializeipdv02p        2607  NUOPC_Driver.F90
libesmf.so         00007F494352285D  initializeipdv02p        2372  NUOPC_Driver.F90
libesmf.so         00007F49434FAF0C  initializegeneric         509  NUOPC_Driver.F90
libesmf.so         00007F4941AC8295  callVFuncPtr             2192  ESMCI_FTable.C
libesmf.so         00007F4941AC7310  ESMCI_FTableCallE         849  ESMCI_FTable.C
libesmf.so         00007F4941F7F4E0  enter                    2740  ESMCI_VMKernel.C
libesmf.so         00007F4941F9CE6A  enter                    1365  ESMCI_VM.C
libesmf.so         00007F4941AC8639  c_esmc_ftablecall        1006  ESMCI_FTable.C
libesmf.so         00007F49424B68C9  c_esmc_ftablecall           0  ESMF_Comp.F90
libesmf.so         00007F49424A8148  esmf_compexecute         1272  ESMF_Comp.F90
libesmf.so         00007F4942A20E6B  esmf_gridcompinit        1564  ESMF_GridComp.F90
esmx_app           0000000000421D5E  esmx_app                  388  ESMX_App.F90
esmx_app           000000000041AACD  Unknown               Unknown  Unknown
libc.so.6          00007F493CBFFEEC  Unknown               Unknown  Unknown
libc.so.6          00007F493CBFFFB5  __libc_start_main     Unknown  Unknown
esmx_app           000000000041A9D1  Unknown               Unknown  Unknown
srun: error: c6n0036: task 0: Aborted
srun: Terminating StepId=221019355.409
[2026-09-10T04:06:47.605] error: *** STEP 221019355.409 ON c6n0036 CANCELLED AT 2026-09-10T04:06:47 DUE TO TASK FAILURE ***
forrtl: error (78): process killed (SIGTERM)
Image              PC                Routine            Line        Source             
libc.so.6          00007FC500C43980  Unknown               Unknown  Unknown
libc.so.6          00007FC500D001E7  __sched_yield         Unknown  Unknown
libmpi_intel.so.1  00007FC5028733F8  Unknown               Unknown  Unknown
libmpi_intel.so.1  00007FC50345D666  Unknown               Unknown  Unknown
libmpi_intel.so.1  00007FC503461B3F  Unknown               Unknown  Unknown
libmpi_intel.so.1  00007FC5035ED995  Unknown               Unknown  Unknown
libmpi_intel.so.1  00007FC5035EE8CF  Unknown               Unknown  Unknown
libmpi_intel.so.1  00007FC503389682  Unknown               Unknown  Unknown
libmpi_intel.so.1  00007FC501CAE086  Unknown               Unknown  Unknown
libmpi_intel.so.1  00007FC501CAE141  Unknown               Unknown  Unknown
libmpi_intel.so.1  00007FC5035E8223  Unknown               Unknown  Unknown
libmpi_intel.so.1  00007FC503489FD4  Unknown               Unknown  Unknown
libmpi_intel.so.1  00007FC503487FFE  Unknown               Unknown  Unknown
libmpi_intel.so.1  00007FC501F03011  Unknown               Unknown  Unknown
libmpi_intel.so.1  00007FC50348C8BF  Unknown               Unknown  Unknown
libmpi_intel.so.1  00007FC5035EE925  Unknown               Unknown  Unknown
libmpi_intel.so.1  00007FC501DE636D  MPI_Bcast             Unknown  Unknown
esmx_app           00000000004A5A11  Unknown               Unknown  Unknown
esmx_app           00000000004A0442  Unknown               Unknown  Unknown
libesmf.so         00007FC505F82F52  openOneTileFile          1377  ESMCI_PIO_Handler.C
libesmf.so         00007FC505CC21CD  open                      743  ESMCI_IO_Handler.C
libesmf.so         00007FC505CCCAEB  open                      873  ESMCI_IO.C
libesmf.so         00007FC505CCE96A  write                     495  ESMCI_IO.C
libesmf.so         00007FC505CBFB18  c_esmc_iowrite_           169  ESMCI_IO_F.C
libesmf.so         00007FC506DE42E9  c_esmc_iowrite_.t           0  ESMF_IO.F90
libesmf.so         00007FC506DE40DA  esmf_iowrite              519  ESMF_IO.F90
libesmf.so         00007FC506A7E24D  esmf_fieldwrite           275  ESMF_FieldWr.F90
libesmf.so         00007FC50748721C  nuopc_fieldwrite          305  NUOPC_Auxiliary.F90
libesmf.so         00007FC507489BB1  nuopc_statewrite          496  NUOPC_Auxiliary.F90
esmx_app           0000000000457222  datainitialize           1845  ESMX_Data.F90
libesmf.so         00007FC505F38F72  execute                   377  ESMCI_MethodTable.C
libesmf.so         00007FC505F38B87  execute                   563  ESMCI_MethodTable.C
libesmf.so         00007FC505F38DF2  c_esmc_methodtabl         347  ESMCI_MethodTable.C
libesmf.so         00007FC506285529  esmf_methodgridco        1280  ESMF_AttachMethods.F90
libesmf.so         00007FC5076B3000  initializeipdvxp0        1522  NUOPC_ModelBase.F90
libesmf.so         00007FC505BBF295  callVFuncPtr             2192  ESMCI_FTable.C
libesmf.so         00007FC505BBE310  ESMCI_FTableCallE         849  ESMCI_FTable.C
libesmf.so         00007FC5060764E0  enter                    2740  ESMCI_VMKernel.C
libesmf.so         00007FC506093E6A  enter                    1365  ESMCI_VM.C
libesmf.so         00007FC505BBF639  c_esmc_ftablecall        1006  ESMCI_FTable.C
libesmf.so         00007FC5065AD8C9  c_esmc_ftablecall           0  ESMF_Comp.F90
libesmf.so         00007FC50659F148  esmf_compexecute         1272  ESMF_Comp.F90
libesmf.so         00007FC506B17E6B  esmf_gridcompinit        1564  ESMF_GridComp.F90
libesmf.so         00007FC507620015  loopmodelcompss          2794  NUOPC_Driver.F90
libesmf.so         00007FC50761CBA8  initializeipdv02p        2607  NUOPC_Driver.F90
libesmf.so         00007FC50761985D  initializeipdv02p        2372  NUOPC_Driver.F90
libesmf.so         00007FC5075F1F0C  initializegeneric         509  NUOPC_Driver.F90
libesmf.so         00007FC505BBF295  callVFuncPtr             2192  ESMCI_FTable.C
libesmf.so         00007FC505BBE310  ESMCI_FTableCallE         849  ESMCI_FTable.C
libesmf.so         00007FC5060764E0  enter                    2740  ESMCI_VMKernel.C
libesmf.so         00007FC506093E6A  enter                    1365  ESMCI_VM.C
libesmf.so         00007FC505BBF639  c_esmc_ftablecall        1006  ESMCI_FTable.C
libesmf.so         00007FC5065AD8C9  c_esmc_ftablecall           0  ESMF_Comp.F90
libesmf.so         00007FC50659F148  esmf_compexecute         1272  ESMF_Comp.F90
libesmf.so         00007FC506B17E6B  esmf_gridcompinit        1564  ESMF_GridComp.F90
esmx_app           0000000000421D5E  esmx_app                  388  ESMX_App.F90
esmx_app           000000000041AACD  Unknown               Unknown  Unknown
libc.so.6          00007FC500C2CEEC  Unknown               Unknown  Unknown
libc.so.6          00007FC500C2CFB5  __libc_start_main     Unknown  Unknown
esmx_app           000000000041A9D1  Unknown               Unknown  Unknown
forrtl: error (78): process killed (SIGTERM)
Image              PC                Routine            Line        Source             
libc.so.6          00007FC749443980  Unknown               Unknown  Unknown
libmpi_intel.so.1  00007FC74B08857A  Unknown               Unknown  Unknown
libmpi_intel.so.1  00007FC74BC78666  Unknown               Unknown  Unknown
libmpi_intel.so.1  00007FC74BC7CB3F  Unknown               Unknown  Unknown
libmpi_intel.so.1  00007FC74BE08995  Unknown               Unknown  Unknown
libmpi_intel.so.1  00007FC74BE098CF  Unknown               Unknown  Unknown
libmpi_intel.so.1  00007FC74BBA4682  Unknown               Unknown  Unknown
libmpi_intel.so.1  00007FC74A4C9086  Unknown               Unknown  Unknown
libmpi_intel.so.1  00007FC74A4C9141  Unknown               Unknown  Unknown
libmpi_intel.so.1  00007FC74BE03223  Unknown               Unknown  Unknown
libmpi_intel.so.1  00007FC74BCA4FD4  Unknown               Unknown  Unknown
libmpi_intel.so.1  00007FC74BCA2FFE  Unknown               Unknown  Unknown
libmpi_intel.so.1  00007FC74A71E011  Unknown               Unknown  Unknown
libmpi_intel.so.1  00007FC74BCA78BF  Unknown               Unknown  Unknown
libmpi_intel.so.1  00007FC74BE09925  Unknown               Unknown  Unknown
libmpi_intel.so.1  00007FC74A60136D  MPI_Bcast             Unknown  Unknown
esmx_app           00000000004A5A11  Unknown               Unknown  Unknown
esmx_app           00000000004A0442  Unknown               Unknown  Unknown
libesmf.so         00007FC74E79DF52  openOneTileFile          1377  ESMCI_PIO_Handler.C
libesmf.so         00007FC74E4DD1CD  open                      743  ESMCI_IO_Handler.C
libesmf.so         00007FC74E4E7AEB  open                      873  ESMCI_IO.C
libesmf.so         00007FC74E4E996A  write                     495  ESMCI_IO.C
libesmf.so         00007FC74E4DAB18  c_esmc_iowrite_           169  ESMCI_IO_F.C
libesmf.so         00007FC74F5FF2E9  c_esmc_iowrite_.t           0  ESMF_IO.F90
libesmf.so         00007FC74F5FF0DA  esmf_iowrite              519  ESMF_IO.F90
libesmf.so         00007FC74F29924D  esmf_fieldwrite           275  ESMF_FieldWr.F90
libesmf.so         00007FC74FCA221C  nuopc_fieldwrite          305  NUOPC_Auxiliary.F90
libesmf.so         00007FC74FCA4BB1  nuopc_statewrite          496  NUOPC_Auxiliary.F90
esmx_app           0000000000457222  datainitialize           1845  ESMX_Data.F90
forrtl: error (78): process killed (SIGTERM)
Image              PC                Routine            Line        Source             
libc.so.6          00007F10F8243980  Unknown               Unknown  Unknown
libc.so.6          00007F10F83001E7  __sched_yield         Unknown  Unknown
libmpi_intel.so.1  00007F10F9E393F8  Unknown               Unknown  Unknown
libmpi_intel.so.1  00007F10FAA23666  Unknown               Unknown  Unknown
libmpi_intel.so.1  00007F10FAA27B3F  Unknown               Unknown  Unknown
libmpi_intel.so.1  00007F10FABB3995  Unknown               Unknown  Unknown
libmpi_intel.so.1  00007F10FABB48CF  Unknown               Unknown  Unknown
libmpi_intel.so.1  00007F10FA94F682  Unknown               Unknown  Unknown
libmpi_intel.so.1  00007F10F9274086  Unknown               Unknown  Unknown
libmpi_intel.so.1  00007F10F9274141  Unknown               Unknown  Unknown
libmpi_intel.so.1  00007F10FABAE223  Unknown               Unknown  Unknown
libmpi_intel.so.1  00007F10FAA4FFD4  Unknown               Unknown  Unknown
libmpi_intel.so.1  00007F10FAA4DFFE  Unknown               Unknown  Unknown
libmpi_intel.so.1  00007F10F94C9011  Unknown               Unknown  Unknown
libmpi_intel.so.1  00007F10FAA528BF  Unknown               Unknown  Unknown
libmpi_intel.so.1  00007F10FABB4925  Unknown               Unknown  Unknown
libmpi_intel.so.1  00007F10F93AC36D  MPI_Bcast             Unknown  Unknown
esmx_app           00000000004A5A11  Unknown               Unknown  Unknown
esmx_app           00000000004A0442  Unknown               Unknown  Unknown
libesmf.so         00007F10FD548F52  openOneTileFile          1377  ESMCI_PIO_Handler.C
libesmf.so         00007F10FD2881CD  open                      743  ESMCI_IO_Handler.C
libesmf.so         00007F10FD292AEB  open                      873  ESMCI_IO.C
libesmf.so         00007F10FD29496A  write                     495  ESMCI_IO.C
libesmf.so         00007F10FD285B18  c_esmc_iowrite_           169  ESMCI_IO_F.C
libesmf.so         00007F10FE3AA2E9  c_esmc_iowrite_.t           0  ESMF_IO.F90
libesmf.so         00007F10FE3AA0DA  esmf_iowrite              519  ESMF_IO.F90
libesmf.so         00007F10FE04424D  esmf_fieldwrite           275  ESMF_FieldWr.F90
libesmf.so         00007F10FEA4D21C  nuopc_fieldwrite          305  NUOPC_Auxiliary.F90
libesmf.so         00007F10FEA4FBB1  nuopc_statewrite          496  NUOPC_Auxiliary.F90
esmx_app           0000000000457222  datainitialize           1845  ESMX_Data.F90
libesmf.so         00007F10FD4FEF72  execute                   377  ESMCI_MethodTable.C
libesmf.so         00007F10FD4FEB87  execute                   563  ESMCI_MethodTable.C
libesmf.so         00007F10FD4FEDF2  c_esmc_methodtabl         347  ESMCI_MethodTable.C
libesmf.so         00007F10FD84B529  esmf_methodgridco        1280  ESMF_AttachMethods.F90
libesmf.so         00007F10FEC79000  initializeipdvxp0        1522  NUOPC_ModelBase.F90
libesmf.so         00007F10FD185295  callVFuncPtr             2192  ESMCI_FTable.C
libesmf.so         00007F10FD184310  ESMCI_FTableCallE         849  ESMCI_FTable.C
libesmf.so         00007F10FD63C4E0  enter                    2740  ESMCI_VMKernel.C
libesmf.so         00007F10FD659E6A  enter                    1365  ESMCI_VM.C
libesmf.so         00007F10FD185639  c_esmc_ftablecall        1006  ESMCI_FTable.C
libesmf.so         00007F10FDB738C9  c_esmc_ftablecall           0  ESMF_Comp.F90
libesmf.so         00007F10FDB65148  esmf_compexecute         1272  ESMF_Comp.F90
libesmf.so         00007F10FE0DDE6B  esmf_gridcompinit        1564  ESMF_GridComp.F90
libesmf.so         00007F10FEBE6015  loopmodelcompss          2794  NUOPC_Driver.F90
libesmf.so         00007F10FEBE2BA8  initializeipdv02p        2607  NUOPC_Driver.F90
libesmf.so         00007F10FEBDF85D  initializeipdv02p        2372  NUOPC_Driver.F90
libesmf.so         00007F10FEBB7F0C  initializegeneric         509  NUOPC_Driver.F90
libesmf.so         00007F10FD185295  callVFuncPtr             2192  ESMCI_FTable.C
libesmf.so         00007FC74E753F72  execute                   377  ESMCI_MethodTable.C
libesmf.so         00007FC74E753B87  execute                   563  ESMCI_MethodTable.C
libesmf.so         00007FC74E753DF2  c_esmc_methodtabl         347  ESMCI_MethodTable.C
libesmf.so         00007FC74EAA0529  esmf_methodgridco        1280  ESMF_AttachMethods.F90
libesmf.so         00007FC74FECE000  initializeipdvxp0        1522  NUOPC_ModelBase.F90
libesmf.so         00007FC74E3DA295  callVFuncPtr             2192  ESMCI_FTable.C
libesmf.so         00007FC74E3D9310  ESMCI_FTableCallE         849  ESMCI_FTable.C
libesmf.so         00007FC74E8914E0  enter                    2740  ESMCI_VMKernel.C
libesmf.so         00007FC74E8AEE6A  enter                    1365  ESMCI_VM.C
libesmf.so         00007FC74E3DA639  c_esmc_ftablecall        1006  ESMCI_FTable.C
libesmf.so         00007FC74EDC88C9  c_esmc_ftablecall           0  ESMF_Comp.F90
libesmf.so         00007FC74EDBA148  esmf_compexecute         1272  ESMF_Comp.F90
libesmf.so         00007FC74F332E6B  esmf_gridcompinit        1564  ESMF_GridComp.F90
libesmf.so         00007FC74FE3B015  loopmodelcompss          2794  NUOPC_Driver.F90
libesmf.so         00007FC74FE37BA8  initializeipdv02p        2607  NUOPC_Driver.F90
libesmf.so         00007FC74FE3485D  initializeipdv02p        2372  NUOPC_Driver.F90
libesmf.so         00007FC74FE0CF0C  initializegeneric         509  NUOPC_Driver.F90
libesmf.so         00007FC74E3DA295  callVFuncPtr             2192  ESMCI_FTable.C
libesmf.so         00007FC74E3D9310  ESMCI_FTableCallE         849  ESMCI_FTable.C
libesmf.so         00007FC74E8914E0  enter                    2740  ESMCI_VMKernel.C
libesmf.so         00007FC74E8AEE6A  enter                    1365  ESMCI_VM.C
libesmf.so         00007FC74E3DA639  c_esmc_ftablecall        1006  ESMCI_FTable.C
libesmf.so         00007FC74EDC88C9  c_esmc_ftablecall           0  ESMF_Comp.F90
libesmf.so         00007FC74EDBA148  esmf_compexecute         1272  ESMF_Comp.F90
libesmf.so         00007FC74F332E6B  esmf_gridcompinit        1564  ESMF_GridComp.F90
esmx_app           0000000000421D5E  esmx_app                  388  ESMX_App.F90
esmx_app           000000000041AACD  Unknown               Unknown  Unknown
libc.so.6          00007FC74942CEEC  Unknown               Unknown  Unknown
libc.so.6          00007FC74942CFB5  __libc_start_main     Unknown  Unknown
esmx_app           000000000041A9D1  Unknown               Unknown  Unknown
libesmf.so         00007F10FD184310  ESMCI_FTableCallE         849  ESMCI_FTable.C
libesmf.so         00007F10FD63C4E0  enter                    2740  ESMCI_VMKernel.C
libesmf.so         00007F10FD659E6A  enter                    1365  ESMCI_VM.C
libesmf.so         00007F10FD185639  c_esmc_ftablecall        1006  ESMCI_FTable.C
libesmf.so         00007F10FDB738C9  c_esmc_ftablecall           0  ESMF_Comp.F90
libesmf.so         00007F10FDB65148  esmf_compexecute         1272  ESMF_Comp.F90
libesmf.so         00007F10FE0DDE6B  esmf_gridcompinit        1564  ESMF_GridComp.F90
esmx_app           0000000000421D5E  esmx_app                  388  ESMX_App.F90
esmx_app           000000000041AACD  Unknown               Unknown  Unknown
libc.so.6          00007F10F822CEEC  Unknown               Unknown  Unknown
libc.so.6          00007F10F822CFB5  __libc_start_main     Unknown  Unknown
esmx_app           000000000041A9D1  Unknown               Unknown  Unknown
srun: error: c6n0036: tasks 1-3: Exited with exit code 1
