2026-09-10 03:45:37
forrtl: error (65): floating invalid
Image              PC                Routine            Line        Source             
libc.so.6          00007F3913843980  Unknown               Unknown  Unknown
libhdf5_intel.so.  00007F3911D9AA15  H5T__init_native_     Unknown  Unknown
libhdf5_intel.so.  00007F3911CCCA26  H5T_init              Unknown  Unknown
libhdf5_intel.so.  00007F3911DB8519  H5VL_init_phase2      Unknown  Unknown
libhdf5_intel.so.  00007F3911AB2DD5  H5_init_library       Unknown  Unknown
libhdf5_intel.so.  00007F3911B5012C  H5Eset_auto2          Unknown  Unknown
libnetcdf_intel.s  00007F3916F3169C  nc4_hdf5_initiali     Unknown  Unknown
libnetcdf_intel.s  00007F3916F3C0A7  NC_HDF5_initializ     Unknown  Unknown
libnetcdf_intel.s  00007F3916EBCC54  nc_initialize         Unknown  Unknown
libnetcdf_intel.s  00007F3916EBFA4F  NC_create             Unknown  Unknown
libnetcdf_intel.s  00007F3916EBF8F6  nc_create             Unknown  Unknown
esmx_app           00000000004A59B3  Unknown               Unknown  Unknown
esmx_app           00000000004A0442  Unknown               Unknown  Unknown
libesmf.so         00007F3918AF9F52  openOneTileFile          1377  ESMCI_PIO_Handler.C
libesmf.so         00007F39188391CD  open                      743  ESMCI_IO_Handler.C
libesmf.so         00007F3918843AEB  open                      873  ESMCI_IO.C
libesmf.so         00007F391884596A  write                     495  ESMCI_IO.C
libesmf.so         00007F3918836B18  c_esmc_iowrite_           169  ESMCI_IO_F.C
libesmf.so         00007F391995B2E9  c_esmc_iowrite_.t           0  ESMF_IO.F90
libesmf.so         00007F391995B0DA  esmf_iowrite              519  ESMF_IO.F90
libesmf.so         00007F39195F524D  esmf_fieldwrite           275  ESMF_FieldWr.F90
libesmf.so         00007F3919FFE21C  nuopc_fieldwrite          305  NUOPC_Auxiliary.F90
libesmf.so         00007F391A000BB1  nuopc_statewrite          496  NUOPC_Auxiliary.F90
esmx_app           0000000000457222  datainitialize           1845  ESMX_Data.F90
libesmf.so         00007F3918AAFF72  execute                   377  ESMCI_MethodTable.C
libesmf.so         00007F3918AAFB87  execute                   563  ESMCI_MethodTable.C
libesmf.so         00007F3918AAFDF2  c_esmc_methodtabl         347  ESMCI_MethodTable.C
libesmf.so         00007F3918DFC529  esmf_methodgridco        1280  ESMF_AttachMethods.F90
libesmf.so         00007F391A22A000  initializeipdvxp0        1522  NUOPC_ModelBase.F90
libesmf.so         00007F3918736295  callVFuncPtr             2192  ESMCI_FTable.C
libesmf.so         00007F3918735310  ESMCI_FTableCallE         849  ESMCI_FTable.C
libesmf.so         00007F3918BED4E0  enter                    2740  ESMCI_VMKernel.C
libesmf.so         00007F3918C0AE6A  enter                    1365  ESMCI_VM.C
libesmf.so         00007F3918736639  c_esmc_ftablecall        1006  ESMCI_FTable.C
libesmf.so         00007F39191248C9  c_esmc_ftablecall           0  ESMF_Comp.F90
libesmf.so         00007F3919116148  esmf_compexecute         1272  ESMF_Comp.F90
libesmf.so         00007F391968EE6B  esmf_gridcompinit        1564  ESMF_GridComp.F90
libesmf.so         00007F391A197015  loopmodelcompss          2794  NUOPC_Driver.F90
libesmf.so         00007F391A193BA8  initializeipdv02p        2607  NUOPC_Driver.F90
libesmf.so         00007F391A19085D  initializeipdv02p        2372  NUOPC_Driver.F90
libesmf.so         00007F391A168F0C  initializegeneric         509  NUOPC_Driver.F90
libesmf.so         00007F3918736295  callVFuncPtr             2192  ESMCI_FTable.C
libesmf.so         00007F3918735310  ESMCI_FTableCallE         849  ESMCI_FTable.C
libesmf.so         00007F3918BED4E0  enter                    2740  ESMCI_VMKernel.C
libesmf.so         00007F3918C0AE6A  enter                    1365  ESMCI_VM.C
libesmf.so         00007F3918736639  c_esmc_ftablecall        1006  ESMCI_FTable.C
libesmf.so         00007F39191248C9  c_esmc_ftablecall           0  ESMF_Comp.F90
libesmf.so         00007F3919116148  esmf_compexecute         1272  ESMF_Comp.F90
libesmf.so         00007F391968EE6B  esmf_gridcompinit        1564  ESMF_GridComp.F90
esmx_app           0000000000421D5E  esmx_app                  388  ESMX_App.F90
esmx_app           000000000041AACD  Unknown               Unknown  Unknown
libc.so.6          00007F391382CEEC  Unknown               Unknown  Unknown
libc.so.6          00007F391382CFB5  __libc_start_main     Unknown  Unknown
esmx_app           000000000041A9D1  Unknown               Unknown  Unknown
srun: error: c6n0036: task 0: Aborted (core dumped)
srun: Terminating StepId=221019355.407
[2026-09-10T04:06:44.262] error: *** STEP 221019355.407 ON c6n0036 CANCELLED AT 2026-09-10T04:06:44 DUE TO TASK FAILURE ***
forrtl: error (78): process killed (SIGTERM)
Image              PC                Routine            Line        Source             
libc.so.6          00007FE2D6C43980  Unknown               Unknown  Unknown
libc.so.6          00007FE2D6D001E7  __sched_yield         Unknown  Unknown
libmpi_intel.so.1  00007FE2D88863F8  Unknown               Unknown  Unknown
libmpi_intel.so.1  00007FE2D9470666  Unknown               Unknown  Unknown
libmpi_intel.so.1  00007FE2D9474B3F  Unknown               Unknown  Unknown
libmpi_intel.so.1  00007FE2D9600995  Unknown               Unknown  Unknown
libmpi_intel.so.1  00007FE2D96018CF  Unknown               Unknown  Unknown
libmpi_intel.so.1  00007FE2D939C682  Unknown               Unknown  Unknown
libmpi_intel.so.1  00007FE2D7CC1086  Unknown               Unknown  Unknown
libmpi_intel.so.1  00007FE2D7CC1141  Unknown               Unknown  Unknown
libmpi_intel.so.1  00007FE2D95FB223  Unknown               Unknown  Unknown
libmpi_intel.so.1  00007FE2D949CFD4  Unknown               Unknown  Unknown
libmpi_intel.so.1  00007FE2D949AFFE  Unknown               Unknown  Unknown
libmpi_intel.so.1  00007FE2D7F16011  Unknown               Unknown  Unknown
libmpi_intel.so.1  00007FE2D949F8BF  Unknown               Unknown  Unknown
libmpi_intel.so.1  00007FE2D9601925  Unknown               Unknown  Unknown
libmpi_intel.so.1  00007FE2D7DF936D  MPI_Bcast             Unknown  Unknown
esmx_app           00000000004A5A11  Unknown               Unknown  Unknown
esmx_app           00000000004A0442  Unknown               Unknown  Unknown
libesmf.so         00007FE2DBF95F52  openOneTileFile          1377  ESMCI_PIO_Handler.C
libesmf.so         00007FE2DBCD51CD  open                      743  ESMCI_IO_Handler.C
libesmf.so         00007FE2DBCDFAEB  open                      873  ESMCI_IO.C
libesmf.so         00007FE2DBCE196A  write                     495  ESMCI_IO.C
libesmf.so         00007FE2DBCD2B18  c_esmc_iowrite_           169  ESMCI_IO_F.C
libesmf.so         00007FE2DCDF72E9  c_esmc_iowrite_.t           0  ESMF_IO.F90
libesmf.so         00007FE2DCDF70DA  esmf_iowrite              519  ESMF_IO.F90
libesmf.so         00007FE2DCA9124D  esmf_fieldwrite           275  ESMF_FieldWr.F90
libesmf.so         00007FE2DD49A21C  nuopc_fieldwrite          305  NUOPC_Auxiliary.F90
libesmf.so         00007FE2DD49CBB1  nuopc_statewrite          496  NUOPC_Auxiliary.F90
esmx_app           0000000000457222  datainitialize           1845  ESMX_Data.F90
libesmf.so         00007FE2DBF4BF72  execute                   377  ESMCI_MethodTable.C
libesmf.so         00007FE2DBF4BB87  execute                   563  ESMCI_MethodTable.C
libesmf.so         00007FE2DBF4BDF2  c_esmc_methodtabl         347  ESMCI_MethodTable.C
libesmf.so         00007FE2DC298529  esmf_methodgridco        1280  ESMF_AttachMethods.F90
libesmf.so         00007FE2DD6C6000  initializeipdvxp0        1522  NUOPC_ModelBase.F90
libesmf.so         00007FE2DBBD2295  callVFuncPtr             2192  ESMCI_FTable.C
libesmf.so         00007FE2DBBD1310  ESMCI_FTableCallE         849  ESMCI_FTable.C
libesmf.so         00007FE2DC0894E0  enter                    2740  ESMCI_VMKernel.C
libesmf.so         00007FE2DC0A6E6A  enter                    1365  ESMCI_VM.C
libesmf.so         00007FE2DBBD2639  c_esmc_ftablecall        1006  ESMCI_FTable.C
libesmf.so         00007FE2DC5C08C9  c_esmc_ftablecall           0  ESMF_Comp.F90
libesmf.so         00007FE2DC5B2148  esmf_compexecute         1272  ESMF_Comp.F90
libesmf.so         00007FE2DCB2AE6B  esmf_gridcompinit        1564  ESMF_GridComp.F90
libesmf.so         00007FE2DD633015  loopmodelcompss          2794  NUOPC_Driver.F90
libesmf.so         00007FE2DD62FBA8  initializeipdv02p        2607  NUOPC_Driver.F90
libesmf.so         00007FE2DD62C85D  initializeipdv02p        2372  NUOPC_Driver.F90
libesmf.so         00007FE2DD604F0C  initializegeneric         509  NUOPC_Driver.F90
libesmf.so         00007FE2DBBD2295  callVFuncPtr             2192  ESMCI_FTable.C
libesmf.so         00007FE2DBBD1310  ESMCI_FTableCallE         849  ESMCI_FTable.C
libesmf.so         00007FE2DC0894E0  enter                    2740  ESMCI_VMKernel.C
libesmf.so         00007FE2DC0A6E6A  enter                    1365  ESMCI_VM.C
libesmf.so         00007FE2DBBD2639  c_esmc_ftablecall        1006  ESMCI_FTable.C
libesmf.so         00007FE2DC5C08C9  c_esmc_ftablecall           0  ESMF_Comp.F90
libesmf.so         00007FE2DC5B2148  esmf_compexecute         1272  ESMF_Comp.F90
libesmf.so         00007FE2DCB2AE6B  esmf_gridcompinit        1564  ESMF_GridComp.F90
esmx_app           0000000000421D5E  esmx_app                  388  ESMX_App.F90
esmx_app           000000000041AACD  Unknown               Unknown  Unknown
libc.so.6          00007FE2D6C2CEEC  Unknown               Unknown  Unknown
libc.so.6          00007FE2D6C2CFB5  __libc_start_main     Unknown  Unknown
esmx_app           000000000041A9D1  Unknown               Unknown  Unknown
forrtl: error (78): process killed (SIGTERM)
Image              PC                Routine            Line        Source             
libc.so.6          00007F64CA443980  Unknown               Unknown  Unknown
libc.so.6          00007F64CA5001E7  __sched_yield         Unknown  Unknown
libmpi_intel.so.1  00007F64CBFEA3F8  Unknown               Unknown  Unknown
libmpi_intel.so.1  00007F64CCBD4666  Unknown               Unknown  Unknown
libmpi_intel.so.1  00007F64CCBD8B3F  Unknown               Unknown  Unknown
libmpi_intel.so.1  00007F64CCD64995  Unknown               Unknown  Unknown
libmpi_intel.so.1  00007F64CCD658CF  Unknown               Unknown  Unknown
libmpi_intel.so.1  00007F64CCB00682  Unknown               Unknown  Unknown
libmpi_intel.so.1  00007F64CB425086  Unknown               Unknown  Unknown
libmpi_intel.so.1  00007F64CB425141  Unknown               Unknown  Unknown
libmpi_intel.so.1  00007F64CCD5F223  Unknown               Unknown  Unknown
libmpi_intel.so.1  00007F64CCC00FD4  Unknown               Unknown  Unknown
libmpi_intel.so.1  00007F64CCBFEFFE  Unknown               Unknown  Unknown
libmpi_intel.so.1  00007F64CB67A011  Unknown               Unknown  Unknown
libmpi_intel.so.1  00007F64CCC038BF  Unknown               Unknown  Unknown
libmpi_intel.so.1  00007F64CCD65925  Unknown               Unknown  Unknown
libmpi_intel.so.1  00007F64CB55D36D  MPI_Bcast             Unknown  Unknown
esmx_app           00000000004A5A11  Unknown               Unknown  Unknown
esmx_app           00000000004A0442  Unknown               Unknown  Unknown
libesmf.so         00007F64CF6F9F52  openOneTileFile          1377  ESMCI_PIO_Handler.C
libesmf.so         00007F64CF4391CD  open                      743  ESMCI_IO_Handler.C
libesmf.so         00007F64CF443AEB  open                      873  ESMCI_IO.C
libesmf.so         00007F64CF44596A  write                     495  ESMCI_IO.C
libesmf.so         00007F64CF436B18  c_esmc_iowrite_           169  ESMCI_IO_F.C
libesmf.so         00007F64D055B2E9  c_esmc_iowrite_.t           0  ESMF_IO.F90
libesmf.so         00007F64D055B0DA  esmf_iowrite              519  ESMF_IO.F90
libesmf.so         00007F64D01F524D  esmf_fieldwrite           275  ESMF_FieldWr.F90
libesmf.so         00007F64D0BFE21C  nuopc_fieldwrite          305  NUOPC_Auxiliary.F90
libesmf.so         00007F64D0C00BB1  nuopc_statewrite          496  NUOPC_Auxiliary.F90
esmx_app           0000000000457222  datainitialize           1845  ESMX_Data.F90
libesmf.so         00007F64CF6AFF72  execute                   377  ESMCI_MethodTable.C
libesmf.so         00007F64CF6AFB87  execute                   563  ESMCI_MethodTable.C
libesmf.so         00007F64CF6AFDF2  c_esmc_methodtabl         347  ESMCI_MethodTable.C
libesmf.so         00007F64CF9FC529  esmf_methodgridco        1280  ESMF_AttachMethods.F90
libesmf.so         00007F64D0E2A000  initializeipdvxp0        1522  NUOPC_ModelBase.F90
libesmf.so         00007F64CF336295  callVFuncPtr             2192  ESMCI_FTable.C
libesmf.so         00007F64CF335310  ESMCI_FTableCallE         849  ESMCI_FTable.C
libesmf.so         00007F64CF7ED4E0  enter                    2740  ESMCI_VMKernel.C
libesmf.so         00007F64CF80AE6A  enter                    1365  ESMCI_VM.C
libesmf.so         00007F64CF336639  c_esmc_ftablecall        1006  ESMCI_FTable.C
libesmf.so         00007F64CFD248C9  c_esmc_ftablecall           0  ESMF_Comp.F90
libesmf.so         00007F64CFD16148  esmf_compexecute         1272  ESMF_Comp.F90
libesmf.so         00007F64D028EE6B  esmf_gridcompinit        1564  ESMF_GridComp.F90
libesmf.so         00007F64D0D97015  loopmodelcompss          2794  NUOPC_Driver.F90
libesmf.so         00007F64D0D93BA8  initializeipdv02p        2607  NUOPC_Driver.F90
libesmf.so         00007F64D0D9085D  initializeipdv02p        2372  NUOPC_Driver.F90
libesmf.so         00007F64D0D68F0C  initializegeneric         509  NUOPC_Driver.F90
libesmf.so         00007F64CF336295  callVFuncPtr             2192  ESMCI_FTable.C
forrtl: error (78): process killed (SIGTERM)
Image              PC                Routine            Line        Source             
libc.so.6          00007FE3EA416980  Unknown               Unknown  Unknown
libc.so.6          00007FE3EA4D31E7  __sched_yield         Unknown  Unknown
libmpi_intel.so.1  00007FE3EBF573F8  Unknown               Unknown  Unknown
libmpi_intel.so.1  00007FE3ECB41666  Unknown               Unknown  Unknown
libmpi_intel.so.1  00007FE3ECB45B3F  Unknown               Unknown  Unknown
libmpi_intel.so.1  00007FE3ECCD1995  Unknown               Unknown  Unknown
libmpi_intel.so.1  00007FE3ECCD28CF  Unknown               Unknown  Unknown
libmpi_intel.so.1  00007FE3ECA6D682  Unknown               Unknown  Unknown
libmpi_intel.so.1  00007FE3EB392086  Unknown               Unknown  Unknown
libmpi_intel.so.1  00007FE3EB392141  Unknown               Unknown  Unknown
libmpi_intel.so.1  00007FE3ECCCC223  Unknown               Unknown  Unknown
libmpi_intel.so.1  00007FE3ECB6DFD4  Unknown               Unknown  Unknown
libmpi_intel.so.1  00007FE3ECB6BFFE  Unknown               Unknown  Unknown
libmpi_intel.so.1  00007FE3EB5E7011  Unknown               Unknown  Unknown
libmpi_intel.so.1  00007FE3ECB708BF  Unknown               Unknown  Unknown
libmpi_intel.so.1  00007FE3ECCD2925  Unknown               Unknown  Unknown
libmpi_intel.so.1  00007FE3EB4CA36D  MPI_Bcast             Unknown  Unknown
esmx_app           00000000004A5A11  Unknown               Unknown  Unknown
esmx_app           00000000004A0442  Unknown               Unknown  Unknown
libesmf.so         00007FE3EF666F52  openOneTileFile          1377  ESMCI_PIO_Handler.C
libesmf.so         00007FE3EF3A61CD  open                      743  ESMCI_IO_Handler.C
libesmf.so         00007FE3EF3B0AEB  open                      873  ESMCI_IO.C
libesmf.so         00007FE3EF3B296A  write                     495  ESMCI_IO.C
libesmf.so         00007FE3EF3A3B18  c_esmc_iowrite_           169  ESMCI_IO_F.C
libesmf.so         00007FE3F04C82E9  c_esmc_iowrite_.t           0  ESMF_IO.F90
libesmf.so         00007FE3F04C80DA  esmf_iowrite              519  ESMF_IO.F90
libesmf.so         00007FE3F016224D  esmf_fieldwrite           275  ESMF_FieldWr.F90
libesmf.so         00007FE3F0B6B21C  nuopc_fieldwrite          305  NUOPC_Auxiliary.F90
libesmf.so         00007FE3F0B6DBB1  nuopc_statewrite          496  NUOPC_Auxiliary.F90
esmx_app           0000000000457222  datainitialize           1845  ESMX_Data.F90
libesmf.so         00007FE3EF61CF72  execute                   377  ESMCI_MethodTable.C
libesmf.so         00007FE3EF61CB87  execute                   563  ESMCI_MethodTable.C
libesmf.so         00007FE3EF61CDF2  c_esmc_methodtabl         347  ESMCI_MethodTable.C
libesmf.so         00007FE3EF969529  esmf_methodgridco        1280  ESMF_AttachMethods.F90
libesmf.so         00007FE3F0D97000  initializeipdvxp0        1522  NUOPC_ModelBase.F90
libesmf.so         00007FE3EF2A3295  callVFuncPtr             2192  ESMCI_FTable.C
libesmf.so         00007FE3EF2A2310  ESMCI_FTableCallE         849  ESMCI_FTable.C
libesmf.so         00007FE3EF75A4E0  enter                    2740  ESMCI_VMKernel.C
libesmf.so         00007FE3EF777E6A  enter                    1365  ESMCI_VM.C
libesmf.so         00007FE3EF2A3639  c_esmc_ftablecall        1006  ESMCI_FTable.C
libesmf.so         00007FE3EFC918C9  c_esmc_ftablecall           0  ESMF_Comp.F90
libesmf.so         00007FE3EFC83148  esmf_compexecute         1272  ESMF_Comp.F90
libesmf.so         00007FE3F01FBE6B  esmf_gridcompinit        1564  ESMF_GridComp.F90
libesmf.so         00007FE3F0D04015  loopmodelcompss          2794  NUOPC_Driver.F90
libesmf.so         00007FE3F0D00BA8  initializeipdv02p        2607  NUOPC_Driver.F90
libesmf.so         00007FE3F0CFD85D  initializeipdv02p        2372  NUOPC_Driver.F90
libesmf.so         00007FE3F0CD5F0C  initializegeneric         509  NUOPC_Driver.F90
libesmf.so         00007FE3EF2A3295  callVFuncPtr             2192  ESMCI_FTable.C
libesmf.so         00007F64CF335310  ESMCI_FTableCallE         849  ESMCI_FTable.C
libesmf.so         00007F64CF7ED4E0  enter                    2740  ESMCI_VMKernel.C
libesmf.so         00007F64CF80AE6A  enter                    1365  ESMCI_VM.C
libesmf.so         00007F64CF336639  c_esmc_ftablecall        1006  ESMCI_FTable.C
libesmf.so         00007F64CFD248C9  c_esmc_ftablecall           0  ESMF_Comp.F90
libesmf.so         00007F64CFD16148  esmf_compexecute         1272  ESMF_Comp.F90
libesmf.so         00007F64D028EE6B  esmf_gridcompinit        1564  ESMF_GridComp.F90
esmx_app           0000000000421D5E  esmx_app                  388  ESMX_App.F90
esmx_app           000000000041AACD  Unknown               Unknown  Unknown
libc.so.6          00007F64CA42CEEC  Unknown               Unknown  Unknown
libc.so.6          00007F64CA42CFB5  __libc_start_main     Unknown  Unknown
esmx_app           000000000041A9D1  Unknown               Unknown  Unknown
libesmf.so         00007FE3EF2A2310  ESMCI_FTableCallE         849  ESMCI_FTable.C
libesmf.so         00007FE3EF75A4E0  enter                    2740  ESMCI_VMKernel.C
libesmf.so         00007FE3EF777E6A  enter                    1365  ESMCI_VM.C
libesmf.so         00007FE3EF2A3639  c_esmc_ftablecall        1006  ESMCI_FTable.C
libesmf.so         00007FE3EFC918C9  c_esmc_ftablecall           0  ESMF_Comp.F90
libesmf.so         00007FE3EFC83148  esmf_compexecute         1272  ESMF_Comp.F90
libesmf.so         00007FE3F01FBE6B  esmf_gridcompinit        1564  ESMF_GridComp.F90
esmx_app           0000000000421D5E  esmx_app                  388  ESMX_App.F90
esmx_app           000000000041AACD  Unknown               Unknown  Unknown
libc.so.6          00007FE3EA3FFEEC  Unknown               Unknown  Unknown
libc.so.6          00007FE3EA3FFFB5  __libc_start_main     Unknown  Unknown
esmx_app           000000000041A9D1  Unknown               Unknown  Unknown
srun: error: c6n0036: tasks 1-3: Exited with exit code 1
