2026-09-22 04:48:48
 recvData for PET             0 :             1
 recvData for PET             0 :             2
 recvData for PET             0 :             3
 recvData for PET             0 :             4
 recvData for PET             0 :             5
 recvData for PET             0 :             6
 recvData for PET             0 :             7
 recvData for PET             0 :             8
 recvData for PET             0 :             9
 recvData for PET             0 :            10
 recvData for PET             0 :       2478678
 recvData for PET             0 :         21870
 recvData for PET             0 :       2479191
 recvData for PET             0 :         21870
 recvData for PET             0 :       2479217
 recvData for PET             0 :         21870
 recvData for PET             0 :       2479253
 recvData for PET             0 :         21870
 recvData for PET             0 :       2479286
 recvData for PET             0 :         21870
 recvData for PET             0 :       2479346
 recvData for PET             0 :         21870
 recvData for PET             0 :       2479356
 recvData for PET             0 :         21870
 recvData for PET             0 :       2480536
 recvData for PET             0 :         21870
 recvData for PET             0 :       2480563
 recvData for PET             0 :         21870
 recvData for PET             0 :       2480571
 recvData for PET             0 :         21870
 recvData for PET             0 :       2480591
 recvData for PET             0 :         21870
 recvData for PET             0 :       2480594
 recvData for PET             0 :         21870
 recvData for PET             0 :       2480612
 recvData for PET             0 :         21870
 recvData for PET             0 :       2480613
 recvData for PET             0 :         21870
 recvData for PET             0 :       2480634
 recvData for PET             0 :         21870
  PASS  Example ESMF_VMHigherRankDataEx, ESMF_VMHigherRankDataEx.F90, line 140
 PASS: ESMF_VMHigherRankDataEx.F90
